W/ContextImpl(22348): Calling a method in the system process without a qualified user: android.app.ContextImpl.startService:1824 android.content.ContextWrapper.startService:515 android.content.ContextWrapper.startService:515 com.htc.htcpowermanager.extremepowersaver.ExtremePowerSaverReceiver.onReceive:67 android.app.ActivityThread.handleReceiver:2712 

W/ContextImpl(15498): Calling a method in the system process without a qualified user: android.app.ContextImpl.stopService:1830 android.content.ContextWrapper.stopService:520 android.content.ContextWrapper.stopService:520 com.android.settings.NSReceiver.onReceive:192 android.app.ActivityThread.handleReceiver:2712 

W/ContextImpl(15498): Calling a method in the system process without a qualified user: android.app.ContextImpl.sendBroadcast:1459 android.content.ContextWrapper.sendBroadcast:376 android.content.ContextWrapper.sendBroadcast:376 com.android.settings.NSReceiver.onReceive:194 android.app.ActivityThread.handleReceiver:2712 

W/ContextImpl(15498): Calling a method in the system process without a qualified user: android.app.ContextImpl.startService:1824 android.content.ContextWrapper.startService:515 android.content.ContextWrapper.startService:515 com.android.settings.ChargeOnlyReceiver.onReceive:24 android.app.ActivityThread.handleReceiver:2712 

V/AlarmManager(  967): sending alarm PendingIntent{903b2a5: PendingIntentRecord{79f867a android broadcastIntent}}, i=com.android.server.WifiManager.action.START_SCAN, t=1, cnt=1, w=1450259019698, Int=20000

V/AlarmManager(  967): sending alarm PendingIntent{2485fe45: PendingIntentRecord{ee4799a air.fyzb3 broadcastIntent}}, i=fyzb.alam.action, t=3, cnt=1, w=151363300, Int=60000

V/AlarmManager(  967): sending alarm PendingIntent{e9e599e: PendingIntentRecord{3f9def9c com.dangdang.buy2 broadcastIntent}}, i=io.rong.push.HeartBeat, t=3, cnt=1, w=151363408, Int=0

V/AlarmManager(  967): sending alarm PendingIntent{26ee7c7f: PendingIntentRecord{efa91e com.taobao.taobao broadcastIntent}}, i=anetwork.channel.intent.action.COMMAND, t=3, cnt=1, w=151363411, Int=0

D/PMS     (  967): acquireWL(860f938): PARTIAL_WAKE_LOCK  MailServicePowerLock_0 0x1 22460 10111 null

V/AlarmManager(  967): sending alarm PendingIntent{3efdfe76: PendingIntentRecord{3af17c77 com.htc.launcher startService}}, i=com.htc.BiLogClient.ACTION_SEND_LOG, t=3, cnt=84, w=900000, Int=1800000

V/AlarmManager(  967): sending alarm PendingIntent{27c870e4: PendingIntentRecord{32472719 com.htc.htcpowermanager broadcastIntent}}, i=com.htc.htcpowermanager.action.CALC_POWER, t=1, cnt=1, w=1450259020690, Int=0

W/ContextImpl(22348): Calling a method in the system process without a qualified user: android.app.ContextImpl.startService:1824 android.content.ContextWrapper.startService:515 android.content.ContextWrapper.startService:515 com.htc.htcpowermanager.smartsync.SmartSyncDataLinkTurnOffReceiver.onReceive:22 android.app.ActivityThread.handleReceiver:2712 

W/ActivityManager(  967): getTasks: caller 10324 does not hold GET_TASKS; limiting output

V/AlarmManager(  967): sending alarm PendingIntent{19f76913: PendingIntentRecord{21e818f6 com.htc.zero startService}}, i=com.htc.BiLogClient.ACTION_SEND_LOG, t=3, cnt=84, w=900000, Int=1800000

D/PMS     (  967): acquireWL(80db750): PARTIAL_WAKE_LOCK  StartBackgroundProcessing 0x1 22635 10053 null

D/PMS     (  967): releaseWL(860f938): PARTIAL_WAKE_LOCK  MailServicePowerLock_0 0x1 null

D/PMS     (  967): acquireWL(dcdc505): PARTIAL_WAKE_LOCK  ShoeboxComputing 0x1 22635 10053 null

D/WifiDisplayAdapter(  967): getWifiDisplayStatusLocked: result=WifiDisplayStatus{featureState=3, scanState=0, activeDisplayState=0, activeDisplay=null, displays=[], sessionInfo=WifiDisplaySessionInfo:

D/WifiDisplayAdapter(  967):     Client/Owner: Client

D/WifiDisplayAdapter(  967):     GroupId: 

D/WifiDisplayAdapter(  967):     Passphrase: 

D/WifiDisplayAdapter(  967):     SessionId: 0

D/WifiDisplayAdapter(  967):     IP Address: }

D/PMS     (  967): acquireWL(3cf0e78b): PARTIAL_WAKE_LOCK  wake:com.dangdang.buy2/io.rong.push.PushService 0x1 15350 10139 null

D/ActivityManager(  967): deliveredStarts size = 301, ServiceRecord{3c937711 u0 com.dangdang.buy2/io.rong.push.PushService}

D/PMS     (  967): releaseWL(3cf0e78b): PARTIAL_WAKE_LOCK  wake:com.dangdang.buy2/io.rong.push.PushService 0x1 null

W/ActivityManager(  967): getTasks: caller 10183 does not hold GET_TASKS; limiting output

W/ActivityManager(  967): getTasks: caller 10183 does not hold GET_TASKS; limiting output

W/ActivityManager(  967): getTasks: caller 10183 does not hold GET_TASKS; limiting output

W/ActivityManager(  967): getTasks: caller 10183 does not hold GET_TASKS; limiting output

W/ActivityManager(  967): getTasks: caller 10183 does not hold GET_TASKS; limiting output

W/ContextImpl(22348): Calling a method in the system process without a qualified user: android.app.ContextImpl.startService:1824 android.content.ContextWrapper.startService:515 android.content.ContextWrapper.startService:515 com.htc.htcpowermanager.battery.PowerUsageReceiver.onReceive:13 android.app.ActivityThread.handleReceiver:2712 

D/PMS     (  967): releaseWL(3d670e1a): PARTIAL_WAKE_LOCK  *alarm* 0x1 WorkSource{1000}

D/PMS     (  967): releaseWL(80db750): PARTIAL_WAKE_LOCK  StartBackgroundProcessing 0x1 null

D/PMS     (  967): releaseWL(dcdc505): PARTIAL_WAKE_LOCK  ShoeboxComputing 0x1 null

D/WifiService(  967): New client listening to asynchronous messages

I/ActivityManager(  967): Cannot resolve ContentProvider=com.huawei.android.launcher.settings

E/ActivityThread(22420): Failed to find provider info for com.huawei.android.launcher.settings

I/ActivityManager(  967): Cannot resolve ContentProvider=com.android.badge

E/ActivityThread(22420): Failed to find provider info for com.android.badge

W/ContextImpl(  967): Calling a method in the system process without a qualified user: android.app.ContextImpl.sendBroadcast:1459 com.android.server.wifi.WifiStateMachine.sendDongleScanResultsAvailableBroadcast:14114 com.android.server.wifi.WifiStateMachine.handleMediaLinkEvent:14279 com.android.server.wifi.WifiStateMachine.access$5800:265 com.android.server.wifi.WifiStateMachine$SupplicantStartedState.processMessage:8070 

I/ActivityManager(  967): Waited long enough for: ServiceRecord{28c5d275 u0 com.tencent.mm/.modelfriend.AddrBookObserver$AddrBookService}

I/ActivityManager(  967): Killing 22614:sogou.mobile.explorer.hotwords/u0a172 (adj 15): empty #17

I/ActivityManager(  967): Recipient 22614

D/WifiService(  967): Client connection lost with reason: 4

W/ActivityManager(  967): getTasks: caller 10317 does not hold GET_TASKS; limiting output

W/ActivityManager(  967): getTasks: caller 10317 does not hold GET_TASKS; limiting output

D/StatusBarManagerService(  967): setSystemUiVisibility(0x40000700)

D/StatusBarManagerService(  967): manageDisableList userId=0 what=0x0 pkg=WindowManager.LayoutParams

D/StatusBarManagerService(  967): hiding MENU key

W/InputMethodManagerService(  967): Window already focused, ignoring focus gain of: com.android.internal.view.IInputMethodClient$Stub$Proxy@33cec97b attribute=null, token = android.os.BinderProxy@136ece85, client pid=3397, inputType=0x(null)

I/ActivityManager(  967): Killing 22420:com.tencent.mm/u0a251 (adj 15): empty #17

I/ActivityManager(  967): Recipient 22420

D/WifiService(  967): Client connection lost with reason: 4

D/PMS     (  967): acquireHCC(20917398): CPU_MIN_FREQ SystemUIScroll_4.0 0x2000 2788 10196 null

D/PMS     (  967): acquireHCC(2eb6b7f1): CPU_MIN_NUM SystemUIScroll_4.0 0x8000 2788 10196 null

D/PMS     (  967): releaseHCC(20917398): CPU_MIN_FREQ SystemUIScroll_4.0 0x2000 null

D/PMS     (  967): releaseHCC(2eb6b7f1): CPU_MIN_NUM SystemUIScroll_4.0 0x8000 null

I/ActivityManager(  967): Waited long enough for: ServiceRecord{3c3142e5 u0 com.htc.android.mail/.eassvc.EASAppSvc}

I/ActivityManager(  967): Start proc com.tencent.mm for service com.tencent.mm/.modelfriend.AddrBookObserver$AddrBookService: pid=23038 uid=10251 gids={50251, 9997, 3003, 1028, 1015, 3002, 3001} abi=armeabi

I/ActivityManager(  967): Cannot resolve ContentProvider=com.tencent.mm.coolassist.debugprovider

E/ActivityThread(23038): Failed to find provider info for com.tencent.mm.coolassist.debugprovider

W/ActivityManager(  967): getTasks: caller 10251 does not hold GET_TASKS; limiting output

I/PackageManager(  967):  setEnabledSetting(), pkgName=com.tencent.mm, clsName=com.tencent.mm.plugin.nfc_open.ui.NfcWebViewUI, state=2, flag=1, pid=23038, uid=10251, userID:0

D/WifiService(  967): New client listening to asynchronous messages

I/ActivityManager(  967): Cannot resolve ContentProvider=com.huawei.android.launcher.settings

E/ActivityThread(23038): Failed to find provider info for com.huawei.android.launcher.settings

I/ActivityManager(  967): Cannot resolve ContentProvider=com.android.badge

E/ActivityThread(23038): Failed to find provider info for com.android.badge

W/ActivityManager(  967): getTasks: caller 10005 does not hold GET_TASKS; limiting output

I/ActivityManager(  967): Killing 22594:com.htc.mobiledata/u0a70 (adj 15): empty #17

I/ActivityManager(  967): Recipient 22594

I/ActivityManager(  967): Start proc com.alibaba.work.android for service com.alibaba.work.android/com.alibaba.phone.util.CallService: pid=23143 uid=10304 gids={50304, 9997, 1028, 1015, 3002, 3001, 3003} abi=armeabi

D/WifiService(  967): New client listening to asynchronous messages

W/ActivityManager(  967): getTasks: caller 10183 does not hold GET_TASKS; limiting output

D/PMS     (  967): acquireWL(323d5d27): PARTIAL_WAKE_LOCK  *alarm* 0x40000001 967 1000 WorkSource{1000}

V/AlarmManager(  967): sending alarm PendingIntent{284a73eb: PendingIntentRecord{29c72548 android broadcastIntent}}, i=android.intent.action.TIME_TICK, t=3, cnt=1, w=151382805, Int=0

D/PMS     (  967): releaseWL(323d5d27): PARTIAL_WAKE_LOCK  *alarm* 0x40000001 WorkSource{1000}

W/ActivityManager(  967): Unable to start service Intent { act=mtopsdk.xstate.a.a pkg=com.alibaba.work.android } U=0: not found

W/ActivityManager(  967): getTasks: caller 10304 does not hold GET_TASKS; limiting output

W/ActivityManager(  967): getTasks: caller 10304 does not hold GET_TASKS; limiting output

I/ActivityManager(  967): Start proc com.alibaba.work.android:push for service com.alibaba.work.android/.TaobaoIntentService: pid=23225 uid=10304 gids={50304, 9997, 1028, 1015, 3002, 3001, 3003} abi=armeabi

D/WifiService(  967): New client listening to asynchronous messages

W/ActivityManager(  967): Unable to start service Intent { act=mtopsdk.xstate.a.a pkg=com.alibaba.work.android } U=0: not found

W/ActivityManager(  967): getTasks: caller 10157 does not hold GET_TASKS; limiting output

W/ActivityManager(  967): getTasks: caller 10157 does not hold GET_TASKS; limiting output

W/ActivityManager(  967): getTasks: caller 10157 does not hold GET_TASKS; limiting output

W/ActivityManager(  967): getTasks: caller 10157 does not hold GET_TASKS; limiting output

I/PackageManager(  967):  setEnabledSetting(), pkgName=com.alibaba.work.android, clsName=com.taobao.agoo.ElectionReceiver, state=1, flag=1, pid=23225, uid=10304, userID:0

I/ActivityManager(  967): Start proc com.yunos.tvhelper:push for service com.yunos.tvhelper/com.taobao.agoo.PushService: pid=23328 uid=10158 gids={50158, 9997, 3003, 1028, 1015, 3002} abi=armeabi

I/PackageManager(  967):  setEnabledSetting(), pkgName=com.alibaba.work.android, clsName=com.taobao.agoo.ElectionReceiver, state=1, flag=1, pid=23225, uid=10304, userID:0

I/ActivityManager(  967): Killing 22706:com.htc.cs.dm/u0a32 (adj 15): empty #17

I/ActivityManager(  967): Recipient 22706

D/WifiService(  967): New client listening to asynchronous messages

I/ActivityManager(  967): Start proc com.yunos.tvhelper for service com.yunos.tvhelper/mtopsdk.xstate.XStateService: pid=23367 uid=10158 gids={50158, 9997, 3003, 1028, 1015, 3002} abi=armeabi

D/WifiService(  967): New client listening to asynchronous messages

W/ActivityManager(  967): getTasks: caller 10158 does not hold GET_TASKS; limiting output

W/ActivityManager(  967): getTasks: caller 10158 does not hold GET_TASKS; limiting output

W/ActivityManager(  967): getTasks: caller 10158 does not hold GET_TASKS; limiting output

I/PackageManager(  967):  setEnabledSetting(), pkgName=com.yunos.tvhelper, clsName=com.taobao.agoo.PushService, state=2, flag=1, pid=23328, uid=10158, userID:0

W/BackupManagerService(  967): dataChanged but no participant pkg='com.android.providers.settings' uid=10158

I/PackageManager(  967):  setEnabledSetting(), pkgName=com.yunos.tvhelper, clsName=com.taobao.agoo.ElectionReceiver, state=2, flag=1, pid=23328, uid=10158, userID:0

D/PMS     (  967): acquireWL(383c2fa9): PARTIAL_WAKE_LOCK  *alarm* 0x1 967 1000 WorkSource{1000}

D/WifiDisplayAdapter(  967): getWifiDisplayStatusLocked: result=WifiDisplayStatus{featureState=3, scanState=0, activeDisplayState=0, activeDisplay=null, displays=[], sessionInfo=WifiDisplaySessionInfo:

D/WifiDisplayAdapter(  967):     Client/Owner: Client

D/WifiDisplayAdapter(  967):     GroupId: 

D/WifiDisplayAdapter(  967):     Passphrase: 

D/WifiDisplayAdapter(  967):     SessionId: 0

D/WifiDisplayAdapter(  967):     IP Address: }

V/AlarmManager(  967): sending alarm PendingIntent{903b2a5: PendingIntentRecord{79f867a android broadcastIntent}}, i=com.android.server.WifiManager.action.START_SCAN, t=1, cnt=1, w=1450259039698, Int=20000

V/AlarmManager(  967): sending alarm PendingIntent{ddbf92e: PendingIntentRecord{14294ccf com.yunos.tvhelper broadcastIntent}}, i=agoo_action_re_connect, t=1, cnt=1, w=1450259045226, Int=0

D/PMS     (  967): releaseWL(383c2fa9): PARTIAL_WAKE_LOCK  *alarm* 0x1 WorkSource{10158}

W/BackupManagerService(  967): dataChanged but no participant pkg='com.android.providers.settings' uid=10158

W/ActivityManager(  967): Unable to start service Intent { act=org.android.agoo.client.ElectionReceiverService pkg=com.yunos.tvhelper } U=0: not found

I/PackageManager(  967):  setEnabledSetting(), pkgName=com.yunos.tvhelper, clsName=com.taobao.agoo.ElectionReceiver, state=2, flag=1, pid=23328, uid=10158, userID:0

W/ActivityManager(  967): Unable to start service Intent { act=com.yunos.tvhelper.intent.action.START pkg=com.yunos.tvhelper (has extras) } U=0: not found

I/ActivityManager(  967): Killing 15498:com.android.settings/1000 (adj 15): empty #17

I/ActivityManager(  967): Recipient 15498

D/WifiService(  967): Client connection lost with reason: 4

I/ActivityManager(  967): Killing 22918:com.fd.httpd/u0a177 (adj 15): empty #18

I/ActivityManager(  967): Recipient 22918

D/PMS     (  967): acquireWL(194f09de): PARTIAL_WAKE_LOCK  WakerLock:9231939 0x1 9399 10251 null

D/PMS     (  967): acquireWL(194f09de): PARTIAL_WAKE_LOCK  WakerLock:9231939 0x1 9399 10251 null

D/PMS     (  967): acquireWL(194f09de): PARTIAL_WAKE_LOCK  WakerLock:9231939 0x1 9399 10251 null

D/PMS     (  967): acquireWL(1b5d07bf): PARTIAL_WAKE_LOCK  WakerLock:383870188 0x1 9399 10251 null

D/PMS     (  967): acquireWL(1b5d07bf): PARTIAL_WAKE_LOCK  WakerLock:383870188 0x1 9399 10251 null

D/PMS     (  967): acquireWL(1b5d07bf): PARTIAL_WAKE_LOCK  WakerLock:383870188 0x1 9399 10251 null

D/PMS     (  967): acquireWL(1b5d07bf): PARTIAL_WAKE_LOCK  WakerLock:383870188 0x1 9399 10251 null

I/PackageManager(  967):  setEnabledSetting(), pkgName=com.tencent.mm, clsName=com.tencent.mm.plugin.nfc_open.ui.NfcWebViewUI, state=2, flag=1, pid=23038, uid=10251, userID:0

D/PMS     (  967): acquireWL(194f09de): PARTIAL_WAKE_LOCK  WakerLock:9231939 0x1 9399 10251 null

D/PMS     (  967): acquireWL(194f09de): PARTIAL_WAKE_LOCK  WakerLock:9231939 0x1 9399 10251 null

D/PMS     (  967): acquireWL(1b5d07bf): PARTIAL_WAKE_LOCK  WakerLock:383870188 0x1 9399 10251 null

D/PMS     (  967): acquireWL(1b5d07bf): PARTIAL_WAKE_LOCK  WakerLock:383870188 0x1 9399 10251 null

D/PMS     (  967): acquireWL(1b5d07bf): PARTIAL_WAKE_LOCK  WakerLock:383870188 0x1 9399 10251 null

D/PMS     (  967): acquireWL(1b5d07bf): PARTIAL_WAKE_LOCK  WakerLock:383870188 0x1 9399 10251 null

D/PMS     (  967): releaseWL(1b5d07bf): PARTIAL_WAKE_LOCK  WakerLock:383870188 0x1 null

D/PMS     (  967): releaseWL(194f09de): PARTIAL_WAKE_LOCK  WakerLock:9231939 0x1 null

D/PMS     (  967): acquireWL(3bb2ae8c): PARTIAL_WAKE_LOCK  WakerLock:383870188 0x1 9399 10251 null

D/PMS     (  967): releaseWL(3bb2ae8c): PARTIAL_WAKE_LOCK  WakerLock:383870188 0x1 null

I/ActivityManager(  967): Killing 22373:com.nero.android.htc.sync/u0a77 (adj 15): empty #17

I/ActivityManager(  967): Recipient 22373

D/WifiService(  967): Client connection lost with reason: 4

D/PMS     (  967): acquireWL(288b29d5): PARTIAL_WAKE_LOCK  *alarm* 0x1 967 1000 WorkSource{10299}

V/AlarmManager(  967): sending alarm PendingIntent{19bde5ea: PendingIntentRecord{ee460db com.netease.newsreader.activity startService}}, i=netease.pomelo.news.push.messageservice_V1, t=1, cnt=1, w=1450259050858, Int=0

D/PMS     (  967): releaseWL(288b29d5): PARTIAL_WAKE_LOCK  *alarm* 0x1 WorkSource{10299}

D/PMS     (  967): acquireWL(31222778): PARTIAL_WAKE_LOCK  com.netease.pushservice.core.PushServiceNews_V1 0x1 18397 10299 null

D/PMS     (  967): releaseWL(31222778): PARTIAL_WAKE_LOCK  com.netease.pushservice.core.PushServiceNews_V1 0x1 null

D/PMS     (  967): acquireWL(12618e51): PARTIAL_WAKE_LOCK  *alarm* 0x1 967 1000 WorkSource{10172}

V/AlarmManager(  967): sending alarm PendingIntent{3f567e27: PendingIntentRecord{b6dc8d4 com.sohu.inputmethod.sogou broadcastIntent}}, i=sogou.action.send.internet.requests, t=1, cnt=1, w=1450259051847, Int=86400000

D/PMS     (  967): releaseWL(12618e51): PARTIAL_WAKE_LOCK  *alarm* 0x1 WorkSource{10172}

D/PMS     (  967): acquireWL(3ae14842): PARTIAL_WAKE_LOCK  *alarm* 0x1 967 1000 WorkSource{10300}

V/AlarmManager(  967): sending alarm PendingIntent{1afc1053: PendingIntentRecord{c096e3f cmb.pb broadcastIntent}}, i=com.xiaomi.push.PING_TIMER, t=0, cnt=1, w=1450259053611, Int=0

D/PMS     (  967): releaseWL(3ae14842): PARTIAL_WAKE_LOCK  *alarm* 0x1 WorkSource{10300}

W/ActivityManager(  967): getTasks: caller 10157 does not hold GET_TASKS; limiting output

I/ActivityManager(  967): Start proc com.htc.sense.socialplugins for broadcast com.htc.sense.weiboplugin/.SSnsReceiver: pid=23592 uid=10061 gids={50061, 9997, 3003, 1028, 1015, 1023} abi=armeabi-v7a

I/ActivityManager(  967): Killing 22460:com.htc.android.mail:sync/u0a111 (adj 15): empty #17

I/ActivityManager(  967): Recipient 22460

D/WifiService(  967): Client connection lost with reason: 4

I/ActivityManager(  967): Start proc com.android.settings for broadcast com.android.settings/.fpquicklaunch.HtcFingerPrintReceiver: pid=23622 uid=1000 gids={41000, 9997, 3002, 3001, 3003, 1028, 1015, 5001, 5011, 3006, 1007, 1023, 5006} abi=armeabi-v7a

W/ResourcesManager(  967): Asset path '/system/framework/android.test.runner.jar' does not exist or contains no resources.

I/ActivityManager(  967): Killing 22485:com.htc.launcher:biclient/u0a122 (adj 15): empty #17

I/ActivityManager(  967): Recipient 22485

W/ResourcesManager( 3397): Asset path '/system/framework/android.test.runner.jar' does not exist or contains no resources.

D/PMS     (  967): acquireWL(29fe7c26): PARTIAL_WAKE_LOCK  *alarm* 0x1 967 1000 WorkSource{1000}

D/WifiDisplayAdapter(  967): getWifiDisplayStatusLocked: result=WifiDisplayStatus{featureState=3, scanState=0, activeDisplayState=0, activeDisplay=null, displays=[], sessionInfo=WifiDisplaySessionInfo:

D/WifiDisplayAdapter(  967):     Client/Owner: Client

D/WifiDisplayAdapter(  967):     GroupId: 

D/WifiDisplayAdapter(  967):     Passphrase: 

D/WifiDisplayAdapter(  967):     SessionId: 0

D/WifiDisplayAdapter(  967):     IP Address: }

V/AlarmManager(  967): sending alarm PendingIntent{903b2a5: PendingIntentRecord{79f867a android broadcastIntent}}, i=com.android.server.WifiManager.action.START_SCAN, t=1, cnt=1, w=1450259059698, Int=20000

D/PMS     (  967): releaseWL(29fe7c26): PARTIAL_WAKE_LOCK  *alarm* 0x1 WorkSource{1000}

W/ProcessCpuTracker(  967): Skipping unknown process pid 23686

D/PMS     (  967): acquireWL(1692a067): PARTIAL_WAKE_LOCK  BatteryServiceUpdateStats_3 0x1 967 1000 null

I/BatteryService(  967): n_update end

D/NotificationService(  967): plugged=true pluggin=true

D/PowerUI ( 2788): closing low battery warning: level=80

D/WifiController(  967): battery changed pluggedType: 2

D/HtcPowerSaver(  967): updateBatteryInfo

D/PMS     (  967): releaseWL(1692a067): PARTIAL_WAKE_LOCK  BatteryServiceUpdateStats_3 0x1 null

D/PowerUI ( 2788): plugged = true, health = 2, mBatteryLevel = 80, mPluggedBatteryLevel = 80, mLowBatteryWarningLevel2 = 25, mshowLowChargingWarning2 = true

D/PMS     (  967): runPSCheck

D/HtcPowerSaver(  967): Checking...

I/HtcPowerSaver(  967): >> updateStatus

I/HtcPowerSaver(  967): updateStatus (8000,80,-1,false,false,false,-1)

I/HtcPowerSaver(  967): << updateStatus

D/PMS     (  967): acquireWL(3ff7de14): PARTIAL_WAKE_LOCK  *alarm* 0x1 967 1000 WorkSource{10183}

V/AlarmManager(  967): sending alarm PendingIntent{19abd6bd: PendingIntentRecord{efa91e com.taobao.taobao broadcastIntent}}, i=anetwork.channel.intent.action.COMMAND, t=3, cnt=1, w=151408876, Int=0

D/PMS     (  967): releaseWL(3ff7de14): PARTIAL_WAKE_LOCK  *alarm* 0x1 WorkSource{10183}

W/ActivityManager(  967): getTasks: caller 10183 does not hold GET_TASKS; limiting output

W/ActivityManager(  967): getTasks: caller 10183 does not hold GET_TASKS; limiting output

W/ActivityManager(  967): getTasks: caller 10183 does not hold GET_TASKS; limiting output

W/ActivityManager(  967): getTasks: caller 10183 does not hold GET_TASKS; limiting output

W/ActivityManager(  967): getTasks: caller 10183 does not hold GET_TASKS; limiting output

D/PMS     (  967): acquireWL(2497ceae): PARTIAL_WAKE_LOCK  *alarm* 0x1 967 1000 WorkSource{10324}

V/AlarmManager(  967): sending alarm PendingIntent{1e30344f: PendingIntentRecord{2c9c0718 com.eg.android.AlipayGphone broadcastIntent}}, i=com.eg.android.AlipayGphone.push.action.CHECK, t=0, cnt=1, w=1450259077633, Int=0

W/ActivityManager(  967): getTasks: caller 10324 does not hold GET_TASKS; limiting output

D/PMS     (  967): releaseWL(2497ceae): PARTIAL_WAKE_LOCK  *alarm* 0x1 WorkSource{10324}

W/ActivityManager(  967): Unable to start service Intent { act=org.rome.sdk.IPP_CALL cmp=com.taobao.trip/com.alipay.pushsdk.push.AppInfoRecvIntentService } U=0: not found

W/ActivityManager(  967): getTasks: caller 10324 does not hold GET_TASKS; limiting output

I/PackageManager(  967):  setEnabledSetting(), pkgName=com.htc.zero, clsName=com.baidu.android.pushservice.PushService, state=2, flag=1, pid=22559, uid=10053, userID:0

I/PackageManager(  967):  setEnabledSetting(), pkgName=com.htc.zero, clsName=com.baidu.android.pushservice.PushServiceReceiver, state=2, flag=1, pid=22559, uid=10053, userID:0

I/PackageManager(  967):  setEnabledSetting(), pkgName=com.htc.zero, clsName=com.baidu.android.pushservice.RegistrationReceiver, state=2, flag=1, pid=22559, uid=10053, userID:0

D/PMS     (  967): acquireWL(3f6b3f5e): PARTIAL_WAKE_LOCK  *alarm* 0x1 967 1000 WorkSource{10251}

V/AlarmManager(  967): sending alarm PendingIntent{204a08c8: PendingIntentRecord{20e2dd61 com.tencent.mm broadcastIntent}}, i=null, t=0, cnt=1, w=1450259074939, Int=900000

V/AlarmManager(  967): sending alarm PendingIntent{358539b5: PendingIntentRecord{384ce84a com.tencent.mm broadcastIntent}}, i=com.tencent.mm.TrafficStatsReceiver, t=3, cnt=1, w=151419672, Int=300000

V/AlarmManager(  967): sending alarm PendingIntent{903b2a5: PendingIntentRecord{79f867a android broadcastIntent}}, i=com.android.server.WifiManager.action.START_SCAN, t=1, cnt=1, w=1450259079698, Int=20000

V/AlarmManager(  967): sending alarm PendingIntent{2485fe45: PendingIntentRecord{ee4799a air.fyzb3 broadcastIntent}}, i=fyzb.alam.action, t=3, cnt=1, w=151423300, Int=60000

D/WifiDisplayAdapter(  967): getWifiDisplayStatusLocked: result=WifiDisplayStatus{featureState=3, scanState=0, activeDisplayState=0, activeDisplay=null, displays=[], sessionInfo=WifiDisplaySessionInfo:

D/WifiDisplayAdapter(  967):     Client/Owner: Client

D/WifiDisplayAdapter(  967):     GroupId: 

D/WifiDisplayAdapter(  967):     Passphrase: 

D/WifiDisplayAdapter(  967):     SessionId: 0

D/WifiDisplayAdapter(  967):     IP Address: }

D/PMS     (  967): releaseWL(3f6b3f5e): PARTIAL_WAKE_LOCK  *alarm* 0x1 WorkSource{10157}

D/PMS     (  967): acquireHCC(3b91c3c3): CPU_MIN_NUM PrismLaunchActivity_4 0x8000 3397 10122 null

D/PMS     (  967): acquireHCC(3287f440): CPU_MIN_FREQ PrismLaunchActivity_4 0x2000 3397 10122 null

I/ActivityManager(  967): START u0 {act=android.intent.action.MAIN cat=[android.intent.category.LAUNCHER] flg=0x10200000 cmp=com.htc.contacts/.DialerTabActivity bnds=[47,1687][245,1987]} from uid 10122 pid 3397 on display 0

D/PMS     (  967): acquireWL(19ceaf79): PARTIAL_WAKE_LOCK  ActivityManager-Launch 0x1 967 1000 null

D/StatusBarManagerService(  967): setSystemUiVisibility(0x0)

D/StatusBarManagerService(  967): manageDisableList userId=0 what=0x0 pkg=WindowManager.LayoutParams

D/StatusBarManagerService(  967): hiding MENU key

I/ActivityManager(  967): Cannot resolve ContentProvider=com.htc.vowifi

E/ActivityThread(21400): Failed to find provider info for com.htc.vowifi

I/InputMethodManagerService(  967): Disable input method client, pid=3397

D/StatusBarManagerService(  967): swetImeWindowStatus vis=0 backDisposition=0

D/PMS     (  967): releaseHCC(3b91c3c3): CPU_MIN_NUM PrismLaunchActivity_4 0x8000 null

D/PMS     (  967): releaseHCC(3287f440): CPU_MIN_FREQ PrismLaunchActivity_4 0x2000 null

I/ActivityManager(  967): Start proc com.sohu.inputmethod.status for service com.sohu.inputmethod.sogou/com.sohu.inputmethod.settings.status.SogouStatusService: pid=23790 uid=10172 gids={50172, 9997, 3003, 1028, 1015} abi=armeabi

D/PMS     (  967): acquireWL(15be5f94): PARTIAL_WAKE_LOCK  AudioMix 0x1 0 1013 null

D/WifiService(  967): New client listening to asynchronous messages

D/PMS     (  967): acquireWL(eebe100): PARTIAL_WAKE_LOCK  AudioMix 0x1 0 1013 null

D/PMS     (  967): releaseWL(eebe100): PARTIAL_WAKE_LOCK  AudioMix 0x1 null

D/StatusBarManagerService(  967): setSystemUiVisibility(0x500)

D/StatusBarManagerService(  967): manageDisableList userId=0 what=0x0 pkg=WindowManager.LayoutParams

D/StatusBarManagerService(  967): hiding MENU key

D/StatusBarManagerService(  967): setSystemUiVisibility(0x40000500)

D/StatusBarManagerService(  967): manageDisableList userId=0 what=0x0 pkg=WindowManager.LayoutParams

D/StatusBarManagerService(  967): hiding MENU key

I/InputMethodManagerService(  967): Enable input method client, pid=21400

I/ActivityManager(  967): Start proc com.htc.sense.ime for service com.htc.sense.ime/.HTCIMEService: pid=23816 uid=10044 gids={50044, 9997, 3003, 1028, 1015, 1023} abi=armeabi-v7a

V/InputMethodManagerService(  967): Adding window token: android.os.Binder@342733f5

E/InputMethodManagerService(  967): Ignoring updateStatusIcon due to an invalid token. uid:1000 token:android.os.Binder@20c41425

D/PMS     (  967): releaseWL(19ceaf79): PARTIAL_WAKE_LOCK  ActivityManager-Launch 0x1 null

I/ActivityManager(  967): Start proc com.htc.contacts for broadcast com.htc.contacts/.LaunchHtcContactsProcessReceiver: pid=23838 uid=10042 gids={50042, 9997, 3003, 1028, 1015, 1023, 5011} abi=armeabi-v7a

I/ActivityManager(  967): Killing 22635:com.htc.zero:re_proc/u0a53 (adj 15): empty #17

I/ActivityManager(  967): Recipient 22635

W/BroadcastQueue(  967): Permission Denial: broadcasting Intent { act=com.htc.intent.action.SIM_CONTACTS_DB_READY flg=0x10 (has extras) } from null (pid=-1, uid=-1) requires com.htc.permission.APP_SHARED due to registered receiver BroadcastFilter{12937f4 u0 ReceiverList{f6bb5c7 23838 com.htc.contacts/10042/u0 remote:10a30b06}}

W/BroadcastQueue(  967): Permission Denial: broadcasting Intent { act=com.htc.intent.action.SIM_CONTACTS_READY flg=0x10 (has extras) } from null (pid=-1, uid=-1) requires com.htc.permission.APP_SHARED due to registered receiver BroadcastFilter{29d4d192 u0 ReceiverList{f6bb5c7 23838 com.htc.contacts/10042/u0 remote:10a30b06}}

W/BroadcastQueue(  967): Permission Denial: broadcasting Intent { act=android.media.RINGER_MODE_CHANGED flg=0x24000010 (has extras) } from null (pid=-1, uid=-1) requires com.htc.permission.APP_PLATFORM due to registered receiver BroadcastFilter{3e04dfdb u0 ReceiverList{d2500ea 23816 com.htc.sense.ime/10044/u0 remote:1901d0d5}}

D/PMS     (  967): releaseWL(15be5f94): PARTIAL_WAKE_LOCK  AudioMix 0x1 null

W/ActivityManager(  967): getTasks: caller 10005 does not hold GET_TASKS; limiting output

D/PMS     (  967): acquireWL(2a5d31a8): PARTIAL_WAKE_LOCK  *alarm* 0x1 967 1000 WorkSource{10172}

V/AlarmManager(  967): sending alarm PendingIntent{3ebf84c1: PendingIntentRecord{448466 com.sohu.inputmethod.sogou broadcastIntent}}, i=excute.check.sogou.status.action, t=1, cnt=1, w=1450259095500, Int=86400000

E/InputMethodManagerService(  967): Ignoring updateStatusIcon due to an invalid token. uid:1000 token:android.os.Binder@20c41425

I/ActivityManager(  967): Recipient 20019

D/WifiService(  967): Client connection lost with reason: 4

I/ActivityManager(  967): Process com.sohu.inputmethod.sogou (pid 20019) has died

D/PMS     (  967): releaseWL(2a5d31a8): PARTIAL_WAKE_LOCK  *alarm* 0x1 WorkSource{10172}

I/ActivityManager(  967): moveTaskToBack: TaskRecord{b7f5aa4 #8902 A=android.task.HtcContacts U=0 sz=1}

D/PMS     (  967): acquireWL(fac5db5): PARTIAL_WAKE_LOCK  ActivityManager-Launch 0x1 967 1000 null

I/InputMethodManagerService(  967): Disable input method client, pid=21400

D/StatusBarManagerService(  967): swetImeWindowStatus vis=0 backDisposition=0

I/ActivityManager(  967): Start proc com.sohu.inputmethod.sogou for broadcast com.sohu.inputmethod.sogou/com.sohu.inputmethod.settings.status.InputMethodChangedReceiver: pid=23907 uid=10172 gids={50172, 9997, 3003, 1028, 1015} abi=armeabi

D/StatusBarManagerService(  967): setSystemUiVisibility(0x40000700)

D/StatusBarManagerService(  967): manageDisableList userId=0 what=0x0 pkg=WindowManager.LayoutParams

D/StatusBarManagerService(  967): hiding MENU key

I/InputMethodManagerService(  967): Enable input method client, pid=3397

V/InputMethodManagerService(  967): Adding window token: android.os.Binder@325b0aa2

I/ActivityManager(  967): Killing 22686:com.qiyi.video:bdservice_v1/u0a5 (adj 15): empty #17

I/ActivityManager(  967): Recipient 22686

D/PMS     (  967): releaseWL(fac5db5): PARTIAL_WAKE_LOCK  ActivityManager-Launch 0x1 null

D/WifiService(  967): New client listening to asynchronous messages

I/ActivityManager(  967): Killing 22838:com.UCMobile/u0a128 (adj 15): empty #17

I/ActivityManager(  967): Recipient 22838

W/ActivityManager(  967): getTasks: caller 10183 does not hold GET_TASKS; limiting output

D/PMS     (  967): acquireWL(15e0c74d): PARTIAL_WAKE_LOCK  *alarm* 0x40000001 967 1000 WorkSource{1000}

V/AlarmManager(  967): sending alarm PendingIntent{284a73eb: PendingIntentRecord{29c72548 android broadcastIntent}}, i=android.intent.action.TIME_TICK, t=3, cnt=1, w=151442805, Int=0

D/PMS     (  967): releaseWL(15e0c74d): PARTIAL_WAKE_LOCK  *alarm* 0x40000001 WorkSource{1000}

I/ActivityManager(  967): Start proc sogou.mobile.explorer.hotwords for service com.sohu.inputmethod.sogou/sogou.mobile.explorer.hotwords.entrance.SogouInputEntranceService: pid=23947 uid=10172 gids={50172, 9997, 3003, 1028, 1015} abi=armeabi

I/ActivityManager(  967): Killing 22873:com.htc.mms.backupagent/u0a200 (adj 15): empty #17

I/ActivityManager(  967): Recipient 22873

W/ActivityManager(  967): Unable to start service Intent { cmp=sogou.mobile.explorer/.ActivateBrowserService } U=0: not found

W/ActivityManager(  967): Unable to start service Intent { act=com.sogou.androidtool.action.service flg=0x4 cmp=com.sogou.androidtool/.service.CoreService (has extras) } U=0: not found

D/PMS     (  967): acquireWL(2cc4d8b9): PARTIAL_WAKE_LOCK  *alarm* 0x1 967 1000 WorkSource{10172}

V/AlarmManager(  967): sending alarm PendingIntent{21eed4fe: PendingIntentRecord{26e37887 com.sohu.inputmethod.sogou startService}}, i=com.sogou.androidtool.action.service, t=1, cnt=1, w=1450259100852, Int=86400000

D/PMS     (  967): releaseWL(2cc4d8b9): PARTIAL_WAKE_LOCK  *alarm* 0x1 WorkSource{10172}

W/ActivityManager(  967): getTasks: caller 10157 does not hold GET_TASKS; limiting output

W/ActivityManager(  967): getTasks: caller 10157 does not hold GET_TASKS; limiting output

W/ActivityManager(  967): getTasks: caller 10157 does not hold GET_TASKS; limiting output

W/ActivityManager(  967): getTasks: caller 10157 does not hold GET_TASKS; limiting output

D/PMS     (  967): acquireWL(ff879ae): PARTIAL_WAKE_LOCK  GpsLocationProvider 0x1 967 1000 null

D/QMI_FW  (  967): QCCI: QMI_CCI_TX: cntl_flag - 00, txn_id - 13b8, msg_id - 004a, msg_len - 0007

D/QMI_FW  (  967): QCCI: QMUXD: xport_send[1 -> 16]: 14 bytes on conn_id=9

D/WifiDisplayAdapter(  967): getWifiDisplayStatusLocked: result=WifiDisplayStatus{featureState=3, scanState=0, activeDisplayState=0, activeDisplay=null, displays=[], sessionInfo=WifiDisplaySessionInfo:

D/WifiDisplayAdapter(  967):     Client/Owner: Client

D/WifiDisplayAdapter(  967):     GroupId: 

D/WifiDisplayAdapter(  967):     Passphrase: 

D/WifiDisplayAdapter(  967):     SessionId: 0

D/WifiDisplayAdapter(  967):     IP Address: }

D/QMI_FW  (  967): QCCI: QMUXD: xport_rx[1 <- 16]: 14 bytes on conn_id: 9

D/QMI_FW  (  967): QCCI: QMI_CCI_RX: cntl_flag - 02, txn_id - 13b8, msg_id - 004a, msg_len - 0007

D/WifiDisplayAdapter(  967): getWifiDisplayStatusLocked: result=WifiDisplayStatus{featureState=3, scanState=0, activeDisplayState=0, activeDisplay=null, displays=[], sessionInfo=WifiDisplaySessionInfo:

D/WifiDisplayAdapter(  967):     Client/Owner: Client

D/WifiDisplayAdapter(  967):     GroupId: 

D/WifiDisplayAdapter(  967):     Passphrase: 

D/WifiDisplayAdapter(  967):     SessionId: 0

D/WifiDisplayAdapter(  967):     IP Address: }

D/PMS     (  967): acquireWL(b5a1086): PARTIAL_WAKE_LOCK  LocationManagerService 0x1 967 1000 WorkSource{1000 android}

D/QMI_FW  (  967): QCCI: QMUXD: xport_rx[1 <- 16]: 14 bytes on conn_id: 9

D/QMI_FW  (  967): QCCI: QMI_CCI_RX: cntl_flag - 04, txn_id - 0000, msg_id - 004a, msg_len - 0007

D/QMI_FW  (  967): QCCI: QMI_CCI_TX: cntl_flag - 00, txn_id - 13b9, msg_id - 0022, msg_len - 0019

D/QMI_FW  (  967): QCCI: QMUXD: xport_send[1 -> 16]: 32 bytes on conn_id=9

D/QMI_FW  (  967): QCCI: QMUXD: xport_rx[1 <- 16]: 14 bytes on conn_id: 9

D/QMI_FW  (  967): QCCI: QMI_CCI_RX: cntl_flag - 02, txn_id - 13b9, msg_id - 0022, msg_len - 0007

D/PMS     (  967): acquireWL(2a897974): PARTIAL_WAKE_LOCK  LocationManagerService 0x1 967 1000 WorkSource{10056 com.htc.sense.hsp}

D/PMS     (  967): acquireWL(23423e9d): PARTIAL_WAKE_LOCK  LocationManagerService 0x1 967 1000 WorkSource{10172 com.sohu.inputmethod.sogou}

D/PMS     (  967): acquireWL(3cb6af12): PARTIAL_WAKE_LOCK  LocationManagerService 0x1 967 1000 WorkSource{10172 com.sohu.inputmethod.sogou}

D/QMI_FW  (  967): QCCI: QMI_CCI_TX: cntl_flag - 00, txn_id - 13ba, msg_id - 0023, msg_len - 0004

D/QMI_FW  (  967): QCCI: QMUXD: xport_send[1 -> 16]: 11 bytes on conn_id=9

D/PMS     (  967): releaseWL(ff879ae): PARTIAL_WAKE_LOCK  GpsLocationProvider 0x1 null

D/QMI_FW  (  967): QCCI: QMUXD: xport_rx[1 <- 16]: 14 bytes on conn_id: 9

D/QMI_FW  (  967): QCCI: QMI_CCI_RX: cntl_flag - 02, txn_id - 13ba, msg_id - 0023, msg_len - 0007

D/QMI_FW  (  967): QCCI: QMI_CCI_TX: cntl_flag - 00, txn_id - 13bb, msg_id - 0039, msg_len - 0021

D/QMI_FW  (  967): QCCI: QMUXD: xport_send[1 -> 16]: 40 bytes on conn_id=9

D/PMS     (  967): releaseWL(b5a1086): PARTIAL_WAKE_LOCK  LocationManagerService 0x1 WorkSource{1000 android}

D/PMS     (  967): releaseWL(2a897974): PARTIAL_WAKE_LOCK  LocationManagerService 0x1 WorkSource{10056 com.htc.sense.hsp}

D/QMI_FW  (  967): QCCI: QMUXD: xport_rx[1 <- 16]: 25 bytes on conn_id: 9

D/QMI_FW  (  967): QCCI: QMI_CCI_RX: cntl_flag - 04, txn_id - 0000, msg_id - 0024, msg_len - 0012

D/PMS     (  967): acquireWL(3d0c36e3): PARTIAL_WAKE_LOCK  *alarm* 0x1 967 1000 WorkSource{10018}

V/AlarmManager(  967): sending alarm PendingIntent{d7eb8e0: PendingIntentRecord{3be15c8c me.ele broadcastIntent}}, i=AlarmTaskSchedule.me.ele, t=0, cnt=1, w=1450259102300, Int=0

D/PMS     (  967): releaseWL(3d0c36e3): PARTIAL_WAKE_LOCK  *alarm* 0x1 WorkSource{10018}

D/QMI_FW  (  967): QCCI: QMUXD: xport_rx[1 <- 16]: 14 bytes on conn_id: 9

D/QMI_FW  (  967): QCCI: QMI_CCI_RX: cntl_flag - 02, txn_id - 13bb, msg_id - 0039, msg_len - 0007

D/QMI_FW  (  967): QCCI: QMUXD: xport_rx[1 <- 16]: 14 bytes on conn_id: 9

D/QMI_FW  (  967): QCCI: QMI_CCI_RX: cntl_flag - 04, txn_id - 0000, msg_id - 0039, msg_len - 0007

D/WifiDisplayAdapter(  967): getWifiDisplayStatusLocked: result=WifiDisplayStatus{featureState=3, scanState=0, activeDisplayState=0, activeDisplay=null, displays=[], sessionInfo=WifiDisplaySessionInfo:

D/WifiDisplayAdapter(  967):     Client/Owner: Client

D/WifiDisplayAdapter(  967):     GroupId: 

D/WifiDisplayAdapter(  967):     Passphrase: 

D/WifiDisplayAdapter(  967):     SessionId: 0

D/WifiDisplayAdapter(  967):     IP Address: }

D/PMS     (  967): releaseWL(23423e9d): PARTIAL_WAKE_LOCK  LocationManagerService 0x1 WorkSource{10172 com.sohu.inputmethod.sogou}

D/PMS     (  967): releaseWL(3cb6af12): PARTIAL_WAKE_LOCK  LocationManagerService 0x1 WorkSource{10172 com.sohu.inputmethod.sogou}

W/ActivityManager(  967): getTasks: caller 10158 does not hold GET_TASKS; limiting output

D/PMS     (  967): acquireWL(365f30d1): PARTIAL_WAKE_LOCK  GpsLocationProvider 0x1 967 1000 null

D/WifiDisplayAdapter(  967): getWifiDisplayStatusLocked: result=WifiDisplayStatus{featureState=3, scanState=0, activeDisplayState=0, activeDisplay=null, displays=[], sessionInfo=WifiDisplaySessionInfo:

D/WifiDisplayAdapter(  967):     Client/Owner: Client

D/WifiDisplayAdapter(  967):     GroupId: 

D/WifiDisplayAdapter(  967):     Passphrase: 

D/WifiDisplayAdapter(  967):     SessionId: 0

D/WifiDisplayAdapter(  967):     IP Address: }

D/QMI_FW  (  967): QCCI: QMI_CCI_TX: cntl_flag - 00, txn_id - 13bc, msg_id - 004a, msg_len - 0007

D/QMI_FW  (  967): QCCI: QMUXD: xport_send[1 -> 16]: 14 bytes on conn_id=9

D/PMS     (  967): releaseWL(365f30d1): PARTIAL_WAKE_LOCK  GpsLocationProvider 0x1 null

D/QMI_FW  (  967): QCCI: QMUXD: xport_rx[1 <- 16]: 14 bytes on conn_id: 9

D/QMI_FW  (  967): QCCI: QMI_CCI_RX: cntl_flag - 02, txn_id - 13bc, msg_id - 004a, msg_len - 0007

D/QMI_FW  (  967): QCCI: QMUXD: xport_rx[1 <- 16]: 14 bytes on conn_id: 9

D/QMI_FW  (  967): QCCI: QMI_CCI_RX: cntl_flag - 04, txn_id - 0000, msg_id - 004a, msg_len - 0007

D/QMI_FW  (  967): QCCI: QMI_CCI_TX: cntl_flag - 00, txn_id - 13bd, msg_id - 0022, msg_len - 0019

D/QMI_FW  (  967): QCCI: QMUXD: xport_send[1 -> 16]: 32 bytes on conn_id=9

D/WifiDisplayAdapter(  967): getWifiDisplayStatusLocked: result=WifiDisplayStatus{featureState=3, scanState=0, activeDisplayState=0, activeDisplay=null, displays=[], sessionInfo=WifiDisplaySessionInfo:

D/WifiDisplayAdapter(  967):     Client/Owner: Client

D/WifiDisplayAdapter(  967):     GroupId: 

D/WifiDisplayAdapter(  967):     Passphrase: 

D/WifiDisplayAdapter(  967):     SessionId: 0

D/WifiDisplayAdapter(  967):     IP Address: }

D/QMI_FW  (  967): QCCI: QMUXD: xport_rx[1 <- 16]: 14 bytes on conn_id: 9

D/QMI_FW  (  967): QCCI: QMI_CCI_RX: cntl_flag - 02, txn_id - 13bd, msg_id - 0022, msg_len - 0007

D/PMS     (  967): acquireWL(1ed5090d): PARTIAL_WAKE_LOCK  LocationManagerService 0x1 967 1000 WorkSource{10092 com.dianping.v1}

D/PMS     (  967): releaseWL(1ed5090d): PARTIAL_WAKE_LOCK  LocationManagerService 0x1 WorkSource{10092 com.dianping.v1}

D/PMS     (  967): acquireWL(168500c2): PARTIAL_WAKE_LOCK  LocationManagerService 0x1 967 1000 WorkSource{1000 android}

D/PMS     (  967): acquireWL(34e89ed3): PARTIAL_WAKE_LOCK  LocationManagerService 0x1 967 1000 WorkSource{10009 android.htc.china.location.service}

D/PMS     (  967): acquireWL(11a21a10): PARTIAL_WAKE_LOCK  LocationManagerService 0x1 967 1000 WorkSource{10009 android.htc.china.location.service}

D/PMS     (  967): acquireWL(1e562909): PARTIAL_WAKE_LOCK  LocationManagerService 0x1 967 1000 WorkSource{10172 com.sohu.inputmethod.sogou}

D/PMS     (  967): acquireWL(3126670e): PARTIAL_WAKE_LOCK  LocationManagerService 0x1 967 1000 WorkSource{10172 com.sohu.inputmethod.sogou}

D/PMS     (  967): acquireWL(2394552f): PARTIAL_WAKE_LOCK  LocationManagerService 0x1 967 1000 WorkSource{10056 com.htc.sense.hsp}

D/PMS     (  967): releaseWL(34e89ed3): PARTIAL_WAKE_LOCK  LocationManagerService 0x1 WorkSource{10009 android.htc.china.location.service}

D/PMS     (  967): releaseWL(1e562909): PARTIAL_WAKE_LOCK  LocationManagerService 0x1 WorkSource{10172 com.sohu.inputmethod.sogou}

D/PMS     (  967): releaseWL(11a21a10): PARTIAL_WAKE_LOCK  LocationManagerService 0x1 WorkSource{10009 android.htc.china.location.service}

D/PMS     (  967): releaseWL(3126670e): PARTIAL_WAKE_LOCK  LocationManagerService 0x1 WorkSource{10172 com.sohu.inputmethod.sogou}

D/QMI_FW  (  967): QCCI: QMI_CCI_TX: cntl_flag - 00, txn_id - 13be, msg_id - 0039, msg_len - 0021

D/QMI_FW  (  967): QCCI: QMUXD: xport_send[1 -> 16]: 40 bytes on conn_id=9

D/PMS     (  967): releaseWL(168500c2): PARTIAL_WAKE_LOCK  LocationManagerService 0x1 WorkSource{1000 android}

D/PMS     (  967): releaseWL(2394552f): PARTIAL_WAKE_LOCK  LocationManagerService 0x1 WorkSource{10056 com.htc.sense.hsp}

D/QMI_FW  (  967): QCCI: QMUXD: xport_rx[1 <- 16]: 14 bytes on conn_id: 9

D/QMI_FW  (  967): QCCI: QMI_CCI_RX: cntl_flag - 02, txn_id - 13be, msg_id - 0039, msg_len - 0007

D/QMI_FW  (  967): QCCI: QMUXD: xport_rx[1 <- 16]: 14 bytes on conn_id: 9

D/QMI_FW  (  967): QCCI: QMI_CCI_RX: cntl_flag - 04, txn_id - 0000, msg_id - 0039, msg_len - 0007

D/QMI_FW  (  967): QCCI: QMUXD: xport_rx[1 <- 16]: 28 bytes on conn_id: 9

D/QMI_FW  (  967): QCCI: QMI_CCI_RX: cntl_flag - 04, txn_id - 0000, msg_id - 0031, msg_len - 0015

D/ConnectivityService(  967): isNetworkSignaturePermitted=true, action=0

D/ConnectivityService(  967): requestNetwork for NetworkRequest [ id=206, legacyType=3, [ Transports: CELLULAR Capabilities: SUPL&NOT_RESTRICTED&TRUSTED&NOT_VPN] ] called by uid/pid=1000/967

D/ConnectivityService(  967): handleRegisterNetworkRequest checking NetworkAgentInfo [WIFI () - 287]

D/ConnectivityService(  967): sending new NetworkRequest to factories

D/WifiService(  967): >>>>>>>>ACTION_ANY_DATA_CONNECTION_STATE_CHANGED<<<<<<<<iSlotNum=0 sReason=dataEnabled sApnType=supl

D/WifiService(  967): >>>>>>>>ACTION_ANY_DATA_CONNECTION_STATE_CHANGED<<<<<<<<iSlotNum=0 sReason=dataEnabled sApnType=httpproxy

D/WifiService(  967): >>>>>>>>ACTION_ANY_DATA_CONNECTION_STATE_CHANGED<<<<<<<<iSlotNum=0 sReason=dataEnabled sApnType=callernameid

I/ActivityManager(  967): Start proc com.htc.mobiledata for content provider com.htc.mobiledata/.MobileDataProvider: pid=24022 uid=10070 gids={50070, 9997, 3003} abi=armeabi-v7a

D/WifiService(  967): >>>>>>>>ACTION_ANY_DATA_CONNECTION_STATE_CHANGED<<<<<<<<iSlotNum=0 sReason=dataEnabled sApnType=verizon

D/WifiService(  967): >>>>>>>>ACTION_ANY_DATA_CONNECTION_STATE_CHANGED<<<<<<<<iSlotNum=0 sReason=dataEnabled sApnType=fota

D/WifiService(  967): >>>>>>>>ACTION_ANY_DATA_CONNECTION_STATE_CHANGED<<<<<<<<iSlotNum=0 sReason=dataEnabled sApnType=emergency

D/WifiService(  967): >>>>>>>>ACTION_ANY_DATA_CONNECTION_STATE_CHANGED<<<<<<<<iSlotNum=0 sReason=dataEnabled sApnType=verizon800

D/WifiService(  967): >>>>>>>>ACTION_ANY_DATA_CONNECTION_STATE_CHANGED<<<<<<<<iSlotNum=0 sReason=dataEnabled sApnType=hipri

D/WifiService(  967): >>>>>>>>ACTION_ANY_DATA_CONNECTION_STATE_CHANGED<<<<<<<<iSlotNum=0 sReason=dataEnabled sApnType=ims

D/WifiService(  967): >>>>>>>>ACTION_ANY_DATA_CONNECTION_STATE_CHANGED<<<<<<<<iSlotNum=0 sReason=dataEnabled sApnType=default

D/WifiService(  967): >>>>>>>>ACTION_ANY_DATA_CONNECTION_STATE_CHANGED<<<<<<<<iSlotNum=0 sReason=dataEnabled sApnType=mms

D/WifiService(  967): >>>>>>>>ACTION_ANY_DATA_CONNECTION_STATE_CHANGED<<<<<<<<iSlotNum=0 sReason=dataEnabled sApnType=cbs

D/WifiService(  967): >>>>>>>>ACTION_ANY_DATA_CONNECTION_STATE_CHANGED<<<<<<<<iSlotNum=0 sReason=dataEnabled sApnType=ia

D/WifiService(  967): >>>>>>>>ACTION_ANY_DATA_CONNECTION_STATE_CHANGED<<<<<<<<iSlotNum=0 sReason=dataEnabled sApnType=dun

D/WifiService(  967): >>>>>>>>ACTION_ANY_DATA_CONNECTION_STATE_CHANGED<<<<<<<<iSlotNum=0 sReason=dataEnabled sApnType=internet

I/ActivityManager(  967): Start proc com.htc.mobiledata:remote for service com.htc.mobiledata/.MobileDataService: pid=24041 uid=10070 gids={50070, 9997, 3003} abi=armeabi-v7a

I/ActivityManager(  967): Killing 22892:com.htc.widget.hmsproc1/u0a27 (adj 15): empty #17

I/ActivityManager(  967): Recipient 22892

D/QMI_FW  (  967): QCCI: QMUXD: xport_rx[1 <- 16]: 14 bytes on conn_id: 9

D/QMI_FW  (  967): QCCI: QMI_CCI_RX: cntl_flag - 04, txn_id - 0000, msg_id - 002b, msg_len - 0007

D/PMS     (  967): acquireWL(8de6679): PARTIAL_WAKE_LOCK  GpsLocationProvider 0x1 967 1000 null

D/QMI_FW  (  967): QCCI: QMI_CCI_TX: cntl_flag - 00, txn_id - 13bf, msg_id - 0023, msg_len - 0004

D/QMI_FW  (  967): QCCI: QMUXD: xport_send[1 -> 16]: 11 bytes on conn_id=9

D/QMI_FW  (  967): QCCI: QMUXD: xport_rx[1 <- 16]: 14 bytes on conn_id: 9

D/QMI_FW  (  967): QCCI: QMI_CCI_RX: cntl_flag - 02, txn_id - 13bf, msg_id - 0023, msg_len - 0007

D/PMS     (  967): releaseWL(8de6679): PARTIAL_WAKE_LOCK  GpsLocationProvider 0x1 null

D/QMI_FW  (  967): QCCI: QMUXD: xport_rx[1 <- 16]: 25 bytes on conn_id: 9

D/QMI_FW  (  967): QCCI: QMI_CCI_RX: cntl_flag - 04, txn_id - 0000, msg_id - 0024, msg_len - 0012

D/QMI_FW  (  967): QCCI: QMUXD: xport_rx[1 <- 16]: 28 bytes on conn_id: 9

D/QMI_FW  (  967): QCCI: QMI_CCI_RX: cntl_flag - 04, txn_id - 0000, msg_id - 0031, msg_len - 0015

D/QMI_FW  (  967): QCCI: QMI_CCI_TX: cntl_flag - 00, txn_id - 13c0, msg_id - 0053, msg_len - 0015

D/QMI_FW  (  967): QCCI: QMUXD: xport_send[1 -> 16]: 28 bytes on conn_id=9

D/QMI_FW  (  967): QCCI: QMUXD: xport_rx[1 <- 16]: 14 bytes on conn_id: 9

D/QMI_FW  (  967): QCCI: QMI_CCI_RX: cntl_flag - 02, txn_id - 13c0, msg_id - 0053, msg_len - 0007

D/QMI_FW  (  967): QCCI: QMUXD: xport_rx[1 <- 16]: 14 bytes on conn_id: 9

D/QMI_FW  (  967): QCCI: QMI_CCI_RX: cntl_flag - 04, txn_id - 0000, msg_id - 0053, msg_len - 0007

D/ConnectivityService(  967): isNetworkSignaturePermitted=true, action=0

D/ConnectivityService(  967): releaseNetworkRequest for NetworkRequest [ id=206, legacyType=3, [ Transports: CELLULAR Capabilities: SUPL&NOT_RESTRICTED&TRUSTED&NOT_VPN] ] called by uid/pid=1000/967

D/ConnectivityService(  967): releasing NetworkRequest NetworkRequest [ id=206, legacyType=3, [ Transports: CELLULAR Capabilities: SUPL&NOT_RESTRICTED&TRUSTED&NOT_VPN] ]

D/ConnectivityService(  967): sending notification RELEASED for NetworkRequest [ id=206, legacyType=3, [ Transports: CELLULAR Capabilities: SUPL&NOT_RESTRICTED&TRUSTED&NOT_VPN] ]

D/QMI_FW  (  967): QCCI: QMUXD: xport_rx[1 <- 16]: 14 bytes on conn_id: 9

D/QMI_FW  (  967): QCCI: QMI_CCI_RX: cntl_flag - 04, txn_id - 0000, msg_id - 002b, msg_len - 0007

W/ContextImpl(  967): Calling a method in the system process without a qualified user: android.app.ContextImpl.sendBroadcast:1459 com.android.server.wifi.WifiStateMachine.sendDongleScanResultsAvailableBroadcast:14114 com.android.server.wifi.WifiStateMachine.handleMediaLinkEvent:14279 com.android.server.wifi.WifiStateMachine.access$5800:265 com.android.server.wifi.WifiStateMachine$SupplicantStartedState.processMessage:8070 

I/ActivityManager(  967): Killing 22740:cn.amazon.mShop.android/u0a135 (adj 15): empty #17

I/ActivityManager(  967): Recipient 22740

D/WifiService(  967): Client connection lost with reason: 4

E/libprocessgroup(  967): failed to kill 1 processes for processgroup 22740

D/WifiService(  967): releaseMulticastLock pid=18875, uid=10128

D/WifiService(  967): removeMulticasterLocked

D/WifiService(  967): acquireMulticastLock pid=18875, uid=10128

E/NetlinkEvent(  291): NetlinkEvent::FindParam(): Parameter 'TIME_NS' not found

D/ConnectivityService(  967): setProvNotificationVisible: E visible=false networkType=0 action=com.android.internal.telephony.PROVISION0

D/ConnectivityService(  967): setProvNotificationVisibleIntent: E visible=false networkType=0 extraInfo=null

D/ConnectivityService(  967): registerNetworkAgent NetworkAgentInfo{ ni{[type: MOBILE[HSDPA], state: CONNECTED/CONNECTED, reason: connected, extra: cmnet, roaming: false, failover: false, isAvailable: true, isConnectedToProvisioningNetwork: false]}  network{null}  lp{{InterfaceName: rmnet_usb0 LinkAddresses: [10.99.95.162/30,]  Routes: [0.0.0.0/0 -> 10.99.95.161 rmnet_usb0,] DnsAddresses: [211.140.11.66,211.140.13.188,] Domains: null MTU: 1420 TcpBufferSizes: 288768,288768,1572864,4096,225280,1220608}}  nc{[ Transports: CELLULAR Capabilities: SUPL&NOT_RESTRICTED&TRUSTED&NOT_VPN LinkUpBandwidth>=2048Kbps LinkDnBandwidth>=14336Kbps Specifier: <3>]}  Score{10} validated{false} created{false} explicitlySelected{false} }

D/ConnectivityService(  967): Got NetworkAgent Messenger

D/ConnectivityService(  967): NetworkAgentInfo [MOBILE (HSDPA) - 317] EVENT_NETWORK_INFO_CHANGED, going from null to CONNECTED

D/WifiService(  967): >>>>>>>>ACTION_ANY_DATA_CONNECTION_STATE_CHANGED<<<<<<<<iSlotNum=0 sReason=connected sApnType=supl

D/ConnectivityService(  967): Adding iface rmnet_usb0 to network 317

D/ConnectivityService(  967): Setting MTU size: rmnet_usb0, 1420

D/ConnectivityService(  967): Adding Route [0.0.0.0/0 -> 10.99.95.161 rmnet_usb0] to network 317

