--------- beginning of system

V/AlarmManager(  967): sending alarm PendingIntent{16a50d7a: PendingIntentRecord{1d9ebd5e air.fyzb3 broadcastIntent}}, i=AlarmTaskSchedule.air.fyzb3, t=0, cnt=1, w=1450258983310, Int=0

V/AlarmManager(  967): sending alarm PendingIntent{903b2a5: PendingIntentRecord{79f867a android broadcastIntent}}, i=com.android.server.WifiManager.action.START_SCAN, t=1, cnt=1, w=1450258979698, Int=20000

V/AlarmManager(  967): sending alarm PendingIntent{14be192b: PendingIntentRecord{2a842c2f com.yiwang broadcastIntent}}, i=AlarmTaskSchedule.com.yiwang, t=0, cnt=1, w=1450258984142, Int=0

V/AlarmManager(  967): sending alarm PendingIntent{22de0188: PendingIntentRecord{19dce91a com.cubic.autohome broadcastIntent}}, i=AlarmTaskSchedule.com.cubic.autohome, t=0, cnt=1, w=1450258984432, Int=0

V/AlarmManager(  967): sending alarm PendingIntent{342e4721: PendingIntentRecord{35e68746 air.fyzb3 broadcastIntent}}, i=AlarmTaskScheduleBak.air.fyzb3, t=0, cnt=1, w=1450258985310, Int=0

I/PackageManager(  967):  setEnabledSetting(), pkgName=com.taobao.taobao, clsName=com.taobao.accs.ChannelService, state=1, flag=1, pid=18163, uid=10183, userID:0

W/ActivityManager(  967): getTasks: caller 10183 does not hold GET_TASKS; limiting output

W/ActivityManager(  967): getTasks: caller 10183 does not hold GET_TASKS; limiting output

V/AlarmManager(  967): sending alarm PendingIntent{16831d07: PendingIntentRecord{315ae34 com.yiwang broadcastIntent}}, i=AlarmTaskScheduleBak.com.yiwang, t=0, cnt=1, w=1450258986142, Int=0

W/ActivityManager(  967): getRecentTasks: caller 10145 does not hold GET_TASKS; limiting output

D/PMS     (  967): acquireWL(171bc92a): PARTIAL_WAKE_LOCK  GpsLocationProvider 0x1 967 1000 null

D/QMI_FW  (  967): QCCI: QMI_CCI_TX: cntl_flag - 00, txn_id - 13ae, msg_id - 004a, msg_len - 0007

D/QMI_FW  (  967): QCCI: QMUXD: xport_send[1 -> 16]: 14 bytes on conn_id=9

D/CountryDetector(  967): The first listener is added

D/PMS     (  967): releaseWL(171bc92a): PARTIAL_WAKE_LOCK  GpsLocationProvider 0x1 null

D/QMI_FW  (  967): QCCI: QMUXD: xport_rx[1 <- 16]: 14 bytes on conn_id: 9

D/QMI_FW  (  967): QCCI: QMI_CCI_RX: cntl_flag - 02, txn_id - 13ae, msg_id - 004a, msg_len - 0007

D/QMI_FW  (  967): QCCI: QMUXD: xport_rx[1 <- 16]: 14 bytes on conn_id: 9

D/QMI_FW  (  967): QCCI: QMI_CCI_RX: cntl_flag - 04, txn_id - 0000, msg_id - 004a, msg_len - 0007

D/QMI_FW  (  967): QCCI: QMI_CCI_TX: cntl_flag - 00, txn_id - 13af, msg_id - 0022, msg_len - 0019

D/QMI_FW  (  967): QCCI: QMUXD: xport_send[1 -> 16]: 32 bytes on conn_id=9

D/QMI_FW  (  967): QCCI: QMUXD: xport_rx[1 <- 16]: 14 bytes on conn_id: 9

D/QMI_FW  (  967): QCCI: QMI_CCI_RX: cntl_flag - 02, txn_id - 13af, msg_id - 0022, msg_len - 0007

D/QMI_FW  (  967): QCCI: QMI_CCI_TX: cntl_flag - 00, txn_id - 13b0, msg_id - 0023, msg_len - 0004

D/QMI_FW  (  967): QCCI: QMUXD: xport_send[1 -> 16]: 11 bytes on conn_id=9

D/QMI_FW  (  967): QCCI: QMUXD: xport_rx[1 <- 16]: 14 bytes on conn_id: 9

D/QMI_FW  (  967): QCCI: QMI_CCI_RX: cntl_flag - 02, txn_id - 13b0, msg_id - 0023, msg_len - 0007

D/QMI_FW  (  967): QCCI: QMUXD: xport_rx[1 <- 16]: 25 bytes on conn_id: 9

D/QMI_FW  (  967): QCCI: QMI_CCI_RX: cntl_flag - 04, txn_id - 0000, msg_id - 0024, msg_len - 0012

D/PMS     (  967): acquireWL(1ee63a91): PARTIAL_WAKE_LOCK  LocationManagerService 0x1 967 1000 WorkSource{10056 com.htc.sense.hsp}

D/PMS     (  967): acquireWL(2b054df6): PARTIAL_WAKE_LOCK  LocationManagerService 0x1 967 1000 WorkSource{1000 android}

D/PMS     (  967): acquireWL(314755f7): PARTIAL_WAKE_LOCK  LocationManagerService 0x1 967 1000 WorkSource{10009 android.htc.china.location.service}

D/PMS     (  967): acquireWL(2b9b0c64): PARTIAL_WAKE_LOCK  LocationManagerService 0x1 967 1000 WorkSource{10056 com.htc.sense.hsp}

D/PMS     (  967): releaseWL(314755f7): PARTIAL_WAKE_LOCK  LocationManagerService 0x1 WorkSource{10009 android.htc.china.location.service}

D/PMS     (  967): releaseWL(1ee63a91): PARTIAL_WAKE_LOCK  LocationManagerService 0x1 WorkSource{10056 com.htc.sense.hsp}

D/QMI_FW  (  967): QCCI: QMI_CCI_TX: cntl_flag - 00, txn_id - 13b1, msg_id - 0039, msg_len - 0021

D/QMI_FW  (  967): QCCI: QMUXD: xport_send[1 -> 16]: 40 bytes on conn_id=9

D/PMS     (  967): releaseWL(2b054df6): PARTIAL_WAKE_LOCK  LocationManagerService 0x1 WorkSource{1000 android}

D/PMS     (  967): releaseWL(2b9b0c64): PARTIAL_WAKE_LOCK  LocationManagerService 0x1 WorkSource{10056 com.htc.sense.hsp}

D/QMI_FW  (  967): QCCI: QMUXD: xport_rx[1 <- 16]: 14 bytes on conn_id: 9

D/QMI_FW  (  967): QCCI: QMI_CCI_RX: cntl_flag - 02, txn_id - 13b1, msg_id - 0039, msg_len - 0007

D/QMI_FW  (  967): QCCI: QMUXD: xport_rx[1 <- 16]: 14 bytes on conn_id: 9

D/QMI_FW  (  967): QCCI: QMI_CCI_RX: cntl_flag - 04, txn_id - 0000, msg_id - 0039, msg_len - 0007

V/AlarmManager(  967): sending alarm PendingIntent{23fcaac9: PendingIntentRecord{32e5eea com.hunantv.imgo.activity broadcastIntent}}, i=AlarmTaskSchedule.com.hunantv.imgo.activity, t=0, cnt=1, w=1450258987935, Int=0

I/ActivityManager(  967): Start proc com.sina.weibo:remote for service com.sina.weibo/com.sina.push.service.SinaPushService: pid=22009 uid=10317 gids={50317, 9997, 3003, 1028, 1015, 3002, 3001} abi=armeabi

D/PMS     (  967): runPSCheck

D/HtcPowerSaver(  967): Checking...

I/HtcPowerSaver(  967): >> updateStatus

I/HtcPowerSaver(  967): updateStatus (8000,80,-1,false,false,false,-1)

I/HtcPowerSaver(  967): << updateStatus

D/HtcPowerSaver(  967): updateBatteryInfo

D/PowerUI ( 2788): closing low battery warning: level=80

D/HtcPowerSaver(  967): updateBatteryInfo

D/PowerUI ( 2788): plugged = true, health = 2, mBatteryLevel = 80, mPluggedBatteryLevel = 80, mLowBatteryWarningLevel2 = 25, mshowLowChargingWarning2 = true

D/PowerUI ( 2788): closing low battery warning: level=80

D/PowerUI ( 2788): plugged = true, health = 2, mBatteryLevel = 80, mPluggedBatteryLevel = 80, mLowBatteryWarningLevel2 = 25, mshowLowChargingWarning2 = true

I/ValidateNoPeople(  967): skipping global notification

D/NotificationService(  967): plugged=true pluggin=true

D/NotificationService(  967): plugged=true pluggin=true

D/WifiController(  967): battery changed pluggedType: 2

D/PMS     (  967): runPSCheck

D/HtcPowerSaver(  967): Checking...

I/HtcPowerSaver(  967): >> updateStatus

I/HtcPowerSaver(  967): updateStatus (8000,80,-1,false,false,false,-1)

I/HtcPowerSaver(  967): << updateStatus

D/WifiController(  967): battery changed pluggedType: 2

V/AlarmManager(  967): sending alarm PendingIntent{2c98e3e8: PendingIntentRecord{3ff9ea01 com.hunantv.imgo.activity broadcastIntent}}, i=AlarmTaskScheduleBak.com.hunantv.imgo.activity, t=0, cnt=1, w=1450258989935, Int=0

D/WifiService(  967): New client listening to asynchronous messages

V/AlarmManager(  967): sending alarm PendingIntent{286f248a: PendingIntentRecord{32472719 com.htc.htcpowermanager broadcastIntent}}, i=com.htc.htcpowermanager.action.CALC_POWER, t=1, cnt=1, w=1450258990692, Int=0

I/ActivityManager(  967): Recipient 21597

I/ActivityManager(  967): Process com.htc.htcpowermanager:remote (pid 21597) has died

V/AlarmManager(  967): sending alarm PendingIntent{1022ff56: PendingIntentRecord{1b371bd7 com.netease.newsreader.activity startService}}, i=netease.pomelo.news.push.messageservice_V1, t=1, cnt=1, w=1450258990807, Int=0

D/PMS     (  967): acquireWL(3c8cc4): PARTIAL_WAKE_LOCK  com.netease.pushservice.core.PushServiceNews_V1 0x1 18397 10299 null

D/PMS     (  967): releaseWL(3c8cc4): PARTIAL_WAKE_LOCK  com.netease.pushservice.core.PushServiceNews_V1 0x1 null

D/WifiService(  967): New client listening to asynchronous messages

D/PMS     (  967): acquireWL(28d7b130): PARTIAL_WAKE_LOCK  GpsLocationProvider 0x1 967 1000 null

D/QMI_FW  (  967): QCCI: QMI_CCI_TX: cntl_flag - 00, txn_id - 13b2, msg_id - 004a, msg_len - 0007

D/QMI_FW  (  967): QCCI: QMUXD: xport_send[1 -> 16]: 14 bytes on conn_id=9

D/PMS     (  967): acquireWL(154aa32e): PARTIAL_WAKE_LOCK  LocationManagerService 0x1 967 1000 WorkSource{1000 android}

D/PMS     (  967): releaseWL(28d7b130): PARTIAL_WAKE_LOCK  GpsLocationProvider 0x1 null

D/PMS     (  967): releaseWL(154aa32e): PARTIAL_WAKE_LOCK  LocationManagerService 0x1 WorkSource{1000 android}

D/QMI_FW  (  967): QCCI: QMUXD: xport_rx[1 <- 16]: 14 bytes on conn_id: 9

D/QMI_FW  (  967): QCCI: QMI_CCI_RX: cntl_flag - 02, txn_id - 13b2, msg_id - 004a, msg_len - 0007

D/QMI_FW  (  967): QCCI: QMUXD: xport_rx[1 <- 16]: 14 bytes on conn_id: 9

D/QMI_FW  (  967): QCCI: QMI_CCI_RX: cntl_flag - 04, txn_id - 0000, msg_id - 004a, msg_len - 0007

D/QMI_FW  (  967): QCCI: QMI_CCI_TX: cntl_flag - 00, txn_id - 13b3, msg_id - 0022, msg_len - 0019

D/QMI_FW  (  967): QCCI: QMUXD: xport_send[1 -> 16]: 32 bytes on conn_id=9

D/QMI_FW  (  967): QCCI: QMUXD: xport_rx[1 <- 16]: 14 bytes on conn_id: 9

D/QMI_FW  (  967): QCCI: QMI_CCI_RX: cntl_flag - 02, txn_id - 13b3, msg_id - 0022, msg_len - 0007

D/QMI_FW  (  967): QCCI: QMI_CCI_TX: cntl_flag - 00, txn_id - 13b4, msg_id - 0023, msg_len - 0004

D/QMI_FW  (  967): QCCI: QMUXD: xport_send[1 -> 16]: 11 bytes on conn_id=9

D/QMI_FW  (  967): QCCI: QMUXD: xport_rx[1 <- 16]: 14 bytes on conn_id: 9

D/QMI_FW  (  967): QCCI: QMI_CCI_RX: cntl_flag - 02, txn_id - 13b4, msg_id - 0023, msg_len - 0007

D/QMI_FW  (  967): QCCI: QMI_CCI_TX: cntl_flag - 00, txn_id - 13b5, msg_id - 0039, msg_len - 0021

D/QMI_FW  (  967): QCCI: QMUXD: xport_send[1 -> 16]: 40 bytes on conn_id=9

D/QMI_FW  (  967): QCCI: QMUXD: xport_rx[1 <- 16]: 25 bytes on conn_id: 9

D/QMI_FW  (  967): QCCI: QMI_CCI_RX: cntl_flag - 04, txn_id - 0000, msg_id - 0024, msg_len - 0012

D/QMI_FW  (  967): QCCI: QMUXD: xport_rx[1 <- 16]: 14 bytes on conn_id: 9

D/QMI_FW  (  967): QCCI: QMI_CCI_RX: cntl_flag - 02, txn_id - 13b5, msg_id - 0039, msg_len - 0007

D/QMI_FW  (  967): QCCI: QMUXD: xport_rx[1 <- 16]: 14 bytes on conn_id: 9

D/QMI_FW  (  967): QCCI: QMI_CCI_RX: cntl_flag - 04, txn_id - 0000, msg_id - 0039, msg_len - 0007

D/QMI_FW  (  967): QCCI: QMI_CCI_TX: cntl_flag - 00, txn_id - 13b6, msg_id - 0039, msg_len - 0021

D/QMI_FW  (  967): QCCI: QMUXD: xport_send[1 -> 16]: 40 bytes on conn_id=9

D/QMI_FW  (  967): QCCI: QMUXD: xport_rx[1 <- 16]: 14 bytes on conn_id: 9

D/QMI_FW  (  967): QCCI: QMI_CCI_RX: cntl_flag - 02, txn_id - 13b6, msg_id - 0039, msg_len - 0007

D/QMI_FW  (  967): QCCI: QMUXD: xport_rx[1 <- 16]: 14 bytes on conn_id: 9

D/QMI_FW  (  967): QCCI: QMI_CCI_RX: cntl_flag - 04, txn_id - 0000, msg_id - 0039, msg_len - 0007

W/BroadcastQueue(  967): Permission Denial: broadcasting Intent { act=com.igexin.sdk.action.pushmanager flg=0x10 (has extras) } from com.yiwang (pid=21625, uid=10145) is not exported from uid 10018 due to receiver me.ele/com.igexin.sdk.PushManagerReceiver

I/ActivityManager(  967): Start proc com.yiwang for broadcast com.yiwang/com.igexin.sdk.PushManagerReceiver: pid=22106 uid=10145 gids={50145, 9997, 3003, 1028, 1015} abi=armeabi-v7a

I/ActivityManager(  967): Recipient 21871

D/WifiService(  967): Client connection lost with reason: 4

I/libprocessgroup(  967): Killing pid 21933 in uid 10299 as part of process group 21871

I/libprocessgroup(  967): Killing pid 21933 in uid 10299 as part of process group 21871

I/libprocessgroup(  967): Killing pid 21933 in uid 10299 as part of process group 21871

E/libprocessgroup(  967): failed to kill 1 processes for processgroup 21871

I/ActivityManager(  967): Process com.netease.newsreader.activity (pid 21871) has died

D/WifiService(  967): New client listening to asynchronous messages

W/BroadcastQueue(  967): Permission Denial: broadcasting Intent { act=com.igexin.sdk.action.pushmanager flg=0x10 (has extras) } from com.yiwang (pid=21625, uid=10145) is not exported from uid 10157 due to receiver air.fyzb3/com.igexin.sdk.PushManagerReceiver

W/BroadcastQueue(  967): Permission Denial: broadcasting Intent { act=com.igexin.sdk.action.pushmanager flg=0x10 (has extras) } from com.yiwang (pid=21625, uid=10145) is not exported from uid 10174 due to receiver com.thestore.main/com.igexin.sdk.PushManagerReceiver

W/BroadcastQueue(  967): Permission Denial: broadcasting Intent { act=com.igexin.sdk.action.pushmanager flg=0x10 (has extras) } from com.yiwang (pid=21625, uid=10145) is not exported from uid 10311 due to receiver com.tongbanjie.android/com.igexin.sdk.PushManagerReceiver

W/BroadcastQueue(  967): Permission Denial: broadcasting Intent { act=com.igexin.sdk.action.pushmanager flg=0x10 (has extras) } from com.yiwang (pid=21625, uid=10145) is not exported from uid 10143 due to receiver com.hunantv.imgo.activity/com.igexin.sdk.PushManagerReceiver

W/BroadcastQueue(  967): Permission Denial: broadcasting Intent { act=com.igexin.sdk.action.pushmanager flg=0x10 (has extras) } from com.yiwang (pid=21625, uid=10145) is not exported from uid 10156 due to receiver com.cubic.autohome/com.igexin.sdk.PushManagerReceiver

W/BroadcastQueue(  967): Permission Denial: broadcasting Intent { act=com.igexin.sdk.action.pushmanager flg=0x10 (has extras) } from com.yiwang (pid=21625, uid=10145) is not exported from uid 10135 due to receiver cn.amazon.mShop.android/com.igexin.sdk.PushManagerReceiver

W/BroadcastQueue(  967): Permission Denial: broadcasting Intent { act=com.igexin.sdk.action.pushmanager flg=0x10 (has extras) } from com.hunantv.imgo.activity (pid=21680, uid=10143) is not exported from uid 10018 due to receiver me.ele/com.igexin.sdk.PushManagerReceiver

W/BroadcastQueue(  967): Permission Denial: broadcasting Intent { act=com.igexin.sdk.action.pushmanager flg=0x10 (has extras) } from com.hunantv.imgo.activity (pid=21680, uid=10143) is not exported from uid 10145 due to receiver com.yiwang/com.igexin.sdk.PushManagerReceiver

W/BroadcastQueue(  967): Permission Denial: broadcasting Intent { act=com.igexin.sdk.action.pushmanager flg=0x10 (has extras) } from com.hunantv.imgo.activity (pid=21680, uid=10143) is not exported from uid 10157 due to receiver air.fyzb3/com.igexin.sdk.PushManagerReceiver

W/BroadcastQueue(  967): Permission Denial: broadcasting Intent { act=com.igexin.sdk.action.pushmanager flg=0x10 (has extras) } from com.hunantv.imgo.activity (pid=21680, uid=10143) is not exported from uid 10174 due to receiver com.thestore.main/com.igexin.sdk.PushManagerReceiver

W/BroadcastQueue(  967): Permission Denial: broadcasting Intent { act=com.igexin.sdk.action.pushmanager flg=0x10 (has extras) } from com.hunantv.imgo.activity (pid=21680, uid=10143) is not exported from uid 10311 due to receiver com.tongbanjie.android/com.igexin.sdk.PushManagerReceiver

I/ActivityManager(  967): Start proc com.hunantv.imgo.activity for broadcast com.hunantv.imgo.activity/com.igexin.sdk.PushManagerReceiver: pid=22191 uid=10143 gids={50143, 9997, 1028, 1015, 3003} abi=armeabi-v7a

D/PMS     (  967): acquireWL(3c216051): PARTIAL_WAKE_LOCK  encrypted_tag 0x1 19658 10145 null

I/ActivityManager(  967): Recipient 22106

D/WifiService(  967): Client connection lost with reason: 4

I/ActivityManager(  967): Process com.yiwang (pid 22106) has died

I/ActivityManager(  967): Recipient 21353

I/ActivityManager(  967): Recipient 21944

I/ActivityManager(  967): Process com.htc.zero (pid 21353) has died

D/PMS     (  967): acquireWL(39538790): PARTIAL_WAKE_LOCK  encrypted_tag 0x1 19658 10145 null

D/PMS     (  967): releaseWL(39538790): PARTIAL_WAKE_LOCK  encrypted_tag 0x1 null

D/PMS     (  967): acquireWL(53ec889): PARTIAL_WAKE_LOCK  encrypted_tag 0x1 19658 10145 null

D/PMS     (  967): releaseWL(53ec889): PARTIAL_WAKE_LOCK  encrypted_tag 0x1 null

D/PMS     (  967): acquireWL(3fcb508e): PARTIAL_WAKE_LOCK  encrypted_tag 0x1 19658 10145 null

D/PMS     (  967): releaseWL(3fcb508e): PARTIAL_WAKE_LOCK  encrypted_tag 0x1 null

D/PMS     (  967): acquireWL(37f0c0af): PARTIAL_WAKE_LOCK  encrypted_tag 0x1 19658 10145 null

D/PMS     (  967): releaseWL(37f0c0af): PARTIAL_WAKE_LOCK  encrypted_tag 0x1 null

D/PMS     (  967): acquireWL(22918cbc): PARTIAL_WAKE_LOCK  encrypted_tag 0x1 19658 10145 null

D/PMS     (  967): releaseWL(22918cbc): PARTIAL_WAKE_LOCK  encrypted_tag 0x1 null

D/PMS     (  967): acquireWL(26426445): PARTIAL_WAKE_LOCK  encrypted_tag 0x1 19658 10145 null

D/PMS     (  967): releaseWL(26426445): PARTIAL_WAKE_LOCK  encrypted_tag 0x1 null

I/ActivityManager(  967): Process com.htc.cs.identity (pid 21944) has died

W/ActivityManager(  967): getTasks: caller 10157 does not hold GET_TASKS; limiting output

D/PMS     (  967): releaseWL(3c216051): PARTIAL_WAKE_LOCK  encrypted_tag 0x1 null

D/WifiService(  967): New client listening to asynchronous messages

W/BroadcastQueue(  967): Permission Denial: broadcasting Intent { act=com.igexin.sdk.action.pushmanager flg=0x10 (has extras) } from com.hunantv.imgo.activity (pid=21680, uid=10143) is not exported from uid 10156 due to receiver com.cubic.autohome/com.igexin.sdk.PushManagerReceiver

W/BroadcastQueue(  967): Permission Denial: broadcasting Intent { act=com.igexin.sdk.action.pushmanager flg=0x10 (has extras) } from com.hunantv.imgo.activity (pid=21680, uid=10143) is not exported from uid 10135 due to receiver cn.amazon.mShop.android/com.igexin.sdk.PushManagerReceiver

I/ActivityManager(  967): Recipient 22191

D/WifiService(  967): Client connection lost with reason: 4

I/ActivityManager(  967): Start proc cn.amazon.mShop.android for broadcast cn.amazon.mShop.android/com.amazon.mShop.pushnotification.getui.GetuiMsgReceiver: pid=22230 uid=10135 gids={50135, 9997, 3003, 1028, 1015} abi=armeabi

D/PMS     (  967): acquireWL(dc4b754): PARTIAL_WAKE_LOCK  encrypted_tag 0x1 20076 10143 null

D/PMS     (  967): acquireWL(2b95d6fd): PARTIAL_WAKE_LOCK  encrypted_tag 0x1 20076 10143 null

D/PMS     (  967): releaseWL(2b95d6fd): PARTIAL_WAKE_LOCK  encrypted_tag 0x1 null

D/PMS     (  967): acquireWL(3afbcff2): PARTIAL_WAKE_LOCK  encrypted_tag 0x1 20076 10143 null

D/PMS     (  967): releaseWL(3afbcff2): PARTIAL_WAKE_LOCK  encrypted_tag 0x1 null

D/PMS     (  967): acquireWL(1dbf7643): PARTIAL_WAKE_LOCK  encrypted_tag 0x1 20076 10143 null

D/PMS     (  967): releaseWL(1dbf7643): PARTIAL_WAKE_LOCK  encrypted_tag 0x1 null

D/PMS     (  967): acquireWL(3b5ff4c0): PARTIAL_WAKE_LOCK  encrypted_tag 0x1 20076 10143 null

D/PMS     (  967): releaseWL(3b5ff4c0): PARTIAL_WAKE_LOCK  encrypted_tag 0x1 null

I/ActivityManager(  967): Process com.hunantv.imgo.activity (pid 22191) has died

D/PMS     (  967): acquireWL(10ede5f9): PARTIAL_WAKE_LOCK  encrypted_tag 0x1 20076 10143 null

D/PMS     (  967): releaseWL(10ede5f9): PARTIAL_WAKE_LOCK  encrypted_tag 0x1 null

D/PMS     (  967): acquireWL(8f2f93e): PARTIAL_WAKE_LOCK  encrypted_tag 0x1 20076 10143 null

D/PMS     (  967): releaseWL(8f2f93e): PARTIAL_WAKE_LOCK  encrypted_tag 0x1 null

D/PMS     (  967): acquireWL(1b59339f): PARTIAL_WAKE_LOCK  encrypted_tag 0x1 19658 10145 null

D/PMS     (  967): releaseWL(1b59339f): PARTIAL_WAKE_LOCK  encrypted_tag 0x1 null

D/PMS     (  967): releaseWL(dc4b754): PARTIAL_WAKE_LOCK  encrypted_tag 0x1 null

D/PMS     (  967): acquireWL(1eaf9cec): PARTIAL_WAKE_LOCK  encrypted_tag 0x1 19658 10145 null

D/PMS     (  967): releaseWL(1eaf9cec): PARTIAL_WAKE_LOCK  encrypted_tag 0x1 null

D/PMS     (  967): acquireWL(1d1de8b5): PARTIAL_WAKE_LOCK  encrypted_tag 0x1 19658 10145 null

D/PMS     (  967): releaseWL(1d1de8b5): PARTIAL_WAKE_LOCK  encrypted_tag 0x1 null

D/PMS     (  967): acquireWL(33a16b4a): PARTIAL_WAKE_LOCK  encrypted_tag 0x1 19658 10145 null

D/PMS     (  967): releaseWL(33a16b4a): PARTIAL_WAKE_LOCK  encrypted_tag 0x1 null

V/AlarmManager(  967): sending alarm PendingIntent{86dab08: PendingIntentRecord{3f6fb9cd com.sina.weibo broadcastIntent}}, i=com.sina.heartbeat.action.1004, t=2, cnt=1, w=151339303, Int=0

D/PMS     (  967): acquireWL(10fe72a1): PARTIAL_WAKE_LOCK  encrypted_tag 0x1 20076 10143 null

D/PMS     (  967): releaseWL(10fe72a1): PARTIAL_WAKE_LOCK  encrypted_tag 0x1 null

D/PMS     (  967): acquireWL(cca0cc6): PARTIAL_WAKE_LOCK  encrypted_tag 0x1 20076 10143 null

D/PMS     (  967): releaseWL(cca0cc6): PARTIAL_WAKE_LOCK  encrypted_tag 0x1 null

D/PMS     (  967): acquireWL(290ff487): PARTIAL_WAKE_LOCK  encrypted_tag 0x1 20076 10143 null

D/PMS     (  967): releaseWL(290ff487): PARTIAL_WAKE_LOCK  encrypted_tag 0x1 null

D/PMS     (  967): acquireWL(3fb66fb4): PARTIAL_WAKE_LOCK  encrypted_tag 0x1 20076 10143 null

D/PMS     (  967): releaseWL(3fb66fb4): PARTIAL_WAKE_LOCK  encrypted_tag 0x1 null

V/UsbDeviceManager(  967): [USBNET] USB UEVENT: {USB_STATE=DISCONNECTED, SUBSYSTEM=android_usb, SEQNUM=55811, ACTION=change, DEVPATH=/devices/virtual/android_usb/android0}

V/UsbDeviceManager(  967): [USBNET] USB UEVENT: {SUBSYSTEM=switch, SEQNUM=55812, ACTION=change, SWITCH_STATE=0, SWITCH_NAME=usb_connect2pc, DEVPATH=/devices/virtual/switch/usb_connect2pc}

D/UsbDeviceManager(  967): [USBNET] update2: 105,0

D/UsbDeviceManager(  967): [USBNET] handleMessage: 105; mConnected=true, mConfiguration=true

E/NetlinkEvent(  275): NetlinkEvent::FindParam(): Parameter 'CDROM_TYPE' not found

W/Vold    (  275): Ignoring unknown switch 'usb_connect2pc'

D/PMS     (  967): acquireWL(fee97dd): PARTIAL_WAKE_LOCK  BatteryServiceUpdateStats_3 0x1 967 1000 null

I/BatteryService(  967): n_update end

I/BatSI   (  967): Resetting battery stats: level=80 status=2 dischargeLevel=80 lowAmount=0 highAmount=0

W/ContextImpl(  967): Calling a method in the system process without a qualified user: android.app.ContextImpl.sendStickyBroadcast:1626 com.android.server.usb.UsbDeviceManager$UsbHandler.handleMessage:1676 android.os.Handler.dispatchMessage:102 android.os.Looper.loop:155 android.os.HandlerThread.run:61 

D/UsbDeviceManager(  967): [USBNET] sendStickyBroadcast ACTION_USB_CONNECT2PC: 0

D/BatSI   (  967): send intent S

D/BatteryService_ULog(  967): ULogForBatteryChargingStateChange(80,0) is called

D/PMS     (  967): releaseWL(fee97dd): PARTIAL_WAKE_LOCK  BatteryServiceUpdateStats_3 0x1 null

D/PMS     (  967): acquireWL(cca2f52): PARTIAL_WAKE_LOCK  BatteryServiceUpdateStats_3 0x1 967 1000 null

I/BatteryService(  967): n_update end

D/PMS     (  967): releaseWL(cca2f52): PARTIAL_WAKE_LOCK  BatteryServiceUpdateStats_3 0x1 null

W/ContextImpl(  967): Calling a method in the system process without a qualified user: android.app.ContextImpl.sendBroadcast:1473 com.android.internal.os.BatteryStatsImpl$6.run:11218 android.os.Handler.handleCallback:739 android.os.Handler.dispatchMessage:95 android.os.Looper.loop:155 

D/BatSI   (  967): send intent E

D/HtcPowerSaver(  967): updateBatteryInfo

D/NotificationService(  967): plugged=false pluggin=false

D/PMS     (  967): runPSCheck

D/HtcPowerSaver(  967): Checking...

I/HtcPowerSaver(  967): >> updateStatus

I/HtcPowerSaver(  967): updateStatus (8000,80,-1,false,false,false,-1)

I/HtcPowerSaver(  967): << updateStatus

D/PowerUI ( 2788): update low battery warning: level=80

D/WifiController(  967): battery changed pluggedType: 0

D/MountService(  967): sharing = 0 

D/MountService(  967): Unmount PCTOOL.ISO

D/VoldConnector(  967): SND -> {37 mountISO unmount /system/etc/PCTOOL.ISO /sys/class/android_usb/f_mass_storage/lun0/file}

D/PowerUI ( 2788): plugged = false, health = 2, mBatteryLevel = 80, mPluggedBatteryLevel = 80, mLowBatteryWarningLevel2 = 25, mshowLowChargingWarning2 = true

D/MountService(  967): unmountISO --

D/UsbDeviceManager(  967): [USBNET] handleMessage: 0; mConnected=true, mConfiguration=true

D/UsbDeviceManager(  967): [USBNET] gotDisconnected, disable acm function flag

D/UsbDeviceManager(  967): setEnabledFunctions(mtp,mass_storage; false; mAcmEnabled: false)

D/UsbDeviceManager(  967): send Fake intent while setEnabledFunctions

D/UsbDeviceManager(  967): sendStickyBroadcast: broadcasting Intent { act=android.hardware.usb.action.USB_STATE flg=0x20000000 (has extras) } connected: false configured: false; SetCurrentFunctions= mass_storage,adb

D/UsbDeviceManager(  967): [USBNET] check if ACM should be enabled

D/UsbDeviceManager(  967): Re-send Fake intent due to no setUsbConfig

D/UsbDeviceManager(  967): sendStickyBroadcast: broadcasting Intent { act=android.hardware.usb.action.USB_STATE flg=0x20000000 (has extras) } connected: false configured: false; SetCurrentFunctions= mtp,mass_storage,adb

D/UsbDeviceManager(  967): sendStickyBroadcast: broadcasting Intent { act=android.hardware.usb.action.USB_STATE flg=0x20000000 (has extras) } connected: false configured: false; SetCurrentFunctions= mtp,mass_storage,adb

D/WifiDisplayAdapter(  967): getWifiDisplayStatusLocked: result=WifiDisplayStatus{featureState=3, scanState=0, activeDisplayState=0, activeDisplay=null, displays=[], sessionInfo=WifiDisplaySessionInfo:

D/WifiDisplayAdapter(  967):     Client/Owner: Client

D/WifiDisplayAdapter(  967):     GroupId: 

D/WifiDisplayAdapter(  967):     Passphrase: 

D/WifiDisplayAdapter(  967):     SessionId: 0

D/WifiDisplayAdapter(  967):     IP Address: }

V/AlarmManager(  967): sending alarm PendingIntent{1bd84611: PendingIntentRecord{526e650 com.thestore.main broadcastIntent}}, i=AlarmTaskSchedule.com.thestore.main, t=0, cnt=1, w=1450259000131, Int=0

V/AlarmManager(  967): sending alarm PendingIntent{903b2a5: PendingIntentRecord{79f867a android broadcastIntent}}, i=com.android.server.WifiManager.action.START_SCAN, t=1, cnt=1, w=1450258999698, Int=20000

V/AlarmManager(  967): sending alarm PendingIntent{3dcaddf0: PendingIntentRecord{369fcf69 com.yunos.tvhelper broadcastIntent}}, i=agoo_action_heart, t=1, cnt=1, w=1450258999826, Int=210000

V/AlarmManager(  967): sending alarm PendingIntent{2953376: PendingIntentRecord{34c544a3 cn.amazon.mShop.android broadcastIntent}}, i=AlarmTaskSchedule.cn.amazon.mShop.android, t=0, cnt=1, w=1450259001001, Int=0

D/WifiDisplayAdapter(  967): getWifiDisplayStatusLocked: result=WifiDisplayStatus{featureState=3, scanState=0, activeDisplayState=0, activeDisplay=null, displays=[], sessionInfo=WifiDisplaySessionInfo:

D/WifiDisplayAdapter(  967):     Client/Owner: Client

D/WifiDisplayAdapter(  967):     GroupId: 

D/WifiDisplayAdapter(  967):     Passphrase: 

D/WifiDisplayAdapter(  967):     SessionId: 0

D/WifiDisplayAdapter(  967):     IP Address: }

D/WifiService(  967): New client listening to asynchronous messages

V/AlarmManager(  967): sending alarm PendingIntent{2f991102: PendingIntentRecord{242afbac com.thestore.main broadcastIntent}}, i=AlarmTaskScheduleBak.com.thestore.main, t=0, cnt=1, w=1450259002131, Int=0

D/WifiService(  967): New client listening to asynchronous messages

I/ActivityManager(  967): Start proc com.htc.htcpowermanager:remote for broadcast com.htc.htcpowermanager/.extremepowersaver.ExtremePowerSaverReceiver: pid=22348 uid=1000 gids={41000, 9997, 3002, 3001, 3003, 1028, 1015, 5001, 5011, 3006, 1007, 1023, 5006} abi=armeabi-v7a

W/ContextImpl(22348): Calling a method in the system process without a qualified user: android.app.ContextImpl.startService:1824 android.content.ContextWrapper.startService:515 android.content.ContextWrapper.startService:515 com.htc.htcpowermanager.extremepowersaver.ExtremePowerSaverReceiver.onReceive:67 android.app.ActivityThread.handleReceiver:2712 

W/ContextImpl(15498): Calling a method in the system process without a qualified user: android.app.ContextImpl.stopService:1830 android.content.ContextWrapper.stopService:520 android.content.ContextWrapper.stopService:520 com.android.settings.NSReceiver.onReceive:200 android.app.ActivityThread.handleReceiver:2712 

W/ContextImpl(15498): Calling a method in the system process without a qualified user: android.app.ContextImpl.sendBroadcast:1459 android.content.ContextWrapper.sendBroadcast:376 android.content.ContextWrapper.sendBroadcast:376 com.android.settings.NSReceiver.onReceive:202 android.app.ActivityThread.handleReceiver:2712 

W/ContextImpl(15498): Calling a method in the system process without a qualified user: android.app.ContextImpl.startService:1824 android.content.ContextWrapper.startService:515 android.content.ContextWrapper.startService:515 com.android.settings.ChargeOnlyReceiver.onReceive:24 android.app.ActivityThread.handleReceiver:2712 

I/ActivityManager(  967): Start proc com.nero.android.htc.sync for broadcast com.nero.android.htc.sync/.FOTAReceiver: pid=22373 uid=10077 gids={50077, 9997, 1024, 1023, 3003, 1007, 1028, 1015, 1018} abi=armeabi-v7a

D/WifiService(  967): New client listening to asynchronous messages

W/ContextImpl(  967): Calling a method in the system process without a qualified user: android.app.ContextImpl.sendBroadcast:1459 com.android.server.wifi.WifiStateMachine.sendDongleScanResultsAvailableBroadcast:14114 com.android.server.wifi.WifiStateMachine.handleMediaLinkEvent:14279 com.android.server.wifi.WifiStateMachine.access$5800:265 com.android.server.wifi.WifiStateMachine$SupplicantStartedState.processMessage:8070 

I/ActivityManager(  967): Recipient 22230

D/WifiService(  967): Client connection lost with reason: 4

E/libprocessgroup(  967): failed to kill 1 processes for processgroup 22230

I/ActivityManager(  967): Process cn.amazon.mShop.android (pid 22230) has died

D/PMS     (  967): acquireWL(2ff86180): PARTIAL_WAKE_LOCK  BatteryServiceUpdateStats_3 0x1 967 1000 null

I/BatteryService(  967): n_update end

D/NotificationService(  967): plugged=false pluggin=true

D/PowerUI ( 2788): update low battery warning: level=80

D/WifiController(  967): battery changed pluggedType: 0

D/PowerUI ( 2788): plugged = false, health = 2, mBatteryLevel = 80, mPluggedBatteryLevel = 80, mLowBatteryWarningLevel2 = 25, mshowLowChargingWarning2 = true

D/HtcPowerSaver(  967): updateBatteryInfo

D/PMS     (  967): runPSCheck

D/HtcPowerSaver(  967): Checking...

I/HtcPowerSaver(  967): >> updateStatus

D/PMS     (  967): releaseWL(2ff86180): PARTIAL_WAKE_LOCK  BatteryServiceUpdateStats_3 0x1 null

I/HtcPowerSaver(  967): updateStatus (8000,80,-1,false,false,false,-1)

I/HtcPowerSaver(  967): << updateStatus

D/PMS     (  967): acquireWL(376b3b9): PARTIAL_WAKE_LOCK  BatteryServiceUpdateStats_3 0x1 967 1000 null

I/BatteryService(  967): n_update end

D/BatteryService_ULog(  967): ULogForBatteryChargingStateChange(80,2) is called

D/PMS     (  967): releaseWL(376b3b9): PARTIAL_WAKE_LOCK  BatteryServiceUpdateStats_3 0x1 null

D/PMS     (  967): acquireWL(1e6313fe): PARTIAL_WAKE_LOCK  BatteryServiceUpdateStats_3 0x1 967 1000 null

I/BatteryService(  967): n_update end

D/PMS     (  967): releaseWL(1e6313fe): PARTIAL_WAKE_LOCK  BatteryServiceUpdateStats_3 0x1 null

D/NotificationService(  967): plugged=true pluggin=true

D/PowerUI ( 2788): closing low battery warning: level=80

D/PowerUI ( 2788): plugged = true, health = 2, mBatteryLevel = 80, mPluggedBatteryLevel = 80, mLowBatteryWarningLevel2 = 25, mshowLowChargingWarning2 = true

D/HtcPowerSaver(  967): updateBatteryInfo

D/WifiController(  967): battery changed pluggedType: 2

D/PMS     (  967): runPSCheck

D/HtcPowerSaver(  967): Checking...

I/HtcPowerSaver(  967): >> updateStatus

I/HtcPowerSaver(  967): updateStatus (8000,80,-1,false,false,false,-1)

I/HtcPowerSaver(  967): << updateStatus

I/EntropyMixer(  967): Writing entropy...

D/PMS     (  967): acquireWL(14bb175f): PARTIAL_WAKE_LOCK  BatteryServiceUpdateStats_3 0x1 967 1000 null

I/BatteryService(  967): n_update end

D/PMS     (  967): releaseWL(14bb175f): PARTIAL_WAKE_LOCK  BatteryServiceUpdateStats_3 0x1 null

D/PMS     (  967): acquireWL(74215ac): PARTIAL_WAKE_LOCK  BatteryServiceUpdateStats_3 0x1 967 1000 null

I/BatteryService(  967): n_update end

D/PMS     (  967): releaseWL(74215ac): PARTIAL_WAKE_LOCK  BatteryServiceUpdateStats_3 0x1 null

V/UsbDeviceManager(  967): [USBNET] USB UEVENT: {USB_STATE=CONNECTED, SUBSYSTEM=android_usb, SEQNUM=55828, ACTION=change, DEVPATH=/devices/virtual/android_usb/android0}

V/UsbDeviceManager(  967): [USBNET] USB UEVENT: {SUBSYSTEM=switch, SEQNUM=55829, ACTION=change, SWITCH_STATE=1, SWITCH_NAME=usb_connect2pc, DEVPATH=/devices/virtual/switch/usb_connect2pc}

D/UsbDeviceManager(  967): [USBNET] update2: 105,0

D/UsbDeviceManager(  967): [USBNET] handleMessage: 0; mConnected=false, mConfiguration=false

D/UsbDeviceManager(  967): sendStickyBroadcast: broadcasting Intent { act=android.hardware.usb.action.USB_STATE flg=0x20000000 (has extras) } connected: true configured: false; SetCurrentFunctions= mtp,mass_storage,adb

E/NetlinkEvent(  275): NetlinkEvent::FindParam(): Parameter 'CDROM_TYPE' not found

W/Vold    (  275): Ignoring unknown switch 'usb_connect2pc'

D/UsbDeviceManager(  967): [USBNET] handleMessage: 105; mConnected=true, mConfiguration=false

W/ContextImpl(  967): Calling a method in the system process without a qualified user: android.app.ContextImpl.sendStickyBroadcast:1626 com.android.server.usb.UsbDeviceManager$UsbHandler.handleMessage:1676 android.os.Handler.dispatchMessage:102 android.os.Looper.loop:155 android.os.HandlerThread.run:61 

D/UsbDeviceManager(  967): [USBNET] sendStickyBroadcast ACTION_USB_CONNECT2PC: 1

D/MountService(  967): sharing = 0 

D/MountService(  967): Unmount PCTOOL.ISO

D/VoldConnector(  967): SND -> {38 mountISO unmount /system/etc/PCTOOL.ISO /sys/class/android_usb/f_mass_storage/lun0/file}

D/MountService(  967): unmountISO --

V/UsbDeviceManager(  967): [USBNET] USB UEVENT: {USB_STATE=CONFIGURED, SUBSYSTEM=android_usb, SEQNUM=55830, ACTION=change, DEVPATH=/devices/virtual/android_usb/android0}

D/UsbDeviceManager(  967): [USBNET] handleMessage: 0; mConnected=true, mConfiguration=false

D/UsbDeviceManager(  967): sendStickyBroadcast: broadcasting Intent { act=android.hardware.usb.action.USB_STATE flg=0x20000000 (has extras) } connected: true configured: true; SetCurrentFunctions= mtp,mass_storage,adb

I/ActivityManager(  967): Start proc com.tencent.mm for service com.tencent.mm/.modelfriend.AddrBookObserver$AddrBookService: pid=22420 uid=10251 gids={50251, 9997, 3003, 1028, 1015, 3002, 3001} abi=armeabi

D/WifiService(  967): releaseMulticastLock pid=18875, uid=10128

D/WifiService(  967): removeMulticasterLocked

D/WifiService(  967): acquireMulticastLock pid=18875, uid=10128

V/AlarmManager(  967): sending alarm PendingIntent{23ae20f1: PendingIntentRecord{2a93a4d6 com.UCMobile broadcastIntent}}, i=action_get_his_message, t=1, cnt=1, w=1450259009209, Int=0

I/ActivityManager(  967): Cannot resolve ContentProvider=com.tencent.mm.coolassist.debugprovider

E/ActivityThread(22420): Failed to find provider info for com.tencent.mm.coolassist.debugprovider

D/HtcPowerSaver(  967): updateBatteryInfo

D/PowerUI ( 2788): closing low battery warning: level=80

D/PowerUI ( 2788): plugged = true, health = 2, mBatteryLevel = 80, mPluggedBatteryLevel = 80, mLowBatteryWarningLevel2 = 25, mshowLowChargingWarning2 = true

V/AlarmManager(  967): sending alarm PendingIntent{244efd29: PendingIntentRecord{35fcad4e cn.amazon.mShop.android broadcastIntent}}, i=AlarmTaskSchedule.cn.amazon.mShop.android, t=0, cnt=1, w=1450259010563, Int=0

I/ValidateNoPeople(  967): skipping global notification

D/HtcPowerSaver(  967): updateBatteryInfo

D/PowerUI ( 2788): closing low battery warning: level=80

D/NotificationService(  967): plugged=true pluggin=true

D/WifiController(  967): battery changed pluggedType: 2

D/PowerUI ( 2788): plugged = true, health = 2, mBatteryLevel = 80, mPluggedBatteryLevel = 80, mLowBatteryWarningLevel2 = 25, mshowLowChargingWarning2 = true

D/NotificationService(  967): plugged=true pluggin=true

D/PMS     (  967): runPSCheck

D/HtcPowerSaver(  967): Checking...

I/HtcPowerSaver(  967): >> updateStatus

D/WifiController(  967): battery changed pluggedType: 2

I/HtcPowerSaver(  967): updateStatus (8000,80,-1,false,false,false,-1)

I/HtcPowerSaver(  967): << updateStatus

I/PackageManager(  967):  setEnabledSetting(), pkgName=com.nero.android.htc.sync, clsName=com.nero.android.neroconnect.accounts.Calendar2SyncService, state=1, flag=1, pid=22373, uid=10077, userID:0

W/PackageManager(  967): Failed setComponentEnabledSetting: component class com.nero.android.neroconnect.accounts.Calendar2SyncService does not exist in com.nero.android.htc.sync

I/PackageManager(  967):  setEnabledSetting(), pkgName=com.nero.android.htc.sync, clsName=com.nero.android.neroconnect.accounts.CalendarSyncService, state=2, flag=1, pid=22373, uid=10077, userID:0

W/PackageManager(  967): Failed setComponentEnabledSetting: component class com.nero.android.neroconnect.accounts.CalendarSyncService does not exist in com.nero.android.htc.sync

I/ActivityManager(  967): Start proc com.htc.android.mail:sync for broadcast com.htc.android.mail/.mailservice.UsbStateReceiver: pid=22460 uid=10111 gids={50111, 9997, 3003, 1023, 1028, 1015} abi=armeabi-v7a

V/AlarmManager(  967): sending alarm PendingIntent{3d7a78ae: PendingIntentRecord{35098782 com.alibaba.android.rimet broadcastIntent}}, i=HEART_BEAT, t=0, cnt=1, w=1450259010800, Int=0

W/ActivityManager(  967): getTasks: caller 10324 does not hold GET_TASKS; limiting output

I/ActivityManager(  967): Start proc com.htc.launcher:biclient for broadcast com.htc.launcher/com.htc.BiLogClient.BiLogUploadReceiver: pid=22485 uid=10122 gids={50122, 9997, 3003, 1028, 1015, 5001, 1023} abi=armeabi-v7a

D/WifiService(  967): New client listening to asynchronous messages

D/PMS     (  967): acquireWL(3d382861): PARTIAL_WAKE_LOCK  MailServicePowerLock_0 0x1 22460 10111 null

D/PMS     (  967): releaseWL(3d382861): PARTIAL_WAKE_LOCK  MailServicePowerLock_0 0x1 null

W/ActivityManager(  967): getTasks: caller 10251 does not hold GET_TASKS; limiting output

V/AlarmManager(  967): sending alarm PendingIntent{12c1740d: PendingIntentRecord{3cc88fc2 com.htc.launcher startService}}, i=com.htc.BiLogClient.ACTION_SEND_LOG, t=3, cnt=84, w=900000, Int=1800000

W/ContextImpl(22348): Calling a method in the system process without a qualified user: android.app.ContextImpl.startService:1824 android.content.ContextWrapper.startService:515 android.content.ContextWrapper.startService:515 com.htc.htcpowermanager.smartsync.SmartSyncDataLinkTurnOffReceiver.onReceive:22 android.app.ActivityThread.handleReceiver:2712 

I/ActivityManager(  967): Start proc com.htc.mediamanager for broadcast com.htc.album/com.htc.mediamanager.providers.media.MMReceiver: pid=22529 uid=10102 gids={50102, 9997, 1028, 1015, 3003, 1023, 2001, 3002} abi=armeabi-v7a

V/AlarmManager(  967): sending alarm PendingIntent{255dc110: PendingIntentRecord{148cded0 com.alibaba.android.rimet startService}}, i=app_keep_alive, t=0, cnt=1, w=1450259010800, Int=1200000

V/AlarmManager(  967): sending alarm PendingIntent{1c1e4409: PendingIntentRecord{42f3f38 cn.amazon.mShop.android broadcastIntent}}, i=AlarmTaskScheduleBak.cn.amazon.mShop.android, t=0, cnt=1, w=1450259012563, Int=0

D/PMS     (  967): acquireWL(2e5e17c5): PARTIAL_WAKE_LOCK  ActivityManager-Launch 0x1 967 1000 null

I/ActivityManager(  967): Start proc com.htc.zero for broadcast com.htc.zero/com.htc.BiLogClient.BiLogUploadReceiver: pid=22559 uid=10053 gids={50053, 9997, 1028, 1015, 3003} abi=armeabi-v7a

D/StatusBarManagerService(  967): setSystemUiVisibility(0x40000500)

D/StatusBarManagerService(  967): manageDisableList userId=0 what=0x0 pkg=WindowManager.LayoutParams

D/StatusBarManagerService(  967): hiding MENU key

W/ViewRootImpl(15498): Dropping event due to no window focus: KeyEvent { action=ACTION_DOWN, keyCode=KEYCODE_BACK, scanCode=158, metaState=0, flags=0x48, repeatCount=0, eventTime=82602186, downTime=82602186, deviceId=8, source=0x101 }

W/ActivityManager(  967): Duplicate finish request for ActivityRecord{81ce65a u0 com.android.settings/.SubSettings t8943 f}

D/PMS     (  967): releaseWL(2e5e17c5): PARTIAL_WAKE_LOCK  ActivityManager-Launch 0x1 null

I/ActivityManager(  967): Cannot resolve ContentProvider=com.htc.vowifi

E/ActivityThread(15498): Failed to find provider info for com.htc.vowifi

D/PMS     (  967): acquireWL(8885488): PARTIAL_WAKE_LOCK  ActivityManager-Launch 0x1 967 1000 null

I/ActivityManager(  967): Start proc com.htc.mobiledata for content provider com.htc.mobiledata/.MobileDataProvider: pid=22594 uid=10070 gids={50070, 9997, 3003} abi=armeabi-v7a

D/StatusBarManagerService(  967): setSystemUiVisibility(0x40000700)

D/StatusBarManagerService(  967): manageDisableList userId=0 what=0x0 pkg=WindowManager.LayoutParams

D/StatusBarManagerService(  967): hiding MENU key

I/InputMethodManagerService(  967): Disable input method client, pid=15498

D/StatusBarManagerService(  967): swetImeWindowStatus vis=0 backDisposition=0

I/InputMethodManagerService(  967): Enable input method client, pid=3397

I/ActivityManager(  967): Start proc sogou.mobile.explorer.hotwords for service com.sohu.inputmethod.sogou/sogou.mobile.explorer.hotwords.entrance.SogouInputEntranceService: pid=22614 uid=10172 gids={50172, 9997, 3003, 1028, 1015} abi=armeabi

I/ActivityManager(  967): Start proc com.htc.zero:re_proc for broadcast com.htc.zero/.engine.RelevanceEngineReceiver: pid=22635 uid=10053 gids={50053, 9997, 1028, 1015, 3003} abi=armeabi-v7a

V/AlarmManager(  967): sending alarm PendingIntent{29b95191: PendingIntentRecord{21e818f6 com.htc.zero startService}}, i=com.htc.BiLogClient.ACTION_SEND_LOG, t=3, cnt=84, w=900000, Int=1800000

D/PMS     (  967): releaseWL(8885488): PARTIAL_WAKE_LOCK  ActivityManager-Launch 0x1 null

I/PackageManager(  967):  setEnabledSetting(), pkgName=com.htc.zero, clsName=com.baidu.android.pushservice.PushService, state=2, flag=1, pid=22559, uid=10053, userID:0

I/PackageManager(  967):  setEnabledSetting(), pkgName=com.htc.zero, clsName=com.baidu.android.pushservice.PushServiceReceiver, state=2, flag=1, pid=22559, uid=10053, userID:0

I/PackageManager(  967):  setEnabledSetting(), pkgName=com.htc.zero, clsName=com.baidu.android.pushservice.RegistrationReceiver, state=2, flag=1, pid=22559, uid=10053, userID:0

I/ActivityManager(  967): Start proc com.htc.cs.identity for service com.htc.cs.identity/.authenticator.IdentityService: pid=22666 uid=10112 gids={50112, 9997, 3003} abi=armeabi-v7a

D/PMS     (  967): acquireWL(2d539185): PARTIAL_WAKE_LOCK  StartBackgroundProcessing 0x1 22635 10053 null

D/PMS     (  967): acquireWL(3726aba6): PARTIAL_WAKE_LOCK  ShoeboxComputing 0x1 22635 10053 null

I/ActivityManager(  967): Start proc com.qiyi.video:bdservice_v1 for broadcast com.qiyi.video/com.baidu.android.pushservice.PushServiceReceiver: pid=22686 uid=10005 gids={50005, 9997, 3003, 1028, 1015, 3002} abi=armeabi

I/ActivityManager(  967): Start proc com.htc.cs.dm for service com.htc.cs.dm/.config.service.ConfigManagerBoundService: pid=22706 uid=10032 gids={50032, 9997, 3003} abi=armeabi-v7a

D/PMS     (  967): releaseWL(2d539185): PARTIAL_WAKE_LOCK  StartBackgroundProcessing 0x1 null

D/PMS     (  967): releaseWL(3726aba6): PARTIAL_WAKE_LOCK  ShoeboxComputing 0x1 null

D/StatusBarManagerService(  967): setSystemUiVisibility(0x40000600)

D/StatusBarManagerService(  967): manageDisableList userId=0 what=0x0 pkg=WindowManager.LayoutParams

D/StatusBarManagerService(  967): hiding MENU key

I/ActivityManager(  967): Start proc cn.amazon.mShop.android for broadcast cn.amazon.mShop.android/com.amazon.clouddrive.library.device.receivers.AutoUploadReceiverProxy: pid=22740 uid=10135 gids={50135, 9997, 3003, 1028, 1015} abi=armeabi

D/PMS     (  967): acquireHCC(1a7c1edf): CPU_MIN_FREQ SystemUIScroll_4.0 0x2000 2788 10196 null

D/PMS     (  967): acquireHCC(17bb472c): CPU_MIN_NUM SystemUIScroll_4.0 0x8000 2788 10196 null

D/WifiDisplayAdapter(  967): getWifiDisplayStatusLocked: result=WifiDisplayStatus{featureState=3, scanState=0, activeDisplayState=0, activeDisplay=null, displays=[], sessionInfo=WifiDisplaySessionInfo:

D/WifiDisplayAdapter(  967):     Client/Owner: Client

D/WifiDisplayAdapter(  967):     GroupId: 

D/WifiDisplayAdapter(  967):     Passphrase: 

D/WifiDisplayAdapter(  967):     SessionId: 0

D/WifiDisplayAdapter(  967):     IP Address: }

D/PMS     (  967): releaseHCC(1a7c1edf): CPU_MIN_FREQ SystemUIScroll_4.0 0x2000 null

D/PMS     (  967): releaseHCC(17bb472c): CPU_MIN_NUM SystemUIScroll_4.0 0x8000 null

D/WifiDisplayAdapter(  967): getWifiDisplayStatusLocked: result=WifiDisplayStatus{featureState=3, scanState=0, activeDisplayState=0, activeDisplay=null, displays=[], sessionInfo=WifiDisplaySessionInfo:

D/WifiDisplayAdapter(  967):     Client/Owner: Client

D/WifiDisplayAdapter(  967):     GroupId: 

D/WifiDisplayAdapter(  967):     Passphrase: 

D/WifiDisplayAdapter(  967):     SessionId: 0

D/WifiDisplayAdapter(  967):     IP Address: }

D/PMS     (  967): acquireWL(104d4e2e): PARTIAL_WAKE_LOCK  LocationManagerService 0x1 967 1000 WorkSource{1000 android}

D/PMS     (  967): acquireWL(24507dcf): PARTIAL_WAKE_LOCK  LocationManagerService 0x1 967 1000 WorkSource{10009 android.htc.china.location.service}

D/PMS     (  967): acquireWL(1f8c3665): PARTIAL_WAKE_LOCK  LocationManagerService 0x1 967 1000 WorkSource{10056 com.htc.sense.hsp}

D/QMI_FW  (  967): QCCI: QMI_CCI_TX: cntl_flag - 00, txn_id - 13b7, msg_id - 0039, msg_len - 0021

D/QMI_FW  (  967): QCCI: QMUXD: xport_send[1 -> 16]: 40 bytes on conn_id=9

D/PMS     (  967): releaseWL(24507dcf): PARTIAL_WAKE_LOCK  LocationManagerService 0x1 WorkSource{10009 android.htc.china.location.service}

D/PMS     (  967): releaseWL(104d4e2e): PARTIAL_WAKE_LOCK  LocationManagerService 0x1 WorkSource{1000 android}

D/PMS     (  967): releaseWL(1f8c3665): PARTIAL_WAKE_LOCK  LocationManagerService 0x1 WorkSource{10056 com.htc.sense.hsp}

D/QMI_FW  (  967): QCCI: QMUXD: xport_rx[1 <- 16]: 14 bytes on conn_id: 9

D/QMI_FW  (  967): QCCI: QMI_CCI_RX: cntl_flag - 02, txn_id - 13b7, msg_id - 0039, msg_len - 0007

D/QMI_FW  (  967): QCCI: QMUXD: xport_rx[1 <- 16]: 14 bytes on conn_id: 9

D/QMI_FW  (  967): QCCI: QMI_CCI_RX: cntl_flag - 04, txn_id - 0000, msg_id - 0039, msg_len - 0007

W/ActivityManager(  967): Unable to start service Intent { cmp=sogou.mobile.explorer/.ActivateBrowserService } U=0: not found

D/WifiService(  967): New client listening to asynchronous messages

D/WifiService(  967): New client listening to asynchronous messages

I/ActivityManager(  967): Start proc com.UCMobile for broadcast com.UCMobile/com.ucweb.message.SystemReceiver: pid=22838 uid=10128 gids={50128, 9997, 3003, 1028, 1015} abi=armeabi-v7a

I/PackageManager(  967):  setEnabledSetting(), pkgName=cn.amazon.mShop.android, clsName=com.amazon.identity.auth.device.storage.LambortishClock$ChangeTimestampsBroadcastReceiver, state=1, flag=1, pid=22740, uid=10135, userID:0

I/PackageManager(  967):  setEnabledSetting(), pkgName=cn.amazon.mShop.android, clsName=com.amazon.identity.auth.accounts.SessionUserChangedToAccountForPackageChangedAdpater, state=2, flag=1, pid=22740, uid=10135, userID:0

W/ContextImpl(15498): Calling a method in the system process without a qualified user: android.app.ContextImpl.startService:1824 android.content.ContextWrapper.startService:515 android.content.ContextWrapper.startService:515 com.android.settings.PSReceiver.onReceive:36 android.app.ActivityThread.handleReceiver:2712 

D/WifiDisplayAdapter(  967): getWifiDisplayStatusLocked: result=WifiDisplayStatus{featureState=3, scanState=0, activeDisplayState=0, activeDisplay=null, displays=[], sessionInfo=WifiDisplaySessionInfo:

D/WifiDisplayAdapter(  967):     Client/Owner: Client

D/WifiDisplayAdapter(  967):     GroupId: 

D/WifiDisplayAdapter(  967):     Passphrase: 

D/WifiDisplayAdapter(  967):     SessionId: 0

D/WifiDisplayAdapter(  967):     IP Address: }

W/ContextImpl(22348): Calling a method in the system process without a qualified user: android.app.ContextImpl.startService:1824 android.content.ContextWrapper.startService:515 android.content.ContextWrapper.startService:515 com.htc.htcpowermanager.battery.PowerUsageReceiver.onReceive:13 android.app.ActivityThread.handleReceiver:2712 

I/ActivityManager(  967): Start proc com.htc.mms.backupagent for broadcast com.htc.mms.backupagent/.SMSBroadcastReceiver: pid=22873 uid=10200 gids={50200, 9997} abi=armeabi-v7a

I/ActivityManager(  967): Start proc com.htc.widget.hmsproc1 for broadcast com.htc.htccontactwidgets/.ContactDataChangedReceiverForHtcSmsIntent: pid=22892 uid=10027 gids={50027, 9997} abi=armeabi-v7a

D/PMS     (  967): acquireWL(252f00f0): PARTIAL_WAKE_LOCK  PushService 0x1 22009 10317 null

D/PMS     (  967): releaseWL(252f00f0): PARTIAL_WAKE_LOCK  PushService 0x1 null

W/ContextImpl(22348): Calling a method in the system process without a qualified user: android.app.ContextImpl.startService:1824 android.content.ContextWrapper.startService:515 android.content.ContextWrapper.startService:515 com.htc.htcpowermanager.smartsync.SmartSyncDataLinkTurnOffReceiver.onReceive:22 android.app.ActivityThread.handleReceiver:2712 

I/ActivityManager(  967): Start proc com.fd.httpd for broadcast com.fd.httpd/.FDBroadcastReceiver: pid=22918 uid=10177 gids={50177, 9997, 3003, 1028, 1015} abi=armeabi-v7a

I/PackageManager(  967):  setEnabledSetting(), pkgName=com.tencent.mm, clsName=com.tencent.mm.plugin.nfc_open.ui.NfcWebViewUI, state=2, flag=1, pid=22420, uid=10251, userID:0

W/ContextImpl(22348): Calling a method in the system process without a qualified user: android.app.ContextImpl.startService:1824 android.content.ContextWrapper.startService:515 android.content.ContextWrapper.startService:515 com.htc.htcpowermanager.battery.PowerUsageReceiver.onReceive:13 android.app.ActivityThread.handleReceiver:2712 

D/WifiDisplayAdapter(  967): getWifiDisplayStatusLocked: result=WifiDisplayStatus{featureState=3, scanState=0, activeDisplayState=0, activeDisplay=null, displays=[], sessionInfo=WifiDisplaySessionInfo:

D/WifiDisplayAdapter(  967):     Client/Owner: Client

D/WifiDisplayAdapter(  967):     GroupId: 

D/WifiDisplayAdapter(  967):     Passphrase: 

D/WifiDisplayAdapter(  967):     SessionId: 0

D/WifiDisplayAdapter(  967):     IP Address: }

