D/WifiDisplayAdapter(  967):     Client/Owner: Client

D/WifiDisplayAdapter(  967):     GroupId: 

D/WifiDisplayAdapter(  967):     Passphrase: 

D/WifiDisplayAdapter(  967):     SessionId: 0

D/WifiDisplayAdapter(  967):     IP Address: }

D/ZenLog  (  967): disable_effects: 0|com.android.phone|2|null|1001,booleanState

D/NotificationService(  967): disableEffects=booleanState

D/ZenLog  (  967): disable_effects: 0|com.android.phone|2|null|1001,booleanState

D/NotificationService(  967): disableEffects=booleanState

D/PMS     (  967): acquireWL(1cd2709e): PARTIAL_WAKE_LOCK  LocationManagerService 0x1 967 1000 WorkSource{10056 com.htc.sense.hsp}

D/PMS     (  967): acquireWL(1c1e477f): PARTIAL_WAKE_LOCK  LocationManagerService 0x1 967 1000 WorkSource{1000 android}

D/PMS     (  967): acquireWL(3de7534c): PARTIAL_WAKE_LOCK  LocationManagerService 0x1 967 1000 WorkSource{10009 android.htc.china.location.service}

D/PMS     (  967): acquireWL(fa7cf95): PARTIAL_WAKE_LOCK  LocationManagerService 0x1 967 1000 WorkSource{10056 com.htc.sense.hsp}

D/PMS     (  967): releaseWL(3de7534c): PARTIAL_WAKE_LOCK  LocationManagerService 0x1 WorkSource{10009 android.htc.china.location.service}

D/QMI_FW  (  967): QCCI: QMI_CCI_TX: cntl_flag - 00, txn_id - 13ca, msg_id - 0039, msg_len - 0021

D/QMI_FW  (  967): QCCI: QMUXD: xport_send[1 -> 16]: 40 bytes on conn_id=9

D/PMS     (  967): releaseWL(1c1e477f): PARTIAL_WAKE_LOCK  LocationManagerService 0x1 WorkSource{1000 android}

D/PMS     (  967): releaseWL(fa7cf95): PARTIAL_WAKE_LOCK  LocationManagerService 0x1 WorkSource{10056 com.htc.sense.hsp}

D/PMS     (  967): releaseWL(1cd2709e): PARTIAL_WAKE_LOCK  LocationManagerService 0x1 WorkSource{10056 com.htc.sense.hsp}

D/QMI_FW  (  967): QCCI: QMUXD: xport_rx[1 <- 16]: 14 bytes on conn_id: 9

D/QMI_FW  (  967): QCCI: QMI_CCI_RX: cntl_flag - 02, txn_id - 13ca, msg_id - 0039, msg_len - 0007

D/QMI_FW  (  967): QCCI: QMUXD: xport_rx[1 <- 16]: 14 bytes on conn_id: 9

D/QMI_FW  (  967): QCCI: QMI_CCI_RX: cntl_flag - 04, txn_id - 0000, msg_id - 0039, msg_len - 0007

D/ZenLog  (  967): disable_effects: 0|com.android.phone|2|null|1001,booleanState

D/NotificationService(  967): disableEffects=booleanState

D/ZenLog  (  967): disable_effects: 0|com.android.phone|2|null|1001,booleanState

D/NotificationService(  967): disableEffects=booleanState

D/PMS     (  967): acquireWL(2df0f8aa): PARTIAL_WAKE_LOCK  AudioMix 0x1 0 1013 null

D/PMS     (  967): releaseWL(2df0f8aa): PARTIAL_WAKE_LOCK  AudioMix 0x1 null

D/PMS     (  967): acquireWL(38d9dc9b): PARTIAL_WAKE_LOCK  AudioMix 0x1 0 1013 null

D/PMS     (  967): releaseWL(38d9dc9b): PARTIAL_WAKE_LOCK  AudioMix 0x1 null

D/ZenLog  (  967): disable_effects: 0|com.android.phone|2|null|1001,booleanState

D/NotificationService(  967): disableEffects=booleanState

D/PMS     (  967): releaseWL(bcba2b6): PARTIAL_WAKE_LOCK  ActivityManager-Launch 0x1 null

I/ActivityManager(  967): Killing 22529:com.htc.mediamanager/u0a102 (adj 15): empty #17

I/ActivityManager(  967): Recipient 22529

D/PMS     (  967): acquireWL(10dc5838): PARTIAL_WAKE_LOCK  *alarm* 0x1 967 1000 WorkSource{10174}

V/AlarmManager(  967): sending alarm PendingIntent{402d011: PendingIntentRecord{242afbac com.thestore.main broadcastIntent}}, i=AlarmTaskScheduleBak.com.thestore.main, t=0, cnt=1, w=1450259364678, Int=0

V/AlarmManager(  967): sending alarm PendingIntent{903b2a5: PendingIntentRecord{79f867a android broadcastIntent}}, i=com.android.server.WifiManager.action.START_SCAN, t=1, cnt=1, w=1450259367929, Int=20000

W/ActivityManager(  967): Duplicate finish request for ActivityRecord{73ed873 u0 android/com.android.internal.app.ResolverActivity t8944 f}

D/WifiDisplayAdapter(  967): getWifiDisplayStatusLocked: result=WifiDisplayStatus{featureState=3, scanState=0, activeDisplayState=0, activeDisplay=null, displays=[], sessionInfo=WifiDisplaySessionInfo:

D/WifiDisplayAdapter(  967):     Client/Owner: Client

D/WifiDisplayAdapter(  967):     GroupId: 

D/WifiDisplayAdapter(  967):     Passphrase: 

D/WifiDisplayAdapter(  967):     SessionId: 0

D/WifiDisplayAdapter(  967):     IP Address: }

D/PMS     (  967): releaseWL(10dc5838): PARTIAL_WAKE_LOCK  *alarm* 0x1 WorkSource{1000}

D/ZenLog  (  967): disable_effects: 0|com.android.phone|2|null|1001,booleanState

D/NotificationService(  967): disableEffects=booleanState

D/PMS     (  967): releaseWL(1c3931f2): PARTIAL_WAKE_LOCK  AudioMix 0x1 null

D/ZenLog  (  967): disable_effects: 0|com.android.phone|2|null|1001,booleanState

D/NotificationService(  967): disableEffects=booleanState

D/PMS     (  967): releaseWL(1ae2d325): FULL_WAKE_LOCK  PhoneApp_0 0x1a null

D/PMS     (  967): releaseWL(1f109c1): PARTIAL_WAKE_LOCK  GsmConnection 0x1 null

D/ZenLog  (  967): disable_effects: 0|com.android.phone|2|null|1001,booleanState

D/NotificationService(  967): disableEffects=booleanState

D/ZenLog  (  967): disable_effects: 0|com.android.phone|2|null|1001,booleanState

D/NotificationService(  967): disableEffects=booleanState

W/ContextImpl(  967): Calling a method in the system process without a qualified user: android.app.ContextImpl.sendBroadcast:1459 com.android.server.wifi.WifiStateMachine.sendDongleScanResultsAvailableBroadcast:14114 com.android.server.wifi.WifiStateMachine.handleMediaLinkEvent:14279 com.android.server.wifi.WifiStateMachine.access$5800:265 com.android.server.wifi.WifiStateMachine$SupplicantStartedState.processMessage:8070 

W/ContextImpl(25265): Calling a method in the system process without a qualified user: android.app.ContextImpl.startService:1824 android.content.ContextWrapper.startService:515 android.content.ContextWrapper.startService:515 com.htc.usage.receiver.CallActionReceiver.onReceive:34 android.app.ActivityThread.handleReceiver:2712 

D/TaskPersister(  967): removeObsoleteFile: deleting file=8822_task.xml

D/TaskPersister(  967): removeObsoleteFile: deleting file=8900_task.xml

D/TaskPersister(  967): removeObsoleteFile: deleting file=8822_task_thumbnail.png

D/TaskPersister(  967): removeObsoleteFile: deleting file=8944_task_thumbnail.png

D/PMS     (  967): acquireWL(36efa777): PARTIAL_WAKE_LOCK  BatteryServiceUpdateStats_3 0x1 967 1000 null

I/BatteryService(  967): n_update end

D/PMS     (  967): releaseWL(36efa777): PARTIAL_WAKE_LOCK  BatteryServiceUpdateStats_3 0x1 null

D/HtcPowerSaver(  967): updateBatteryInfo

D/NotificationService(  967): plugged=true pluggin=true

D/PMS     (  967): runPSCheck

D/HtcPowerSaver(  967): Checking...

I/HtcPowerSaver(  967): >> updateStatus

D/WifiController(  967): battery changed pluggedType: 2

D/PowerUI ( 2788): closing low battery warning: level=80

D/PowerUI ( 2788): plugged = true, health = 2, mBatteryLevel = 80, mPluggedBatteryLevel = 80, mLowBatteryWarningLevel2 = 25, mshowLowChargingWarning2 = true

D/QMI_FW  ( 1357): QCCI: QMI_CCI_TX: cntl_flag - 00, txn_id - 0127, msg_id - 00a3, msg_len - 000e

D/QMI_FW  ( 1357): QCCI: QMUXD: xport_send[1 -> 20]: 21 bytes on conn_id=9

I/HtcPowerSaver(  967): updateStatus (8000,80,-1,false,false,false,-1)

I/HtcPowerSaver(  967): << updateStatus

W/ContextImpl(22348): Calling a method in the system process without a qualified user: android.app.ContextImpl.startService:1824 android.content.ContextWrapper.startService:515 android.content.ContextWrapper.startService:515 com.htc.htcpowermanager.smartsync.SmartSyncDataLinkTurnOffReceiver.onReceive:22 android.app.ActivityThread.handleReceiver:2712 

D/QMI_FW  ( 1357): QCCI: QMUXD: xport_rx[1 <- 20]: 28 bytes on conn_id: 9

D/QMI_FW  ( 1357): QCCI: QMI_CCI_RX: cntl_flag - 02, txn_id - 0127, msg_id - 00a3, msg_len - 0015

D/QMI_FW  ( 1357): QCCI: QMI_CCI_TX: cntl_flag - 00, txn_id - 0128, msg_id - 0035, msg_len - 000e

D/QMI_FW  ( 1357): QCCI: QMUXD: xport_send[1 -> 20]: 21 bytes on conn_id=9

W/ContextImpl(  967): Calling a method in the system process without a qualified user: android.app.ContextImpl.startService:1824 android.content.ContextWrapper.startService:515 android.content.ContextWrapper.startService:515 com.htc.smartdim.SystemIntentReceiver.onReceive:114 android.app.ActivityThread.handleReceiver:2712 

D/QMI_FW  ( 1357): QCCI: QMUXD: xport_rx[1 <- 20]: 28 bytes on conn_id: 9

D/QMI_FW  ( 1357): QCCI: QMI_CCI_RX: cntl_flag - 02, txn_id - 0128, msg_id - 0035, msg_len - 0015

D/QMI_FW  ( 1357): QCCI: QMI_CCI_TX: cntl_flag - 00, txn_id - 0129, msg_id - 004c, msg_len - 0019

D/QMI_FW  ( 1357): QCCI: QMUXD: xport_send[1 -> 20]: 32 bytes on conn_id=9

D/QMI_FW  ( 1357): QCCI: QMUXD: xport_rx[1 <- 20]: 28 bytes on conn_id: 9

D/QMI_FW  ( 1357): QCCI: QMI_CCI_RX: cntl_flag - 02, txn_id - 0129, msg_id - 004c, msg_len - 0015

W/ContextImpl(22348): Calling a method in the system process without a qualified user: android.app.ContextImpl.startService:1824 android.content.ContextWrapper.startService:515 android.content.ContextWrapper.startService:515 com.htc.htcpowermanager.smartsync.SmartSyncDataLinkTurnOffReceiver.onReceive:22 android.app.ActivityThread.handleReceiver:2712 

W/ContextImpl(  967): Calling a method in the system process without a qualified user: android.app.ContextImpl.startService:1824 android.content.ContextWrapper.startService:515 android.content.ContextWrapper.startService:515 com.htc.smartdim.SystemIntentReceiver.onReceive:114 android.app.ActivityThread.handleReceiver:2712 

D/XAN-DPC (  967): getPSensorActive=0

D/PMS     (  967): acquireWL(2f2d4413): PARTIAL_WAKE_LOCK  AudioMix 0x1 0 1013 null

D/StatusBarManagerService(  967): manageDisableList userId=0 what=0x0 pkg=com.android.phone

D/NotificationService(  967): onSetDisabled: 0x0

D/PMS     (  967): releaseWL(cd6c954): PROXIMITY_SCREEN_OFF_WAKE_LOCK  PhoneApp_0 0x20 null

D/XAN-DPC (  967): Unregister Proximity Sensor Listener

D/PMS     (  967): releaseWL(33c380fd): PARTIAL_WAKE_LOCK  HtcAngleDetector 0x1 null

D/PMS     (  967): acquireWL(31a7228b): SCREEN_BRIGHT_WAKE_LOCK  ON_AFTER_RELEASE WindowManager 0x2000000a 967 1000 WorkSource{1001}

D/QMI_FW  ( 1357): QCCI: QMI_CCI_TX: cntl_flag - 00, txn_id - 012a, msg_id - 004c, msg_len - 0019

D/QMI_FW  ( 1357): QCCI: QMUXD: xport_send[1 -> 20]: 32 bytes on conn_id=9

D/QMI_FW  ( 1357): QCCI: QMUXD: xport_rx[1 <- 20]: 28 bytes on conn_id: 9

D/QMI_FW  ( 1357): QCCI: QMI_CCI_RX: cntl_flag - 02, txn_id - 012a, msg_id - 004c, msg_len - 0015

D/PMS     (  967): acquireWL(1d6ca826): PARTIAL_WAKE_LOCK  AudioMix 0x1 0 1013 null

D/QMI_FW  ( 1357): QCCI: QMI_CCI_TX: cntl_flag - 00, txn_id - 012b, msg_id - 0058, msg_len - 000e

D/QMI_FW  ( 1357): QCCI: QMUXD: xport_send[1 -> 20]: 21 bytes on conn_id=9

I/ActivityManager(  967): moveTaskToBack: TaskRecord{2397d295 #8900 A=com.android.phone.InCallScreen U=0 sz=1}

D/QMI_FW  ( 1357): QCCI: QMUXD: xport_rx[1 <- 20]: 28 bytes on conn_id: 9

D/QMI_FW  ( 1357): QCCI: QMI_CCI_RX: cntl_flag - 02, txn_id - 012b, msg_id - 0058, msg_len - 0015

D/QMI_FW  ( 1357): QCCI: QMI_CCI_TX: cntl_flag - 00, txn_id - 012c, msg_id - 0035, msg_len - 000e

D/QMI_FW  ( 1357): QCCI: QMUXD: xport_send[1 -> 20]: 21 bytes on conn_id=9

D/QMI_FW  ( 1357): QCCI: QMUXD: xport_rx[1 <- 20]: 28 bytes on conn_id: 9

D/QMI_FW  ( 1357): QCCI: QMI_CCI_RX: cntl_flag - 02, txn_id - 012c, msg_id - 0035, msg_len - 0015

D/QMI_FW  ( 1357): QCCI: QMI_CCI_TX: cntl_flag - 00, txn_id - 012d, msg_id - 0056, msg_len - 0012

D/QMI_FW  ( 1357): QCCI: QMUXD: xport_send[1 -> 20]: 25 bytes on conn_id=9

D/QMI_FW  ( 1357): QCCI: QMUXD: xport_rx[1 <- 20]: 28 bytes on conn_id: 9

D/QMI_FW  ( 1357): QCCI: QMI_CCI_RX: cntl_flag - 02, txn_id - 012d, msg_id - 0056, msg_len - 0015

D/QMI_FW  ( 1357): QCCI: QMI_CCI_TX: cntl_flag - 00, txn_id - 012e, msg_id - 002a, msg_len - 000f

D/QMI_FW  ( 1357): QCCI: QMUXD: xport_send[1 -> 20]: 22 bytes on conn_id=9

D/PMS     (  967): acquireWL(15e35c67): PARTIAL_WAKE_LOCK  ActivityManager-Launch 0x1 967 1000 null

D/QMI_FW  ( 1357): QCCI: QMUXD: xport_rx[1 <- 20]: 14 bytes on conn_id: 9

D/QMI_FW  ( 1357): QCCI: QMI_CCI_RX: cntl_flag - 02, txn_id - 012e, msg_id - 002a, msg_len - 0007

D/QMI_FW  ( 1357): QCCI: QMI_CCI_TX: cntl_flag - 00, txn_id - 012f, msg_id - 002a, msg_len - 0013

D/QMI_FW  ( 1357): QCCI: QMUXD: xport_send[1 -> 20]: 26 bytes on conn_id=9

D/QMI_FW  ( 1357): QCCI: QMUXD: xport_rx[1 <- 20]: 14 bytes on conn_id: 9

D/QMI_FW  ( 1357): QCCI: QMI_CCI_RX: cntl_flag - 02, txn_id - 012f, msg_id - 002a, msg_len - 0007

D/PMS     (  967): releaseWL(1d6ca826): PARTIAL_WAKE_LOCK  AudioMix 0x1 null

D/PMS     (  967): acquireWL(369fea14): PARTIAL_WAKE_LOCK  AudioMix 0x1 0 1013 null

D/PMS     (  967): releaseWL(369fea14): PARTIAL_WAKE_LOCK  AudioMix 0x1 null

D/PMS     (  967): acquireWL(1ae0f2bd): PARTIAL_WAKE_LOCK  AudioMix 0x1 0 1013 null

D/PMS     (  967): releaseWL(1ae0f2bd): PARTIAL_WAKE_LOCK  AudioMix 0x1 null

D/PMS     (  967): acquireWL(36eb20b2): PARTIAL_WAKE_LOCK  AudioMix 0x1 0 1013 null

D/PMS     (  967): releaseWL(36eb20b2): PARTIAL_WAKE_LOCK  AudioMix 0x1 null

D/PMS     (  967): acquireWL(1bf5803): PARTIAL_WAKE_LOCK  AudioMix 0x1 0 1013 null

D/PMS     (  967): releaseWL(1bf5803): PARTIAL_WAKE_LOCK  AudioMix 0x1 null

D/PMS     (  967): acquireWL(209b9380): PARTIAL_WAKE_LOCK  AudioMix 0x1 0 1013 null

D/PMS     (  967): releaseWL(209b9380): PARTIAL_WAKE_LOCK  AudioMix 0x1 null

D/PMS     (  967): acquireWL(1e2efdb9): PARTIAL_WAKE_LOCK  AudioMix 0x1 0 1013 null

D/PMS     (  967): releaseWL(1e2efdb9): PARTIAL_WAKE_LOCK  AudioMix 0x1 null

D/PMS     (  967): acquireWL(216695fe): PARTIAL_WAKE_LOCK  AudioMix 0x1 0 1013 null

D/PMS     (  967): releaseWL(216695fe): PARTIAL_WAKE_LOCK  AudioMix 0x1 null

D/PMS     (  967): acquireWL(3ad5715f): PARTIAL_WAKE_LOCK  AudioMix 0x1 0 1013 null

D/PMS     (  967): releaseWL(3ad5715f): PARTIAL_WAKE_LOCK  AudioMix 0x1 null

D/PMS     (  967): acquireWL(23e667ac): PARTIAL_WAKE_LOCK  AudioMix 0x1 0 1013 null

D/PMS     (  967): releaseWL(23e667ac): PARTIAL_WAKE_LOCK  AudioMix 0x1 null

D/PMS     (  967): acquireWL(17b8bc75): PARTIAL_WAKE_LOCK  AudioMix 0x1 0 1013 null

D/PMS     (  967): releaseWL(17b8bc75): PARTIAL_WAKE_LOCK  AudioMix 0x1 null

D/PMS     (  967): acquireWL(1a92140a): PARTIAL_WAKE_LOCK  AudioMix 0x1 0 1013 null

D/PMS     (  967): releaseWL(1a92140a): PARTIAL_WAKE_LOCK  AudioMix 0x1 null

D/PMS     (  967): acquireWL(1c09c47b): PARTIAL_WAKE_LOCK  AudioMix 0x1 0 1013 null

D/PMS     (  967): releaseWL(1c09c47b): PARTIAL_WAKE_LOCK  AudioMix 0x1 null

D/PMS     (  967): acquireWL(1c285298): PARTIAL_WAKE_LOCK  AudioMix 0x1 0 1013 null

D/PMS     (  967): releaseWL(1c285298): PARTIAL_WAKE_LOCK  AudioMix 0x1 null

D/PMS     (  967): acquireWL(3fe5aaf1): PARTIAL_WAKE_LOCK  AudioMix 0x1 0 1013 null

D/PMS     (  967): releaseWL(3fe5aaf1): PARTIAL_WAKE_LOCK  AudioMix 0x1 null

D/PMS     (  967): acquireWL(164566d6): PARTIAL_WAKE_LOCK  AudioMix 0x1 0 1013 null

I/ActivityManager(  967): moveTaskToBack: TaskRecord{2397d295 #8900 A=com.android.phone.InCallScreen U=0 sz=1}

D/PMS     (  967): releaseWL(164566d6): PARTIAL_WAKE_LOCK  AudioMix 0x1 null

D/PMS     (  967): acquireWL(662d57): PARTIAL_WAKE_LOCK  AudioMix 0x1 0 1013 null

D/PMS     (  967): releaseWL(662d57): PARTIAL_WAKE_LOCK  AudioMix 0x1 null

D/PMS     (  967): acquireWL(359c0044): PARTIAL_WAKE_LOCK  AudioMix 0x1 0 1013 null

D/PMS     (  967): releaseWL(359c0044): PARTIAL_WAKE_LOCK  AudioMix 0x1 null

D/PMS     (  967): acquireWL(1419052d): PARTIAL_WAKE_LOCK  AudioMix 0x1 0 1013 null

D/PMS     (  967): releaseWL(1419052d): PARTIAL_WAKE_LOCK  AudioMix 0x1 null

D/PMS     (  967): acquireWL(1c091a62): PARTIAL_WAKE_LOCK  AudioMix 0x1 0 1013 null

D/PMS     (  967): releaseWL(1c091a62): PARTIAL_WAKE_LOCK  AudioMix 0x1 null

D/PMS     (  967): acquireWL(3fb647f3): PARTIAL_WAKE_LOCK  AudioMix 0x1 0 1013 null

D/StatusBarManagerService(  967): manageDisableList userId=0 what=0x0 pkg=com.android.systemui

D/PMS     (  967): releaseWL(3fb647f3): PARTIAL_WAKE_LOCK  AudioMix 0x1 null

D/PMS     (  967): acquireWL(aadc729): PARTIAL_WAKE_LOCK  AudioMix 0x1 0 1013 null

D/PMS     (  967): releaseWL(aadc729): PARTIAL_WAKE_LOCK  AudioMix 0x1 null

D/StatusBarManagerService(  967): setSystemUiVisibility(0x40000700)

D/StatusBarManagerService(  967): manageDisableList userId=0 what=0x0 pkg=WindowManager.LayoutParams

D/StatusBarManagerService(  967): hiding MENU key

D/PMS     (  967): acquireWL(1a2191c8): PARTIAL_WAKE_LOCK  AudioMix 0x1 0 1013 null

D/PMS     (  967): releaseWL(1a2191c8): PARTIAL_WAKE_LOCK  AudioMix 0x1 null

I/InputMethodManagerService(  967): Disable input method client, pid=2934

D/StatusBarManagerService(  967): swetImeWindowStatus vis=0 backDisposition=0

I/InputMethodManagerService(  967): Enable input method client, pid=3397

D/PMS     (  967): releaseWL(15e35c67): PARTIAL_WAKE_LOCK  ActivityManager-Launch 0x1 null

D/PMS     (  967): acquireWL(de33186): PARTIAL_WAKE_LOCK  ServiceStateTracker 0x1 2934 1001 null

D/AlarmManager(  967): Ignore time set to 1450259374022 in setTime(); too close to current time 1450259374458

D/PMS     (  967): releaseWL(de33186): PARTIAL_WAKE_LOCK  ServiceStateTracker 0x1 null

D/PMS     (  967): releaseWL(2f2d4413): PARTIAL_WAKE_LOCK  AudioMix 0x1 null

D/TaskPersister(  967): removeObsoleteFile: deleting file=8900_task_thumbnail.png

D/PMS     (  967): releaseWL(31a7228b): SCREEN_BRIGHT_WAKE_LOCK  ON_AFTER_RELEASE WindowManager 0x2000000a WorkSource{1001}

D/PMS     (  967): acquireWL(3f72939d): PARTIAL_WAKE_LOCK  *alarm* 0x1 967 1000 WorkSource{10324}

V/AlarmManager(  967): sending alarm PendingIntent{3530e012: PendingIntentRecord{2c9c0718 com.eg.android.AlipayGphone broadcastIntent}}, i=com.eg.android.AlipayGphone.push.action.CHECK, t=0, cnt=1, w=1450259377653, Int=0

W/ActivityManager(  967): getTasks: caller 10324 does not hold GET_TASKS; limiting output

D/PMS     (  967): releaseWL(3f72939d): PARTIAL_WAKE_LOCK  *alarm* 0x1 WorkSource{10324}

W/ActivityManager(  967): Unable to start service Intent { act=com.youku.pushsdk.pushservice.FRIEND cmp=com.youku.phone/com.youku.pushsdk.service.PushService (has extras) } U=0: not found

W/ActivityManager(  967): getTasks: caller 10324 does not hold GET_TASKS; limiting output

I/ActivityManager(  967): Start proc com.htc.mms.backupagent for broadcast com.htc.mms.backupagent/.SMSBroadcastReceiver: pid=25954 uid=10200 gids={50200, 9997} abi=armeabi-v7a

I/ActivityManager(  967): Start proc com.htc.widget.hmsproc1 for broadcast com.htc.htccontactwidgets/.ContactDataChangedReceiverForHtcSmsIntent: pid=25983 uid=10027 gids={50027, 9997} abi=armeabi-v7a

I/ActivityManager(  967): Killing 24997:com.htc.android.mail:sync/u0a111 (adj 15): empty #17

I/ActivityManager(  967): Recipient 24997

D/WifiService(  967): Client connection lost with reason: 4

I/ActivityManager(  967): Killing 22559:com.htc.zero/u0a53 (adj 15): empty #17

I/ActivityManager(  967): Recipient 22559

D/PMS     (  967): acquireWL(fe9cc99): PARTIAL_WAKE_LOCK  *alarm* 0x1 967 1000 WorkSource{10251}

V/AlarmManager(  967): sending alarm PendingIntent{358539b5: PendingIntentRecord{384ce84a com.tencent.mm broadcastIntent}}, i=com.tencent.mm.TrafficStatsReceiver, t=3, cnt=1, w=151719672, Int=300000

V/AlarmManager(  967): sending alarm PendingIntent{2485fe45: PendingIntentRecord{ee4799a air.fyzb3 broadcastIntent}}, i=fyzb.alam.action, t=3, cnt=1, w=151723300, Int=60000

V/AlarmManager(  967): sending alarm PendingIntent{2aa70b3f: PendingIntentRecord{3f9def9c com.dangdang.buy2 broadcastIntent}}, i=io.rong.push.HeartBeat, t=3, cnt=1, w=151723899, Int=0

D/PMS     (  967): acquireWL(472c0c): PARTIAL_WAKE_LOCK  wake:com.dangdang.buy2/io.rong.push.PushService 0x1 15350 10139 null

D/PMS     (  967): releaseWL(fe9cc99): PARTIAL_WAKE_LOCK  *alarm* 0x1 WorkSource{10139}

D/ActivityManager(  967): deliveredStarts size = 303, ServiceRecord{3c937711 u0 com.dangdang.buy2/io.rong.push.PushService}

D/PMS     (  967): releaseWL(472c0c): PARTIAL_WAKE_LOCK  wake:com.dangdang.buy2/io.rong.push.PushService 0x1 null

--------- beginning of main

E/WifiStateMachine(  967): fetchRssiLinkSpeedAndFrequencyNative rssi=-57 linkspeed=58

E/WifiConfigStore(  967): updateConfiguration freq=5785 BSSID=1c:aa:07:f5:96:bf RSSI=-57 "alibaba-inc"WPA_EAP

E/WifiStateMachine(  967): calculateWifiScore freq=5785 speed=58 score=60 highRSSI  -> txbadrate=0.00 txgoodrate=2.01 txretriesrate=0.00 rxrate=90.38 userTriggerdPenalty0

E/WifiStateMachine(  967):  good link -> stuck count =0

E/WifiStateMachine(  967):  badRSSI count0 lowRSSI count0 --> score 56

E/WifiStateMachine(  967):  isHighRSSI       ---> score=61

D/WifiWatchdogStateMachine(  967): RSSI current: 3 new: -57, 3

E/WifiStateMachine(  967): handleMessage: X

E/WifiTrafficPoller(  967): TRAFFIC_STATS_POLL true Token 929 num clients 46

E/WifiTrafficPoller(  967):  packet count Tx=378722 Rx=498125

E/WifiTrafficPoller(  967): TRAFFIC_STATS_POLL true Token 929 num clients 46

E/WifiTrafficPoller(  967):  packet count Tx=378722 Rx=498204

I/nativeProcess(18972): iqiyi message: create--runOnSubprocess isProcessExist true

I/nativeProcess(18972): iqiyi message: ==== do something  executeCmd isProcessExist true =====

E/WifiStateMachine(  967): handleMessage: E msg.what=131143

E/WifiStateMachine(  967): processMsg: ConnectedState

E/WifiStateMachine(  967):  ConnectedState !CMD_START_SCAN 10009 3695 ic=1013 proc(ms):2 dur:3723 rssi=-57 f=5785 sc=60 link=58 tx=2.0, 0.0, 0.0  rx=90.4 fiv=40000 [on:0 tx:0 rx:0 period:1611] from screen [on:0 period:-1439556386]

E/WifiStateMachine(  967): processMsg: L2ConnectedState

E/WifiStateMachine(  967):  L2ConnectedState !CMD_START_SCAN 10009 3695 ic=1013 proc(ms):4 dur:3723 rssi=-57 f=5785 sc=60 link=58 tx=2.0, 0.0, 0.0  rx=90.4 fiv=40000 [on:0 tx:0 rx:0 period:2] from screen [on:0 period:-1439556384]

E/WifiStateMachine(  967): WifiStateMachine CMD_START_SCAN source 10009 txSuccessRate=2.01 rxSuccessRate=90.38 targetRoamBSSID=1c:aa:07:f5:96:bf RSSI=-57

D/WifiDisplayAdapter(  967): getWifiDisplayStatusLocked: result=WifiDisplayStatus{featureState=3, scanState=0, activeDisplayState=0, activeDisplay=null, displays=[], sessionInfo=WifiDisplaySessionInfo:

D/WifiDisplayAdapter(  967):     Client/Owner: Client

D/WifiDisplayAdapter(  967):     GroupId: 

D/WifiDisplayAdapter(  967):     Passphrase: 

D/WifiDisplayAdapter(  967):     SessionId: 0

D/WifiDisplayAdapter(  967):     IP Address: }

W/WifiHW  (  967): QCOM Debug wifi_send_command "IFNAME=wlan0 SCAN TYPE=ONLY"

D/wpa_supplicant( 8936): wlan0: Control interface command 'SCAN TYPE=ONLY'

D/wpa_supplicant( 8936): wlan0: Setting scan request: 0.000000 sec

I/wpa_supplicant( 8936): wpa_supplicant_scan enter

D/wpa_supplicant( 8936): wlan0: Starting AP scan for wildcard SSID

D/wpa_supplicant( 8936): WPS: Building WPS IE for Probe Request

D/wpa_supplicant( 8936): WPS:  * Version (hardcoded 0x10)

D/wpa_supplicant( 8936): WPS:  * Request Type

D/wpa_supplicant( 8936): WPS:  * Config Methods (4288)

D/wpa_supplicant( 8936): WPS:  * UUID-E

D/wpa_supplicant( 8936): WPS:  * Primary Device Type

D/wpa_supplicant( 8936): WPS:  * RF Bands (3)

D/wpa_supplicant( 8936): WPS:  * Association State

D/wpa_supplicant( 8936): WPS:  * Configuration Error (0)

D/wpa_supplicant( 8936): WPS:  * Device Password ID (0)

D/wpa_supplicant( 8936): WPS:  * Manufacturer

D/wpa_supplicant( 8936): WPS:  * Model Name

D/wpa_supplicant( 8936): WPS:  * Model Number

D/wpa_supplicant( 8936): WPS:  * Device Name

D/wpa_supplicant( 8936): WPS:  * Version2 (0x20)

D/wpa_supplicant( 8936): P2P: * P2P IE header

D/wpa_supplicant( 8936): P2P: * Capability dev=25 group=00

D/wpa_supplicant( 8936): P2P: * Listen Channel: Regulatory Class 81 Channel 11

D/wpa_supplicant( 8936): wlan0: Add radio work 'scan'@0xb8197460

D/wpa_supplicant( 8936): wlan0: First radio work item in the queue - schedule start immediately

D/wpa_supplicant( 8936): wlan0: Starting radio work 'scan'@0xb8197460 after 0.000122 second wait

D/wpa_supplicant( 8936): wlan0: nl80211: scan request

D/wpa_supplicant( 8936): nl80211: Scan SSID - hexdump(len=0): [NULL]

D/wpa_supplicant( 8936): nl80211: Scan extra IEs - hexdump(len=170): dd 86 00 50 f2 04 10 4a 00 01 10 10 3a 00 01 00 10 08 00 02 42 88 10 47 00 10 12 34 56 78 9a bc ...

D/wpa_supplicant( 8936): Scan requested (ret=0) - scan timeout 30 seconds

D/wpa_supplicant( 8936): nl80211: Event message available

D/wpa_supplicant( 8936): nl80211: Drv Event 33 (NL80211_CMD_TRIGGER_SCAN) received for wlan0

D/wpa_supplicant( 8936): wlan0: nl80211: Scan trigger

D/wpa_supplicant( 8936): wlan0: Event SCAN_STARTED (49) received

D/wpa_supplicant( 8936): wlan0: Own scan request started a scan in 0.000305 seconds

I/wpa_supplicant( 8936): wlan0: CTRL-EVENT-SCAN-STARTED 

D/wpa_supplicant( 8936): CTRL_IFACE monitor sent successfully to /data/misc/wifi/sockets/wpa_ctrl_967-9\x00

D/WifiMonitor(  967): Event [IFNAME=wlan0 CTRL-EVENT-SCAN-STARTED ]

E/WifiMonitor(  967): WifiMonitor:wlan0 cnt=24871 dispatchEvent: CTRL-EVENT-SCAN-STARTED 

E/WifiMonitor(  967): handleEvent 14  CTRL-EVENT-SCAN-STARTED 

E/WifiMonitor(  967): handleEvent unknown: 14  CTRL-EVENT-SCAN-STARTED 

E/WifiStateMachine(  967): [1,450,259,389,671 ms] noteScanstart no scan source

E/WifiStateMachine(  967): handleMessage: X

E/WifiTrafficPoller(  967): TRAFFIC_STATS_POLL true Token 929 num clients 46

E/WifiTrafficPoller(  967):  packet count Tx=378724 Rx=498224

E/WifiTrafficPoller(  967): notifying of data activity 3

E/WifiStateMachine(  967): handleMessage: E msg.what=131155

E/WifiStateMachine(  967): processMsg: ConnectedState

E/WifiStateMachine(  967):  ConnectedState !CMD_RSSI_POLL 228 0 "alibaba-inc" 1c:aa:07:f5:96:bf rssi=-57 f=5785 sc=60 link=58 tx=2.0, 0.0, 0.0  rx=90.4 bcn=0 [on:0 tx:0 rx:0 period:1352] from screen [on:0 period:-1439555024] gl rssi=-57 ag=0 hr ticks 1,2,12 ls-=0 [56,56,56,56,61] brc=0 lrc=0

E/WifiStateMachine(  967): processMsg: L2ConnectedState

E/WifiStateMachine(  967):  L2ConnectedState !CMD_RSSI_POLL 228 0 "alibaba-inc" 1c:aa:07:f5:96:bf rssi=-57 f=5785 sc=60 link=58 tx=2.0, 0.0, 0.0  rx=90.4 bcn=0 [on:0 tx:0 rx:0 period:3] from screen [on:0 period:-1439555021] gl rssi=-57 ag=0 hr ticks 1,2,12 ls-=0 [56,56,56,56,61] brc=0 lrc=0

E/WifiStateMachine(  967):  get link layer stats 0

W/WifiHW  (  967): QCOM Debug wifi_send_command "IFNAME=wlan0 SIGNAL_POLL"

D/wpa_supplicant( 8936): wlan0: Control interface command 'SIGNAL_POLL'

I/wpa_supplicant( 8936): environment dirty rate=0 [4][0][0]

E/WifiStateMachine(  967): fetchRssiLinkSpeedAndFrequencyNative RSSI = -59 abnormalRssiCnt = 0 newLinkSpeed = 58

E/WifiStateMachine(  967): fetchRssiLinkSpeedAndFrequencyNative rssi=-59 linkspeed=58

E/WifiConfigStore(  967): updateConfiguration freq=5785 BSSID=1c:aa:07:f5:96:bf RSSI=-58 "alibaba-inc"WPA_EAP

E/WifiStateMachine(  967): calculateWifiScore freq=5785 speed=58 score=60 highRSSI  -> txbadrate=0.00 txgoodrate=3.00 txretriesrate=0.00 rxrate=118.69 userTriggerdPenalty0

E/WifiStateMachine(  967):  good link -> stuck count =0

E/WifiStateMachine(  967):  badRSSI count0 lowRSSI count0 --> score 56

E/WifiStateMachine(  967):  isHighRSSI       ---> score=61

D/WifiWatchdogStateMachine(  967): RSSI current: 3 new: -59, 3

E/WifiStateMachine(  967): handleMessage: X

E/WifiTrafficPoller(  967): TRAFFIC_STATS_POLL true Token 929 num clients 46

E/WifiTrafficPoller(  967):  packet count Tx=378726 Rx=498255

E/WifiTrafficPoller(  967): TRAFFIC_STATS_POLL true Token 929 num clients 46

E/WifiTrafficPoller(  967):  packet count Tx=378726 Rx=498284

E/WifiTrafficPoller(  967): notifying of data activity 1

E/WifiDataStallTracker(  967): DATA_MONITOR_POLL true Token 270

D/WifiDataStallTracker(  967): updateDataStallInfo: mDataStallTxRxSum={txSum=290294 rxSum=212557} preTxRxSum={txSum=290290 rxSum=212556}

D/WifiDataStallTracker(  967): updateDataStallInfo: IN/OUT

D/WifiDataStallTracker(  967): onDataStallAlarm: Sent 0 pkts since last received, < watchdogTrigger=5

E/WifiTrafficPoller(  967): TRAFFIC_STATS_POLL true Token 929 num clients 46

E/WifiTrafficPoller(  967):  packet count Tx=378726 Rx=498330

D/wpa_supplicant( 8936): nl80211: Event message available

D/wpa_supplicant( 8936): nl80211: Drv Event 34 (NL80211_CMD_NEW_SCAN_RESULTS) received for wlan0

D/wpa_supplicant( 8936): wlan0: nl80211: New scan results available

D/wpa_supplicant( 8936): nl80211: Scan included frequencies:

D/wpa_supplicant( 8936): wlan0: Event SCAN_RESULTS (3) received

I/wpa_supplicant( 8936): Got an original EVENT_SCAN_RESULTS

D/wpa_supplicant( 8936): wlan0: Scan completed in 3.659668 seconds

D/wpa_supplicant( 8936): nl80211: Associated on 5785 MHz

D/wpa_supplicant( 8936): nl80211: Associated with 1c:aa:07:f5:96:bf

D/wpa_supplicant( 8936): nl80211: Received scan results (36 BSSes)

D/wpa_supplicant( 8936): nl80211: Scan results indicate BSS status with 1c:aa:07:f5:96:bf as associated

D/wpa_supplicant( 8936): Sorted scan results

D/wpa_supplicant( 8936): 1c:aa:07:f5:96:bf freq=5785 qual=0 noise=0 level=-59 flags=0x2b age=0

I/wpa_supplicant( 8936): [NULL] 1c:aa:07:f5:96:bf freq=5785 level=-59

D/wpa_supplicant( 8936): IEs - hexdump(len=256): 00 0b 61 6c 69 62 61 62 61 2d 69 6e 63 01 06 98 24 30 48 60 6c 07 06 43 4e 20 95 05 1e 0b 05 23 ...

D/wpa_supplicant( 8936): 84:b2:61:be:4e:90 freq=2447 qual=0 noise=0 level=-55 flags=0xb age=0

I/wpa_supplicant( 8936): [NULL] 84:b2:61:be:4e:90 freq=2447 level=-55

D/wpa_supplicant( 8936): IEs - hexdump(len=276): 00 0c 61 6c 69 62 61 62 61 2d 74 65 73 74 01 06 98 24 30 48 60 6c 03 01 08 05 04 00 01 01 00 07 ...

D/wpa_supplicant( 8936): 84:b2:61:be:4c:0f freq=5260 qual=0 noise=0 level=-63 flags=0xb age=0

I/wpa_supplicant( 8936): [NULL] 84:b2:61:be:4c:0f freq=5260 level=-63

D/wpa_supplicant( 8936): IEs - hexdump(len=315): 00 0c 61 6c 69 62 61 62 61 2d 74 65 73 74 01 06 98 24 30 48 60 6c 05 04 00 01 00 00 07 0c 43 4e ...

D/wpa_supplicant( 8936): 1c:aa:07:f5:a1:00 freq=2472 qual=0 noise=0 level=-61 flags=0xb age=0

I/wpa_supplicant( 8936): [NULL] 1c:aa:07:f5:a1:00 freq=2472 level=-61

D/wpa_supplicant( 8936): IEs - hexdump(len=271): 00 0b 61 6c 69 62 61 62 61 2d 69 6e 63 01 06 98 24 30 48 60 6c 03 01 0d 05 07 00 01 0c 40 00 00 ...

D/wpa_supplicant( 8936): 84:b2:61:be:4e:9f freq=5180 qual=0 noise=0 level=-66 flags=0xb age=0

I/wpa_supplicant( 8936): [NULL] 84:b2:61:be:4e:9f freq=5180 level=-66

D/wpa_supplicant( 8936): IEs - hexdump(len=309): 00 0c 61 6c 69 62 61 62 61 2d 74 65 73 74 01 06 98 24 30 48 60 6c 07 0c 43 4e 20 24 04 17 34 04 ...

D/wpa_supplicant( 8936): 1c:aa:07:f5:a1:0f freq=5825 qual=0 noise=0 level=-73 flags=0xb age=0

I/wpa_supplicant( 8936): [NULL] 1c:aa:07:f5:a1:0f freq=5825 level=-73

D/wpa_supplicant( 8936): IEs - hexdump(len=256): 00 0b 61 6c 69 62 61 62 61 2d 69 6e 63 01 06 98 24 30 48 60 6c 07 06 43 4e 20 95 05 1e 0b 05 22 ...

D/wpa_supplicant( 8936): 1c:aa:07:b0:26:bf freq=5745 qual=0 noise=0 level=-77 flags=0xb age=0

I/wpa_supplicant( 8936): [NULL] 1c:aa:07:b0:26:bf freq=5745 level=-77

D/wpa_supplicant( 8936): IEs - hexdump(len=285): 00 0b 61 6c 69 62 61 62 61 2d 69 6e 63 01 06 98 24 30 48 60 6c 05 1b 00 01 01 00 00 00 00 00 00 ...

D/wpa_supplicant( 8936): 1c:aa:07:c6:de:33 freq=2447 qual=0 noise=0 level=-73 flags=0xb age=0

I/wpa_supplicant( 8936): [NULL] 1c:aa:07:c6:de:33 freq=2447 level=-73

D/wpa_supplicant( 8936): IEs - hexdump(len=267): 00 0a 61 6c 69 70 61 79 2d 70 72 65 01 06 98 24 30 48 60 6c 03 01 08 05 04 00 01 00 00 07 06 43 ...

D/wpa_supplicant( 8936): 1c:aa:07:f5:9b:ef freq=5765 qual=0 noise=0 level=-78 flags=0xb age=0

I/wpa_supplicant( 8936): [NULL] 1c:aa:07:f5:9b:ef freq=5765 level=-78

D/wpa_supplicant( 8936): IEs - hexdump(len=256): 00 0b 61 6c 69 62 61 62 61 2d 69 6e 63 01 06 98 24 30 48 60 6c 07 06 43 4e 20 95 05 1e 0b 05 23 ...

D/wpa_supplicant( 8936): c0:7b:bc:36:f9:a0 freq=2422 qual=0 noise=0 level=-79 flags=0xb age=0

I/wpa_supplicant( 8936): [NULL] c0:7b:bc:36:f9:a0 freq=2422 level=-79

D/wpa_supplicant( 8936): IEs - hexdump(len=268): 00 0b 61 6c 69 62 61 62 61 2d 69 6e 63 01 06 98 24 30 48 60 6c 03 01 03 05 04 00 01 00 00 07 06 ...

D/wpa_supplicant( 8936): fc:5b:39:09:96:6f freq=5320 qual=0 noise=0 level=-85 flags=0xb age=0

I/wpa_supplicant( 8936): [NULL] fc:5b:39:09:96:6f freq=5320 level=-85

D/wpa_supplicant( 8936): IEs - hexdump(len=309): 00 0b 61 6c 69 62 61 62 61 2d 69 6e 63 01 06 98 24 30 48 60 6c 05 07 00 01 01 00 00 00 00 07 0c ...

D/wpa_supplicant( 8936): c0:7b:bc:36:f9:af freq=5785 qual=0 noise=0 level=-85 flags=0xb age=0

I/wpa_supplicant( 8936): [NULL] c0:7b:bc:36:f9:af freq=5785 level=-85

D/wpa_supplicant( 8936): IEs - hexdump(len=262): 00 0b 61 6c 69 62 61 62 61 2d 69 6e 63 01 06 98 24 30 48 60 6c 05 04 00 01 00 00 07 06 43 4e 20 ...

D/wpa_supplicant( 8936): 1c:aa:07:f5:96:b1 freq=2422 qual=0 noise=0 level=-48 flags=0xb age=0

I/wpa_supplicant( 8936): [NULL] 1c:aa:07:f5:96:b1 freq=2422 level=-48

D/wpa_supplicant( 8936): IEs - hexdump(len=218): 00 0d 61 6c 69 62 61 62 61 2d 67 75 65 73 74 01 06 98 24 30 48 60 6c 03 01 03 05 04 00 01 00 00 ...

D/wpa_supplicant( 8936): 1c:aa:07:f5:96:be freq=5785 qual=0 noise=0 level=-60 flags=0xb age=0

I/wpa_supplicant( 8936): [NULL] 1c:aa:07:f5:96:be freq=5785 level=-60

D/wpa_supplicant( 8936): IEs - hexdump(len=206): 00 0d 61 6c 69 62 61 62 61 2d 67 75 65 73 74 01 06 98 24 30 48 60 6c 07 06 43 4e 20 95 05 1e 0b ...

D/wpa_supplicant( 8936): 1c:aa:07:f5:96:bd freq=5785 qual=0 noise=0 level=-60 flags=0xb age=0

I/wpa_supplicant( 8936): [NULL] 1c:aa:07:f5:96:bd freq=5785 level=-60

D/wpa_supplicant( 8936): IEs - hexdump(len=206): 00 0d 61 6c 69 6c 61 6e 67 2d 73 65 74 75 70 01 06 98 24 30 48 60 6c 07 06 43 4e 20 95 05 1e 0b ...

D/wpa_supplicant( 8936): 38:22:d6:4d:ea:50 freq=2437 qual=0 noise=0 level=-56 flags=0xb age=0

I/wpa_supplicant( 8936): [NULL] 38:22:d6:4d:ea:50 freq=2437 level=-56

D/wpa_supplicant( 8936): IEs - hexdump(len=72): 00 08 43 4d 43 43 2d 57 45 42 01 07 96 18 24 30 48 60 6c 03 01 06 07 06 43 4e 49 01 0d 1b 2a 01 ...

D/wpa_supplicant( 8936): 1c:aa:07:f5:96:b2 freq=2422 qual=0 noise=0 level=-57 flags=0xb age=0

I/wpa_supplicant( 8936): [NULL] 1c:aa:07:f5:96:b2 freq=2422 level=-57

D/wpa_supplicant( 8936): IEs - hexdump(len=218): 00 0d 61 6c 69 6c 61 6e 67 2d 73 65 74 75 70 01 06 98 24 30 48 60 6c 03 01 03 05 04 00 01 00 00 ...

D/wpa_supplicant( 8936): 1c:aa:07:b0:26:b1 freq=2422 qual=0 noise=0 level=-64 flags=0xb age=0

I/wpa_supplicant( 8936): [NULL] 1c:aa:07:b0:26:b1 freq=2422 level=-64

D/wpa_supplicant( 8936): IEs - hexdump(len=221): 00 0d 61 6c 69 62 61 62 61 2d 67 75 65 73 74 01 06 98 24 30 48 60 6c 03 01 03 05 07 00 01 00 00 ...

D/wpa_supplicant( 8936): 1c:aa:07:f5:a1:0d freq=5825 qual=0 noise=0 level=-72 flags=0xb age=0

I/wpa_supplicant( 8936): [NULL] 1c:aa:07:f5:a1:0d freq=5825 level=-72

D/wpa_supplicant( 8936): IEs - hexdump(len=206): 00 0d 61 6c 69 6c 61 6e 67 2d 73 65 74 75 70 01 06 98 24 30 48 60 6c 07 06 43 4e 20 95 05 1e 0b ...

D/wpa_supplicant( 8936): 1c:aa:07:f5:a1:0e freq=5825 qual=0 noise=0 level=-72 flags=0xb age=0

I/wpa_supplicant( 8936): [NULL] 1c:aa:07:f5:a1:0e freq=5825 level=-72

D/wpa_supplicant( 8936): IEs - hexdump(len=206): 00 0d 61 6c 69 62 61 62 61 2d 67 75 65 73 74 01 06 98 24 30 48 60 6c 07 06 43 4e 20 95 05 1e 0b ...

D/wpa_supplicant( 8936): 1c:aa:07:b0:26:be freq=5745 qual=0 noise=0 level=-76 flags=0xb age=0

I/wpa_supplicant( 8936): [NULL] 1c:aa:07:b0:26:be freq=5745 level=-76

D/wpa_supplicant( 8936): IEs - hexdump(len=206): 00 0d 61 6c 69 62 61 62 61 2d 67 75 65 73 74 01 06 98 24 30 48 60 6c 07 06 43 4e 20 95 05 1e 0b ...

D/wpa_supplicant( 8936): 1c:aa:07:b0:26:bd freq=5745 qual=0 noise=0 level=-77 flags=0xb age=0

I/wpa_supplicant( 8936): [NULL] 1c:aa:07:b0:26:bd freq=5745 level=-77

D/wpa_supplicant( 8936): IEs - hexdump(len=206): 00 0d 61 6c 69 6c 61 6e 67 2d 73 65 74 75 70 01 06 98 24 30 48 60 6c 07 06 43 4e 20 95 05 1e 0b ...

D/wpa_supplicant( 8936): 1c:aa:07:c6:de:31 freq=2447 qual=0 noise=0 level=-73 flags=0xb age=0

I/wpa_supplicant( 8936): [NULL] 1c:aa:07:c6:de:31 freq=2447 level=-73

D/wpa_supplicant( 8936): IEs - hexdump(len=218): 00 0d 61 6c 69 62 61 62 61 2d 67 75 65 73 74 01 06 98 24 30 48 60 6c 03 01 08 05 04 00 01 00 00 ...

D/wpa_supplicant( 8936): 1c:aa:07:f5:9b:ed freq=5765 qual=0 noise=0 level=-78 flags=0xb age=0

I/wpa_supplicant( 8936): [NULL] 1c:aa:07:f5:9b:ed freq=5765 level=-78

D/wpa_supplicant( 8936): IEs - hexdump(len=206): 00 0d 61 6c 69 6c 61 6e 67 2d 73 65 74 75 70 01 06 98 24 30 48 60 6c 07 06 43 4e 20 95 05 1e 0b ...

D/wpa_supplicant( 8936): 1c:aa:07:f5:9b:ee freq=5765 qual=0 noise=0 level=-78 flags=0xb age=0

I/wpa_supplicant( 8936): [NULL] 1c:aa:07:f5:9b:ee freq=5765 level=-78

D/wpa_supplicant( 8936): IEs - hexdump(len=206): 00 0d 61 6c 69 62 61 62 61 2d 67 75 65 73 74 01 06 98 24 30 48 60 6c 07 06 43 4e 20 95 05 1e 0b ...

D/wpa_supplicant( 8936): 1c:aa:07:f5:9b:e1 freq=2447 qual=0 noise=0 level=-77 flags=0xb age=0

I/wpa_supplicant( 8936): [NULL] 1c:aa:07:f5:9b:e1 freq=2447 level=-77

D/wpa_supplicant( 8936): IEs - hexdump(len=218): 00 0d 61 6c 69 62 61 62 61 2d 67 75 65 73 74 01 06 98 24 30 48 60 6c 03 01 08 05 04 00 01 00 00 ...

D/wpa_supplicant( 8936): 1c:aa:07:b0:26:b2 freq=2422 qual=0 noise=0 level=-79 flags=0xb age=0

I/wpa_supplicant( 8936): [NULL] 1c:aa:07:b0:26:b2 freq=2422 level=-79

D/wpa_supplicant( 8936): IEs - hexdump(len=221): 00 0d 61 6c 69 6c 61 6e 67 2d 73 65 74 75 70 01 06 98 24 30 48 60 6c 03 01 03 05 07 00 01 00 00 ...

D/wpa_supplicant( 8936): c2:61:18:04:50:df freq=2412 qual=0 noise=0 level=-75 flags=0xb age=0

I/wpa_supplicant( 8936): [NULL] c2:61:18:04:50:df freq=2412 level=-75

D/wpa_supplicant( 8936): IEs - hexdump(len=44): 00 14 62 61 6f 6d 69 68 75 61 5f 77 69 66 69 30 32 5f 32 2e 34 47 01 04 82 84 8b 96 03 01 01 dd ...

D/wpa_supplicant( 8936): c0:7b:bc:36:f9:ae freq=5785 qual=0 noise=0 level=-84 flags=0xb age=0

I/wpa_supplicant( 8936): [NULL] c0:7b:bc:36:f9:ae freq=5785 level=-84

D/wpa_supplicant( 8936): IEs - hexdump(len=206): 00 0d 61 6c 69 62 61 62 61 2d 67 75 65 73 74 01 06 98 24 30 48 60 6c 07 06 43 4e 20 95 05 1e 0b ...

D/wpa_supplicant( 8936): c0:7b:bc:36:f9:ad freq=5785 qual=0 noise=0 level=-84 flags=0xb age=0

I/wpa_supplicant( 8936): [NULL] c0:7b:bc:36:f9:ad freq=5785 level=-84

D/wpa_supplicant( 8936): IEs - hexdump(len=206): 00 0d 61 6c 69 6c 61 6e 67 2d 73 65 74 75 70 01 06 98 24 30 48 60 6c 07 06 43 4e 20 95 05 1e 0b ...

D/wpa_supplicant( 8936): fc:5b:39:09:96:6e freq=5320 qual=0 noise=0 level=-85 flags=0xb age=0

I/wpa_supplicant( 8936): [NULL] fc:5b:39:09:96:6e freq=5320 level=-85

D/wpa_supplicant( 8936): IEs - hexdump(len=259): 00 0d 61 6c 69 62 61 62 61 2d 67 75 65 73 74 01 06 98 24 30 48 60 6c 05 07 00 01 00 00 00 00 00 ...

D/wpa_supplicant( 8936): fc:5b:39:09:96:6d freq=5320 qual=0 noise=0 level=-85 flags=0xb age=0

I/wpa_supplicant( 8936): [NULL] fc:5b:39:09:96:6d freq=5320 level=-85

D/wpa_supplicant( 8936): IEs - hexdump(len=256): 00 0d 61 6c 69 6c 61 6e 67 2d 73 65 74 75 70 01 06 98 24 30 48 60 6c 05 04 00 01 00 00 07 0c 43 ...

D/wpa_supplicant( 8936): 1c:aa:07:c6:de:32 freq=2447 qual=0 noise=0 level=-81 flags=0xb age=0

I/wpa_supplicant( 8936): [NULL] 1c:aa:07:c6:de:32 freq=2447 level=-81

D/wpa_supplicant( 8936): IEs - hexdump(len=221): 00 0d 61 6c 69 6c 61 6e 67 2d 73 65 74 75 70 01 06 98 24 30 48 60 6c 03 01 08 05 07 00 01 00 00 ...

D/wpa_supplicant( 8936): 38:22:d6:4f:8a:00 freq=2412 qual=0 noise=0 level=-81 flags=0xb age=0

I/wpa_supplicant( 8936): [NULL] 38:22:d6:4f:8a:00 freq=2412 level=-81

D/wpa_supplicant( 8936): IEs - hexdump(len=72): 00 08 43 4d 43 43 2d 57 45 42 01 07 96 18 24 30 48 60 6c 03 01 01 07 06 43 4e 49 01 0d 1b 2a 01 ...

D/wpa_supplicant( 8936): 38:22:d6:4d:2d:b0 freq=2437 qual=0 noise=0 level=-83 flags=0xb age=0

E/QC-NETMGR-LIB(  285): Received nl msg, recvmsg returned 56

E/QC-NETMGR-LIB(  285): Received command: ID=NETMGR_KIF_MSG_CMD, link=0

E/QC-NETMGR-LIB(  285): Process command: ID=NETMGR_KIF_MSG_CMD, link=0, state=1

E/QC-NETMGR-LIB(  285): Processing RTM_NEWLINK

E/QC-NETMGR-LIB(  285): Metainfo:  Index=23 Family=0 Type=0x1 Change=[0x0] Flags=[0x11043]UP BROADCAST RUNNING MULTICAST LOWER_UP 

E/QC-NETMGR-LIB(  285): Rcvd Netlink msg type [16]

E/QC-NETMGR-LIB(  285): Received RTM_NEWLINK

E/QC-NETMGR-LIB(  285): unrecognized ifindex 23, disable link

D/Tethering(  967): interfaceLinkStateChanged wlan0, true

D/Tethering(  967): interfaceStatusChanged wlan0, true

E/WifiStateMachine(  967): WiFiDisplay: getWifidisplayApEnabled=false

I/wpa_supplicant( 8936): [NULL] 38:22:d6:4d:2d:b0 freq=2437 level=-83

D/wpa_supplicant( 8936): IEs - hexdump(len=72): 00 08 43 4d 43 43 2d 57 45 42 01 07 96 18 24 30 48 60 6c 03 01 06 07 06 43 4e 49 01 0d 1b 2a 01 ...

D/wpa_supplicant( 8936): 1c:aa:07:f5:9f:41 freq=2447 qual=0 noise=0 level=-87 flags=0xb age=0

I/wpa_supplicant( 8936): [NULL] 1c:aa:07:f5:9f:41 freq=2447 level=-87

D/wpa_supplicant( 8936): IEs - hexdump(len=218): 00 0d 61 6c 69 62 61 62 61 2d 67 75 65 73 74 01 06 98 24 30 48 60 6c 03 01 08 05 04 00 01 00 00 ...

D/wpa_supplicant( 8936): wlan0: BSS: Start scan result update 1231

D/wpa_supplicant( 8936): wlan0: BSS: Add new id 3785 BSSID 1c:aa:07:b0:26:b2 SSID 'alilang-setup'

D/wpa_supplicant( 8936): CTRL_IFACE monitor sent successfully to /data/misc/wifi/sockets/wpa_ctrl_967-9\x00

D/wpa_supplicant( 8936): wlan0: BSS: Remove id 3766 BSSID 84:b2:61:be:4c:00 SSID 'alibaba-test' due to no match in scan

D/wpa_supplicant( 8936): CTRL_IFACE monitor sent successfully to /data/misc/wifi/sockets/wpa_ctrl_967-9\x00

D/wpa_supplicant( 8936): wlan0: BSS: Remove id 3761 BSSID fc:5b:39:09:96:60 SSID 'alibaba-inc' due to no match in scan

D/wpa_supplicant( 8936): CTRL_IFACE monitor sent successfully to /data/misc/wifi/sockets/wpa_ctrl_967-9\x00

D/wpa_supplicant( 8936): wlan0: BSS: Remove id 3767 BSSID d0:c2:82:85:64:73 SSID 'alipay-pre' due to no match in scan

D/wpa_supplicant( 8936): CTRL_IFACE monitor sent successfully to /data/misc/wifi/sockets/wpa_ctrl_967-9\x00

D/wpa_supplicant( 8936): wlan0: BSS: Remove id 3756 BSSID d8:42:ac:05:3c:c8 SSID 'FREECOMM' due to no match in scan

D/wpa_supplicant( 8936): CTRL_IFACE monitor sent successfully to /data/misc/wifi/sockets/wpa_ctrl_967-9\x00

D/wpa_supplicant( 8936): wlan0: BSS: Remove id 3765 BSSID 1c:aa:07:f5:a1:02 SSID 'alilang-setup' due to no match in scan

D/wpa_supplicant( 8936): CTRL_IFACE monitor sent successfully to /data/misc/wifi/sockets/wpa_ctrl_967-9\x00

D/wpa_supplicant( 8936): BSS: last_scan_res_used=36/128

D/wpa_supplicant( 8936): wlan0: Scan-only results received

D/wpa_supplicant( 8936): CTRL_IFACE monitor sent successfully to /data/misc/wifi/sockets/wpa_ctrl_967-9\x00

D/wpa_supplicant( 8936): wlan0: Radio work 'scan'@0xb8197460 done in 3.675019 seconds

D/wpa_supplicant( 8936): Wireless event: cmd=0x8b19 len=8

D/wpa_supplicant( 8936): RTM_NEWLINK: ifi_index=23 ifname=wlan0 wext ifi_flags=0x11043 ([UP][RUNNING][LOWER_UP])

D/WifiMonitor(  967): Event [IFNAME=wlan0 CTRL-EVENT-BSS-ADDED 3785 1c:aa:07:b0:26:b2]

D/WifiMonitor(  967): Event [IFNAME=wlan0 CTRL-EVENT-BSS-REMOVED 3766 84:b2:61:be:4c:00]

E/WifiMonitor(  967): WifiMonitor:wlan0 cnt=24873 dispatchEvent: CTRL-EVENT-BSS-REMOVED 3766 84:b2:61:be:4c:00

D/WifiMonitor(  967): Event [IFNAME=wlan0 CTRL-EVENT-BSS-REMOVED 3761 fc:5b:39:09:96:60]

E/WifiMonitor(  967): WifiMonitor:wlan0 cnt=24874 dispatchEvent: CTRL-EVENT-BSS-REMOVED 3761 fc:5b:39:09:96:60

D/WifiMonitor(  967): Event [IFNAME=wlan0 CTRL-EVENT-BSS-REMOVED 3767 d0:c2:82:85:64:73]

E/WifiMonitor(  967): WifiMonitor:wlan0 cnt=24875 dispatchEvent: CTRL-EVENT-BSS-REMOVED 3767 d0:c2:82:85:64:73

D/WifiMonitor(  967): Event [IFNAME=wlan0 CTRL-EVENT-BSS-REMOVED 3756 d8:42:ac:05:3c:c8]

E/WifiMonitor(  967): WifiMonitor:wlan0 cnt=24876 dispatchEvent: CTRL-EVENT-BSS-REMOVED 3756 d8:42:ac:05:3c:c8

D/WifiMonitor(  967): Event [IFNAME=wlan0 CTRL-EVENT-BSS-REMOVED 3765 1c:aa:07:f5:a1:02]

E/WifiMonitor(  967): WifiMonitor:wlan0 cnt=24877 dispatchEvent: CTRL-EVENT-BSS-REMOVED 3765 1c:aa:07:f5:a1:02

E/WifiMonitor(  967): WifiMonitor:wlan0 cnt=24878 dispatchEvent: CTRL-EVENT-SCAN-RESULTS 

E/WifiMonitor(  967): handleEvent 4  CTRL-EVENT-SCAN-RESULTS 

E/WifiStateMachine(  967): handleMessage: E msg.what=147461

E/WifiStateMachine(  967): processMsg: ConnectedState

E/WifiStateMachine(  967):  ConnectedState !SCAN_RESULTS_EVENT 0 0 found=45 known=12 got=45 bcn=0

E/WifiStateMachine(  967): processMsg: L2ConnectedState

E/WifiStateMachine(  967):  L2ConnectedState !SCAN_RESULTS_EVENT 0 0 found=45 known=12 got=45 bcn=0

E/WifiStateMachine(  967): processMsg: ConnectModeState

E/WifiStateMachine(  967):  ConnectModeState !SCAN_RESULTS_EVENT 0 0 found=45 known=12 got=45 bcn=0

E/WifiStateMachine(  967): processMsg: DriverStartedState

E/WifiStateMachine(  967):  DriverStartedState !SCAN_RESULTS_EVENT 0 0 found=45 known=12 got=45 bcn=0

E/WifiStateMachine(  967): processMsg: SupplicantStartedState

E/WifiStateMachine(  967):  SupplicantStartedState !SCAN_RESULTS_EVENT 0 0 found=45 known=12 got=45 bcn=0

D/WifiStateMachine(  967): [MLHD] enter handleMediaLinkEvent SupplicantStartedState

W/WifiHW  (  967): QCOM Debug wifi_send_command "IFNAME=wlan0 LIST_DONGLES"

D/wpa_supplicant( 8936): wlan0: Control interface command 'LIST_DONGLES'

D/WirelessDisplayService(  967): getDiscoveryDongleList

E/WifiStateMachine(  967): [1,450,259,393,360 ms] noteScanEnd WorkSource{10009}

W/WifiHW  (  967): QCOM Debug wifi_send_command "IFNAME=wlan0 BSS RANGE=0- MASK=0x21987"

D/wpa_supplicant( 8936): wlan0: Control interface command 'BSS RANGE=0- MASK=0x21987'

W/ContextImpl(  967): Calling a method in the system process without a qualified user: android.app.ContextImpl.sendBroadcast:1459 com.android.server.wifi.WifiStateMachine.sendDongleScanResultsAvailableBroadcast:14114 com.android.server.wifi.WifiStateMachine.handleMediaLinkEvent:14279 com.android.server.wifi.WifiStateMachine.access$5800:265 com.android.server.wifi.WifiStateMachine$SupplicantStartedState.processMessage:8070 

E/WifiStateMachine(  967): wifi setScanResults statecom.android.server.wifi.WifiStateMachine$ConnectedState@14b2f9f8 sup_state=COMPLETED debouncing=false

E/WifiAutoJoinController (  967): alibaba-inc 1c:aa:07:f5:96:bf rssi=-59 cap [WPA-EAP-CCMP+TKIP][WPA2-EAP-CCMP-preauth][ESS] is not scored

E/WifiConfigStore(  967): updateSavedNetworkHistory(): try "alibaba-inc"WPA_EAP SSID="alibaba-inc" alibaba-inc [WPA-EAP-CCMP+TKIP][WPA2-EAP-CCMP-preauth][ESS] ajst=0

E/WifiConfigStore(  967): updateSavedNetworkHistory: HTC improve mode

E/WifiConfigStore(  967):         got known scan result 1c:aa:07:f5:96:bf key : "alibaba-inc"WPA_EAP num: 27 rssi=-59 freq=5785

E/WifiAutoJoinController (  967): alibaba-test 84:b2:61:be:4c:0f rssi=-63 cap [WPA-PSK-CCMP+TKIP][WPA2-PSK-CCMP-preauth][ESS] is not scored

E/WifiAutoJoinController (  967): alibaba-test 84:b2:61:be:4e:9f rssi=-66 cap [WPA-PSK-CCMP+TKIP][WPA2-PSK-CCMP-preauth][ESS] is not scored

E/WifiAutoJoinController (  967): alibaba-inc 1c:aa:07:b0:26:bf rssi=-77 cap [WPA-EAP-CCMP+TKIP][WPA2-EAP-CCMP-preauth][ESS] is not scored

E/WifiConfigStore(  967): updateSavedNetworkHistory(): try "alibaba-inc"WPA_EAP SSID="alibaba-inc" alibaba-inc [WPA-EAP-CCMP+TKIP][WPA2-EAP-CCMP-preauth][ESS] ajst=0

E/WifiConfigStore(  967): updateSavedNetworkHistory: HTC improve mode

E/WifiConfigStore(  967):         got known scan result 1c:aa:07:b0:26:bf key : "alibaba-inc"WPA_EAP num: 27 rssi=-77 freq=5745

E/WifiAutoJoinController (  967): alibaba-inc 1c:aa:07:f5:a1:0f rssi=-73 cap [WPA-EAP-CCMP+TKIP][WPA2-EAP-CCMP-preauth][ESS] is not scored

E/WifiConfigStore(  967): updateSavedNetworkHistory(): try "alibaba-inc"WPA_EAP SSID="alibaba-inc" alibaba-inc [WPA-EAP-CCMP+TKIP][WPA2-EAP-CCMP-preauth][ESS] ajst=0

E/WifiConfigStore(  967): updateSavedNetworkHistory: HTC improve mode

E/WifiConfigStore(  967):         got known scan result 1c:aa:07:f5:a1:0f key : "alibaba-inc"WPA_EAP num: 27 rssi=-73 freq=5825

E/WifiAutoJoinController (  967): CMCC-WEB 38:22:d6:4d:ea:50 rssi=-56 cap [ESS] is not scored

E/WifiAutoJoinController (  967): alilang-setup 1c:aa:07:f5:96:bd rssi=-60 cap [ESS] is not scored

E/WifiAutoJoinController (  967): alibaba-guest 1c:aa:07:f5:96:be rssi=-60 cap [ESS] is not scored

E/WifiAutoJoinController (  967): alilang-setup 1c:aa:07:b0:26:bd rssi=-77 cap [ESS] is not scored

E/WifiAutoJoinController (  967): alibaba-guest 1c:aa:07:b0:26:be rssi=-76 cap [ESS] is not scored

E/WifiAutoJoinController (  967): alilang-setup 1c:aa:07:f5:a1:0d rssi=-72 cap [ESS] is not scored

E/WifiAutoJoinController (  967): alibaba-guest 1c:aa:07:f5:a1:0e rssi=-72 cap [ESS] is not scored

E/WifiAutoJoinController (  967): CMCC-WEB 38:22:d6:4d:2d:b0 rssi=-83 cap [ESS] is not scored

E/WifiAutoJoinController (  967): CMCC-WEB 38:22:d6:4f:8a:00 rssi=-81 cap [ESS] is not scored

E/WifiAutoJoinController (  967): alilang-setup c0:7b:bc:36:f9:ad rssi=-84 cap [ESS] is not scored

E/WifiAutoJoinController (  967): alibaba-guest c0:7b:bc:36:f9:ae rssi=-84 cap [ESS] is not scored

E/WifiAutoJoinController (  967): alipay-pre 1c:aa:07:c6:de:33 rssi=-73 cap [WPA-EAP-CCMP+TKIP][WPA2-EAP-CCMP-preauth][ESS] is not scored

E/WifiAutoJoinController (  967): alibaba-inc c0:7b:bc:36:f9:af rssi=-85 cap [WPA-EAP-CCMP+TKIP][WPA2-EAP-CCMP-preauth][ESS] is not scored

E/WifiConfigStore(  967): updateSavedNetworkHistory(): try "alibaba-inc"WPA_EAP SSID="alibaba-inc" alibaba-inc [WPA-EAP-CCMP+TKIP][WPA2-EAP-CCMP-preauth][ESS] ajst=0

E/WifiConfigStore(  967): updateSavedNetworkHistory: HTC improve mode

E/WifiConfigStore(  967):         got known scan result c0:7b:bc:36:f9:af key : "alibaba-inc"WPA_EAP num: 27 rssi=-85 freq=5785

E/WifiAutoJoinController (  967): alilang-setup 1c:aa:07:f5:96:b2 rssi=-57 cap [ESS] is not scored

E/WifiAutoJoinController (  967): alilang-setup 1c:aa:07:c6:de:32 rssi=-81 cap [ESS] is not scored

