E/WifiConfigStore(  967): updateSavedNetworkHistory(): try "alibaba-inc"WPA_EAP SSID="alibaba-inc" alibaba-inc [WPA-EAP-CCMP+TKIP][WPA2-EAP-CCMP-preauth][ESS] ajst=0

E/WifiConfigStore(  967): updateSavedNetworkHistory: HTC improve mode

E/WifiConfigStore(  967):         got known scan result 1c:aa:07:f5:9b:ef key : "alibaba-inc"WPA_EAP num: 27 rssi=-78 freq=5765

E/WifiAutoJoinController (  967): alibaba-inc fc:5b:39:09:96:6f rssi=-85 cap [WPA-EAP-CCMP+TKIP][WPA2-EAP-CCMP-preauth][ESS] is not scored

E/WifiConfigStore(  967): updateSavedNetworkHistory(): try "alibaba-inc"WPA_EAP SSID="alibaba-inc" alibaba-inc [WPA-EAP-CCMP+TKIP][WPA2-EAP-CCMP-preauth][ESS] ajst=0

E/WifiConfigStore(  967): updateSavedNetworkHistory: HTC improve mode

E/WifiConfigStore(  967):         got known scan result fc:5b:39:09:96:6f key : "alibaba-inc"WPA_EAP num: 27 rssi=-85 freq=5320

E/WifiAutoJoinController (  967): alibaba-guest 1c:aa:07:f5:9b:ee rssi=-78 cap [ESS] is not scored

E/WifiAutoJoinController (  967): alilang-setup 1c:aa:07:f5:9b:ed rssi=-78 cap [ESS] is not scored

E/WifiAutoJoinController (  967): alibaba-guest 1c:aa:07:f5:9b:e1 rssi=-77 cap [ESS] is not scored

E/WifiAutoJoinController (  967): alibaba-guest fc:5b:39:09:96:6e rssi=-85 cap [ESS] is not scored

E/WifiAutoJoinController (  967): alilang-setup fc:5b:39:09:96:6d rssi=-85 cap [ESS] is not scored

E/WifiAutoJoinController (  967): alilang-setup 1c:aa:07:b0:26:b2 rssi=-79 cap [ESS] is not scored

E/WifiAutoJoinController (  967): alibaba-test 1c:aa:07:c6:de:34 rssi=-70 cap [WPA-PSK-CCMP+TKIP][WPA2-PSK-CCMP-preauth][ESS] is not scored

E/WifiAutoJoinController (  967): alilang-setup 5c:50:15:1d:ed:f2 rssi=-87 cap [ESS] is not scored

E/WifiAutoJoinController (  967): ageScanResultsOut delay 40000 size 48 now 1450259401347

E/WifiAutoJoinController (  967): newSupplicantResults size=48 known=9 true

W/WifiHW  (  967): QCOM Debug wifi_send_command "IFNAME=wlan0 STATUS-NO_EVENTS"

D/wpa_supplicant( 8936): wlan0: Control interface command 'STATUS-NO_EVENTS'

E/WifiAutoJoinController (  967): attemptAutoJoin() status=bssid=1c:aa:07:f5:96:bf

E/WifiAutoJoinController (  967): ssid=alibaba-inc

E/WifiAutoJoinController (  967): id=2

E/WifiAutoJoinController (  967): mode=station

E/WifiAutoJoinController (  967): pairwise_cipher=CCMP

E/WifiAutoJoinController (  967): group_cipher=TKIP

E/WifiAutoJoinController (  967): key_mgmt=WPA2/IEEE 802.1X/EAP

E/WifiAutoJoinController (  967): wpa_state=COMPLETED

E/WifiAutoJoinController (  967): ip_address=10.15.84.16

E/WifiAutoJoinController (  967): p2p_device_address=86:7a:88:7d:0f:a3

E/WifiAutoJoinController (  967): address=XX:XX:XX:XX:XX:XX

E/WifiAutoJoinController (  967): Supplicant PAE state=AUTHENTICATED

E/WifiAutoJoinController (  967): suppPortStatus=Authorized

E/WifiAutoJoinController (  967): EAP state=SUCCESS

E/WifiAutoJoinController (  967): selectedMethod=13 (EAP-TLS)

E/WifiAutoJoinController (  967): uuid=12345678-9abc-def0-1234-56789abcdef1 split=16

E/WifiAutoJoinController (  967): attemptAutoJoin() num recent config 1 current="alibaba-inc"WPA_EAP ---> suppNetId=2

E/WifiAutoJoinController (  967): attemptAutoJoin good candidate seen, bumped hard -> status=0 "alibaba-inc"WPA_EAP rssi=(-61,-62) num=(18,9)

E/WifiAutoJoinController (  967): attemptAutoJoin skip current candidate  2 key "alibaba-inc"WPA_EAP

E/WifiAutoJoinController (  967): attemptRoam scan cache size 27 --> bail

D/HtcWifiControlRoamOffload: (  967): roamCandidate: nullcurrentBSSID: 1c:aa:07:f5:96:bf

E/WifiStateMachine(  967): WiFiDisplay: getWifidisplayApEnabled=false

E/WifiAutoJoinController (  967): Done attemptAutoJoin status=0

E/WifiConfigStore(  967):  writeKnownNetworkHistory() num networks:7 needWrite=false

D/WifiManager(16648): getScanResults: Base Package Name=com.eg.android.AlipayGphone, uid=10324

D/WifiManager(19183): getScanResults: Base Package Name=com.qiyi.video, uid=10005

D/WirelessDisplayService(  967): getDiscoveryDongleList

E/WifiStateMachine(  967): handleMessage: X

D/WifiManager( 2896): getScanResults: Base Package Name=android.htc.china.location.service, uid=10009

I/WifiMonitor(23907): mWifiReceiver SCAN_RESULTS_AVAILABLE_ACTION

D/WifiManager(23907): getScanResults: Base Package Name=com.sohu.inputmethod.sogou, uid=10172

W/ActivityManager(  967): getTasks: caller 10157 does not hold GET_TASKS; limiting output

W/ActivityManager(  967): getTasks: caller 10157 does not hold GET_TASKS; limiting output

W/ActivityManager(  967): getTasks: caller 10157 does not hold GET_TASKS; limiting output

W/ActivityManager(  967): getTasks: caller 10157 does not hold GET_TASKS; limiting output

D/WifiManager( 2896): getScanResults: Base Package Name=android.htc.china.location.service, uid=10009

E/WifiTrafficPoller(  967): TRAFFIC_STATS_POLL true Token 929 num clients 46

E/WifiTrafficPoller(  967):  packet count Tx=378741 Rx=498687

E/WifiTrafficPoller(  967): notifying of data activity 1

E/WifiTrafficPoller(  967): TRAFFIC_STATS_POLL true Token 929 num clients 46

E/WifiTrafficPoller(  967):  packet count Tx=378741 Rx=498741

E/WifiDataStallTracker(  967): DATA_MONITOR_POLL true Token 270

D/WifiDataStallTracker(  967): updateDataStallInfo: mDataStallTxRxSum={txSum=290309 rxSum=212570} preTxRxSum={txSum=290307 rxSum=212568}

D/WifiDataStallTracker(  967): updateDataStallInfo: IN/OUT

D/WifiDataStallTracker(  967): onDataStallAlarm: Sent 0 pkts since last received, < watchdogTrigger=5

E/WifiStateMachine(  967): handleMessage: E msg.what=131155

E/WifiStateMachine(  967): processMsg: ConnectedState

E/WifiStateMachine(  967):  ConnectedState !CMD_RSSI_POLL 228 0 "alibaba-inc" 1c:aa:07:f5:96:bf rssi=-62 f=5785 sc=60 link=58 tx=4.6, 0.0, 0.0  rx=124.3 bcn=0 [on:0 tx:0 rx:0 period:3003] from screen [on:0 period:-1439542836] gl u24 rssi=-62 ag=0 hr ticks 1,2,12 ls-=0 [56,56,56,56,61] brc=0 lrc=0

E/WifiStateMachine(  967): processMsg: L2ConnectedState

E/WifiStateMachine(  967):  L2ConnectedState !CMD_RSSI_POLL 228 0 "alibaba-inc" 1c:aa:07:f5:96:bf rssi=-62 f=5785 sc=60 link=58 tx=4.6, 0.0, 0.0  rx=124.3 bcn=0 [on:0 tx:0 rx:0 period:3] from screen [on:0 period:-1439542833] gl u24 rssi=-62 ag=0 hr ticks 1,2,12 ls-=0 [56,56,56,56,61] brc=0 lrc=0

E/WifiStateMachine(  967):  get link layer stats 0

W/WifiHW  (  967): QCOM Debug wifi_send_command "IFNAME=wlan0 SIGNAL_POLL"

D/wpa_supplicant( 8936): wlan0: Control interface command 'SIGNAL_POLL'

I/wpa_supplicant( 8936): environment dirty rate=0 [2][0][0]

E/WifiStateMachine(  967): fetchRssiLinkSpeedAndFrequencyNative RSSI = -65 abnormalRssiCnt = 0 newLinkSpeed = 52

E/WifiStateMachine(  967): fetchRssiLinkSpeedAndFrequencyNative rssi=-65 linkspeed=52

E/WifiConfigStore(  967): updateConfiguration freq=5785 BSSID=1c:aa:07:f5:96:bf RSSI=-63 "alibaba-inc"WPA_EAP

E/WifiStateMachine(  967): calculateWifiScore freq=5785 speed=52 score=60 highRSSI  -> txbadrate=0.00 txgoodrate=3.31 txretriesrate=0.00 rxrate=134.17 userTriggerdPenalty0

E/WifiStateMachine(  967):  good link -> stuck count =0

E/WifiStateMachine(  967):  badRSSI count0 lowRSSI count0 --> score 56

E/WifiStateMachine(  967):  isHighRSSI       ---> score=61

D/WifiWatchdogStateMachine(  967): RSSI current: 3 new: -65, 3

E/WifiStateMachine(  967): handleMessage: X

E/WifiTrafficPoller(  967): TRAFFIC_STATS_POLL true Token 929 num clients 46

E/WifiTrafficPoller(  967):  packet count Tx=378743 Rx=498772

E/WifiTrafficPoller(  967): notifying of data activity 3

E/WifiTrafficPoller(  967): TRAFFIC_STATS_POLL true Token 929 num clients 46

E/WifiTrafficPoller(  967):  packet count Tx=378743 Rx=498843

E/WifiTrafficPoller(  967): notifying of data activity 1

D/HtcWifiControlRoamOffload: (  967): Receive mPhoneStateListener

D/HtcWifiControlRoamOffload: (  967): Receive mPhoneStateListener, getGsmSignalStrength17

D/LocationManagerService(  967): request 1b4ebbd3 network Request[POWER_LOW network requested=0 fastest=0] from com.dianping.v1(10092)

D/LocationManagerService(  967): provider request: network ProviderRequest[ON interval=0]

D/AMap NetworkLocationProvider( 2896): onSetRequest calling pid: 967 calling uid: 1000 nlp used by: [com.htc.sense.hsp(10056), com.dianping.v1(10092)] nlp enabled: true

D/AMap NetworkLocationProvider( 2896): onSetRequest interval = 0

D/LocationManagerService(  967): request 25aa0e09 gps Request[ACCURACY_FINE gps requested=0 fastest=0] from com.dianping.v1(10092)

D/LocationManagerService(  967): provider request: gps ProviderRequest[ON interval=0]

D/WifiManager(19554): getScanResults: Base Package Name=com.dianping.v1, uid=10092

D/PMS     (  967): acquireWL(3da4e80e): PARTIAL_WAKE_LOCK  GpsLocationProvider 0x1 967 1000 null

D/AMap NetworkLocationProvider( 2896): onSetRequest reportLocation: Location[network 30.274926,120.120701 acc=50 et=+1d18h9m0s508ms {Bundle[{amap=1}]}]

D/GpsLocationProvider(  967): [handleMessage] SET_REQUEST

D/GpsLocationProvider(  967): setRequest ProviderRequest[ON interval=0]

D/GpsLocationProvider(  967): startNavigating, singleShot is false

V/GpsLocationProvider(  967): startNavigating: set_agps_qos_time_out complete

D/GpsLocationProvider(  967): setting position_mode to MS_BASED

D/QMI_FW  (  967): QCCI: QMI_CCI_TX: cntl_flag - 00, txn_id - 13cc, msg_id - 004a, msg_len - 0007

D/QMI_FW  (  967): QCCI: QMUXD: xport_send[1 -> 16]: 14 bytes on conn_id=9

D/PMS     (  967): releaseWL(3da4e80e): PARTIAL_WAKE_LOCK  GpsLocationProvider 0x1 null

D/LocationManagerService(  967): incoming location from: network

D/QMI_FW  (  967): QCCI: QMUXD: xport_rx[1 <- 16]: 14 bytes on conn_id: 9

D/QMI_FW  (  967): QCCI: QMI_CCI_RX: cntl_flag - 02, txn_id - 13cc, msg_id - 004a, msg_len - 0007

D/QMI_FW  (  967): QCCI: QMUXD: xport_rx[1 <- 16]: 14 bytes on conn_id: 9

D/QMI_FW  (  967): QCCI: QMI_CCI_RX: cntl_flag - 04, txn_id - 0000, msg_id - 004a, msg_len - 0007

D/QMI_FW  (  967): QCCI: QMI_CCI_TX: cntl_flag - 00, txn_id - 13cd, msg_id - 0022, msg_len - 0019

D/QMI_FW  (  967): QCCI: QMUXD: xport_send[1 -> 16]: 32 bytes on conn_id=9

D/LocationManagerService(  967):  Report location to Reciever:  PackageName= com.dianping.v1 Request interval=0

D/GpsLocationProvider(  967):  write_WLD GPS ON com.dianping.v1

D/PMS     (  967): acquireWL(6bf422f): PARTIAL_WAKE_LOCK  LocationManagerService 0x1 967 1000 WorkSource{10092 com.dianping.v1}

D/PMS     (  967): releaseWL(6bf422f): PARTIAL_WAKE_LOCK  LocationManagerService 0x1 WorkSource{10092 com.dianping.v1}

D/PMS     (  967): acquireWL(4f3b03c): PARTIAL_WAKE_LOCK  LocationManagerService 0x1 967 1000 WorkSource{1000 android}

D/PMS     (  967): releaseWL(4f3b03c): PARTIAL_WAKE_LOCK  LocationManagerService 0x1 WorkSource{1000 android}

V/GpsLocationProvider(  967): reportStatus status: 1

D/GpsLocationProvider(  967): [GICON] ### GPS_ENABLED_CHANGE_ACTION ###  (true)

I/IntentController( 2788): receive(android.location.GPS_ENABLED_CHANGE,1,false)

D/QMI_FW  (  967): QCCI: QMUXD: xport_rx[1 <- 16]: 14 bytes on conn_id: 9

D/QMI_FW  (  967): QCCI: QMI_CCI_RX: cntl_flag - 02, txn_id - 13cd, msg_id - 0022, msg_len - 0007

D/QMI_FW  (  967): QCCI: QMI_CCI_TX: cntl_flag - 00, txn_id - 13ce, msg_id - 0039, msg_len - 0021

D/QMI_FW  (  967): QCCI: QMUXD: xport_send[1 -> 16]: 40 bytes on conn_id=9

D/GpsLocationProvider(  967): [reportHTCStatus] eventMask = 2 , status = 0

D/GpsLocationProvider(  967): [reportHTCStatus] INJECT_LOCATION

D/QMI_FW  (  967): QCCI: QMUXD: xport_rx[1 <- 16]: 14 bytes on conn_id: 9

D/QMI_FW  (  967): QCCI: QMI_CCI_RX: cntl_flag - 02, txn_id - 13ce, msg_id - 0039, msg_len - 0007

D/QMI_FW  (  967): QCCI: QMUXD: xport_rx[1 <- 16]: 14 bytes on conn_id: 9

D/QMI_FW  (  967): QCCI: QMI_CCI_RX: cntl_flag - 04, txn_id - 0000, msg_id - 0039, msg_len - 0007

I/nativeProcess(18972): iqiyi message: create--runOnSubprocess isProcessExist true

I/nativeProcess(18972): iqiyi message: ==== do something  executeCmd isProcessExist true =====

D/PhoneStatusBar( 2788): updateIcon slot=gps index=11 viewIndex=2 old=StatusBarIcon(pkg=com.android.systemuiuser=0 id=0x7f0205f4 level=0 visible=false num=0 ) icon=StatusBarIcon(pkg=com.android.systemuiuser=0 id=0x7f0205f4 level=0 visible=true num=0 ) name=stat_sys_gps_acquiring_anim vis=false >> true

E/LocSvc_utils_ll(  967): E/linked_list_search:289 eLINKED_LIST_UNAVAILABLE_RESOURCE 

D/GpsLocationProvider(  967): handleReportAgpsStatus with type = 1status = 1ipaddr = null

D/GpsLocationProvider(  967): GPS_REQUEST_AGPS_DATA_CONN

V/GpsLocationProvider(  967): Received SUPL IP addr[]: null

D/ConnectivityManager(  967): Looking for legacyRequest for netCap with hash: [ Transports: CELLULAR Capabilities: SUPL&NOT_RESTRICTED&TRUSTED&NOT_VPN] (57351)

D/ConnectivityManager(  967): sLegacyRequests has:

D/QMI_FW  (  967): QCCI: QMUXD: xport_rx[1 <- 16]: 28 bytes on conn_id: 9

D/QMI_FW  (  967): QCCI: QMI_CCI_RX: cntl_flag - 04, txn_id - 0000, msg_id - 0031, msg_len - 0015

D/ConnectivityService(  967): isNetworkSignaturePermitted=true, action=0

D/ConnectivityManager(  967): sending expire msg with seqNum 0 and delay 60000

D/ConnectivityManager(  967): starting startUsingNetworkFeature for request NetworkRequest [ id=207, legacyType=3, [ Transports: CELLULAR Capabilities: SUPL&NOT_RESTRICTED&TRUSTED&NOT_VPN] ]

D/GpsLocationProvider(  967): PhoneConstants.APN_REQUEST_STARTED

D/WIFI    (  967): got request NetworkRequest [ id=207, legacyType=3, [ Transports: CELLULAR Capabilities: SUPL&NOT_RESTRICTED&TRUSTED&NOT_VPN] ] with score 0

D/WIFI    (  967):   my score=60, my filter=[ Transports: WIFI Capabilities: INTERNET&NOT_RESTRICTED&TRUSTED&NOT_VPN LinkUpBandwidth>=1048576Kbps LinkDnBandwidth>=1048576Kbps]

D/WIFI    (  967): evalRequest: NetworkRequest [ id=207, legacyType=3, [ Transports: CELLULAR Capabilities: SUPL&NOT_RESTRICTED&TRUSTED&NOT_VPN] ] released

D/usbnet  (  967): got request NetworkRequest [ id=207, legacyType=3, [ Transports: CELLULAR Capabilities: SUPL&NOT_RESTRICTED&TRUSTED&NOT_VPN] ] with score 0

D/usbnet  (  967):   my score=70, my filter=[ Transports:  Capabilities: INTERNET&NOT_RESTRICTED&TRUSTED&NOT_VPN LinkUpBandwidth>=1048576Kbps LinkDnBandwidth>=1048576Kbps]

D/usbnet  (  967): evalRequest: NetworkRequest [ id=207, legacyType=3, [ Transports: CELLULAR Capabilities: SUPL&NOT_RESTRICTED&TRUSTED&NOT_VPN] ] released

D/ConnectivityService(  967): requestNetwork for NetworkRequest [ id=207, legacyType=3, [ Transports: CELLULAR Capabilities: SUPL&NOT_RESTRICTED&TRUSTED&NOT_VPN] ] called by uid/pid=1000/967

D/ConnectivityService(  967): handleRegisterNetworkRequest checking NetworkAgentInfo [WIFI () - 287]

D/ConnectivityService(  967): sending new NetworkRequest to factories

D/WifiService(  967): >>>>>>>>ACTION_ANY_DATA_CONNECTION_STATE_CHANGED<<<<<<<<iSlotNum=0 sReason=dataEnabled sApnType=supl

E/QC-DS-LIB(  276): dsi_get_data_srvc_hndl: ENTRY

E/QC-DS-LIB(  276): mutex [0xb699f844] locked

E/QC-DS-LIB(  276): alloc dsi store successful

E/QC-DS-LIB(  276): found an un-used index [0], store pointer is [b87c8798]

E/QC-DS-LIB(  276): start_nw_params reset to 0

E/QC-DS-LIB(  276): data store is at [0xb87c8798]

E/QC-DS-LIB(  276): dsi_get_data_srvc_hndl: EXIT with suc

E/QC-DS-LIB(  276): mutex [0xb699f844] unlocked

D/WifiService(  967): >>>>>>>>ACTION_ANY_DATA_CONNECTION_STATE_CHANGED<<<<<<<<iSlotNum=0 sReason=dataEnabled sApnType=httpproxy

D/WifiService(  967): >>>>>>>>ACTION_ANY_DATA_CONNECTION_STATE_CHANGED<<<<<<<<iSlotNum=0 sReason=dataEnabled sApnType=callernameid

D/WifiService(  967): >>>>>>>>ACTION_ANY_DATA_CONNECTION_STATE_CHANGED<<<<<<<<iSlotNum=0 sReason=dataEnabled sApnType=verizon

D/WifiService(  967): >>>>>>>>ACTION_ANY_DATA_CONNECTION_STATE_CHANGED<<<<<<<<iSlotNum=0 sReason=dataEnabled sApnType=fota

E/QC-DS-LIB(  276): set_data_call_param: ENTRY

E/QC-DS-LIB(  276): mutex [0xb699f844] locked

E/QC-DS-LIB(  276): set param for dsi_hndl [b87c8798], ident [1], num_val [2]

E/QC-DS-LIB(  276): dsnet_policy profile_id [2]

E/QC-DS-LIB(  276): set_data_call_param: EXIT with suc

E/QC-DS-LIB(  276): mutex [0xb699f844] unlocked

E/QC-DS-LIB(  276): set_data_call_param: ENTRY

E/QC-DS-LIB(  276): mutex [0xb699f844] locked

E/QC-DS-LIB(  276): set param for dsi_hndl [b87c8798], ident [6], num_val [51]

E/QC-DS-LIB(  276): dsnet_policy profile_id [51]

E/QC-DS-LIB(  276): set_data_call_param: EXIT with suc

E/QC-DS-LIB(  276): mutex [0xb699f844] unlocked

E/QC-DS-LIB(  276): set_data_call_param: ENTRY

E/QC-DS-LIB(  276): mutex [0xb699f844] locked

E/QC-DS-LIB(  276): set param for dsi_hndl [b87c8798], ident [5], num_val [0]

E/QC-DS-LIB(  276): set_data_call_param: EXIT with suc

E/QC-DS-LIB(  276): mutex [0xb699f844] unlocked

E/QC-DS-LIB(  276): set_data_call_param: ENTRY

E/QC-DS-LIB(  276): mutex [0xb699f844] locked

E/QC-DS-LIB(  276): set param for dsi_hndl [b87c8798], ident [11], num_val [4]

E/QC-DS-LIB(  276): set_data_call_param: EXIT with suc

E/QC-DS-LIB(  276): mutex [0xb699f844] unlocked

D/WifiService(  967): >>>>>>>>ACTION_ANY_DATA_CONNECTION_STATE_CHANGED<<<<<<<<iSlotNum=0 sReason=dataEnabled sApnType=emergency

D/WifiService(  967): >>>>>>>>ACTION_ANY_DATA_CONNECTION_STATE_CHANGED<<<<<<<<iSlotNum=0 sReason=dataEnabled sApnType=verizon800

E/QC-DS-LIB(  276): start_data_call: ENTRY

E/QC-DS-LIB(  276): mutex [0xb699f844] locked

E/QC-DS-LIB(  276): dsi_mni_look_up: ENTRY

E/QC-DS-LIB(  276): QCRIL is using QDP. No need to create IPv6 profiles

E/QC-DS-LIB(  276): dsi_mm_iface_look_up: entry

E/QC-DS-LIB(  276): dsi_prepare_route_lookup_params: entry

E/QC-DS-LIB(  276): setting 3gpp profile id [2] in route_look_up params

E/QC-DS-LIB(  276): setting 3gpp2 profile id [51] in route_look_up params

E/QC-DS-LIB(  276): setting ip family [4] in route_look_up params

E/QC-DS-LIB(  276): dsi_prepare_route_lookup_params: exit with success

D/WifiService(  967): >>>>>>>>ACTION_ANY_DATA_CONNECTION_STATE_CHANGED<<<<<<<<iSlotNum=0 sReason=dataEnabled sApnType=hipri

E/QC-DS-LIB(  276): modem [DSI_RADIO_MODEM_2] returned an interface [0x26ffff00] with priority set to [4] tech set to [0x8880] on qmi inst [-1]

E/QC-DS-LIB(  276): current priority is [0]

E/QC-DS-LIB(  276): new high priority is [4]

E/QC-DS-LIB(  276): modem [DSI_RADIO_MODEM_1] does not contain any valid interface with valid qmi wds hndl

E/QC-DS-LIB(  276): multimodem route look up found [DSI_RADIO_MODEM_2] modem to have the highest priority interface available

E/QC-DS-LIB(  276): route_look_up returned Um Handle [654311168]

E/QC-DS-LIB(  276): func <dsi_find_available_iface_on_modem> entry. DSI_MID 0, IFACE_START 8, IFACE_END 15.

E/QC-DS-LIB(  276): dsi_is_qmiport_incall: entry

D/WifiService(  967): >>>>>>>>ACTION_ANY_DATA_CONNECTION_STATE_CHANGED<<<<<<<<iSlotNum=0 sReason=dataEnabled sApnType=ims

D/WifiService(  967): >>>>>>>>ACTION_ANY_DATA_CONNECTION_STATE_CHANGED<<<<<<<<iSlotNum=0 sReason=dataEnabled sApnType=default

E/QC-DS-LIB(  276): QMI port link status for iface[8]: state=1 inuse=0

E/QC-DS-LIB(  276): dsi_is_qmiport_incall: exit with success

E/QC-DS-LIB(  276): dsi_mm_iface_look_up: exit with success

E/QC-DS-LIB(  276): user did not provide a technology preference by default dsd tech [0x8880] would be used

E/QC-DS-LIB(  276): dsi_mni_look_up: EXIT with suc

E/QC-DS-LIB(  276): issuing start_nw_if on dsi_iface [8]

E/QC-DS-LIB(  276): dsi_mni_start: ENTRY

D/WifiService(  967): >>>>>>>>ACTION_ANY_DATA_CONNECTION_STATE_CHANGED<<<<<<<<iSlotNum=0 sReason=dataEnabled sApnType=mms

D/WifiService(  967): >>>>>>>>ACTION_ANY_DATA_CONNECTION_STATE_CHANGED<<<<<<<<iSlotNum=0 sReason=dataEnabled sApnType=cbs

D/WifiService(  967): >>>>>>>>ACTION_ANY_DATA_CONNECTION_STATE_CHANGED<<<<<<<<iSlotNum=0 sReason=dataEnabled sApnType=ia

E/QC-DS-LIB(  276): mutex [0xb699d494] locked

E/QC-DS-LIB(  276): mutex [0xb699d494] unlocked

E/QC-DS-LIB(  276): dsi_mni_start: EXIT with suc

E/QC-DS-LIB(  276): mutex [0xb87c8958] locked

E/QC-DS-LIB(  276): mutex [0xb87c8958] unlocked

E/QC-DS-LIB(  276): start_data_call: EXIT with suc

E/QC-DS-LIB(  276): mutex [0xb699f844] unlocked

D/WifiService(  967): >>>>>>>>ACTION_ANY_DATA_CONNECTION_STATE_CHANGED<<<<<<<<iSlotNum=0 sReason=dataEnabled sApnType=dun

D/WifiService(  967): >>>>>>>>ACTION_ANY_DATA_CONNECTION_STATE_CHANGED<<<<<<<<iSlotNum=0 sReason=dataEnabled sApnType=internet

D/MdScPhnSt(25713): [b20.2.]  listen callback 3 - tmrbb8

E/PhoneUtils( 2934): getDefaultPhoneForSlot() incorrect slotId: -1

E/PhoneUtils( 2934): getDefaultPhoneForSlot() incorrect slotId: -1

D/MdProvGlob(25695): remove item 101 (p2d27in316) for 15:android.intent.action.ANY_DATA_STATE

D/MdScDataSum(25713): [b20.2.] summary 26:p3 ignore

E/WifiTrafficPoller(  967): TRAFFIC_STATS_POLL true Token 929 num clients 46

E/WifiTrafficPoller(  967):  packet count Tx=378743 Rx=498929

V/GpsLocationProvider(  967): reportStatus status: 3

V/GpsLocationProvider(  967): reportStatus status: 1

D/QMI_FW  (  967): QCCI: QMUXD: xport_rx[1 <- 16]: 14 bytes on conn_id: 9

D/QMI_FW  (  967): QCCI: QMI_CCI_RX: cntl_flag - 04, txn_id - 0000, msg_id - 002b, msg_len - 0007

I/LocationManagerService(  967): remove com.dianping.v1 25aa0e09

D/LocationManagerService(  967): provider request: gps ProviderRequest[OFF]

D/GpsLocationProvider(  967): [handleMessage] SET_REQUEST

D/GpsLocationProvider(  967): setRequest ProviderRequest[OFF]

D/GpsLocationProvider(  967): stopNavigating

I/IntentController( 2788): receive(android.location.GPS_ENABLED_CHANGE,1,false)

D/GpsLocationProvider(  967):  write_WLD  GPS OFF com.dianping.v1

D/PMS     (  967): acquireWL(2f087541): PARTIAL_WAKE_LOCK  GpsLocationProvider 0x1 967 1000 null

D/QMI_FW  (  967): QCCI: QMI_CCI_TX: cntl_flag - 00, txn_id - 13cf, msg_id - 0023, msg_len - 0004

D/QMI_FW  (  967): QCCI: QMUXD: xport_send[1 -> 16]: 11 bytes on conn_id=9

D/PMS     (  967): releaseWL(2f087541): PARTIAL_WAKE_LOCK  GpsLocationProvider 0x1 null

V/GpsLocationProvider(  967): reportStatus status: 2

D/QMI_FW  (  967): QCCI: QMUXD: xport_rx[1 <- 16]: 14 bytes on conn_id: 9

D/QMI_FW  (  967): QCCI: QMI_CCI_RX: cntl_flag - 02, txn_id - 13cf, msg_id - 0023, msg_len - 0007

D/GpsLocationProvider(  967): [GICON] ### GPS_ENABLED_CHANGE_ACTION ###  (false)

I/IntentController( 2788): receive(android.location.GPS_ENABLED_CHANGE,1,false)

D/QMI_FW  (  967): QCCI: QMUXD: xport_rx[1 <- 16]: 25 bytes on conn_id: 9

D/QMI_FW  (  967): QCCI: QMI_CCI_RX: cntl_flag - 04, txn_id - 0000, msg_id - 0024, msg_len - 0012

D/QMI_FW  (  967): QCCI: QMUXD: xport_rx[1 <- 16]: 28 bytes on conn_id: 9

D/QMI_FW  (  967): QCCI: QMI_CCI_RX: cntl_flag - 04, txn_id - 0000, msg_id - 0031, msg_len - 0015

D/QMI_FW  (  967): QCCI: QMI_CCI_TX: cntl_flag - 00, txn_id - 13d0, msg_id - 0053, msg_len - 0015

D/QMI_FW  (  967): QCCI: QMUXD: xport_send[1 -> 16]: 28 bytes on conn_id=9

D/QMI_FW  (  967): QCCI: QMUXD: xport_rx[1 <- 16]: 14 bytes on conn_id: 9

D/QMI_FW  (  967): QCCI: QMI_CCI_RX: cntl_flag - 02, txn_id - 13d0, msg_id - 0053, msg_len - 0007

D/QMI_FW  (  967): QCCI: QMUXD: xport_rx[1 <- 16]: 14 bytes on conn_id: 9

E/LocSvc_utils_ll(  967): E/linked_list_search:289 eLINKED_LIST_UNAVAILABLE_RESOURCE 

E/LocSvc_utils_ll(  967): E/linked_list_search:289 eLINKED_LIST_UNAVAILABLE_RESOURCE 

D/GpsLocationProvider(  967): handleReportAgpsStatus with type = 1status = 2ipaddr = null

D/GpsLocationProvider(  967): GPS_RELEASE_AGPS_DATA_CONN

D/ConnectivityManager(  967): stopUsingNetworkFeature for 0, enableSUPL

D/GpsLocationProvider(  967): shin Trun on fastDormany 

D/GpsLocationProvider(  967): setFastDormancy disabled=0

D/GpsLocationProvider(  967): Could not get htcPhoneInterface!

W/LocSvc_eng(  967): W/AgpsReleasedState: unrecognized event 3

D/ConnectivityManager.CallbackHandler(  967): CM callback handler got msg 524296

D/QMI_FW  (  967): QCCI: QMI_CCI_RX: cntl_flag - 04, txn_id - 0000, msg_id - 0053, msg_len - 0007

D/ConnectivityService(  967): isNetworkSignaturePermitted=true, action=0

D/ConnectivityService(  967): releaseNetworkRequest for NetworkRequest [ id=207, legacyType=3, [ Transports: CELLULAR Capabilities: SUPL&NOT_RESTRICTED&TRUSTED&NOT_VPN] ] called by uid/pid=1000/967

D/ConnectivityService(  967): releasing NetworkRequest NetworkRequest [ id=207, legacyType=3, [ Transports: CELLULAR Capabilities: SUPL&NOT_RESTRICTED&TRUSTED&NOT_VPN] ]

D/ConnectivityService(  967): sending notification RELEASED for NetworkRequest [ id=207, legacyType=3, [ Transports: CELLULAR Capabilities: SUPL&NOT_RESTRICTED&TRUSTED&NOT_VPN] ]

D/PhoneStatusBar( 2788): updateIcon slot=gps index=11 viewIndex=2 old=StatusBarIcon(pkg=com.android.systemuiuser=0 id=0x7f0205f4 level=0 visible=true num=0 ) icon=StatusBarIcon(pkg=com.android.systemuiuser=0 id=0x7f0205f4 level=0 visible=false num=0 ) name=stat_sys_gps_acquiring_anim vis=true >> false

V/GpsLocationProvider(  967): reportStatus status: 2

V/GpsLocationProvider(  967): reportStatus status: 4

D/QMI_FW  (  967): QCCI: QMUXD: xport_rx[1 <- 16]: 14 bytes on conn_id: 9

D/QMI_FW  (  967): QCCI: QMI_CCI_RX: cntl_flag - 04, txn_id - 0000, msg_id - 002b, msg_len - 0007

E/WifiStateMachine(  967): handleMessage: E msg.what=131155

E/WifiStateMachine(  967): processMsg: ConnectedState

E/WifiStateMachine(  967):  ConnectedState !CMD_RSSI_POLL 228 0 "alibaba-inc" 1c:aa:07:f5:96:bf rssi=-65 f=5785 sc=60 link=52 tx=3.3, 0.0, 0.0  rx=134.2 bcn=0 [on:0 tx:0 rx:0 period:2984] from screen [on:0 period:-1439539821] gl u24 rssi=-65 ag=0 hr ticks 1,2,12 ls-=0 [56,56,56,56,61] brc=0 lrc=0

E/WifiStateMachine(  967): processMsg: L2ConnectedState

E/WifiStateMachine(  967):  L2ConnectedState !CMD_RSSI_POLL 228 0 "alibaba-inc" 1c:aa:07:f5:96:bf rssi=-65 f=5785 sc=60 link=52 tx=3.3, 0.0, 0.0  rx=134.2 bcn=0 [on:0 tx:0 rx:0 period:3] from screen [on:0 period:-1439539818] gl u24 rssi=-65 ag=0 hr ticks 1,2,12 ls-=0 [56,56,56,56,61] brc=0 lrc=0

E/WifiStateMachine(  967):  get link layer stats 0

W/WifiHW  (  967): QCOM Debug wifi_send_command "IFNAME=wlan0 SIGNAL_POLL"

D/wpa_supplicant( 8936): wlan0: Control interface command 'SIGNAL_POLL'

I/wpa_supplicant( 8936): environment dirty rate=0 [0][0][0]

E/WifiStateMachine(  967): fetchRssiLinkSpeedAndFrequencyNative RSSI = -61 abnormalRssiCnt = 0 newLinkSpeed = 52

E/WifiStateMachine(  967): fetchRssiLinkSpeedAndFrequencyNative rssi=-61 linkspeed=52

E/WifiConfigStore(  967): updateConfiguration freq=5785 BSSID=1c:aa:07:f5:96:bf RSSI=-61 "alibaba-inc"WPA_EAP

E/WifiStateMachine(  967): calculateWifiScore freq=5785 speed=52 score=60 highRSSI  -> txbadrate=0.00 txgoodrate=1.66 txretriesrate=0.00 rxrate=162.08 userTriggerdPenalty0

E/WifiStateMachine(  967):  good link -> stuck count =0

E/WifiStateMachine(  967):  badRSSI count0 lowRSSI count0 --> score 56

E/WifiStateMachine(  967):  isHighRSSI       ---> score=61

D/WifiWatchdogStateMachine(  967): RSSI current: 3 new: -61, 3

E/WifiStateMachine(  967): handleMessage: X

E/WifiTrafficPoller(  967): TRAFFIC_STATS_POLL true Token 929 num clients 46

E/WifiTrafficPoller(  967):  packet count Tx=378743 Rx=498983

D/libc    (18875): [NET] android_getaddrinfofornet+,hn 13(0x707573682e6163),sn(),hints(known),family 0,flags 4

D/libc    (18875): [NET] android_getaddrinfofornet-, err=8

D/libc    (18875): [NET] android_getaddrinfofornet+,hn 13(0x707573682e6163),sn(),hints(known),family 0,flags 1024

D/libc    (18875): [NET] android_getaddrinfofornet-, pass to proxy

D/libc    (18875): [NET] android_getaddrinfo_proxy+

D/libc    (18875): [NET] android_getaddrinfo_proxy get netid:0

D/libc    (  291): [NET] android_getaddrinfofornet+,hn 13(0x707573682e6163),sn(),hints(known),family 0,flags 1024

D/libc    (  291): [NET] _dns_getaddrinfo+, netid:287, mark:917791

D/libc    (  291): [NET] _dns_getaddrinfo-, (NS_SUCCESS)

D/libc    (  291): [NET] android_getaddrinfofornet-, SUCCESS

D/libc    (18875): [NET] android_getaddrinfo_proxy-, success

D/WifiService(  967): releaseMulticastLock pid=18875, uid=10128

D/WifiService(  967): removeMulticasterLocked

E/WifiStateMachine(  967): handleMessage: E msg.what=131156

E/WifiStateMachine(  967): processMsg: ConnectedState

E/WifiStateMachine(  967):  ConnectedState !CMD_START_PACKET_FILTERING 0 0

E/WifiStateMachine(  967): processMsg: L2ConnectedState

E/WifiStateMachine(  967):  L2ConnectedState !CMD_START_PACKET_FILTERING 0 0

E/WifiStateMachine(  967): processMsg: ConnectModeState

E/WifiStateMachine(  967):  ConnectModeState !CMD_START_PACKET_FILTERING 0 0

E/WifiStateMachine(  967): processMsg: DriverStartedState

E/WifiStateMachine(  967):  DriverStartedState !CMD_START_PACKET_FILTERING 0 0

W/WifiHW  (  967): QCOM Debug wifi_send_command "IFNAME=wlan0 DRIVER RXFILTER-STOP"

D/wpa_supplicant( 8936): wlan0: Control interface command 'DRIVER RXFILTER-STOP'

D/wpa_supplicant( 8936): wpa_driver_nl80211_driver_cmd RXFILTER-STOP len = 0, 8192

W/WifiHW  (  967): QCOM Debug wifi_send_command "IFNAME=wlan0 DRIVER RXFILTER-REMOVE 2"

D/wpa_supplicant( 8936): wlan0: Control interface command 'DRIVER RXFILTER-REMOVE 2'

D/wpa_supplicant( 8936): wpa_driver_nl80211_driver_cmd RXFILTER-REMOVE 2 len = 0, 8192

W/WifiHW  (  967): QCOM Debug wifi_send_command "IFNAME=wlan0 DRIVER RXFILTER-START"

D/wpa_supplicant( 8936): wlan0: Control interface command 'DRIVER RXFILTER-START'

D/wpa_supplicant( 8936): wpa_driver_nl80211_driver_cmd RXFILTER-START len = 0, 8192

E/WifiStateMachine(  967): handleMessage: X

E/WifiStateMachine(  967): handleMessage: E msg.what=131157

E/WifiStateMachine(  967): processMsg: ConnectedState

E/WifiStateMachine(  967):  ConnectedState !CMD_STOP_PACKET_FILTERING 0 0

E/WifiStateMachine(  967): processMsg: L2ConnectedState

E/WifiStateMachine(  967):  L2ConnectedState !CMD_STOP_PACKET_FILTERING 0 0

E/WifiStateMachine(  967): processMsg: ConnectModeState

E/WifiStateMachine(  967):  ConnectModeState !CMD_STOP_PACKET_FILTERING 0 0

E/WifiStateMachine(  967): processMsg: DriverStartedState

E/WifiStateMachine(  967):  DriverStartedState !CMD_STOP_PACKET_FILTERING 0 0

W/WifiHW  (  967): QCOM Debug wifi_send_command "IFNAME=wlan0 DRIVER RXFILTER-STOP"

D/wpa_supplicant( 8936): wlan0: Control interface command 'DRIVER RXFILTER-STOP'

D/wpa_supplicant( 8936): wpa_driver_nl80211_driver_cmd RXFILTER-STOP len = 0, 8192

W/WifiHW  (  967): QCOM Debug wifi_send_command "IFNAME=wlan0 DRIVER RXFILTER-ADD 2"

D/wpa_supplicant( 8936): wlan0: Control interface command 'DRIVER RXFILTER-ADD 2'

D/wpa_supplicant( 8936): wpa_driver_nl80211_driver_cmd RXFILTER-ADD 2 len = 0, 8192

W/WifiHW  (  967): QCOM Debug wifi_send_command "IFNAME=wlan0 DRIVER RXFILTER-START"

D/wpa_supplicant( 8936): wlan0: Control interface command 'DRIVER RXFILTER-START'

D/wpa_supplicant( 8936): wpa_driver_nl80211_driver_cmd RXFILTER-START len = 0, 8192

D/WifiService(  967): acquireMulticastLock pid=18875, uid=10128

E/WifiStateMachine(  967): handleMessage: X

D/HtcWifiControlRoamOffload: (  967): Receive mPhoneStateListener

D/HtcWifiControlRoamOffload: (  967): Receive mPhoneStateListener, getGsmSignalStrength17

E/WifiTrafficPoller(  967): TRAFFIC_STATS_POLL true Token 929 num clients 46

E/WifiTrafficPoller(  967):  packet count Tx=378744 Rx=499014

E/WifiTrafficPoller(  967): notifying of data activity 3

E/WifiDataStallTracker(  967): DATA_MONITOR_POLL true Token 270

D/WifiDataStallTracker(  967): updateDataStallInfo: mDataStallTxRxSum={txSum=290311 rxSum=212570} preTxRxSum={txSum=290309 rxSum=212570}

D/WifiDataStallTracker(  967): updateDataStallInfo: OUT sent=2 mSentSinceLastRecv=2

D/WifiDataStallTracker(  967): onDataStallAlarm: Sent 2 pkts since last received, < watchdogTrigger=5

E/WifiStateMachine(  967): WiFiStateMachine SCAN ALARM

E/WifiStateMachine(  967): handleMessage: E msg.what=131143

E/WifiStateMachine(  967): processMsg: ConnectedState

D/WifiDisplayAdapter(  967): getWifiDisplayStatusLocked: result=WifiDisplayStatus{featureState=3, scanState=0, activeDisplayState=0, activeDisplay=null, displays=[], sessionInfo=WifiDisplaySessionInfo:

D/WifiDisplayAdapter(  967):     Client/Owner: Client

D/WifiDisplayAdapter(  967):     GroupId: 

D/WifiDisplayAdapter(  967):     Passphrase: 

D/WifiDisplayAdapter(  967):     SessionId: 0

D/WifiDisplayAdapter(  967):     IP Address: }

E/WifiStateMachine(  967):  ConnectedState !CMD_START_SCAN -2 -2 ic=1015 proc(ms):3 dur:3634 rssi=-61 f=5785 sc=60 link=52 tx=1.7, 0.0, 0.0  rx=162.1 fiv=40000 [on:0 tx:0 rx:0 period:1678] from screen [on:0 period:-1439538112]

E/WifiStateMachine(  967): processMsg: L2ConnectedState

E/WifiStateMachine(  967):  L2ConnectedState !CMD_START_SCAN -2 -2 ic=1015 proc(ms):6 dur:3634 rssi=-61 f=5785 sc=60 link=52 tx=1.7, 0.0, 0.0  rx=162.1 fiv=40000 [on:0 tx:0 rx:0 period:2] from screen [on:0 period:-1439538110]

E/WifiStateMachine(  967): WifiStateMachine CMD_START_SCAN source -2 txSuccessRate=1.66 rxSuccessRate=162.08 targetRoamBSSID=1c:aa:07:f5:96:bf RSSI=-61

E/WifiStateMachine(  967): WifiStateMachine CMD_START_SCAN with age=665604 interval=40000 maxinterval=300000

E/WifiStateMachine(  967): WifiStateMachine CMD_START_SCAN try full band scan age=665604 interval=40000 maxinterval=300000

E/WifiStateMachine(  967): WifiStateMachine CMD_START_SCAN prevent full band scan due to pkt rate

E/WifiStateMachine(  967): WifiStateMachine CMD_START_SCAN source -2 ...and ignore scans tx=1.66 rx=162.08

D/PMS     (  967): acquireWL(b99eae6): PARTIAL_WAKE_LOCK  *alarm* 0x1 967 1000 WorkSource{1000}

V/AlarmManager(  967): sending alarm PendingIntent{903b2a5: PendingIntentRecord{79f867a android broadcastIntent}}, i=com.android.server.WifiManager.action.START_SCAN, t=1, cnt=1, w=1450259407929, Int=20000

D/PMS     (  967): releaseWL(b99eae6): PARTIAL_WAKE_LOCK  *alarm* 0x1 WorkSource{1000}

E/WifiStateMachine(  967): handleMessage: X

E/QC-DS-LIB(  276): >>>dsi_qmi_wds_cmd_cb: ENTRY

E/QC-DS-LIB(  276): >>>qmi wds cmd_cb: user_handle=0x1

E/QC-DS-LIB(  276): >>>qmi wds cmd_cb: service_id=1

E/QC-DS-LIB(  276): >>>qmi wds cmd_cb: sys_err_code=0

E/QC-DS-LIB(  276): >>>qmi wds cmd_cb: qmi_err_code=0

E/QC-DS-LIB(  276): >>>qmi wds cmd_cb: rsp_id=2

E/QC-DS-LIB(  276): >>>qmi wds cmd_cb: rsp_data=0xb87cde20

E/QC-DS-LIB(  276): dsi_mem_debug: malloc ptr [0xb87c9bf8] memsize [15592]

E/QC-DS-LIB(  276): >>>posting cmd [0xb87c9bf8] to dsi_netctrl_cb queue

E/QC-DS-LIB(  276): >>>dsi_qmi_wds_cmd_cb: EXIT with suc

E/QC-DS-LIB(  276): dsi_netctrl_cb_cmd_exec: ENTRY

E/QC-DS-LIB(  276): dsi_process_async_wds_rsp: ENTRY

E/QC-DS-LIB(  276): qmi wds cmd_cb: rsp_id=2

E/QC-DS-LIB(  276): mutex [0xb699f844] locked

E/QC-DS-LIB(  276): rcvd QMI_WDS_SRVC_START_NW_ASYNC_RSP_MSG

E/QC-DS-LIB(  276): dsi_process_start_nw_async_rsp: ENTRY

E/QC-DS-LIB(  276): found matching dsi ce reason type [-1]

E/QC-DS-LIB(  276): set call end reason V4 code/type [-1/-1] on handle [0xb87c8798]

E/QC-DS-LIB(  276): qmi txn success: rsp= QMI_WDS_SRVC_START_NW_ASYNC_RSP_MSG

E/QC-DS-LIB(  276): dsi_process_start_nw_async_rsp: EXIT with suc

E/QC-DS-LIB(  276): dsi_process_async_wds_rsp: EXIT with suc

E/QC-DS-LIB(  276): mutex [0xb699f844] unlocked

E/QC-DS-LIB(  276): dsi_netctrl_cb_cmd_exec: EXIT with suc

E/QC-DS-LIB(  276): dsi_netctrl_cb_cmd_free ENTRY

E/QC-DS-LIB(  276): dsi_mem_debug free ptr [0xb87c9bf8]

E/QC-DS-LIB(  276): dsi_netctrl_cb_cmd_free EXIT

E/QC-NETMGR-LIB(  285): Received command: ID=NETMGR_QMI_MSG_CMD, link=8

E/QC-DS-LIB(  276): >>>dsi_qmi_wds_ind_cb: ENTRY

E/QC-DS-LIB(  276): dsi_mem_debug: malloc ptr [0xb87c9bf8] memsize [15592]

E/QC-DS-LIB(  276): >>>received wds_ind with wds_hndl [0x1] sid [1] user_data [0x8] ind_id [1] ind_data [0xb87ce108]

E/QC-DS-LIB(  276): >>>posting cmd [0xb87c9bf8] to dsi_netctrl_cb queue

E/QC-DS-LIB(  276): >>>dsi_qmi_wds_ind_cb: EXIT with suc

E/QC-NETMGR-LIB(  285): Process command: ID=NETMGR_QMI_MSG_CMD, link=8, state=1

E/QC-DS-LIB(  276): dsi_netctrl_cb_cmd_exec: ENTRY

E/QC-DS-LIB(  276): dsi_process_wds_ind: ENTRY

E/QC-DS-LIB(  276): mutex [0xb699f844] locked

E/QC-DS-LIB(  276): received ind_id [1] with wds_hndl [0x1] sid [1] user_data [0x8] ind_data [0xb87c9c20]

E/QC-DS-LIB(  276): dsi_handle_pkt_srvc_ind: ENTRY

E/QC-DS-LIB(  276): received pkt_srvc_ind with wds_hndl [0x1] sid [1] user_data [0x8] ind_data [0xb87c9c20]

E/QC-DS-LIB(  276): packet data call connected on iface [8]

E/QC-DS-LIB(  276): dsi_is_valid_client_found_for_iface: valid client=0xb87c8798 found at store index=0

E/QC-DS-LIB(  276): mutex [0xb699d494] locked

E/QC-DS-LIB(  276): iface [8] ref count incr [1]

E/QC-DS-LIB(  276): data store [0xb87c8798] updated with call technology:8880

E/QC-DS-LIB(  276): mutex [0xb699d494] unlocked

E/QC-DS-LIB(  276): mutex [0xb87c8958] locked

E/QC-DS-LIB(  276): mutex [0xb87c8958] unlocked

E/QC-DS-LIB(  276): dsi_update_client_ref_count: client=0xb87c8798 updated ref_count=1

E/QC-DS-LIB(  276): dsi_handle_pkt_srvc_ind: EXIT with suc

E/QC-DS-LIB(  276): dsi_process_wds_ind: EXIT with suc

E/QC-DS-LIB(  276): mutex [0xb699f844] unlocked

E/QC-DS-LIB(  276): dsi_netctrl_cb_cmd_exec: EXIT with suc

E/QC-DS-LIB(  276): dsi_netctrl_cb_cmd_free ENTRY

E/QC-DS-LIB(  276): dsi_mem_debug free ptr [0xb87c9bf8]

E/QC-DS-LIB(  276): dsi_netctrl_cb_cmd_free EXIT

E/QC-NETMGR-LIB(  285): Link MTU: 1500

E/QC-NETMGR-LIB(  285): IP address family: 0x04

I/QC-NETMGR-LIB(  285): Modem ifaceIPv4 addr [10.152.102.51]

I/QC-NETMGR-LIB(  285): Subnet maskIPv4 addr [255.255.255.248]

I/QC-NETMGR-LIB(  285): GatewayIPv4 addr [10.152.102.49]

I/QC-NETMGR-LIB(  285): DNS PrimaryIPv4 addr [211.140.11.66]

I/QC-NETMGR-LIB(  285): DNS SecondaryIPv4 addr [211.140.13.188]

E/QC-NETMGR-LIB(  285): Posting connect event - family[1/4] reconfig[0]

E/QC-NETMGR-LIB(  285): Received command: ID=NETMGR_WDS_CONNECTED_EV, link=8

E/QC-NETMGR-LIB(  285): Process command: ID=NETMGR_WDS_CONNECTED_EV, link=8, state=1

E/QC-NETMGR-LIB(  285): bring up kernel interface for link [8]  family[4]

D/wpa_supplicant( 8936): nl80211: Ignore RTM_NEWLINK event for foreign ifindex 13

E/QC-NETMGR-LIB(  285): Received nl msg, recvmsg returned 992

E/QC-NETMGR-LIB(  285): Received command: ID=NETMGR_KIF_MSG_CMD, link=0

E/QC-NETMGR-LIB(  285): Process command: ID=NETMGR_KIF_MSG_CMD, link=0, state=1

E/QC-NETMGR-LIB(  285): Processing RTM_NEWLINK

E/QC-NETMGR-LIB(  285): Metainfo:  Index=13 Family=0 Type=0x212 Change=[0x1]UP  Flags=[0x10041]UP RUNNING LOWER_UP 

E/QC-NETMGR-LIB(  285): Rcvd Netlink msg type [16]

E/QC-NETMGR-LIB(  285): Received RTM_NEWLINK

E/QC-NETMGR-LIB(  285): link 8 interface up

E/QC-NETMGR-LIB(  285): Received command: ID=NETMGR_KIF_OPENED_EV, link=8

E/QC-NETMGR-LIB(  285): RTM_NEWLINK rcvd with interface up

E/QC-NETMGR-LIB(  285): Process command: ID=NETMGR_KIF_OPENED_EV, link=8, state=2

E/QC-NETMGR-LIB(  285): Starting address configuration on link 8

E/QC-NETMGR-LIB(  285): spawned DHCP worker thread [0xb8c95df0] for link[8]

D/Tethering(  967): interfaceLinkStateChanged rmnet_usb0, true

D/Tethering(  967): interfaceStatusChanged rmnet_usb0, true

E/WifiStateMachine(  967): WiFiDisplay: getWifidisplayApEnabled=false

D/libc    (  967): [NET] android_getaddrinfofornet+,hn 6,sn(),hints(known),family 0,flags 4

D/libc    (  967): [NET] android_getaddrinfofornet-, SUCCESS

E/QC-NETMGR-LIB(  285): DHCP starting for rmnet_usb0

E/NetlinkEvent(  291): NetlinkEvent::FindParam(): Parameter 'TIME_NS' not found

E/QC-NETMGR-LIB(  285): Received nl msg, recvmsg returned 56

E/QC-NETMGR-LIB(  285): Received command: ID=NETMGR_KIF_MSG_CMD, link=0

E/QC-NETMGR-LIB(  285): Received nl msg, recvmsg returned 56

E/QC-NETMGR-LIB(  285): Received command: ID=NETMGR_KIF_MSG_CMD, link=0

E/QC-NETMGR-LIB(  285): Received nl msg, recvmsg returned 56

E/QC-NETMGR-LIB(  285): Received command: ID=NETMGR_KIF_MSG_CMD, link=0

E/QC-NETMGR-LIB(  285): Process command: ID=NETMGR_KIF_MSG_CMD, link=0, state=1

E/QC-NETMGR-LIB(  285): Processing RTM_NEWADDR

E/QC-NETMGR-LIB(  285): Metainfo:  Family=2 PrefixLen=8 Scope=0x0 Index=13 Flags=[0x80]PERMANENT 

I/QC-NETMGR-LIB(  285): Attribute: PrefixIPv4 addr [10.152.102.51]

I/QC-NETMGR-LIB(  285): Attribute: LocalIPv4 addr [10.152.102.51]

E/QC-NETMGR-LIB(  285): Attribute: Label name rmnet_usb0

E/QC-NETMGR-LIB(  285): Rcvd Netlink msg type [20]

E/QC-NETMGR-LIB(  285): Metainfo: Family=AF_INET PrefixLen=8

I/QC-NETMGR-LIB(  285): Subnet maskIPv4 addr [255.255.255.248]

E/QC-NETMGR-LIB(  285): prefixLength[29] mismatch , ignoring on link 8

E/QC-NETMGR-LIB(  285): Process command: ID=NETMGR_KIF_MSG_CMD, link=0, state=1

E/QC-NETMGR-LIB(  285): Processing RTM_DELADDR

E/QC-NETMGR-LIB(  285): Metainfo:  Family=2 PrefixLen=8 Scope=0x0 Index=13 Flags=[0x80]PERMANENT 

I/QC-NETMGR-LIB(  285): Attribute: PrefixIPv4 addr [10.152.102.51]

I/QC-NETMGR-LIB(  285): Attribute: LocalIPv4 addr [10.152.102.51]

E/QC-NETMGR-LIB(  285): Attribute: Label name rmnet_usb0

E/QC-NETMGR-LIB(  285): Rcvd Netlink msg type [21]

E/QC-NETMGR-LIB(  285): Metainfo: Family=AF_INET PrefixLen=8

I/QC-NETMGR-LIB(  285): Subnet maskIPv4 addr [255.255.255.248]

E/QC-NETMGR-LIB(  285): prefixLength[29] mismatch , ignoring on link 8

E/QC-NETMGR-LIB(  285): Process command: ID=NETMGR_KIF_MSG_CMD, link=0, state=1

E/QC-NETMGR-LIB(  285): Processing RTM_NEWADDR

E/QC-NETMGR-LIB(  285): Metainfo:  Family=2 PrefixLen=29 Scope=0x0 Index=13 Flags=[0x80]PERMANENT 

I/QC-NETMGR-LIB(  285): Attribute: PrefixIPv4 addr [10.152.102.51]

I/QC-NETMGR-LIB(  285): Attribute: LocalIPv4 addr [10.152.102.51]

E/QC-NETMGR-LIB(  285): Attribute: Label name rmnet_usb0

E/QC-NETMGR-LIB(  285): Rcvd Netlink msg type [20]

E/QC-NETMGR-LIB(  285): Metainfo: Family=AF_INET PrefixLen=29

I/QC-NETMGR-LIB(  285): Subnet maskIPv4 addr [255.255.255.248]

E/QC-NETMGR-LIB(  285): address configuration update on link 8

E/QC-NETMGR-LIB(  285): Get MTU size from system property [ro.ril.set.mtusize]

E/QC-NETMGR-LIB(  285): MTU overide specified, using value 1420

E/QC-NETMGR-LIB(  285): DHCP complete for rmnet_usb0

E/QC-NETMGR-LIB(  285): netmgr_kif_start_dhcp_client signaled DHCP thread[8]

D/libc    (  967): [NET] android_getaddrinfofornet+,hn 13(0x31302e3135322e),sn(),hints(known),family 0,flags 4

D/libc    (  967): [NET] android_getaddrinfofornet-, SUCCESS

E/QC-NETMGR-LIB(  285): netmgr_kif_cfg_cnf assigned MTU 1420 on rmnet_usb0

E/QC-NETMGR-LIB(  285): netmgr_kif_set_addr_prop: assigned property net.rmnet_usb0.dns1 = 211.140.11.66

E/QC-NETMGR-LIB(  285): netmgr_kif_set_addr_prop: assigned property net.rmnet_usb0.dns2 = 211.140.13.188

E/QC-NETMGR-LIB(  285): netmgr_kif_set_addr_prop: assigned property net.rmnet_usb0.gw = 10.152.102.49

E/QC-NETMGR-LIB(  285): Received command: ID=NETMGR_KIF_CONFIGURED_EV, link=8

E/QC-NETMGR-LIB(  285): Process command: ID=NETMGR_KIF_CONFIGURED_EV, link=8, state=3

D/QC-DS-LIB(  285): ds_get_num_bits_set_count: number of bits set in input=4177526783 is 29

E/QC-NETMGR-LIB(  285): Event=[1] link=[8] devname=[rmnet_usb0]

E/QC-NETMGR-LIB(  285): Generated nl msg, sendmsg returned 608

E/QC-NETMGR-LIB(  276): Received nl msg, recvmsg returned 608

E/QC-NETMGR-LIB(  276): Processing NETMGR_NL_EVENT

E/QC-NETMGR-LIB(  276): Attribute: Event 0x1

E/QC-NETMGR-LIB(  276): Attribute: Link 0x8

I/QC-NETMGR-LIB(  276): Attribute: IfaceAddressIPv4 addr [10.152.102.51]

I/QC-NETMGR-LIB(  276): Attribute: IfaceAddressMaskIPv4 addr [29.0.0.0]

I/QC-NETMGR-LIB(  276): Attribute: GatewayAddressIPv4 addr [10.152.102.49]

I/QC-NETMGR-LIB(  276): Attribute: DNSPrimaryAddressIPv4 addr [211.140.11.66]

I/QC-NETMGR-LIB(  276): Attribute: DNSSecondaryAddressIPv4 addr [211.140.13.188]

E/QC-NETMGR-LIB(  276): Attribute: DeviceName=rmnet_usb0

E/QC-DS-LIB(  276): >>>dsi_netmgr_cb ENTRY

E/QC-DS-LIB(  276): dsi_mem_debug: malloc ptr [0xb87c9bf8] memsize [15592]

E/QC-DS-LIB(  276): >>>received netmgr_cb with event [1] info [0xb87c8bf0] data [0x0]

E/QC-DS-LIB(  276): >>>found info->link = [8]

E/QC-DS-LIB(  276): >>>posting cmd [0xb87c9bf8] to dsi_netctrl_cb queue

E/QC-DS-LIB(  276): >>>dsi_netmgr_cb EXIT with suc

E/QC-NETMGR-LIB(  276): Notified client: hdl=0x0xb69650c4 event=1 link=8 flow=0x00000000

E/QC-NETMGR-LIB(  286): Received nl msg, recvmsg returned 608

E/QC-NETMGR-LIB(  286): Processing NETMGR_NL_EVENT

E/QC-NETMGR-LIB(  286): Attribute: Event 0x1

E/QC-NETMGR-LIB(  286): Attribute: Link 0x8

I/QC-NETMGR-LIB(  286): Attribute: IfaceAddressIPv4 addr [10.152.102.51]

I/QC-NETMGR-LIB(  286): Attribute: IfaceAddressMaskIPv4 addr [29.0.0.0]

I/QC-NETMGR-LIB(  286): Attribute: GatewayAddressIPv4 addr [10.152.102.49]

I/QC-NETMGR-LIB(  286): Attribute: DNSPrimaryAddressIPv4 addr [211.140.11.66]

I/QC-NETMGR-LIB(  286): Attribute: DNSSecondaryAddressIPv4 addr [211.140.13.188]

E/QC-NETMGR-LIB(  286): Attribute: DeviceName=rmnet_usb0

E/QC-DS-LIB(  286): >>>dsi_netmgr_cb ENTRY

E/QC-DS-LIB(  286): dsi_mem_debug: malloc ptr [0xb8b94ea8] memsize [15592]

E/QC-DS-LIB(  286): >>>received netmgr_cb with event [1] info [0xb8b94960] data [0x0]

E/QC-DS-LIB(  286): >>>found info->link = [8]

E/QC-DS-LIB(  286): >>>posting cmd [0xb8b94ea8] to dsi_netctrl_cb queue

E/QC-DS-LIB(  286): >>>dsi_netmgr_cb EXIT with suc

E/QC-NETMGR-LIB(  286): Notified client: hdl=0x0xb68920c4 event=1 link=8 flow=0x00000000

E/QC-DS-LIB(  276): dsi_netctrl_cb_cmd_exec: ENTRY

E/QC-DS-LIB(  276): dsi_process_netmgr_ev ENTRY

E/QC-DS-LIB(  276): mutex [0xb699f844] locked

E/QC-DS-LIB(  276): NET_PLATFORM_UP_EV received

E/QC-DS-LIB(  276): dsi_netmgr_map_link: ENTRY

E/QC-DS-LIB(  276): netmgr link [8] maps to  dsi iface [8]

E/QC-DS-LIB(  276): dsi_netmgr_map_link: EXIT

E/QC-DS-LIB(  276): dsi_netmgr_store_event_data: ENTRY

E/QC-DS-LIB(  276): dsi_netmgr_find_ip_family: ENTRY

E/QC-DS-LIB(  276): dsi_netmgr_find_ip_family: addr=AF_INET, ip_family=0

E/QC-DS-LIB(  276): dsi_fill_addr_info: ENTRY

E/QC-DS-LIB(  276): dsi_fill_addr_info: valid client=0xb87c8798 found at store index=0

E/QC-DS-LIB(  286): dsi_netctrl_cb_cmd_exec: ENTRY

E/QC-DS-LIB(  286): dsi_process_netmgr_ev ENTRY

E/QC-DS-LIB(  286): mutex [0xb68cc844] locked

E/QC-DS-LIB(  286): NET_PLATFORM_UP_EV received

E/QC-DS-LIB(  286): dsi_netmgr_map_link: ENTRY

E/QC-DS-LIB(  286): netmgr link [8] maps to  dsi iface [8]

E/QC-DS-LIB(  286): dsi_netmgr_map_link: EXIT

E/QC-DS-LIB(  286): dsi_netmgr_store_event_data: ENTRY

E/QC-DS-LIB(  286): dsi_netmgr_find_ip_family: ENTRY

E/QC-DS-LIB(  286): dsi_netmgr_find_ip_family: addr=AF_INET, ip_family=0

E/QC-DS-LIB(  286): dsi_fill_addr_info: ENTRY

E/QC-DS-LIB(  286): dsi_fill_addr_info: valid client not found

E/QC-DS-LIB(  286): dsi_netmgr_store_event_data: EXIT success

E/QC-DS-LIB(  286): dsi_process_netmgr_ev posting event [1]

E/QC-DS-LIB(  286): posting [1] for dsi_iface_id [8]

E/QC-DS-LIB(  286): dsi_process_netmgr_ev EXIT with suc

E/QC-DS-LIB(  286): mutex [0xb68cc844] unlocked

E/QC-DS-LIB(  286): dsi_netctrl_cb_cmd_exec: EXIT with suc

E/QC-DS-LIB(  286): dsi_netctrl_cb_cmd_free ENTRY

E/QC-DS-LIB(  286): dsi_mem_debug free ptr [0xb8b94ea8]

E/QC-DS-LIB(  286): dsi_netctrl_cb_cmd_free EXIT

D/libc    (  967): [NET] android_getaddrinfofornet+,hn 13(0x31302e3135322e),sn(),hints(known),family 0,flags 4

D/libc    (  967): [NET] android_getaddrinfofornet-, SUCCESS

D/libc    (  967): [NET] android_getaddrinfofornet+,hn 13(0x31302e3135322e),sn(),hints(known),family 0,flags 4

D/libc    (  967): [NET] android_getaddrinfofornet-, SUCCESS

E/QC-DS-LIB(  276): dsi_fill_addr_info: EXIT

E/QC-DS-LIB(  276): mutex [0xb87c8958] locked

E/QC-DS-LIB(  276): mutex [0xb87c8958] unlocked

E/QC-DS-LIB(  276): dsi_netmgr_store_event_data: EXIT success

E/QC-DS-LIB(  276): dsi_process_netmgr_ev posting event [1]

E/QC-DS-LIB(  276): posting [1] for dsi_iface_id [8]

E/QC-DS-LIB(  276): notifying event [1] on handle [0xb87c8798]

E/QC-DS-LIB(  276): dsi_process_netmgr_ev EXIT with suc

E/QC-DS-LIB(  276): mutex [0xb699f844] unlocked

E/QC-DS-LIB(  276): dsi_netctrl_cb_cmd_exec: EXIT with suc

E/QC-DS-LIB(  276): dsi_netctrl_cb_cmd_free ENTRY

E/QC-DS-LIB(  276): dsi_mem_debug free ptr [0xb87c9bf8]

E/QC-DS-LIB(  276): dsi_netctrl_cb_cmd_free EXIT

E/QC-DS-LIB(  276): dsi_get_device_name: ENTRY

E/QC-DS-LIB(  276): copying value [rmnet_usb0] at user provided location [0xb66bc980]

E/QC-DS-LIB(  276): dsi_get_device_name: EXIT with suc

E/QC-DS-LIB(  276): dsi_get_device_name: ENTRY

E/QC-DS-LIB(  276): copying value [rmnet_usb0] at user provided location [0xb66bbf74]

E/QC-DS-LIB(  276): dsi_get_device_name: EXIT with suc

E/QC-DS-LIB(  276): mutex [0xb699f844] locked

E/QC-DS-LIB(  276): dsi_get_addr_info_count: ENTRY

E/QC-DS-LIB(  276): dsi_get_addr_info_count: found [1] valid addresses

E/QC-DS-LIB(  276): dsi_get_addr_info_count: EXIT

E/QC-DS-LIB(  276): mutex [0xb699f844] unlocked

E/QC-DS-LIB(  276): mutex [0xb699f844] locked

E/QC-DS-LIB(  276): dsi_get_addr_info ENTRY

E/QC-DS-LIB(  276): found valid address for st [0xb87c8798], ip_family [0]

E/QC-DS-LIB(  276): dsi_get_addr_info EXIT success

E/QC-DS-LIB(  276): mutex [0xb699f844] unlocked

D/libc    ( 2934): [NET] android_getaddrinfofornet+,hn 13(0x3231312e313430),sn(),hints(known),family 0,flags 4

D/libc    ( 2934): [NET] android_getaddrinfofornet-, SUCCESS

D/libc    ( 2934): [NET] android_getaddrinfofornet+,hn 14(0x3231312e313430),sn(),hints(known),family 0,flags 4

D/libc    ( 2934): [NET] android_getaddrinfofornet-, SUCCESS

D/libc    ( 2934): [NET] android_getaddrinfofornet+,hn 13(0x3231312e313430),sn(),hints(known),family 0,flags 4

D/libc    ( 2934): [NET] android_getaddrinfofornet-, SUCCESS

D/libc    ( 2934): [NET] android_getaddrinfofornet+,hn 14(0x3231312e313430),sn(),hints(known),family 0,flags 4

D/libc    ( 2934): [NET] android_getaddrinfofornet-, SUCCESS

D/libc    ( 2934): [NET] android_getaddrinfofornet+,hn 13(0x31302e3135322e),sn(),hints(known),family 0,flags 4

D/libc    ( 2934): [NET] android_getaddrinfofornet-, SUCCESS

