W/ContextImpl( 6194): Calling a method in the system process without a qualified user: android.app.ContextImpl.sendBroadcast:1165 android.content.ContextWrapper.sendBroadcast:365 com.miui.networkassistant.service.tm.TrafficManageService.broadCastDataUsageUpdated:896 com.miui.networkassistant.service.tm.TrafficManageService$7.onReceive:1104 android.app.LoadedApk$ReceiverDispatcher$Args.run:761 

W/ContextImpl( 6194): Calling a method in the system process without a qualified user: android.app.ContextImpl.sendBroadcast:1165 android.content.ContextWrapper.sendBroadcast:365 com.miui.networkassistant.service.tm.TrafficManageService.broadCastDataUsageUpdated:896 com.miui.networkassistant.service.tm.TrafficManageService$7.onReceive:1104 android.app.LoadedApk$ReceiverDispatcher$Args.run:761 

W/InputMethodManagerService( 1191): Window already focused, ignoring focus gain of: com.android.internal.view.IInputMethodClient$Stub$Proxy@4387bda8 attribute=null, token = android.os.BinderProxy@435bf790

W/ContextImpl( 6194): Calling a method in the system process without a qualified user: android.app.ContextImpl.sendBroadcast:1165 android.content.ContextWrapper.sendBroadcast:365 com.miui.networkassistant.service.tm.TrafficManageService.broadCastDataUsageUpdated:896 com.miui.networkassistant.service.tm.TrafficManageService$7.onReceive:1104 android.app.LoadedApk$ReceiverDispatcher$Args.run:761 

V/LocationPolicy( 1191): onForegroundActivitiesChanged

V/LocationPolicy( 1191): onForegroundActivitiesChanged

W/ContextImpl( 6194): Calling a method in the system process without a qualified user: android.app.ContextImpl.sendBroadcast:1165 android.content.ContextWrapper.sendBroadcast:365 com.miui.networkassistant.service.tm.TrafficManageService.broadCastDataUsageUpdated:896 com.miui.networkassistant.service.tm.TrafficManageService$7.onReceive:1104 android.app.LoadedApk$ReceiverDispatcher$Args.run:761 

I/ActivityManager( 1191): START u0 {act=android.intent.action.MAIN cat=[android.intent.category.LAUNCHER] flg=0x10200000 cmp=com.eg.android.AlipayGphoneRC/com.eg.android.AlipayGphone.AlipayLogin bnds=[63,684][255,876]} from pid 1597

V/LocationPolicy( 1191): onForegroundActivitiesChanged

V/LocationPolicy( 1191): onForegroundActivitiesChanged

I/ActivityManager( 1191): moveTaskToBack: 41

V/LocationPolicy( 1191): onForegroundActivitiesChanged

V/LocationPolicy( 1191): onForegroundActivitiesChanged

W/ContextImpl( 6194): Calling a method in the system process without a qualified user: android.app.ContextImpl.sendBroadcast:1165 android.content.ContextWrapper.sendBroadcast:365 com.miui.networkassistant.service.tm.TrafficManageService.broadCastDataUsageUpdated:896 com.miui.networkassistant.service.tm.TrafficManageService$7.onReceive:1104 android.app.LoadedApk$ReceiverDispatcher$Args.run:761 

I/ActivityManager( 1191): START u0 {act=android.intent.action.MAIN cat=[android.intent.category.LAUNCHER] flg=0x10200000 cmp=com.android.settings/.MiuiSettings bnds=[571,1272][763,1464]} from pid 1597

V/LocationPolicy( 1191): onForegroundActivitiesChanged

V/LocationPolicy( 1191): onForegroundActivitiesChanged

W/ProcessCpuTracker( 1191): Skipping unknown process pid 24596

W/ProcessCpuTracker( 1191): Skipping unknown process pid 24597

W/ProcessCpuTracker( 1191): Skipping unknown process pid 24600

W/ProcessCpuTracker( 1191): Skipping unknown process pid 24610

I/ActivityManager( 1191): START u0 {act=android.intent.action.MAIN cmp=com.android.settings/.applications.ManageApplicationsActivity (has extras)} from pid 1347

W/ContextImpl( 6194): Calling a method in the system process without a qualified user: android.app.ContextImpl.sendBroadcast:1165 android.content.ContextWrapper.sendBroadcast:365 com.miui.networkassistant.service.tm.TrafficManageService.broadCastDataUsageUpdated:896 com.miui.networkassistant.service.tm.TrafficManageService$7.onReceive:1104 android.app.LoadedApk$ReceiverDispatcher$Args.run:761 

W/ContextImpl( 6194): Calling a method in the system process without a qualified user: android.app.ContextImpl.sendBroadcast:1165 android.content.ContextWrapper.sendBroadcast:365 com.miui.networkassistant.service.tm.TrafficManageService.broadCastDataUsageUpdated:896 com.miui.networkassistant.service.tm.TrafficManageService$7.onReceive:1104 android.app.LoadedApk$ReceiverDispatcher$Args.run:761 

W/ActivityManager( 1191): Duplicate finish request for ActivityRecord{43837058 u0 com.android.settings/.MiuiSettings t43 f}

V/LocationPolicy( 1191): onForegroundActivitiesChanged

V/LocationPolicy( 1191): onForegroundActivitiesChanged

W/ContextImpl( 6194): Calling a method in the system process without a qualified user: android.app.ContextImpl.sendBroadcast:1165 android.content.ContextWrapper.sendBroadcast:365 com.miui.networkassistant.service.tm.TrafficManageService.broadCastDataUsageUpdated:896 com.miui.networkassistant.service.tm.TrafficManageService$7.onReceive:1104 android.app.LoadedApk$ReceiverDispatcher$Args.run:761 

I/ActivityManager( 1191): Force stopping com.eg.android.AlipayGphoneRC appid=10348 user=-1: uninstall pkg

I/ActivityManager( 1191): Killing 23655:com.eg.android.AlipayGphoneRC/u0a348 (adj 7): stop com.eg.android.AlipayGphoneRC

F/ActivityManager( 1191): Service ServiceRecord{43dc55f0 u0 com.eg.android.AlipayGphoneRC/com.alipay.mobile.rome.syncsdk.service.LongLinkService} in process ProcessRecord{430d36d8 23655:com.eg.android.AlipayGphoneRC/u0a348} not same as in map: null

I/ActivityManager( 1191): Killing 23688:com.eg.android.AlipayGphoneRC:push/u0a348 (adj 0): stop com.eg.android.AlipayGphoneRC

W/ActivityManager( 1191): Scheduling restart of crashed service com.eg.android.AlipayGphoneRC/com.alipay.pushsdk.push.NotificationService in 1000ms

I/ActivityManager( 1191):   Force finishing activity ActivityRecord{42d67d80 u0 com.eg.android.AlipayGphoneRC/com.eg.android.AlipayGphone.AlipayLogin t41}

I/ActivityManager( 1191):   Force finishing activity ActivityRecord{42ddfb48 u0 com.eg.android.AlipayGphoneRC/com.alipay.mobile.security.login.ui.AlipayUserLoginActivity t41}

I/ActivityManager( 1191):   Force stopping service ServiceRecord{43fe9d48 u0 com.eg.android.AlipayGphoneRC/com.alipay.pushsdk.push.NotificationService}

W/PackageManager( 1191): Couldn't delete native library directory /data/app-lib/com.eg.android.AlipayGphoneRC

I/WindowState( 1191): WIN DEATH: Window{42f57790 u0 com.eg.android.AlipayGphoneRC/com.eg.android.AlipayGphone.AlipayLogin}

I/WindowState( 1191): WIN DEATH: Window{433a40a8 u0 com.eg.android.AlipayGphoneRC/com.alipay.mobile.security.login.ui.AlipayUserLoginActivity}

I/ActivityManager( 1191): Force stopping com.eg.android.AlipayGphoneRC appid=10348 user=0: pkg removed

W/IntentResolver( 1191): resolveIntent: multiple matches, only some with CATEGORY_DEFAULT

I/PackageManager( 1191): Adding preferred activity ComponentInfo{com.android.mms/com.android.mms.ui.ComposeMessageRouterActivity} for user 0 :

V/LocationPolicy( 1191): ACTION_UID_REMOVED for uid=10348

V/LocationPolicy( 1191): writePolicyLocked()

W/IntentResolver( 1191): resolveIntent: multiple matches, only some with CATEGORY_DEFAULT

I/PackageManager( 1191): Adding preferred activity ComponentInfo{com.android.mms/com.android.mms.ui.ComposeMessageRouterActivity} for user 0 :

W/IntentResolver( 1191): resolveIntent: multiple matches, only some with CATEGORY_DEFAULT

I/PackageManager( 1191): Adding preferred activity ComponentInfo{com.android.mms/com.android.mms.ui.ComposeMessageRouterActivity} for user 0 :

W/IntentResolver( 1191): resolveIntent: multiple matches, only some with CATEGORY_DEFAULT

I/PackageManager( 1191): Adding preferred activity ComponentInfo{com.android.mms/com.android.mms.ui.ComposeMessageRouterActivity} for user 0 :

W/IntentResolver( 1191): resolveIntent: multiple matches, only some with CATEGORY_DEFAULT

I/PackageManager( 1191): Adding preferred activity ComponentInfo{com.android.mms/com.android.mms.ui.ComposeMessageRouterActivity} for user 0 :

W/IntentResolver( 1191): resolveIntent: multiple matches, only some with CATEGORY_DEFAULT

I/PackageManager( 1191): Adding preferred activity ComponentInfo{com.android.mms/com.android.mms.ui.ComposeMessageRouterActivity} for user 0 :

W/IntentResolver( 1191): resolveIntent: multiple matches, only some with CATEGORY_DEFAULT

W/ContextImpl( 6194): Calling a method in the system process without a qualified user: android.app.ContextImpl.sendBroadcast:1165 android.content.ContextWrapper.sendBroadcast:365 com.miui.networkassistant.service.tm.TrafficManageService.broadCastDataUsageUpdated:896 com.miui.networkassistant.service.tm.TrafficManageService$7.onReceive:1104 android.app.LoadedApk$ReceiverDispatcher$Args.run:761 

I/PackageManager( 1191): Adding preferred activity ComponentInfo{com.android.mms/com.android.mms.ui.ComposeMessageRouterActivity} for user 0 :

W/IntentResolver( 1191): resolveIntent: multiple matches, only some with CATEGORY_DEFAULT

I/PackageManager( 1191): Adding preferred activity ComponentInfo{com.android.mms/com.android.mms.ui.ComposeMessageRouterActivity} for user 0 :

D/BackupManagerService( 1191): Received broadcast Intent { act=android.intent.action.PACKAGE_REMOVED dat=package:com.eg.android.AlipayGphoneRC flg=0x4000010 (has extras) }

V/BackupManagerService( 1191): removePackageParticipantsLocked: uid=10348 #1

I/ActivityManager( 1191): Start proc com.android.musicfx for broadcast com.android.musicfx/.Compatibility$Receiver: pid=24742 uid=10016 gids={50016, 3003, 3002}

I/ActivityManager( 1191): Start proc com.miui.cloudservice for broadcast com.miui.cloudservice/.push.MicloudPushServiceReceiver: pid=24756 uid=10047 gids={50047, 3003, 1028, 1015, 2001}

I/ActivityManager( 1191): Start proc com.xiaomi.gamecenter for broadcast com.xiaomi.gamecenter/.service.GlobalReceiver: pid=24771 uid=10106 gids={50106, 1007, 3003, 1028, 1015, 2001}

I/ActivityManager( 1191): Start proc com.android.keychain for broadcast com.android.keychain/.KeyChainBroadcastReceiver: pid=24797 uid=1000 gids={41000, 3003, 1028, 1015, 3002, 3001, 3005, 1021, 3004, 1000, 3009, 1023, 1010, 1007, 3006, 3007, 2001, 1035}

W/ContextImpl(24797): Calling a method in the system process without a qualified user: android.app.ContextImpl.startService:1521 android.content.ContextWrapper.startService:494 android.content.ContextWrapper.startService:494 com.android.keychain.KeyChainBroadcastReceiver.onReceive:12 android.app.ActivityThread.handleReceiver:2415 

I/ActivityManager( 1191): Start proc com.xiaomi.market for broadcast com.xiaomi.market/.data.MyPackageMonitor: pid=24814 uid=10107 gids={50107, 1028, 1015, 3003}

I/ActivityManager( 1191): Killing 22937:android.process.mediaUI/u0a8 (adj 15): empty #9

I/ActivityManager( 1191): Killing 24147:com.qualcomm.services.location/1000 (adj 15): empty #9

W/BroadcastQueue( 1191): Unable to launch app com.UCMobile/10089 for broadcast Intent { act=android.intent.action.PACKAGE_REMOVED dat=package:com.eg.android.AlipayGphoneRC flg=0x4000010 (has extras) }: process is not permitted to autostart

W/BroadcastQueue( 1191): Unable to launch app com.wandoujia.phoenix2.usbproxy/10286 for broadcast Intent { act=android.intent.action.PACKAGE_REMOVED dat=package:com.eg.android.AlipayGphoneRC flg=0x4000010 (has extras) }: process is not permitted to autostart

W/BroadcastQueue( 1191): Unable to launch app com.wandoujia.phoenix2/10100 for broadcast Intent { act=android.intent.action.PACKAGE_REMOVED dat=package:com.eg.android.AlipayGphoneRC flg=0x4000010 (has extras) }: process is not permitted to autostart

W/BroadcastQueue( 1191): Unable to launch app com.wandoujia.phoenix2/10100 for broadcast Intent { act=android.intent.action.PACKAGE_REMOVED dat=package:com.eg.android.AlipayGphoneRC flg=0x4000010 (has extras) }: process is not permitted to autostart

W/BroadcastQueue( 1191): Unable to launch app com.wandoujia.phoenix2/10100 for broadcast Intent { act=android.intent.action.PACKAGE_REMOVED dat=package:com.eg.android.AlipayGphoneRC flg=0x4000010 (has extras) }: process is not permitted to autostart

I/ActivityManager( 1191): Start proc com.android.documentsui for broadcast com.android.documentsui/.PackageReceiver: pid=24836 uid=10049 gids={50049}

I/ActivityManager( 1191): Start proc com.android.externalstorage for content provider com.android.externalstorage/.ExternalStorageProvider: pid=24849 uid=10009 gids={50009, 1028, 1015, 1023}

I/ActivityManager( 1191): Killing 24159:com.miui.virtualsim/1001 (adj 15): empty #9

I/ActivityManager( 1191): Killing 23564:com.android.quicksearchbox/u0a78 (adj 15): empty #9

I/ActivityManager( 1191): Force stopping com.eg.android.AlipayGphone appid=10347 user=-1: uninstall pkg

I/ActivityManager( 1191): Killing 24046:com.eg.android.AlipayGphone:push/u0a347 (adj 5): stop com.eg.android.AlipayGphone

W/ActivityManager( 1191): Scheduling restart of crashed service com.eg.android.AlipayGphone/com.alipay.pushsdk.push.NotificationService in 1000ms

I/ActivityManager( 1191): Killing 23945:com.eg.android.AlipayGphone/u0a347 (adj 9): stop com.eg.android.AlipayGphone

F/ActivityManager( 1191): Service ServiceRecord{43fe93a8 u0 com.eg.android.AlipayGphone/com.alipay.mobile.rome.syncsdk.service.LongLinkService} in process ProcessRecord{43201bb0 23945:com.eg.android.AlipayGphone/u0a347} not same as in map: null

I/ActivityManager( 1191):   Force stopping service ServiceRecord{43b14e20 u0 com.eg.android.AlipayGphone/com.alipay.pushsdk.push.NotificationService}

W/PackageManager( 1191): Couldn't delete native library directory /data/app-lib/com.eg.android.AlipayGphone

I/PackageManager( 1191): Removing old permission: com.alipay.mobile.permission.pushToSync from package com.eg.android.AlipayGphone

I/PackageManager( 1191): Removing old permission: com.alipay.mobile.permission.syncToPush from package com.eg.android.AlipayGphone

W/PackageManager( 1191): Unknown permission android.permission.READ_INTERNAL_STORAGE in package com.miui.gallery

W/PackageManager( 1191): Unknown permission android.permission.WRITE_INTERNAL_STORAGE in package com.miui.gallery

W/PackageManager( 1191): Unknown permission miui.permission.SHELL in package com.miui.gallery

W/PackageManager( 1191): Not granting permission android.permission.READ_LOGS to package com.youba.barcode (protectionLevel=50 flags=0x88be44)

W/PackageManager( 1191): Not granting permission android.permission.READ_LOGS to package com.UCMobile (protectionLevel=50 flags=0x883e44)

W/PackageManager( 1191): Unknown permission com.htc.launcher.permission.WRITE_SETTINGS in package com.UCMobile

W/PackageManager( 1191): Unknown permission com.htc.launcher.permission.READ_SETTINGS in package com.UCMobile

W/PackageManager( 1191): Unknown permission com.sec.android.app.twlauncher.WRITE_SETTINGS in package com.UCMobile

W/PackageManager( 1191): Unknown permission com.sec.android.app.twlauncher.READ_SETTINGS in package com.UCMobile

W/PackageManager( 1191): Unknown permission org.adw.launcher.permission.READ_SETTINGS in package com.UCMobile

W/PackageManager( 1191): Unknown permission org.adw.launcher.permission.WRITE_SETTINGS in package com.UCMobile

W/PackageManager( 1191): Unknown permission org.adwfreak.launcher.permission.READ_SETTINGS in package com.UCMobile

W/PackageManager( 1191): Unknown permission org.adwfreak.launcher.permission.WRITE_SETTINGS in package com.UCMobile

W/PackageManager( 1191): Unknown permission com.gau.go.launcherex.permission.READ_SETTINGS in package com.UCMobile

W/PackageManager( 1191): Unknown permission com.gau.go.launcherex.permission.WRITE_SETTINGS in package com.UCMobile

W/PackageManager( 1191): Unknown permission com.fede.launcher.permission.READ_SETTINGS in package com.UCMobile

W/PackageManager( 1191): Unknown permission com.fede.launcher.permission.WRITE_SETTINGS in package com.UCMobile

W/PackageManager( 1191): Unknown permission com.oppo.launcher.permission.READ_SETTINGS in package com.UCMobile

W/PackageManager( 1191): Unknown permission com.oppo.launcher.permission.WRITE_SETTINGS in package com.UCMobile

W/PackageManager( 1191): Unknown permission com.nd.android.launcher.permission.READ_SETTINGS in package com.UCMobile

W/PackageManager( 1191): Unknown permission com.nd.android.launcher.permission.WRITE_SETTINGS in package com.UCMobile

W/PackageManager( 1191): Unknown permission com.android.mylauncher.permission.READ_SETTINGS in package com.UCMobile

W/PackageManager( 1191): Unknown permission com.android.mylauncher.permission.WRITE_SETTINGS in package com.UCMobile

W/PackageManager( 1191): Unknown permission com.huawei.android.launcher.permission.READ_SETTINGS in package com.UCMobile

W/PackageManager( 1191): Unknown permission com.huawei.android.launcher.permission.WRITE_SETTINGS in package com.UCMobile

W/PackageManager( 1191): Unknown permission com.huawei.launcher.permission.READ_SETTINGS in package com.UCMobile

W/PackageManager( 1191): Unknown permission com.huawei.launcher.permission.WRITE_SETTINGS in package com.UCMobile

W/PackageManager( 1191): Unknown permission com.mx.launcher.permission.READ_SETTINGS in package com.UCMobile

W/PackageManager( 1191): Unknown permission com.mx.launcher.permission.WRITE_SETTINGS in package com.UCMobile

W/PackageManager( 1191): Unknown permission com.android.launcher3.permission.READ_SETTINGS in package com.UCMobile

W/PackageManager( 1191): Unknown permission com.android.launcher3.permission.WRITE_SETTINGS in package com.UCMobile

W/PackageManager( 1191): Not granting permission android.permission.BATTERY_STATS to package com.UCMobile (protectionLevel=18 flags=0x883e44)

W/PackageManager( 1191): Unknown permission android.intent.action.USER_PRESENT in package com.UCMobile

W/PackageManager( 1191): Unknown permission com.google.android.googleapps.permission.GOOGLE_AUTH.mail in package com.android.contacts

W/PackageManager( 1191): Unknown permission com.miui.mipub.permission.READ_HMS_COMMON in package com.android.contacts

W/PackageManager( 1191): Unknown permission com.xiaomi.permission.QUERY_MX_STAUTS in package com.android.contacts

W/PackageManager( 1191): Unknown permission com.miui.livetalk.permission.UPLOAD_LIVETALK in package com.android.phone

W/PackageManager( 1191): Unknown permission com.miui.livetalk.permission.READ_NUMBER_POOL in package com.android.phone

W/PackageManager( 1191): Unknown permission android.permission.WRITE_INTERNAL_STORAGE in package com.miui.player

W/PackageManager( 1191): Unknown permission android.permission.SYSTEM_OVERLAY_WINDOW in package com.miui.voip

W/PackageManager( 1191): Unknown permission android.permission.READ_SETTINGS in package com.miui.voip

W/PackageManager( 1191): Unknown permission miui.permission.SHELL in package com.xiaomi.mitunes

W/PackageManager( 1191): Unknown permission adnroid.permission.CHANGE_WIFI_STATE in package com.miui.guardprovider

W/PackageManager( 1191): Unknown permission com.google.android.gallery3d.permission.GALLERY_PROVIDER in package com.android.bluetooth

W/PackageManager( 1191): Unknown permission com.android.gallery3d.permission.GALLERY_PROVIDER in package com.android.bluetooth

W/PackageManager( 1191): Unknown permission android.permission.MMS_SEND_OUTBOX_MSG in package com.android.bluetooth

W/PackageManager( 1191): Unknown permission com.google.android.googleapps.permission.GOOGLE_AUTH in package com.android.providers.calendar

W/PackageManager( 1191): Unknown permission com.google.android.googleapps.permission.GOOGLE_AUTH.cl in package com.android.providers.calendar

W/PackageManager( 1191): Unknown permission android.permission.INSTALL_DRM in package com.miui.mipub

W/PackageManager( 1191): Unknown permission com.xiaomi.permission.QUERY_MX_STAUTS in package com.miui.mipub

W/PackageManager( 1191): Unknown permission miui.permission.SHELL in package com.miui.mipub

W/PackageManager( 1191): Unknown permission com.htc.launcher.permission.READ_SETTINGS in package com.trafficctr.miui

W/PackageManager( 1191): Unknown permission com.htc.launcher.permission.WRITE_SETTINGS in package com.trafficctr.miui

W/PackageManager( 1191): Unknown permission com.huawei.launcher3.permission.READ_SETTINGS in package com.trafficctr.miui

W/PackageManager( 1191): Unknown permission com.huawei.launcher3.permission.WRITE_SETTINGS in package com.trafficctr.miui

W/PackageManager( 1191): Unknown permission com.google.android.googleapps.permission.GOOGLE_AUTH.mail in package com.android.calendar

W/PackageManager( 1191): Unknown permission android.Manifest.permission.RECEIVE_BOOT_COMPLETED in package com.android.browser

W/PackageManager( 1191): Not granting permission com.xiaomi.gallery.permission.CLOUD to package com.milink.service (protectionLevel=18 flags=0x88be45)

W/PackageManager( 1191): Unknown permission miui.permission.SHELL in package com.miui.backup

W/PackageManager( 1191): Unknown permission android.permission.ACCESS_COARSE_UPDATES in package com.miui.cloudservice

W/PackageManager( 1191): Unknown permission miui.permission.SHELL in package com.miui.cloudservice

W/PackageManager( 1191): Unknown permission android.permission.READ_SECURE_SETTINGS in package com.miui.notes

I/PackageManager( 1191): Un-granting permission android.permission.MODIFY_NETWORK_ACCOUNTING from package com.android.providers.downloads.ui (protectionLevel=18 flags=0x88be45)

I/PackageManager( 1191): Un-granting permission android.permission.INSTALL_PACKAGES from package com.android.providers.downloads.ui (protectionLevel=18 flags=0x88be45)

W/PackageManager( 1191): Unknown permission android.permission.INSTALL_DRM in package com.android.mms

W/PackageManager( 1191): Unknown permission com.xiaomi.permission.QUERY_MX_STAUTS in package com.android.mms

W/PackageManager( 1191): Unknown permission miui.permission.SHELL in package com.android.mms

W/PackageManager( 1191): Not granting permission android.permission.READ_LOGS to package com.cleanmaster.sdk (protectionLevel=50 flags=0x88be45)

W/PackageManager( 1191): Unknown permission android.permission.ACCESS_FM_RECEIVER in package com.miui.cit

W/PackageManager( 1191): Unknown permission com.xiaomi.channel.GAME_SERVICE_PERMISSION in package com.android.thememanager

W/PackageManager( 1191): Unknown permission miui.permission.SHELL in package com.miui.compass

W/PackageManager( 1191): Unknown permission com.google.android.gallery3d.permission.PICASA_STORE in package com.android.dreams.phototable

W/PackageManager( 1191): Unknown permission android.permission.WRITE_INTERNAL_STORAGE in package com.android.updater

W/PackageManager( 1191): Unknown permission miui.permission.SHELL in package com.android.updater

W/PackageManager( 1191): Unknown permission android.permission.RECOVERY in package com.android.updater

W/PackageManager( 1191): Unknown permission com.google.android.googleapps.permission.GOOGLE_AUTH in package com.android.settings

W/PackageManager( 1191): Unknown permission com.xiaomi.permission.RECEIVE_BROADCAST_REPORT in package com.android.settings

W/PackageManager( 1191): Unknown permission com.xiaomi.permission.WIFI_SHARE in package com.android.settings

W/PackageManager( 1191): Unknown permission com.android.launcher2.permission.READ_SETTINGS in package com.alibaba.android.security.activity

W/PackageManager( 1191): Unknown permission android.permission.WRITE_SDCARD in package com.alibaba.android.security.activity

W/PackageManager( 1191): Unknown permission com.xiaomi.market.sdk.UPDATE in package com.xiaomi.o2o

W/PackageManager( 1191): Unknown permission android.permission.READ_SETTINGS in package com.xiaomi.o2o

W/PackageManager( 1191): Unknown permission com.xiaomi.miui.share.permission.MMOAUTH_CALLBACK in package com.xiaomi.o2o

W/PackageManager( 1191): Unknown permission com.xiaomi.miui.share.permission.MM_MESSAGE in package com.xiaomi.o2o

W/PackageManager( 1191): Unknown permission android.permission.READ_SECURE_SETTINGS in package com.miui.networkassistant

W/PackageManager( 1191): Unknown permission android.permission.READ_SETTINGS in package com.miui.networkassistant

W/PackageManager( 1191): Unknown permission miui.permission.READ_AND_WIRTE_SU_MANAGER in package com.android.packageinstaller

W/PackageManager( 1191): Unknown permission miui.permission.SHELL in package com.miui.home

W/PackageManager( 1191): Not granting permission android.permission.DELETE_PACKAGES to package com.svox.pico (protectionLevel=18 flags=0x88be45)

W/PackageManager( 1191): Unknown permission miui.permission.SHELL in package com.android.email

W/PackageManager( 1191): Not granting permission android.permission.MOUNT_UNMOUNT_FILESYSTEMS to package com.uucun51008669.android.cms (protectionLevel=18 flags=0x80be44)

W/PackageManager( 1191): Not granting permission android.permission.READ_LOGS to package com.uucun51008669.android.cms (protectionLevel=50 flags=0x80be44)

W/PackageManager( 1191): Not granting permission android.permission.INSTALL_PACKAGES to package com.uucun51008669.android.cms (protectionLevel=18 flags=0x80be44)

W/PackageManager( 1191): Not granting permission android.permission.WRITE_APN_SETTINGS to package com.uucun51008669.android.cms (protectionLevel=18 flags=0x80be44)

W/PackageManager( 1191): Not granting permission android.permission.MOVE_PACKAGE to package com.uucun51008669.android.cms (protectionLevel=18 flags=0x80be44)

W/PackageManager( 1191): Unknown permission com.xiaomi.market.sdk.UPDATE in package com.xiaomi.jr

W/PackageManager( 1191): Not granting permission android.permission.CHANGE_CONFIGURATION to package com.duokan.phone.remotecontroller (protectionLevel=50 flags=0x18be44)

W/PackageManager( 1191): Unknown permission android.permission.ACTION_HEADSET_PLUG in package com.android.soundrecorder

W/PackageManager( 1191): Unknown permission com.miui.securitycenter.permission.NOTIFICATION_SERVICE in package com.miui.cleanmaster

W/PackageManager( 1191): Unknown permission com.xiaomi.market.sdk.UPDATE in package com.xiaomi.pass

W/PackageManager( 1191): Unknown permission miui.permission.SHELL in package com.miui.bugreport

W/PackageManager( 1191): Unknown permission android.permission.ACCESS_MTK_MMHW in package com.miui.fm

W/PackageManager( 1191): Unknown permission com.ut.permission.DEVICE_STATE in package com.alipay.m.portal

W/PackageManager( 1191): Not granting permission android.permission.READ_LOGS to package com.alipay.m.portal (protectionLevel=50 flags=0x883e46)

W/PackageManager( 1191): Not granting permission android.permission.BATTERY_STATS to package com.alipay.m.portal (protectionLevel=18 flags=0x883e46)

W/PackageManager( 1191): Unknown permission android.permission.RECEIVE_USER_PRESENT in package com.alipay.m.portal

W/PackageManager( 1191): Not granting permission android.permission.MOUNT_UNMOUNT_FILESYSTEMS to package com.alipay.m.portal (protectionLevel=18 flags=0x883e46)

W/PackageManager( 1191): Unknown permission com.htc.launcher.permission.READ_SETTINGS in package com.alipay.m.portal

W/PackageManager( 1191): Unknown permission com.htc.launcher.permission.UPDATE_SHORTCUT in package com.alipay.m.portal

W/PackageManager( 1191): Unknown permission com.sonyericsson.home.permission.BROADCAST_BADGE in package com.alipay.m.portal

W/PackageManager( 1191): Unknown permission com.anddoes.launcher.permission.UPDATE_COUNT in package com.alipay.m.portal

W/PackageManager( 1191): Unknown permission com.majeur.launcher.permission.UPDATE_BADGE in package com.alipay.m.portal

W/PackageManager( 1191): Unknown permission com.samsung.android.providers.context.permission.WRITE_USE_APP_FEATURE_SURVEY in package com.dianping.v1

W/PackageManager( 1191): Not granting permission android.permission.CHANGE_CONFIGURATION to package com.dianping.v1 (protectionLevel=50 flags=0x58be44)

W/PackageManager( 1191): Not granting permission android.permission.MOUNT_UNMOUNT_FILESYSTEMS to package com.dianping.v1 (protectionLevel=18 flags=0x58be44)

W/PackageManager( 1191): Not granting permission android.permission.READ_LOGS to package com.chaozh.iReaderxda (protectionLevel=50 flags=0x90be44)

W/PackageManager( 1191): Unknown permission android.permission.RECEIVE_USER_PRESENT in package com.chaozh.iReaderxda

W/PackageManager( 1191): Not granting permission android.permission.CHANGE_CONFIGURATION to package com.netease.newsreader.activity (protectionLevel=50 flags=0x88be44)

W/PackageManager( 1191): Not granting permission android.permission.READ_LOGS to package com.netease.newsreader.activity (protectionLevel=50 flags=0x88be44)

W/PackageManager( 1191): Not granting permission android.permission.MOUNT_UNMOUNT_FILESYSTEMS to package com.netease.newsreader.activity (protectionLevel=18 flags=0x88be44)

W/PackageManager( 1191): Unknown permission android.permission.REAL_GET_TASKS in package com.xiaomi.market

W/PackageManager( 1191): Not granting permission android.permission.READ_LOGS to package com.netease.cloudmusic (protectionLevel=50 flags=0x98be44)

W/PackageManager( 1191): Not granting permission android.permission.MOUNT_UNMOUNT_FILESYSTEMS to package com.netease.cloudmusic (protectionLevel=18 flags=0x98be44)

W/PackageManager( 1191): Unknown permission com.qualcomm.permission.ACCESS_LOCATION_API in package com.qualcomm.location

W/PackageManager( 1191): Unknown permission miui.permission.SHELL in package com.miui.securitycenter

W/PackageManager( 1191): Not granting permission android.permission.INTERACT_ACROSS_USERS to package com.baidu.map.location (protectionLevel=50 flags=0x88be05)

W/PackageManager( 1191): Not granting permission android.permission.INTERACT_ACROSS_USERS_FULL to package com.baidu.map.location (protectionLevel=2 flags=0x88be05)

W/PackageManager( 1191): Not granting permission android.permission.WRITE_SECURE_SETTINGS to package com.baidu.map.location (protectionLevel=50 flags=0x88be05)

W/PackageManager( 1191): Not granting permission android.permission.INSTALL_LOCATION_PROVIDER to package com.baidu.map.location (protectionLevel=18 flags=0x88be05)

W/PackageManager( 1191): Not granting permission android.permission.MOUNT_UNMOUNT_FILESYSTEMS to package com.baidu.map.location (protectionLevel=18 flags=0x88be05)

W/PackageManager( 1191): Not granting permission android.permission.READ_LOGS to package com.baidu.map.location (protectionLevel=50 flags=0x88be05)

W/PackageManager( 1191): Not granting permission android.permission.WRITE_APN_SETTINGS to package com.baidu.map.location (protectionLevel=18 flags=0x88be05)

W/PackageManager( 1191): Not granting permission android.permission.UPDATE_DEVICE_STATS to package com.baidu.map.location (protectionLevel=18 flags=0x88be05)

W/PackageManager( 1191): Unknown permission com.google.android.providers.settings.permission.READ_GSETTINGS in package com.baidu.map.location

W/PackageManager( 1191): Unknown permission com.google.android.providers.settings.permission.WRITE_GSETTINGS in package com.baidu.map.location

W/PackageManager( 1191): Unknown permission com.google.android.providers.gsf.permission.READ_GSERVICES in package com.baidu.map.location

W/PackageManager( 1191): Not granting permission android.permission.READ_LOGS to package com.cootek.smartdialer (protectionLevel=50 flags=0x18be04)

W/PackageManager( 1191): Unknown permission android.permission.BAIDU_LOCATION_SERVICE in package com.cootek.smartdialer

W/PackageManager( 1191): Not granting permission android.permission.MOUNT_UNMOUNT_FILESYSTEMS to package com.cootek.smartdialer (protectionLevel=18 flags=0x18be04)

W/PackageManager( 1191): Unknown permission com.sonyericsson.home.permission.BROADCAST_BADGE in package com.cootek.smartdialer

W/PackageManager( 1191): Not granting permission com.miui.yellowpage.permission.ACCESS_YELLOWPAGE to package com.cootek.smartdialer (protectionLevel=18 flags=0x18be04)

W/PackageManager( 1191): Unknown permission android.permission.RECEIVE_USER_PRESENT in package com.cootek.smartdialer

W/PackageManager( 1191): Unknown permission android.permission.READ_SETTINGS in package com.cootek.smartdialer

W/PackageManager( 1191): Not granting permission android.permission.PACKAGE_USAGE_STATS to package com.android.providers.applications (protectionLevel=18 flags=0x88be45)

W/PackageManager( 1191): Not granting permission android.permission.READ_LOGS to package com.wandoujia.phoenix2.usbproxy (protectionLevel=50 flags=0x88be44)

W/PackageManager( 1191): Not granting permission android.permission.MOUNT_UNMOUNT_FILESYSTEMS to package com.wandoujia.phoenix2.usbproxy (protectionLevel=18 flags=0x88be44)

W/PackageManager( 1191): Not granting permission android.permission.BATTERY_STATS to package com.dragon.android.pandaspace (protectionLevel=18 flags=0x8be44)

W/PackageManager( 1191): Not granting permission android.permission.INSTALL_PACKAGES to package com.dragon.android.pandaspace (protectionLevel=18 flags=0x8be44)

W/PackageManager( 1191): Not granting permission android.permission.DELETE_PACKAGES to package com.dragon.android.pandaspace (protectionLevel=18 flags=0x8be44)

W/PackageManager( 1191): Not granting permission android.permission.CHANGE_COMPONENT_ENABLED_STATE to package com.dragon.android.pandaspace (protectionLevel=18 flags=0x8be44)

W/PackageManager( 1191): Not granting permission android.permission.MOUNT_UNMOUNT_FILESYSTEMS to package com.dragon.android.pandaspace (protectionLevel=18 flags=0x8be44)

W/PackageManager( 1191): Not granting permission android.permission.READ_LOGS to package com.dragon.android.pandaspace (protectionLevel=50 flags=0x8be44)

W/PackageManager( 1191): Unknown permission com.htc.launcher.permission.READ_SETTINGS in package com.dragon.android.pandaspace

W/PackageManager( 1191): Unknown permission com.htc.launcher.permission.WRITE_SETTINGS in package com.dragon.android.pandaspace

W/PackageManager( 1191): Unknown permission org.adw.launcher.permission.READ_SETTINGS in package com.dragon.android.pandaspace

W/PackageManager( 1191): Unknown permission org.adw.launcher.permission.WRITE_SETTINGS in package com.dragon.android.pandaspace

W/PackageManager( 1191): Unknown permission com.fede.launcher.permission.READ_SETTINGS in package com.dragon.android.pandaspace

W/PackageManager( 1191): Unknown permission com.fede.launcher.permission.WRITE_SETTINGS in package com.dragon.android.pandaspace

W/PackageManager( 1191): Unknown permission com.qihoo360.launcher.permission.READ_SETTINGS in package com.dragon.android.pandaspace

W/PackageManager( 1191): Unknown permission com.qihoo360.launcher.permission.WRITE_SETTINGS in package com.dragon.android.pandaspace

W/PackageManager( 1191): Unknown permission net.qihoo.launcher.permission.READ_SETTINGS in package com.dragon.android.pandaspace

W/PackageManager( 1191): Unknown permission net.qihoo.launcher.permission.WRITE_SETTINGS in package com.dragon.android.pandaspace

W/PackageManager( 1191): Unknown permission com.lge.launcher.permission.READ_SETTINGS in package com.dragon.android.pandaspace

W/PackageManager( 1191): Unknown permission com.lge.launcher.permission.WRITE_SETTINGS in package com.dragon.android.pandaspace

W/PackageManager( 1191): Unknown permission com.sec.android.app.twlauncher.settings.READ_SETTINGS in package com.dragon.android.pandaspace

W/PackageManager( 1191): Unknown permission com.sec.android.app.twlauncher.settings.WRITE_SETTINGS in package com.dragon.android.pandaspace

W/PackageManager( 1191): Unknown permission org.adwfreak.launcher.permission.READ_SETTINGS in package com.dragon.android.pandaspace

W/PackageManager( 1191): Unknown permission org.adwfreak.launcher.permission.WRITE_SETTINGS in package com.dragon.android.pandaspace

W/PackageManager( 1191): Not granting permission android.permission.INTERACT_ACROSS_USERS_FULL to package com.dragon.android.pandaspace (protectionLevel=2 flags=0x8be44)

W/PackageManager( 1191): Not granting permission android.permission.INTERACT_ACROSS_USERS to package com.dragon.android.pandaspace (protectionLevel=50 flags=0x8be44)

W/PackageManager( 1191): Unknown permission com.android.launcher2.permission.READ_SETTINGS in package com.dragon.android.pandaspace

W/PackageManager( 1191): Unknown permission com.android.launcher2.permission.WRITE_SETTINGS in package com.dragon.android.pandaspace

W/PackageManager( 1191): Unknown permission com.android.launcher3.permission.READ_SETTINGS in package com.dragon.android.pandaspace

W/PackageManager( 1191): Unknown permission com.android.launcher3.permission.WRITE_SETTINGS in package com.dragon.android.pandaspace

W/PackageManager( 1191): Unknown permission org.adw.launcher_donut.permission.READ_SETTINGS in package com.dragon.android.pandaspace

W/PackageManager( 1191): Unknown permission org.adw.launcher_donut.permission.WRITE_SETTINGS in package com.dragon.android.pandaspace

W/PackageManager( 1191): Unknown permission com.huawei.launcher3.permission.READ_SETTINGS in package com.dragon.android.pandaspace

W/PackageManager( 1191): Unknown permission com.huawei.launcher3.permission.WRITE_SETTINGS in package com.dragon.android.pandaspace

W/PackageManager( 1191): Unknown permission com.anddoes.launcher.permission.READ_SETTINGS in package com.dragon.android.pandaspace

W/PackageManager( 1191): Unknown permission com.anddoes.launcher.permission.WRITE_SETTINGS in package com.dragon.android.pandaspace

W/PackageManager( 1191): Unknown permission com.tencent.qqlauncher.permission.READ_SETTINGS in package com.dragon.android.pandaspace

W/PackageManager( 1191): Unknown permission com.tencent.qqlauncher.permission.WRITE_SETTINGS in package com.dragon.android.pandaspace

W/PackageManager( 1191): Unknown permission com.huawei.launcher2.permission.READ_SETTINGS in package com.dragon.android.pandaspace

W/PackageManager( 1191): Unknown permission com.huawei.launcher2.permission.WRITE_SETTINGS in package com.dragon.android.pandaspace

W/PackageManager( 1191): Unknown permission com.android.mylauncher.permission.READ_SETTINGS in package com.dragon.android.pandaspace

W/PackageManager( 1191): Unknown permission com.android.mylauncher.permission.WRITE_SETTINGS in package com.dragon.android.pandaspace

W/PackageManager( 1191): Unknown permission com.ebproductions.android.launcher.permission.READ_SETTINGS in package com.dragon.android.pandaspace

W/PackageManager( 1191): Unknown permission com.ebproductions.android.launcher.permission.WRITE_SETTINGS in package com.dragon.android.pandaspace

W/PackageManager( 1191): Unknown permission com.oppo.launcher.permission.READ_SETTINGS in package com.dragon.android.pandaspace

W/PackageManager( 1191): Unknown permission com.oppo.launcher.permission.WRITE_SETTINGS in package com.dragon.android.pandaspace

W/PackageManager( 1191): Unknown permission com.lenovo.launcher.permission.READ_SETTINGS in package com.dragon.android.pandaspace

W/PackageManager( 1191): Unknown permission com.lenovo.launcher.permission.WRITE_SETTINGS in package com.dragon.android.pandaspace

W/PackageManager( 1191): Unknown permission com.huawei.android.launcher.permission.READ_SETTINGS in package com.dragon.android.pandaspace

W/PackageManager( 1191): Unknown permission com.huawei.android.launcher.permission.WRITE_SETTINGS in package com.dragon.android.pandaspace

W/PackageManager( 1191): Unknown permission telecom.mdesk.permission.READ_SETTINGS in package com.dragon.android.pandaspace

W/PackageManager( 1191): Unknown permission telecom.mdesk.permission.WRITE_SETTINGS in package com.dragon.android.pandaspace

W/PackageManager( 1191): Unknown permission dianxin.permission.ACCESS_LAUNCHER_DATA in package com.dragon.android.pandaspace

W/PackageManager( 1191): Unknown permission com.google.android.launcher.permission.READ_SETTINGS in package com.dragon.android.pandaspace

W/PackageManager( 1191): Unknown permission com.google.android.launcher.permission.WRITE_SETTINGS in package com.dragon.android.pandaspace

W/PackageManager( 1191): Unknown permission com.baidu.permission.SHARE in package com.dragon.android.pandaspace

W/PackageManager( 1191): Not granting permission android.permission.FORCE_STOP_PACKAGES to package com.dragon.android.pandaspace (protectionLevel=18 flags=0x8be44)

W/PackageManager( 1191): Not granting permission android.permission.SET_ACTIVITY_WATCHER to package com.dragon.android.pandaspace (protectionLevel=2 flags=0x8be44)

W/PackageManager( 1191): Unknown permission android.permission.LAUNCH in package com.dragon.android.pandaspace

W/PackageManager( 1191): Not granting permission android.permission.BIND_ACCESSIBILITY_SERVICE to package com.dragon.android.pandaspace (protectionLevel=2 flags=0x8be44)

W/PackageManager( 1191): Not granting permission android.permission.PACKAGE_USAGE_STATS to package com.dragon.android.pandaspace (protectionLevel=18 flags=0x8be44)

W/PackageManager( 1191): Not granting permission android.permission.INJECT_EVENTS to package io.selendroid.com.eg.android.AlipayGphone (protectionLevel=2 flags=0x8be46)

W/PackageManager( 1191): Unknown permission android.permission.READ_SETTINGS in package com.sina.weibo

W/PackageManager( 1191): Unknown permission android.permission.ACCESS_COARSE_UPDATES in package com.sina.weibo

W/PackageManager( 1191): Unknown permission com.android.launcher3.permission.INSTALL_SHORTCUT in package com.sina.weibo

W/PackageManager( 1191): Unknown permission com.android.launcher3.permission.READ_SETTINGS in package com.sina.weibo

W/PackageManager( 1191): Unknown permission com.android.launcher3.permission.WRITE_SETTINGS in package com.sina.weibo

W/PackageManager( 1191): Unknown permission com.oppo.launcher.permission.READ_SETTINGS in package com.sina.weibo

W/PackageManager( 1191): Unknown permission com.oppo.launcher.permission.WRITE_SETTINGS in package com.sina.weibo

W/PackageManager( 1191): Not granting permission android.permission.READ_LOGS to package com.sina.weibo (protectionLevel=50 flags=0x883e44)

W/PackageManager( 1191): Not granting permission android.permission.MOUNT_UNMOUNT_FILESYSTEMS to package com.sina.weibo (protectionLevel=18 flags=0x883e44)

W/PackageManager( 1191): Unknown permission android.permission.RECEIVE_USER_PRESENT in package com.sina.weibo

W/PackageManager( 1191): Not granting permission android.permission.MANAGE_DOCUMENTS to package com.sina.weibo (protectionLevel=2 flags=0x883e44)

W/PackageManager( 1191): Unknown permission com.google.android.launcher.permission.READ_SETTINGS in package com.sina.weibo

W/PackageManager( 1191): Unknown permission com.htc.launcher.settings in package com.sina.weibo

W/PackageManager( 1191): Unknown permission com.htc.launcher.permission.READ_SETTINGS in package com.sina.weibo

W/PackageManager( 1191): Unknown permission com.htc.launcher.permission.WRITE_SETTINGS in package com.sina.weibo

W/PackageManager( 1191): Unknown permission com.huawei.android.launcher.permission.CHANGE_BADGE in package com.sina.weibo

W/PackageManager( 1191): Unknown permission com.huawei.launcher3.permission.READ_SETTINGS in package com.sina.weibo

W/PackageManager( 1191): Unknown permission com.huawei.android.launcher.permission.READ_SETTINGS in package com.sina.weibo

W/PackageManager( 1191): Unknown permission com.huawei.android.launcher.permission.WRITE_SETTINGS in package com.sina.weibo

W/PackageManager( 1191): Unknown permission com.lenovo.launcher.permission.READ_SETTINGS in package com.sina.weibo

W/PackageManager( 1191): Unknown permission com.bbk.launcher2.permission.READ_SETTINGS in package com.sina.weibo

W/PackageManager( 1191): Unknown permission com.huaqin.launcherEx.permission.READ_SETTINGS in package com.sina.weibo

W/PackageManager( 1191): Not granting permission android.permission.REBOOT to package com.example.catcher (protectionLevel=18 flags=0x88be46)

W/PackageManager( 1191): Not granting permission android.permission.DELETE_PACKAGES to package com.example.catcher (protectionLevel=18 flags=0x88be46)

W/PackageManager( 1191): Not granting permission android.permission.INSTALL_PACKAGES to package com.example.catcher (protectionLevel=18 flags=0x88be46)

W/PackageManager( 1191): Not granting permission android.permission.MOUNT_UNMOUNT_FILESYSTEMS to package com.example.catcher (protectionLevel=18 flags=0x88be46)

W/PackageManager( 1191): Not granting permission android.permission.RETRIEVE_WINDOW_CONTENT to package com.example.catcher (protectionLevel=18 flags=0x88be46)

W/PackageManager( 1191): Unknown permission android.permission.READ_SETTINGS in package com.sankuai.meituan

W/PackageManager( 1191): Not granting permission android.permission.READ_LOGS to package com.wandoujia.phoenix2 (protectionLevel=50 flags=0x98be44)

W/PackageManager( 1191): Unknown permission com.android.launcher.permission.CREATE_SHORTCUT in package com.wandoujia.phoenix2

W/PackageManager( 1191): Unknown permission com.android.launcher3.permission.READ_SETTINGS in package com.wandoujia.phoenix2

W/PackageManager( 1191): Unknown permission com.android.launcher3.permission.WRITE_SETTINGS in package com.wandoujia.phoenix2

W/PackageManager( 1191): Unknown permission org.adw.launcher.permission.READ_SETTINGS in package com.wandoujia.phoenix2

W/PackageManager( 1191): Unknown permission org.adw.launcher.permission.WRITE_SETTINGS in package com.wandoujia.phoenix2

W/PackageManager( 1191): Unknown permission com.qihoo360.launcher.permission.READ_SETTINGS in package com.wandoujia.phoenix2

W/PackageManager( 1191): Unknown permission com.qihoo360.launcher.permission.WRITE_SETTINGS in package com.wandoujia.phoenix2

W/PackageManager( 1191): Unknown permission com.lge.launcher.permission.READ_SETTINGS in package com.wandoujia.phoenix2

W/PackageManager( 1191): Unknown permission com.lge.launcher.permission.WRITE_SETTINGS in package com.wandoujia.phoenix2

W/PackageManager( 1191): Unknown permission net.qihoo.launcher.permission.READ_SETTINGS in package com.wandoujia.phoenix2

W/PackageManager( 1191): Unknown permission net.qihoo.launcher.permission.WRITE_SETTINGS in package com.wandoujia.phoenix2

W/PackageManager( 1191): Unknown permission org.adwfreak.launcher.permission.READ_SETTINGS in package com.wandoujia.phoenix2

W/PackageManager( 1191): Unknown permission org.adwfreak.launcher.permission.WRITE_SETTINGS in package com.wandoujia.phoenix2

W/PackageManager( 1191): Unknown permission com.huawei.launcher3.permission.READ_SETTINGS in package com.wandoujia.phoenix2

W/PackageManager( 1191): Unknown permission com.huawei.launcher3.permission.WRITE_SETTINGS in package com.wandoujia.phoenix2

W/PackageManager( 1191): Unknown permission com.fede.launcher.permission.READ_SETTINGS in package com.wandoujia.phoenix2

W/PackageManager( 1191): Unknown permission com.fede.launcher.permission.WRITE_SETTINGS in package com.wandoujia.phoenix2

W/PackageManager( 1191): Unknown permission com.sec.android.app.twlauncher.settings.READ_SETTINGS in package com.wandoujia.phoenix2

W/PackageManager( 1191): Unknown permission com.sec.android.app.twlauncher.settings.WRITE_SETTINGS in package com.wandoujia.phoenix2

W/PackageManager( 1191): Unknown permission com.anddoes.launcher.permission.READ_SETTINGS in package com.wandoujia.phoenix2

W/PackageManager( 1191): Unknown permission com.anddoes.launcher.permission.WRITE_SETTINGS in package com.wandoujia.phoenix2

W/PackageManager( 1191): Unknown permission com.lenovo.launcher.permission.READ_SETTINGS in package com.wandoujia.phoenix2

W/PackageManager( 1191): Unknown permission com.lenovo.launcher.permission.WRITE_SETTINGS in package com.wandoujia.phoenix2

W/PackageManager( 1191): Unknown permission com.google.android.launcher.permission.READ_SETTINGS in package com.wandoujia.phoenix2

W/PackageManager( 1191): Unknown permission com.google.android.launcher.permission.WRITE_SETTINGS in package com.wandoujia.phoenix2

W/PackageManager( 1191): Unknown permission com.oppo.launcher.permission.WRITE_SETTINGS in package com.wandoujia.phoenix2

W/PackageManager( 1191): Unknown permission com.oppo.launcher.permission.READ_SETTINGS in package com.wandoujia.phoenix2

W/PackageManager( 1191): Unknown permission com.yulong.android.launcher3.permission.WRITE_SETTINGS in package com.wandoujia.phoenix2

W/PackageManager( 1191): Unknown permission com.yulong.android.launcher3.permission.READ_SETTINGS in package com.wandoujia.phoenix2

W/PackageManager( 1191): Unknown permission com.huawei.android.launcher.permission.READ_SETTINGS in package com.wandoujia.phoenix2

W/PackageManager( 1191): Unknown permission com.huawei.android.launcher.permission.WRITE_SETTINGS in package com.wandoujia.phoenix2

W/PackageManager( 1191): Unknown permission com.htc.launcher.permission.READ_SETTINGS in package com.wandoujia.phoenix2

W/PackageManager( 1191): Unknown permission com.htc.launcher.permission.WRITE_SETTINGS in package com.wandoujia.phoenix2

W/PackageManager( 1191): Unknown permission com.bbk.launcher2.permission.READ_SETTINGS in package com.wandoujia.phoenix2

W/PackageManager( 1191): Unknown permission com.bbk.launcher2.permission.WRITE_SETTINGS in package com.wandoujia.phoenix2

W/PackageManager( 1191): Not granting permission android.permission.MOUNT_UNMOUNT_FILESYSTEMS to package com.wandoujia.phoenix2 (protectionLevel=18 flags=0x98be44)

W/PackageManager( 1191): Unknown permission android.permission.ACCESS_DRM in package com.wandoujia.phoenix2

W/PackageManager( 1191): Unknown permission android.permission.INSTALL_DRM in package com.wandoujia.phoenix2

W/PackageManager( 1191): Not granting permission android.permission.BIND_ACCESSIBILITY_SERVICE to package com.wandoujia.phoenix2 (protectionLevel=2 flags=0x98be44)

W/PackageManager( 1191): Unknown permission com.google.android.providers.gsf.permission.READ_GSERVICES in package com.wandoujia.phoenix2

W/PackageManager( 1191): Unknown permission rs.permission.MDM_SERVICE in package com.wandoujia.phoenix2

W/PackageManager( 1191): Unknown permission com.ut.permission.DEVICE_STATE in package com.wandoujia.phoenix2

W/PackageManager( 1191): Unknown permission android.permission.READ_SETTINGS in package com.wandoujia.phoenix2

