W/PackageManager( 1191): Unknown permission ANDROID.PERMISSION.INTERNET in package com.wandoujia.phoenix2

W/PackageManager( 1191): Unknown permission android.permission.ACCESS_FIND_LOCATION in package com.xiaomi.smarthome

W/PackageManager( 1191): Unknown permission com.xiaomi.channel.GAME_SERVICE_PERMISSION in package com.xiaomi.smarthome

W/PackageManager( 1191): Unknown permission com.xiaomi.market.sdk.UPDATE in package com.xiaomi.smarthome

W/PackageManager( 1191): Unknown permission com.android.launcher.permission.READ_SETTING in package com.xiaomi.smarthome

W/PackageManager( 1191): Unknown permission com.android.launcher.permission.WRITE_SETTING in package com.xiaomi.smarthome

W/PackageManager( 1191): Unknown permission com.xiaomi.channel.GAME_SERVICE_PERMISSION in package com.xiaomi.gamecenter.sdk.service

W/PackageManager( 1191): Unknown permission android.permission.RECEIVE_USER_PRESENT in package com.alipay.android.app

W/PackageManager( 1191): Unknown permission com.alipay.android.app.gphone.SHARE in package com.alipay.android.app

W/PackageManager( 1191): Unknown permission com.xiaomi.permission.MIPAY in package com.xiaomi.payment

W/PackageManager( 1191): Unknown permission com.xiaomi.router.provider.READ_OFFLINE_VIDEO in package com.miui.video

W/PackageManager( 1191): Unknown permission com.xiaomi.router.provider.WRITE_OFFLINE_VIDEO in package com.miui.video

I/ActivityManager( 1191): Force stopping com.eg.android.AlipayGphone appid=10347 user=0: pkg removed

D/WifiService( 1191): uid=10093 wifi scan blocked

W/IntentResolver( 1191): resolveIntent: multiple matches, only some with CATEGORY_DEFAULT

I/PackageManager( 1191): Adding preferred activity ComponentInfo{com.android.mms/com.android.mms.ui.ComposeMessageRouterActivity} for user 0 :

W/IntentResolver( 1191): resolveIntent: multiple matches, only some with CATEGORY_DEFAULT

I/PackageManager( 1191): Adding preferred activity ComponentInfo{com.android.mms/com.android.mms.ui.ComposeMessageRouterActivity} for user 0 :

W/IntentResolver( 1191): resolveIntent: multiple matches, only some with CATEGORY_DEFAULT

I/PackageManager( 1191): Adding preferred activity ComponentInfo{com.android.mms/com.android.mms.ui.ComposeMessageRouterActivity} for user 0 :

W/IntentResolver( 1191): resolveIntent: multiple matches, only some with CATEGORY_DEFAULT

I/PackageManager( 1191): Adding preferred activity ComponentInfo{com.android.mms/com.android.mms.ui.ComposeMessageRouterActivity} for user 0 :

D/BackupManagerService( 1191): Received broadcast Intent { act=android.intent.action.PACKAGE_REMOVED dat=package:com.eg.android.AlipayGphone flg=0x4000010 (has extras) }

V/BackupManagerService( 1191): removePackageParticipantsLocked: uid=10347 #1

W/IntentResolver( 1191): resolveIntent: multiple matches, only some with CATEGORY_DEFAULT

I/PackageManager( 1191): Adding preferred activity ComponentInfo{com.android.mms/com.android.mms.ui.ComposeMessageRouterActivity} for user 0 :

V/LocationPolicy( 1191): ACTION_UID_REMOVED for uid=10347

V/LocationPolicy( 1191): writePolicyLocked()

W/ContextImpl( 6194): Calling a method in the system process without a qualified user: android.app.ContextImpl.sendBroadcast:1165 android.content.ContextWrapper.sendBroadcast:365 com.miui.networkassistant.service.tm.TrafficManageService.broadCastDataUsageUpdated:896 com.miui.networkassistant.service.tm.TrafficManageService$7.onReceive:1104 android.app.LoadedApk$ReceiverDispatcher$Args.run:761 

W/IntentResolver( 1191): resolveIntent: multiple matches, only some with CATEGORY_DEFAULT

I/PackageManager( 1191): Adding preferred activity ComponentInfo{com.android.mms/com.android.mms.ui.ComposeMessageRouterActivity} for user 0 :

W/IntentResolver( 1191): resolveIntent: multiple matches, only some with CATEGORY_DEFAULT

I/PackageManager( 1191): Adding preferred activity ComponentInfo{com.android.mms/com.android.mms.ui.ComposeMessageRouterActivity} for user 0 :

W/IntentResolver( 1191): resolveIntent: multiple matches, only some with CATEGORY_DEFAULT

I/PackageManager( 1191): Adding preferred activity ComponentInfo{com.android.mms/com.android.mms.ui.ComposeMessageRouterActivity} for user 0 :

W/ContextImpl(24797): Calling a method in the system process without a qualified user: android.app.ContextImpl.startService:1521 android.content.ContextWrapper.startService:494 android.content.ContextWrapper.startService:494 com.android.keychain.KeyChainBroadcastReceiver.onReceive:12 android.app.ActivityThread.handleReceiver:2415 

W/BroadcastQueue( 1191): Unable to launch app com.UCMobile/10089 for broadcast Intent { act=android.intent.action.PACKAGE_REMOVED dat=package:com.eg.android.AlipayGphone flg=0x4000010 (has extras) }: process is not permitted to autostart

W/BroadcastQueue( 1191): Unable to launch app com.wandoujia.phoenix2.usbproxy/10286 for broadcast Intent { act=android.intent.action.PACKAGE_REMOVED dat=package:com.eg.android.AlipayGphone flg=0x4000010 (has extras) }: process is not permitted to autostart

W/BroadcastQueue( 1191): Unable to launch app com.wandoujia.phoenix2/10100 for broadcast Intent { act=android.intent.action.PACKAGE_REMOVED dat=package:com.eg.android.AlipayGphone flg=0x4000010 (has extras) }: process is not permitted to autostart

W/BroadcastQueue( 1191): Unable to launch app com.wandoujia.phoenix2/10100 for broadcast Intent { act=android.intent.action.PACKAGE_REMOVED dat=package:com.eg.android.AlipayGphone flg=0x4000010 (has extras) }: process is not permitted to autostart

W/BroadcastQueue( 1191): Unable to launch app com.wandoujia.phoenix2/10100 for broadcast Intent { act=android.intent.action.PACKAGE_REMOVED dat=package:com.eg.android.AlipayGphone flg=0x4000010 (has extras) }: process is not permitted to autostart

W/ContextImpl( 6194): Calling a method in the system process without a qualified user: android.app.ContextImpl.sendBroadcast:1165 android.content.ContextWrapper.sendBroadcast:365 com.miui.networkassistant.service.tm.TrafficManageService.broadCastDataUsageUpdated:896 com.miui.networkassistant.service.tm.TrafficManageService$7.onReceive:1104 android.app.LoadedApk$ReceiverDispatcher$Args.run:761 

I/ActivityManager( 1191): Start proc com.android.quicksearchbox for broadcast com.android.quicksearchbox/.CorporaUpdateReceiver: pid=24958 uid=10078 gids={50078, 1028, 3003}

I/ActivityManager( 1191): Killing 23755:com.alipay.test.sdk.alipaysteward/u0a101 (adj 15): empty #9

W/ContextImpl( 6194): Calling a method in the system process without a qualified user: android.app.ContextImpl.bindService:1585 android.content.ContextWrapper.bindService:517 com.miui.networkassistant.service.tm.AppMonitor.bindResourceHelperService:284 com.miui.networkassistant.service.tm.AppMonitor.fillNetworkAccessedApps:191 com.miui.networkassistant.service.tm.AppMonitor.access$200:33 

I/ActivityManager( 1191): Start proc com.miui.networkassistant:shandow for service com.miui.networkassistant/.service.ResourceHelperService: pid=25002 uid=1000 gids={41000, 3003, 1028, 1015, 3002, 3001, 3005, 1021, 3004, 1000, 3009, 1023, 1010, 1007, 3006, 3007, 2001, 1035}

W/ContextImpl(25002): Calling a method in the system process without a qualified user: android.app.ContextImpl.startService:1521 android.content.ContextWrapper.startService:494 com.xiaomi.accountsdk.activate.ActivateManager$AmTask.bindToCloudService:405 com.xiaomi.accountsdk.activate.ActivateManager$AmTask.bind:390 com.xiaomi.accountsdk.activate.ActivateManager$AmTask.start:385 

W/ContextImpl(25002): Calling a method in the system process without a qualified user: android.app.ContextImpl.bindService:1585 android.content.ContextWrapper.bindService:517 com.xiaomi.accountsdk.activate.ActivateManager$AmTask.bindToCloudService:406 com.xiaomi.accountsdk.activate.ActivateManager$AmTask.bind:390 com.xiaomi.accountsdk.activate.ActivateManager$AmTask.start:385 

W/ContextImpl(25002): Calling a method in the system process without a qualified user: android.app.ContextImpl.startService:1521 android.content.ContextWrapper.startService:494 miui.core.SdkManager$1.run:189 android.os.Handler.handleCallback:733 android.os.Handler.dispatchMessage:95 

I/ActivityManager( 1191): Killing 24849:com.android.externalstorage/u0a9 (adj 15): empty #9

W/ContextImpl( 6194): Calling a method in the system process without a qualified user: android.app.ContextImpl.sendBroadcast:1165 android.content.ContextWrapper.sendBroadcast:365 com.miui.networkassistant.service.tm.TrafficManageService.broadCastDataUsageUpdated:896 com.miui.networkassistant.service.tm.TrafficManageService$7.onReceive:1104 android.app.LoadedApk$ReceiverDispatcher$Args.run:761 

W/ContextImpl( 6194): Calling a method in the system process without a qualified user: android.app.ContextImpl.sendBroadcast:1165 android.content.ContextWrapper.sendBroadcast:365 com.miui.networkassistant.service.tm.TrafficManageService.broadCastDataUsageUpdated:896 com.miui.networkassistant.service.tm.TrafficManageService$7.onReceive:1104 android.app.LoadedApk$ReceiverDispatcher$Args.run:761 

W/ContextImpl( 6194): Calling a method in the system process without a qualified user: android.app.ContextImpl.sendBroadcast:1165 android.content.ContextWrapper.sendBroadcast:365 com.miui.networkassistant.service.tm.TrafficManageService.broadCastDataUsageUpdated:896 com.miui.networkassistant.service.tm.TrafficManageService$7.onReceive:1104 android.app.LoadedApk$ReceiverDispatcher$Args.run:761 

W/ContextImpl( 6194): Calling a method in the system process without a qualified user: android.app.ContextImpl.sendBroadcast:1165 android.content.ContextWrapper.sendBroadcast:365 com.miui.networkassistant.service.tm.TrafficManageService.broadCastDataUsageUpdated:896 com.miui.networkassistant.service.tm.TrafficManageService$7.onReceive:1104 android.app.LoadedApk$ReceiverDispatcher$Args.run:761 

I/ActivityManager( 1191): START u0 {act=android.intent.action.MAIN cat=[android.intent.category.LAUNCHER] flg=0x10200000 cmp=com.alipay.test.sdk.alipaysteward/com.alipay.android.setting.ClientSettingActivity bnds=[571,684][763,876]} from pid 1597

I/ActivityManager( 1191): Start proc com.alipay.test.sdk.alipaysteward for activity com.alipay.test.sdk.alipaysteward/com.alipay.android.setting.ClientSettingActivity: pid=25166 uid=10101 gids={50101, 1028, 1015, 3003, 3002}

V/LocationPolicy( 1191): onForegroundActivitiesChanged

V/LocationPolicy( 1191): onForegroundActivitiesChanged

V/LocationPolicy( 1191): onForegroundActivitiesChanged

I/ActivityManager( 1191): Killing 24742:com.android.musicfx/u0a16 (adj 15): empty #9

V/LocationPolicy( 1191): onForegroundActivitiesChanged

I/ActivityManager( 1191): Killing 25002:com.miui.networkassistant:shandow/1000 (adj 15): kill background

I/ActivityManager( 1191): START u0 {act=android.intent.action.MAIN cat=[android.intent.category.LAUNCHER] flg=0x10200000 cmp=com.alipay.test.sdk.alipaysteward/com.alipay.mobile.android.activity.SplashActivity bnds=[317,684][509,876]} from pid 1597

V/LocationPolicy( 1191): onForegroundActivitiesChanged

V/LocationPolicy( 1191): onForegroundActivitiesChanged

I/ActivityManager( 1191): START u0 {cmp=com.alipay.test.sdk.alipaysteward/com.alibaba.securitysdk.activity.SDKLoginActivity} from pid 25166

I/ActivityManager( 1191): START u0 {flg=0x4000000 cmp=com.alipay.test.sdk.alipaysteward/com.alipay.mobile.android.activity.MainActivity} from pid 25166

W/WindowManager( 1191): Rebuild removed 7 windows but added 6

W/WindowManager( 1191): java.lang.RuntimeException: here

W/WindowManager( 1191): 	at com.android.server.wm.WindowManagerService.rebuildAppWindowListLocked(WindowManagerService.java:8095)

W/WindowManager( 1191): 	at com.android.server.wm.WindowManagerService.rebuildAppWindowListLocked(WindowManagerService.java:8031)

W/WindowManager( 1191): 	at com.android.server.wm.WindowManagerService.handleAnimatingStoppedAndTransitionLocked(WindowManagerService.java:8777)

W/WindowManager( 1191): 	at com.android.server.wm.WindowManagerService.performLayoutAndPlaceSurfacesLockedInner(WindowManagerService.java:9301)

W/WindowManager( 1191): 	at com.android.server.wm.WindowManagerService.performLayoutAndPlaceSurfacesLockedLoop(WindowManagerService.java:8247)

W/WindowManager( 1191): 	at com.android.server.wm.WindowManagerService.performLayoutAndPlaceSurfacesLocked(WindowManagerService.java:8189)

W/WindowManager( 1191): 	at com.android.server.wm.WindowManagerService.access$300(WindowManagerService.java:159)

W/WindowManager( 1191): 	at com.android.server.wm.WindowManagerService$H.handleMessage(WindowManagerService.java:7214)

W/WindowManager( 1191): 	at android.os.Handler.dispatchMessage(Handler.java:102)

W/WindowManager( 1191): 	at android.os.Looper.loop(Looper.java:136)

W/WindowManager( 1191): 	at android.os.HandlerThread.run(HandlerThread.java:61)

W/WindowManager( 1191): This window was lost: Window{433f7cd8 u0 com.alipay.test.sdk.alipaysteward/com.alibaba.securitysdk.activity.SDKLoginActivity}

W/WindowManager( 1191): mDisplayId=0 mSession=Session{4334a9b8 25166:u0a10101} mClient=android.os.BinderProxy@438cf228

W/WindowManager( 1191): mOwnerUid=10101 mShowToOwnerOnly=true package=com.alipay.test.sdk.alipaysteward appop=NONE

W/WindowManager( 1191): mAttrs=WM.LayoutParams{(0,0)(fillxfill) sim=#112 ty=1 fl=#1810100 extfl=#0 pfl=0x8 wanim=0x1030001}

W/WindowManager( 1191): Requested w=1080 h=1920 mLayoutSeq=3233

W/WindowManager( 1191): mBaseLayer=21000 mSubLayer=0 mAnimLayer=21030+0=21030 mLastLayer=21035

W/WindowManager( 1191): mToken=AppWindowToken{43f68220 token=Token{43d35670 ActivityRecord{42dd4c10 u0 com.alipay.test.sdk.alipaysteward/com.alibaba.securitysdk.activity.SDKLoginActivity t45}}}

W/WindowManager( 1191): mRootToken=AppWindowToken{43f68220 token=Token{43d35670 ActivityRecord{42dd4c10 u0 com.alipay.test.sdk.alipaysteward/com.alibaba.securitysdk.activity.SDKLoginActivity t45}}}

W/WindowManager( 1191): mAppToken=AppWindowToken{43f68220 token=Token{43d35670 ActivityRecord{42dd4c10 u0 com.alipay.test.sdk.alipaysteward/com.alibaba.securitysdk.activity.SDKLoginActivity t45}}}

W/WindowManager( 1191): mViewVisibility=0x8 mHaveFrame=true mObscured=true

W/WindowManager( 1191): mSeq=0 mSystemUiVisibility=0x0

W/WindowManager( 1191): mGivenContentInsets=[0,0][0,0] mGivenVisibleInsets=[0,0][0,0]

W/WindowManager( 1191): mConfiguration={1.0 ?mcc?mnc zh_CN ldltr sw360dp w360dp h620dp 480dpi nrml long port finger -keyb/v/h -nav/h s.14 themeChanged=0 themeChangedFlags=0}

W/WindowManager( 1191): mHasSurface=true mShownFrame=[-268.01633,0.0][811.98364,1920.0] isReadyForDisplay()=false

W/WindowManager( 1191): mFrame=[0,0][1080,1920] last=[0,0][1080,1920]

W/WindowManager( 1191): mSystemDecorRect=[0,60][1080,1920] last=[0,60][1080,1920]

W/WindowManager( 1191): Frames: containing=[0,0][1080,1920] parent=[0,0][1080,1920]

W/WindowManager( 1191):     display=[0,0][1080,1920] overscan=[0,0][1080,1920]

W/WindowManager( 1191):     content=[0,60][1080,1920] visible=[0,60][1080,1920]

W/WindowManager( 1191):     decor=[0,60][1080,1920]

W/WindowManager( 1191): Cur insets: overscan=[0,0][0,0] content=[0,60][0,0] visible=[0,60][0,0]

W/WindowManager( 1191): Lst insets: overscan=[0,0][0,0] content=[0,60][0,0] visible=[0,60][0,0]

W/WindowManager( 1191): WindowStateAnimator{43eb88e8 com.alipay.test.sdk.alipaysteward/com.alibaba.securitysdk.activity.SDKLoginActivity}:

W/WindowManager( 1191):   mSurface=Surface(name=com.alipay.test.sdk.alipaysteward/com.alibaba.securitysdk.activity.SDKLoginActivity)

W/WindowManager( 1191):   mDrawState=HAS_DRAWN mLastHidden=true

W/WindowManager( 1191):   Surface: shown=false layer=21035 alpha=0.6029388 rect=(-268.01633,0.0) 1080.0 x 1920.0

W/WindowManager( 1191):   mShownAlpha=0.6029388 mAlpha=1.0 mLastAlpha=0.6029388

W/WindowManager( 1191):   mGlobalScale=1.0 mDsDx=1.0 mDtDx=0.0 mDsDy=0.0 mDtDy=1.0

W/WindowManager( 1191): mExiting=false mRemoveOnExit=false mDestroying=true mRemoved=false

W/WindowManager( 1191): Current app token list:

V/WindowManager( 1191):   Display 0

V/WindowManager( 1191):   #8: Token{43815a90 ActivityRecord{42ddfb48 u0 com.alipay.test.sdk.alipaysteward/com.alipay.mobile.android.activity.MainActivity t45}}

V/WindowManager( 1191):   #7: Token{43869ee0 ActivityRecord{42db96a0 u0 com.alipay.test.sdk.alipaysteward/com.alipay.mobile.android.activity.SplashActivity t45 f}}

V/WindowManager( 1191):   #6: Token{431cf950 ActivityRecord{4302f018 u0 com.miui.home/.launcher.Launcher t1}}

V/WindowManager( 1191):   #5: Token{43ec3650 ActivityRecord{4339e630 u0 com.android.updater/.MainActivity t39}}

V/WindowManager( 1191):   #4: Token{431d10d8 ActivityRecord{431fd1d8 u0 com.sina.weibo/.VisitorMainTabActivity t32}}

V/WindowManager( 1191):   #3: Token{4313d190 ActivityRecord{431f32e0 u0 com.sina.weibo/.MainTabActivity t32}}

V/WindowManager( 1191):   #2: Token{4337dab0 ActivityRecord{42f24ab0 u0 com.mipay.wallet/.ui.MipayEntryActivity t21}}

V/WindowManager( 1191):   #1: Token{437e54f8 ActivityRecord{42f28790 u0 com.android.mms/.ui.MmsTabActivity t22}}

V/WindowManager( 1191):   #0: Token{431f02f8 ActivityRecord{43234800 u0 com.android.contacts/.activities.TwelveKeyDialer t28}}

W/WindowManager( 1191): Final window list:

V/WindowManager( 1191):   #0: Window{436103f8 u0 RecentsPanel}

V/WindowManager( 1191):   #1: Window{43229188 u0 FloatNotificationPanel}

V/WindowManager( 1191):   #2: Window{43297c98 u0 StatusBar}

V/WindowManager( 1191):   #3: Window{43339b78 u0 StatusBarBlur}

V/WindowManager( 1191):   #4: Window{436dd4d8 u0 Keyguard}

V/WindowManager( 1191):   #5: Window{43803bc8 u0 KeyguardScrim}

V/WindowManager( 1191):   #6: Window{43614100 u0 AppNotificationPanel}

V/WindowManager( 1191):   #7: Window{434e5a78 u0 InputMethod}

V/WindowManager( 1191):   #8: Window{433f9f38 u0 com.alipay.test.sdk.alipaysteward/com.alipay.mobile.android.activity.MainActivity}

V/WindowManager( 1191):   #9: Window{435a1058 u0 com.miui.home/com.miui.home.launcher.Launcher}

V/WindowManager( 1191):   #10: Window{438b3f98 u0 com.android.updater/com.android.updater.MainActivity}

V/WindowManager( 1191):   #11: Window{4346d098 u0 com.sina.weibo/com.sina.weibo.VisitorMainTabActivity}

V/WindowManager( 1191):   #12: Window{433b5200 u0 com.android.mms/com.android.mms.ui.MmsTabActivity}

V/WindowManager( 1191):   #13: Window{43617348 u0 com.android.contacts/com.android.contacts.activities.TwelveKeyDialer}

V/WindowManager( 1191):   #14: Window{435ed238 u0 com.android.systemui.ImageWallpaper}

W/ContextImpl( 6194): Calling a method in the system process without a qualified user: android.app.ContextImpl.sendBroadcast:1165 android.content.ContextWrapper.sendBroadcast:365 com.miui.networkassistant.service.tm.TrafficManageService.broadCastDataUsageUpdated:896 com.miui.networkassistant.service.tm.TrafficManageService$7.onReceive:1104 android.app.LoadedApk$ReceiverDispatcher$Args.run:761 

I/ActivityManager( 1191): START u0 {cmp=com.alipay.test.sdk.alipaysteward/com.alipay.mobile.android.activity.ManageBuildActivity} from pid 25166

W/ContextImpl( 6194): Calling a method in the system process without a qualified user: android.app.ContextImpl.sendBroadcast:1165 android.content.ContextWrapper.sendBroadcast:365 com.miui.networkassistant.service.tm.TrafficManageService.broadCastDataUsageUpdated:896 com.miui.networkassistant.service.tm.TrafficManageService$7.onReceive:1104 android.app.LoadedApk$ReceiverDispatcher$Args.run:761 

I/ActivityManager( 1191): START u0 {cmp=com.alipay.test.sdk.alipaysteward/com.alipay.mobile.android.activity.VersionDetailActivity (has extras)} from pid 25166

I/ActivityManager( 1191): START u0 {cmp=com.alipay.test.sdk.alipaysteward/com.alipay.mobile.android.activity.VersionDetailActivity (has extras)} from pid 25166

W/ContextImpl( 6194): Calling a method in the system process without a qualified user: android.app.ContextImpl.sendBroadcast:1165 android.content.ContextWrapper.sendBroadcast:365 com.miui.networkassistant.service.tm.TrafficManageService.broadCastDataUsageUpdated:896 com.miui.networkassistant.service.tm.TrafficManageService$7.onReceive:1104 android.app.LoadedApk$ReceiverDispatcher$Args.run:761 

W/InputMethodManagerService( 1191): Window already focused, ignoring focus gain of: com.android.internal.view.IInputMethodClient$Stub$Proxy@435c0318 attribute=null, token = android.os.BinderProxy@437ba1b0

W/ContextImpl( 6194): Calling a method in the system process without a qualified user: android.app.ContextImpl.sendBroadcast:1165 android.content.ContextWrapper.sendBroadcast:365 com.miui.networkassistant.service.tm.TrafficManageService.broadCastDataUsageUpdated:896 com.miui.networkassistant.service.tm.TrafficManageService$7.onReceive:1104 android.app.LoadedApk$ReceiverDispatcher$Args.run:761 

W/ProcessCpuTracker( 1191): Skipping unknown process pid 25393

W/ProcessCpuTracker( 1191): Skipping unknown process pid 25412

W/ProcessCpuTracker( 1191): Skipping unknown process pid 25413

W/ContextImpl( 6194): Calling a method in the system process without a qualified user: android.app.ContextImpl.sendBroadcast:1165 android.content.ContextWrapper.sendBroadcast:365 com.miui.networkassistant.service.tm.TrafficManageService.broadCastDataUsageUpdated:896 com.miui.networkassistant.service.tm.TrafficManageService$7.onReceive:1104 android.app.LoadedApk$ReceiverDispatcher$Args.run:761 

W/ContextImpl( 6194): Calling a method in the system process without a qualified user: android.app.ContextImpl.sendBroadcast:1165 android.content.ContextWrapper.sendBroadcast:365 com.miui.networkassistant.service.tm.TrafficManageService.broadCastDataUsageUpdated:896 com.miui.networkassistant.service.tm.TrafficManageService$7.onReceive:1104 android.app.LoadedApk$ReceiverDispatcher$Args.run:761 

W/ContextImpl( 6194): Calling a method in the system process without a qualified user: android.app.ContextImpl.sendBroadcast:1165 android.content.ContextWrapper.sendBroadcast:365 com.miui.networkassistant.service.tm.TrafficManageService.broadCastDataUsageUpdated:896 com.miui.networkassistant.service.tm.TrafficManageService$7.onReceive:1104 android.app.LoadedApk$ReceiverDispatcher$Args.run:761 

W/ContextImpl( 6194): Calling a method in the system process without a qualified user: android.app.ContextImpl.sendBroadcast:1165 android.content.ContextWrapper.sendBroadcast:365 com.miui.networkassistant.service.tm.TrafficManageService.broadCastDataUsageUpdated:896 com.miui.networkassistant.service.tm.TrafficManageService$7.onReceive:1104 android.app.LoadedApk$ReceiverDispatcher$Args.run:761 

W/ProcessCpuTracker( 1191): Skipping unknown process pid 25453

W/ProcessCpuTracker( 1191): Skipping unknown process pid 25456

W/ContextImpl( 6194): Calling a method in the system process without a qualified user: android.app.ContextImpl.sendBroadcast:1165 android.content.ContextWrapper.sendBroadcast:365 com.miui.networkassistant.service.tm.TrafficManageService.broadCastDataUsageUpdated:896 com.miui.networkassistant.service.tm.TrafficManageService$7.onReceive:1104 android.app.LoadedApk$ReceiverDispatcher$Args.run:761 

W/ContextImpl( 6194): Calling a method in the system process without a qualified user: android.app.ContextImpl.sendBroadcast:1165 android.content.ContextWrapper.sendBroadcast:365 com.miui.networkassistant.service.tm.TrafficManageService.broadCastDataUsageUpdated:896 com.miui.networkassistant.service.tm.TrafficManageService$7.onReceive:1104 android.app.LoadedApk$ReceiverDispatcher$Args.run:761 

W/ContextImpl( 6194): Calling a method in the system process without a qualified user: android.app.ContextImpl.sendBroadcast:1165 android.content.ContextWrapper.sendBroadcast:365 com.miui.networkassistant.service.tm.TrafficManageService.broadCastDataUsageUpdated:896 com.miui.networkassistant.service.tm.TrafficManageService$7.onReceive:1104 android.app.LoadedApk$ReceiverDispatcher$Args.run:761 

W/ContextImpl( 6194): Calling a method in the system process without a qualified user: android.app.ContextImpl.sendBroadcast:1165 android.content.ContextWrapper.sendBroadcast:365 com.miui.networkassistant.service.tm.TrafficManageService.broadCastDataUsageUpdated:896 com.miui.networkassistant.service.tm.TrafficManageService$7.onReceive:1104 android.app.LoadedApk$ReceiverDispatcher$Args.run:761 

W/ContextImpl( 6194): Calling a method in the system process without a qualified user: android.app.ContextImpl.sendBroadcast:1165 android.content.ContextWrapper.sendBroadcast:365 com.miui.networkassistant.service.tm.TrafficManageService.broadCastDataUsageUpdated:896 com.miui.networkassistant.service.tm.TrafficManageService$7.onReceive:1104 android.app.LoadedApk$ReceiverDispatcher$Args.run:761 

W/ContextImpl( 6194): Calling a method in the system process without a qualified user: android.app.ContextImpl.sendBroadcast:1165 android.content.ContextWrapper.sendBroadcast:365 com.miui.networkassistant.service.tm.TrafficManageService.broadCastDataUsageUpdated:896 com.miui.networkassistant.service.tm.TrafficManageService$7.onReceive:1104 android.app.LoadedApk$ReceiverDispatcher$Args.run:761 

W/ContextImpl( 6194): Calling a method in the system process without a qualified user: android.app.ContextImpl.sendBroadcast:1165 android.content.ContextWrapper.sendBroadcast:365 com.miui.networkassistant.service.tm.TrafficManageService.broadCastDataUsageUpdated:896 com.miui.networkassistant.service.tm.TrafficManageService$7.onReceive:1104 android.app.LoadedApk$ReceiverDispatcher$Args.run:761 

W/ContextImpl( 6194): Calling a method in the system process without a qualified user: android.app.ContextImpl.sendBroadcast:1165 android.content.ContextWrapper.sendBroadcast:365 com.miui.networkassistant.service.tm.TrafficManageService.broadCastDataUsageUpdated:896 com.miui.networkassistant.service.tm.TrafficManageService$7.onReceive:1104 android.app.LoadedApk$ReceiverDispatcher$Args.run:761 

W/ContextImpl( 6194): Calling a method in the system process without a qualified user: android.app.ContextImpl.sendBroadcast:1165 android.content.ContextWrapper.sendBroadcast:365 com.miui.networkassistant.service.tm.TrafficManageService.broadCastDataUsageUpdated:896 com.miui.networkassistant.service.tm.TrafficManageService$7.onReceive:1104 android.app.LoadedApk$ReceiverDispatcher$Args.run:761 

W/ContextImpl( 6194): Calling a method in the system process without a qualified user: android.app.ContextImpl.sendBroadcast:1165 android.content.ContextWrapper.sendBroadcast:365 com.miui.networkassistant.service.tm.TrafficManageService.broadCastDataUsageUpdated:896 com.miui.networkassistant.service.tm.TrafficManageService$7.onReceive:1104 android.app.LoadedApk$ReceiverDispatcher$Args.run:761 

W/ContextImpl( 6194): Calling a method in the system process without a qualified user: android.app.ContextImpl.sendBroadcast:1165 android.content.ContextWrapper.sendBroadcast:365 com.miui.networkassistant.service.tm.TrafficManageService.broadCastDataUsageUpdated:896 com.miui.networkassistant.service.tm.TrafficManageService$7.onReceive:1104 android.app.LoadedApk$ReceiverDispatcher$Args.run:761 

W/ContextImpl( 6194): Calling a method in the system process without a qualified user: android.app.ContextImpl.sendBroadcast:1165 android.content.ContextWrapper.sendBroadcast:365 com.miui.networkassistant.service.tm.TrafficManageService.broadCastDataUsageUpdated:896 com.miui.networkassistant.service.tm.TrafficManageService$7.onReceive:1104 android.app.LoadedApk$ReceiverDispatcher$Args.run:761 

W/ContextImpl( 6194): Calling a method in the system process without a qualified user: android.app.ContextImpl.sendBroadcast:1165 android.content.ContextWrapper.sendBroadcast:365 com.miui.networkassistant.service.tm.TrafficManageService.broadCastDataUsageUpdated:896 com.miui.networkassistant.service.tm.TrafficManageService$7.onReceive:1104 android.app.LoadedApk$ReceiverDispatcher$Args.run:761 

W/ContextImpl( 6194): Calling a method in the system process without a qualified user: android.app.ContextImpl.sendBroadcast:1165 android.content.ContextWrapper.sendBroadcast:365 com.miui.networkassistant.service.tm.TrafficManageService.broadCastDataUsageUpdated:896 com.miui.networkassistant.service.tm.TrafficManageService$7.onReceive:1104 android.app.LoadedApk$ReceiverDispatcher$Args.run:761 

W/ContextImpl( 6194): Calling a method in the system process without a qualified user: android.app.ContextImpl.sendBroadcast:1165 android.content.ContextWrapper.sendBroadcast:365 com.miui.networkassistant.service.tm.TrafficManageService.broadCastDataUsageUpdated:896 com.miui.networkassistant.service.tm.TrafficManageService$7.onReceive:1104 android.app.LoadedApk$ReceiverDispatcher$Args.run:761 

W/ContextImpl( 6194): Calling a method in the system process without a qualified user: android.app.ContextImpl.sendBroadcast:1165 android.content.ContextWrapper.sendBroadcast:365 com.miui.networkassistant.service.tm.TrafficManageService.broadCastDataUsageUpdated:896 com.miui.networkassistant.service.tm.TrafficManageService$7.onReceive:1104 android.app.LoadedApk$ReceiverDispatcher$Args.run:761 

W/ContextImpl( 6194): Calling a method in the system process without a qualified user: android.app.ContextImpl.sendBroadcast:1165 android.content.ContextWrapper.sendBroadcast:365 com.miui.networkassistant.service.tm.TrafficManageService.broadCastDataUsageUpdated:896 com.miui.networkassistant.service.tm.TrafficManageService$7.onReceive:1104 android.app.LoadedApk$ReceiverDispatcher$Args.run:761 

I/ActivityManager( 1191): START u0 {act=android.intent.action.VIEW dat=file:///storage/emulated/0/steward/Alipay_940112602_RC_debug_201511261902.apk typ=application/vnd.android.package-archive flg=0x10000000 cmp=com.android.packageinstaller/.PackageInstallerActivity} from pid 25166

I/ActivityManager( 1191): Start proc com.android.packageinstaller for activity com.android.packageinstaller/.PackageInstallerActivity: pid=25693 uid=10071 gids={50071, 1028, 1015}

V/LocationPolicy( 1191): onForegroundActivitiesChanged

E/ActivityThread(25693): Failed to find provider info for com.xiaomi.gamecenter.miui.recommend

W/ActivityManager( 1191): Permission Denial: opening provider com.android.settings.cloud.push.InstallCompatibilityProvider from ProcessRecord{43124068 25693:com.android.packageinstaller/u0a71} (pid=25693, uid=10071) that is not exported from uid 1000

V/LocationPolicy( 1191): onForegroundActivitiesChanged

I/ActivityManager( 1191): START u0 {dat=file:///storage/emulated/0/steward/Alipay_940112602_RC_debug_201511261902.apk cmp=com.android.packageinstaller/.InstallAppProgress (has extras)} from pid 25693

W/ActivityManager( 1191): No content provider found for permission revoke: file:///storage/emulated/0/steward/Alipay_940112602_RC_debug_201511261902.apk

W/WindowManager( 1191): Rebuild removed 10 windows but added 9

W/WindowManager( 1191): java.lang.RuntimeException: here

W/WindowManager( 1191): 	at com.android.server.wm.WindowManagerService.rebuildAppWindowListLocked(WindowManagerService.java:8095)

W/WindowManager( 1191): 	at com.android.server.wm.WindowManagerService.rebuildAppWindowListLocked(WindowManagerService.java:8031)

W/WindowManager( 1191): 	at com.android.server.wm.WindowManagerService.handleAnimatingStoppedAndTransitionLocked(WindowManagerService.java:8777)

W/WindowManager( 1191): 	at com.android.server.wm.WindowManagerService.performLayoutAndPlaceSurfacesLockedInner(WindowManagerService.java:9301)

W/WindowManager( 1191): 	at com.android.server.wm.WindowManagerService.performLayoutAndPlaceSurfacesLockedLoop(WindowManagerService.java:8247)

W/WindowManager( 1191): 	at com.android.server.wm.WindowManagerService.performLayoutAndPlaceSurfacesLocked(WindowManagerService.java:8189)

W/WindowManager( 1191): 	at com.android.server.wm.WindowManagerService.access$300(WindowManagerService.java:159)

W/WindowManager( 1191): 	at com.android.server.wm.WindowManagerService$H.handleMessage(WindowManagerService.java:7214)

W/WindowManager( 1191): 	at android.os.Handler.dispatchMessage(Handler.java:102)

W/WindowManager( 1191): 	at android.os.Looper.loop(Looper.java:136)

W/WindowManager( 1191): 	at android.os.HandlerThread.run(HandlerThread.java:61)

W/WindowManager( 1191): This window was lost: Window{43341bb8 u0 com.android.packageinstaller/com.android.packageinstaller.PackageInstallerActivity}

W/WindowManager( 1191): mDisplayId=0 mSession=Session{4304d428 25693:u0a10071} mClient=android.os.BinderProxy@430b0490

W/WindowManager( 1191): mOwnerUid=10071 mShowToOwnerOnly=true package=com.android.packageinstaller appop=NONE

W/WindowManager( 1191): mAttrs=WM.LayoutParams{(0,0)(fillxfill) sim=#110 ty=1 fl=#5810100 extfl=#1 pfl=0x8 wanim=0x10302a1 vsysui=0x500}

W/WindowManager( 1191): Requested w=1080 h=1920 mLayoutSeq=3297

W/WindowManager( 1191): mBaseLayer=21000 mSubLayer=0 mAnimLayer=21045+0=21045 mLastLayer=21045

W/WindowManager( 1191): mToken=AppWindowToken{43979930 token=Token{43892278 ActivityRecord{438997c0 u0 com.android.packageinstaller/.PackageInstallerActivity t46}}}

W/WindowManager( 1191): mRootToken=AppWindowToken{43979930 token=Token{43892278 ActivityRecord{438997c0 u0 com.android.packageinstaller/.PackageInstallerActivity t46}}}

W/WindowManager( 1191): mAppToken=AppWindowToken{43979930 token=Token{43892278 ActivityRecord{438997c0 u0 com.android.packageinstaller/.PackageInstallerActivity t46}}}

W/WindowManager( 1191): mViewVisibility=0x8 mHaveFrame=true mObscured=true

W/WindowManager( 1191): mSeq=0 mSystemUiVisibility=0x500

W/WindowManager( 1191): mGivenContentInsets=[0,0][0,0] mGivenVisibleInsets=[0,0][0,0]

W/WindowManager( 1191): mConfiguration={1.0 ?mcc?mnc zh_CN ldltr sw360dp w360dp h620dp 480dpi nrml long port finger -keyb/v/h -nav/h s.14 themeChanged=0 themeChangedFlags=0}

W/WindowManager( 1191): mHasSurface=true mShownFrame=[-269.98016,0.0][810.01984,1920.0] isReadyForDisplay()=false

W/WindowManager( 1191): mFrame=[0,0][1080,1920] last=[0,0][1080,1920]

W/WindowManager( 1191): mSystemDecorRect=[0,0][1080,1920] last=[0,0][1080,1920]

W/WindowManager( 1191): Frames: containing=[0,0][1080,1920] parent=[0,0][1080,1920]

W/WindowManager( 1191):     display=[0,0][1080,1920] overscan=[0,0][1080,1920]

W/WindowManager( 1191):     content=[0,60][1080,1920] visible=[0,60][1080,1920]

W/WindowManager( 1191):     decor=[0,0][1080,1920]

W/WindowManager( 1191): Cur insets: overscan=[0,0][0,0] content=[0,60][0,0] visible=[0,60][0,0]

W/WindowManager( 1191): Lst insets: overscan=[0,0][0,0] content=[0,60][0,0] visible=[0,60][0,0]

W/WindowManager( 1191): WindowStateAnimator{43510ec0 com.android.packageinstaller/com.android.packageinstaller.PackageInstallerActivity}:

W/WindowManager( 1191):   mSurface=Surface(name=com.android.packageinstaller/com.android.packageinstaller.PackageInstallerActivity)

W/WindowManager( 1191):   mDrawState=HAS_DRAWN mLastHidden=true

W/WindowManager( 1191):   Surface: shown=false layer=21045 alpha=0.6000294 rect=(-269.98016,0.0) 1080.0 x 1920.0

W/WindowManager( 1191):   mShownAlpha=0.6000294 mAlpha=1.0 mLastAlpha=0.6000294

W/WindowManager( 1191):   mGlobalScale=1.0 mDsDx=1.0 mDtDx=0.0 mDsDy=0.0 mDtDy=1.0

W/WindowManager( 1191): mExiting=false mRemoveOnExit=false mDestroying=true mRemoved=false

W/WindowManager( 1191): Current app token list:

V/WindowManager( 1191):   Display 0

V/WindowManager( 1191):   #10: Token{437af710 ActivityRecord{42d612d0 u0 com.android.packageinstaller/.InstallAppProgress t46}}

V/WindowManager( 1191):   #9: Token{42fa48e0 ActivityRecord{43337a98 u0 com.alipay.test.sdk.alipaysteward/com.alipay.mobile.android.activity.VersionDetailActivity t45}}

V/WindowManager( 1191):   #8: Token{42d37418 ActivityRecord{42e712b8 u0 com.alipay.test.sdk.alipaysteward/com.alipay.mobile.android.activity.ManageBuildActivity t45}}

V/WindowManager( 1191):   #7: Token{43815a90 ActivityRecord{42ddfb48 u0 com.alipay.test.sdk.alipaysteward/com.alipay.mobile.android.activity.MainActivity t45}}

V/WindowManager( 1191):   #6: Token{431cf950 ActivityRecord{4302f018 u0 com.miui.home/.launcher.Launcher t1}}

V/WindowManager( 1191):   #5: Token{43ec3650 ActivityRecord{4339e630 u0 com.android.updater/.MainActivity t39}}

V/WindowManager( 1191):   #4: Token{431d10d8 ActivityRecord{431fd1d8 u0 com.sina.weibo/.VisitorMainTabActivity t32}}

V/WindowManager( 1191):   #3: Token{4313d190 ActivityRecord{431f32e0 u0 com.sina.weibo/.MainTabActivity t32}}

V/WindowManager( 1191):   #2: Token{4337dab0 ActivityRecord{42f24ab0 u0 com.mipay.wallet/.ui.MipayEntryActivity t21}}

V/WindowManager( 1191):   #1: Token{437e54f8 ActivityRecord{42f28790 u0 com.android.mms/.ui.MmsTabActivity t22}}

V/WindowManager( 1191):   #0: Token{431f02f8 ActivityRecord{43234800 u0 com.android.contacts/.activities.TwelveKeyDialer t28}}

W/WindowManager( 1191): Final window list:

V/WindowManager( 1191):   #0: Window{436103f8 u0 RecentsPanel}

V/WindowManager( 1191):   #1: Window{43229188 u0 FloatNotificationPanel}

V/WindowManager( 1191):   #2: Window{43297c98 u0 StatusBar}

V/WindowManager( 1191):   #3: Window{43339b78 u0 StatusBarBlur}

V/WindowManager( 1191):   #4: Window{436dd4d8 u0 Keyguard}

V/WindowManager( 1191):   #5: Window{43803bc8 u0 KeyguardScrim}

V/WindowManager( 1191):   #6: Window{43614100 u0 AppNotificationPanel}

V/WindowManager( 1191):   #7: Window{434e5a78 u0 InputMethod}

V/WindowManager( 1191):   #8: Window{42dd44f0 u0 com.android.packageinstaller/com.android.packageinstaller.InstallAppProgress}

V/WindowManager( 1191):   #9: Window{434eba50 u0 com.alipay.test.sdk.alipaysteward/com.alipay.mobile.android.activity.VersionDetailActivity}

V/WindowManager( 1191):   #10: Window{434747c8 u0 com.alipay.test.sdk.alipaysteward/com.alipay.mobile.android.activity.ManageBuildActivity}

V/WindowManager( 1191):   #11: Window{433f9f38 u0 com.alipay.test.sdk.alipaysteward/com.alipay.mobile.android.activity.MainActivity}

V/WindowManager( 1191):   #12: Window{435a1058 u0 com.miui.home/com.miui.home.launcher.Launcher}

V/WindowManager( 1191):   #13: Window{438b3f98 u0 com.android.updater/com.android.updater.MainActivity}

V/WindowManager( 1191):   #14: Window{4346d098 u0 com.sina.weibo/com.sina.weibo.VisitorMainTabActivity}

V/WindowManager( 1191):   #15: Window{433b5200 u0 com.android.mms/com.android.mms.ui.MmsTabActivity}

V/WindowManager( 1191):   #16: Window{43617348 u0 com.android.contacts/com.android.contacts.activities.TwelveKeyDialer}

V/WindowManager( 1191):   #17: Window{435ed238 u0 com.android.systemui.ImageWallpaper}

W/ActivityManager( 1191): No content provider found for permission revoke: file:///storage/emulated/0/steward/Alipay_940112602_RC_debug_201511261902.apk

I/PackageManager( 1191): Copying native libraries to /data/app-lib/vmdl-1611966932

D/EntSec  (  275): [NQS   ] [MAIN       ] "Dealing with fd 14 BEGINS [0xbeee0704]"

D/EntSec  (  275): [NQS   ] [QSB_SOURCE ] "The file descriptor 14 contained in the QsbSource openFds set"

D/EntSec  (  275): [NQS   ] [QSB_SOURCE ] "Sending Log record meesage to tqs ... "

I/EntSec  (  275): [NQS   ] [TQS_FWD    ] "Enable Crypto clocks - completed successfully"

I/EntSec  (  275): [NQS   ] [TQS_FWD    ] "Initialize secured buffer addresses."

D/EntSec  (  275): [NQS   ] [TQS_FWD    ] "Aligned buffers: ionBuffer = 0xB6E96000, sCommand = 0xBEEDF578, sResponse = 0xBEEDF57C"

I/EntSec  (  275): [NQS   ] [TQS_FWD    ] "The message sent to TQS"

D/EntSec  (  275): [NQS   ] [TQS_FWD    ] "TQS real command size: 194, round_up command size:256"

D/EntSec  (  275): [NQS   ] [TQS_FWD    ] "TQS didn't handle this request"

I/EntSec  (  275): [NQS   ] [TQS_FWD    ] "Enable Crypto clocks - completed successfully"

E/EntSec  (  275): [NQS   ] [QSB_SOURCE ] "Failed to send a log record meesage to TQS"

E/EntSec  (  275): [NQS   ] [MAIN       ] "Failed to handle data from QSB source (file descriptor number 14)"

D/EntSec  (  275): [NQS   ] [MAIN       ] "Dealing with fd 14 has Ended [0xbeee0704]"

W/ContextImpl( 6194): Calling a method in the system process without a qualified user: android.app.ContextImpl.sendBroadcast:1165 android.content.ContextWrapper.sendBroadcast:365 com.miui.networkassistant.service.tm.TrafficManageService.broadCastDataUsageUpdated:896 com.miui.networkassistant.service.tm.TrafficManageService$7.onReceive:1104 android.app.LoadedApk$ReceiverDispatcher$Args.run:761 

I/ActivityManager( 1191): Force stopping com.eg.android.AlipayGphoneRC appid=10349 user=-1: update pkg

W/PackageManager( 1191): Unknown permission android.permission.READ_INTERNAL_STORAGE in package com.miui.gallery

W/PackageManager( 1191): Unknown permission android.permission.WRITE_INTERNAL_STORAGE in package com.miui.gallery

W/PackageManager( 1191): Unknown permission miui.permission.SHELL in package com.miui.gallery

W/PackageManager( 1191): Not granting permission android.permission.READ_LOGS to package com.youba.barcode (protectionLevel=50 flags=0x88be44)

W/PackageManager( 1191): Not granting permission android.permission.READ_LOGS to package com.UCMobile (protectionLevel=50 flags=0x883e44)

W/PackageManager( 1191): Unknown permission com.htc.launcher.permission.WRITE_SETTINGS in package com.UCMobile

W/PackageManager( 1191): Unknown permission com.htc.launcher.permission.READ_SETTINGS in package com.UCMobile

W/PackageManager( 1191): Unknown permission com.sec.android.app.twlauncher.WRITE_SETTINGS in package com.UCMobile

W/PackageManager( 1191): Unknown permission com.sec.android.app.twlauncher.READ_SETTINGS in package com.UCMobile

W/PackageManager( 1191): Unknown permission org.adw.launcher.permission.READ_SETTINGS in package com.UCMobile

W/PackageManager( 1191): Unknown permission org.adw.launcher.permission.WRITE_SETTINGS in package com.UCMobile

W/PackageManager( 1191): Unknown permission org.adwfreak.launcher.permission.READ_SETTINGS in package com.UCMobile

W/PackageManager( 1191): Unknown permission org.adwfreak.launcher.permission.WRITE_SETTINGS in package com.UCMobile

W/PackageManager( 1191): Unknown permission com.gau.go.launcherex.permission.READ_SETTINGS in package com.UCMobile

W/PackageManager( 1191): Unknown permission com.gau.go.launcherex.permission.WRITE_SETTINGS in package com.UCMobile

W/PackageManager( 1191): Unknown permission com.fede.launcher.permission.READ_SETTINGS in package com.UCMobile

W/PackageManager( 1191): Unknown permission com.fede.launcher.permission.WRITE_SETTINGS in package com.UCMobile

W/PackageManager( 1191): Unknown permission com.oppo.launcher.permission.READ_SETTINGS in package com.UCMobile

W/PackageManager( 1191): Unknown permission com.oppo.launcher.permission.WRITE_SETTINGS in package com.UCMobile

W/PackageManager( 1191): Unknown permission com.nd.android.launcher.permission.READ_SETTINGS in package com.UCMobile

W/PackageManager( 1191): Unknown permission com.nd.android.launcher.permission.WRITE_SETTINGS in package com.UCMobile

W/PackageManager( 1191): Unknown permission com.android.mylauncher.permission.READ_SETTINGS in package com.UCMobile

W/PackageManager( 1191): Unknown permission com.android.mylauncher.permission.WRITE_SETTINGS in package com.UCMobile

W/PackageManager( 1191): Unknown permission com.huawei.android.launcher.permission.READ_SETTINGS in package com.UCMobile

W/PackageManager( 1191): Unknown permission com.huawei.android.launcher.permission.WRITE_SETTINGS in package com.UCMobile

W/PackageManager( 1191): Unknown permission com.huawei.launcher.permission.READ_SETTINGS in package com.UCMobile

W/PackageManager( 1191): Unknown permission com.huawei.launcher.permission.WRITE_SETTINGS in package com.UCMobile

W/PackageManager( 1191): Unknown permission com.mx.launcher.permission.READ_SETTINGS in package com.UCMobile

W/PackageManager( 1191): Unknown permission com.mx.launcher.permission.WRITE_SETTINGS in package com.UCMobile

W/PackageManager( 1191): Unknown permission com.android.launcher3.permission.READ_SETTINGS in package com.UCMobile

W/PackageManager( 1191): Unknown permission com.android.launcher3.permission.WRITE_SETTINGS in package com.UCMobile

W/PackageManager( 1191): Not granting permission android.permission.BATTERY_STATS to package com.UCMobile (protectionLevel=18 flags=0x883e44)

W/PackageManager( 1191): Unknown permission android.intent.action.USER_PRESENT in package com.UCMobile

W/PackageManager( 1191): Unknown permission com.google.android.googleapps.permission.GOOGLE_AUTH.mail in package com.android.contacts

W/PackageManager( 1191): Unknown permission com.miui.mipub.permission.READ_HMS_COMMON in package com.android.contacts

W/PackageManager( 1191): Unknown permission com.xiaomi.permission.QUERY_MX_STAUTS in package com.android.contacts

W/PackageManager( 1191): Unknown permission com.miui.livetalk.permission.UPLOAD_LIVETALK in package com.android.phone

W/PackageManager( 1191): Unknown permission com.miui.livetalk.permission.READ_NUMBER_POOL in package com.android.phone

W/PackageManager( 1191): Unknown permission android.permission.WRITE_INTERNAL_STORAGE in package com.miui.player

W/PackageManager( 1191): Unknown permission android.permission.SYSTEM_OVERLAY_WINDOW in package com.miui.voip

W/PackageManager( 1191): Unknown permission android.permission.READ_SETTINGS in package com.miui.voip

W/PackageManager( 1191): Unknown permission miui.permission.SHELL in package com.xiaomi.mitunes

W/PackageManager( 1191): Unknown permission adnroid.permission.CHANGE_WIFI_STATE in package com.miui.guardprovider

W/PackageManager( 1191): Unknown permission com.google.android.gallery3d.permission.GALLERY_PROVIDER in package com.android.bluetooth

W/PackageManager( 1191): Unknown permission com.android.gallery3d.permission.GALLERY_PROVIDER in package com.android.bluetooth

W/PackageManager( 1191): Unknown permission android.permission.MMS_SEND_OUTBOX_MSG in package com.android.bluetooth

W/PackageManager( 1191): Unknown permission com.google.android.googleapps.permission.GOOGLE_AUTH in package com.android.providers.calendar

W/PackageManager( 1191): Unknown permission com.google.android.googleapps.permission.GOOGLE_AUTH.cl in package com.android.providers.calendar

W/PackageManager( 1191): Unknown permission android.permission.INSTALL_DRM in package com.miui.mipub

W/PackageManager( 1191): Unknown permission com.xiaomi.permission.QUERY_MX_STAUTS in package com.miui.mipub

W/PackageManager( 1191): Unknown permission miui.permission.SHELL in package com.miui.mipub

W/PackageManager( 1191): Unknown permission com.htc.launcher.permission.READ_SETTINGS in package com.trafficctr.miui

W/PackageManager( 1191): Unknown permission com.htc.launcher.permission.WRITE_SETTINGS in package com.trafficctr.miui

W/PackageManager( 1191): Unknown permission com.huawei.launcher3.permission.READ_SETTINGS in package com.trafficctr.miui

W/PackageManager( 1191): Unknown permission com.huawei.launcher3.permission.WRITE_SETTINGS in package com.trafficctr.miui

W/PackageManager( 1191): Unknown permission com.google.android.googleapps.permission.GOOGLE_AUTH.mail in package com.android.calendar

W/PackageManager( 1191): Unknown permission android.Manifest.permission.RECEIVE_BOOT_COMPLETED in package com.android.browser

W/PackageManager( 1191): Not granting permission com.xiaomi.gallery.permission.CLOUD to package com.milink.service (protectionLevel=18 flags=0x88be45)

W/PackageManager( 1191): Unknown permission miui.permission.SHELL in package com.miui.backup

W/PackageManager( 1191): Unknown permission android.permission.ACCESS_COARSE_UPDATES in package com.miui.cloudservice

W/PackageManager( 1191): Unknown permission miui.permission.SHELL in package com.miui.cloudservice

W/PackageManager( 1191): Unknown permission android.permission.READ_SECURE_SETTINGS in package com.miui.notes

I/PackageManager( 1191): Un-granting permission android.permission.MODIFY_NETWORK_ACCOUNTING from package com.android.providers.downloads.ui (protectionLevel=18 flags=0x88be45)

I/PackageManager( 1191): Un-granting permission android.permission.INSTALL_PACKAGES from package com.android.providers.downloads.ui (protectionLevel=18 flags=0x88be45)

W/PackageManager( 1191): Unknown permission android.permission.INSTALL_DRM in package com.android.mms

W/PackageManager( 1191): Unknown permission com.xiaomi.permission.QUERY_MX_STAUTS in package com.android.mms

W/PackageManager( 1191): Unknown permission miui.permission.SHELL in package com.android.mms

W/PackageManager( 1191): Not granting permission android.permission.READ_LOGS to package com.cleanmaster.sdk (protectionLevel=50 flags=0x88be45)

W/PackageManager( 1191): Unknown permission android.permission.ACCESS_FM_RECEIVER in package com.miui.cit

W/PackageManager( 1191): Unknown permission com.xiaomi.channel.GAME_SERVICE_PERMISSION in package com.android.thememanager

W/PackageManager( 1191): Unknown permission miui.permission.SHELL in package com.miui.compass

W/PackageManager( 1191): Unknown permission com.google.android.gallery3d.permission.PICASA_STORE in package com.android.dreams.phototable

W/PackageManager( 1191): Unknown permission android.permission.WRITE_INTERNAL_STORAGE in package com.android.updater

W/PackageManager( 1191): Unknown permission miui.permission.SHELL in package com.android.updater

W/PackageManager( 1191): Unknown permission android.permission.RECOVERY in package com.android.updater

W/PackageManager( 1191): Unknown permission com.google.android.googleapps.permission.GOOGLE_AUTH in package com.android.settings

W/PackageManager( 1191): Unknown permission com.xiaomi.permission.RECEIVE_BROADCAST_REPORT in package com.android.settings

W/PackageManager( 1191): Unknown permission com.xiaomi.permission.WIFI_SHARE in package com.android.settings

W/PackageManager( 1191): Unknown permission com.android.launcher2.permission.READ_SETTINGS in package com.alibaba.android.security.activity

W/PackageManager( 1191): Unknown permission android.permission.WRITE_SDCARD in package com.alibaba.android.security.activity

W/PackageManager( 1191): Unknown permission com.xiaomi.market.sdk.UPDATE in package com.xiaomi.o2o

