--------- beginning of /dev/log/system

I/ActivityManager( 1191): Delay finish: com.mipay.wallet/com.mipay.push.MipayPushMessageReceiver

I/ActivityManager( 1191): Resuming delayed broadcast

I/ActivityManager( 1191): Killing 22647:com.xiaomi.gamecenter/u0a106 (adj 15): empty #9

D/DisplayPowerState( 1191): Screen ready, Screen On:true, Brightness:174ElectronBeamLevel:1.0

D/DisplayPowerState( 1191): Screen ready, Screen On:true, Brightness:171ElectronBeamLevel:1.0

D/DisplayPowerState( 1191): Screen ready, Screen On:true, Brightness:167ElectronBeamLevel:1.0

D/DisplayPowerState( 1191): Screen ready, Screen On:true, Brightness:164ElectronBeamLevel:1.0

D/DisplayPowerState( 1191): Screen ready, Screen On:true, Brightness:161ElectronBeamLevel:1.0

D/DisplayPowerState( 1191): Screen ready, Screen On:true, Brightness:157ElectronBeamLevel:1.0

D/DisplayPowerState( 1191): Screen ready, Screen On:true, Brightness:154ElectronBeamLevel:1.0

D/DisplayPowerState( 1191): Screen ready, Screen On:true, Brightness:150ElectronBeamLevel:1.0

D/DisplayPowerState( 1191): Screen ready, Screen On:true, Brightness:147ElectronBeamLevel:1.0

D/DisplayPowerState( 1191): Screen ready, Screen On:true, Brightness:144ElectronBeamLevel:1.0

D/DisplayPowerState( 1191): Screen ready, Screen On:true, Brightness:140ElectronBeamLevel:1.0

D/DisplayPowerState( 1191): Screen ready, Screen On:true, Brightness:137ElectronBeamLevel:1.0

D/DisplayPowerState( 1191): Screen ready, Screen On:true, Brightness:134ElectronBeamLevel:1.0

D/DisplayPowerState( 1191): Screen ready, Screen On:true, Brightness:130ElectronBeamLevel:1.0

D/DisplayPowerState( 1191): Screen ready, Screen On:true, Brightness:127ElectronBeamLevel:1.0

D/DisplayPowerState( 1191): Screen ready, Screen On:true, Brightness:124ElectronBeamLevel:1.0

D/DisplayPowerState( 1191): Screen ready, Screen On:true, Brightness:120ElectronBeamLevel:1.0

D/DisplayPowerState( 1191): Screen ready, Screen On:true, Brightness:117ElectronBeamLevel:1.0

D/DisplayPowerState( 1191): Screen ready, Screen On:true, Brightness:113ElectronBeamLevel:1.0

D/DisplayPowerState( 1191): Screen ready, Screen On:true, Brightness:110ElectronBeamLevel:1.0

D/DisplayPowerState( 1191): Screen ready, Screen On:true, Brightness:107ElectronBeamLevel:1.0

D/DisplayPowerState( 1191): Screen ready, Screen On:true, Brightness:103ElectronBeamLevel:1.0

D/DisplayPowerState( 1191): Screen ready, Screen On:true, Brightness:100ElectronBeamLevel:1.0

D/DisplayPowerState( 1191): Screen ready, Screen On:true, Brightness:97ElectronBeamLevel:1.0

D/DisplayPowerState( 1191): Screen ready, Screen On:true, Brightness:93ElectronBeamLevel:1.0

D/DisplayPowerState( 1191): Screen ready, Screen On:true, Brightness:90ElectronBeamLevel:1.0

D/DisplayPowerState( 1191): Screen ready, Screen On:true, Brightness:87ElectronBeamLevel:1.0

D/DisplayPowerState( 1191): Screen ready, Screen On:true, Brightness:83ElectronBeamLevel:1.0

D/DisplayPowerState( 1191): Screen ready, Screen On:true, Brightness:80ElectronBeamLevel:1.0

D/DisplayPowerState( 1191): Screen ready, Screen On:true, Brightness:76ElectronBeamLevel:1.0

D/DisplayPowerState( 1191): Screen ready, Screen On:true, Brightness:73ElectronBeamLevel:1.0

D/DisplayPowerState( 1191): Screen ready, Screen On:true, Brightness:70ElectronBeamLevel:1.0

D/DisplayPowerState( 1191): Screen ready, Screen On:true, Brightness:66ElectronBeamLevel:1.0

D/DisplayPowerState( 1191): Screen ready, Screen On:true, Brightness:63ElectronBeamLevel:1.0

D/DisplayPowerState( 1191): Screen ready, Screen On:true, Brightness:60ElectronBeamLevel:1.0

D/DisplayPowerState( 1191): Screen ready, Screen On:true, Brightness:56ElectronBeamLevel:1.0

D/DisplayPowerState( 1191): Screen ready, Screen On:true, Brightness:53ElectronBeamLevel:1.0

D/DisplayPowerState( 1191): Screen ready, Screen On:true, Brightness:50ElectronBeamLevel:1.0

D/DisplayPowerState( 1191): Screen ready, Screen On:true, Brightness:46ElectronBeamLevel:1.0

D/DisplayPowerState( 1191): Screen ready, Screen On:true, Brightness:43ElectronBeamLevel:1.0

D/DisplayPowerState( 1191): Screen ready, Screen On:true, Brightness:39ElectronBeamLevel:1.0

D/DisplayPowerState( 1191): Screen ready, Screen On:true, Brightness:36ElectronBeamLevel:1.0

D/DisplayPowerState( 1191): Screen ready, Screen On:true, Brightness:33ElectronBeamLevel:1.0

D/DisplayPowerState( 1191): Screen ready, Screen On:true, Brightness:29ElectronBeamLevel:1.0

D/DisplayPowerState( 1191): Screen ready, Screen On:true, Brightness:26ElectronBeamLevel:1.0

D/DisplayPowerState( 1191): Screen ready, Screen On:true, Brightness:23ElectronBeamLevel:1.0

D/DisplayPowerState( 1191): Screen ready, Screen On:true, Brightness:19ElectronBeamLevel:1.0

D/DisplayPowerState( 1191): Screen ready, Screen On:true, Brightness:16ElectronBeamLevel:1.0

D/DisplayPowerState( 1191): Screen ready, Screen On:true, Brightness:13ElectronBeamLevel:1.0

D/DisplayPowerState( 1191): Screen ready, Screen On:true, Brightness:9ElectronBeamLevel:1.0

D/DisplayPowerState( 1191): Screen ready, Screen On:true, Brightness:6ElectronBeamLevel:1.0

D/DisplayPowerState( 1191): Screen ready, Screen On:true, Brightness:2ElectronBeamLevel:1.0

D/WifiService( 1191): uid=10093 wifi scan blocked

D/WifiService( 1191): uid=10093 wifi scan blocked

D/WifiService( 1191): uid=10093 wifi scan blocked

D/DisplayPowerState( 1191): Screen ready, Screen On:true, Brightness:4ElectronBeamLevel:1.0

D/DisplayPowerState( 1191): Screen ready, Screen On:true, Brightness:8ElectronBeamLevel:1.0

D/DisplayPowerState( 1191): Screen ready, Screen On:true, Brightness:11ElectronBeamLevel:1.0

D/DisplayPowerState( 1191): Screen ready, Screen On:true, Brightness:14ElectronBeamLevel:1.0

D/DisplayPowerState( 1191): Screen ready, Screen On:true, Brightness:18ElectronBeamLevel:1.0

D/DisplayPowerState( 1191): Screen ready, Screen On:true, Brightness:21ElectronBeamLevel:1.0

D/DisplayPowerState( 1191): Screen ready, Screen On:true, Brightness:24ElectronBeamLevel:1.0

D/DisplayPowerState( 1191): Screen ready, Screen On:true, Brightness:28ElectronBeamLevel:1.0

D/DisplayPowerState( 1191): Screen ready, Screen On:true, Brightness:31ElectronBeamLevel:1.0

D/DisplayPowerState( 1191): Screen ready, Screen On:true, Brightness:34ElectronBeamLevel:1.0

D/DisplayPowerState( 1191): Screen ready, Screen On:true, Brightness:38ElectronBeamLevel:1.0

D/DisplayPowerState( 1191): Screen ready, Screen On:true, Brightness:41ElectronBeamLevel:1.0

D/DisplayPowerState( 1191): Screen ready, Screen On:true, Brightness:44ElectronBeamLevel:1.0

D/DisplayPowerState( 1191): Screen ready, Screen On:true, Brightness:48ElectronBeamLevel:1.0

D/DisplayPowerState( 1191): Screen ready, Screen On:true, Brightness:51ElectronBeamLevel:1.0

D/DisplayPowerState( 1191): Screen ready, Screen On:true, Brightness:55ElectronBeamLevel:1.0

D/DisplayPowerState( 1191): Screen ready, Screen On:true, Brightness:58ElectronBeamLevel:1.0

D/DisplayPowerState( 1191): Screen ready, Screen On:true, Brightness:61ElectronBeamLevel:1.0

D/DisplayPowerState( 1191): Screen ready, Screen On:true, Brightness:65ElectronBeamLevel:1.0

D/DisplayPowerState( 1191): Screen ready, Screen On:true, Brightness:68ElectronBeamLevel:1.0

D/DisplayPowerState( 1191): Screen ready, Screen On:true, Brightness:71ElectronBeamLevel:1.0

D/DisplayPowerState( 1191): Screen ready, Screen On:true, Brightness:75ElectronBeamLevel:1.0

D/DisplayPowerState( 1191): Screen ready, Screen On:true, Brightness:78ElectronBeamLevel:1.0

D/DisplayPowerState( 1191): Screen ready, Screen On:true, Brightness:81ElectronBeamLevel:1.0

D/DisplayPowerState( 1191): Screen ready, Screen On:true, Brightness:85ElectronBeamLevel:1.0

D/DisplayPowerState( 1191): Screen ready, Screen On:true, Brightness:88ElectronBeamLevel:1.0

D/DisplayPowerState( 1191): Screen ready, Screen On:true, Brightness:91ElectronBeamLevel:1.0

D/DisplayPowerState( 1191): Screen ready, Screen On:true, Brightness:95ElectronBeamLevel:1.0

D/DisplayPowerState( 1191): Screen ready, Screen On:true, Brightness:98ElectronBeamLevel:1.0

D/DisplayPowerState( 1191): Screen ready, Screen On:true, Brightness:102ElectronBeamLevel:1.0

D/DisplayPowerState( 1191): Screen ready, Screen On:true, Brightness:105ElectronBeamLevel:1.0

D/DisplayPowerState( 1191): Screen ready, Screen On:true, Brightness:108ElectronBeamLevel:1.0

D/DisplayPowerState( 1191): Screen ready, Screen On:true, Brightness:112ElectronBeamLevel:1.0

D/DisplayPowerState( 1191): Screen ready, Screen On:true, Brightness:115ElectronBeamLevel:1.0

D/DisplayPowerState( 1191): Screen ready, Screen On:true, Brightness:118ElectronBeamLevel:1.0

D/DisplayPowerState( 1191): Screen ready, Screen On:true, Brightness:122ElectronBeamLevel:1.0

D/DisplayPowerState( 1191): Screen ready, Screen On:true, Brightness:125ElectronBeamLevel:1.0

D/DisplayPowerState( 1191): Screen ready, Screen On:true, Brightness:128ElectronBeamLevel:1.0

D/DisplayPowerState( 1191): Screen ready, Screen On:true, Brightness:132ElectronBeamLevel:1.0

D/DisplayPowerState( 1191): Screen ready, Screen On:true, Brightness:135ElectronBeamLevel:1.0

D/DisplayPowerState( 1191): Screen ready, Screen On:true, Brightness:138ElectronBeamLevel:1.0

D/DisplayPowerState( 1191): Screen ready, Screen On:true, Brightness:142ElectronBeamLevel:1.0

D/DisplayPowerState( 1191): Screen ready, Screen On:true, Brightness:145ElectronBeamLevel:1.0

D/DisplayPowerState( 1191): Screen ready, Screen On:true, Brightness:148ElectronBeamLevel:1.0

D/DisplayPowerState( 1191): Screen ready, Screen On:true, Brightness:152ElectronBeamLevel:1.0

D/DisplayPowerState( 1191): Screen ready, Screen On:true, Brightness:155ElectronBeamLevel:1.0

D/DisplayPowerState( 1191): Screen ready, Screen On:true, Brightness:159ElectronBeamLevel:1.0

D/DisplayPowerState( 1191): Screen ready, Screen On:true, Brightness:162ElectronBeamLevel:1.0

D/DisplayPowerState( 1191): Screen ready, Screen On:true, Brightness:165ElectronBeamLevel:1.0

D/DisplayPowerState( 1191): Screen ready, Screen On:true, Brightness:169ElectronBeamLevel:1.0

D/DisplayPowerState( 1191): Screen ready, Screen On:true, Brightness:172ElectronBeamLevel:1.0

D/DisplayPowerState( 1191): Screen ready, Screen On:true, Brightness:175ElectronBeamLevel:1.0

I/ActivityManager( 1191): START u0 {act=android.intent.action.MAIN cat=[android.intent.category.LAUNCHER] flg=0x10200000 cmp=com.android.updater/.MainActivity bnds=[63,96][255,288]} from pid 1597

I/UsageStats( 1191): No package stats for pkg:com.miui.home

I/ActivityManager( 1191): Start proc com.android.updater for activity com.android.updater/.MainActivity: pid=22876 uid=9802 gids={49802, 3003, 1028, 1015, 2001, 1007}

V/LocationPolicy( 1191): onForegroundActivitiesChanged

V/LocationPolicy( 1191): onForegroundActivitiesChanged

W/ContextImpl( 1265): Calling a method in the system process without a qualified user: android.app.ContextImpl.sendBroadcast:1165 android.content.ContextWrapper.sendBroadcast:365 com.android.systemui.statusbar.phone.PhoneStatusBar.updateAppMessage:1658 com.android.systemui.statusbar.phone.PhoneStatusBar.updateAppMessage:1650 com.android.systemui.statusbar.phone.PhoneStatusBar.removeNotification:2300 

W/ActivityThread(22876): ClassLoader.loadClass: The class loader returned by Thread.getContextClassLoader() may fail for processes that host multiple applications. You should explicitly specify a context class loader. For example: Thread.setContextClassLoader(getClass().getClassLoader());

W/ContextImpl( 1265): Calling a method in the system process without a qualified user: android.app.ContextImpl.sendBroadcast:1165 android.content.ContextWrapper.sendBroadcast:365 com.android.systemui.statusbar.phone.PhoneStatusBar.updateAppMessage:1658 com.android.systemui.statusbar.phone.PhoneStatusBar.updateAppMessage:1650 com.android.systemui.statusbar.phone.PhoneStatusBar.addNotification:1559 

W/ContextImpl( 1265): Calling a method in the system process without a qualified user: android.app.ContextImpl.sendBroadcast:1165 android.content.ContextWrapper.sendBroadcast:365 com.android.systemui.statusbar.phone.PhoneStatusBar.updateAppMessage:1658 com.android.systemui.statusbar.phone.PhoneStatusBar.updateAppMessage:1650 com.android.systemui.statusbar.phone.PhoneStatusBar.removeNotification:2300 

W/ActivityThread(32647): ClassLoader.loadClass: The class loader returned by Thread.getContextClassLoader() may fail for processes that host multiple applications. You should explicitly specify a context class loader. For example: Thread.setContextClassLoader(getClass().getClassLoader());

I/ActivityManager( 1191): Start proc android.process.mediaUI for broadcast com.android.providers.downloads.ui/.notification.NotificationReveiver: pid=22937 uid=10008 gids={50008, 3003, 1028, 1015, 1023, 1024, 2001, 3007}

I/ActivityManager( 1191): Killing 21427:com.xiaomi.market/u0a107 (adj 15): empty #9

W/ContextImpl( 6194): Calling a method in the system process without a qualified user: android.app.ContextImpl.sendBroadcast:1165 android.content.ContextWrapper.sendBroadcast:365 com.miui.networkassistant.service.tm.TrafficManageService.broadCastDataUsageUpdated:896 com.miui.networkassistant.service.tm.TrafficManageService$7.onReceive:1104 android.app.LoadedApk$ReceiverDispatcher$Args.run:761 

W/ContextImpl( 6194): Calling a method in the system process without a qualified user: android.app.ContextImpl.sendBroadcast:1165 android.content.ContextWrapper.sendBroadcast:365 com.miui.networkassistant.service.tm.TrafficManageService.broadCastDataUsageUpdated:896 com.miui.networkassistant.service.tm.TrafficManageService$7.onReceive:1104 android.app.LoadedApk$ReceiverDispatcher$Args.run:761 

D/WifiService( 1191): uid=10093 wifi scan blocked

W/ContextImpl( 6194): Calling a method in the system process without a qualified user: android.app.ContextImpl.sendBroadcast:1165 android.content.ContextWrapper.sendBroadcast:365 com.miui.networkassistant.service.tm.TrafficManageService.broadCastDataUsageUpdated:896 com.miui.networkassistant.service.tm.TrafficManageService$7.onReceive:1104 android.app.LoadedApk$ReceiverDispatcher$Args.run:761 

W/ContextImpl( 6194): Calling a method in the system process without a qualified user: android.app.ContextImpl.sendBroadcast:1165 android.content.ContextWrapper.sendBroadcast:365 com.miui.networkassistant.service.tm.TrafficManageService.broadCastDataUsageUpdated:896 com.miui.networkassistant.service.tm.TrafficManageService$7.onReceive:1104 android.app.LoadedApk$ReceiverDispatcher$Args.run:761 

W/ContextImpl( 6194): Calling a method in the system process without a qualified user: android.app.ContextImpl.sendBroadcast:1165 android.content.ContextWrapper.sendBroadcast:365 com.miui.networkassistant.service.tm.TrafficManageService.broadCastDataUsageUpdated:896 com.miui.networkassistant.service.tm.TrafficManageService$7.onReceive:1104 android.app.LoadedApk$ReceiverDispatcher$Args.run:761 

W/ContextImpl( 6194): Calling a method in the system process without a qualified user: android.app.ContextImpl.sendBroadcast:1165 android.content.ContextWrapper.sendBroadcast:365 com.miui.networkassistant.service.tm.TrafficManageService.broadCastDataUsageUpdated:896 com.miui.networkassistant.service.tm.TrafficManageService$7.onReceive:1104 android.app.LoadedApk$ReceiverDispatcher$Args.run:761 

W/ContextImpl( 6194): Calling a method in the system process without a qualified user: android.app.ContextImpl.sendBroadcast:1165 android.content.ContextWrapper.sendBroadcast:365 com.miui.networkassistant.service.tm.TrafficManageService.broadCastDataUsageUpdated:896 com.miui.networkassistant.service.tm.TrafficManageService$7.onReceive:1104 android.app.LoadedApk$ReceiverDispatcher$Args.run:761 

W/ContextImpl( 1265): Calling a method in the system process without a qualified user: android.app.ContextImpl.sendBroadcast:1165 android.content.ContextWrapper.sendBroadcast:365 com.android.systemui.statusbar.phone.PhoneStatusBar.updateAppMessage:1658 com.android.systemui.statusbar.phone.PhoneStatusBar.updateAppMessage:1650 com.android.systemui.statusbar.phone.PhoneStatusBar.clearAllAppMessage:1663 

W/InputMethodManagerService( 1191): Window already focused, ignoring focus gain of: com.android.internal.view.IInputMethodClient$Stub$Proxy@43685550 attribute=null, token = android.os.BinderProxy@43760c38

W/ContextImpl( 6194): Calling a method in the system process without a qualified user: android.app.ContextImpl.sendBroadcast:1165 android.content.ContextWrapper.sendBroadcast:365 com.miui.networkassistant.service.tm.TrafficManageService.broadCastDataUsageUpdated:896 com.miui.networkassistant.service.tm.TrafficManageService$7.onReceive:1104 android.app.LoadedApk$ReceiverDispatcher$Args.run:761 

W/ContextImpl( 6194): Calling a method in the system process without a qualified user: android.app.ContextImpl.sendBroadcast:1165 android.content.ContextWrapper.sendBroadcast:365 com.miui.networkassistant.service.tm.TrafficManageService.broadCastDataUsageUpdated:896 com.miui.networkassistant.service.tm.TrafficManageService$7.onReceive:1104 android.app.LoadedApk$ReceiverDispatcher$Args.run:761 

W/ContextImpl( 6194): Calling a method in the system process without a qualified user: android.app.ContextImpl.sendBroadcast:1165 android.content.ContextWrapper.sendBroadcast:365 com.miui.networkassistant.service.tm.TrafficManageService.broadCastDataUsageUpdated:896 com.miui.networkassistant.service.tm.TrafficManageService$7.onReceive:1104 android.app.LoadedApk$ReceiverDispatcher$Args.run:761 

W/ContextImpl( 6194): Calling a method in the system process without a qualified user: android.app.ContextImpl.sendBroadcast:1165 android.content.ContextWrapper.sendBroadcast:365 com.miui.networkassistant.service.tm.TrafficManageService.broadCastDataUsageUpdated:896 com.miui.networkassistant.service.tm.TrafficManageService$7.onReceive:1104 android.app.LoadedApk$ReceiverDispatcher$Args.run:761 

W/ContextImpl( 6194): Calling a method in the system process without a qualified user: android.app.ContextImpl.sendBroadcast:1165 android.content.ContextWrapper.sendBroadcast:365 com.miui.networkassistant.service.tm.TrafficManageService.broadCastDataUsageUpdated:896 com.miui.networkassistant.service.tm.TrafficManageService$7.onReceive:1104 android.app.LoadedApk$ReceiverDispatcher$Args.run:761 

W/ContextImpl( 6194): Calling a method in the system process without a qualified user: android.app.ContextImpl.sendBroadcast:1165 android.content.ContextWrapper.sendBroadcast:365 com.miui.networkassistant.service.tm.TrafficManageService.broadCastDataUsageUpdated:896 com.miui.networkassistant.service.tm.TrafficManageService$7.onReceive:1104 android.app.LoadedApk$ReceiverDispatcher$Args.run:761 

W/InputMethodManagerService( 1191): Window already focused, ignoring focus gain of: com.android.internal.view.IInputMethodClient$Stub$Proxy@43195280 attribute=null, token = android.os.BinderProxy@43760c38

I/ActivityManager( 1191): START u0 {act=android.intent.action.MAIN cat=[android.intent.category.HOME] flg=0x10200000 cmp=com.miui.home/.launcher.Launcher} from pid 1191

V/LocationPolicy( 1191): onForegroundActivitiesChanged

V/LocationPolicy( 1191): onForegroundActivitiesChanged

I/ActivityManager( 1191): START u0 {act=android.intent.action.MAIN cat=[android.intent.category.HOME] flg=0x10200000 cmp=com.miui.home/.launcher.Launcher} from pid 1191

W/ContextImpl( 6194): Calling a method in the system process without a qualified user: android.app.ContextImpl.sendBroadcast:1165 android.content.ContextWrapper.sendBroadcast:365 com.miui.networkassistant.service.tm.TrafficManageService.broadCastDataUsageUpdated:896 com.miui.networkassistant.service.tm.TrafficManageService$7.onReceive:1104 android.app.LoadedApk$ReceiverDispatcher$Args.run:761 

W/ContextImpl( 6194): Calling a method in the system process without a qualified user: android.app.ContextImpl.sendBroadcast:1165 android.content.ContextWrapper.sendBroadcast:365 com.miui.networkassistant.service.tm.TrafficManageService.broadCastDataUsageUpdated:896 com.miui.networkassistant.service.tm.TrafficManageService$7.onReceive:1104 android.app.LoadedApk$ReceiverDispatcher$Args.run:761 

D/ConnectivityService( 1191): Sampling interval elapsed, updating statistics ..

D/ConnectivityService( 1191): Done.

D/ConnectivityService( 1191): Setting timer for 720seconds

W/ContextImpl( 6194): Calling a method in the system process without a qualified user: android.app.ContextImpl.sendBroadcast:1165 android.content.ContextWrapper.sendBroadcast:365 com.miui.networkassistant.service.tm.TrafficManageService.broadCastDataUsageUpdated:896 com.miui.networkassistant.service.tm.TrafficManageService$7.onReceive:1104 android.app.LoadedApk$ReceiverDispatcher$Args.run:761 

D/WifiService( 1191): uid=10093 wifi scan blocked

W/ContextImpl( 6194): Calling a method in the system process without a qualified user: android.app.ContextImpl.sendBroadcast:1165 android.content.ContextWrapper.sendBroadcast:365 com.miui.networkassistant.service.tm.TrafficManageService.broadCastDataUsageUpdated:896 com.miui.networkassistant.service.tm.TrafficManageService$7.onReceive:1104 android.app.LoadedApk$ReceiverDispatcher$Args.run:761 

W/ContextImpl( 6194): Calling a method in the system process without a qualified user: android.app.ContextImpl.sendBroadcast:1165 android.content.ContextWrapper.sendBroadcast:365 com.miui.networkassistant.service.tm.TrafficManageService.broadCastDataUsageUpdated:896 com.miui.networkassistant.service.tm.TrafficManageService$7.onReceive:1104 android.app.LoadedApk$ReceiverDispatcher$Args.run:761 

W/ContextImpl( 6194): Calling a method in the system process without a qualified user: android.app.ContextImpl.sendBroadcast:1165 android.content.ContextWrapper.sendBroadcast:365 com.miui.networkassistant.service.tm.TrafficManageService.broadCastDataUsageUpdated:896 com.miui.networkassistant.service.tm.TrafficManageService$7.onReceive:1104 android.app.LoadedApk$ReceiverDispatcher$Args.run:761 

D/DisplayPowerState( 1191): Screen ready, Screen On:true, Brightness:174ElectronBeamLevel:1.0

D/DisplayPowerState( 1191): Screen ready, Screen On:true, Brightness:171ElectronBeamLevel:1.0

D/DisplayPowerState( 1191): Screen ready, Screen On:true, Brightness:167ElectronBeamLevel:1.0

D/DisplayPowerState( 1191): Screen ready, Screen On:true, Brightness:164ElectronBeamLevel:1.0

D/DisplayPowerState( 1191): Screen ready, Screen On:true, Brightness:161ElectronBeamLevel:1.0

D/DisplayPowerState( 1191): Screen ready, Screen On:true, Brightness:157ElectronBeamLevel:1.0

D/DisplayPowerState( 1191): Screen ready, Screen On:true, Brightness:154ElectronBeamLevel:1.0

D/DisplayPowerState( 1191): Screen ready, Screen On:true, Brightness:150ElectronBeamLevel:1.0

D/DisplayPowerState( 1191): Screen ready, Screen On:true, Brightness:147ElectronBeamLevel:1.0

D/DisplayPowerState( 1191): Screen ready, Screen On:true, Brightness:144ElectronBeamLevel:1.0

D/DisplayPowerState( 1191): Screen ready, Screen On:true, Brightness:140ElectronBeamLevel:1.0

D/DisplayPowerState( 1191): Screen ready, Screen On:true, Brightness:137ElectronBeamLevel:1.0

D/DisplayPowerState( 1191): Screen ready, Screen On:true, Brightness:133ElectronBeamLevel:1.0

D/DisplayPowerState( 1191): Screen ready, Screen On:true, Brightness:130ElectronBeamLevel:1.0

D/DisplayPowerState( 1191): Screen ready, Screen On:true, Brightness:127ElectronBeamLevel:1.0

D/DisplayPowerState( 1191): Screen ready, Screen On:true, Brightness:123ElectronBeamLevel:1.0

D/DisplayPowerState( 1191): Screen ready, Screen On:true, Brightness:120ElectronBeamLevel:1.0

D/DisplayPowerState( 1191): Screen ready, Screen On:true, Brightness:117ElectronBeamLevel:1.0

D/DisplayPowerState( 1191): Screen ready, Screen On:true, Brightness:113ElectronBeamLevel:1.0

D/DisplayPowerState( 1191): Screen ready, Screen On:true, Brightness:110ElectronBeamLevel:1.0

D/DisplayPowerState( 1191): Screen ready, Screen On:true, Brightness:107ElectronBeamLevel:1.0

D/DisplayPowerState( 1191): Screen ready, Screen On:true, Brightness:103ElectronBeamLevel:1.0

D/DisplayPowerState( 1191): Screen ready, Screen On:true, Brightness:100ElectronBeamLevel:1.0

D/DisplayPowerState( 1191): Screen ready, Screen On:true, Brightness:96ElectronBeamLevel:1.0

D/DisplayPowerState( 1191): Screen ready, Screen On:true, Brightness:93ElectronBeamLevel:1.0

D/DisplayPowerState( 1191): Screen ready, Screen On:true, Brightness:90ElectronBeamLevel:1.0

D/DisplayPowerState( 1191): Screen ready, Screen On:true, Brightness:86ElectronBeamLevel:1.0

D/DisplayPowerState( 1191): Screen ready, Screen On:true, Brightness:83ElectronBeamLevel:1.0

D/DisplayPowerState( 1191): Screen ready, Screen On:true, Brightness:80ElectronBeamLevel:1.0

D/DisplayPowerState( 1191): Screen ready, Screen On:true, Brightness:76ElectronBeamLevel:1.0

D/DisplayPowerState( 1191): Screen ready, Screen On:true, Brightness:73ElectronBeamLevel:1.0

D/DisplayPowerState( 1191): Screen ready, Screen On:true, Brightness:69ElectronBeamLevel:1.0

D/DisplayPowerState( 1191): Screen ready, Screen On:true, Brightness:66ElectronBeamLevel:1.0

D/DisplayPowerState( 1191): Screen ready, Screen On:true, Brightness:63ElectronBeamLevel:1.0

D/DisplayPowerState( 1191): Screen ready, Screen On:true, Brightness:59ElectronBeamLevel:1.0

D/DisplayPowerState( 1191): Screen ready, Screen On:true, Brightness:56ElectronBeamLevel:1.0

D/DisplayPowerState( 1191): Screen ready, Screen On:true, Brightness:53ElectronBeamLevel:1.0

D/DisplayPowerState( 1191): Screen ready, Screen On:true, Brightness:49ElectronBeamLevel:1.0

D/DisplayPowerState( 1191): Screen ready, Screen On:true, Brightness:46ElectronBeamLevel:1.0

D/DisplayPowerState( 1191): Screen ready, Screen On:true, Brightness:43ElectronBeamLevel:1.0

D/DisplayPowerState( 1191): Screen ready, Screen On:true, Brightness:39ElectronBeamLevel:1.0

D/DisplayPowerState( 1191): Screen ready, Screen On:true, Brightness:36ElectronBeamLevel:1.0

D/DisplayPowerState( 1191): Screen ready, Screen On:true, Brightness:32ElectronBeamLevel:1.0

D/DisplayPowerState( 1191): Screen ready, Screen On:true, Brightness:29ElectronBeamLevel:1.0

D/DisplayPowerState( 1191): Screen ready, Screen On:true, Brightness:26ElectronBeamLevel:1.0

D/DisplayPowerState( 1191): Screen ready, Screen On:true, Brightness:22ElectronBeamLevel:1.0

D/DisplayPowerState( 1191): Screen ready, Screen On:true, Brightness:19ElectronBeamLevel:1.0

D/DisplayPowerState( 1191): Screen ready, Screen On:true, Brightness:16ElectronBeamLevel:1.0

D/DisplayPowerState( 1191): Screen ready, Screen On:true, Brightness:12ElectronBeamLevel:1.0

D/DisplayPowerState( 1191): Screen ready, Screen On:true, Brightness:9ElectronBeamLevel:1.0

D/DisplayPowerState( 1191): Screen ready, Screen On:true, Brightness:5ElectronBeamLevel:1.0

D/DisplayPowerState( 1191): Screen ready, Screen On:true, Brightness:2ElectronBeamLevel:1.0

I/ActivityManager( 1191): Killing 22535:com.xiaomi.account/u0a83 (adj 15): empty for 600s

I/ActivityManager( 1191): Killing 22712:com.miui.mipub/u0a102 (adj 15): empty for 600s

I/ActivityManager( 1191): Killing 22733:com.miui.klo.bugreport/1000 (adj 15): empty for 600s

W/ContextImpl( 6194): Calling a method in the system process without a qualified user: android.app.ContextImpl.sendBroadcast:1165 android.content.ContextWrapper.sendBroadcast:365 com.miui.networkassistant.service.tm.TrafficManageService.broadCastDataUsageUpdated:896 com.miui.networkassistant.service.tm.TrafficManageService$7.onReceive:1104 android.app.LoadedApk$ReceiverDispatcher$Args.run:761 

W/ContextImpl( 6194): Calling a method in the system process without a qualified user: android.app.ContextImpl.sendBroadcast:1165 android.content.ContextWrapper.sendBroadcast:365 com.miui.networkassistant.service.tm.TrafficManageService.broadCastDataUsageUpdated:896 com.miui.networkassistant.service.tm.TrafficManageService$7.onReceive:1104 android.app.LoadedApk$ReceiverDispatcher$Args.run:761 

W/ContextImpl( 6194): Calling a method in the system process without a qualified user: android.app.ContextImpl.sendBroadcast:1165 android.content.ContextWrapper.sendBroadcast:365 com.miui.networkassistant.service.tm.TrafficManageService.broadCastDataUsageUpdated:896 com.miui.networkassistant.service.tm.TrafficManageService$7.onReceive:1104 android.app.LoadedApk$ReceiverDispatcher$Args.run:761 

W/ContextImpl( 6194): Calling a method in the system process without a qualified user: android.app.ContextImpl.sendBroadcast:1165 android.content.ContextWrapper.sendBroadcast:365 com.miui.networkassistant.service.tm.TrafficManageService.broadCastDataUsageUpdated:896 com.miui.networkassistant.service.tm.TrafficManageService$7.onReceive:1104 android.app.LoadedApk$ReceiverDispatcher$Args.run:761 

W/ContextImpl( 6194): Calling a method in the system process without a qualified user: android.app.ContextImpl.sendBroadcast:1165 android.content.ContextWrapper.sendBroadcast:365 com.miui.networkassistant.service.tm.TrafficManageService.broadCastDataUsageUpdated:896 com.miui.networkassistant.service.tm.TrafficManageService$7.onReceive:1104 android.app.LoadedApk$ReceiverDispatcher$Args.run:761 

W/ContextImpl( 6194): Calling a method in the system process without a qualified user: android.app.ContextImpl.sendBroadcast:1165 android.content.ContextWrapper.sendBroadcast:365 com.miui.networkassistant.service.tm.TrafficManageService.broadCastDataUsageUpdated:896 com.miui.networkassistant.service.tm.TrafficManageService$7.onReceive:1104 android.app.LoadedApk$ReceiverDispatcher$Args.run:761 

W/ContextImpl( 6194): Calling a method in the system process without a qualified user: android.app.ContextImpl.sendBroadcast:1165 android.content.ContextWrapper.sendBroadcast:365 com.miui.networkassistant.service.tm.TrafficManageService.broadCastDataUsageUpdated:896 com.miui.networkassistant.service.tm.TrafficManageService$7.onReceive:1104 android.app.LoadedApk$ReceiverDispatcher$Args.run:761 

W/ContextImpl( 6194): Calling a method in the system process without a qualified user: android.app.ContextImpl.sendBroadcast:1165 android.content.ContextWrapper.sendBroadcast:365 com.miui.networkassistant.service.tm.TrafficManageService.broadCastDataUsageUpdated:896 com.miui.networkassistant.service.tm.TrafficManageService$7.onReceive:1104 android.app.LoadedApk$ReceiverDispatcher$Args.run:761 

W/ContextImpl( 6194): Calling a method in the system process without a qualified user: android.app.ContextImpl.sendBroadcast:1165 android.content.ContextWrapper.sendBroadcast:365 com.miui.networkassistant.service.tm.TrafficManageService.broadCastDataUsageUpdated:896 com.miui.networkassistant.service.tm.TrafficManageService$7.onReceive:1104 android.app.LoadedApk$ReceiverDispatcher$Args.run:761 

W/ContextImpl( 6194): Calling a method in the system process without a qualified user: android.app.ContextImpl.sendBroadcast:1165 android.content.ContextWrapper.sendBroadcast:365 com.miui.networkassistant.service.tm.TrafficManageService.broadCastDataUsageUpdated:896 com.miui.networkassistant.service.tm.TrafficManageService$7.onReceive:1104 android.app.LoadedApk$ReceiverDispatcher$Args.run:761 

W/ContextImpl( 6194): Calling a method in the system process without a qualified user: android.app.ContextImpl.sendBroadcast:1165 android.content.ContextWrapper.sendBroadcast:365 com.miui.networkassistant.service.tm.TrafficManageService.broadCastDataUsageUpdated:896 com.miui.networkassistant.service.tm.TrafficManageService$7.onReceive:1104 android.app.LoadedApk$ReceiverDispatcher$Args.run:761 

W/ContextImpl( 6194): Calling a method in the system process without a qualified user: android.app.ContextImpl.sendBroadcast:1165 android.content.ContextWrapper.sendBroadcast:365 com.miui.networkassistant.service.tm.TrafficManageService.broadCastDataUsageUpdated:896 com.miui.networkassistant.service.tm.TrafficManageService$7.onReceive:1104 android.app.LoadedApk$ReceiverDispatcher$Args.run:761 

W/ContextImpl( 6194): Calling a method in the system process without a qualified user: android.app.ContextImpl.sendBroadcast:1165 android.content.ContextWrapper.sendBroadcast:365 com.miui.networkassistant.service.tm.TrafficManageService.broadCastDataUsageUpdated:896 com.miui.networkassistant.service.tm.TrafficManageService$7.onReceive:1104 android.app.LoadedApk$ReceiverDispatcher$Args.run:761 

W/ContextImpl( 6194): Calling a method in the system process without a qualified user: android.app.ContextImpl.sendBroadcast:1165 android.content.ContextWrapper.sendBroadcast:365 com.miui.networkassistant.service.tm.TrafficManageService.broadCastDataUsageUpdated:896 com.miui.networkassistant.service.tm.TrafficManageService$7.onReceive:1104 android.app.LoadedApk$ReceiverDispatcher$Args.run:761 

D/WifiService( 1191): uid=10093 wifi scan blocked

W/ContextImpl( 6194): Calling a method in the system process without a qualified user: android.app.ContextImpl.sendBroadcast:1165 android.content.ContextWrapper.sendBroadcast:365 com.miui.networkassistant.service.tm.TrafficManageService.broadCastDataUsageUpdated:896 com.miui.networkassistant.service.tm.TrafficManageService$7.onReceive:1104 android.app.LoadedApk$ReceiverDispatcher$Args.run:761 

W/ContextImpl( 6194): Calling a method in the system process without a qualified user: android.app.ContextImpl.sendBroadcast:1165 android.content.ContextWrapper.sendBroadcast:365 com.miui.networkassistant.service.tm.TrafficManageService.broadCastDataUsageUpdated:896 com.miui.networkassistant.service.tm.TrafficManageService$7.onReceive:1104 android.app.LoadedApk$ReceiverDispatcher$Args.run:761 

W/ContextImpl( 6194): Calling a method in the system process without a qualified user: android.app.ContextImpl.sendBroadcast:1165 android.content.ContextWrapper.sendBroadcast:365 com.miui.networkassistant.service.tm.TrafficManageService.broadCastDataUsageUpdated:896 com.miui.networkassistant.service.tm.TrafficManageService$7.onReceive:1104 android.app.LoadedApk$ReceiverDispatcher$Args.run:761 

W/ContextImpl( 6194): Calling a method in the system process without a qualified user: android.app.ContextImpl.sendBroadcast:1165 android.content.ContextWrapper.sendBroadcast:365 com.miui.networkassistant.service.tm.TrafficManageService.broadCastDataUsageUpdated:896 com.miui.networkassistant.service.tm.TrafficManageService$7.onReceive:1104 android.app.LoadedApk$ReceiverDispatcher$Args.run:761 

D/DisplayPowerState( 1191): Screen ready, Screen On:true, Brightness:4ElectronBeamLevel:1.0

D/DisplayPowerState( 1191): Screen ready, Screen On:true, Brightness:7ElectronBeamLevel:1.0

D/DisplayPowerState( 1191): Screen ready, Screen On:true, Brightness:11ElectronBeamLevel:1.0

D/DisplayPowerState( 1191): Screen ready, Screen On:true, Brightness:14ElectronBeamLevel:1.0

D/DisplayPowerState( 1191): Screen ready, Screen On:true, Brightness:18ElectronBeamLevel:1.0

I/ActivityManager( 1191): START u0 {act=android.search.action.GLOBAL_SEARCH flg=0x10000000 cmp=com.android.quicksearchbox/.SearchActivity (has extras)} from pid 1597

D/DisplayPowerState( 1191): Screen ready, Screen On:true, Brightness:21ElectronBeamLevel:1.0

D/DisplayPowerState( 1191): Screen ready, Screen On:true, Brightness:24ElectronBeamLevel:1.0

I/ActivityManager( 1191): Start proc com.android.quicksearchbox for activity com.android.quicksearchbox/.SearchActivity: pid=23564 uid=10078 gids={50078, 1028, 3003}

D/DisplayPowerState( 1191): Screen ready, Screen On:true, Brightness:28ElectronBeamLevel:1.0

V/LocationPolicy( 1191): onForegroundActivitiesChanged

D/DisplayPowerState( 1191): Screen ready, Screen On:true, Brightness:31ElectronBeamLevel:1.0

D/DisplayPowerState( 1191): Screen ready, Screen On:true, Brightness:34ElectronBeamLevel:1.0

D/DisplayPowerState( 1191): Screen ready, Screen On:true, Brightness:38ElectronBeamLevel:1.0

D/DisplayPowerState( 1191): Screen ready, Screen On:true, Brightness:41ElectronBeamLevel:1.0

D/DisplayPowerState( 1191): Screen ready, Screen On:true, Brightness:44ElectronBeamLevel:1.0

D/DisplayPowerState( 1191): Screen ready, Screen On:true, Brightness:48ElectronBeamLevel:1.0

D/DisplayPowerState( 1191): Screen ready, Screen On:true, Brightness:51ElectronBeamLevel:1.0

D/DisplayPowerState( 1191): Screen ready, Screen On:true, Brightness:54ElectronBeamLevel:1.0

D/DisplayPowerState( 1191): Screen ready, Screen On:true, Brightness:58ElectronBeamLevel:1.0

D/DisplayPowerState( 1191): Screen ready, Screen On:true, Brightness:61ElectronBeamLevel:1.0

D/DisplayPowerState( 1191): Screen ready, Screen On:true, Brightness:65ElectronBeamLevel:1.0

D/DisplayPowerState( 1191): Screen ready, Screen On:true, Brightness:68ElectronBeamLevel:1.0

D/DisplayPowerState( 1191): Screen ready, Screen On:true, Brightness:71ElectronBeamLevel:1.0

D/DisplayPowerState( 1191): Screen ready, Screen On:true, Brightness:75ElectronBeamLevel:1.0

D/DisplayPowerState( 1191): Screen ready, Screen On:true, Brightness:78ElectronBeamLevel:1.0

D/DisplayPowerState( 1191): Screen ready, Screen On:true, Brightness:81ElectronBeamLevel:1.0

D/DisplayPowerState( 1191): Screen ready, Screen On:true, Brightness:85ElectronBeamLevel:1.0

D/DisplayPowerState( 1191): Screen ready, Screen On:true, Brightness:88ElectronBeamLevel:1.0

D/DisplayPowerState( 1191): Screen ready, Screen On:true, Brightness:91ElectronBeamLevel:1.0

D/DisplayPowerState( 1191): Screen ready, Screen On:true, Brightness:95ElectronBeamLevel:1.0

D/DisplayPowerState( 1191): Screen ready, Screen On:true, Brightness:98ElectronBeamLevel:1.0

D/DisplayPowerState( 1191): Screen ready, Screen On:true, Brightness:101ElectronBeamLevel:1.0

D/DisplayPowerState( 1191): Screen ready, Screen On:true, Brightness:105ElectronBeamLevel:1.0

D/DisplayPowerState( 1191): Screen ready, Screen On:true, Brightness:108ElectronBeamLevel:1.0

D/DisplayPowerState( 1191): Screen ready, Screen On:true, Brightness:112ElectronBeamLevel:1.0

D/DisplayPowerState( 1191): Screen ready, Screen On:true, Brightness:115ElectronBeamLevel:1.0

D/DisplayPowerState( 1191): Screen ready, Screen On:true, Brightness:118ElectronBeamLevel:1.0

D/DisplayPowerState( 1191): Screen ready, Screen On:true, Brightness:122ElectronBeamLevel:1.0

D/DisplayPowerState( 1191): Screen ready, Screen On:true, Brightness:125ElectronBeamLevel:1.0

D/DisplayPowerState( 1191): Screen ready, Screen On:true, Brightness:128ElectronBeamLevel:1.0

D/DisplayPowerState( 1191): Screen ready, Screen On:true, Brightness:132ElectronBeamLevel:1.0

D/DisplayPowerState( 1191): Screen ready, Screen On:true, Brightness:135ElectronBeamLevel:1.0

D/DisplayPowerState( 1191): Screen ready, Screen On:true, Brightness:138ElectronBeamLevel:1.0

D/DisplayPowerState( 1191): Screen ready, Screen On:true, Brightness:142ElectronBeamLevel:1.0

D/DisplayPowerState( 1191): Screen ready, Screen On:true, Brightness:145ElectronBeamLevel:1.0

D/DisplayPowerState( 1191): Screen ready, Screen On:true, Brightness:148ElectronBeamLevel:1.0

D/DisplayPowerState( 1191): Screen ready, Screen On:true, Brightness:152ElectronBeamLevel:1.0

D/DisplayPowerState( 1191): Screen ready, Screen On:true, Brightness:155ElectronBeamLevel:1.0

D/DisplayPowerState( 1191): Screen ready, Screen On:true, Brightness:159ElectronBeamLevel:1.0

D/DisplayPowerState( 1191): Screen ready, Screen On:true, Brightness:162ElectronBeamLevel:1.0

D/DisplayPowerState( 1191): Screen ready, Screen On:true, Brightness:165ElectronBeamLevel:1.0

D/DisplayPowerState( 1191): Screen ready, Screen On:true, Brightness:169ElectronBeamLevel:1.0

D/DisplayPowerState( 1191): Screen ready, Screen On:true, Brightness:172ElectronBeamLevel:1.0

D/DisplayPowerState( 1191): Screen ready, Screen On:true, Brightness:175ElectronBeamLevel:1.0

I/ActivityManager( 1191): Killing 22551:com.miui.virtualsim/1001 (adj 15): empty for 734s

V/LocationPolicy( 1191): onForegroundActivitiesChanged

W/ContextImpl( 6194): Calling a method in the system process without a qualified user: android.app.ContextImpl.sendBroadcast:1165 android.content.ContextWrapper.sendBroadcast:365 com.miui.networkassistant.service.tm.TrafficManageService.broadCastDataUsageUpdated:896 com.miui.networkassistant.service.tm.TrafficManageService$7.onReceive:1104 android.app.LoadedApk$ReceiverDispatcher$Args.run:761 

I/ActivityManager( 1191): START u0 {act=android.intent.action.MAIN cat=[android.intent.category.HOME] flg=0x10200000 cmp=com.miui.home/.launcher.Launcher} from pid 1191

W/ContextImpl( 6194): Calling a method in the system process without a qualified user: android.app.ContextImpl.sendBroadcast:1165 android.content.ContextWrapper.sendBroadcast:365 com.miui.networkassistant.service.tm.TrafficManageService.broadCastDataUsageUpdated:896 com.miui.networkassistant.service.tm.TrafficManageService$7.onReceive:1104 android.app.LoadedApk$ReceiverDispatcher$Args.run:761 

I/ActivityManager( 1191): START u0 {act=android.intent.action.MAIN cat=[android.intent.category.LAUNCHER] flg=0x10200000 cmp=com.eg.android.AlipayGphoneRC/com.eg.android.AlipayGphone.AlipayLogin bnds=[63,684][255,876]} from pid 1597

I/ActivityManager( 1191): Start proc com.eg.android.AlipayGphoneRC for activity com.eg.android.AlipayGphoneRC/com.eg.android.AlipayGphone.AlipayLogin: pid=23655 uid=10348 gids={50348, 3002, 1028, 1015, 3001, 3003}

V/LocationPolicy( 1191): onForegroundActivitiesChanged

V/LocationPolicy( 1191): onForegroundActivitiesChanged

I/ActivityManager( 1191): Start proc com.eg.android.AlipayGphoneRC:push for broadcast com.eg.android.AlipayGphoneRC/com.alipay.mobile.logmonitor.ClientMonitorWakeupReceiver: pid=23688 uid=10348 gids={50348, 3002, 1028, 1015, 3001, 3003}

I/ActivityManager( 1191): Killing 22672:com.mipay.wallet/u0a65 (adj 15): empty for 746s

I/ActivityManager( 1191): Start proc com.alipay.test.sdk.alipaysteward for content provider com.alipay.test.sdk.alipaysteward/com.alipay.android.setting.DataProvider: pid=23755 uid=10101 gids={50101, 1028, 1015, 3003, 3002}

I/ActivityManager( 1191): Killing 22751:com.miui.fmradio/u0a103 (adj 15): empty for 746s

W/BackupManagerService( 1191): dataChanged but no participant pkg='com.android.providers.settings' uid=10348

I/ActivityManager( 1191): START u0 {flg=0x10000000 cmp=com.eg.android.AlipayGphoneRC/com.alipay.mobile.security.login.ui.AlipayUserLoginActivity (has extras)} from pid 23655

E/ActivityThread(23655): Failed to find provider info for com.alipay.android.app.settings.data.ServerProvider

W/BackupManagerService( 1191): dataChanged but no participant pkg='com.android.providers.settings' uid=10348

W/BackupManagerService( 1191): dataChanged but no participant pkg='com.android.providers.settings' uid=10348

E/ActivityThread(23655): Failed to find provider info for com.alipay.android.app.settings.data.ServerProvider

I/ActivityManager( 1191): Start proc com.eg.android.AlipayGphone for service com.eg.android.AlipayGphone/com.taobao.android.sso.internal.PidGetterService: pid=23945 uid=10347 gids={50347, 3002, 1028, 1015, 3001, 3003}

W/BackupManagerService( 1191): dataChanged but no participant pkg='com.android.providers.settings' uid=10348

I/ActivityManager( 1191): Start proc com.eg.android.AlipayGphone:push for service com.eg.android.AlipayGphone/com.alipay.mobile.logmonitor.ClientMonitorService: pid=24046 uid=10347 gids={50347, 3002, 1028, 1015, 3001, 3003}

W/ActivityManager( 1191): Unable to start service Intent { cmp=com.eg.android.AlipayGphoneRC/com.amap.api.location.core.SocketService } U=0: not found

I/ActivityManager( 1191): moveTaskToBack: 41

V/LocationPolicy( 1191): onForegroundActivitiesChanged

I/ActivityManager( 1191): Start proc com.qualcomm.services.location for broadcast com.qualcomm.msapm/.MSAPMReceiver: pid=24147 uid=1000 gids={41000, 3003, 1028, 1015, 3002, 3001, 3005, 1021, 3004, 1000, 3009, 1023, 1010, 1007, 3006, 3007, 2001, 1035}

I/ActivityManager( 1191): Start proc com.miui.virtualsim for broadcast com.miui.virtualsim/.receiver.WifiReceiver: pid=24159 uid=1001 gids={41001, 3004, 3009, 3005, 1006, 3002, 3001, 3003, 1028, 1015, 1007}

V/LocationPolicy( 1191): onForegroundActivitiesChanged

I/ActivityManager( 1191): Killing 22767:com.miui.player/u0a15 (adj 15): empty for 752s

W/ContextImpl( 6194): Calling a method in the system process without a qualified user: android.app.ContextImpl.sendBroadcast:1165 android.content.ContextWrapper.sendBroadcast:365 com.miui.networkassistant.service.tm.TrafficManageService.broadCastDataUsageUpdated:896 com.miui.networkassistant.service.tm.TrafficManageService$7.onReceive:1104 android.app.LoadedApk$ReceiverDispatcher$Args.run:761 

I/ActivityManager( 1191): START u0 {act=android.intent.action.MAIN cat=[android.intent.category.LAUNCHER] flg=0x10200000 cmp=com.alipay.test.sdk.alipaysteward/com.alipay.android.setting.ClientSettingActivity bnds=[571,684][763,876]} from pid 1597

V/LocationPolicy( 1191): onForegroundActivitiesChanged

V/LocationPolicy( 1191): onForegroundActivitiesChanged

W/ContextImpl( 6194): Calling a method in the system process without a qualified user: android.app.ContextImpl.sendBroadcast:1165 android.content.ContextWrapper.sendBroadcast:365 com.miui.networkassistant.service.tm.TrafficManageService.broadCastDataUsageUpdated:896 com.miui.networkassistant.service.tm.TrafficManageService$7.onReceive:1104 android.app.LoadedApk$ReceiverDispatcher$Args.run:761 

W/ActivityManager( 1191): Unable to start service Intent { act=org.agoo.android.intent.action.PING_V4 cat=[taobao] (has extras) } U=0: not found

W/ActivityManager( 1191): Unable to start service Intent { act=org.agoo.android.intent.action.PING_V4 cat=[taobao] } U=0: not found

W/BroadcastQueue( 1191): Unable to launch app com.wandoujia.phoenix2.usbproxy/10286 for broadcast Intent { act=android.intent.action.PACKAGE_CHANGED dat=package:com.eg.android.AlipayGphoneRC flg=0x4000010 (has extras) }: process is not permitted to autostart

W/BroadcastQueue( 1191): Unable to launch app com.wandoujia.phoenix2/10100 for broadcast Intent { act=android.intent.action.PACKAGE_CHANGED dat=package:com.eg.android.AlipayGphoneRC flg=0x4000010 (has extras) }: process is not permitted to autostart

W/BroadcastQueue( 1191): Unable to launch app com.wandoujia.phoenix2/10100 for broadcast Intent { act=android.intent.action.PACKAGE_CHANGED dat=package:com.eg.android.AlipayGphoneRC flg=0x4000010 (has extras) }: process is not permitted to autostart

W/IntentResolver( 1191): resolveIntent: multiple matches, only some with CATEGORY_DEFAULT

I/PackageManager( 1191): Adding preferred activity ComponentInfo{com.android.mms/com.android.mms.ui.ComposeMessageRouterActivity} for user 0 :

W/IntentResolver( 1191): resolveIntent: multiple matches, only some with CATEGORY_DEFAULT

I/PackageManager( 1191): Adding preferred activity ComponentInfo{com.android.mms/com.android.mms.ui.ComposeMessageRouterActivity} for user 0 :

W/IntentResolver( 1191): resolveIntent: multiple matches, only some with CATEGORY_DEFAULT

I/PackageManager( 1191): Adding preferred activity ComponentInfo{com.android.mms/com.android.mms.ui.ComposeMessageRouterActivity} for user 0 :

W/IntentResolver( 1191): resolveIntent: multiple matches, only some with CATEGORY_DEFAULT

I/PackageManager( 1191): Adding preferred activity ComponentInfo{com.android.mms/com.android.mms.ui.ComposeMessageRouterActivity} for user 0 :

W/IntentResolver( 1191): resolveIntent: multiple matches, only some with CATEGORY_DEFAULT

I/PackageManager( 1191): Adding preferred activity ComponentInfo{com.android.mms/com.android.mms.ui.ComposeMessageRouterActivity} for user 0 :

W/IntentResolver( 1191): resolveIntent: multiple matches, only some with CATEGORY_DEFAULT

I/PackageManager( 1191): Adding preferred activity ComponentInfo{com.android.mms/com.android.mms.ui.ComposeMessageRouterActivity} for user 0 :

W/IntentResolver( 1191): resolveIntent: multiple matches, only some with CATEGORY_DEFAULT

I/PackageManager( 1191): Adding preferred activity ComponentInfo{com.android.mms/com.android.mms.ui.ComposeMessageRouterActivity} for user 0 :

W/IntentResolver( 1191): resolveIntent: multiple matches, only some with CATEGORY_DEFAULT

I/PackageManager( 1191): Adding preferred activity ComponentInfo{com.android.mms/com.android.mms.ui.ComposeMessageRouterActivity} for user 0 :

W/InputMethodManagerService( 1191): Window already focused, ignoring focus gain of: com.android.internal.view.IInputMethodClient$Stub$Proxy@43151e18 attribute=null, token = android.os.BinderProxy@435bf790

W/ContextImpl( 6194): Calling a method in the system process without a qualified user: android.app.ContextImpl.sendBroadcast:1165 android.content.ContextWrapper.sendBroadcast:365 com.miui.networkassistant.service.tm.TrafficManageService.broadCastDataUsageUpdated:896 com.miui.networkassistant.service.tm.TrafficManageService$7.onReceive:1104 android.app.LoadedApk$ReceiverDispatcher$Args.run:761 

W/ContextImpl( 6194): Calling a method in the system process without a qualified user: android.app.ContextImpl.sendBroadcast:1165 android.content.ContextWrapper.sendBroadcast:365 com.miui.networkassistant.service.tm.TrafficManageService.broadCastDataUsageUpdated:896 com.miui.networkassistant.service.tm.TrafficManageService$7.onReceive:1104 android.app.LoadedApk$ReceiverDispatcher$Args.run:761 

W/ActivityManager( 1191): Unable to start service Intent { act=com.youku.pushsdk.pushservice.FRIEND cmp=com.youku.phone/com.youku.pushsdk.service.PushService } U=0: not found

W/ActivityManager( 1191): Unable to start service Intent { act=org.agoo.android.intent.action.PING_V4 cmp=com.taobao.taobao/com.taobao.accs.ChannelService (has extras) } U=0: not found

W/InputMethodManagerService( 1191): Window already focused, ignoring focus gain of: com.android.internal.view.IInputMethodClient$Stub$Proxy@42dc5cb8 attribute=null, token = android.os.BinderProxy@435bf790

