W/IntentResolver( 1191): resolveIntent: multiple matches, only some with CATEGORY_DEFAULT

I/PackageManager( 1191): Adding preferred activity ComponentInfo{com.android.mms/com.android.mms.ui.ComposeMessageRouterActivity} for user 0 :

W/ContextImpl( 6194): Calling a method in the system process without a qualified user: android.app.ContextImpl.sendBroadcast:1165 android.content.ContextWrapper.sendBroadcast:365 com.miui.networkassistant.service.tm.TrafficManageService.broadCastDataUsageUpdated:896 com.miui.networkassistant.service.tm.TrafficManageService$7.onReceive:1104 android.app.LoadedApk$ReceiverDispatcher$Args.run:761 

W/ContextImpl( 6194): Calling a method in the system process without a qualified user: android.app.ContextImpl.sendBroadcast:1165 android.content.ContextWrapper.sendBroadcast:365 com.miui.networkassistant.service.tm.TrafficManageService.broadCastDataUsageUpdated:896 com.miui.networkassistant.service.tm.TrafficManageService$7.onReceive:1104 android.app.LoadedApk$ReceiverDispatcher$Args.run:761 

W/ContextImpl( 6194): Calling a method in the system process without a qualified user: android.app.ContextImpl.sendBroadcast:1165 android.content.ContextWrapper.sendBroadcast:365 com.miui.networkassistant.service.tm.TrafficManageService.broadCastDataUsageUpdated:896 com.miui.networkassistant.service.tm.TrafficManageService$7.onReceive:1104 android.app.LoadedApk$ReceiverDispatcher$Args.run:761 

W/BroadcastQueue( 1191): Permission Denial: broadcasting Intent { act=com.android.launcher.action.INSTALL_SHORTCUT flg=0x10 (has extras) } from com.eg.android.AlipayGphoneRC (pid=25907, uid=10349) is not exported from uid 10093 due to receiver com.sina.weibo/.gowidget.GoWidgetProvider

E/ActivityThread(25907): Failed to find provider info for authentication.information

E/ActivityThread(25907): Failed to find provider info for authentication.information

E/ActivityThread(25907): Failed to find provider info for authentication.information

I/ActivityManager( 1191): Killing 25921:com.miui.networkassistant:shandow/1000 (adj 15): kill background

W/ContextImpl( 6194): Calling a method in the system process without a qualified user: android.app.ContextImpl.sendBroadcast:1165 android.content.ContextWrapper.sendBroadcast:365 com.miui.networkassistant.service.tm.TrafficManageService.broadCastDataUsageUpdated:896 com.miui.networkassistant.service.tm.TrafficManageService$7.onReceive:1104 android.app.LoadedApk$ReceiverDispatcher$Args.run:761 

W/InputMethodManagerService( 1191): Starting input on non-focused client com.android.internal.view.IInputMethodClient$Stub$Proxy@43296378 (uid=10349 pid=25907)

W/ContextImpl( 6194): Calling a method in the system process without a qualified user: android.app.ContextImpl.sendBroadcast:1165 android.content.ContextWrapper.sendBroadcast:365 com.miui.networkassistant.service.tm.TrafficManageService.broadCastDataUsageUpdated:896 com.miui.networkassistant.service.tm.TrafficManageService$7.onReceive:1104 android.app.LoadedApk$ReceiverDispatcher$Args.run:761 

--------- beginning of /dev/log/main

D/SizeAdaptiveLayout( 1265): com.android.internal.widget.SizeAdaptiveLayout{4324d350 V.E..... ......ID 0,0-930,189 #7f0800b8 app:id/adaptive}child view android.widget.FrameLayout{4410c458 V.E..... ......ID 0,0-930,188 #10202d6 android:id/status_bar_latest_event_content} measured out of bounds at 188px clamped to 189px

D/dalvikvm(25907): GC_CONCURRENT freed 8196K, 19% free 43504K/53264K, paused 5ms+10ms, total 159ms

D/dalvikvm(25907): WAIT_FOR_CONCURRENT_GC blocked 129ms

D/PBSerializer(25907): [pool-6-thread-4]PB Data size=1089. PB Data=[B@42fa5618.PB Object String = 

D/JsonSerializer(25907): [pool-6-thread-4]sign content: Operation-Type=alipay.mobile.relation.pb.upload&Request-Data=ChhWV2JoOVJGTWJNMERBT0M0RmFnQjY1ckEQABomChRWIOinpuWuneWFjei0ueeUteivnRIMMDc2OTM4OTQzMzY4IAAaJgoUViDop6blrp3lhY3otLnnlLXor50SDDA3NjkzODk0MzM3MCAAGiYKFFYg6Kem5a6d5YWN6LS555S16K+dEgwwNzY5Mzg5NDMzNzEgABomChRWIOinpuWuneWFjei0ueeUteivnRIMMDc2OTM4OTQzMzcyIAAaJgoUViDop6blrp3lhY3otLnnlLXor50SDDA3Njk4OTI0NDYxMCAAGiYKFFYg6Kem5a6d5YWN6LS555S16K+dEgwwNzY5ODkyNDQ2MTIgABomChRWIOinpuWuneWFjei0ueeUteivnRIMMDc2OTg5MjQ0NjE1IAAaJgoUViDop6blrp3lhY3otLnnlLXor50SDDA3Njk4OTI0NDYyOCAAGiQKFFYg6Kem5a6d5YWN6LS555S16K+dEgo0MDAwNjIyMDgxIAAaJAoUViDop6blrp3lhY3otLnnlLXor50SCjQwMDA2MzMwNDEgABokChRWIOinpuWuneWFjei0ueeUteivnRIKNDAwMDYzMzI0MSAAGiQKFFYg6Kem5a6d5YWN6LS555S16K+dEgo0MDAwNjc3MzAxIAAaJAoUViDop6blrp3lhY3otLnnlLXor50SCjQwMDA2NzczNDEgABokChRWIOinpuWuneWFjei0ueeUteivnRIKNDAwMDY3NzM1MSAAGiQKFFYg6Kem5a6d5YWN6LS555S16K+dEgo0MDAwNjc3MzcxIAAaJAoUViDop6blrp3lhY3otLnnlLXor50SCjQwMDA2NzczODEgABokChRWIOinpuWuneWFjei0ueeUteivnRIKNDAwNjA4MDA4MiAAGiQKFFYg6Kem5a6d5YWN6LS555S16K+dEgo0MDA2NTI5MTE4IAAaJAoUViDop6blrp3lhY3otLnnlLXor50SCjQwMDkxODcyODAgABokChRWIOinpuWuneWFjei0ueeUteivnRIKNDAwOTE4NzI4MSAAGiQKFFYg6Kem5a6d5YWN6LS555S16K+dEgo0MDA5MTg3MjgyIAAaJAoUViDop6blrp3lhY3otLnnlLXor50SCjQwMDkxODcyODMgABokChRWIOinpuWuneWFjei0ueeUteivnRIKNDAwOTE4NzI5MiAAGiQKFFYg6Kem5a6d5YWN6LS555S16K+dEgo0MDA5MTg3MjkzIAAaJAoUViDop6blrp3lhY3otLnnlLXor50SCjQwMDkxODcyOTQgABokChRWIOinpuWuneWFjei0ueeUteivnRIKNDAwOTE4NzI5NSAAGiQKFFYg6Kem5a6d5YWN6LS555S16K+dEgo0MDA5MzA0MDYzIAAgASgBOg0xNDQ4NTkxMzMwMDg5&Ts=L56nQ0j

D/RPC_SIGN_UTIL(25907): [pool-6-thread-4]appKey:rpc-sdk-online

D/RPC_SIGN_UTIL(25907): [pool-6-thread-4]Get security signed string: 82ce96889acfcf4633d20aa4ca97c38b

I/HttpCaller(25907): [pool-6-thread-4]threadid = 2474; Request info: Url : https://mobilegw.alipay.com/mgw.htm,HttpHeader: [Version: 2, Did: VWbh9RFMbM0DAOC4FagB65rA, Operation-Type: alipay.mobile.relation.pb.upload, Ts: L56nQ0j, Content-Type: application/protobuf, Sign: 82ce96889acfcf4633d20aa4ca97c38b, AppId: Android-container-RC], Tags: {UUID=VWbh9RFMbM0DAOC4FagB65rAL56nQ0j, id=22, reqDataDigest=veB2pEwfMbti9+TxUqNZ7A==

I/HttpCaller(25907): , operationType=alipay.mobile.relation.pb.upload, allowRetry=false, rpcVersion=2}, Body:

I/HttpCaller(25907): VWbh9RFMbM0DAOC4FagB65rA&

I/HttpCaller(25907): V 076938943368 &

I/HttpCaller(25907): V 076938943370 &

I/HttpCaller(25907): V 076938943371 &

I/HttpCaller(25907): V 076938943372 &

I/HttpCaller(25907): V 076989244610 &

I/HttpCaller(25907): V 076989244612 &

I/HttpCaller(25907): V 076989244615 &

I/HttpCaller(25907): V 076989244628 $

I/HttpCaller(25907): V 

I/HttpCaller(25907): 4000622081 $

I/HttpCaller(25907): V 

I/HttpCaller(25907): 4000633041 $

I/HttpCaller(25907): V 

I/HttpCaller(25907): 4000633241 $

I/HttpCaller(25907): V 

I/HttpCaller(25907): 4000677301 $

I/HttpCaller(25907): V 

I/HttpCaller(25907): 4000677341 $

I/HttpCaller(25907): V 

I/HttpCaller(25907): 4000677351 $

I/HttpCaller(25907): V 

I/HttpCaller(25907): 4000677371 $

I/HttpCaller(25907): V 

I/HttpCaller(25907): 4000677381 $

I/HttpCaller(25907): V 

I/HttpCaller(25907): 4006080082 $

I/HttpCaller(25907): V 

I/HttpCaller(25907): 4006529118 $

I/HttpCaller(25907): V 

I/HttpCaller(25907): 4009187280 $

I/HttpCaller(25907): V 

I/HttpCaller(25907): 4009187281 $

I/HttpCaller(25907): V 

I/HttpCaller(25907): 4009187282 $

I/HttpCaller(25907): V 

I/HttpCaller(25907): 4009187283 $

I/HttpCaller(25907): V 

I/HttpCaller(25907): 4009187292 $

I/HttpCaller(25907): V 

I/HttpCaller(25907): 4009187293 $

I/HttpCaller(25907): V 

I/HttpCaller(25907): 4009187294 $

I/HttpCaller(25907): V 

I/HttpCaller(25907): 4009187295 $

I/HttpCaller(25907): V 

I/HttpCaller(25907): 4009304063  (:
1448591330089

I/HttpManager(25907): [pool-6-thread-4]HttpManager#1124505800: Avarage Speed = 120 KB/S, Connetct Time = 317 ms, All data size = 130653 bytes, All enqueueConnect time = 8252 ms, All socket time = 1057 ms, All request times = 26 times

D/UrgentRPC(25907): [pool-6-thread-4]Request is Urgent RPC: false

I/TaskExecutorManager(25907): [pool-6-thread-4]TaskExecutorManager#1124946816: TaskTypeName = TASK_TYPE_FG_RPC, Active Task = 0, Completed Task = 6, All Task = 6, Queue Size = 0  OperationType: alipay.mobile.relation.pb.upload

D/ActThreadPoolExecutor(25907): [HttpManager.HttpWorker#fg#7]beforeExecute: TASK_TYPE_FG_RPC,alipay.mobile.relation.pb.upload

D/TransportStrategy(25907): [HttpManager.HttpWorker#fg#7]RPC TRANSPORT CONFIG INIT

I/RPC_PERF(25907): [HttpManager.HttpWorker#fg#7]gzip...

I/RPC_PERF(25907): [HttpManager.HttpWorker#fg#7]gzip size:1089->231

D/HttpWorker(25907): [HttpManager.HttpWorker#fg#7]add cookie=ALIPAYJSESSIONID=GZ00f4Y9VEUmjwaQYAbWli5zs1EZWx45mobilegwGZ00RZ15; zone=RZ15A; spanner=HGlwQZfxyVdbhw4QERfPbdfW+lBgvQYU4EJoL7C0n0A=. url=https://mobilegw.alipay.com/mgw.htm

I/LocaleHelper(25907): [HttpManager.HttpWorker#fg#7]getAlipayLocaleFlag: 1

I/HttpWorker(25907): [HttpManager.HttpWorker#fg#7]Added request headers : Version:2, Did:VWbh9RFMbM0DAOC4FagB65rA, Operation-Type:alipay.mobile.relation.pb.upload, Ts:L56nQ0j, Content-Type:application/protobuf, Sign:82ce96889acfcf4633d20aa4ca97c38b, AppId:Android-container-RC, Cookie:ALIPAYJSESSIONID=GZ00f4Y9VEUmjwaQYAbWli5zs1EZWx45mobilegwGZ00RZ15; zone=RZ15A; spanner=HGlwQZfxyVdbhw4QERfPbdfW+lBgvQYU4EJoL7C0n0A=, Accept-Language:zh-Hans, Accept-Encoding:gzip, Connection:Keep-Alive, 

D/HttpWorker(25907): [HttpManager.HttpWorker#fg#7]By spdy to request. operationType=alipay.mobile.relation.pb.upload url=https://mobilegw.alipay.com/mgw.htm

D/MWALLET_SPDY_LOG(25907): [HttpManager.HttpWorker#fg#7]SPDY(ATLS) RPC REQUEST START!alipay.mobile.relation.pb.upload

D/TransportStrategy(25907): [HttpManager.HttpWorker#fg#7]getReadTimeout networkType=3

I/MWALLET_SPDY_LOG(25907): [HttpManager.HttpWorker#fg#7]setStreamReadTimeout(15000)

I/MWALLET_SPDY_LOG(25907): [HttpManager.HttpWorker#fg#7]pool1

D/LL_TRANSPORT(25907): [HttpManager.HttpWorker#fg#7]Temp Log ConnectionPool:mobilegw.alipay.com,443

D/RouteSelector(25907): [HttpManager.HttpWorker#fg#7]{operationType:alipay.mobile.relation.pb.upload,InetAddress: mobilegw.alipay.com/110.75.231.90,}

I/ATLS_TEST_LOG(25907): [HttpManager.HttpWorker#fg#7]GET SpdyConnection.

I/MWALLET_SPDY_LOG(25907): [HttpManager.HttpWorker#fg#7]writeNameValueBlockToBuffer: [version, 2, did, VWbh9RFMbM0DAOC4FagB65rA, operation-type, alipay.mobile.relation.pb.upload, ts, L56nQ0j, sign, 82ce96889acfcf4633d20aa4ca97c38b, appid, Android-container-RC, cookie, ALIPAYJSESSIONID=GZ00f4Y9VEUmjwaQYAbWli5zs1EZWx45mobilegwGZ00RZ15; zone=RZ15A; spanner=HGlwQZfxyVdbhw4QERfPbdfW+lBgvQYU4EJoL7C0n0A=, accept-language, zh-Hans, accept-encoding, gzip, content-type, application/protobuf, content-encoding, gzip, content-length, 231, user-agent, android, :method, POST, :scheme, https, :path, /mgw.htm, :version, HTTP/1.1, :host, mobilegw.alipay.com]

D/MWALLET_SPDY_LOG(25907): [HttpManager.HttpWorker#fg#7]SpdyStream#getResponseHeaders  Wait [15000ms]  

D/MWALLET_SPDY_LOG(25907): [HttpManager.HttpWorker#fg#7]SpdyStream#getResponseHeaders  return responseHeaders

I/MWALLET_SPDY_LOG(25907): [HttpManager.HttpWorker#fg#7]SPDY(ATLS)200

V/HttpWorker(25907): set cookie. cookie=zone=RZ12A; domain=.alipay.com  .url=https://mobilegw.alipay.com/mgw.htm

V/HttpWorker(25907): set cookie. cookie=spanner=HGlwQZfxyVdbhw4QERfPbdfW+lBgvQYU4EJoL7C0n0A=; domain=mobilegw.alipay.com; Secure  .url=https://mobilegw.alipay.com/mgw.htm

D/HttpWorker(25907): [HttpManager.HttpWorker#fg#7]Url: https://mobilegw.alipay.com/mgw.htm resCode:200

V/HttpWorker(25907): handlehandleResponse-1,2563

D/HttpWorker(25907): [HttpManager.HttpWorker#fg#7]200handleResponse-2,threadid = 2563

D/HttpWorker(25907): [HttpManager.HttpWorker#fg#7]operationType=alipay.mobile.relation.pb.upload url=https://mobilegw.alipay.com/mgw.htm Origin data length : 24 , readed data length: 4,  head len : -1

E/MWALLET_SPDY_LOG(25907): [HttpManager.HttpWorker#fg#7]SpdyStream#closeInternal  errorCode=CANCEL

I/ClientMonitor(25907): [HttpManager.HttpWorker#fg#7] noteTraficConsume: https://mobilegw.alipay.com/mgw.htm#alipay.mobile.relation.pb.upload req:231 resp:4

V/HttpWorker(25907): finally,handleResponse

D/RPC_PERF(25907): [HttpManager.HttpWorker#fg#7]true,RPC,1.0,0_0,spdy,BW=10251.0^PROXY=F^ALL_TIME=199ms^UUID=VWbh9RFMbM0DAOC4FagB65rAL56nQ0j^REQ_SIZE=231^TARGET_HOST=110.75.231.90:443^READ_TIME=1ms^STALLED_TIME=41ms^API=alipay.mobile.relation.pb.upload^RESULT=T^RES_SIZE=24^SENT_TIME=3ms^EXT1=F^HRC=200^WAIT_TIME=172ms^

D/TaskExecutorManager(25907): [HttpManager.HttpWorker#fg#7]alipay.mobile.relation.pb.upload DONE

I/HttpCaller(25907): [pool-6-thread-4]threadid = 2474; Response success. mOperationType=[alipay.mobile.relation.pb.upload] . response header=[HttpUrlHeader{headers=server:Tengine/2.1.0,date:Fri, 27 Nov 2015 02:28:55 GMT,content-type:text/html,vary:Accept-Encoding,set-cookie:spanner=HGlwQZfxyVdbhw4QERfPbdfW+lBgvQYU4EJoL7C0n0A=;path=/;secure;,result-status:1000,content-encoding:gzip,OkHttp-Selected-Transport:spdy/3,OkHttp-Sent-Millis:1448591335485,OkHttp-Received-Millis:1448591335665,OkHttp-Response-Source:NETWORK 200,}].  response body = d  

V/RpcInvoker(25907): [pool-6-thread-4] operationType = alipay.mobile.relation.pb.upload

D/RpcInvoker(25907): [pool-6-thread-4]ThreadId=[2474] methodName=[upload] invokeTiming=[279]

V/RpcInvoker(25907): ThreadId=[2474] methodName=[upload] returnObj=[{"resultCode":100,"serializedSize":4,"success":true,"unknownFieldsSerializedSize":0}]

D/SocialSdk_PersonalBase(25907): [pool-6-thread-4]upload_record

D/SocialSdk_Sdk(25907): [pool-6-thread-4]upload_record,

D/SocialSdk_Sdk(25907): [pool-6-thread-4]clearAndSaveUploadedContacts:27

D/sync_SpdyCallBackImpl(25907): [Spdy Reader mobilegw.alipay.com]onRecvData

D/sync_a  (25907): [Spdy Reader mobilegw.alipay.com]getSelectedChannel: spdy  0 1

I/sync_LongSpdyConnection(25907): [Spdy Reader mobilegw.alipay.com]onRecvData[ data.len=322 ]

D/dalvikvm(25907): GC_CONCURRENT freed 8223K, 19% free 43473K/53264K, paused 16ms+7ms, total 134ms

D/dalvikvm(25907): WAIT_FOR_CONCURRENT_GC blocked 107ms

D/SocialSdk_Sdk(25907): [pool-6-thread-4]uploadAllContacts:done 27 27

D/dalvikvm(25907): WAIT_FOR_CONCURRENT_GC blocked 111ms

D/dalvikvm(25907): WAIT_FOR_CONCURRENT_GC blocked 105ms

D/sync_PacketReader(25907): [sync_receive]recvPacket length: 307

D/dalvikvm(25907): WAIT_FOR_CONCURRENT_GC blocked 106ms

D/LL_TRANSPORT(25907): [Spdy Reader mobilegw.alipay.com]onRecvData hasRegister=true

D/sync_f  (25907): [sync_send]ImplLinkSync processPacket

I/LL_TRANSPORT(25907): [Spdy Reader mobilegw.alipay.com]LongLink Receive Tcp Data:322

I/sync_SyncMsgReceier(25907): [sync_send]recvSyncMsg

I/sync_MonitorSyncProto(25907): [sync_send]SYNC_2001,1448591335923,254,151167102855200001

I/sync_SyncMsgReceier(25907): [sync_send]preHandlePacket-ssl:  biz:UCHAT-CONTACT sKey:151167102855200001 pf: childMsg(151167102855200001 ) needDispatch:true

I/sync_RecvMsg(25907): [sync_send]recvMsg[SyncMsgDbModel [userId=2088812469041456, biz=UCHAT-CONTACT, sKey=151167102855200001, pf=, hm=, md=[{"pl":"ChAyMDg4ODEyNDY5MDQxNDU2EhhWV2JoOVJGTWJNMERBT0M0RmFnQjY1ckEgASgCMAE6DTE0NDg1OTEzMzAwODk=","st":"1","mk":151167102855200001,"isB":"1","ext":"{\"type\":\"contactIncr\"}","mct":1448591335843}], sendNum=0, localTime=0, id=0]]

D/sync_SyncTableCrud(25907): [sync_send]insertMsg[dbid=20] [sKey=151167102855200001]

I/sync_RecvMsg(25907): [sync_send]syncPacket.pd:true

I/sync_a  (25907): [sync_send]dispatchBiz:[ biz=UCHAT-CONTACT ]

D/sync_SyncMsgReceier(25907): [sync_send]handlePacketResponse

I/sync_b  (25907): [sync_send]sendSyncReceivedAck

D/sync_b  (25907): [sync_dispatch]DispatchMsgTask: run: [ biz=UCHAT-CONTACT ][151167102855200001 ]

I/sync_MonitorSyncProto(25907): [sync_send]SYNC_2002,1448591335942,76,s

D/sync_LongLinkServiceManager(25907): [sync_send]sendPacketUplinkSync [ data={"sData":[{"sKey":151167102855200001,"biz":"UCHAT-CONTACT"}],"sOpCode":2002} ]

D/sync_ConnManager(25907): [sync_send]isConnected:true

D/sync_ConnManager(25907): [sync_send]isDeviceBinded:true

I/sync_h  (25907): [sync_send]TASK sendSyncPacket

I/sync_e  (25907): [sync_send]sendPacket

I/LL_TRANSPORT(25907): [sync_send]LongLink Send Tcp Data:91

D/LL_TRANSPORT(25907): [sync_send]writeData hasRegister=true

D/sync_SpdyConnectionAdaptor(25907): [sync_send]writeData ret=91

E/QCALOG  (  319): [MessageQ] ProcessNewMessage: [XT-CS] unknown deliver target [OS-Agent]

I/sync_MonitorSyncProto(25907): [sync_dispatch]SYNC_DISPATCH,1448591335960,UCHAT-CONTACT,20#151167102855200001

D/SocialSdk_Sdk(25907): [sync_dispatch]Sync:20,151167102855200001 bizType:UCHAT-CONTACT

D/SocialSdk_Sdk(25907): [sync_dispatch]responseMobileSyncMessage:1448591330089

D/SocialSdk_Sdk(25907): [sync_dispatch]responseMobileSyncMessage:1

D/SocialSdk_Sdk(25907): [sync_dispatch]isMobileListAllLoaded:false

D/SocialSdk_Sdk(25907): [sync_dispatch]responseMobileSyncMessage:11pull1 push0

D/SocialSdk_Sdk(25907): [pool-6-thread-1]isLastDownloadFailed:false

I/sync_LongLinkSyncServiceImpl(25907): [sync_dispatch]reportMsgReceived:  [ userId=2088812469041456 ] [ biz=UCHAT-CONTACT ] [ id=20,151167102855200001 ]

D/SocialSdk_Sdk(25907): [pool-6-thread-1]isMobileListAllLoaded:false

V/SocialSdk_Sdk(25907): [pool-6-thread-1]tryToRefreshData:truefalse

I/sync_MonitorSyncProto(25907): [sync_dispatch]SYNC_CALLBACK,1448591335974,UCHAT-CONTACT,20#151167102855200001

D/SocialSdk_Sdk(25907): [pool-6-thread-1]getSystemContactCount:27

I/DefaultConfig(25907): [pool-6-thread-1]Not exist appkey in metaData.

V/ReadSettingServerUrl(25907): getValue start.

I/sync_a  (25907): [sync_dispatch]dispatchBiz:[ biz=UCHAT-CONTACT ]

W/sync_a  (25907): [sync_dispatch]dispatchBiz: [uid=2088812469041456][biz=UCHAT-CONTACT ], no msg found

D/SocialSdk_Sdk(25907): [sync_dispatch]responseMobileSyncMessage:syncUCHAT-CONTACT20,151167102855200001

V/ReadSettingServerUrl(25907): getValue.  cursor exist.  uri=[content://com.alipay.setting/GWFServerUrl]  ret=[https://mobilegw.alipay.com/mgw.htm]

I/RpcInvoker(25907): [pool-6-thread-1]ThreadId=[2370]  invoke. object=[com.alipay.mobilerelation.rpc.FriendRecommendRpc]  methodName=[getMobileContactList]

I/RpcInvoker(25907): [pool-6-thread-1]recordInvokeStartTime. API=[alipay.mobilerelation.friend.pb.getMobileContact]

V/RpcInvoker(25907): [pool-6-thread-1]operationType=alipay.mobilerelation.friend.pb.getMobileContact.serializerClass=com.alipay.mobile.common.rpc.protocol.protobuf.PBSerializer

D/PBSerializer(25907): [pool-6-thread-1]PB Data size=0. PB Data=[B@4340fc08.PB Object String = 

D/JsonSerializer(25907): [pool-6-thread-1]sign content: Operation-Type=alipay.mobilerelation.friend.pb.getMobileContact&Request-Data=&Ts=L56nQ8/

D/RPC_SIGN_UTIL(25907): [pool-6-thread-1]appKey:rpc-sdk-online

D/RPC_SIGN_UTIL(25907): [pool-6-thread-1]Get security signed string: b9a129b09e97466da0d8ae3fb014844d

I/HttpCaller(25907): [pool-6-thread-1]threadid = 2370; Request info: Url : https://mobilegw.alipay.com/mgw.htm,HttpHeader: [Version: 2, Did: VWbh9RFMbM0DAOC4FagB65rA, Operation-Type: alipay.mobilerelation.friend.pb.getMobileContact, Ts: L56nQ8/, Content-Type: application/protobuf, Sign: b9a129b09e97466da0d8ae3fb014844d, AppId: Android-container-RC], Tags: {UUID=VWbh9RFMbM0DAOC4FagB65rAL56nQ8/, id=23, reqDataDigest=1B2M2Y8AsgTpgAmY7PhCfg==

I/HttpCaller(25907): , operationType=alipay.mobilerelation.friend.pb.getMobileContact, allowRetry=false, rpcVersion=2}, Body:

I/HttpManager(25907): [pool-6-thread-1]HttpManager#1124505800: Avarage Speed = 120 KB/S, Connetct Time = 312 ms, All data size = 130677 bytes, All enqueueConnect time = 8445 ms, All socket time = 1061 ms, All request times = 27 times

D/UrgentRPC(25907): [pool-6-thread-1]Request is Urgent RPC: false

D/BgRpc   (25907): [pool-6-thread-1]Background RPC alipay.mobilerelation.friend.pb.getMobileContact

I/TaskExecutorManager(25907): [pool-6-thread-1]TaskExecutorManager#1124946816: TaskTypeName = TASK_TYPE_BG_RPC, Active Task = 0, Completed Task = 18, All Task = 18, Queue Size = 0  OperationType: alipay.mobilerelation.friend.pb.getMobileContact

D/ActThreadPoolExecutor(25907): [HttpManager.HttpWorker#bg#9]beforeExecute: TASK_TYPE_BG_RPC,alipay.mobilerelation.friend.pb.getMobileContact

D/TransportStrategy(25907): [HttpManager.HttpWorker#bg#9]RPC TRANSPORT CONFIG INIT

I/RPC_PERF(25907): [HttpManager.HttpWorker#bg#9]gzip...

D/HttpWorker(25907): [HttpManager.HttpWorker#bg#9]add cookie=ALIPAYJSESSIONID=GZ00f4Y9VEUmjwaQYAbWli5zs1EZWx45mobilegwGZ00RZ15; zone=RZ12A; spanner=HGlwQZfxyVdbhw4QERfPbdfW+lBgvQYU4EJoL7C0n0A=. url=https://mobilegw.alipay.com/mgw.htm

I/LocaleHelper(25907): [HttpManager.HttpWorker#bg#9]getAlipayLocaleFlag: 1

I/HttpWorker(25907): [HttpManager.HttpWorker#bg#9]Added request headers : Version:2, Did:VWbh9RFMbM0DAOC4FagB65rA, Operation-Type:alipay.mobilerelation.friend.pb.getMobileContact, Ts:L56nQ8/, Content-Type:application/protobuf, Sign:b9a129b09e97466da0d8ae3fb014844d, AppId:Android-container-RC, Cookie:ALIPAYJSESSIONID=GZ00f4Y9VEUmjwaQYAbWli5zs1EZWx45mobilegwGZ00RZ15; zone=RZ12A; spanner=HGlwQZfxyVdbhw4QERfPbdfW+lBgvQYU4EJoL7C0n0A=, Accept-Language:zh-Hans, Accept-Encoding:gzip, Connection:Keep-Alive, 

D/HttpWorker(25907): [HttpManager.HttpWorker#bg#9]By spdy to request. operationType=alipay.mobilerelation.friend.pb.getMobileContact url=https://mobilegw.alipay.com/mgw.htm

D/MWALLET_SPDY_LOG(25907): [HttpManager.HttpWorker#bg#9]SPDY(ATLS) RPC REQUEST START!alipay.mobilerelation.friend.pb.getMobileContact

D/TransportStrategy(25907): [HttpManager.HttpWorker#bg#9]getReadTimeout networkType=3

I/MWALLET_SPDY_LOG(25907): [HttpManager.HttpWorker#bg#9]setStreamReadTimeout(15000)

I/MWALLET_SPDY_LOG(25907): [HttpManager.HttpWorker#bg#9]pool1

D/LL_TRANSPORT(25907): [HttpManager.HttpWorker#bg#9]Temp Log ConnectionPool:mobilegw.alipay.com,443

D/MWALLET_SPDY_LOG(25907): [OkHttp ConnectionPool]===>Warning: Connection [idle (Temporary safety)]. hashcode=1126271328

D/RouteSelector(25907): [HttpManager.HttpWorker#bg#9]{operationType:alipay.mobilerelation.friend.pb.getMobileContact,InetAddress: mobilegw.alipay.com/110.75.231.90,}

I/ATLS_TEST_LOG(25907): [HttpManager.HttpWorker#bg#9]GET SpdyConnection.

I/MWALLET_SPDY_LOG(25907): [HttpManager.HttpWorker#bg#9]writeNameValueBlockToBuffer: [version, 2, did, VWbh9RFMbM0DAOC4FagB65rA, operation-type, alipay.mobilerelation.friend.pb.getMobileContact, ts, L56nQ8/, sign, b9a129b09e97466da0d8ae3fb014844d, appid, Android-container-RC, cookie, ALIPAYJSESSIONID=GZ00f4Y9VEUmjwaQYAbWli5zs1EZWx45mobilegwGZ00RZ15; zone=RZ12A; spanner=HGlwQZfxyVdbhw4QERfPbdfW+lBgvQYU4EJoL7C0n0A=, accept-language, zh-Hans, accept-encoding, gzip, content-type, application/protobuf, content-length, 0, user-agent, android, :method, POST, :scheme, https, :path, /mgw.htm, :version, HTTP/1.1, :host, mobilegw.alipay.com]

D/MWALLET_SPDY_LOG(25907): [HttpManager.HttpWorker#bg#9]SpdyStream#getResponseHeaders  Wait [15000ms]  

V/DragReorderGridView(25907): mCurrentFirstVisibleItem 20, visibleHeaderGridNum 0,localView com.alipay.android.phone.home.manager.AppItemView{4317acd8 V.E..... ........ 0,-173-270,97}

D/TrackIntegrator(25907): [main]:com.alipay.android.phone.home.widget.HomeWidgetGroup|20000081(), appid=20000002

I/AudioFlinger(  249): setAppName(), name=[system_server], active=[1]

D/HomeAppsOnItemClickListener(25907): [main]onItemClick, index:37

I/MicroAppContextImpl(25907): moveExtras(mExtras == null)

W/MicroAppContextImpl(25907): [main]com.alipay.mobile.framework.exception.StartActivityRecord: startActivity(app=20000001, className=com.alipay.android.phone.home.ui.AppsCenterActivity) (take easy, this is just record the activity's caller stack, will not cause crash)

W/MicroAppContextImpl(25907): 	at com.alipay.mobile.core.impl.MicroApplicationContextImpl.startActivity(MicroApplicationContextImpl.java:247)

W/MicroAppContextImpl(25907): 	at com.alipay.android.phone.home.app.HomeMoreApp.authAndLaunch(HomeMoreApp.java:63)

W/MicroAppContextImpl(25907): 	at com.alipay.android.phone.home.manager.HomeAppsOnItemClickListener.onItemClick(HomeAppsOnItemClickListener.java:86)

W/MicroAppContextImpl(25907): 	at com.alipay.android.phone.home.ui.ar.onItemClick(HomeFrameLayout.java:368)

W/MicroAppContextImpl(25907): 	at com.alipay.mobile.commonui.widget.draggridview.DragGridView$2.onItemClick(Unknown Source)

W/MicroAppContextImpl(25907): 	at com.alipay.mobile.monitor.track.TrackTouchDelegate$TrackClickListener.onItemClick(TrackTouchDelegate.java:172)

W/MicroAppContextImpl(25907): 	at android.widget.AdapterView.performItemClick(AdapterView.java:299)

W/MicroAppContextImpl(25907): 	at android.widget.AbsListView.performItemClick(AbsListView.java:1115)

W/MicroAppContextImpl(25907): 	at com.alipay.mobile.commonui.widget.draggridview.GridViewWithHeaderAndFooter.performItemClick(Unknown Source)

W/MicroAppContextImpl(25907): 	at android.widget.AbsListView$PerformClick.run(AbsListView.java:2913)

W/MicroAppContextImpl(25907): 	at android.widget.AbsListView$3.run(AbsListView.java:3680)

W/MicroAppContextImpl(25907): 	at android.os.Handler.handleCallback(Handler.java:733)

W/MicroAppContextImpl(25907): 	at android.os.Handler.dispatchMessage(Handler.java:95)

W/MicroAppContextImpl(25907): 	at android.os.Looper.loop(Looper.java:136)

W/MicroAppContextImpl(25907): 	at android.app.ActivityThread.main(ActivityThread.java:5049)

W/MicroAppContextImpl(25907): 	at java.lang.reflect.Method.invokeNative(Native Method)

W/MicroAppContextImpl(25907): 	at java.lang.reflect.Method.invoke(Method.java:515)

W/MicroAppContextImpl(25907): 	at com.android.internal.os.ZygoteInit$MethodAndArgsCaller.run(ZygoteInit.java:793)

W/MicroAppContextImpl(25907): 	at com.android.internal.os.ZygoteInit.main(ZygoteInit.java:609)

W/MicroAppContextImpl(25907): 	at dalvik.system.NativeStart.main(Native Method)

I/Timeline(25907): Timeline: Activity_launch_request time:84422453

D/MWALLET_SPDY_LOG(25907): [HttpManager.HttpWorker#bg#9]SpdyStream#getResponseHeaders  return responseHeaders

I/MWALLET_SPDY_LOG(25907): [HttpManager.HttpWorker#bg#9]SPDY(ATLS)200

V/HttpWorker(25907): set cookie. cookie=zone=RZ12A; domain=.alipay.com  .url=https://mobilegw.alipay.com/mgw.htm

V/HttpWorker(25907): set cookie. cookie=spanner=HGlwQZfxyVdbhw4QERfPbdfW+lBgvQYU4EJoL7C0n0A=; domain=mobilegw.alipay.com; Secure  .url=https://mobilegw.alipay.com/mgw.htm

D/HttpWorker(25907): [HttpManager.HttpWorker#bg#9]Url: https://mobilegw.alipay.com/mgw.htm resCode:200

V/HttpWorker(25907): handlehandleResponse-1,2509

D/HttpWorker(25907): [HttpManager.HttpWorker#bg#9]200handleResponse-2,threadid = 2509

D/HttpWorker(25907): [HttpManager.HttpWorker#bg#9]operationType=alipay.mobilerelation.friend.pb.getMobileContact url=https://mobilegw.alipay.com/mgw.htm Origin data length : 183 , readed data length: 992,  head len : -1

E/MWALLET_SPDY_LOG(25907): [HttpManager.HttpWorker#bg#9]SpdyStream#closeInternal  errorCode=CANCEL

I/ClientMonitor(25907): [HttpManager.HttpWorker#bg#9] noteTraficConsume: https://mobilegw.alipay.com/mgw.htm#alipay.mobilerelation.friend.pb.getMobileContact req:0 resp:992

V/HttpWorker(25907): finally,handleResponse

D/RPC_PERF(25907): [HttpManager.HttpWorker#bg#9]true,RPC,1.0,0_0,spdy,BW=9266.0^PROXY=F^ALL_TIME=158ms^UUID=VWbh9RFMbM0DAOC4FagB65rAL56nQ8/^REQ_SIZE=0^TARGET_HOST=110.75.231.90:443^READ_TIME=1ms^STALLED_TIME=18ms^API=alipay.mobilerelation.friend.pb.getMobileContact^RESULT=T^RES_SIZE=183^SENT_TIME=4ms^EXT1=F^HRC=200^WAIT_TIME=138ms^

D/TaskExecutorManager(25907): [HttpManager.HttpWorker#bg#9]alipay.mobilerelation.friend.pb.getMobileContact DONE

I/HttpCaller(25907): [pool-6-thread-1]threadid = 2370; Response success. mOperationType=[alipay.mobilerelation.friend.pb.getMobileContact] . response header=[HttpUrlHeader{headers=server:Tengine/2.1.0,date:Fri, 27 Nov 2015 02:28:56 GMT,content-type:text/html,vary:Accept-Encoding,set-cookie:spanner=HGlwQZfxyVdbhw4QERfPbdfW+lBgvQYU4EJoL7C0n0A=;path=/;secure;,result-status:1000,content-encoding:gzip,OkHttp-Selected-Transport:spdy/3,OkHttp-Sent-Millis:1448591336021,OkHttp-Received-Millis:1448591336165,OkHttp-Response-Source:NETWORK 200,}].  response body = d"$

I/HttpCaller(25907): V 076938943368"$

I/HttpCaller(25907): V 076938943370"$

I/HttpCaller(25907): V 076938943371"$

I/HttpCaller(25907): V 076938943372"$

I/HttpCaller(25907): V 076989244610"$

I/HttpCaller(25907): V 076989244612"$

I/HttpCaller(25907): V 076989244615"$

I/HttpCaller(25907): V 076989244628""

I/HttpCaller(25907): V 

I/HttpCaller(25907): 4000622081""

I/HttpCaller(25907): V 

I/HttpCaller(25907): 4000633041""

I/HttpCaller(25907): V 

I/HttpCaller(25907): 4000633241""

I/HttpCaller(25907): V 

I/HttpCaller(25907): 4000677301""

I/HttpCaller(25907): V 

I/HttpCaller(25907): 4000677341""

I/HttpCaller(25907): V 

I/HttpCaller(25907): 4000677351""

I/HttpCaller(25907): V 

I/HttpCaller(25907): 4000677371""

I/HttpCaller(25907): V 

I/HttpCaller(25907): 4000677381""

I/HttpCaller(25907): V 

I/HttpCaller(25907): 4006080082""

I/HttpCaller(25907): V 

I/HttpCaller(25907): 4006529118""

I/HttpCaller(25907): V 

I/HttpCaller(25907): 4009187280""

I/HttpCaller(25907): V 

I/HttpCaller(25907): 4009187281""

I/HttpCaller(25907): V 

I/HttpCaller(25907): 4009187282""

I/HttpCaller(25907): V 

I/HttpCaller(25907): 4009187283""

I/HttpCaller(25907): V 

I/HttpCaller(25907): 4009187292""

I/HttpCaller(25907): V 

I/HttpCaller(25907): 4009187293""

I/HttpCaller(25907): V 

I/HttpCaller(25907): 4009187294""

I/HttpCaller(25907): V 

I/HttpCaller(25907): 4009187295""

I/HttpCaller(25907): V 

I/HttpCaller(25907): 4009304063  

V/RpcInvoker(25907): [pool-6-thread-1] operationType = alipay.mobilerelation.friend.pb.getMobileContact

D/RpcInvoker(25907): [pool-6-thread-1]ThreadId=[2370] methodName=[getMobileContactList] invokeTiming=[196]

V/RpcInvoker(25907): ThreadId=[2370] methodName=[getMobileContactList] returnObj=[{"resultCode":100,"resultList":[{"mobile":"076938943368","name":"V ","serializedSize":36,"unknownFieldsSerializedSize":0},{"mobile":"076938943370","name":"V ","serializedSize":36,"unknownFieldsSerializedSize":0},{"mobile":"076938943371","name":"V ","serializedSize":36,"unknownFieldsSerializedSize":0},{"mobile":"076938943372","name":"V ","serializedSize":36,"unknownFieldsSerializedSize":0},{"mobile":"076989244610","name":"V ","serializedSize":36,"unknownFieldsSerializedSize":0},{"mobile":"076989244612","name":"V ","serializedSize":36,"unknownFieldsSerializedSize":0},{"mobile":"076989244615","name":"V ","serializedSize":36,"unknownFieldsSerializedSize":0},{"mobile":"076989244628","name":"V ","serializedSize":36,"unknownFieldsSerializedSize":0},{"mobile":"4000622081","name":"V ","serializedSize":34,"unknownFieldsSerializedSize":0},{"mobile":"4000633041","name":"V ","serializedSize":34,"unknownFieldsSerializedSize":0},{"mobile":"4000633241","name":"V ","serializedSize":34,"unknownFieldsSerializedSize":0},{"mobile":"4000677301","name":"V ","serializedSize":34,"unknownFieldsSerializedSize":0},{"mobile":"4000677341","name":"V ","serializedSize":34,"unknownFieldsSerializedSize":0},{"mobile":"4000677351","name":"V ","serializedSize":34,"unknownFieldsSerializedSize":0},{"mobile":"4000677371","name":"V ","serializedSize":34,"unknownFieldsSerializedSize":0},{"mobile":"4000677381","name":"V ","serializedSize":34,"unknownFieldsSerializedSize":0},{"mobile":"4006080082","name":"V ","serializedSize":34,"unknownFieldsSerializedSize":0},{"mobile":"4006529118","name":"V ","serializedSize":34,"unknownFieldsSerializedSize":0},{"mobile":"4009187280","name":"V ","serializedSize":34,"unknownFieldsSerializedSize":0},{"mobile":"4009187281","name":"V ","serializedSize":34,"unknownFieldsSerializedSize":0},{"mobile":"4009187282","name":"V ","serializedSize":34,"unknownFieldsSerializedSize":0},{"mobile":"4009187283","name":"V ","serializedSize":34,"unknownFieldsSerializedSize":0},{"mobile":"4009187292","name":"V ","serializedSize":34,"unknownFieldsSerializedSize":0},{"mobile":"4009187293","name":"V ","serializedSize":34,"unknownFieldsSerializedSize":0},{"mobile":"4009187294","name":"V ","serializedSize":34,"unknownFieldsSerializedSize":0},{"mobile":"4009187295","name":"V ","serializedSize":34,"unknownFieldsSerializedSize":0},{"mobile":"4009304063","name":"V ","serializedSize":34,"unknownFieldsSerializedSize":0}],"serializedSize":992,"success":true,"unknownFieldsSerializedSize":0}]

D/SystemAdController( 1558): Activity:ActivityInfo{42f11410 com.alipay.android.phone.home.ui.AppsCenterActivity}is not the default one

D/SystemAdController( 1558): Package:com.eg.android.AlipayGphoneRC is not in the list

D/SystemAdController( 1558): requestSplashScreen duration:1

I/ActivityManager( 1191): START u0 {flg=0x40000 cmp=com.eg.android.AlipayGphoneRC/com.alipay.android.phone.home.ui.AppsCenterActivity (has extras)} from pid 25907

D/SocialSdk_Sdk(25907): [pool-6-thread-1]tryToRefreshData:27

I/ChoreographerProcessor(25907): frameGap:200 lowWeight:1360.0

E/QCALOG  (  319): [MessageQ] ProcessNewMessage: [XTWiFi-PE] unknown deliver target [OS-Agent]

I/AudioFlinger(  249): setAppName(), name=[system_server], active=[0]

D/dalvikvm(25907): GC_CONCURRENT freed 7898K, 18% free 43767K/53264K, paused 5ms+5ms, total 83ms

D/dalvikvm(25907): WAIT_FOR_CONCURRENT_GC blocked 71ms

D/dalvikvm(25907): WAIT_FOR_CONCURRENT_GC blocked 67ms

I/LBSLocationManagerProxy(25907): [main]checkLocationTimeOut Start

D/dalvikvm(25907): WAIT_FOR_CONCURRENT_GC blocked 72ms

I/ThermalEngine(  372): Sensor:batt_temp:322 mC

V/ShortcutBadgeManager(25907): [main]setupBadge, badgeCount=0

W/ShortcutBadgeManager(25907): [main]ShortcutBadger is currently not support the home launcher package com.miui.home

D/LauncherActivityAgent(25907): [main]LauncherActivityAgent.onPause()

D/PowerKeeperEventLogManager( 1763): notifyForegroundCompomentChanged ComponentInfo{com.eg.android.AlipayGphoneRC/com.alipay.android.phone.home.ui.AppsCenterActivity}

I/Timeline( 1191): Timeline: App_transition_ready time:84422736

D/WealthHome(25907): [main]closeShowWapAfter20s(),showWap=true,action=com.alipay.mobile.LAUNCHER_STATUS_CHANGED

I/Monitor (25907): [main]onReceive:com.alipay.android.widgets.asset.WealthHomeBroadcastReceiver,com.alipay.mobile.LAUNCHER_STATUS_CHANGED

I/Monitor (25907): [main]onReceive:com.alipay.mobile.about.service.UpdateBroadcastReceiver,com.alipay.mobile.LAUNCHER_STATUS_CHANGED

D/TabLauncherMsgReceiver(25907): [main]action: com.alipay.mobile.LAUNCHER_STATUS_CHANGED

I/Monitor (25907): [main]onReceive:com.alipay.mobile.security.gesture.msg.TabLauncherMsgReceiver,com.alipay.mobile.LAUNCHER_STATUS_CHANGED

V/AsyncTaskExecutor(25907): [AsyncTaskExecutor_thread_1_UpdateBroadcastReceiver]start at 1448591336425

I/Monitor (25907): [main]onReceive at: com.alipay.android.phone.businesscommon.advertisement.impl.t, Intent: Intent { act=com.alipay.mobile.LAUNCHER_STATUS_CHANGED (has extras) }, cost:0 ms.

V/AsyncTaskExecutor(25907): [AsyncTaskExecutor_thread_2_KcartMsgReceiver]start at 1448591336426

I/Monitor (25907): [main]onReceive at: com.alipay.android.phone.businesscommon.advertisement.impl.t, Intent: Intent { act=com.alipay.mobile.LAUNCHER_STATUS_CHANGED (has extras) }, cost:0 ms.

D/HOOK    (25907): AssetManager isUpToDate:true

D/KcartEngine(25907): [AsyncTaskExecutor_thread_2_KcartMsgReceiver][exit] MODULE_HOME

D/HOOK    (25907): AssetManager isUpToDate:true

W/QuinoxFragmentActivity(25907): [main]AppsCenterActivity replaceResources().

I/AsyncTaskExecutor(25907): [AsyncTaskExecutor_thread_1_UpdateBroadcastReceiver]cost 3 ms

E/BundleResources(25907): [main]new BundleResources() [android-phone-wallet-openplatformhome@1.3.3.151104211828] packageId=51, depends:[28,29,30,32,34,36,37,38,39,43,45,50,51,52,53,55,61,66,68,75,76,82,100,115,121]

I/ActivityPerformance(25907): ActivityPerformanceAdvice.onExecutionBefore(pointCut=void com.alipay.mobile.framework.app.ui.BaseFragmentActivity.onCreate(Bundle), className=com.alipay.android.phone.home.ui.AppsCenterActivity)

I/TitleBarAdvice(25907): onExecutionBefore: init mOldTitle; thisPoint=com.alipay.android.phone.home.ui.AppsCenterActivity

I/TitleBarAdvice(25907): title activity: com.eg.android.AlipayGphone.AlipayLogin@42e3d748

I/ActivityPerformance(25907): ActivityPerformanceAdvice.onExecutionAround(pointCut=void com.alipay.mobile.framework.app.ui.BaseFragmentActivity.onCreate(Bundle), className=com.alipay.android.phone.home.ui.AppsCenterActivity)

W/LifecycleCallback(25907): [main]onActivityCreated: com.alipay.android.phone.home.ui.AppsCenterActivity

I/LauncherApplication(25907): [main]com.alipay.android.phone.home.ui.AppsCenterActivity@42e6c990/com.alipay.mobile.quinox.LauncherApplication@42d4f6e8/dalvik.system.PathClassLoader[DexPathList[[zip file "/data/app/com.eg.android.AlipayGphoneRC-1.apk", zip file "/data/data/com.eg.android.AlipayGphoneRC/code_cache/secondary-dexes/com.eg.android.AlipayGphoneRC-1.apk.classes2.zip"],nativeLibraryDirectories=[/data/app-lib/com.eg.android.AlipayGphoneRC-1, /vendor/lib, /system/lib]]]/com.alipay.mobile.quinox.classloader.HostClassLoader[DexPathList[[zip file "/data/app/com.eg.android.AlipayGphoneRC-1.apk"],nativeLibraryDirectories=[/data/data/com.eg.android.AlipayGphoneRC/app_plugins_lib, /data/data/com.eg.android.AlipayGphoneRC/lib, /vendor/lib, /system/lib]]]

V/ActivityCollections(25907): [main]recordActivity(key=com.alipay.android.phone.home.ui.AppsCenterActivity@42e6c990)

V/ActivityCollections(25907): [main]size=2{com.alipay.android.phone.home.ui.AppsCenterActivity@42e6c990=com.alipay.android.phone.home.ui.AppsCenterActivity@42e6c990, com.eg.android.AlipayGphone.AlipayLogin@42e3d748=com.eg.android.AlipayGphone.AlipayLogin@42e3d748}

V/ActivityHelper(25907): [main]ActivityHelper() appId: 20000001

V/ActivityApplication(25907): [main]pushActivity(): com.alipay.android.phone.home.ui.AppsCenterActivity

I/ActivityPerformance(25907): ActivityPerformanceAdvice.onExecutionAfter(pointCut=void com.alipay.mobile.framework.app.ui.BaseFragmentActivity.onCreate(Bundle), className=com.alipay.android.phone.home.ui.AppsCenterActivity)

I/UploadLocationAdvice(25907): [main]lastuplocationtime0

I/UploadLocationAdvice(25907): [main]timespan1448591336446

I/UploadLocationAdvice(25907): [main]uploaction onExecutionAfter

I/UploadLocationAdvice(25907): [main]switchValue=com.alipay.mobile.security.aliuser.AlipayUserLoginActivity|com.ali.user.mobile.register.ui.AliUserRegisterAvatarActivity_|com.alipay.mobile.withdraw.ui.WithdrawActivity_|com.alipay.android.phone.wealth.bankcardmanager.ui.AddBankCardStepOneActivity_|com.alipay.mobile.fund.ui.FundTransferOutActivity_|com.alipay.mobile.onsitepay9.payer.OspTabHostActivity|com.alipay.mobile.scan.as.main.MainCaptureActivity_

I/UploadLocationAdvice(25907): [main]Click Activity:; thisPoint=com.alipay.android.phone.home.ui.AppsCenterActivity

I/UploadLocationAdvice(25907): [main] This Activity not need upload Location 

D/bc      (22876): onChange id 121

I/AsyncTaskExecutor(25907): [AsyncTaskExecutor_thread_2_KcartMsgReceiver]cost 31 ms

E/LocSvc_libulp( 1191): D/void* ulp_zpp_thread_proc(void*),ulp_zpp_thread_proc-Thread waking up. Ret Val 110

E/LocSvc_utils_q( 1191): D/msg_q_snd: Sending message with handle = 0x7652AD88

E/LocSvc_utils_ll( 1191): D/linked_list_add: Adding to list data_obj = 0x7652AD88

E/LocSvc_utils_q( 1191): D/msg_q_snd: Finished Sending message with handle = 0x7652AD88

E/LocSvc_libulp( 1191): D/void* ulp_zpp_thread_proc(void*),ulp_zpp_thread_proc-Present time 1448591336, Time out set for abs time 1448591346 with delay 10000 msec

E/LocSvc_utils_ll( 1191): D/linked_list_remove: Removing from list

E/LocSvc_utils_q( 1191): D/msg_q_rcv: Received message 0x7652AD88 rv = 0

E/LocSvc_libulp( 1191): D/void ulp_msg_main(void*) received msg of type: 0x60e

E/LocSvc_libulp( 1191): I/===> int ulp_msg_process_system_update(UlpSystemEvent) line 1429 

E/LocSvc_libulp( 1191): I/int ulp_msg_process_system_update(UlpSystemEvent): systemEvent:5 

E/LocSvc_libulp( 1191): I/===> int ulp_brain_process_system_update(UlpSystemEvent) line 2316 

E/LocSvc_libulp( 1191): D/int ulp_brain_process_system_update(UlpSystemEvent): ulp_started = 1, phone context type = 0x77systemEvent = 5 threshold = 10000

E/LocSvc_libulp( 1191): D/int ulp_brain_process_system_update(UlpSystemEvent): system_event_arrival_time:84412781 current_time_msec: 84422781  time elapsed :10000 threshold :10000

E/LocSvc_libulp( 1191): I/===> int ulp_brain_select_providers() line 333 

E/LocSvc_libulp( 1191): I/===> int ulp_brain_turn_onoff_quipc_provider() line 700 

E/LocSvc_libulp( 1191): D/int ulp_brain_turn_onoff_quipc_provider(), quipc enabled = 0, selected to run 0, onoff cnt = 5

E/LocSvc_libulp( 1191): I/===> int ulp_quipc_stop_engine() line 238 

E/LocSvc_libulp( 1191): D/int ulp_quipc_stop_engine(): ulp_quipc_inf is NULL 

E/LocSvc_libulp( 1191): I/===> bool ulp_quipc_engine_running() line 63 

E/LocSvc_libulp( 1191): D/bool ulp_quipc_engine_running(), quipc state = 0

E/LocSvc_libulp( 1191): I/===> int ulp_brain_turn_onoff_gnss_provider() line 595 

E/LocSvc_libulp( 1191): D/int ulp_brain_turn_onoff_gnss_provider(), gnss enabled = 1, gnss selected to run = 0, onoff cnt = 5, new request active = 0

E/LocSvc_libulp( 1191): I/===> int ulp_gnss_stop_engine() line 262 

E/LocSvc_libulp( 1191): D/int ulp_gnss_stop_engine(), gnss state = 0

E/LocSvc_libulp( 1191): D/bool ulp_gnss_engine_running(), gnss state = 0

E/LocSvc_libulp( 1191): D/bool ulp_gnss_engine_running(), gnss state = 0

E/LocSvc_libulp( 1191): D/bool ulp_gnss_engine_running(), gnss state = 0

E/LocSvc_libulp( 1191): I/===> bool ulp_quipc_engine_running() line 63 

E/LocSvc_libulp( 1191): D/bool ulp_quipc_engine_running(), quipc state = 0

E/LocSvc_libulp( 1191): I/===> int ulp_brain_turn_onoff_gnp_provider() line 496 

E/LocSvc_libulp( 1191): D/bool ulp_gnss_engine_running(), gnss state = 0

E/LocSvc_libulp( 1191): I/===> bool ulp_quipc_engine_running() line 63 

E/LocSvc_libulp( 1191): D/bool ulp_quipc_engine_running(), quipc state = 0

E/LocSvc_libulp( 1191): D/int ulp_brain_turn_onoff_gnp_provider(), gnp enabled = 1, gnp selected to run = 0, onoff cnt = 1, request active = 0,gnss running 0, gnss state 0 quipc running 0

E/LocSvc_libulp( 1191): I/===> bool ulp_gnp_engine_running() line 59 

E/LocSvc_libulp( 1191): I/===> int ulp_gnp_stop_engine() line 195 

E/LocSvc_libulp( 1191): I/===> bool ulp_gnp_engine_running() line 59 

E/LocSvc_libulp( 1191): D/int ulp_gnp_stop_engine(), gnp state = 0, ulp_gnp_engine_running () = 0

E/LocSvc_libulp( 1191): I/===> bool ulp_gnp_engine_running() line 59 

E/LocSvc_libulp( 1191): I/===> bool ulp_gnp_engine_running() line 59 

E/LocSvc_libulp( 1191): I/===> int ulp_brain_turn_onoff_zpp_provider() line 437 

E/LocSvc_libulp( 1191): D/int ulp_brain_turn_onoff_zpp_provider(), zpp enabled = 1, zpp selected to run = 1, onoff cnt = 1

E/LocSvc_libulp( 1191): I/===> int ulp_zpp_start_engine() line 98 

E/LocSvc_libulp( 1191): I/===> bool ulp_zpp_engine_running() line 62 

E/LocSvc_libulp( 1191): D/int ulp_zpp_start_engine(), zpp state = 0, ulp_zpp_engine_running () = 0

E/LocSvc_libulp( 1191): I/===> bool ulp_zpp_engine_running() line 62 

E/LocSvc_utils_q( 1191): D/msg_q_snd: Sending message with handle = 0x76EA00F0

E/LocSvc_utils_ll( 1191): D/linked_list_add: Adding to list data_obj = 0x76EA00F0

E/LocSvc_utils_q( 1191): D/msg_q_snd: Finished Sending message with handle = 0x76EA00F0

E/LocSvc_libulp( 1191): I/===> int ulp_msg_process_start_req() line 421 

E/LocSvc_libulp( 1191): I/int ulp_msg_process_start_req(), at ulp state = 1

E/LocSvc_utils_q( 1191): D/msg_q_rcv: Waiting on message

E/LocSvc_utils_ll( 1191): D/linked_list_remove: Removing from list

E/LocSvc_utils_q( 1191): D/msg_q_rcv: Received message 0x76EA00F0 rv = 0

E/LocSvc_ApiV02( 1191): D/virtual loc_api_adapter_err LocApiV02::getZppFix(GpsLocation&, LocPosTechMask&):2630]: Get ZPP Fix

E/LocSvc_api_v02( 1191): I/---> locClientSendReq line 2360 QMI_LOC_GET_BEST_AVAILABLE_POSITION_REQ_V02

E/LocSvc_ApiV02( 1191): I/<--- void globalRespCb(locClientHandleType, uint32_t, locClientRespIndUnionType, void*) line 106 QMI_LOC_GET_BEST_AVAILABLE_POSITION_REQ_V02

E/LocSvc_api_v02( 1191): D/loc_free_slot:299]: freeing slot 0

E/LocSvc_ApiV02( 1191): D/Got Zpp fix location validity (lat:1, lon:1, timestamp:1 accuracy:1)

E/LocSvc_ApiV02( 1191): D/(31.2287460, 121.5456040), timestamp 1448591337700, accuracy 1860.737671

E/LocSvc_utils_q( 1191): D/msg_q_snd: Sending message with handle = 0x7651B640

E/LocSvc_utils_ll( 1191): D/linked_list_add: Adding to list data_obj = 0x7651B640

E/LocSvc_utils_q( 1191): D/msg_q_snd: Finished Sending message with handle = 0x7651B640

E/LocSvc_MsgTask( 1191): D/MsgTask::loop() 5465 listening ...

E/LocSvc_utils_q( 1191): D/msg_q_rcv: Waiting on message

E/LocSvc_utils_ll( 1191): D/linked_list_remove: Removing from list

E/LocSvc_utils_q( 1191): D/msg_q_rcv: Received message 0x7651B640 rv = 0

E/LocSvc_libulp( 1191): D/void ulp_msg_main(void*) received msg of type: 0x60b

E/LocSvc_libulp( 1191): I/===> int ulp_brain_process_zpp_position_report(loc_sess_status, LocPosTechMask, const UlpLocation*) line 1429 

E/LocSvc_libulp( 1191): I/===> int ulp_msg_send_generic_position_report(loc_sess_status, LocPosTechMask, const UlpLocation*, const GpsLocationExtended*, const void*) line 985 

D/Ulp_jni ( 1191): Location CB invoked

E/LocSvc_libulp( 1191): I/int ulp_brain_process_zpp_position_report(loc_sess_status, LocPosTechMask, const UlpLocation*), report ZPP position to providers,report_position = 1

E/LocSvc_libulp( 1191): I/===> int ulp_brain_select_providers() line 333 

E/LocSvc_libulp( 1191): I/===> int ulp_brain_turn_onoff_quipc_provider() line 700 

E/LocSvc_libulp( 1191): D/int ulp_brain_turn_onoff_quipc_provider(), quipc enabled = 0, selected to run 0, onoff cnt = 5

E/LocSvc_libulp( 1191): I/===> int ulp_quipc_stop_engine() line 238 

E/LocSvc_libulp( 1191): D/int ulp_quipc_stop_engine(): ulp_quipc_inf is NULL 

E/LocSvc_libulp( 1191): I/===> bool ulp_quipc_engine_running() line 63 

E/LocSvc_libulp( 1191): D/bool ulp_quipc_engine_running(), quipc state = 0

E/LocSvc_libulp( 1191): I/===> int ulp_brain_turn_onoff_gnss_provider() line 595 

E/LocSvc_libulp( 1191): D/int ulp_brain_turn_onoff_gnss_provider(), gnss enabled = 1, gnss selected to run = 0, onoff cnt = 5, new request active = 0

E/LocSvc_libulp( 1191): I/===> int ulp_gnss_stop_engine() line 262 

E/LocSvc_libulp( 1191): D/int ulp_gnss_stop_engine(), gnss state = 0

E/LocSvc_libulp( 1191): D/bool ulp_gnss_engine_running(), gnss state = 0

E/LocSvc_libulp( 1191): D/bool ulp_gnss_engine_running(), gnss state = 0

E/LocSvc_libulp( 1191): D/bool ulp_gnss_engine_running(), gnss state = 0

E/LocSvc_libulp( 1191): I/===> bool ulp_quipc_engine_running() line 63 

E/LocSvc_libulp( 1191): D/bool ulp_quipc_engine_running(), quipc state = 0

E/LocSvc_libulp( 1191): I/===> int ulp_brain_turn_onoff_gnp_provider() line 496 

E/LocSvc_libulp( 1191): D/bool ulp_gnss_engine_running(), gnss state = 0

E/LocSvc_libulp( 1191): I/===> bool ulp_quipc_engine_running() line 63 

E/LocSvc_libulp( 1191): D/bool ulp_quipc_engine_running(), quipc state = 0

E/LocSvc_libulp( 1191): D/int ulp_brain_turn_onoff_gnp_provider(), gnp enabled = 1, gnp selected to run = 0, onoff cnt = 1, request active = 0,gnss running 0, gnss state 0 quipc running 0

E/LocSvc_libulp( 1191): I/===> bool ulp_gnp_engine_running() line 59 

E/LocSvc_libulp( 1191): I/===> int ulp_gnp_stop_engine() line 195 

E/LocSvc_libulp( 1191): I/===> bool ulp_gnp_engine_running() line 59 

E/LocSvc_libulp( 1191): D/int ulp_gnp_stop_engine(), gnp state = 0, ulp_gnp_engine_running () = 0

E/LocSvc_libulp( 1191): I/===> bool ulp_gnp_engine_running() line 59 

E/LocSvc_libulp( 1191): I/===> bool ulp_gnp_engine_running() line 59 

E/LocSvc_libulp( 1191): I/===> int ulp_brain_turn_onoff_zpp_provider() line 437 

E/LocSvc_libulp( 1191): D/int ulp_brain_turn_onoff_zpp_provider(), zpp enabled = 1, zpp selected to run = 0, onoff cnt = 1

E/LocSvc_libulp( 1191): I/===> int ulp_zpp_stop_engine() line 174 

E/LocSvc_libulp( 1191): I/===> bool ulp_zpp_engine_running() line 62 

E/LocSvc_libulp( 1191): D/int ulp_zpp_stop_engine(), zpp state = 1, ulp_zpp_engine_running () = 1

E/LocSvc_libulp( 1191): I/===> bool ulp_zpp_engine_running() line 62 

E/LocSvc_utils_q( 1191): D/msg_q_rcv: Waiting on message

D/bc      (22876): 121 download status: RUNNING reason: 0

D/bc      (22876): status RUNNING reason 0

D/bc      (22876): DownloadProgressReceiver action: android.intent.action.DOWNLOAD_UPDATED

D/Updater2(22876): onDownloadPregress 132142722/466668828

I/Updater2(22876): showProgressBarNotification:  progress:28

D/MainActivity(22876): onDownloadProgress 132142722/466668828

D/PhoneStatusBar( 1265): updateNotification pkg=com.android.updater;id=1

I/APButton(25907): APButtonandroid.content.res.XmlBlock$Parser@43eb5820android.content.res.Resources$Theme@43442598

I/APButton(25907): APButtonandroid.content.res.XmlBlock$Parser@43eb5820android.content.res.Resources$Theme@43442598

I/APButton(25907): APButtonandroid.content.res.XmlBlock$Parser@43eb5820android.content.res.Resources$Theme@43442598

D/SizeAdaptiveLayout( 1265): com.android.internal.widget.SizeAdaptiveLayout{4324d350 V.E..... ......ID 0,0-930,189 #7f0800b8 app:id/adaptive}child view android.widget.FrameLayout{4410c458 V.E..... ......ID 0,0-930,188 #10202d6 android:id/status_bar_latest_event_content} measured out of bounds at 188px clamped to 189px

I/APButton(25907): APButtonandroid.content.res.XmlBlock$Parser@43eb5820android.content.res.Resources$Theme@43442598

I/APButton(25907): APButtonandroid.content.res.XmlBlock$Parser@43eb5820android.content.res.Resources$Theme@43442598

I/APButton(25907): APButtonandroid.content.res.XmlBlock$Parser@43eb5820android.content.res.Resources$Theme@43442598

E/AppsCenterFragment(25907): [main]onCreate

D/DragGridView(25907): dragView init and defautlScale =24

