D/wpa_supplicant( 8936): IEs - hexdump(len=221): 00 0d 61 6c 69 62 61 62 61 2d 67 75 65 73 74 01 06 98 24 30 48 60 6c 03 01 08 05 07 00 01 00 00 ...

D/wpa_supplicant( 8936): wlan0: BSS: Start scan result update 1237

D/wpa_supplicant( 8936): wlan0: BSS: Add new id 3805 BSSID 84:b2:61:be:4e:90 SSID 'alibaba-test'

D/wpa_supplicant( 8936): CTRL_IFACE monitor sent successfully to /data/misc/wifi/sockets/wpa_ctrl_967-9\x00

D/wpa_supplicant( 8936): wlan0: BSS: Add new id 3806 BSSID 1c:aa:07:c6:de:33 SSID 'alipay-pre'

D/wpa_supplicant( 8936): CTRL_IFACE monitor sent successfully to /data/misc/wifi/sockets/wpa_ctrl_967-9\x00

D/wpa_supplicant( 8936): wlan0: BSS: Add new id 3807 BSSID 1c:aa:07:f5:96:b2 SSID 'alilang-setup'

E/QC-NETMGR-LIB(  285): Received nl msg, recvmsg returned 56

E/QC-NETMGR-LIB(  285): Received command: ID=NETMGR_KIF_MSG_CMD, link=0

E/QC-NETMGR-LIB(  285): Process command: ID=NETMGR_KIF_MSG_CMD, link=0, state=1

E/QC-NETMGR-LIB(  285): Processing RTM_NEWLINK

E/QC-NETMGR-LIB(  285): Metainfo:  Index=23 Family=0 Type=0x1 Change=[0x0] Flags=[0x11043]UP BROADCAST RUNNING MULTICAST LOWER_UP 

E/QC-NETMGR-LIB(  285): Rcvd Netlink msg type [16]

E/QC-NETMGR-LIB(  285): Received RTM_NEWLINK

E/QC-NETMGR-LIB(  285): unrecognized ifindex 23, disable link

E/WifiTrafficPoller(  967): TRAFFIC_STATS_POLL true Token 929 num clients 44

E/WifiTrafficPoller(  967):  packet count Tx=378817 Rx=502012

D/WifiMonitor(  967): Event [IFNAME=wlan0 CTRL-EVENT-BSS-ADDED 3805 84:b2:61:be:4e:90]

D/WifiMonitor(  967): Event [IFNAME=wlan0 CTRL-EVENT-BSS-ADDED 3806 1c:aa:07:c6:de:33]

D/Tethering(  967): interfaceLinkStateChanged wlan0, true

D/Tethering(  967): interfaceStatusChanged wlan0, true

E/WifiStateMachine(  967): WiFiDisplay: getWifidisplayApEnabled=false

D/wpa_supplicant( 8936): CTRL_IFACE monitor sent successfully to /data/misc/wifi/sockets/wpa_ctrl_967-9\x00

D/wpa_supplicant( 8936): wlan0: BSS: Remove id 3785 BSSID 1c:aa:07:b0:26:b2 SSID 'alilang-setup' due to no match in scan

D/wpa_supplicant( 8936): CTRL_IFACE monitor sent successfully to /data/misc/wifi/sockets/wpa_ctrl_967-9\x00

D/wpa_supplicant( 8936): wlan0: BSS: Remove id 3789 BSSID c0:7b:bc:36:f9:a1 SSID 'alibaba-guest' due to no match in scan

D/wpa_supplicant( 8936): CTRL_IFACE monitor sent successfully to /data/misc/wifi/sockets/wpa_ctrl_967-9\x00

D/wpa_supplicant( 8936): wlan0: BSS: Remove id 3790 BSSID 5c:50:15:1d:ed:f1 SSID 'alibaba-guest' due to no match in scan

D/wpa_supplicant( 8936): CTRL_IFACE monitor sent successfully to /data/misc/wifi/sockets/wpa_ctrl_967-9\x00

D/wpa_supplicant( 8936): BSS: last_scan_res_used=31/128

D/wpa_supplicant( 8936): wlan0: Scan-only results received

D/wpa_supplicant( 8936): CTRL_IFACE monitor sent successfully to /data/misc/wifi/sockets/wpa_ctrl_967-9\x00

D/wpa_supplicant( 8936): wlan0: Radio work 'scan'@0xb8197460 done in -1.353506 seconds

D/wpa_supplicant( 8936): Wireless event: cmd=0x8b19 len=8

D/wpa_supplicant( 8936): RTM_NEWLINK: ifi_index=23 ifname=wlan0 wext ifi_flags=0x11043 ([UP][RUNNING][LOWER_UP])

D/WifiMonitor(  967): Event [IFNAME=wlan0 CTRL-EVENT-BSS-ADDED 3807 1c:aa:07:f5:96:b2]

D/WifiMonitor(  967): Event [IFNAME=wlan0 CTRL-EVENT-BSS-REMOVED 3785 1c:aa:07:b0:26:b2]

E/WifiMonitor(  967): WifiMonitor:wlan0 cnt=24933 dispatchEvent: CTRL-EVENT-BSS-REMOVED 3785 1c:aa:07:b0:26:b2

D/WifiMonitor(  967): Event [IFNAME=wlan0 CTRL-EVENT-BSS-REMOVED 3789 c0:7b:bc:36:f9:a1]

E/WifiMonitor(  967): WifiMonitor:wlan0 cnt=24934 dispatchEvent: CTRL-EVENT-BSS-REMOVED 3789 c0:7b:bc:36:f9:a1

D/WifiMonitor(  967): Event [IFNAME=wlan0 CTRL-EVENT-BSS-REMOVED 3790 5c:50:15:1d:ed:f1]

E/WifiMonitor(  967): WifiMonitor:wlan0 cnt=24935 dispatchEvent: CTRL-EVENT-BSS-REMOVED 3790 5c:50:15:1d:ed:f1

E/WifiMonitor(  967): WifiMonitor:wlan0 cnt=24936 dispatchEvent: CTRL-EVENT-SCAN-RESULTS 

E/WifiMonitor(  967): handleEvent 4  CTRL-EVENT-SCAN-RESULTS 

E/WifiStateMachine(  967): handleMessage: E msg.what=147461

E/WifiStateMachine(  967): processMsg: ConnectedState

E/WifiStateMachine(  967):  ConnectedState !SCAN_RESULTS_EVENT 0 0 found=39 known=10 got=39 bcn=0

E/WifiStateMachine(  967): processMsg: L2ConnectedState

E/WifiStateMachine(  967):  L2ConnectedState !SCAN_RESULTS_EVENT 0 0 found=39 known=10 got=39 bcn=0

E/WifiStateMachine(  967): processMsg: ConnectModeState

E/WifiStateMachine(  967):  ConnectModeState !SCAN_RESULTS_EVENT 0 0 found=39 known=10 got=39 bcn=0

E/WifiStateMachine(  967): processMsg: DriverStartedState

E/WifiStateMachine(  967):  DriverStartedState !SCAN_RESULTS_EVENT 0 0 found=39 known=10 got=39 bcn=0

E/WifiStateMachine(  967): processMsg: SupplicantStartedState

E/WifiStateMachine(  967):  SupplicantStartedState !SCAN_RESULTS_EVENT 0 0 found=39 known=10 got=39 bcn=0

D/WifiStateMachine(  967): [MLHD] enter handleMediaLinkEvent SupplicantStartedState

W/WifiHW  (  967): QCOM Debug wifi_send_command "IFNAME=wlan0 LIST_DONGLES"

D/wpa_supplicant( 8936): wlan0: Control interface command 'LIST_DONGLES'

W/ContextImpl(  967): Calling a method in the system process without a qualified user: android.app.ContextImpl.sendBroadcast:1459 com.android.server.wifi.WifiStateMachine.sendDongleScanResultsAvailableBroadcast:14114 com.android.server.wifi.WifiStateMachine.handleMediaLinkEvent:14279 com.android.server.wifi.WifiStateMachine.access$5800:265 com.android.server.wifi.WifiStateMachine$SupplicantStartedState.processMessage:8070 

D/WirelessDisplayService(  967): getDiscoveryDongleList

E/WifiStateMachine(  967): [1,450,259,484,999 ms] noteScanEnd WorkSource{10009}

W/WifiHW  (  967): QCOM Debug wifi_send_command "IFNAME=wlan0 BSS RANGE=0- MASK=0x21987"

D/wpa_supplicant( 8936): wlan0: Control interface command 'BSS RANGE=0- MASK=0x21987'

E/WifiStateMachine(  967): wifi setScanResults statecom.android.server.wifi.WifiStateMachine$ConnectedState@14b2f9f8 sup_state=COMPLETED debouncing=false

E/WifiAutoJoinController (  967): alibaba-inc 1c:aa:07:f5:96:bf rssi=-60 cap [WPA-EAP-CCMP+TKIP][WPA2-EAP-CCMP-preauth][ESS] is not scored

E/WifiConfigStore(  967): updateSavedNetworkHistory(): try "alibaba-inc"WPA_EAP SSID="alibaba-inc" alibaba-inc [WPA-EAP-CCMP+TKIP][WPA2-EAP-CCMP-preauth][ESS] ajst=0

E/WifiConfigStore(  967): updateSavedNetworkHistory: HTC improve mode

E/WifiConfigStore(  967):         got known scan result 1c:aa:07:f5:96:bf key : "alibaba-inc"WPA_EAP num: 27 rssi=-60 freq=5785

E/WifiAutoJoinController (  967): alibaba-test 84:b2:61:be:4c:0f rssi=-63 cap [WPA-PSK-CCMP+TKIP][WPA2-PSK-CCMP-preauth][ESS] is not scored

E/WifiAutoJoinController (  967): alibaba-test 84:b2:61:be:4e:9f rssi=-64 cap [WPA-PSK-CCMP+TKIP][WPA2-PSK-CCMP-preauth][ESS] is not scored

E/WifiAutoJoinController (  967): alibaba-inc 1c:aa:07:b0:26:bf rssi=-76 cap [WPA-EAP-CCMP+TKIP][WPA2-EAP-CCMP-preauth][ESS] is not scored

E/WifiConfigStore(  967): updateSavedNetworkHistory(): try "alibaba-inc"WPA_EAP SSID="alibaba-inc" alibaba-inc [WPA-EAP-CCMP+TKIP][WPA2-EAP-CCMP-preauth][ESS] ajst=0

E/WifiConfigStore(  967): updateSavedNetworkHistory: HTC improve mode

E/WifiConfigStore(  967):         got known scan result 1c:aa:07:b0:26:bf key : "alibaba-inc"WPA_EAP num: 27 rssi=-76 freq=5745

E/WifiAutoJoinController (  967): alibaba-inc 1c:aa:07:f5:a1:0f rssi=-70 cap [WPA-EAP-CCMP+TKIP][WPA2-EAP-CCMP-preauth][ESS] is not scored

E/WifiConfigStore(  967): updateSavedNetworkHistory(): try "alibaba-inc"WPA_EAP SSID="alibaba-inc" alibaba-inc [WPA-EAP-CCMP+TKIP][WPA2-EAP-CCMP-preauth][ESS] ajst=0

E/WifiConfigStore(  967): updateSavedNetworkHistory: HTC improve mode

E/WifiConfigStore(  967):         got known scan result 1c:aa:07:f5:a1:0f key : "alibaba-inc"WPA_EAP num: 27 rssi=-70 freq=5825

E/WifiAutoJoinController (  967): CMCC-WEB 38:22:d6:4d:ea:50 rssi=-54 cap [ESS] is not scored

E/WifiAutoJoinController (  967): alilang-setup 1c:aa:07:f5:96:bd rssi=-59 cap [ESS] is not scored

E/WifiAutoJoinController (  967): alibaba-guest 1c:aa:07:f5:96:be rssi=-59 cap [ESS] is not scored

E/WifiAutoJoinController (  967): alilang-setup 1c:aa:07:b0:26:bd rssi=-76 cap [ESS] is not scored

E/WifiAutoJoinController (  967): alibaba-guest 1c:aa:07:b0:26:be rssi=-76 cap [ESS] is not scored

E/WifiAutoJoinController (  967): alilang-setup 1c:aa:07:f5:a1:0d rssi=-69 cap [ESS] is not scored

E/WifiAutoJoinController (  967): alibaba-guest 1c:aa:07:f5:a1:0e rssi=-70 cap [ESS] is not scored

E/WifiAutoJoinController (  967): CMCC-WEB 38:22:d6:4d:2d:b0 rssi=-80 cap [ESS] is not scored

E/WifiAutoJoinController (  967): CMCC-WEB 38:22:d6:4f:8a:00 rssi=-76 cap [ESS] is not scored

E/WifiAutoJoinController (  967): alibaba-guest c0:7b:bc:36:f9:ae rssi=-83 cap [ESS] is not scored

E/WifiAutoJoinController (  967): alibaba-inc c0:7b:bc:36:f9:af rssi=-84 cap [WPA-EAP-CCMP+TKIP][WPA2-EAP-CCMP-preauth][ESS] is not scored

E/WifiConfigStore(  967): updateSavedNetworkHistory(): try "alibaba-inc"WPA_EAP SSID="alibaba-inc" alibaba-inc [WPA-EAP-CCMP+TKIP][WPA2-EAP-CCMP-preauth][ESS] ajst=0

E/WifiConfigStore(  967): updateSavedNetworkHistory: HTC improve mode

E/WifiConfigStore(  967):         got known scan result c0:7b:bc:36:f9:af key : "alibaba-inc"WPA_EAP num: 27 rssi=-84 freq=5785

E/WifiAutoJoinController (  967): alilang-setup 1c:aa:07:c6:de:32 rssi=-72 cap [ESS] is not scored

E/WifiAutoJoinController (  967): alibaba-guest 1c:aa:07:c6:de:31 rssi=-73 cap [ESS] is not scored

E/WifiAutoJoinController (  967): alibaba-guest 1c:aa:07:f5:96:b1 rssi=-54 cap [ESS] is not scored

E/WifiAutoJoinController (  967): alibaba-inc 1c:aa:07:b0:26:b0 rssi=-78 cap [WPA-EAP-CCMP+TKIP][WPA2-EAP-CCMP-preauth][ESS] is not scored

E/WifiConfigStore(  967): updateSavedNetworkHistory(): try "alibaba-inc"WPA_EAP SSID="alibaba-inc" alibaba-inc [WPA-EAP-CCMP+TKIP][WPA2-EAP-CCMP-preauth][ESS] ajst=0

E/WifiConfigStore(  967): updateSavedNetworkHistory: HTC improve mode

E/WifiConfigStore(  967):         got known scan result 1c:aa:07:b0:26:b0 key : "alibaba-inc"WPA_EAP num: 27 rssi=-78 freq=2422

E/WifiAutoJoinController (  967): alibaba-guest 1c:aa:07:f5:9b:e1 rssi=-83 cap [ESS] is not scored

E/WifiAutoJoinController (  967): alibaba-guest fc:5b:39:09:96:61 rssi=-81 cap [ESS] is not scored

E/WifiAutoJoinController (  967): alibaba-test 84:b2:61:be:4c:00 rssi=-52 cap [WPA-PSK-CCMP+TKIP][WPA2-PSK-CCMP-preauth][ESS] is not scored

E/WifiAutoJoinController (  967): alibaba-inc 1c:aa:07:c6:de:30 rssi=-75 cap [WPA-EAP-CCMP+TKIP][WPA2-EAP-CCMP-preauth][ESS] is not scored

E/WifiConfigStore(  967): updateSavedNetworkHistory(): try "alibaba-inc"WPA_EAP SSID="alibaba-inc" alibaba-inc [WPA-EAP-CCMP+TKIP][WPA2-EAP-CCMP-preauth][ESS] ajst=0

E/WifiConfigStore(  967): updateSavedNetworkHistory: HTC improve mode

E/WifiConfigStore(  967):         got known scan result 1c:aa:07:c6:de:30 key : "alibaba-inc"WPA_EAP num: 27 rssi=-75 freq=2447

E/WifiAutoJoinController (  967): alibaba-inc d0:c2:82:7e:e5:9f rssi=-87 cap [WPA-EAP-CCMP+TKIP][WPA2-EAP-CCMP-preauth][ESS] is not scored

E/WifiConfigStore(  967): updateSavedNetworkHistory(): try "alibaba-inc"WPA_EAP SSID="alibaba-inc" alibaba-inc [WPA-EAP-CCMP+TKIP][WPA2-EAP-CCMP-preauth][ESS] ajst=0

E/WifiConfigStore(  967): updateSavedNetworkHistory: HTC improve mode

E/WifiConfigStore(  967):         got known scan result d0:c2:82:7e:e5:9f key : "alibaba-inc"WPA_EAP num: 27 rssi=-87 freq=5805

E/WifiAutoJoinController (  967): alilang-setup 1c:aa:07:f5:a1:02 rssi=-67 cap [ESS] is not scored

E/WifiAutoJoinController (  967): alibaba-guest d0:c2:82:7e:e5:9e rssi=-88 cap [ESS] is not scored

E/WifiAutoJoinController (  967): alilang-setup d0:c2:82:7e:e5:9d rssi=-89 cap [ESS] is not scored

E/WifiAutoJoinController (  967): alilang-setup 1c:aa:07:f5:9b:e2 rssi=-85 cap [ESS] is not scored

E/WifiAutoJoinController (  967): alibaba-inc 1c:aa:07:f5:96:b0 rssi=-50 cap [WPA-EAP-CCMP+TKIP][WPA2-EAP-CCMP-preauth][ESS] is not scored

E/WifiConfigStore(  967): updateSavedNetworkHistory(): try "alibaba-inc"WPA_EAP SSID="alibaba-inc" alibaba-inc [WPA-EAP-CCMP+TKIP][WPA2-EAP-CCMP-preauth][ESS] ajst=0

E/WifiConfigStore(  967): updateSavedNetworkHistory: HTC improve mode

E/WifiConfigStore(  967):         got known scan result 1c:aa:07:f5:96:b0 key : "alibaba-inc"WPA_EAP num: 27 rssi=-50 freq=2422

E/WifiAutoJoinController (  967): alibaba-inc 1c:aa:07:f5:9b:ef rssi=-86 cap [WPA-EAP-CCMP+TKIP][WPA2-EAP-CCMP-preauth][ESS] is not scored

E/WifiConfigStore(  967): updateSavedNetworkHistory(): try "alibaba-inc"WPA_EAP SSID="alibaba-inc" alibaba-inc [WPA-EAP-CCMP+TKIP][WPA2-EAP-CCMP-preauth][ESS] ajst=0

E/WifiConfigStore(  967): updateSavedNetworkHistory: HTC improve mode

E/WifiConfigStore(  967):         got known scan result 1c:aa:07:f5:9b:ef key : "alibaba-inc"WPA_EAP num: 27 rssi=-86 freq=5765

E/WifiAutoJoinController (  967): alilang-setup 1c:aa:07:f5:9b:ed rssi=-85 cap [ESS] is not scored

E/WifiAutoJoinController (  967): alibaba-guest 1c:aa:07:f5:9b:ee rssi=-85 cap [ESS] is not scored

E/WifiAutoJoinController (  967): alibaba-inc 5c:50:15:1d:ed:f0 rssi=-86 cap [WPA-EAP-CCMP+TKIP][WPA2-EAP-CCMP-preauth][ESS] is not scored

E/WifiConfigStore(  967): updateSavedNetworkHistory(): try "alibaba-inc"WPA_EAP SSID="alibaba-inc" alibaba-inc [WPA-EAP-CCMP+TKIP][WPA2-EAP-CCMP-preauth][ESS] ajst=0

E/WifiConfigStore(  967): updateSavedNetworkHistory: HTC improve mode

E/WifiConfigStore(  967):         got known scan result 5c:50:15:1d:ed:f0 key : "alibaba-inc"WPA_EAP num: 27 rssi=-86 freq=2422

E/WifiAutoJoinController (  967): alibaba-guest 1c:aa:07:b0:26:b1 rssi=-77 cap [ESS] is not scored

E/WifiAutoJoinController (  967): alilang-setup c0:7b:bc:36:f9:ad rssi=-83 cap [ESS] is not scored

E/WifiAutoJoinController (  967): alibaba-test 84:b2:61:be:4e:90 rssi=-54 cap [WPA-PSK-CCMP+TKIP][WPA2-PSK-CCMP-preauth][ESS] is not scored

E/WifiAutoJoinController (  967): alipay-pre 1c:aa:07:c6:de:33 rssi=-76 cap [WPA-EAP-CCMP+TKIP][WPA2-EAP-CCMP-preauth][ESS] is not scored

E/WifiAutoJoinController (  967): alilang-setup 1c:aa:07:f5:96:b2 rssi=-62 cap [ESS] is not scored

E/WifiAutoJoinController (  967): ageScanResultsOut delay 40000 size 48 now 1450259485037

E/WifiAutoJoinController (  967): newSupplicantResults size=44 known=10 true

W/WifiHW  (  967): QCOM Debug wifi_send_command "IFNAME=wlan0 STATUS-NO_EVENTS"

D/wpa_supplicant( 8936): wlan0: Control interface command 'STATUS-NO_EVENTS'

E/WifiAutoJoinController (  967): attemptAutoJoin() status=bssid=1c:aa:07:f5:96:bf

E/WifiAutoJoinController (  967): ssid=alibaba-inc

E/WifiAutoJoinController (  967): id=2

E/WifiAutoJoinController (  967): mode=station

E/WifiAutoJoinController (  967): pairwise_cipher=CCMP

E/WifiAutoJoinController (  967): group_cipher=TKIP

E/WifiAutoJoinController (  967): key_mgmt=WPA2/IEEE 802.1X/EAP

E/WifiAutoJoinController (  967): wpa_state=COMPLETED

E/WifiAutoJoinController (  967): ip_address=10.15.84.16

E/WifiAutoJoinController (  967): p2p_device_address=86:7a:88:7d:0f:a3

E/WifiAutoJoinController (  967): address=XX:XX:XX:XX:XX:XX

E/WifiAutoJoinController (  967): Supplicant PAE state=AUTHENTICATED

E/WifiAutoJoinController (  967): suppPortStatus=Authorized

E/WifiAutoJoinController (  967): EAP state=SUCCESS

E/WifiAutoJoinController (  967): selectedMethod=13 (EAP-TLS)

E/WifiAutoJoinController (  967): uuid=12345678-9abc-def0-1234-56789abcdef1 split=16

E/WifiAutoJoinController (  967): attemptAutoJoin() num recent config 1 current="alibaba-inc"WPA_EAP ---> suppNetId=2

E/WifiAutoJoinController (  967): attemptAutoJoin good candidate seen, bumped hard -> status=0 "alibaba-inc"WPA_EAP rssi=(-50,-60) num=(18,9)

E/WifiAutoJoinController (  967): attemptAutoJoin skip current candidate  2 key "alibaba-inc"WPA_EAP

E/WifiAutoJoinController (  967): attemptRoam scan cache size 27 --> bail

D/HtcWifiControlRoamOffload: (  967): roamCandidate: nullcurrentBSSID: 1c:aa:07:f5:96:bf

E/WifiStateMachine(  967): WiFiDisplay: getWifidisplayApEnabled=false

E/WifiAutoJoinController (  967): Done attemptAutoJoin status=0

E/WifiConfigStore(  967):  writeKnownNetworkHistory() num networks:7 needWrite=false

D/WirelessDisplayService(  967): getDiscoveryDongleList

D/WifiManager(16648): getScanResults: Base Package Name=com.eg.android.AlipayGphone, uid=10324

D/WifiManager(19183): getScanResults: Base Package Name=com.qiyi.video, uid=10005

E/WifiStateMachine(  967): handleMessage: X

D/WifiManager( 2896): getScanResults: Base Package Name=android.htc.china.location.service, uid=10009

I/WifiMonitor(23907): mWifiReceiver SCAN_RESULTS_AVAILABLE_ACTION

D/WifiManager(23907): getScanResults: Base Package Name=com.sohu.inputmethod.sogou, uid=10172

D/WifiManager( 2896): getScanResults: Base Package Name=android.htc.china.location.service, uid=10009

D/PMS     (  967): acquireWL(1ef92aa1): PARTIAL_WAKE_LOCK  encrypted_tag 0x1 20095 10135 null

D/PMS     (  967): releaseWL(1ef92aa1): PARTIAL_WAKE_LOCK  encrypted_tag 0x1 null

D/PMS     (  967): acquireWL(349a64c6): PARTIAL_WAKE_LOCK  encrypted_tag 0x1 20095 10135 null

D/PMS     (  967): releaseWL(349a64c6): PARTIAL_WAKE_LOCK  encrypted_tag 0x1 null

D/PMS     (  967): acquireWL(27956c87): PARTIAL_WAKE_LOCK  encrypted_tag 0x1 20095 10135 null

D/PMS     (  967): releaseWL(27956c87): PARTIAL_WAKE_LOCK  encrypted_tag 0x1 null

D/PMS     (  967): acquireWL(191a87b4): PARTIAL_WAKE_LOCK  encrypted_tag 0x1 20095 10135 null

D/PMS     (  967): releaseWL(191a87b4): PARTIAL_WAKE_LOCK  encrypted_tag 0x1 null

D/PMS     (  967): acquireWL(2edccfdd): PARTIAL_WAKE_LOCK  encrypted_tag 0x1 20095 10135 null

D/PMS     (  967): releaseWL(2edccfdd): PARTIAL_WAKE_LOCK  encrypted_tag 0x1 null

D/PMS     (  967): acquireWL(1d480752): PARTIAL_WAKE_LOCK  encrypted_tag 0x1 20095 10135 null

D/PMS     (  967): releaseWL(1d480752): PARTIAL_WAKE_LOCK  encrypted_tag 0x1 null

D/ContactMessageStore( 2934): clearContact1Table() <<<

D/ContactMessageStore( 2934): delete/insert time: 49

D/ContactMessageStore( 2934): insertContactsTable() <<

D/ContactMessageStore( 2934): end time: 151828660(412)

D/DraftCache(26458): [DraftCache/1] refresh

D/ContactMessageStore( 2934): notify MmsSms

D/TelephUtils( 2934): QUERY for  <hidden uri>  [ com.android.phone ] tid: 76

E/WifiTrafficPoller(  967): TRAFFIC_STATS_POLL true Token 929 num clients 44

E/WifiTrafficPoller(  967):  packet count Tx=378820 Rx=502032

E/WifiTrafficPoller(  967): notifying of data activity 3

I/nativeProcess(18972): iqiyi message: create--runOnSubprocess isProcessExist true

I/nativeProcess(18972): iqiyi message: ==== do something  executeCmd isProcessExist true =====

D/DraftCache(26458): [DraftCache/16076] rebuildCache

D/SMSBackup(25954): Got a database change event

D/TelephUtils( 2934): QUERY for  <hidden uri>  [ com.htc.sense.mms ] tid: 69

D/Jerry   ( 2934): URI_DRAFT

D/TelephUtils( 2934): QUERY for  <hidden uri>  [ com.htc.sense.mms ] tid: 162

D/MmsSmsV2Provider( 2934):  slotId = -1000

D/MmsSmsV2Provider( 2934): URI_RAW_QUERY -- selection: SELECT contacts.htcthread_id,contacts.contact_id,htcthreads.recipient_address FROM contacts JOIN htcthreads ON contacts.htcthread_id = htcthreads._id , selectionArgs: null

D/DraftCache(26458): hasDraft() = true mNeedNotifyChange = false

D/DraftCache(26458): [DraftCache/16076] rebuildCache time: 8

E/WifiTrafficPoller(  967): TRAFFIC_STATS_POLL true Token 929 num clients 44

E/WifiTrafficPoller(  967):  packet count Tx=378820 Rx=502067

E/WifiTrafficPoller(  967): notifying of data activity 1

D/PMS     (  967): acquireWL(25524a23): PARTIAL_WAKE_LOCK  *alarm* 0x1 967 1000 WorkSource{10025}

V/AlarmManager(  967): sending alarm PendingIntent{30b26b20: PendingIntentRecord{135b8cd9 com.android.providers.calendar broadcastIntent}}, i=com.android.providers.calendar.intent.CalendarProvider2, t=2, cnt=1, w=151830401, Int=0

D/PMS     (  967): acquireWL(2bbb469e): PARTIAL_WAKE_LOCK  ScheduleNextAlarmWakeLock_5 0x1 26818 10025 null

D/PMS     (  967): releaseWL(25524a23): PARTIAL_WAKE_LOCK  *alarm* 0x1 WorkSource{10025}

E/SQLiteLog(26818): (284) automatic index on view_events(_id)

D/PMS     (  967): releaseWL(2bbb469e): PARTIAL_WAKE_LOCK  ScheduleNextAlarmWakeLock_5 0x1 null

D/HtcWifiControlRoamOffload: (  967): Receive mPhoneStateListener

D/HtcWifiControlRoamOffload: (  967): Receive mPhoneStateListener, getGsmSignalStrength16

E/WifiStateMachine(  967): handleMessage: E msg.what=131155

E/WifiStateMachine(  967): processMsg: ConnectedState

E/WifiStateMachine(  967):  ConnectedState !CMD_RSSI_POLL 228 0 "alibaba-inc" 1c:aa:07:f5:96:bf rssi=-60 f=5785 sc=60 link=65 tx=0.7, 0.0, 0.0  rx=82.9 bcn=0 [on:0 tx:0 rx:0 period:2981] from screen [on:0 period:-1439458695] gl rssi=-60 ag=0 hr ticks 1,2,12 ls-=0 [56,56,56,56,61] brc=0 lrc=0

E/WifiStateMachine(  967): processMsg: L2ConnectedState

E/WifiStateMachine(  967):  L2ConnectedState !CMD_RSSI_POLL 228 0 "alibaba-inc" 1c:aa:07:f5:96:bf rssi=-60 f=5785 sc=60 link=65 tx=0.7, 0.0, 0.0  rx=82.9 bcn=0 [on:0 tx:0 rx:0 period:1] from screen [on:0 period:-1439458694] gl rssi=-60 ag=0 hr ticks 1,2,12 ls-=0 [56,56,56,56,61] brc=0 lrc=0

E/WifiStateMachine(  967):  get link layer stats 0

W/WifiHW  (  967): QCOM Debug wifi_send_command "IFNAME=wlan0 SIGNAL_POLL"

D/wpa_supplicant( 8936): wlan0: Control interface command 'SIGNAL_POLL'

I/wpa_supplicant( 8936): environment dirty rate=0 [3][0][0]

E/WifiStateMachine(  967): fetchRssiLinkSpeedAndFrequencyNative RSSI = -62 abnormalRssiCnt = 0 newLinkSpeed = 58

E/WifiStateMachine(  967): fetchRssiLinkSpeedAndFrequencyNative rssi=-62 linkspeed=58

E/WifiConfigStore(  967): updateConfiguration freq=5785 BSSID=1c:aa:07:f5:96:bf RSSI=-61 "alibaba-inc"WPA_EAP

E/WifiStateMachine(  967): calculateWifiScore freq=5785 speed=58 score=60 highRSSI  -> txbadrate=0.00 txgoodrate=1.83 txretriesrate=0.00 rxrate=82.96 userTriggerdPenalty0

E/WifiStateMachine(  967):  good link -> stuck count =0

E/WifiStateMachine(  967):  badRSSI count0 lowRSSI count0 --> score 56

E/WifiStateMachine(  967):  isHighRSSI       ---> score=61

E/WifiDataStallTracker(  967): DATA_MONITOR_POLL true Token 270

D/WifiWatchdogStateMachine(  967): RSSI current: 3 new: -62, 3

D/WifiDataStallTracker(  967): updateDataStallInfo: mDataStallTxRxSum={txSum=290381 rxSum=212624} preTxRxSum={txSum=290378 rxSum=212622}

D/WifiDataStallTracker(  967): updateDataStallInfo: IN/OUT

D/WifiDataStallTracker(  967): onDataStallAlarm: Sent 0 pkts since last received, < watchdogTrigger=5

E/WifiStateMachine(  967): handleMessage: X

D/AMap InternalService( 2896): APS getLocation, nlpVersion: 3.2.2

E/WifiStateMachine(  967): handleMessage: E msg.what=131143

E/WifiStateMachine(  967): processMsg: ConnectedState

E/WifiStateMachine(  967):  ConnectedState !CMD_START_SCAN 10009 3703 ic=1018 proc(ms):1 dur:2198 rssi=-62 f=5785 sc=60 link=58 tx=1.8, 0.0, 0.0  rx=83.0 fiv=40000 [on:0 tx:0 rx:0 period:468] from screen [on:0 period:-1439458200]

E/WifiStateMachine(  967): processMsg: L2ConnectedState

E/WifiStateMachine(  967):  L2ConnectedState !CMD_START_SCAN 10009 3703 ic=1018 proc(ms):3 dur:2198 rssi=-62 f=5785 sc=60 link=58 tx=1.8, 0.0, 0.0  rx=83.0 fiv=40000 [on:0 tx:0 rx:0 period:2] from screen [on:0 period:-1439458198]

E/WifiStateMachine(  967): WifiStateMachine CMD_START_SCAN source 10009 txSuccessRate=1.83 rxSuccessRate=82.96 targetRoamBSSID=1c:aa:07:f5:96:bf RSSI=-62

W/WifiHW  (  967): QCOM Debug wifi_send_command "IFNAME=wlan0 SCAN TYPE=ONLY"

D/wpa_supplicant( 8936): wlan0: Control interface command 'SCAN TYPE=ONLY'

D/wpa_supplicant( 8936): wlan0: Setting scan request: 0.000000 sec

I/wpa_supplicant( 8936): wpa_supplicant_scan enter

D/wpa_supplicant( 8936): wlan0: Starting AP scan for wildcard SSID

D/wpa_supplicant( 8936): WPS: Building WPS IE for Probe Request

D/wpa_supplicant( 8936): WPS:  * Version (hardcoded 0x10)

D/wpa_supplicant( 8936): WPS:  * Request Type

D/wpa_supplicant( 8936): WPS:  * Config Methods (4288)

D/wpa_supplicant( 8936): WPS:  * UUID-E

D/wpa_supplicant( 8936): WPS:  * Primary Device Type

D/wpa_supplicant( 8936): WPS:  * RF Bands (3)

D/wpa_supplicant( 8936): WPS:  * Association State

D/wpa_supplicant( 8936): WPS:  * Configuration Error (0)

D/wpa_supplicant( 8936): WPS:  * Device Password ID (0)

D/wpa_supplicant( 8936): WPS:  * Manufacturer

D/wpa_supplicant( 8936): WPS:  * Model Name

D/wpa_supplicant( 8936): WPS:  * Model Number

D/wpa_supplicant( 8936): WPS:  * Device Name

D/wpa_supplicant( 8936): WPS:  * Version2 (0x20)

D/wpa_supplicant( 8936): P2P: * P2P IE header

D/wpa_supplicant( 8936): P2P: * Capability dev=25 group=00

D/wpa_supplicant( 8936): P2P: * Listen Channel: Regulatory Class 81 Channel 11

D/wpa_supplicant( 8936): wlan0: Add radio work 'scan'@0xb81926d8

D/wpa_supplicant( 8936): wlan0: First radio work item in the queue - schedule start immediately

D/wpa_supplicant( 8936): wlan0: Starting radio work 'scan'@0xb81926d8 after 0.000092 second wait

D/wpa_supplicant( 8936): wlan0: nl80211: scan request

D/wpa_supplicant( 8936): nl80211: Scan SSID - hexdump(len=0): [NULL]

D/wpa_supplicant( 8936): nl80211: Scan extra IEs - hexdump(len=170): dd 86 00 50 f2 04 10 4a 00 01 10 10 3a 00 01 00 10 08 00 02 42 88 10 47 00 10 12 34 56 78 9a bc ...

D/wpa_supplicant( 8936): Scan requested (ret=0) - scan timeout 30 seconds

D/wpa_supplicant( 8936): nl80211: Event message available

D/wpa_supplicant( 8936): nl80211: Drv Event 33 (NL80211_CMD_TRIGGER_SCAN) received for wlan0

D/wpa_supplicant( 8936): wlan0: nl80211: Scan trigger

D/wpa_supplicant( 8936): wlan0: Event SCAN_STARTED (49) received

D/wpa_supplicant( 8936): wlan0: Own scan request started a scan in 0.000214 seconds

I/wpa_supplicant( 8936): wlan0: CTRL-EVENT-SCAN-STARTED 

D/wpa_supplicant( 8936): CTRL_IFACE monitor sent successfully to /data/misc/wifi/sockets/wpa_ctrl_967-9\x00

D/WifiMonitor(  967): Event [IFNAME=wlan0 CTRL-EVENT-SCAN-STARTED ]

E/WifiMonitor(  967): WifiMonitor:wlan0 cnt=24937 dispatchEvent: CTRL-EVENT-SCAN-STARTED 

E/WifiMonitor(  967): handleEvent 14  CTRL-EVENT-SCAN-STARTED 

E/WifiMonitor(  967): handleEvent unknown: 14  CTRL-EVENT-SCAN-STARTED 

E/WifiStateMachine(  967): [1,450,259,487,853 ms] noteScanstart no scan source

E/WifiStateMachine(  967): handleMessage: X

D/WifiDisplayAdapter(  967): getWifiDisplayStatusLocked: result=WifiDisplayStatus{featureState=3, scanState=0, activeDisplayState=0, activeDisplay=null, displays=[], sessionInfo=WifiDisplaySessionInfo:

D/WifiDisplayAdapter(  967):     Client/Owner: Client

D/WifiDisplayAdapter(  967):     GroupId: 

D/WifiDisplayAdapter(  967):     Passphrase: 

D/WifiDisplayAdapter(  967):     SessionId: 0

D/WifiDisplayAdapter(  967):     IP Address: }

D/AMap InternalService( 2896): APS getLocation end

D/AMap InternalService( 2896): latitude: 30.274926

D/AMap InternalService( 2896): longitude: 120.120701

D/AMap InternalService( 2896): radius: 50.0

D/AMap NetworkLocationProvider( 2896): receive new location, reportLocation: Location[network 30.274926,120.120701 acc=50 et=+1d18h10m31s107ms {Bundle[{amap=1}]}]

D/LocationManagerService(  967): incoming location from: network

D/LocationManagerService(  967):  Report location to Reciever:  PackageName= com.htc.sense.hsp Request interval=+1s0ms

D/PMS     (  967): acquireWL(1823194c): PARTIAL_WAKE_LOCK  LocationManagerService 0x1 967 1000 WorkSource{10056 com.htc.sense.hsp}

D/PMS     (  967): releaseWL(1823194c): PARTIAL_WAKE_LOCK  LocationManagerService 0x1 WorkSource{10056 com.htc.sense.hsp}

D/PMS     (  967): acquireWL(156f1d95): PARTIAL_WAKE_LOCK  LocationManagerService 0x1 967 1000 WorkSource{1000 android}

D/PMS     (  967): acquireWL(31912eaa): PARTIAL_WAKE_LOCK  LocationManagerService 0x1 967 1000 WorkSource{10009 android.htc.china.location.service}

D/AutoSetting( 3039): service - onStartCommand() action: com.htc.app.autosetting.location

D/AutoSetting( 3039): service - handleMessage() within range

D/PMS     (  967): acquireWL(1884da9b): PARTIAL_WAKE_LOCK  LocationManagerService 0x1 967 1000 WorkSource{10056 com.htc.sense.hsp}

D/PMS     (  967): releaseWL(31912eaa): PARTIAL_WAKE_LOCK  LocationManagerService 0x1 WorkSource{10009 android.htc.china.location.service}

D/QMI_FW  (  967): QCCI: QMI_CCI_TX: cntl_flag - 00, txn_id - 13db, msg_id - 0039, msg_len - 0021

D/QMI_FW  (  967): QCCI: QMUXD: xport_send[1 -> 16]: 40 bytes on conn_id=9

D/PMS     (  967): releaseWL(156f1d95): PARTIAL_WAKE_LOCK  LocationManagerService 0x1 WorkSource{1000 android}

D/PMS     (  967): releaseWL(1884da9b): PARTIAL_WAKE_LOCK  LocationManagerService 0x1 WorkSource{10056 com.htc.sense.hsp}

D/QMI_FW  (  967): QCCI: QMUXD: xport_rx[1 <- 16]: 14 bytes on conn_id: 9

D/QMI_FW  (  967): QCCI: QMI_CCI_RX: cntl_flag - 02, txn_id - 13db, msg_id - 0039, msg_len - 0007

D/GpsLocationProvider(  967): [reportHTCStatus] eventMask = 2 , status = 0

D/GpsLocationProvider(  967): [reportHTCStatus] INJECT_LOCATION

D/QMI_FW  (  967): QCCI: QMUXD: xport_rx[1 <- 16]: 14 bytes on conn_id: 9

D/QMI_FW  (  967): QCCI: QMI_CCI_RX: cntl_flag - 04, txn_id - 0000, msg_id - 0039, msg_len - 0007

E/WifiTrafficPoller(  967): TRAFFIC_STATS_POLL true Token 929 num clients 44

E/WifiTrafficPoller(  967):  packet count Tx=378820 Rx=502085

D/FyzbDownloadService(17801): clean download tasks, list size: 0

E/WifiTrafficPoller(  967): TRAFFIC_STATS_POLL true Token 929 num clients 44

E/WifiTrafficPoller(  967):  packet count Tx=378820 Rx=502091

E/WifiTrafficPoller(  967): TRAFFIC_STATS_POLL true Token 929 num clients 44

E/WifiTrafficPoller(  967):  packet count Tx=378820 Rx=502109

D/HOTCHAT (19144): [HC][PING]  Current state: STATE:INIT

E/WifiStateMachine(  967): handleMessage: E msg.what=131155

E/WifiStateMachine(  967): processMsg: ConnectedState

E/WifiStateMachine(  967):  ConnectedState !CMD_RSSI_POLL 228 0 "alibaba-inc" 1c:aa:07:f5:96:bf rssi=-62 f=5785 sc=60 link=58 tx=1.8, 0.0, 0.0  rx=83.0 bcn=0 [on:0 tx:0 rx:0 period:2515] from screen [on:0 period:-1439455679] gl u24 rssi=-62 ag=0 hr ticks 1,2,12 ls-=0 [56,56,56,56,61] brc=0 lrc=0

E/WifiStateMachine(  967): processMsg: L2ConnectedState

E/WifiStateMachine(  967):  L2ConnectedState !CMD_RSSI_POLL 228 0 "alibaba-inc" 1c:aa:07:f5:96:bf rssi=-62 f=5785 sc=60 link=58 tx=1.8, 0.0, 0.0  rx=83.0 bcn=0 [on:0 tx:0 rx:0 period:3] from screen [on:0 period:-1439455676] gl u24 rssi=-62 ag=0 hr ticks 1,2,12 ls-=0 [56,56,56,56,61] brc=0 lrc=0

E/WifiStateMachine(  967):  get link layer stats 0

W/WifiHW  (  967): QCOM Debug wifi_send_command "IFNAME=wlan0 SIGNAL_POLL"

D/wpa_supplicant( 8936): wlan0: Control interface command 'SIGNAL_POLL'

I/wpa_supplicant( 8936): environment dirty rate=0 [0][0][0]

E/WifiStateMachine(  967): fetchRssiLinkSpeedAndFrequencyNative RSSI = -57 abnormalRssiCnt = 0 newLinkSpeed = 58

E/WifiStateMachine(  967): fetchRssiLinkSpeedAndFrequencyNative rssi=-57 linkspeed=58

E/WifiConfigStore(  967): updateConfiguration freq=5785 BSSID=1c:aa:07:f5:96:bf RSSI=-58 "alibaba-inc"WPA_EAP

E/WifiStateMachine(  967): calculateWifiScore freq=5785 speed=58 score=60 highRSSI  -> txbadrate=0.00 txgoodrate=0.91 txretriesrate=0.00 rxrate=59.48 userTriggerdPenalty0

E/WifiStateMachine(  967):  good link -> stuck count =0

E/WifiStateMachine(  967):  badRSSI count0 lowRSSI count0 --> score 56

E/WifiStateMachine(  967):  isHighRSSI       ---> score=61

D/WifiWatchdogStateMachine(  967): RSSI current: 3 new: -57, 3

E/WifiStateMachine(  967): handleMessage: X

E/WifiTrafficPoller(  967): TRAFFIC_STATS_POLL true Token 929 num clients 44

E/WifiTrafficPoller(  967):  packet count Tx=378820 Rx=502116

D/PMS     (  967): acquireWL(1a0e7e38): PARTIAL_WAKE_LOCK  BatteryServiceUpdateStats_3 0x1 967 1000 null

I/BatteryService(  967): n_update end

D/UsbnetService(  967): BroadcastReceiver::onReceive+

D/UsbnetService(  967): onReceive BATTERY_CHANGED

D/UsbnetService(  967):  --> pluggedType = 2, mPluggedType = 0, mScreenOff = false

D/UsbnetService(  967): BroadcastReceiver::onReceive-

D/WifiController(  967): handleMessage: E msg.what=155652

D/WifiController(  967): processMsg: DeviceActiveState

D/WifiController(  967): processMsg: StaEnabledState

D/WifiController(  967): processMsg: DefaultState

D/WifiController(  967): handleMessage: X

D/PowerUI ( 2788): closing low battery warning: level=80

D/NotificationService(  967): plugged=true pluggin=true

D/WifiController(  967): battery changed pluggedType: 2

I/IntentController( 2788): receive(android.intent.action.BATTERY_CHANGED,1,false)

D/PowerUI ( 2788): plugged = true, health = 2, mBatteryLevel = 80, mPluggedBatteryLevel = 80, mLowBatteryWarningLevel2 = 25, mshowLowChargingWarning2 = true

D/HtcPowerSaver(  967): updateBatteryInfo

D/PMS     (  967): releaseWL(1a0e7e38): PARTIAL_WAKE_LOCK  BatteryServiceUpdateStats_3 0x1 null

D/PMS     (  967): runPSCheck

D/HtcPowerSaver(  967): Checking...

I/HtcPowerSaver(  967): >> updateStatus

I/HtcPowerSaver(  967): updateStatus (8000,80,-1,false,false,false,-1)

I/HtcPowerSaver(  967): << updateStatus

I/BatteryController( 2788): status:2 level:80 unsupport:false plugged:true

I/nativeProcess(18972): iqiyi message: create--runOnSubprocess isProcessExist true

I/nativeProcess(18972): iqiyi message: ==== do something  executeCmd isProcessExist true =====

D/wpa_supplicant( 8936): nl80211: Event message available

D/wpa_supplicant( 8936): nl80211: Drv Event 34 (NL80211_CMD_NEW_SCAN_RESULTS) received for wlan0

D/wpa_supplicant( 8936): wlan0: nl80211: New scan results available

D/wpa_supplicant( 8936): nl80211: Scan included frequencies:

D/wpa_supplicant( 8936): wlan0: Event SCAN_RESULTS (3) received

I/wpa_supplicant( 8936): Got an original EVENT_SCAN_RESULTS

D/wpa_supplicant( 8936): wlan0: Scan completed in 3.683717 seconds

D/wpa_supplicant( 8936): nl80211: Associated on 5785 MHz

D/wpa_supplicant( 8936): nl80211: Associated with 1c:aa:07:f5:96:bf

D/wpa_supplicant( 8936): nl80211: Received scan results (34 BSSes)

D/wpa_supplicant( 8936): nl80211: Scan results indicate BSS status with 1c:aa:07:f5:96:bf as associated

D/wpa_supplicant( 8936): Sorted scan results

D/wpa_supplicant( 8936): 84:b2:61:be:4c:00 freq=2472 qual=0 noise=0 level=-52 flags=0xb age=10

I/wpa_supplicant( 8936): [NULL] 84:b2:61:be:4c:00 freq=2472 level=-52

D/wpa_supplicant( 8936): IEs - hexdump(len=270): 00 0c 61 6c 69 62 61 62 61 2d 74 65 73 74 01 06 98 24 30 48 60 6c 03 01 0d 07 06 43 4e 20 01 0d ...

D/wpa_supplicant( 8936): 1c:aa:07:f5:96:bf freq=5785 qual=0 noise=0 level=-57 flags=0x2b age=10

I/wpa_supplicant( 8936): [NULL] 1c:aa:07:f5:96:bf freq=5785 level=-57

D/wpa_supplicant( 8936): IEs - hexdump(len=256): 00 0b 61 6c 69 62 61 62 61 2d 69 6e 63 01 06 98 24 30 48 60 6c 07 06 43 4e 20 95 05 1e 0b 05 21 ...

D/wpa_supplicant( 8936): 84:b2:61:be:4e:90 freq=2447 qual=0 noise=0 level=-54 flags=0xb age=10

I/wpa_supplicant( 8936): [NULL] 84:b2:61:be:4e:90 freq=2447 level=-54

D/wpa_supplicant( 8936): IEs - hexdump(len=276): 00 0c 61 6c 69 62 61 62 61 2d 74 65 73 74 01 06 98 24 30 48 60 6c 03 01 08 05 04 00 01 01 00 07 ...

D/wpa_supplicant( 8936): 1c:aa:07:f5:96:b0 freq=2422 qual=0 noise=0 level=-55 flags=0xb age=10

I/wpa_supplicant( 8936): [NULL] 1c:aa:07:f5:96:b0 freq=2422 level=-55

D/wpa_supplicant( 8936): IEs - hexdump(len=268): 00 0b 61 6c 69 62 61 62 61 2d 69 6e 63 01 06 98 24 30 48 60 6c 03 01 03 05 04 00 01 00 00 07 06 ...

D/wpa_supplicant( 8936): 84:b2:61:be:4c:0f freq=5260 qual=0 noise=0 level=-63 flags=0xb age=10

I/wpa_supplicant( 8936): [NULL] 84:b2:61:be:4c:0f freq=5260 level=-63

D/wpa_supplicant( 8936): IEs - hexdump(len=318): 00 0c 61 6c 69 62 61 62 61 2d 74 65 73 74 01 06 98 24 30 48 60 6c 05 07 00 01 01 00 00 00 00 07 ...

D/wpa_supplicant( 8936): 84:b2:61:be:4e:9f freq=5180 qual=0 noise=0 level=-64 flags=0xb age=10

I/wpa_supplicant( 8936): [NULL] 84:b2:61:be:4e:9f freq=5180 level=-64

D/wpa_supplicant( 8936): IEs - hexdump(len=309): 00 0c 61 6c 69 62 61 62 61 2d 74 65 73 74 01 06 98 24 30 48 60 6c 07 0c 43 4e 20 24 04 17 34 04 ...

D/wpa_supplicant( 8936): 1c:aa:07:f5:a1:0f freq=5825 qual=0 noise=0 level=-72 flags=0xb age=10

I/wpa_supplicant( 8936): [NULL] 1c:aa:07:f5:a1:0f freq=5825 level=-72

D/wpa_supplicant( 8936): IEs - hexdump(len=256): 00 0b 61 6c 69 62 61 62 61 2d 69 6e 63 01 06 98 24 30 48 60 6c 07 06 43 4e 20 95 05 1e 0b 05 24 ...

D/wpa_supplicant( 8936): 1c:aa:07:b0:26:b0 freq=2422 qual=0 noise=0 level=-74 flags=0xb age=0

I/wpa_supplicant( 8936): [NULL] 1c:aa:07:b0:26:b0 freq=2422 level=-74

D/wpa_supplicant( 8936): IEs - hexdump(len=271): 00 0b 61 6c 69 62 61 62 61 2d 69 6e 63 01 06 98 24 30 48 60 6c 03 01 03 05 07 00 01 01 00 08 00 ...

D/wpa_supplicant( 8936): 1c:aa:07:b0:26:bf freq=5745 qual=0 noise=0 level=-80 flags=0xb age=0

I/wpa_supplicant( 8936): [NULL] 1c:aa:07:b0:26:bf freq=5745 level=-80

D/wpa_supplicant( 8936): IEs - hexdump(len=265): 00 0b 61 6c 69 62 61 62 61 2d 69 6e 63 01 06 98 24 30 48 60 6c 05 07 00 01 11 02 00 00 00 07 06 ...

D/wpa_supplicant( 8936): 1c:aa:07:c6:de:33 freq=2447 qual=0 noise=0 level=-76 flags=0xb age=0

I/wpa_supplicant( 8936): [NULL] 1c:aa:07:c6:de:33 freq=2447 level=-76

D/wpa_supplicant( 8936): IEs - hexdump(len=267): 00 0a 61 6c 69 70 61 79 2d 70 72 65 01 06 98 24 30 48 60 6c 03 01 08 05 04 00 01 00 00 07 06 43 ...

D/wpa_supplicant( 8936): c0:7b:bc:36:f9:af freq=5785 qual=0 noise=0 level=-84 flags=0xb age=0

I/wpa_supplicant( 8936): [NULL] c0:7b:bc:36:f9:af freq=5785 level=-84

D/wpa_supplicant( 8936): IEs - hexdump(len=256): 00 0b 61 6c 69 62 61 62 61 2d 69 6e 63 01 06 98 24 30 48 60 6c 07 06 43 4e 20 95 05 1e 0b 05 05 ...

D/wpa_supplicant( 8936): d0:c2:82:7e:e5:9f freq=5805 qual=0 noise=0 level=-89 flags=0xb age=0

I/wpa_supplicant( 8936): [NULL] d0:c2:82:7e:e5:9f freq=5805 level=-89

D/wpa_supplicant( 8936): IEs - hexdump(len=256): 00 0b 61 6c 69 62 61 62 61 2d 69 6e 63 01 06 98 24 30 48 60 6c 07 06 43 4e 20 95 05 1e 0b 05 30 ...

D/wpa_supplicant( 8936): d0:c2:82:7e:e5:90 freq=2472 qual=0 noise=0 level=-85 flags=0xb age=0

I/wpa_supplicant( 8936): [NULL] d0:c2:82:7e:e5:90 freq=2472 level=-85

D/wpa_supplicant( 8936): IEs - hexdump(len=268): 00 0b 61 6c 69 62 61 62 61 2d 69 6e 63 01 06 98 24 30 48 60 6c 03 01 0d 05 04 00 01 01 00 07 06 ...

D/wpa_supplicant( 8936): 5c:50:15:1d:ed:f0 freq=2422 qual=0 noise=0 level=-86 flags=0xb age=0

I/wpa_supplicant( 8936): [NULL] 5c:50:15:1d:ed:f0 freq=2422 level=-86

D/wpa_supplicant( 8936): IEs - hexdump(len=262): 00 0b 61 6c 69 62 61 62 61 2d 69 6e 63 01 06 98 24 30 48 60 6c 03 01 03 07 06 43 4e 20 01 0d 14 ...

D/wpa_supplicant( 8936): 38:22:d6:4d:ea:50 freq=2437 qual=0 noise=0 level=-56 flags=0xb age=10

I/wpa_supplicant( 8936): [NULL] 38:22:d6:4d:ea:50 freq=2437 level=-56

D/wpa_supplicant( 8936): IEs - hexdump(len=72): 00 08 43 4d 43 43 2d 57 45 42 01 07 96 18 24 30 48 60 6c 03 01 06 07 06 43 4e 49 01 0d 1b 2a 01 ...

D/wpa_supplicant( 8936): 1c:aa:07:f5:96:bd freq=5785 qual=0 noise=0 level=-63 flags=0xb age=10

I/wpa_supplicant( 8936): [NULL] 1c:aa:07:f5:96:bd freq=5785 level=-63

D/wpa_supplicant( 8936): IEs - hexdump(len=206): 00 0d 61 6c 69 6c 61 6e 67 2d 73 65 74 75 70 01 06 98 24 30 48 60 6c 07 06 43 4e 20 95 05 1e 0b ...

D/wpa_supplicant( 8936): 1c:aa:07:f5:96:be freq=5785 qual=0 noise=0 level=-64 flags=0xb age=10

I/wpa_supplicant( 8936): [NULL] 1c:aa:07:f5:96:be freq=5785 level=-64

D/wpa_supplicant( 8936): IEs - hexdump(len=206): 00 0d 61 6c 69 62 61 62 61 2d 67 75 65 73 74 01 06 98 24 30 48 60 6c 07 06 43 4e 20 95 05 1e 0b ...

D/wpa_supplicant( 8936): 1c:aa:07:f5:96:b2 freq=2422 qual=0 noise=0 level=-62 flags=0xb age=10

I/wpa_supplicant( 8936): [NULL] 1c:aa:07:f5:96:b2 freq=2422 level=-62

D/wpa_supplicant( 8936): IEs - hexdump(len=218): 00 0d 61 6c 69 6c 61 6e 67 2d 73 65 74 75 70 01 06 98 24 30 48 60 6c 03 01 03 05 04 00 01 00 00 ...

D/wpa_supplicant( 8936): 1c:aa:07:f5:a1:0d freq=5825 qual=0 noise=0 level=-71 flags=0xb age=10

I/wpa_supplicant( 8936): [NULL] 1c:aa:07:f5:a1:0d freq=5825 level=-71

D/wpa_supplicant( 8936): IEs - hexdump(len=206): 00 0d 61 6c 69 6c 61 6e 67 2d 73 65 74 75 70 01 06 98 24 30 48 60 6c 07 06 43 4e 20 95 05 1e 0b ...

D/wpa_supplicant( 8936): 1c:aa:07:f5:a1:0e freq=5825 qual=0 noise=0 level=-71 flags=0xb age=10

I/wpa_supplicant( 8936): [NULL] 1c:aa:07:f5:a1:0e freq=5825 level=-71

D/wpa_supplicant( 8936): IEs - hexdump(len=206): 00 0d 61 6c 69 62 61 62 61 2d 67 75 65 73 74 01 06 98 24 30 48 60 6c 07 06 43 4e 20 95 05 1e 0b ...

D/wpa_supplicant( 8936): 1c:aa:07:c6:de:32 freq=2447 qual=0 noise=0 level=-71 flags=0xb age=0

I/wpa_supplicant( 8936): [NULL] 1c:aa:07:c6:de:32 freq=2447 level=-71

D/wpa_supplicant( 8936): IEs - hexdump(len=218): 00 0d 61 6c 69 6c 61 6e 67 2d 73 65 74 75 70 01 06 98 24 30 48 60 6c 03 01 08 05 04 00 01 00 00 ...

D/wpa_supplicant( 8936): 1c:aa:07:c6:de:31 freq=2447 qual=0 noise=0 level=-73 flags=0xb age=0

I/wpa_supplicant( 8936): [NULL] 1c:aa:07:c6:de:31 freq=2447 level=-73

D/wpa_supplicant( 8936): IEs - hexdump(len=218): 00 0d 61 6c 69 62 61 62 61 2d 67 75 65 73 74 01 06 98 24 30 48 60 6c 03 01 08 05 04 00 01 00 00 ...

D/wpa_supplicant( 8936): 1c:aa:07:b0:26:bd freq=5745 qual=0 noise=0 level=-79 flags=0xb age=0

I/wpa_supplicant( 8936): [NULL] 1c:aa:07:b0:26:bd freq=5745 level=-79

D/wpa_supplicant( 8936): IEs - hexdump(len=206): 00 0d 61 6c 69 6c 61 6e 67 2d 73 65 74 75 70 01 06 98 24 30 48 60 6c 07 06 43 4e 20 95 05 1e 0b ...

D/wpa_supplicant( 8936): 1c:aa:07:b0:26:be freq=5745 qual=0 noise=0 level=-79 flags=0xb age=0

I/wpa_supplicant( 8936): [NULL] 1c:aa:07:b0:26:be freq=5745 level=-79

D/wpa_supplicant( 8936): IEs - hexdump(len=206): 00 0d 61 6c 69 62 61 62 61 2d 67 75 65 73 74 01 06 98 24 30 48 60 6c 07 06 43 4e 20 95 05 1e 0b ...

D/wpa_supplicant( 8936): 38:22:d6:4f:8a:00 freq=2412 qual=0 noise=0 level=-76 flags=0xb age=0

I/wpa_supplicant( 8936): [NULL] 38:22:d6:4f:8a:00 freq=2412 level=-76

D/wpa_supplicant( 8936): IEs - hexdump(len=72): 00 08 43 4d 43 43 2d 57 45 42 01 07 96 18 24 30 48 60 6c 03 01 01 07 06 43 4e 49 01 0d 1b 2a 01 ...

D/wpa_supplicant( 8936): 1c:aa:07:b0:26:b1 freq=2422 qual=0 noise=0 level=-77 flags=0xb age=0

I/wpa_supplicant( 8936): [NULL] 1c:aa:07:b0:26:b1 freq=2422 level=-77

D/wpa_supplicant( 8936): IEs - hexdump(len=221): 00 0d 61 6c 69 62 61 62 61 2d 67 75 65 73 74 01 06 98 24 30 48 60 6c 03 01 03 05 07 00 01 00 00 ...

D/wpa_supplicant( 8936): fc:5b:39:09:96:61 freq=2472 qual=0 noise=0 level=-79 flags=0xb age=0

I/wpa_supplicant( 8936): [NULL] fc:5b:39:09:96:61 freq=2472 level=-79

D/wpa_supplicant( 8936): IEs - hexdump(len=218): 00 0d 61 6c 69 62 61 62 61 2d 67 75 65 73 74 01 06 98 24 30 48 60 6c 03 01 0d 05 04 00 01 00 00 ...

D/wpa_supplicant( 8936): 1c:aa:07:f5:9b:e1 freq=2447 qual=0 noise=0 level=-79 flags=0xb age=0

I/wpa_supplicant( 8936): [NULL] 1c:aa:07:f5:9b:e1 freq=2447 level=-79

D/wpa_supplicant( 8936): IEs - hexdump(len=218): 00 0d 61 6c 69 62 61 62 61 2d 67 75 65 73 74 01 06 98 24 30 48 60 6c 03 01 08 05 04 00 01 00 00 ...

D/wpa_supplicant( 8936): 38:22:d6:4d:2d:b0 freq=2437 qual=0 noise=0 level=-80 flags=0xb age=0

I/wpa_supplicant( 8936): [NULL] 38:22:d6:4d:2d:b0 freq=2437 level=-80

D/wpa_supplicant( 8936): IEs - hexdump(len=72): 00 08 43 4d 43 43 2d 57 45 42 01 07 96 18 24 30 48 60 6c 03 01 06 07 06 43 4e 49 01 0d 1b 2a 01 ...

D/wpa_supplicant( 8936): c0:7b:bc:36:f9:ad freq=5785 qual=0 noise=0 level=-85 flags=0xb age=0

I/wpa_supplicant( 8936): [NULL] c0:7b:bc:36:f9:ad freq=5785 level=-85

D/wpa_supplicant( 8936): IEs - hexdump(len=206): 00 0d 61 6c 69 6c 61 6e 67 2d 73 65 74 75 70 01 06 98 24 30 48 60 6c 07 06 43 4e 20 95 05 1e 0b ...

D/wpa_supplicant( 8936): c0:7b:bc:36:f9:ae freq=5785 qual=0 noise=0 level=-85 flags=0xb age=0

I/wpa_supplicant( 8936): [NULL] c0:7b:bc:36:f9:ae freq=5785 level=-85

D/wpa_supplicant( 8936): IEs - hexdump(len=206): 00 0d 61 6c 69 62 61 62 61 2d 67 75 65 73 74 01 06 98 24 30 48 60 6c 07 06 43 4e 20 95 05 1e 0b ...

D/wpa_supplicant( 8936): 1c:aa:07:f5:9b:ed freq=5765 qual=0 noise=0 level=-85 flags=0xb age=0

I/wpa_supplicant( 8936): [NULL] 1c:aa:07:f5:9b:ed freq=5765 level=-85

D/wpa_supplicant( 8936): IEs - hexdump(len=215): 00 0d 61 6c 69 6c 61 6e 67 2d 73 65 74 75 70 01 06 98 24 30 48 60 6c 05 07 00 01 06 00 01 00 00 ...

D/wpa_supplicant( 8936): d0:c2:82:7e:e5:9e freq=5805 qual=0 noise=0 level=-87 flags=0xb age=0

I/wpa_supplicant( 8936): [NULL] d0:c2:82:7e:e5:9e freq=5805 level=-87

D/wpa_supplicant( 8936): IEs - hexdump(len=206): 00 0d 61 6c 69 62 61 62 61 2d 67 75 65 73 74 01 06 98 24 30 48 60 6c 07 06 43 4e 20 95 05 1e 0b ...

D/wpa_supplicant( 8936): d0:c2:82:7e:e5:9d freq=5805 qual=0 noise=0 level=-87 flags=0xb age=0

I/wpa_supplicant( 8936): [NULL] d0:c2:82:7e:e5:9d freq=5805 level=-87

D/wpa_supplicant( 8936): IEs - hexdump(len=206): 00 0d 61 6c 69 6c 61 6e 67 2d 73 65 74 75 70 01 06 98 24 30 48 60 6c 07 06 43 4e 20 95 05 1e 0b ...

D/wpa_supplicant( 8936): wlan0: BSS: Start scan result update 1238

D/wpa_supplicant( 8936): wlan0: BSS: Add new id 3808 BSSID d0:c2:82:7e:e5:90 SSID 'alibaba-inc'

D/wpa_supplicant( 8936): CTRL_IFACE monitor sent successfully to /data/misc/wifi/sockets/wpa_ctrl_967-9\x00

D/WifiMonitor(  967): Event [IFNAME=wlan0 CTRL-EVENT-BSS-ADDED 3808 d0:c2:82:7e:e5:90]

D/wpa_supplicant( 8936): wlan0: BSS: Remove id 3792 BSSID 1c:aa:07:c6:de:30 SSID 'alibaba-inc' due to no match in scan

D/wpa_supplicant( 8936): CTRL_IFACE monitor sent successfully to /data/misc/wifi/sockets/wpa_ctrl_967-9\x00

D/wpa_supplicant( 8936): wlan0: BSS: Remove id 3764 BSSID 1c:aa:07:f5:96:b1 SSID 'alibaba-guest' due to no match in scan

D/wpa_supplicant( 8936): CTRL_IFACE monitor sent successfully to /data/misc/wifi/sockets/wpa_ctrl_967-9\x00

D/WifiMonitor(  967): Event [IFNAME=wlan0 CTRL-EVENT-BSS-REMOVED 3792 1c:aa:07:c6:de:30]

D/wpa_supplicant( 8936): wlan0: BSS: Remove id 3794 BSSID 1c:aa:07:f5:a1:02 SSID 'alilang-setup' due to no match in scan

D/wpa_supplicant( 8936): CTRL_IFACE monitor sent successfully to /data/misc/wifi/sockets/wpa_ctrl_967-9\x00

E/WifiMonitor(  967): WifiMonitor:wlan0 cnt=24939 dispatchEvent: CTRL-EVENT-BSS-REMOVED 3792 1c:aa:07:c6:de:30

D/wpa_supplicant( 8936): wlan0: BSS: Remove id 3797 BSSID 1c:aa:07:f5:9b:e2 SSID 'alilang-setup' due to no match in scan

D/wpa_supplicant( 8936): CTRL_IFACE monitor sent successfully to /data/misc/wifi/sockets/wpa_ctrl_967-9\x00

D/wpa_supplicant( 8936): BSS: last_scan_res_used=34/128

D/wpa_supplicant( 8936): wlan0: Scan-only results received

D/WifiMonitor(  967): Event [IFNAME=wlan0 CTRL-EVENT-BSS-REMOVED 3764 1c:aa:07:f5:96:b1]

D/wpa_supplicant( 8936): CTRL_IFACE monitor sent successfully to /data/misc/wifi/sockets/wpa_ctrl_967-9\x00

D/wpa_supplicant( 8936): wlan0: Radio work 'scan'@0xb81926d8 done in 3.686983 seconds

E/WifiMonitor(  967): WifiMonitor:wlan0 cnt=24940 dispatchEvent: CTRL-EVENT-BSS-REMOVED 3764 1c:aa:07:f5:96:b1

D/WifiMonitor(  967): Event [IFNAME=wlan0 CTRL-EVENT-BSS-REMOVED 3794 1c:aa:07:f5:a1:02]

E/WifiMonitor(  967): WifiMonitor:wlan0 cnt=24941 dispatchEvent: CTRL-EVENT-BSS-REMOVED 3794 1c:aa:07:f5:a1:02

E/QC-NETMGR-LIB(  285): Received nl msg, recvmsg returned 56

E/QC-NETMGR-LIB(  285): Received command: ID=NETMGR_KIF_MSG_CMD, link=0

D/wpa_supplicant( 8936): Wireless event: cmd=0x8b19 len=8

D/wpa_supplicant( 8936): RTM_NEWLINK: ifi_index=23 ifname=wlan0 wext ifi_flags=0x11043 ([UP][RUNNING][LOWER_UP])

E/QC-NETMGR-LIB(  285): Process command: ID=NETMGR_KIF_MSG_CMD, link=0, state=1

E/QC-NETMGR-LIB(  285): Processing RTM_NEWLINK

E/QC-NETMGR-LIB(  285): Metainfo:  Index=23 Family=0 Type=0x1 Change=[0x0] Flags=[0x11043]UP BROADCAST RUNNING MULTICAST LOWER_UP 

E/QC-NETMGR-LIB(  285): Rcvd Netlink msg type [16]

E/QC-NETMGR-LIB(  285): Received RTM_NEWLINK

E/QC-NETMGR-LIB(  285): unrecognized ifindex 23, disable link

D/WifiMonitor(  967): Event [IFNAME=wlan0 CTRL-EVENT-BSS-REMOVED 3797 1c:aa:07:f5:9b:e2]

E/WifiMonitor(  967): WifiMonitor:wlan0 cnt=24942 dispatchEvent: CTRL-EVENT-BSS-REMOVED 3797 1c:aa:07:f5:9b:e2

E/WifiMonitor(  967): WifiMonitor:wlan0 cnt=24943 dispatchEvent: CTRL-EVENT-SCAN-RESULTS 

D/Tethering(  967): interfaceLinkStateChanged wlan0, true

D/Tethering(  967): interfaceStatusChanged wlan0, true

E/WifiMonitor(  967): handleEvent 4  CTRL-EVENT-SCAN-RESULTS 

E/WifiStateMachine(  967): WiFiDisplay: getWifidisplayApEnabled=false

E/WifiStateMachine(  967): handleMessage: E msg.what=147461

E/WifiStateMachine(  967): processMsg: ConnectedState

E/WifiStateMachine(  967):  ConnectedState !SCAN_RESULTS_EVENT 0 0 found=39 known=10 got=39 bcn=0

E/WifiStateMachine(  967): processMsg: L2ConnectedState

E/WifiStateMachine(  967):  L2ConnectedState !SCAN_RESULTS_EVENT 0 0 found=39 known=10 got=39 bcn=0

E/WifiStateMachine(  967): processMsg: ConnectModeState

E/WifiStateMachine(  967):  ConnectModeState !SCAN_RESULTS_EVENT 0 0 found=39 known=10 got=39 bcn=0

E/WifiStateMachine(  967): processMsg: DriverStartedState

E/WifiStateMachine(  967):  DriverStartedState !SCAN_RESULTS_EVENT 0 0 found=39 known=10 got=39 bcn=0

E/WifiStateMachine(  967): processMsg: SupplicantStartedState

E/WifiStateMachine(  967):  SupplicantStartedState !SCAN_RESULTS_EVENT 0 0 found=39 known=10 got=39 bcn=0

D/WifiStateMachine(  967): [MLHD] enter handleMediaLinkEvent SupplicantStartedState

W/WifiHW  (  967): QCOM Debug wifi_send_command "IFNAME=wlan0 LIST_DONGLES"

D/wpa_supplicant( 8936): wlan0: Control interface command 'LIST_DONGLES'

D/WirelessDisplayService(  967): getDiscoveryDongleList

E/WifiStateMachine(  967): [1,450,259,491,544 ms] noteScanEnd WorkSource{10009}

W/WifiHW  (  967): QCOM Debug wifi_send_command "IFNAME=wlan0 BSS RANGE=0- MASK=0x21987"

D/wpa_supplicant( 8936): wlan0: Control interface command 'BSS RANGE=0- MASK=0x21987'

