
D/PMS     (  967): acquireWL(10dc5838): PARTIAL_WAKE_LOCK  *alarm* 0x1 967 1000 WorkSource{10174}

V/AlarmManager(  967): sending alarm PendingIntent{402d011: PendingIntentRecord{242afbac com.thestore.main broadcastIntent}}, i=AlarmTaskScheduleBak.com.thestore.main, t=0, cnt=1, w=1450259364678, Int=0

V/AlarmManager(  967): sending alarm PendingIntent{903b2a5: PendingIntentRecord{79f867a android broadcastIntent}}, i=com.android.server.WifiManager.action.START_SCAN, t=1, cnt=1, w=1450259367929, Int=20000

W/ActivityManager(  967): Duplicate finish request for ActivityRecord{73ed873 u0 android/com.android.internal.app.ResolverActivity t8944 f}

D/WifiDisplayAdapter(  967): getWifiDisplayStatusLocked: result=WifiDisplayStatus{featureState=3, scanState=0, activeDisplayState=0, activeDisplay=null, displays=[], sessionInfo=WifiDisplaySessionInfo:

D/WifiDisplayAdapter(  967):     Client/Owner: Client

D/WifiDisplayAdapter(  967):     GroupId: 

D/WifiDisplayAdapter(  967):     Passphrase: 

D/WifiDisplayAdapter(  967):     SessionId: 0

D/WifiDisplayAdapter(  967):     IP Address: }

D/PMS     (  967): releaseWL(10dc5838): PARTIAL_WAKE_LOCK  *alarm* 0x1 WorkSource{1000}

D/ZenLog  (  967): disable_effects: 0|com.android.phone|2|null|1001,booleanState

D/NotificationService(  967): disableEffects=booleanState

D/PMS     (  967): releaseWL(1c3931f2): PARTIAL_WAKE_LOCK  AudioMix 0x1 null

D/ZenLog  (  967): disable_effects: 0|com.android.phone|2|null|1001,booleanState

D/NotificationService(  967): disableEffects=booleanState

D/PMS     (  967): releaseWL(1ae2d325): FULL_WAKE_LOCK  PhoneApp_0 0x1a null

D/PMS     (  967): releaseWL(1f109c1): PARTIAL_WAKE_LOCK  GsmConnection 0x1 null

D/ZenLog  (  967): disable_effects: 0|com.android.phone|2|null|1001,booleanState

D/NotificationService(  967): disableEffects=booleanState

D/ZenLog  (  967): disable_effects: 0|com.android.phone|2|null|1001,booleanState

D/NotificationService(  967): disableEffects=booleanState

W/ContextImpl(  967): Calling a method in the system process without a qualified user: android.app.ContextImpl.sendBroadcast:1459 com.android.server.wifi.WifiStateMachine.sendDongleScanResultsAvailableBroadcast:14114 com.android.server.wifi.WifiStateMachine.handleMediaLinkEvent:14279 com.android.server.wifi.WifiStateMachine.access$5800:265 com.android.server.wifi.WifiStateMachine$SupplicantStartedState.processMessage:8070 

W/ContextImpl(25265): Calling a method in the system process without a qualified user: android.app.ContextImpl.startService:1824 android.content.ContextWrapper.startService:515 android.content.ContextWrapper.startService:515 com.htc.usage.receiver.CallActionReceiver.onReceive:34 android.app.ActivityThread.handleReceiver:2712 

D/TaskPersister(  967): removeObsoleteFile: deleting file=8822_task.xml

D/TaskPersister(  967): removeObsoleteFile: deleting file=8900_task.xml

D/TaskPersister(  967): removeObsoleteFile: deleting file=8822_task_thumbnail.png

D/TaskPersister(  967): removeObsoleteFile: deleting file=8944_task_thumbnail.png

D/PMS     (  967): acquireWL(36efa777): PARTIAL_WAKE_LOCK  BatteryServiceUpdateStats_3 0x1 967 1000 null

I/BatteryService(  967): n_update end

D/PMS     (  967): releaseWL(36efa777): PARTIAL_WAKE_LOCK  BatteryServiceUpdateStats_3 0x1 null

D/HtcPowerSaver(  967): updateBatteryInfo

D/NotificationService(  967): plugged=true pluggin=true

D/PMS     (  967): runPSCheck

D/HtcPowerSaver(  967): Checking...

I/HtcPowerSaver(  967): >> updateStatus

D/WifiController(  967): battery changed pluggedType: 2

D/PowerUI ( 2788): closing low battery warning: level=80

D/PowerUI ( 2788): plugged = true, health = 2, mBatteryLevel = 80, mPluggedBatteryLevel = 80, mLowBatteryWarningLevel2 = 25, mshowLowChargingWarning2 = true

D/QMI_FW  ( 1357): QCCI: QMI_CCI_TX: cntl_flag - 00, txn_id - 0127, msg_id - 00a3, msg_len - 000e

D/QMI_FW  ( 1357): QCCI: QMUXD: xport_send[1 -> 20]: 21 bytes on conn_id=9

I/HtcPowerSaver(  967): updateStatus (8000,80,-1,false,false,false,-1)

I/HtcPowerSaver(  967): << updateStatus

W/ContextImpl(22348): Calling a method in the system process without a qualified user: android.app.ContextImpl.startService:1824 android.content.ContextWrapper.startService:515 android.content.ContextWrapper.startService:515 com.htc.htcpowermanager.smartsync.SmartSyncDataLinkTurnOffReceiver.onReceive:22 android.app.ActivityThread.handleReceiver:2712 

D/QMI_FW  ( 1357): QCCI: QMUXD: xport_rx[1 <- 20]: 28 bytes on conn_id: 9

D/QMI_FW  ( 1357): QCCI: QMI_CCI_RX: cntl_flag - 02, txn_id - 0127, msg_id - 00a3, msg_len - 0015

D/QMI_FW  ( 1357): QCCI: QMI_CCI_TX: cntl_flag - 00, txn_id - 0128, msg_id - 0035, msg_len - 000e

D/QMI_FW  ( 1357): QCCI: QMUXD: xport_send[1 -> 20]: 21 bytes on conn_id=9

W/ContextImpl(  967): Calling a method in the system process without a qualified user: android.app.ContextImpl.startService:1824 android.content.ContextWrapper.startService:515 android.content.ContextWrapper.startService:515 com.htc.smartdim.SystemIntentReceiver.onReceive:114 android.app.ActivityThread.handleReceiver:2712 

D/QMI_FW  ( 1357): QCCI: QMUXD: xport_rx[1 <- 20]: 28 bytes on conn_id: 9

D/QMI_FW  ( 1357): QCCI: QMI_CCI_RX: cntl_flag - 02, txn_id - 0128, msg_id - 0035, msg_len - 0015

D/QMI_FW  ( 1357): QCCI: QMI_CCI_TX: cntl_flag - 00, txn_id - 0129, msg_id - 004c, msg_len - 0019

D/QMI_FW  ( 1357): QCCI: QMUXD: xport_send[1 -> 20]: 32 bytes on conn_id=9

D/QMI_FW  ( 1357): QCCI: QMUXD: xport_rx[1 <- 20]: 28 bytes on conn_id: 9

D/QMI_FW  ( 1357): QCCI: QMI_CCI_RX: cntl_flag - 02, txn_id - 0129, msg_id - 004c, msg_len - 0015

W/ContextImpl(22348): Calling a method in the system process without a qualified user: android.app.ContextImpl.startService:1824 android.content.ContextWrapper.startService:515 android.content.ContextWrapper.startService:515 com.htc.htcpowermanager.smartsync.SmartSyncDataLinkTurnOffReceiver.onReceive:22 android.app.ActivityThread.handleReceiver:2712 

W/ContextImpl(  967): Calling a method in the system process without a qualified user: android.app.ContextImpl.startService:1824 android.content.ContextWrapper.startService:515 android.content.ContextWrapper.startService:515 com.htc.smartdim.SystemIntentReceiver.onReceive:114 android.app.ActivityThread.handleReceiver:2712 

D/XAN-DPC (  967): getPSensorActive=0

D/PMS     (  967): acquireWL(2f2d4413): PARTIAL_WAKE_LOCK  AudioMix 0x1 0 1013 null

D/StatusBarManagerService(  967): manageDisableList userId=0 what=0x0 pkg=com.android.phone

D/NotificationService(  967): onSetDisabled: 0x0

D/PMS     (  967): releaseWL(cd6c954): PROXIMITY_SCREEN_OFF_WAKE_LOCK  PhoneApp_0 0x20 null

D/XAN-DPC (  967): Unregister Proximity Sensor Listener

D/PMS     (  967): releaseWL(33c380fd): PARTIAL_WAKE_LOCK  HtcAngleDetector 0x1 null

D/PMS     (  967): acquireWL(31a7228b): SCREEN_BRIGHT_WAKE_LOCK  ON_AFTER_RELEASE WindowManager 0x2000000a 967 1000 WorkSource{1001}

D/QMI_FW  ( 1357): QCCI: QMI_CCI_TX: cntl_flag - 00, txn_id - 012a, msg_id - 004c, msg_len - 0019

D/QMI_FW  ( 1357): QCCI: QMUXD: xport_send[1 -> 20]: 32 bytes on conn_id=9

D/QMI_FW  ( 1357): QCCI: QMUXD: xport_rx[1 <- 20]: 28 bytes on conn_id: 9

D/QMI_FW  ( 1357): QCCI: QMI_CCI_RX: cntl_flag - 02, txn_id - 012a, msg_id - 004c, msg_len - 0015

D/PMS     (  967): acquireWL(1d6ca826): PARTIAL_WAKE_LOCK  AudioMix 0x1 0 1013 null

D/QMI_FW  ( 1357): QCCI: QMI_CCI_TX: cntl_flag - 00, txn_id - 012b, msg_id - 0058, msg_len - 000e

D/QMI_FW  ( 1357): QCCI: QMUXD: xport_send[1 -> 20]: 21 bytes on conn_id=9

I/ActivityManager(  967): moveTaskToBack: TaskRecord{2397d295 #8900 A=com.android.phone.InCallScreen U=0 sz=1}

D/QMI_FW  ( 1357): QCCI: QMUXD: xport_rx[1 <- 20]: 28 bytes on conn_id: 9

D/QMI_FW  ( 1357): QCCI: QMI_CCI_RX: cntl_flag - 02, txn_id - 012b, msg_id - 0058, msg_len - 0015

D/QMI_FW  ( 1357): QCCI: QMI_CCI_TX: cntl_flag - 00, txn_id - 012c, msg_id - 0035, msg_len - 000e

D/QMI_FW  ( 1357): QCCI: QMUXD: xport_send[1 -> 20]: 21 bytes on conn_id=9

D/QMI_FW  ( 1357): QCCI: QMUXD: xport_rx[1 <- 20]: 28 bytes on conn_id: 9

D/QMI_FW  ( 1357): QCCI: QMI_CCI_RX: cntl_flag - 02, txn_id - 012c, msg_id - 0035, msg_len - 0015

D/QMI_FW  ( 1357): QCCI: QMI_CCI_TX: cntl_flag - 00, txn_id - 012d, msg_id - 0056, msg_len - 0012

D/QMI_FW  ( 1357): QCCI: QMUXD: xport_send[1 -> 20]: 25 bytes on conn_id=9

D/QMI_FW  ( 1357): QCCI: QMUXD: xport_rx[1 <- 20]: 28 bytes on conn_id: 9

D/QMI_FW  ( 1357): QCCI: QMI_CCI_RX: cntl_flag - 02, txn_id - 012d, msg_id - 0056, msg_len - 0015

D/QMI_FW  ( 1357): QCCI: QMI_CCI_TX: cntl_flag - 00, txn_id - 012e, msg_id - 002a, msg_len - 000f

D/QMI_FW  ( 1357): QCCI: QMUXD: xport_send[1 -> 20]: 22 bytes on conn_id=9

D/PMS     (  967): acquireWL(15e35c67): PARTIAL_WAKE_LOCK  ActivityManager-Launch 0x1 967 1000 null

D/QMI_FW  ( 1357): QCCI: QMUXD: xport_rx[1 <- 20]: 14 bytes on conn_id: 9

D/QMI_FW  ( 1357): QCCI: QMI_CCI_RX: cntl_flag - 02, txn_id - 012e, msg_id - 002a, msg_len - 0007

D/QMI_FW  ( 1357): QCCI: QMI_CCI_TX: cntl_flag - 00, txn_id - 012f, msg_id - 002a, msg_len - 0013

D/QMI_FW  ( 1357): QCCI: QMUXD: xport_send[1 -> 20]: 26 bytes on conn_id=9

D/QMI_FW  ( 1357): QCCI: QMUXD: xport_rx[1 <- 20]: 14 bytes on conn_id: 9

D/QMI_FW  ( 1357): QCCI: QMI_CCI_RX: cntl_flag - 02, txn_id - 012f, msg_id - 002a, msg_len - 0007

D/PMS     (  967): releaseWL(1d6ca826): PARTIAL_WAKE_LOCK  AudioMix 0x1 null

D/PMS     (  967): acquireWL(369fea14): PARTIAL_WAKE_LOCK  AudioMix 0x1 0 1013 null

D/PMS     (  967): releaseWL(369fea14): PARTIAL_WAKE_LOCK  AudioMix 0x1 null

D/PMS     (  967): acquireWL(1ae0f2bd): PARTIAL_WAKE_LOCK  AudioMix 0x1 0 1013 null

D/PMS     (  967): releaseWL(1ae0f2bd): PARTIAL_WAKE_LOCK  AudioMix 0x1 null

D/PMS     (  967): acquireWL(36eb20b2): PARTIAL_WAKE_LOCK  AudioMix 0x1 0 1013 null

D/PMS     (  967): releaseWL(36eb20b2): PARTIAL_WAKE_LOCK  AudioMix 0x1 null

D/PMS     (  967): acquireWL(1bf5803): PARTIAL_WAKE_LOCK  AudioMix 0x1 0 1013 null

D/PMS     (  967): releaseWL(1bf5803): PARTIAL_WAKE_LOCK  AudioMix 0x1 null

D/PMS     (  967): acquireWL(209b9380): PARTIAL_WAKE_LOCK  AudioMix 0x1 0 1013 null

D/PMS     (  967): releaseWL(209b9380): PARTIAL_WAKE_LOCK  AudioMix 0x1 null

D/PMS     (  967): acquireWL(1e2efdb9): PARTIAL_WAKE_LOCK  AudioMix 0x1 0 1013 null

D/PMS     (  967): releaseWL(1e2efdb9): PARTIAL_WAKE_LOCK  AudioMix 0x1 null

D/PMS     (  967): acquireWL(216695fe): PARTIAL_WAKE_LOCK  AudioMix 0x1 0 1013 null

D/PMS     (  967): releaseWL(216695fe): PARTIAL_WAKE_LOCK  AudioMix 0x1 null

D/PMS     (  967): acquireWL(3ad5715f): PARTIAL_WAKE_LOCK  AudioMix 0x1 0 1013 null

D/PMS     (  967): releaseWL(3ad5715f): PARTIAL_WAKE_LOCK  AudioMix 0x1 null

D/PMS     (  967): acquireWL(23e667ac): PARTIAL_WAKE_LOCK  AudioMix 0x1 0 1013 null

D/PMS     (  967): releaseWL(23e667ac): PARTIAL_WAKE_LOCK  AudioMix 0x1 null

D/PMS     (  967): acquireWL(17b8bc75): PARTIAL_WAKE_LOCK  AudioMix 0x1 0 1013 null

D/PMS     (  967): releaseWL(17b8bc75): PARTIAL_WAKE_LOCK  AudioMix 0x1 null

D/PMS     (  967): acquireWL(1a92140a): PARTIAL_WAKE_LOCK  AudioMix 0x1 0 1013 null

D/PMS     (  967): releaseWL(1a92140a): PARTIAL_WAKE_LOCK  AudioMix 0x1 null

D/PMS     (  967): acquireWL(1c09c47b): PARTIAL_WAKE_LOCK  AudioMix 0x1 0 1013 null

D/PMS     (  967): releaseWL(1c09c47b): PARTIAL_WAKE_LOCK  AudioMix 0x1 null

D/PMS     (  967): acquireWL(1c285298): PARTIAL_WAKE_LOCK  AudioMix 0x1 0 1013 null

D/PMS     (  967): releaseWL(1c285298): PARTIAL_WAKE_LOCK  AudioMix 0x1 null

D/PMS     (  967): acquireWL(3fe5aaf1): PARTIAL_WAKE_LOCK  AudioMix 0x1 0 1013 null

D/PMS     (  967): releaseWL(3fe5aaf1): PARTIAL_WAKE_LOCK  AudioMix 0x1 null

D/PMS     (  967): acquireWL(164566d6): PARTIAL_WAKE_LOCK  AudioMix 0x1 0 1013 null

I/ActivityManager(  967): moveTaskToBack: TaskRecord{2397d295 #8900 A=com.android.phone.InCallScreen U=0 sz=1}

D/PMS     (  967): releaseWL(164566d6): PARTIAL_WAKE_LOCK  AudioMix 0x1 null

D/PMS     (  967): acquireWL(662d57): PARTIAL_WAKE_LOCK  AudioMix 0x1 0 1013 null

D/PMS     (  967): releaseWL(662d57): PARTIAL_WAKE_LOCK  AudioMix 0x1 null

D/PMS     (  967): acquireWL(359c0044): PARTIAL_WAKE_LOCK  AudioMix 0x1 0 1013 null

D/PMS     (  967): releaseWL(359c0044): PARTIAL_WAKE_LOCK  AudioMix 0x1 null

D/PMS     (  967): acquireWL(1419052d): PARTIAL_WAKE_LOCK  AudioMix 0x1 0 1013 null

D/PMS     (  967): releaseWL(1419052d): PARTIAL_WAKE_LOCK  AudioMix 0x1 null

D/PMS     (  967): acquireWL(1c091a62): PARTIAL_WAKE_LOCK  AudioMix 0x1 0 1013 null

D/PMS     (  967): releaseWL(1c091a62): PARTIAL_WAKE_LOCK  AudioMix 0x1 null

D/PMS     (  967): acquireWL(3fb647f3): PARTIAL_WAKE_LOCK  AudioMix 0x1 0 1013 null

D/StatusBarManagerService(  967): manageDisableList userId=0 what=0x0 pkg=com.android.systemui

D/PMS     (  967): releaseWL(3fb647f3): PARTIAL_WAKE_LOCK  AudioMix 0x1 null

D/PMS     (  967): acquireWL(aadc729): PARTIAL_WAKE_LOCK  AudioMix 0x1 0 1013 null

D/PMS     (  967): releaseWL(aadc729): PARTIAL_WAKE_LOCK  AudioMix 0x1 null

D/StatusBarManagerService(  967): setSystemUiVisibility(0x40000700)

D/StatusBarManagerService(  967): manageDisableList userId=0 what=0x0 pkg=WindowManager.LayoutParams

D/StatusBarManagerService(  967): hiding MENU key

D/PMS     (  967): acquireWL(1a2191c8): PARTIAL_WAKE_LOCK  AudioMix 0x1 0 1013 null

D/PMS     (  967): releaseWL(1a2191c8): PARTIAL_WAKE_LOCK  AudioMix 0x1 null

I/InputMethodManagerService(  967): Disable input method client, pid=2934

D/StatusBarManagerService(  967): swetImeWindowStatus vis=0 backDisposition=0

I/InputMethodManagerService(  967): Enable input method client, pid=3397

D/PMS     (  967): releaseWL(15e35c67): PARTIAL_WAKE_LOCK  ActivityManager-Launch 0x1 null

D/PMS     (  967): acquireWL(de33186): PARTIAL_WAKE_LOCK  ServiceStateTracker 0x1 2934 1001 null

D/AlarmManager(  967): Ignore time set to 1450259374022 in setTime(); too close to current time 1450259374458

D/PMS     (  967): releaseWL(de33186): PARTIAL_WAKE_LOCK  ServiceStateTracker 0x1 null

D/PMS     (  967): releaseWL(2f2d4413): PARTIAL_WAKE_LOCK  AudioMix 0x1 null

D/TaskPersister(  967): removeObsoleteFile: deleting file=8900_task_thumbnail.png

D/PMS     (  967): releaseWL(31a7228b): SCREEN_BRIGHT_WAKE_LOCK  ON_AFTER_RELEASE WindowManager 0x2000000a WorkSource{1001}

D/PMS     (  967): acquireWL(3f72939d): PARTIAL_WAKE_LOCK  *alarm* 0x1 967 1000 WorkSource{10324}

V/AlarmManager(  967): sending alarm PendingIntent{3530e012: PendingIntentRecord{2c9c0718 com.eg.android.AlipayGphone broadcastIntent}}, i=com.eg.android.AlipayGphone.push.action.CHECK, t=0, cnt=1, w=1450259377653, Int=0

W/ActivityManager(  967): getTasks: caller 10324 does not hold GET_TASKS; limiting output

D/PMS     (  967): releaseWL(3f72939d): PARTIAL_WAKE_LOCK  *alarm* 0x1 WorkSource{10324}

W/ActivityManager(  967): Unable to start service Intent { act=com.youku.pushsdk.pushservice.FRIEND cmp=com.youku.phone/com.youku.pushsdk.service.PushService (has extras) } U=0: not found

W/ActivityManager(  967): getTasks: caller 10324 does not hold GET_TASKS; limiting output

I/ActivityManager(  967): Start proc com.htc.mms.backupagent for broadcast com.htc.mms.backupagent/.SMSBroadcastReceiver: pid=25954 uid=10200 gids={50200, 9997} abi=armeabi-v7a

I/ActivityManager(  967): Start proc com.htc.widget.hmsproc1 for broadcast com.htc.htccontactwidgets/.ContactDataChangedReceiverForHtcSmsIntent: pid=25983 uid=10027 gids={50027, 9997} abi=armeabi-v7a

I/ActivityManager(  967): Killing 24997:com.htc.android.mail:sync/u0a111 (adj 15): empty #17

I/ActivityManager(  967): Recipient 24997

D/WifiService(  967): Client connection lost with reason: 4

I/ActivityManager(  967): Killing 22559:com.htc.zero/u0a53 (adj 15): empty #17

I/ActivityManager(  967): Recipient 22559

D/PMS     (  967): acquireWL(fe9cc99): PARTIAL_WAKE_LOCK  *alarm* 0x1 967 1000 WorkSource{10251}

V/AlarmManager(  967): sending alarm PendingIntent{358539b5: PendingIntentRecord{384ce84a com.tencent.mm broadcastIntent}}, i=com.tencent.mm.TrafficStatsReceiver, t=3, cnt=1, w=151719672, Int=300000

V/AlarmManager(  967): sending alarm PendingIntent{2485fe45: PendingIntentRecord{ee4799a air.fyzb3 broadcastIntent}}, i=fyzb.alam.action, t=3, cnt=1, w=151723300, Int=60000

V/AlarmManager(  967): sending alarm PendingIntent{2aa70b3f: PendingIntentRecord{3f9def9c com.dangdang.buy2 broadcastIntent}}, i=io.rong.push.HeartBeat, t=3, cnt=1, w=151723899, Int=0

D/PMS     (  967): acquireWL(472c0c): PARTIAL_WAKE_LOCK  wake:com.dangdang.buy2/io.rong.push.PushService 0x1 15350 10139 null

D/PMS     (  967): releaseWL(fe9cc99): PARTIAL_WAKE_LOCK  *alarm* 0x1 WorkSource{10139}

D/ActivityManager(  967): deliveredStarts size = 303, ServiceRecord{3c937711 u0 com.dangdang.buy2/io.rong.push.PushService}

D/PMS     (  967): releaseWL(472c0c): PARTIAL_WAKE_LOCK  wake:com.dangdang.buy2/io.rong.push.PushService 0x1 null

D/WifiDisplayAdapter(  967): getWifiDisplayStatusLocked: result=WifiDisplayStatus{featureState=3, scanState=0, activeDisplayState=0, activeDisplay=null, displays=[], sessionInfo=WifiDisplaySessionInfo:

D/WifiDisplayAdapter(  967):     Client/Owner: Client

D/WifiDisplayAdapter(  967):     GroupId: 

D/WifiDisplayAdapter(  967):     Passphrase: 

D/WifiDisplayAdapter(  967):     SessionId: 0

D/WifiDisplayAdapter(  967):     IP Address: }

W/ContextImpl(  967): Calling a method in the system process without a qualified user: android.app.ContextImpl.sendBroadcast:1459 com.android.server.wifi.WifiStateMachine.sendDongleScanResultsAvailableBroadcast:14114 com.android.server.wifi.WifiStateMachine.handleMediaLinkEvent:14279 com.android.server.wifi.WifiStateMachine.access$5800:265 com.android.server.wifi.WifiStateMachine$SupplicantStartedState.processMessage:8070 

D/PMS     (  967): acquireWL(2b019955): PARTIAL_WAKE_LOCK  *alarm* 0x1 967 1000 WorkSource{10092}

V/AlarmManager(  967): sending alarm PendingIntent{651f657: PendingIntentRecord{14f42491 com.dianping.v1 startService}}, i=com.dianping.push.KEEP_ALIVE, t=0, cnt=1, w=1450259393713, Int=240000

V/AlarmManager(  967): sending alarm PendingIntent{39245f6a: PendingIntentRecord{285b30b0 com.dianping.v1 broadcastIntent}}, i=wns.heartbeat, t=2, cnt=1, w=151737085, Int=0

V/AlarmManager(  967): sending alarm PendingIntent{903b2a5: PendingIntentRecord{79f867a android broadcastIntent}}, i=com.android.server.WifiManager.action.START_SCAN, t=1, cnt=1, w=1450259387929, Int=20000

D/PMS     (  967): acquireWL(1f8b1c5b): PARTIAL_WAKE_LOCK  WakeLockManager 0x1 20491 10092 null

D/WifiDisplayAdapter(  967): getWifiDisplayStatusLocked: result=WifiDisplayStatus{featureState=3, scanState=0, activeDisplayState=0, activeDisplay=null, displays=[], sessionInfo=WifiDisplaySessionInfo:

D/WifiDisplayAdapter(  967):     Client/Owner: Client

D/WifiDisplayAdapter(  967):     GroupId: 

D/WifiDisplayAdapter(  967):     Passphrase: 

D/WifiDisplayAdapter(  967):     SessionId: 0

D/WifiDisplayAdapter(  967):     IP Address: }

D/PMS     (  967): releaseWL(2b019955): PARTIAL_WAKE_LOCK  *alarm* 0x1 WorkSource{1000}

D/PMS     (  967): releaseWL(1f8b1c5b): PARTIAL_WAKE_LOCK  WakeLockManager 0x1 null

D/PMS     (  967): acquireWL(1a40fcf8): PARTIAL_WAKE_LOCK  WakeLockManager 0x1 20491 10092 null

D/PMS     (  967): releaseWL(1a40fcf8): PARTIAL_WAKE_LOCK  WakeLockManager 0x1 null

W/ActivityManager(  967): getTasks: caller 10005 does not hold GET_TASKS; limiting output

D/WifiDisplayAdapter(  967): getWifiDisplayStatusLocked: result=WifiDisplayStatus{featureState=3, scanState=0, activeDisplayState=0, activeDisplay=null, displays=[], sessionInfo=WifiDisplaySessionInfo:

D/WifiDisplayAdapter(  967):     Client/Owner: Client

D/WifiDisplayAdapter(  967):     GroupId: 

D/WifiDisplayAdapter(  967):     Passphrase: 

D/WifiDisplayAdapter(  967):     SessionId: 0

D/WifiDisplayAdapter(  967):     IP Address: }

D/PMS     (  967): acquireWL(1a8f75d1): PARTIAL_WAKE_LOCK  LocationManagerService 0x1 967 1000 WorkSource{10056 com.htc.sense.hsp}

D/PMS     (  967): releaseWL(1a8f75d1): PARTIAL_WAKE_LOCK  LocationManagerService 0x1 WorkSource{10056 com.htc.sense.hsp}

D/PMS     (  967): acquireWL(35a10836): PARTIAL_WAKE_LOCK  LocationManagerService 0x1 967 1000 WorkSource{1000 android}

D/PMS     (  967): acquireWL(35d52337): PARTIAL_WAKE_LOCK  LocationManagerService 0x1 967 1000 WorkSource{10009 android.htc.china.location.service}

D/PMS     (  967): acquireWL(1004f0a4): PARTIAL_WAKE_LOCK  LocationManagerService 0x1 967 1000 WorkSource{10056 com.htc.sense.hsp}

D/PMS     (  967): releaseWL(35d52337): PARTIAL_WAKE_LOCK  LocationManagerService 0x1 WorkSource{10009 android.htc.china.location.service}

D/QMI_FW  (  967): QCCI: QMI_CCI_TX: cntl_flag - 00, txn_id - 13cb, msg_id - 0039, msg_len - 0021

D/QMI_FW  (  967): QCCI: QMUXD: xport_send[1 -> 16]: 40 bytes on conn_id=9

D/PMS     (  967): releaseWL(35a10836): PARTIAL_WAKE_LOCK  LocationManagerService 0x1 WorkSource{1000 android}

D/PMS     (  967): releaseWL(1004f0a4): PARTIAL_WAKE_LOCK  LocationManagerService 0x1 WorkSource{10056 com.htc.sense.hsp}

D/QMI_FW  (  967): QCCI: QMUXD: xport_rx[1 <- 16]: 14 bytes on conn_id: 9

D/QMI_FW  (  967): QCCI: QMI_CCI_RX: cntl_flag - 02, txn_id - 13cb, msg_id - 0039, msg_len - 0007

D/QMI_FW  (  967): QCCI: QMUXD: xport_rx[1 <- 16]: 14 bytes on conn_id: 9

D/QMI_FW  (  967): QCCI: QMI_CCI_RX: cntl_flag - 04, txn_id - 0000, msg_id - 0039, msg_len - 0007

W/ActivityManager(  967): getTasks: caller 10183 does not hold GET_TASKS; limiting output

D/PMS     (  967): acquireWL(16449e0d): PARTIAL_WAKE_LOCK  *alarm* 0x40000001 967 1000 WorkSource{1000}

V/AlarmManager(  967): sending alarm PendingIntent{284a73eb: PendingIntentRecord{29c72548 android broadcastIntent}}, i=android.intent.action.TIME_TICK, t=3, cnt=1, w=151742805, Int=0

D/PMS     (  967): releaseWL(16449e0d): PARTIAL_WAKE_LOCK  *alarm* 0x40000001 WorkSource{1000}

W/ContextImpl(  967): Calling a method in the system process without a qualified user: android.app.ContextImpl.sendBroadcast:1459 com.android.server.wifi.WifiStateMachine.sendDongleScanResultsAvailableBroadcast:14114 com.android.server.wifi.WifiStateMachine.handleMediaLinkEvent:14279 com.android.server.wifi.WifiStateMachine.access$5800:265 com.android.server.wifi.WifiStateMachine$SupplicantStartedState.processMessage:8070 

W/ActivityManager(  967): getTasks: caller 10157 does not hold GET_TASKS; limiting output

W/ActivityManager(  967): getTasks: caller 10157 does not hold GET_TASKS; limiting output

W/ActivityManager(  967): getTasks: caller 10157 does not hold GET_TASKS; limiting output

W/ActivityManager(  967): getTasks: caller 10157 does not hold GET_TASKS; limiting output

D/PMS     (  967): acquireWL(3da4e80e): PARTIAL_WAKE_LOCK  GpsLocationProvider 0x1 967 1000 null

D/QMI_FW  (  967): QCCI: QMI_CCI_TX: cntl_flag - 00, txn_id - 13cc, msg_id - 004a, msg_len - 0007

D/QMI_FW  (  967): QCCI: QMUXD: xport_send[1 -> 16]: 14 bytes on conn_id=9

D/PMS     (  967): releaseWL(3da4e80e): PARTIAL_WAKE_LOCK  GpsLocationProvider 0x1 null

D/QMI_FW  (  967): QCCI: QMUXD: xport_rx[1 <- 16]: 14 bytes on conn_id: 9

D/QMI_FW  (  967): QCCI: QMI_CCI_RX: cntl_flag - 02, txn_id - 13cc, msg_id - 004a, msg_len - 0007

D/QMI_FW  (  967): QCCI: QMUXD: xport_rx[1 <- 16]: 14 bytes on conn_id: 9

D/QMI_FW  (  967): QCCI: QMI_CCI_RX: cntl_flag - 04, txn_id - 0000, msg_id - 004a, msg_len - 0007

D/QMI_FW  (  967): QCCI: QMI_CCI_TX: cntl_flag - 00, txn_id - 13cd, msg_id - 0022, msg_len - 0019

D/QMI_FW  (  967): QCCI: QMUXD: xport_send[1 -> 16]: 32 bytes on conn_id=9

D/PMS     (  967): acquireWL(6bf422f): PARTIAL_WAKE_LOCK  LocationManagerService 0x1 967 1000 WorkSource{10092 com.dianping.v1}

D/PMS     (  967): releaseWL(6bf422f): PARTIAL_WAKE_LOCK  LocationManagerService 0x1 WorkSource{10092 com.dianping.v1}

D/PMS     (  967): acquireWL(4f3b03c): PARTIAL_WAKE_LOCK  LocationManagerService 0x1 967 1000 WorkSource{1000 android}

D/PMS     (  967): releaseWL(4f3b03c): PARTIAL_WAKE_LOCK  LocationManagerService 0x1 WorkSource{1000 android}

D/QMI_FW  (  967): QCCI: QMUXD: xport_rx[1 <- 16]: 14 bytes on conn_id: 9

D/QMI_FW  (  967): QCCI: QMI_CCI_RX: cntl_flag - 02, txn_id - 13cd, msg_id - 0022, msg_len - 0007

D/QMI_FW  (  967): QCCI: QMI_CCI_TX: cntl_flag - 00, txn_id - 13ce, msg_id - 0039, msg_len - 0021

D/QMI_FW  (  967): QCCI: QMUXD: xport_send[1 -> 16]: 40 bytes on conn_id=9

D/QMI_FW  (  967): QCCI: QMUXD: xport_rx[1 <- 16]: 14 bytes on conn_id: 9

D/QMI_FW  (  967): QCCI: QMI_CCI_RX: cntl_flag - 02, txn_id - 13ce, msg_id - 0039, msg_len - 0007

D/QMI_FW  (  967): QCCI: QMUXD: xport_rx[1 <- 16]: 14 bytes on conn_id: 9

D/QMI_FW  (  967): QCCI: QMI_CCI_RX: cntl_flag - 04, txn_id - 0000, msg_id - 0039, msg_len - 0007

D/QMI_FW  (  967): QCCI: QMUXD: xport_rx[1 <- 16]: 28 bytes on conn_id: 9

D/QMI_FW  (  967): QCCI: QMI_CCI_RX: cntl_flag - 04, txn_id - 0000, msg_id - 0031, msg_len - 0015

D/ConnectivityService(  967): isNetworkSignaturePermitted=true, action=0

D/ConnectivityService(  967): requestNetwork for NetworkRequest [ id=207, legacyType=3, [ Transports: CELLULAR Capabilities: SUPL&NOT_RESTRICTED&TRUSTED&NOT_VPN] ] called by uid/pid=1000/967

D/ConnectivityService(  967): handleRegisterNetworkRequest checking NetworkAgentInfo [WIFI () - 287]

D/ConnectivityService(  967): sending new NetworkRequest to factories

D/WifiService(  967): >>>>>>>>ACTION_ANY_DATA_CONNECTION_STATE_CHANGED<<<<<<<<iSlotNum=0 sReason=dataEnabled sApnType=supl

D/WifiService(  967): >>>>>>>>ACTION_ANY_DATA_CONNECTION_STATE_CHANGED<<<<<<<<iSlotNum=0 sReason=dataEnabled sApnType=httpproxy

D/WifiService(  967): >>>>>>>>ACTION_ANY_DATA_CONNECTION_STATE_CHANGED<<<<<<<<iSlotNum=0 sReason=dataEnabled sApnType=callernameid

D/WifiService(  967): >>>>>>>>ACTION_ANY_DATA_CONNECTION_STATE_CHANGED<<<<<<<<iSlotNum=0 sReason=dataEnabled sApnType=verizon

D/WifiService(  967): >>>>>>>>ACTION_ANY_DATA_CONNECTION_STATE_CHANGED<<<<<<<<iSlotNum=0 sReason=dataEnabled sApnType=fota

D/WifiService(  967): >>>>>>>>ACTION_ANY_DATA_CONNECTION_STATE_CHANGED<<<<<<<<iSlotNum=0 sReason=dataEnabled sApnType=emergency

D/WifiService(  967): >>>>>>>>ACTION_ANY_DATA_CONNECTION_STATE_CHANGED<<<<<<<<iSlotNum=0 sReason=dataEnabled sApnType=verizon800

D/WifiService(  967): >>>>>>>>ACTION_ANY_DATA_CONNECTION_STATE_CHANGED<<<<<<<<iSlotNum=0 sReason=dataEnabled sApnType=hipri

D/WifiService(  967): >>>>>>>>ACTION_ANY_DATA_CONNECTION_STATE_CHANGED<<<<<<<<iSlotNum=0 sReason=dataEnabled sApnType=ims

D/WifiService(  967): >>>>>>>>ACTION_ANY_DATA_CONNECTION_STATE_CHANGED<<<<<<<<iSlotNum=0 sReason=dataEnabled sApnType=default

D/WifiService(  967): >>>>>>>>ACTION_ANY_DATA_CONNECTION_STATE_CHANGED<<<<<<<<iSlotNum=0 sReason=dataEnabled sApnType=mms

D/WifiService(  967): >>>>>>>>ACTION_ANY_DATA_CONNECTION_STATE_CHANGED<<<<<<<<iSlotNum=0 sReason=dataEnabled sApnType=cbs

D/WifiService(  967): >>>>>>>>ACTION_ANY_DATA_CONNECTION_STATE_CHANGED<<<<<<<<iSlotNum=0 sReason=dataEnabled sApnType=ia

D/WifiService(  967): >>>>>>>>ACTION_ANY_DATA_CONNECTION_STATE_CHANGED<<<<<<<<iSlotNum=0 sReason=dataEnabled sApnType=dun

D/WifiService(  967): >>>>>>>>ACTION_ANY_DATA_CONNECTION_STATE_CHANGED<<<<<<<<iSlotNum=0 sReason=dataEnabled sApnType=internet

D/QMI_FW  (  967): QCCI: QMUXD: xport_rx[1 <- 16]: 14 bytes on conn_id: 9

D/QMI_FW  (  967): QCCI: QMI_CCI_RX: cntl_flag - 04, txn_id - 0000, msg_id - 002b, msg_len - 0007

D/PMS     (  967): acquireWL(2f087541): PARTIAL_WAKE_LOCK  GpsLocationProvider 0x1 967 1000 null

D/QMI_FW  (  967): QCCI: QMI_CCI_TX: cntl_flag - 00, txn_id - 13cf, msg_id - 0023, msg_len - 0004

D/QMI_FW  (  967): QCCI: QMUXD: xport_send[1 -> 16]: 11 bytes on conn_id=9

D/PMS     (  967): releaseWL(2f087541): PARTIAL_WAKE_LOCK  GpsLocationProvider 0x1 null

D/QMI_FW  (  967): QCCI: QMUXD: xport_rx[1 <- 16]: 14 bytes on conn_id: 9

D/QMI_FW  (  967): QCCI: QMI_CCI_RX: cntl_flag - 02, txn_id - 13cf, msg_id - 0023, msg_len - 0007

D/QMI_FW  (  967): QCCI: QMUXD: xport_rx[1 <- 16]: 25 bytes on conn_id: 9

D/QMI_FW  (  967): QCCI: QMI_CCI_RX: cntl_flag - 04, txn_id - 0000, msg_id - 0024, msg_len - 0012

D/QMI_FW  (  967): QCCI: QMUXD: xport_rx[1 <- 16]: 28 bytes on conn_id: 9

D/QMI_FW  (  967): QCCI: QMI_CCI_RX: cntl_flag - 04, txn_id - 0000, msg_id - 0031, msg_len - 0015

D/QMI_FW  (  967): QCCI: QMI_CCI_TX: cntl_flag - 00, txn_id - 13d0, msg_id - 0053, msg_len - 0015

D/QMI_FW  (  967): QCCI: QMUXD: xport_send[1 -> 16]: 28 bytes on conn_id=9

D/QMI_FW  (  967): QCCI: QMUXD: xport_rx[1 <- 16]: 14 bytes on conn_id: 9

D/QMI_FW  (  967): QCCI: QMI_CCI_RX: cntl_flag - 02, txn_id - 13d0, msg_id - 0053, msg_len - 0007

D/QMI_FW  (  967): QCCI: QMUXD: xport_rx[1 <- 16]: 14 bytes on conn_id: 9

D/QMI_FW  (  967): QCCI: QMI_CCI_RX: cntl_flag - 04, txn_id - 0000, msg_id - 0053, msg_len - 0007

D/ConnectivityService(  967): isNetworkSignaturePermitted=true, action=0

D/ConnectivityService(  967): releaseNetworkRequest for NetworkRequest [ id=207, legacyType=3, [ Transports: CELLULAR Capabilities: SUPL&NOT_RESTRICTED&TRUSTED&NOT_VPN] ] called by uid/pid=1000/967

D/ConnectivityService(  967): releasing NetworkRequest NetworkRequest [ id=207, legacyType=3, [ Transports: CELLULAR Capabilities: SUPL&NOT_RESTRICTED&TRUSTED&NOT_VPN] ]

D/ConnectivityService(  967): sending notification RELEASED for NetworkRequest [ id=207, legacyType=3, [ Transports: CELLULAR Capabilities: SUPL&NOT_RESTRICTED&TRUSTED&NOT_VPN] ]

D/QMI_FW  (  967): QCCI: QMUXD: xport_rx[1 <- 16]: 14 bytes on conn_id: 9

D/QMI_FW  (  967): QCCI: QMI_CCI_RX: cntl_flag - 04, txn_id - 0000, msg_id - 002b, msg_len - 0007

D/WifiService(  967): releaseMulticastLock pid=18875, uid=10128

D/WifiService(  967): removeMulticasterLocked

D/WifiService(  967): acquireMulticastLock pid=18875, uid=10128

D/WifiDisplayAdapter(  967): getWifiDisplayStatusLocked: result=WifiDisplayStatus{featureState=3, scanState=0, activeDisplayState=0, activeDisplay=null, displays=[], sessionInfo=WifiDisplaySessionInfo:

D/WifiDisplayAdapter(  967):     Client/Owner: Client

D/WifiDisplayAdapter(  967):     GroupId: 

D/WifiDisplayAdapter(  967):     Passphrase: 

D/WifiDisplayAdapter(  967):     SessionId: 0

D/WifiDisplayAdapter(  967):     IP Address: }

D/PMS     (  967): acquireWL(b99eae6): PARTIAL_WAKE_LOCK  *alarm* 0x1 967 1000 WorkSource{1000}

V/AlarmManager(  967): sending alarm PendingIntent{903b2a5: PendingIntentRecord{79f867a android broadcastIntent}}, i=com.android.server.WifiManager.action.START_SCAN, t=1, cnt=1, w=1450259407929, Int=20000

D/PMS     (  967): releaseWL(b99eae6): PARTIAL_WAKE_LOCK  *alarm* 0x1 WorkSource{1000}

E/NetlinkEvent(  291): NetlinkEvent::FindParam(): Parameter 'TIME_NS' not found

D/ConnectivityService(  967): setProvNotificationVisible: E visible=false networkType=0 action=com.android.internal.telephony.PROVISION0

D/ConnectivityService(  967): setProvNotificationVisibleIntent: E visible=false networkType=0 extraInfo=null

D/ConnectivityService(  967): registerNetworkAgent NetworkAgentInfo{ ni{[type: MOBILE[HSDPA], state: CONNECTED/CONNECTED, reason: connected, extra: cmnet, roaming: false, failover: false, isAvailable: true, isConnectedToProvisioningNetwork: false]}  network{null}  lp{{InterfaceName: rmnet_usb0 LinkAddresses: [10.152.102.51/29,]  Routes: [0.0.0.0/0 -> 10.152.102.49 rmnet_usb0,] DnsAddresses: [211.140.11.66,211.140.13.188,] Domains: null MTU: 1420 TcpBufferSizes: 288768,288768,1572864,4096,225280,1220608}}  nc{[ Transports: CELLULAR Capabilities: SUPL&NOT_RESTRICTED&TRUSTED&NOT_VPN LinkUpBandwidth>=2048Kbps LinkDnBandwidth>=14336Kbps Specifier: <3>]}  Score{10} validated{false} created{false} explicitlySelected{false} }

D/ConnectivityService(  967): Got NetworkAgent Messenger

D/WifiService(  967): >>>>>>>>ACTION_ANY_DATA_CONNECTION_STATE_CHANGED<<<<<<<<iSlotNum=0 sReason=connected sApnType=supl

D/ConnectivityService(  967): NetworkAgentInfo [MOBILE (HSDPA) - 318] EVENT_NETWORK_INFO_CHANGED, going from null to CONNECTED

D/ConnectivityService(  967): Adding iface rmnet_usb0 to network 318

D/ConnectivityService(  967): Setting MTU size: rmnet_usb0, 1420

D/ConnectivityService(  967): Adding Route [0.0.0.0/0 -> 10.152.102.49 rmnet_usb0] to network 318

D/ConnectivityService(  967): Setting Dns servers for network 318 to [/211.140.11.66, /211.140.13.188]

D/Nat464Xlat(  967): requiresClat: netType=0, connected=true, mIsClatEnabled=true, hasIPv4Address=true

D/ConnectivityService(  967): notifyType IP_CHANGED for NetworkAgentInfo [MOBILE (HSDPA) - 318]

D/ConnectivityService(  967): notifyType PRECHECK for NetworkAgentInfo [MOBILE (HSDPA) - 318]

D/ConnectivityService(  967): rematching NetworkAgentInfo [MOBILE (HSDPA) - 318]

D/ConnectivityService(  967):  network has: [ Transports: CELLULAR Capabilities: SUPL&NOT_RESTRICTED&TRUSTED&NOT_VPN LinkUpBandwidth>=2048Kbps LinkDnBandwidth>=14336Kbps Specifier: <3>]

D/ConnectivityService(  967):   checking if request is satisfied: NetworkRequest [ id=2, legacyType=-1, [] ]

D/ConnectivityService(  967):   checking if request is satisfied: NetworkRequest [ id=1, legacyType=-1, [ Capabilities: INTERNET&NOT_RESTRICTED&TRUSTED&NOT_VPN] ]

D/ConnectivityService(  967): NetworkAgent connected

D/ConnectivityService(  967): Validated NetworkAgentInfo [MOBILE (HSDPA) - 318]

D/ConnectivityService(  967): rematching NetworkAgentInfo [MOBILE (HSDPA) - 318]

D/ConnectivityService(  967):  network has: [ Transports: CELLULAR Capabilities: SUPL&NOT_RESTRICTED&TRUSTED&NOT_VPN LinkUpBandwidth>=2048Kbps LinkDnBandwidth>=14336Kbps Specifier: <3>]

D/ConnectivityService(  967):   checking if request is satisfied: NetworkRequest [ id=2, legacyType=-1, [] ]

D/ConnectivityService(  967):   checking if request is satisfied: NetworkRequest [ id=1, legacyType=-1, [ Capabilities: INTERNET&NOT_RESTRICTED&TRUSTED&NOT_VPN] ]

D/ConnectivityService(  967): Validated network turns out to be unwanted.  Tear it down.

D/ConnectivityService(  967): NetworkAgentInfo [MOBILE (HSDPA) - 318] EVENT_NETWORK_INFO_CHANGED, going from CONNECTED to DISCONNECTED

D/ConnectivityService(  967): NetworkAgentInfo [MOBILE (HSDPA) - 318] got DISCONNECTED, was satisfying 1

D/ConnectivityService(  967): handleAsyncChannelDisconnected userEnableNotify=false, isWiFiDefaultNetwork=true, mobiledata=true, netType=0, mIsNotifying=false, airplaneOn=false

D/ConnectivityService(  967): notifyType LOST for NetworkAgentInfo [MOBILE (HSDPA) - 318]

D/ConnectivityService(  967):  sending notification for NetworkRequest [ id=2, legacyType=-1, [] ]

D/ConnectivityService(  967): sending notification LOST for NetworkRequest [ id=2, legacyType=-1, [] ]

D/Nat464Xlat(  967): requiresClat: netType=0, connected=false, mIsClatEnabled=true, hasIPv4Address=true

D/WifiService(  967): >>>>>>>>ACTION_ANY_DATA_CONNECTION_STATE_CHANGED<<<<<<<<iSlotNum=0 sReason=connected sApnType=supl

E/NetlinkEvent(  291): NetlinkEvent::FindParam(): Parameter 'TIME_NS' not found

W/ActivityManager(  967): getTasks: caller 10157 does not hold GET_TASKS; limiting output

D/WifiDisplayAdapter(  967): getWifiDisplayStatusLocked: result=WifiDisplayStatus{featureState=3, scanState=0, activeDisplayState=0, activeDisplay=null, displays=[], sessionInfo=WifiDisplaySessionInfo:

D/WifiDisplayAdapter(  967):     Client/Owner: Client

D/WifiDisplayAdapter(  967):     GroupId: 

D/WifiDisplayAdapter(  967):     Passphrase: 

D/WifiDisplayAdapter(  967):     SessionId: 0

D/WifiDisplayAdapter(  967):     IP Address: }

W/ContextImpl(  967): Calling a method in the system process without a qualified user: android.app.ContextImpl.sendBroadcast:1459 com.android.server.wifi.WifiStateMachine.sendDongleScanResultsAvailableBroadcast:14114 com.android.server.wifi.WifiStateMachine.handleMediaLinkEvent:14279 com.android.server.wifi.WifiStateMachine.access$5800:265 com.android.server.wifi.WifiStateMachine$SupplicantStartedState.processMessage:8070 

D/PMS     (  967): acquireWL(2e6e26ed): PARTIAL_WAKE_LOCK  LocationManagerService 0x1 967 1000 WorkSource{10092 com.dianping.v1}

D/PMS     (  967): releaseWL(2e6e26ed): PARTIAL_WAKE_LOCK  LocationManagerService 0x1 WorkSource{10092 com.dianping.v1}

D/PMS     (  967): acquireWL(1d10f922): PARTIAL_WAKE_LOCK  LocationManagerService 0x1 967 1000 WorkSource{1000 android}

D/QMI_FW  (  967): QCCI: QMI_CCI_TX: cntl_flag - 00, txn_id - 13d1, msg_id - 0039, msg_len - 0021

D/PMS     (  967): releaseWL(1d10f922): PARTIAL_WAKE_LOCK  LocationManagerService 0x1 WorkSource{1000 android}

D/QMI_FW  (  967): QCCI: QMUXD: xport_send[1 -> 16]: 40 bytes on conn_id=9

D/QMI_FW  (  967): QCCI: QMUXD: xport_rx[1 <- 16]: 14 bytes on conn_id: 9

D/QMI_FW  (  967): QCCI: QMI_CCI_RX: cntl_flag - 02, txn_id - 13d1, msg_id - 0039, msg_len - 0007

D/QMI_FW  (  967): QCCI: QMUXD: xport_rx[1 <- 16]: 14 bytes on conn_id: 9

D/QMI_FW  (  967): QCCI: QMI_CCI_RX: cntl_flag - 04, txn_id - 0000, msg_id - 0039, msg_len - 0007

D/WifiDisplayAdapter(  967): getWifiDisplayStatusLocked: result=WifiDisplayStatus{featureState=3, scanState=0, activeDisplayState=0, activeDisplay=null, displays=[], sessionInfo=WifiDisplaySessionInfo:

D/WifiDisplayAdapter(  967):     Client/Owner: Client

D/WifiDisplayAdapter(  967):     GroupId: 

D/WifiDisplayAdapter(  967):     Passphrase: 

D/WifiDisplayAdapter(  967):     SessionId: 0

D/WifiDisplayAdapter(  967):     IP Address: }

D/PMS     (  967): acquireWL(1e6e9fb3): PARTIAL_WAKE_LOCK  LocationManagerService 0x1 967 1000 WorkSource{10092 com.dianping.v1}

D/PMS     (  967): releaseWL(1e6e9fb3): PARTIAL_WAKE_LOCK  LocationManagerService 0x1 WorkSource{10092 com.dianping.v1}

D/PMS     (  967): acquireWL(2134b970): PARTIAL_WAKE_LOCK  LocationManagerService 0x1 967 1000 WorkSource{1000 android}

D/PMS     (  967): acquireWL(109344e9): PARTIAL_WAKE_LOCK  LocationManagerService 0x1 967 1000 WorkSource{10009 android.htc.china.location.service}

D/PMS     (  967): acquireWL(22e9856e): PARTIAL_WAKE_LOCK  LocationManagerService 0x1 967 1000 WorkSource{10056 com.htc.sense.hsp}

D/WifiDisplayAdapter(  967): getWifiDisplayStatusLocked: result=WifiDisplayStatus{featureState=3, scanState=0, activeDisplayState=0, activeDisplay=null, displays=[], sessionInfo=WifiDisplaySessionInfo:

D/WifiDisplayAdapter(  967):     Client/Owner: Client

D/WifiDisplayAdapter(  967):     GroupId: 

D/WifiDisplayAdapter(  967):     Passphrase: 

D/WifiDisplayAdapter(  967):     SessionId: 0

D/WifiDisplayAdapter(  967):     IP Address: }

D/PMS     (  967): acquireWL(2529840f): PARTIAL_WAKE_LOCK  *alarm* 0x1 967 1000 WorkSource{1000}

V/AlarmManager(  967): sending alarm PendingIntent{903b2a5: PendingIntentRecord{79f867a android broadcastIntent}}, i=com.android.server.WifiManager.action.START_SCAN, t=1, cnt=1, w=1450259427929, Int=20000

D/PMS     (  967): releaseWL(2529840f): PARTIAL_WAKE_LOCK  *alarm* 0x1 WorkSource{1000}

D/PMS     (  967): releaseWL(109344e9): PARTIAL_WAKE_LOCK  LocationManagerService 0x1 WorkSource{10009 android.htc.china.location.service}

D/QMI_FW  (  967): QCCI: QMI_CCI_TX: cntl_flag - 00, txn_id - 13d2, msg_id - 0039, msg_len - 0021

D/QMI_FW  (  967): QCCI: QMUXD: xport_send[1 -> 16]: 40 bytes on conn_id=9

D/PMS     (  967): releaseWL(2134b970): PARTIAL_WAKE_LOCK  LocationManagerService 0x1 WorkSource{1000 android}

D/QMI_FW  (  967): QCCI: QMUXD: xport_rx[1 <- 16]: 14 bytes on conn_id: 9

D/QMI_FW  (  967): QCCI: QMI_CCI_RX: cntl_flag - 02, txn_id - 13d2, msg_id - 0039, msg_len - 0007

D/QMI_FW  (  967): QCCI: QMUXD: xport_rx[1 <- 16]: 14 bytes on conn_id: 9

D/QMI_FW  (  967): QCCI: QMI_CCI_RX: cntl_flag - 04, txn_id - 0000, msg_id - 0039, msg_len - 0007

D/PMS     (  967): releaseWL(22e9856e): PARTIAL_WAKE_LOCK  LocationManagerService 0x1 WorkSource{10056 com.htc.sense.hsp}

D/PMS     (  967): acquireWL(2b83fc9c): PARTIAL_WAKE_LOCK  BatteryServiceUpdateStats_3 0x1 967 1000 null

I/BatteryService(  967): n_update end

D/PMS     (  967): releaseWL(2b83fc9c): PARTIAL_WAKE_LOCK  BatteryServiceUpdateStats_3 0x1 null

D/PowerUI ( 2788): closing low battery warning: level=80

D/HtcPowerSaver(  967): updateBatteryInfo

D/NotificationService(  967): plugged=true pluggin=true

D/PMS     (  967): runPSCheck

D/HtcPowerSaver(  967): Checking...

I/HtcPowerSaver(  967): >> updateStatus

D/WifiController(  967): battery changed pluggedType: 2

D/PowerUI ( 2788): plugged = true, health = 2, mBatteryLevel = 80, mPluggedBatteryLevel = 80, mLowBatteryWarningLevel2 = 25, mshowLowChargingWarning2 = true

W/ContextImpl(  967): Calling a method in the system process without a qualified user: android.app.ContextImpl.sendBroadcast:1459 com.android.server.wifi.WifiStateMachine.sendDongleScanResultsAvailableBroadcast:14114 com.android.server.wifi.WifiStateMachine.handleMediaLinkEvent:14279 com.android.server.wifi.WifiStateMachine.access$5800:265 com.android.server.wifi.WifiStateMachine$SupplicantStartedState.processMessage:8070 

I/HtcPowerSaver(  967): updateStatus (8000,80,-1,false,false,false,-1)

I/HtcPowerSaver(  967): << updateStatus

I/ActivityManager(  967): START u0 {act=android.intent.action.SENDTO dat=sms:xxxxxxxxxxx flg=0x10000000 cmp=com.htc.sense.mms/.ui.PreHandleIntentActivity (has extras)} from uid 2000 pid 26431 on display 0

D/PMS     (  967): acquireHCC(3ad246a5): CPU_MIN_NUM ActivityManager-MultiCore-Num 0x8000 967 1000 null

D/PMS     (  967): acquireHCC(25ac8a7a): CPU_MIN_FREQ ActivityManager-MultiCore-Freq 0x2000 967 1000 null

D/PMS     (  967): acquireWL(1d45a821): PARTIAL_WAKE_LOCK  ActivityManager-Launch 0x1 967 1000 null

I/ActivityManager(  967): Start proc com.htc.sense.mms for activity com.htc.sense.mms/.ui.PreHandleIntentActivity: pid=26458 uid=10067 gids={50067, 9997, 3003, 1028, 1015, 1023} abi=armeabi-v7a

D/StatusBarManagerService(  967): setSystemUiVisibility(0x40000000)

D/StatusBarManagerService(  967): manageDisableList userId=0 what=0x0 pkg=WindowManager.LayoutParams

D/StatusBarManagerService(  967): hiding MENU key

I/ActivityManager(  967): START u0 {dat=sms:xxxxxxxxxxx cmp=com.htc.sense.mms/.ui.ComposeMessageActivity (has extras)} from uid 10067 pid 26458 on display 0

I/InputMethodManagerService(  967): Disable input method client, pid=3397

D/PMS     (  967): acquireWL(1d45a821): PARTIAL_WAKE_LOCK  ActivityManager-Launch 0x1 967 1000 null

D/StatusBarManagerService(  967): swetImeWindowStatus vis=0 backDisposition=0

I/InputMethodManagerService(  967): Enable input method client, pid=26458

D/StatusBarManagerService(  967): setSystemUiVisibility(0x40000700)

D/StatusBarManagerService(  967): manageDisableList userId=0 what=0x0 pkg=WindowManager.LayoutParams

D/StatusBarManagerService(  967): hiding MENU key

D/StatusBarManagerService(  967): setSystemUiVisibility(0x40000500)

D/StatusBarManagerService(  967): manageDisableList userId=0 what=0x0 pkg=WindowManager.LayoutParams

D/StatusBarManagerService(  967): hiding MENU key

W/ViewRootImpl(26458): Dropping event due to no window focus: KeyEvent { action=ACTION_DOWN, keyCode=KEYCODE_ENTER, scanCode=0, metaState=0, flags=0x0, repeatCount=0, eventTime=83031384, downTime=83031384, deviceId=-1, source=0x101 }

I/InputMethodManagerService(  967): windowGainedFocus, inputState=1, softInputMode=0x111, pid=26458

I/InputMethodManagerService(  967): windowGainedFocus, packageName=com.htc.sense.mms, inputType=0x824981

D/PMS     (  967): releaseWL(1d45a821): PARTIAL_WAKE_LOCK  ActivityManager-Launch 0x1 null

D/PMS     (  967): releaseHCC(3ad246a5): CPU_MIN_NUM ActivityManager-MultiCore-Num 0x8000 null

D/PMS     (  967): releaseHCC(25ac8a7a): CPU_MIN_FREQ ActivityManager-MultiCore-Freq 0x2000 null

D/StatusBarManagerService(  967): swetImeWindowStatus vis=1 backDisposition=0

D/StatusBarManagerService(  967): swetImeWindowStatus vis=3 backDisposition=0

I/ValidateNoPeople(  967): skipping global notification

D/StatusBarManagerService(  967): swetImeWindowStatus vis=3 backDisposition=0

I/ValidateNoPeople(  967): skipping global notification

D/TaskPersister(  967): removeObsoleteFile: deleting file=8940_task.xml

D/TaskPersister(  967): removeObsoleteFile: deleting file=8940_task_thumbnail.png

D/WifiDisplayAdapter(  967): getWifiDisplayStatusLocked: result=WifiDisplayStatus{featureState=3, scanState=0, activeDisplayState=0, activeDisplay=null, displays=[], sessionInfo=WifiDisplaySessionInfo:

D/WifiDisplayAdapter(  967):     Client/Owner: Client

D/WifiDisplayAdapter(  967):     GroupId: 

D/WifiDisplayAdapter(  967):     Passphrase: 

D/WifiDisplayAdapter(  967):     SessionId: 0

D/WifiDisplayAdapter(  967):     IP Address: }

D/PMS     (  967): acquireWL(69f43f4): PARTIAL_WAKE_LOCK  *alarm* 0x1 967 1000 WorkSource{1000}

V/AlarmManager(  967): sending alarm PendingIntent{903b2a5: PendingIntentRecord{79f867a android broadcastIntent}}, i=com.android.server.WifiManager.action.START_SCAN, t=1, cnt=1, w=1450259447929, Int=20000

D/PMS     (  967): releaseWL(69f43f4): PARTIAL_WAKE_LOCK  *alarm* 0x1 WorkSource{1000}

D/WifiDisplayAdapter(  967): getWifiDisplayStatusLocked: result=WifiDisplayStatus{featureState=3, scanState=0, activeDisplayState=0, activeDisplay=null, displays=[], sessionInfo=WifiDisplaySessionInfo:

D/WifiDisplayAdapter(  967):     Client/Owner: Client

D/WifiDisplayAdapter(  967):     GroupId: 

D/WifiDisplayAdapter(  967):     Passphrase: 

D/WifiDisplayAdapter(  967):     SessionId: 0

D/WifiDisplayAdapter(  967):     IP Address: }

D/WifiDisplayAdapter(  967): getWifiDisplayStatusLocked: result=WifiDisplayStatus{featureState=3, scanState=0, activeDisplayState=0, activeDisplay=null, displays=[], sessionInfo=WifiDisplaySessionInfo:

D/WifiDisplayAdapter(  967):     Client/Owner: Client

D/WifiDisplayAdapter(  967):     GroupId: 

D/WifiDisplayAdapter(  967):     Passphrase: 

D/WifiDisplayAdapter(  967):     SessionId: 0

D/WifiDisplayAdapter(  967):     IP Address: }

W/ContextImpl(  967): Calling a method in the system process without a qualified user: android.app.ContextImpl.sendBroadcast:1459 com.android.server.wifi.WifiStateMachine.sendDongleScanResultsAvailableBroadcast:14114 com.android.server.wifi.WifiStateMachine.handleMediaLinkEvent:14279 com.android.server.wifi.WifiStateMachine.access$5800:265 com.android.server.wifi.WifiStateMachine$SupplicantStartedState.processMessage:8070 

W/ActivityManager(  967): getTasks: caller 10005 does not hold GET_TASKS; limiting output

D/PMS     (  967): acquireWL(3966ab60): PARTIAL_WAKE_LOCK  *alarm* 0x1 967 1000 WorkSource{10295}

V/AlarmManager(  967): sending alarm PendingIntent{252e6819: PendingIntentRecord{ff4c37a com.kingsoft broadcastIntent}}, i=com.xiaomi.push.PING_TIMER, t=2, cnt=1, w=151800000, Int=0

V/AlarmManager(  967): sending alarm PendingIntent{14d020de: PendingIntentRecord{1a3b3b38 com.dangdang.buy2 broadcastIntent}}, i=com.xiaomi.push.PING_TIMER, t=2, cnt=1, w=151800000, Int=0

D/PMS     (  967): releaseWL(3966ab60): PARTIAL_WAKE_LOCK  *alarm* 0x1 WorkSource{10139}

D/WifiDisplayAdapter(  967): getWifiDisplayStatusLocked: result=WifiDisplayStatus{featureState=3, scanState=0, activeDisplayState=0, activeDisplay=null, displays=[], sessionInfo=WifiDisplaySessionInfo:

D/WifiDisplayAdapter(  967):     Client/Owner: Client

D/WifiDisplayAdapter(  967):     GroupId: 

D/WifiDisplayAdapter(  967):     Passphrase: 

D/WifiDisplayAdapter(  967):     SessionId: 0

D/WifiDisplayAdapter(  967):     IP Address: }

D/PMS     (  967): acquireWL(1055d2bf): PARTIAL_WAKE_LOCK  LocationManagerService 0x1 967 1000 WorkSource{10092 com.dianping.v1}

D/PMS     (  967): releaseWL(1055d2bf): PARTIAL_WAKE_LOCK  LocationManagerService 0x1 WorkSource{10092 com.dianping.v1}

D/PMS     (  967): acquireWL(197b1d8c): PARTIAL_WAKE_LOCK  LocationManagerService 0x1 967 1000 WorkSource{1000 android}

D/PMS     (  967): acquireWL(2b46cd5): PARTIAL_WAKE_LOCK  LocationManagerService 0x1 967 1000 WorkSource{10009 android.htc.china.location.service}

D/PMS     (  967): acquireWL(21edbdb): PARTIAL_WAKE_LOCK  LocationManagerService 0x1 967 1000 WorkSource{10056 com.htc.sense.hsp}

D/PMS     (  967): releaseWL(2b46cd5): PARTIAL_WAKE_LOCK  LocationManagerService 0x1 WorkSource{10009 android.htc.china.location.service}

D/QMI_FW  (  967): QCCI: QMI_CCI_TX: cntl_flag - 00, txn_id - 13d3, msg_id - 0039, msg_len - 0021

D/QMI_FW  (  967): QCCI: QMUXD: xport_send[1 -> 16]: 40 bytes on conn_id=9

D/PMS     (  967): releaseWL(197b1d8c): PARTIAL_WAKE_LOCK  LocationManagerService 0x1 WorkSource{1000 android}

D/PMS     (  967): releaseWL(21edbdb): PARTIAL_WAKE_LOCK  LocationManagerService 0x1 WorkSource{10056 com.htc.sense.hsp}

D/QMI_FW  (  967): QCCI: QMUXD: xport_rx[1 <- 16]: 14 bytes on conn_id: 9

D/QMI_FW  (  967): QCCI: QMI_CCI_RX: cntl_flag - 02, txn_id - 13d3, msg_id - 0039, msg_len - 0007

D/QMI_FW  (  967): QCCI: QMUXD: xport_rx[1 <- 16]: 14 bytes on conn_id: 9

D/QMI_FW  (  967): QCCI: QMI_CCI_RX: cntl_flag - 04, txn_id - 0000, msg_id - 0039, msg_len - 0007

W/ActivityManager(  967): getTasks: caller 10183 does not hold GET_TASKS; limiting output

D/PMS     (  967): acquireWL(aa55ab7): PARTIAL_WAKE_LOCK  *alarm* 0x40000001 967 1000 WorkSource{1000}

V/AlarmManager(  967): sending alarm PendingIntent{284a73eb: PendingIntentRecord{29c72548 android broadcastIntent}}, i=android.intent.action.TIME_TICK, t=3, cnt=1, w=151802806, Int=0

D/PMS     (  967): releaseWL(aa55ab7): PARTIAL_WAKE_LOCK  *alarm* 0x40000001 WorkSource{1000}

I/ActivityManager(  967): Start proc com.htc.sense.ime:provider_latin for service com.htc.sense.ime/.spellcheck.HTCSpellCheckerService: pid=26660 uid=10044 gids={50044, 9997, 3003, 1028, 1015, 1023} abi=armeabi-v7a

D/PMS     (  967): acquireWL(3eca71cb): PARTIAL_WAKE_LOCK  ServiceStateTracker 0x1 2934 1001 null

D/AlarmManager(  967):  invoke hookTimeZoneToRadio(true, 28800)

V/AlarmManager(  967): hookRadio - sign: true offset:28800

D/AlarmManager(  967): setTime() is invoked. time=1450259462011

