D/WifiDisplayAdapter(  967): getWifiDisplayStatusLocked: result=WifiDisplayStatus{featureState=3, scanState=0, activeDisplayState=0, activeDisplay=null, displays=[], sessionInfo=WifiDisplaySessionInfo:

D/WifiDisplayAdapter(  967):     Client/Owner: Client

D/WifiDisplayAdapter(  967):     GroupId: 

D/WifiDisplayAdapter(  967):     Passphrase: 

D/WifiDisplayAdapter(  967):     SessionId: 0

D/WifiDisplayAdapter(  967):     IP Address: }

E/WifiStateMachine(  967):  ConnectedState !CMD_START_SCAN -2 -2 ic=1021 proc(ms):6 dur:3720 rssi=-57 f=5785 sc=60 link=65 tx=0.1, 0.0, 0.0  rx=82.1 fiv=40000 [on:0 tx:0 rx:0 period:1197] from screen [on:0 period:-1439418109]

E/WifiStateMachine(  967): processMsg: L2ConnectedState

D/PMS     (  967): acquireWL(2faa965a): PARTIAL_WAKE_LOCK  *alarm* 0x1 967 1000 WorkSource{1000}

V/AlarmManager(  967): sending alarm PendingIntent{903b2a5: PendingIntentRecord{79f867a android broadcastIntent}}, i=com.android.server.WifiManager.action.START_SCAN, t=1, cnt=1, w=1450259527929, Int=20000

D/PMS     (  967): releaseWL(2faa965a): PARTIAL_WAKE_LOCK  *alarm* 0x1 WorkSource{1000}

E/WifiStateMachine(  967):  L2ConnectedState !CMD_START_SCAN -2 -2 ic=1021 proc(ms):11 dur:3720 rssi=-57 f=5785 sc=60 link=65 tx=0.1, 0.0, 0.0  rx=82.1 fiv=40000 [on:0 tx:0 rx:0 period:8] from screen [on:0 period:-1439418101]

E/WifiStateMachine(  967): WifiStateMachine CMD_START_SCAN source -2 txSuccessRate=0.09 rxSuccessRate=82.10 targetRoamBSSID=1c:aa:07:f5:96:bf RSSI=-57

E/WifiStateMachine(  967): WifiStateMachine CMD_START_SCAN with age=785612 interval=40000 maxinterval=300000

E/WifiStateMachine(  967): WifiStateMachine CMD_START_SCAN try full band scan age=785612 interval=40000 maxinterval=300000

E/WifiStateMachine(  967): WifiStateMachine CMD_START_SCAN prevent full band scan due to pkt rate

E/WifiStateMachine(  967): WifiStateMachine CMD_START_SCAN source -2 ...and ignore scans tx=0.09 rx=82.10

E/WifiStateMachine(  967): handleMessage: X

E/WifiTrafficPoller(  967): TRAFFIC_STATS_POLL true Token 929 num clients 44

E/WifiTrafficPoller(  967):  packet count Tx=378825 Rx=503204

D/HtcWifiControlRoamOffload: (  967): Receive mPhoneStateListener

D/HtcWifiControlRoamOffload: (  967): Receive mPhoneStateListener, getGsmSignalStrength17

E/WifiTrafficPoller(  967): TRAFFIC_STATS_POLL true Token 929 num clients 44

E/WifiTrafficPoller(  967):  packet count Tx=378825 Rx=503234

E/WifiStateMachine(  967): handleMessage: E msg.what=131155

E/WifiStateMachine(  967): processMsg: ConnectedState

E/WifiStateMachine(  967):  ConnectedState !CMD_RSSI_POLL 228 0 "alibaba-inc" 1c:aa:07:f5:96:bf rssi=-57 f=5785 sc=60 link=65 tx=0.1, 0.0, 0.0  rx=82.1 bcn=0 [on:0 tx:0 rx:0 period:1774] from screen [on:0 period:-1439416325] gl u24 rssi=-57 ag=0 hr ticks 1,2,12 ls-=0 [56,56,56,56,61] brc=0 lrc=0

E/WifiStateMachine(  967): processMsg: L2ConnectedState

E/WifiStateMachine(  967):  L2ConnectedState !CMD_RSSI_POLL 228 0 "alibaba-inc" 1c:aa:07:f5:96:bf rssi=-57 f=5785 sc=60 link=65 tx=0.1, 0.0, 0.0  rx=82.1 bcn=0 [on:0 tx:0 rx:0 period:3] from screen [on:0 period:-1439416322] gl u24 rssi=-57 ag=0 hr ticks 1,2,12 ls-=0 [56,56,56,56,61] brc=0 lrc=0

E/WifiStateMachine(  967):  get link layer stats 0

W/WifiHW  (  967): QCOM Debug wifi_send_command "IFNAME=wlan0 SIGNAL_POLL"

D/wpa_supplicant( 8936): wlan0: Control interface command 'SIGNAL_POLL'

I/wpa_supplicant( 8936): environment dirty rate=0 [0][0][0]

E/WifiStateMachine(  967): fetchRssiLinkSpeedAndFrequencyNative RSSI = -60 abnormalRssiCnt = 0 newLinkSpeed = 65

E/WifiStateMachine(  967): fetchRssiLinkSpeedAndFrequencyNative rssi=-60 linkspeed=65

E/WifiConfigStore(  967): updateConfiguration freq=5785 BSSID=1c:aa:07:f5:96:bf RSSI=-58 "alibaba-inc"WPA_EAP

E/WifiStateMachine(  967): calculateWifiScore freq=5785 speed=65 score=60 highRSSI  -> txbadrate=0.00 txgoodrate=0.05 txretriesrate=0.00 rxrate=71.55 userTriggerdPenalty0

E/WifiStateMachine(  967):  good link -> stuck count =0

E/WifiStateMachine(  967):  badRSSI count0 lowRSSI count0 --> score 56

E/WifiStateMachine(  967):  isHighRSSI       ---> score=61

D/WifiWatchdogStateMachine(  967): RSSI current: 3 new: -60, 3

E/WifiStateMachine(  967): handleMessage: X

E/WifiTrafficPoller(  967): TRAFFIC_STATS_POLL true Token 929 num clients 44

E/WifiTrafficPoller(  967):  packet count Tx=378825 Rx=503258

E/WifiTrafficPoller(  967): TRAFFIC_STATS_POLL true Token 929 num clients 44

E/WifiTrafficPoller(  967):  packet count Tx=378825 Rx=503295

D/HtcWifiControlRoamOffload: (  967): Receive mPhoneStateListener

D/HtcWifiControlRoamOffload: (  967): Receive mPhoneStateListener, getGsmSignalStrength17

I/nativeProcess(18972): iqiyi message: create--runOnSubprocess isProcessExist true

I/nativeProcess(18972): iqiyi message: ==== do something  executeCmd isProcessExist true =====

E/WifiDataStallTracker(  967): DATA_MONITOR_POLL true Token 270

D/WifiDataStallTracker(  967): updateDataStallInfo: mDataStallTxRxSum={txSum=290384 rxSum=212628} preTxRxSum={txSum=290384 rxSum=212628}

D/WifiDataStallTracker(  967): updateDataStallInfo: NONE

D/WifiDataStallTracker(  967): onDataStallAlarm: Sent 0 pkts since last received, < watchdogTrigger=5

E/WifiTrafficPoller(  967): TRAFFIC_STATS_POLL true Token 929 num clients 44

E/WifiTrafficPoller(  967):  packet count Tx=378825 Rx=503324

E/WifiStateMachine(  967): handleMessage: E msg.what=131155

E/WifiStateMachine(  967): processMsg: ConnectedState

E/WifiStateMachine(  967):  ConnectedState !CMD_RSSI_POLL 228 0 "alibaba-inc" 1c:aa:07:f5:96:bf rssi=-60 f=5785 sc=60 link=65 tx=0.0, 0.0, 0.0  rx=71.5 bcn=0 [on:0 tx:0 rx:0 period:2984] from screen [on:0 period:-1439413309] gl u24 rssi=-60 ag=0 hr ticks 1,2,12 ls-=0 [56,56,56,56,61] brc=0 lrc=0

E/WifiStateMachine(  967): processMsg: L2ConnectedState

E/WifiStateMachine(  967):  L2ConnectedState !CMD_RSSI_POLL 228 0 "alibaba-inc" 1c:aa:07:f5:96:bf rssi=-60 f=5785 sc=60 link=65 tx=0.0, 0.0, 0.0  rx=71.5 bcn=0 [on:0 tx:0 rx:0 period:3] from screen [on:0 period:-1439413306] gl u24 rssi=-60 ag=0 hr ticks 1,2,12 ls-=0 [56,56,56,56,61] brc=0 lrc=0

E/WifiStateMachine(  967):  get link layer stats 0

W/WifiHW  (  967): QCOM Debug wifi_send_command "IFNAME=wlan0 SIGNAL_POLL"

D/wpa_supplicant( 8936): wlan0: Control interface command 'SIGNAL_POLL'

I/wpa_supplicant( 8936): environment dirty rate=0 [0][0][0]

E/WifiStateMachine(  967): fetchRssiLinkSpeedAndFrequencyNative RSSI = -56 abnormalRssiCnt = 0 newLinkSpeed = 65

E/WifiStateMachine(  967): fetchRssiLinkSpeedAndFrequencyNative rssi=-56 linkspeed=65

E/WifiConfigStore(  967): updateConfiguration freq=5785 BSSID=1c:aa:07:f5:96:bf RSSI=-56 "alibaba-inc"WPA_EAP

E/WifiStateMachine(  967): calculateWifiScore freq=5785 speed=65 score=60 highRSSI  -> txbadrate=0.00 txgoodrate=0.02 txretriesrate=0.00 rxrate=80.27 userTriggerdPenalty0

E/WifiStateMachine(  967):  good link -> stuck count =0

E/WifiStateMachine(  967):  badRSSI count0 lowRSSI count0 --> score 56

E/WifiStateMachine(  967):  isHighRSSI       ---> score=61

D/WifiWatchdogStateMachine(  967): RSSI current: 3 new: -56, 3

E/WifiStateMachine(  967): handleMessage: X

E/WifiTrafficPoller(  967): TRAFFIC_STATS_POLL true Token 929 num clients 44

E/WifiTrafficPoller(  967):  packet count Tx=378825 Rx=503330

D/FyzbDownloadService(17801): clean download tasks, list size: 0

W/ActivityManager(  967): getTasks: caller 10157 does not hold GET_TASKS; limiting output

E/WifiTrafficPoller(  967): TRAFFIC_STATS_POLL true Token 929 num clients 44

E/WifiTrafficPoller(  967):  packet count Tx=378825 Rx=503370

D/HtcWifiControlRoamOffload: (  967): Receive mPhoneStateListener

D/HtcWifiControlRoamOffload: (  967): Receive mPhoneStateListener, getGsmSignalStrength18

E/WifiTrafficPoller(  967): TRAFFIC_STATS_POLL true Token 929 num clients 44

E/WifiTrafficPoller(  967):  packet count Tx=378825 Rx=503394

E/WifiStateMachine(  967): handleMessage: E msg.what=131155

E/WifiStateMachine(  967): processMsg: ConnectedState

E/WifiStateMachine(  967):  ConnectedState !CMD_RSSI_POLL 228 0 "alibaba-inc" 1c:aa:07:f5:96:bf rssi=-56 f=5785 sc=60 link=65 tx=0.0, 0.0, 0.0  rx=80.3 bcn=0 [on:0 tx:0 rx:0 period:2983] from screen [on:0 period:-1439410286] gl u24 rssi=-56 ag=0 hr ticks 1,2,12 ls-=0 [56,56,56,56,61] brc=0 lrc=0

E/WifiStateMachine(  967): processMsg: L2ConnectedState

E/WifiStateMachine(  967):  L2ConnectedState !CMD_RSSI_POLL 228 0 "alibaba-inc" 1c:aa:07:f5:96:bf rssi=-56 f=5785 sc=60 link=65 tx=0.0, 0.0, 0.0  rx=80.3 bcn=0 [on:0 tx:0 rx:0 period:3] from screen [on:0 period:-1439410283] gl u24 rssi=-56 ag=0 hr ticks 1,2,12 ls-=0 [56,56,56,56,61] brc=0 lrc=0

E/WifiStateMachine(  967):  get link layer stats 0

W/WifiHW  (  967): QCOM Debug wifi_send_command "IFNAME=wlan0 SIGNAL_POLL"

D/wpa_supplicant( 8936): wlan0: Control interface command 'SIGNAL_POLL'

I/wpa_supplicant( 8936): environment dirty rate=0 [0][0][0]

E/WifiStateMachine(  967): fetchRssiLinkSpeedAndFrequencyNative RSSI = -58 abnormalRssiCnt = 0 newLinkSpeed = 65

E/WifiStateMachine(  967): fetchRssiLinkSpeedAndFrequencyNative rssi=-58 linkspeed=65

E/WifiConfigStore(  967): updateConfiguration freq=5785 BSSID=1c:aa:07:f5:96:bf RSSI=-57 "alibaba-inc"WPA_EAP

E/WifiStateMachine(  967): calculateWifiScore freq=5785 speed=65 score=60 highRSSI  -> txbadrate=0.00 txgoodrate=0.01 txretriesrate=0.00 rxrate=75.64 userTriggerdPenalty0

E/WifiStateMachine(  967):  good link -> stuck count =0

E/WifiStateMachine(  967):  badRSSI count0 lowRSSI count0 --> score 56

E/WifiStateMachine(  967):  isHighRSSI       ---> score=61

D/WifiWatchdogStateMachine(  967): RSSI current: 3 new: -58, 3

E/WifiStateMachine(  967): handleMessage: X

E/WifiTrafficPoller(  967): TRAFFIC_STATS_POLL true Token 929 num clients 44

E/WifiTrafficPoller(  967):  packet count Tx=378825 Rx=503408

E/WifiDataStallTracker(  967): DATA_MONITOR_POLL true Token 270

D/WifiDataStallTracker(  967): updateDataStallInfo: mDataStallTxRxSum={txSum=290384 rxSum=212628} preTxRxSum={txSum=290384 rxSum=212628}

D/WifiDataStallTracker(  967): updateDataStallInfo: NONE

D/WifiDataStallTracker(  967): onDataStallAlarm: Sent 0 pkts since last received, < watchdogTrigger=5

I/nativeProcess(18972): iqiyi message: create--runOnSubprocess isProcessExist true

I/nativeProcess(18972): iqiyi message: ==== do something  executeCmd isProcessExist true =====

E/WifiTrafficPoller(  967): TRAFFIC_STATS_POLL true Token 929 num clients 44

E/WifiTrafficPoller(  967):  packet count Tx=378825 Rx=503431

D/HtcWifiControlRoamOffload: (  967): Receive mPhoneStateListener

D/HtcWifiControlRoamOffload: (  967): Receive mPhoneStateListener, getGsmSignalStrength18

E/WifiTrafficPoller(  967): TRAFFIC_STATS_POLL true Token 929 num clients 44

E/WifiTrafficPoller(  967):  packet count Tx=378825 Rx=503465

E/WifiStateMachine(  967): handleMessage: E msg.what=131155

E/WifiStateMachine(  967): processMsg: ConnectedState

E/WifiStateMachine(  967):  ConnectedState !CMD_RSSI_POLL 228 0 "alibaba-inc" 1c:aa:07:f5:96:bf rssi=-58 f=5785 sc=60 link=65 tx=0.0, 0.0, 0.0  rx=75.6 bcn=0 [on:0 tx:0 rx:0 period:2985] from screen [on:0 period:-1439407263] gl rssi=-58 ag=0 hr ticks 1,2,12 ls-=0 [56,56,56,56,61] brc=0 lrc=0

E/WifiStateMachine(  967): processMsg: L2ConnectedState

E/WifiStateMachine(  967):  L2ConnectedState !CMD_RSSI_POLL 228 0 "alibaba-inc" 1c:aa:07:f5:96:bf rssi=-58 f=5785 sc=60 link=65 tx=0.0, 0.0, 0.0  rx=75.6 bcn=0 [on:0 tx:0 rx:0 period:3] from screen [on:0 period:-1439407260] gl rssi=-58 ag=0 hr ticks 1,2,12 ls-=0 [56,56,56,56,61] brc=0 lrc=0

E/WifiStateMachine(  967):  get link layer stats 0

W/WifiHW  (  967): QCOM Debug wifi_send_command "IFNAME=wlan0 SIGNAL_POLL"

D/wpa_supplicant( 8936): wlan0: Control interface command 'SIGNAL_POLL'

I/wpa_supplicant( 8936): environment dirty rate=0 [0][0][0]

E/WifiStateMachine(  967): fetchRssiLinkSpeedAndFrequencyNative RSSI = -58 abnormalRssiCnt = 0 newLinkSpeed = 65

E/WifiStateMachine(  967): fetchRssiLinkSpeedAndFrequencyNative rssi=-58 linkspeed=65

E/WifiConfigStore(  967): updateConfiguration freq=5785 BSSID=1c:aa:07:f5:96:bf RSSI=-57 "alibaba-inc"WPA_EAP

E/WifiStateMachine(  967): calculateWifiScore freq=5785 speed=65 score=60 highRSSI  -> txbadrate=0.00 txgoodrate=0.01 txretriesrate=0.00 rxrate=74.32 userTriggerdPenalty0

E/WifiStateMachine(  967):  good link -> stuck count =0

E/WifiStateMachine(  967):  badRSSI count0 lowRSSI count0 --> score 56

E/WifiStateMachine(  967):  isHighRSSI       ---> score=61

D/WifiWatchdogStateMachine(  967): RSSI current: 3 new: -58, 3

E/WifiStateMachine(  967): handleMessage: X

E/WifiTrafficPoller(  967): TRAFFIC_STATS_POLL true Token 929 num clients 44

E/WifiTrafficPoller(  967):  packet count Tx=378825 Rx=503497

E/WifiTrafficPoller(  967): TRAFFIC_STATS_POLL true Token 929 num clients 44

E/WifiTrafficPoller(  967):  packet count Tx=378825 Rx=503539

E/WifiTrafficPoller(  967): TRAFFIC_STATS_POLL true Token 929 num clients 44

E/WifiTrafficPoller(  967):  packet count Tx=378825 Rx=503553

D/HtcWifiControlRoamOffload: (  967): Receive mPhoneStateListener

D/HtcWifiControlRoamOffload: (  967): Receive mPhoneStateListener, getGsmSignalStrength17

E/WifiStateMachine(  967): handleMessage: E msg.what=131155

E/WifiStateMachine(  967): processMsg: ConnectedState

E/WifiStateMachine(  967):  ConnectedState !CMD_RSSI_POLL 228 0 "alibaba-inc" 1c:aa:07:f5:96:bf rssi=-58 f=5785 sc=60 link=65 tx=0.0, 0.0, 0.0  rx=74.3 bcn=0 [on:0 tx:0 rx:0 period:2979] from screen [on:0 period:-1439404241] gl rssi=-58 ag=0 hr ticks 1,2,12 ls-=0 [56,56,56,56,61] brc=0 lrc=0

E/WifiStateMachine(  967): processMsg: L2ConnectedState

E/WifiStateMachine(  967):  L2ConnectedState !CMD_RSSI_POLL 228 0 "alibaba-inc" 1c:aa:07:f5:96:bf rssi=-58 f=5785 sc=60 link=65 tx=0.0, 0.0, 0.0  rx=74.3 bcn=0 [on:0 tx:0 rx:0 period:3] from screen [on:0 period:-1439404238] gl rssi=-58 ag=0 hr ticks 1,2,12 ls-=0 [56,56,56,56,61] brc=0 lrc=0

E/WifiStateMachine(  967):  get link layer stats 0

W/WifiHW  (  967): QCOM Debug wifi_send_command "IFNAME=wlan0 SIGNAL_POLL"

D/wpa_supplicant( 8936): wlan0: Control interface command 'SIGNAL_POLL'

I/wpa_supplicant( 8936): environment dirty rate=0 [0][0][0]

E/WifiStateMachine(  967): fetchRssiLinkSpeedAndFrequencyNative RSSI = -54 abnormalRssiCnt = 0 newLinkSpeed = 65

E/WifiStateMachine(  967): fetchRssiLinkSpeedAndFrequencyNative rssi=-54 linkspeed=65

E/WifiConfigStore(  967): updateConfiguration freq=5785 BSSID=1c:aa:07:f5:96:bf RSSI=-55 "alibaba-inc"WPA_EAP

E/WifiStateMachine(  967): calculateWifiScore freq=5785 speed=65 score=60 highRSSI  -> txbadrate=0.00 txgoodrate=0.00 txretriesrate=0.00 rxrate=79.66 userTriggerdPenalty0

E/WifiStateMachine(  967):  good link -> stuck count =0

E/WifiStateMachine(  967):  badRSSI count0 lowRSSI count0 --> score 56

E/WifiStateMachine(  967):  isHighRSSI       ---> score=61

D/WifiWatchdogStateMachine(  967): RSSI current: 3 new: -54, 3

E/WifiStateMachine(  967): handleMessage: X

E/WifiDataStallTracker(  967): DATA_MONITOR_POLL true Token 270

D/WifiDataStallTracker(  967): updateDataStallInfo: mDataStallTxRxSum={txSum=290384 rxSum=212628} preTxRxSum={txSum=290384 rxSum=212628}

D/WifiDataStallTracker(  967): updateDataStallInfo: NONE

D/WifiDataStallTracker(  967): onDataStallAlarm: Sent 0 pkts since last received, < watchdogTrigger=5

I/nativeProcess(18972): iqiyi message: create--runOnSubprocess isProcessExist true

I/nativeProcess(18972): iqiyi message: ==== do something  executeCmd isProcessExist true =====

E/WifiTrafficPoller(  967): TRAFFIC_STATS_POLL true Token 929 num clients 44

E/WifiTrafficPoller(  967):  packet count Tx=378825 Rx=503565

E/WifiTrafficPoller(  967): TRAFFIC_STATS_POLL true Token 929 num clients 44

E/WifiTrafficPoller(  967):  packet count Tx=378825 Rx=503578

E/WifiTrafficPoller(  967): TRAFFIC_STATS_POLL true Token 929 num clients 44

E/WifiTrafficPoller(  967):  packet count Tx=378825 Rx=503593

E/WifiStateMachine(  967): handleMessage: E msg.what=131155

E/WifiStateMachine(  967): processMsg: ConnectedState

E/WifiStateMachine(  967):  ConnectedState !CMD_RSSI_POLL 228 0 "alibaba-inc" 1c:aa:07:f5:96:bf rssi=-54 f=5785 sc=60 link=65 tx=0.0, 0.0, 0.0  rx=79.7 bcn=0 [on:0 tx:0 rx:0 period:2979] from screen [on:0 period:-1439401220] gl rssi=-54 ag=0 hr ticks 1,2,12 ls-=0 [56,56,56,56,61] brc=0 lrc=0

E/WifiStateMachine(  967): processMsg: L2ConnectedState

E/WifiStateMachine(  967):  L2ConnectedState !CMD_RSSI_POLL 228 0 "alibaba-inc" 1c:aa:07:f5:96:bf rssi=-54 f=5785 sc=60 link=65 tx=0.0, 0.0, 0.0  rx=79.7 bcn=0 [on:0 tx:0 rx:0 period:3] from screen [on:0 period:-1439401217] gl rssi=-54 ag=0 hr ticks 1,2,12 ls-=0 [56,56,56,56,61] brc=0 lrc=0

E/WifiStateMachine(  967):  get link layer stats 0

W/WifiHW  (  967): QCOM Debug wifi_send_command "IFNAME=wlan0 SIGNAL_POLL"

D/wpa_supplicant( 8936): wlan0: Control interface command 'SIGNAL_POLL'

I/wpa_supplicant( 8936): environment dirty rate=0 [0][0][0]

E/WifiStateMachine(  967): fetchRssiLinkSpeedAndFrequencyNative RSSI = -54 abnormalRssiCnt = 0 newLinkSpeed = 65

E/WifiStateMachine(  967): fetchRssiLinkSpeedAndFrequencyNative rssi=-54 linkspeed=65

E/WifiConfigStore(  967): updateConfiguration freq=5785 BSSID=1c:aa:07:f5:96:bf RSSI=-54 "alibaba-inc"WPA_EAP

E/WifiStateMachine(  967): calculateWifiScore freq=5785 speed=65 score=60 highRSSI  -> txbadrate=0.00 txgoodrate=0.00 txretriesrate=0.00 rxrate=59.83 userTriggerdPenalty0

E/WifiStateMachine(  967):  good link -> stuck count =0

E/WifiStateMachine(  967):  badRSSI count0 lowRSSI count0 --> score 56

E/WifiStateMachine(  967):  isHighRSSI       ---> score=61

D/WifiWatchdogStateMachine(  967): RSSI current: 3 new: -54, 3

E/WifiStateMachine(  967): handleMessage: X

D/HtcWifiControlRoamOffload: (  967): Receive mPhoneStateListener

D/HtcWifiControlRoamOffload: (  967): Receive mPhoneStateListener, getGsmSignalStrength17

E/WifiTrafficPoller(  967): TRAFFIC_STATS_POLL true Token 929 num clients 44

E/WifiTrafficPoller(  967):  packet count Tx=378825 Rx=503629

E/WifiTrafficPoller(  967): TRAFFIC_STATS_POLL true Token 929 num clients 44

E/WifiTrafficPoller(  967):  packet count Tx=378825 Rx=503670

E/WifiDataStallTracker(  967): DATA_MONITOR_POLL true Token 270

D/WifiDataStallTracker(  967): updateDataStallInfo: mDataStallTxRxSum={txSum=290384 rxSum=212628} preTxRxSum={txSum=290384 rxSum=212628}

D/WifiDataStallTracker(  967): updateDataStallInfo: NONE

D/WifiDataStallTracker(  967): onDataStallAlarm: Sent 0 pkts since last received, < watchdogTrigger=5

E/WifiTrafficPoller(  967): TRAFFIC_STATS_POLL true Token 929 num clients 44

E/WifiTrafficPoller(  967):  packet count Tx=378825 Rx=503699

I/nativeProcess(18972): iqiyi message: create--runOnSubprocess isProcessExist true

I/nativeProcess(18972): iqiyi message: ==== do something  executeCmd isProcessExist true =====

E/WifiStateMachine(  967): handleMessage: E msg.what=131155

E/WifiStateMachine(  967): processMsg: ConnectedState

E/WifiStateMachine(  967):  ConnectedState !CMD_RSSI_POLL 228 0 "alibaba-inc" 1c:aa:07:f5:96:bf rssi=-54 f=5785 sc=60 link=65 tx=0.0, 0.0, 0.0  rx=59.8 bcn=0 [on:0 tx:0 rx:0 period:2976] from screen [on:0 period:-1439398199] gl rssi=-54 ag=0 hr ticks 1,2,12 ls-=0 [56,56,56,56,61] brc=0 lrc=0

E/WifiStateMachine(  967): processMsg: L2ConnectedState

E/WifiStateMachine(  967):  L2ConnectedState !CMD_RSSI_POLL 228 0 "alibaba-inc" 1c:aa:07:f5:96:bf rssi=-54 f=5785 sc=60 link=65 tx=0.0, 0.0, 0.0  rx=59.8 bcn=0 [on:0 tx:0 rx:0 period:1] from screen [on:0 period:-1439398198] gl rssi=-54 ag=0 hr ticks 1,2,12 ls-=0 [56,56,56,56,61] brc=0 lrc=0

E/WifiStateMachine(  967):  get link layer stats 0

W/WifiHW  (  967): QCOM Debug wifi_send_command "IFNAME=wlan0 SIGNAL_POLL"

D/wpa_supplicant( 8936): wlan0: Control interface command 'SIGNAL_POLL'

I/wpa_supplicant( 8936): environment dirty rate=0 [0][0][0]

E/WifiStateMachine(  967): fetchRssiLinkSpeedAndFrequencyNative RSSI = -56 abnormalRssiCnt = 0 newLinkSpeed = 72

E/WifiStateMachine(  967): fetchRssiLinkSpeedAndFrequencyNative rssi=-56 linkspeed=72

E/WifiConfigStore(  967): updateConfiguration freq=5785 BSSID=1c:aa:07:f5:96:bf RSSI=-55 "alibaba-inc"WPA_EAP

E/WifiStateMachine(  967): calculateWifiScore freq=5785 speed=72 score=60 highRSSI  -> txbadrate=0.00 txgoodrate=0.00 txretriesrate=0.00 rxrate=82.91 userTriggerdPenalty0

E/WifiStateMachine(  967):  good link -> stuck count =0

E/WifiStateMachine(  967):  badRSSI count0 lowRSSI count0 --> score 56

E/WifiStateMachine(  967):  isHighRSSI       ---> score=61

D/WifiWatchdogStateMachine(  967): RSSI current: 3 new: -56, 3

E/WifiStateMachine(  967): handleMessage: X

D/AutoSetting( 3039): service - handleMessage() stop self

D/AutoSetting( 3039): service - onDestroy() END

D/AutoSetting( 3039): service - handleMessage() quit looper

D/FyzbDownloadService(17801): clean download tasks, list size: 0

E/WifiTrafficPoller(  967): TRAFFIC_STATS_POLL true Token 929 num clients 44

E/WifiTrafficPoller(  967):  packet count Tx=378825 Rx=503710

E/WifiTrafficPoller(  967): TRAFFIC_STATS_POLL true Token 929 num clients 44

E/WifiTrafficPoller(  967):  packet count Tx=378825 Rx=503733

E/WifiTrafficPoller(  967): TRAFFIC_STATS_POLL true Token 929 num clients 44

E/WifiTrafficPoller(  967):  packet count Tx=378825 Rx=503768

E/WifiStateMachine(  967): handleMessage: E msg.what=131155

E/WifiStateMachine(  967): processMsg: ConnectedState

E/WifiStateMachine(  967):  ConnectedState !CMD_RSSI_POLL 228 0 "alibaba-inc" 1c:aa:07:f5:96:bf rssi=-56 f=5785 sc=60 link=72 tx=0.0, 0.0, 0.0  rx=82.9 bcn=0 [on:0 tx:0 rx:0 period:2979] from screen [on:0 period:-1439395174] gl rssi=-56 ag=0 hr ticks 1,2,12 ls-=0 [56,56,56,56,61] brc=0 lrc=0

E/WifiStateMachine(  967): processMsg: L2ConnectedState

E/WifiStateMachine(  967):  L2ConnectedState !CMD_RSSI_POLL 228 0 "alibaba-inc" 1c:aa:07:f5:96:bf rssi=-56 f=5785 sc=60 link=72 tx=0.0, 0.0, 0.0  rx=82.9 bcn=0 [on:0 tx:0 rx:0 period:16] from screen [on:0 period:-1439395158] gl rssi=-56 ag=0 hr ticks 1,2,12 ls-=0 [56,56,56,56,61] brc=0 lrc=0

E/WifiStateMachine(  967):  get link layer stats 0

W/WifiHW  (  967): QCOM Debug wifi_send_command "IFNAME=wlan0 SIGNAL_POLL"

D/wpa_supplicant( 8936): wlan0: Control interface command 'SIGNAL_POLL'

I/wpa_supplicant( 8936): environment dirty rate=0 [0][0][0]

E/WifiStateMachine(  967): fetchRssiLinkSpeedAndFrequencyNative RSSI = -55 abnormalRssiCnt = 0 newLinkSpeed = 72

E/WifiStateMachine(  967): fetchRssiLinkSpeedAndFrequencyNative rssi=-55 linkspeed=72

E/WifiConfigStore(  967): updateConfiguration freq=5785 BSSID=1c:aa:07:f5:96:bf RSSI=-55 "alibaba-inc"WPA_EAP

E/WifiStateMachine(  967): calculateWifiScore freq=5785 speed=72 score=60 highRSSI  -> txbadrate=0.00 txgoodrate=0.00 txretriesrate=0.00 rxrate=75.96 userTriggerdPenalty0

E/WifiStateMachine(  967):  good link -> stuck count =0

E/WifiStateMachine(  967):  badRSSI count0 lowRSSI count0 --> score 56

E/WifiStateMachine(  967):  isHighRSSI       ---> score=61

D/WifiWatchdogStateMachine(  967): RSSI current: 3 new: -55, 3

E/WifiStateMachine(  967): handleMessage: X

D/HtcWifiControlRoamOffload: (  967): Receive mPhoneStateListener

D/HtcWifiControlRoamOffload: (  967): Receive mPhoneStateListener, getGsmSignalStrength17

D/PMS     (  967): acquireWL(290da08b): PARTIAL_WAKE_LOCK  BatteryServiceUpdateStats_3 0x1 967 1000 null

I/BatteryService(  967): n_update end

I/IntentController( 2788): receive(android.intent.action.BATTERY_CHANGED,1,false)

D/UsbnetService(  967): BroadcastReceiver::onReceive+

D/UsbnetService(  967): onReceive BATTERY_CHANGED

D/UsbnetService(  967):  --> pluggedType = 2, mPluggedType = 0, mScreenOff = false

D/UsbnetService(  967): BroadcastReceiver::onReceive-

D/WifiController(  967): handleMessage: E msg.what=155652

D/WifiController(  967): processMsg: DeviceActiveState

D/WifiController(  967): processMsg: StaEnabledState

D/WifiController(  967): processMsg: DefaultState

D/WifiController(  967): handleMessage: X

D/PowerUI ( 2788): closing low battery warning: level=80

D/PowerUI ( 2788): plugged = true, health = 2, mBatteryLevel = 80, mPluggedBatteryLevel = 80, mLowBatteryWarningLevel2 = 25, mshowLowChargingWarning2 = true

D/NotificationService(  967): plugged=true pluggin=true

D/WifiController(  967): battery changed pluggedType: 2

D/HtcPowerSaver(  967): updateBatteryInfo

D/PMS     (  967): runPSCheck

D/HtcPowerSaver(  967): Checking...

I/HtcPowerSaver(  967): >> updateStatus

I/HtcPowerSaver(  967): updateStatus (8000,80,-1,false,false,false,-1)

I/HtcPowerSaver(  967): << updateStatus

D/PMS     (  967): releaseWL(290da08b): PARTIAL_WAKE_LOCK  BatteryServiceUpdateStats_3 0x1 null

I/BatteryController( 2788): status:2 level:80 unsupport:false plugged:true

E/WifiTrafficPoller(  967): TRAFFIC_STATS_POLL true Token 929 num clients 44

E/WifiTrafficPoller(  967):  packet count Tx=378825 Rx=503788

E/WifiDataStallTracker(  967): DATA_MONITOR_POLL true Token 270

D/WifiDataStallTracker(  967): updateDataStallInfo: mDataStallTxRxSum={txSum=290384 rxSum=212628} preTxRxSum={txSum=290384 rxSum=212628}

D/WifiDataStallTracker(  967): updateDataStallInfo: NONE

D/WifiDataStallTracker(  967): onDataStallAlarm: Sent 0 pkts since last received, < watchdogTrigger=5

E/WifiTrafficPoller(  967): TRAFFIC_STATS_POLL true Token 929 num clients 44

E/WifiTrafficPoller(  967):  packet count Tx=378825 Rx=503818

I/nativeProcess(18972): iqiyi message: create--runOnSubprocess isProcessExist true

I/nativeProcess(18972): iqiyi message: ==== do something  executeCmd isProcessExist true =====

E/WifiTrafficPoller(  967): TRAFFIC_STATS_POLL true Token 929 num clients 44

E/WifiTrafficPoller(  967):  packet count Tx=378825 Rx=503829

E/WifiStateMachine(  967): handleMessage: E msg.what=131155

E/WifiStateMachine(  967): processMsg: ConnectedState

E/WifiStateMachine(  967):  ConnectedState !CMD_RSSI_POLL 228 0 "alibaba-inc" 1c:aa:07:f5:96:bf rssi=-55 f=5785 sc=60 link=72 tx=0.0, 0.0, 0.0  rx=76.0 bcn=0 [on:0 tx:0 rx:0 period:2957] from screen [on:0 period:-1439392139] gl rssi=-55 ag=0 hr ticks 1,2,12 ls-=0 [56,56,56,56,61] brc=0 lrc=0

E/WifiStateMachine(  967): processMsg: L2ConnectedState

E/WifiStateMachine(  967):  L2ConnectedState !CMD_RSSI_POLL 228 0 "alibaba-inc" 1c:aa:07:f5:96:bf rssi=-55 f=5785 sc=60 link=72 tx=0.0, 0.0, 0.0  rx=76.0 bcn=0 [on:0 tx:0 rx:0 period:3] from screen [on:0 period:-1439392136] gl rssi=-55 ag=0 hr ticks 1,2,12 ls-=0 [56,56,56,56,61] brc=0 lrc=0

E/WifiStateMachine(  967):  get link layer stats 0

W/WifiHW  (  967): QCOM Debug wifi_send_command "IFNAME=wlan0 SIGNAL_POLL"

D/wpa_supplicant( 8936): wlan0: Control interface command 'SIGNAL_POLL'

I/wpa_supplicant( 8936): environment dirty rate=0 [0][0][0]

E/WifiStateMachine(  967): fetchRssiLinkSpeedAndFrequencyNative RSSI = -58 abnormalRssiCnt = 0 newLinkSpeed = 72

E/WifiStateMachine(  967): fetchRssiLinkSpeedAndFrequencyNative rssi=-58 linkspeed=72

E/WifiConfigStore(  967): updateConfiguration freq=5785 BSSID=1c:aa:07:f5:96:bf RSSI=-56 "alibaba-inc"WPA_EAP

E/WifiStateMachine(  967): calculateWifiScore freq=5785 speed=72 score=60 highRSSI  -> txbadrate=0.00 txgoodrate=0.00 txretriesrate=0.00 rxrate=68.48 userTriggerdPenalty0

E/WifiStateMachine(  967):  good link -> stuck count =0

E/WifiStateMachine(  967):  badRSSI count0 lowRSSI count0 --> score 56

E/WifiStateMachine(  967):  isHighRSSI       ---> score=61

D/WifiWatchdogStateMachine(  967): RSSI current: 3 new: -58, 3

E/WifiStateMachine(  967): handleMessage: X

E/WifiTrafficPoller(  967): TRAFFIC_STATS_POLL true Token 929 num clients 44

E/WifiTrafficPoller(  967):  packet count Tx=378825 Rx=503840

E/WifiTrafficPoller(  967): TRAFFIC_STATS_POLL true Token 929 num clients 44

E/WifiTrafficPoller(  967):  packet count Tx=378825 Rx=503880

E/WifiTrafficPoller(  967): TRAFFIC_STATS_POLL true Token 929 num clients 44

E/WifiTrafficPoller(  967):  packet count Tx=378825 Rx=503908

E/WifiStateMachine(  967): handleMessage: E msg.what=131155

E/WifiStateMachine(  967): processMsg: ConnectedState

E/WifiStateMachine(  967):  ConnectedState !CMD_RSSI_POLL 228 0 "alibaba-inc" 1c:aa:07:f5:96:bf rssi=-58 f=5785 sc=60 link=72 tx=0.0, 0.0, 0.0  rx=68.5 bcn=0 [on:0 tx:0 rx:0 period:2998] from screen [on:0 period:-1439389090] gl rssi=-58 ag=0 hr ticks 1,2,12 ls-=0 [56,56,56,56,61] brc=0 lrc=0

E/WifiStateMachine(  967): processMsg: L2ConnectedState

E/WifiStateMachine(  967):  L2ConnectedState !CMD_RSSI_POLL 228 0 "alibaba-inc" 1c:aa:07:f5:96:bf rssi=-58 f=5785 sc=60 link=72 tx=0.0, 0.0, 0.0  rx=68.5 bcn=0 [on:0 tx:0 rx:0 period:3] from screen [on:0 period:-1439389087] gl rssi=-58 ag=0 hr ticks 1,2,12 ls-=0 [56,56,56,56,61] brc=0 lrc=0

E/WifiStateMachine(  967):  get link layer stats 0

W/WifiHW  (  967): QCOM Debug wifi_send_command "IFNAME=wlan0 SIGNAL_POLL"

D/wpa_supplicant( 8936): wlan0: Control interface command 'SIGNAL_POLL'

I/wpa_supplicant( 8936): environment dirty rate=0 [0][0][0]

E/WifiStateMachine(  967): fetchRssiLinkSpeedAndFrequencyNative RSSI = -54 abnormalRssiCnt = 0 newLinkSpeed = 72

E/WifiStateMachine(  967): fetchRssiLinkSpeedAndFrequencyNative rssi=-54 linkspeed=72

E/WifiConfigStore(  967): updateConfiguration freq=5785 BSSID=1c:aa:07:f5:96:bf RSSI=-54 "alibaba-inc"WPA_EAP

E/WifiStateMachine(  967): calculateWifiScore freq=5785 speed=72 score=60 highRSSI  -> txbadrate=0.00 txgoodrate=0.00 txretriesrate=0.00 rxrate=74.24 userTriggerdPenalty0

E/WifiStateMachine(  967):  good link -> stuck count =0

E/WifiStateMachine(  967):  badRSSI count0 lowRSSI count0 --> score 56

E/WifiStateMachine(  967):  isHighRSSI       ---> score=61

D/WifiWatchdogStateMachine(  967): RSSI current: 3 new: -54, 3

E/WifiStateMachine(  967): handleMessage: X

E/WifiDataStallTracker(  967): DATA_MONITOR_POLL true Token 270

W/ActivityManager(  967): getTasks: caller 10324 does not hold GET_TASKS; limiting output

D/WifiDataStallTracker(  967): updateDataStallInfo: mDataStallTxRxSum={txSum=290386 rxSum=212629} preTxRxSum={txSum=290384 rxSum=212628}

D/WifiDataStallTracker(  967): updateDataStallInfo: IN/OUT

D/WifiDataStallTracker(  967): onDataStallAlarm: Sent 0 pkts since last received, < watchdogTrigger=5

E/WifiTrafficPoller(  967): TRAFFIC_STATS_POLL true Token 929 num clients 44

E/WifiTrafficPoller(  967):  packet count Tx=378827 Rx=503956

E/WifiTrafficPoller(  967): notifying of data activity 3

D/HtcWifiControlRoamOffload: (  967): Receive mPhoneStateListener

D/HtcWifiControlRoamOffload: (  967): Receive mPhoneStateListener, getGsmSignalStrength16

D/PMS     (  967): acquireWL(1839e568): PARTIAL_WAKE_LOCK  *alarm* 0x1 967 1000 WorkSource{10311}

V/AlarmManager(  967): sending alarm PendingIntent{afc8d81: PendingIntentRecord{72b221e com.tongbanjie.android broadcastIntent}}, i=AlarmTaskSchedule.com.tongbanjie.android, t=0, cnt=1, w=1450259558027, Int=0

D/PMS     (  967): releaseWL(1839e568): PARTIAL_WAKE_LOCK  *alarm* 0x1 WorkSource{10311}

D/PMS     (  967): acquireWL(136bbe26): PARTIAL_WAKE_LOCK  encrypted_tag 0x1 18483 10311 null

D/PMS     (  967): releaseWL(136bbe26): PARTIAL_WAKE_LOCK  encrypted_tag 0x1 null

D/PMS     (  967): acquireWL(1033ba67): PARTIAL_WAKE_LOCK  encrypted_tag 0x1 18483 10311 null

D/PMS     (  967): releaseWL(1033ba67): PARTIAL_WAKE_LOCK  encrypted_tag 0x1 null

D/PMS     (  967): acquireWL(3b7bf014): PARTIAL_WAKE_LOCK  encrypted_tag 0x1 18483 10311 null

D/PMS     (  967): releaseWL(3b7bf014): PARTIAL_WAKE_LOCK  encrypted_tag 0x1 null

D/PMS     (  967): acquireWL(1a6380bd): PARTIAL_WAKE_LOCK  encrypted_tag 0x1 18483 10311 null

D/PMS     (  967): releaseWL(1a6380bd): PARTIAL_WAKE_LOCK  encrypted_tag 0x1 null

I/nativeProcess(18972): iqiyi message: create--runOnSubprocess isProcessExist true

I/nativeProcess(18972): iqiyi message: ==== do something  executeCmd isProcessExist true =====

D/PMS     (  967): acquireWL(1cc596b2): PARTIAL_WAKE_LOCK  encrypted_tag 0x1 18483 10311 null

D/PMS     (  967): releaseWL(1cc596b2): PARTIAL_WAKE_LOCK  encrypted_tag 0x1 null

D/PMS     (  967): acquireWL(33b79603): PARTIAL_WAKE_LOCK  encrypted_tag 0x1 18483 10311 null

D/PMS     (  967): releaseWL(33b79603): PARTIAL_WAKE_LOCK  encrypted_tag 0x1 null

I/UiAutomatorHarbour(23568): /127.0.0.1:43829 is connected

I/UiAutomatorHarbour(23568): receiced:{"command":"getSDKVersion","params":[{"no":"key"}]}

I/UiAutomatorHarbour(23568): response back:21

E/WifiTrafficPoller(  967): TRAFFIC_STATS_POLL true Token 929 num clients 44

E/WifiTrafficPoller(  967):  packet count Tx=378829 Rx=504050

E/WifiTrafficPoller(  967): TRAFFIC_STATS_POLL true Token 929 num clients 44

E/WifiTrafficPoller(  967):  packet count Tx=378829 Rx=504121

E/WifiTrafficPoller(  967): notifying of data activity 1

E/WifiStateMachine(  967): handleMessage: E msg.what=131155

E/WifiStateMachine(  967): processMsg: ConnectedState

E/WifiStateMachine(  967):  ConnectedState !CMD_RSSI_POLL 228 0 "alibaba-inc" 1c:aa:07:f5:96:bf rssi=-54 f=5785 sc=60 link=72 tx=0.0, 0.0, 0.0  rx=74.2 bcn=0 [on:0 tx:0 rx:0 period:2978] from screen [on:0 period:-1439386071] gl rssi=-54 ag=0 hr ticks 1,2,12 ls-=0 [56,56,56,56,61] brc=0 lrc=0

E/WifiStateMachine(  967): processMsg: L2ConnectedState

E/WifiStateMachine(  967):  L2ConnectedState !CMD_RSSI_POLL 228 0 "alibaba-inc" 1c:aa:07:f5:96:bf rssi=-54 f=5785 sc=60 link=72 tx=0.0, 0.0, 0.0  rx=74.2 bcn=0 [on:0 tx:0 rx:0 period:1] from screen [on:0 period:-1439386070] gl rssi=-54 ag=0 hr ticks 1,2,12 ls-=0 [56,56,56,56,61] brc=0 lrc=0

E/WifiStateMachine(  967):  get link layer stats 0

W/WifiHW  (  967): QCOM Debug wifi_send_command "IFNAME=wlan0 SIGNAL_POLL"

D/wpa_supplicant( 8936): wlan0: Control interface command 'SIGNAL_POLL'

I/wpa_supplicant( 8936): environment dirty rate=25 [4][1][0]

E/WifiStateMachine(  967): fetchRssiLinkSpeedAndFrequencyNative RSSI = -56 abnormalRssiCnt = 0 newLinkSpeed = 65

E/WifiStateMachine(  967): fetchRssiLinkSpeedAndFrequencyNative rssi=-56 linkspeed=65

E/WifiConfigStore(  967): updateConfiguration freq=5785 BSSID=1c:aa:07:f5:96:bf RSSI=-55 "alibaba-inc"WPA_EAP

E/WifiStateMachine(  967): calculateWifiScore freq=5785 speed=65 score=60 highRSSI  -> txbadrate=0.00 txgoodrate=2.00 txretriesrate=0.00 rxrate=143.12 userTriggerdPenalty0

E/WifiStateMachine(  967):  good link -> stuck count =0

E/WifiStateMachine(  967):  badRSSI count0 lowRSSI count0 --> score 56

E/WifiStateMachine(  967):  isHighRSSI       ---> score=61

D/WifiWatchdogStateMachine(  967): RSSI current: 3 new: -56, 3

E/WifiStateMachine(  967): handleMessage: X

D/PMS     (  967): acquireWL(3e31f980): PARTIAL_WAKE_LOCK  *alarm* 0x1 967 1000 WorkSource{10311}

V/AlarmManager(  967): sending alarm PendingIntent{2e4c6bb9: PendingIntentRecord{73366d9 com.tongbanjie.android broadcastIntent}}, i=AlarmTaskScheduleBak.com.tongbanjie.android, t=0, cnt=1, w=1450259560027, Int=0

D/PMS     (  967): releaseWL(3e31f980): PARTIAL_WAKE_LOCK  *alarm* 0x1 WorkSource{10311}

E/WifiTrafficPoller(  967): TRAFFIC_STATS_POLL true Token 929 num clients 44

E/WifiTrafficPoller(  967):  packet count Tx=378829 Rx=504213

E/WifiStateMachine(  967): WiFiStateMachine SCAN ALARM

D/WifiDisplayAdapter(  967): getWifiDisplayStatusLocked: result=WifiDisplayStatus{featureState=3, scanState=0, activeDisplayState=0, activeDisplay=null, displays=[], sessionInfo=WifiDisplaySessionInfo:

D/WifiDisplayAdapter(  967):     Client/Owner: Client

D/WifiDisplayAdapter(  967):     GroupId: 

D/WifiDisplayAdapter(  967):     Passphrase: 

D/WifiDisplayAdapter(  967):     SessionId: 0

D/WifiDisplayAdapter(  967):     IP Address: }

E/WifiStateMachine(  967): handleMessage: E msg.what=131143

D/PMS     (  967): acquireWL(9726bfe): PARTIAL_WAKE_LOCK  *alarm* 0x1 967 1000 WorkSource{1000}

E/WifiStateMachine(  967): processMsg: ConnectedState

V/AlarmManager(  967): sending alarm PendingIntent{903b2a5: PendingIntentRecord{79f867a android broadcastIntent}}, i=com.android.server.WifiManager.action.START_SCAN, t=1, cnt=1, w=1450259547929, Int=20000

E/WifiStateMachine(  967):  ConnectedState !CMD_START_SCAN -2 -2 ic=1022 proc(ms):4 dur:3720 rssi=-56 f=5785 sc=60 link=65 tx=2.0, 0.0, 0.0  rx=143.1 fiv=40000 [on:0 tx:0 rx:0 period:937] from screen [on:0 period:-1439385115]

V/AlarmManager(  967): sending alarm PendingIntent{1f6e3b88: PendingIntentRecord{b42f921 com.alibaba.work.android broadcastIntent}}, i=agoo_action_heart, t=1, cnt=1, w=1450259552085, Int=210000

E/WifiStateMachine(  967): processMsg: L2ConnectedState

V/AlarmManager(  967): sending alarm PendingIntent{2485fe45: PendingIntentRecord{ee4799a air.fyzb3 broadcastIntent}}, i=fyzb.alam.action, t=3, cnt=1, w=151903300, Int=60000

E/WifiStateMachine(  967):  L2ConnectedState !CMD_START_SCAN -2 -2 ic=1022 proc(ms):6 dur:3720 rssi=-56 f=5785 sc=60 link=65 tx=2.0, 0.0, 0.0  rx=143.1 fiv=40000 [on:0 tx:0 rx:0 period:2] from screen [on:0 period:-1439385113]

V/AlarmManager(  967): sending alarm PendingIntent{27138f5f: PendingIntentRecord{3f9def9c com.dangdang.buy2 broadcastIntent}}, i=io.rong.push.HeartBeat, t=3, cnt=1, w=151904092, Int=0

E/WifiStateMachine(  967): WifiStateMachine CMD_START_SCAN source -2 txSuccessRate=2.00 rxSuccessRate=143.12 targetRoamBSSID=1c:aa:07:f5:96:bf RSSI=-56

D/PMS     (  967): acquireWL(1b7d2dac): PARTIAL_WAKE_LOCK  wake:com.dangdang.buy2/io.rong.push.PushService 0x1 15350 10139 null

E/WifiStateMachine(  967): WifiStateMachine CMD_START_SCAN with age=818608 interval=40000 maxinterval=300000

D/PMS     (  967): releaseWL(9726bfe): PARTIAL_WAKE_LOCK  *alarm* 0x1 WorkSource{10139}

E/WifiStateMachine(  967): WifiStateMachine CMD_START_SCAN try full band scan age=818608 interval=40000 maxinterval=300000

D/ActivityManager(  967): deliveredStarts size = 304, ServiceRecord{3c937711 u0 com.dangdang.buy2/io.rong.push.PushService}

E/WifiStateMachine(  967): WifiStateMachine CMD_START_SCAN prevent full band scan due to pkt rate

D/PMS     (  967): releaseWL(1b7d2dac): PARTIAL_WAKE_LOCK  wake:com.dangdang.buy2/io.rong.push.PushService 0x1 null

E/WifiStateMachine(  967): WifiStateMachine CMD_START_SCAN source -2 ...and ignore scans tx=2.00 rx=143.12

E/WifiStateMachine(  967): handleMessage: X

D/HtcWifiControlRoamOffload: (  967): Receive mPhoneStateListener

D/HtcWifiControlRoamOffload: (  967): Receive mPhoneStateListener, getGsmSignalStrength18

I/##COMMON_io.rong.push.PushReceiver:Action(15350): io.rong.push.HeartBeat

I/##COMMON_io.rong.push.PushReceiver:ACTION_HEARTBEAT(15350): Receive heartbeat action.

D/##COMMON_io.rong.push.PushContext:validateNeedSyncVersion(15350): getPackageValidateCode is:-436563327current package code in system:-436563327

D/##COMMON_io.rong.push.PushContext:validateNeedSyncVersion(15350): getVersionValidateCode is:1820current version code in system:1820

I/##COMMON_io.rong.push.PushContext:isNewestVersion(15350): return true.

I/##COMMON_io.rong.push.PushClient:Ping(15350): /119.254.102.85

I/##COMMON_io.rong.push.PushService.PushHandler:ping(15350): Reconnect in 30 sec later if no PINGRESP received.

I/##COMMON_io.rong.push.PushContext:PushContext(15350): startNextHeartbeat

I/##COMMON_io.rong.push.PushClient:Handler(15350): PINGRESP

I/##COMMON_io.rong.push.PushService.PushHandler.PingSuccessListener:PingSuccessListener(15350): Receive PingResp. Cancel the runnable.

E/WifiTrafficPoller(  967): TRAFFIC_STATS_POLL true Token 929 num clients 44

E/WifiTrafficPoller(  967):  packet count Tx=378832 Rx=504307

E/WifiTrafficPoller(  967): notifying of data activity 3

E/WifiDataStallTracker(  967): DATA_MONITOR_POLL true Token 270

D/WifiDataStallTracker(  967): updateDataStallInfo: mDataStallTxRxSum={txSum=290391 rxSum=212634} preTxRxSum={txSum=290386 rxSum=212629}

D/WifiDataStallTracker(  967): updateDataStallInfo: IN/OUT

D/WifiDataStallTracker(  967): onDataStallAlarm: Sent 0 pkts since last received, < watchdogTrigger=5

E/WifiTrafficPoller(  967): TRAFFIC_STATS_POLL true Token 929 num clients 44

E/WifiTrafficPoller(  967):  packet count Tx=378832 Rx=504364

E/WifiTrafficPoller(  967): notifying of data activity 1

E/WifiStateMachine(  967): handleMessage: E msg.what=131155

E/WifiStateMachine(  967): processMsg: ConnectedState

E/WifiStateMachine(  967):  ConnectedState !CMD_RSSI_POLL 228 0 "alibaba-inc" 1c:aa:07:f5:96:bf rssi=-56 f=5785 sc=60 link=65 tx=2.0, 0.0, 0.0  rx=143.1 bcn=0 [on:0 tx:0 rx:0 period:2052] from screen [on:0 period:-1439383052] gl rssi=-56 ag=0 hr ticks 1,2,12 ls-=0 [56,56,56,56,61] brc=0 lrc=0

E/WifiStateMachine(  967): processMsg: L2ConnectedState

E/WifiStateMachine(  967):  L2ConnectedState !CMD_RSSI_POLL 228 0 "alibaba-inc" 1c:aa:07:f5:96:bf rssi=-56 f=5785 sc=60 link=65 tx=2.0, 0.0, 0.0  rx=143.1 bcn=0 [on:0 tx:0 rx:0 period:1] from screen [on:0 period:-1439383051] gl rssi=-56 ag=0 hr ticks 1,2,12 ls-=0 [56,56,56,56,61] brc=0 lrc=0

E/WifiStateMachine(  967):  get link layer stats 0

W/WifiHW  (  967): QCOM Debug wifi_send_command "IFNAME=wlan0 SIGNAL_POLL"

D/wpa_supplicant( 8936): wlan0: Control interface command 'SIGNAL_POLL'

I/wpa_supplicant( 8936): environment dirty rate=0 [3][0][0]

E/WifiStateMachine(  967): fetchRssiLinkSpeedAndFrequencyNative RSSI = -57 abnormalRssiCnt = 0 newLinkSpeed = 58

E/WifiStateMachine(  967): fetchRssiLinkSpeedAndFrequencyNative rssi=-57 linkspeed=58

E/WifiConfigStore(  967): updateConfiguration freq=5785 BSSID=1c:aa:07:f5:96:bf RSSI=-56 "alibaba-inc"WPA_EAP

E/WifiStateMachine(  967): calculateWifiScore freq=5785 speed=58 score=60 highRSSI  -> txbadrate=0.00 txgoodrate=2.50 txretriesrate=0.00 rxrate=193.56 userTriggerdPenalty0

E/WifiStateMachine(  967):  good link -> stuck count =0

E/WifiStateMachine(  967):  badRSSI count0 lowRSSI count0 --> score 56

E/WifiStateMachine(  967):  isHighRSSI       ---> score=61

D/WifiWatchdogStateMachine(  967): RSSI current: 3 new: -57, 3

E/WifiStateMachine(  967): handleMessage: X

I/nativeProcess(18972): iqiyi message: create--runOnSubprocess isProcessExist true

I/nativeProcess(18972): iqiyi message: ==== do something  executeCmd isProcessExist true =====

D/FyzbDownloadService(17801): clean download tasks, list size: 0

E/WifiTrafficPoller(  967): TRAFFIC_STATS_POLL true Token 929 num clients 44

E/WifiTrafficPoller(  967):  packet count Tx=378832 Rx=504400

D/HtcWifiControlRoamOffload: (  967): Receive mPhoneStateListener

D/HtcWifiControlRoamOffload: (  967): Receive mPhoneStateListener, getGsmSignalStrength18

E/WifiTrafficPoller(  967): TRAFFIC_STATS_POLL true Token 929 num clients 44

E/WifiTrafficPoller(  967):  packet count Tx=378832 Rx=504486

E/WifiTrafficPoller(  967): TRAFFIC_STATS_POLL true Token 929 num clients 44

E/WifiTrafficPoller(  967):  packet count Tx=378832 Rx=504534

E/WifiStateMachine(  967): handleMessage: E msg.what=131155

E/WifiStateMachine(  967): processMsg: ConnectedState

E/WifiStateMachine(  967):  ConnectedState !CMD_RSSI_POLL 228 0 "alibaba-inc" 1c:aa:07:f5:96:bf rssi=-57 f=5785 sc=60 link=58 tx=2.5, 0.0, 0.0  rx=193.6 bcn=0 [on:0 tx:0 rx:0 period:2998] from screen [on:0 period:-1439380036] gl rssi=-57 ag=0 hr ticks 1,2,12 ls-=0 [56,56,56,56,61] brc=0 lrc=0

E/WifiStateMachine(  967): processMsg: L2ConnectedState

E/WifiStateMachine(  967):  L2ConnectedState !CMD_RSSI_POLL 228 0 "alibaba-inc" 1c:aa:07:f5:96:bf rssi=-57 f=5785 sc=60 link=58 tx=2.5, 0.0, 0.0  rx=193.6 bcn=0 [on:0 tx:0 rx:0 period:2] from screen [on:0 period:-1439380034] gl rssi=-57 ag=0 hr ticks 1,2,12 ls-=0 [56,56,56,56,61] brc=0 lrc=0

E/WifiStateMachine(  967):  get link layer stats 0

W/WifiHW  (  967): QCOM Debug wifi_send_command "IFNAME=wlan0 SIGNAL_POLL"

D/wpa_supplicant( 8936): wlan0: Control interface command 'SIGNAL_POLL'

I/wpa_supplicant( 8936): environment dirty rate=0 [0][0][0]

E/WifiStateMachine(  967): fetchRssiLinkSpeedAndFrequencyNative RSSI = -55 abnormalRssiCnt = 0 newLinkSpeed = 58

E/WifiStateMachine(  967): fetchRssiLinkSpeedAndFrequencyNative rssi=-55 linkspeed=58

E/WifiConfigStore(  967): updateConfiguration freq=5785 BSSID=1c:aa:07:f5:96:bf RSSI=-55 "alibaba-inc"WPA_EAP

E/WifiStateMachine(  967): calculateWifiScore freq=5785 speed=58 score=60 highRSSI  -> txbadrate=0.00 txgoodrate=1.25 txretriesrate=0.00 rxrate=181.28 userTriggerdPenalty0

E/WifiStateMachine(  967):  good link -> stuck count =0

E/WifiStateMachine(  967):  badRSSI count0 lowRSSI count0 --> score 56

E/WifiStateMachine(  967):  isHighRSSI       ---> score=61

D/WifiWatchdogStateMachine(  967): RSSI current: 3 new: -55, 3

E/WifiStateMachine(  967): handleMessage: X

E/cutils-trace(27795): Error opening trace file: No such file or directory (2)

E/WifiTrafficPoller(  967): TRAFFIC_STATS_POLL true Token 929 num clients 44

E/WifiTrafficPoller(  967):  packet count Tx=378832 Rx=504549

D/CustomizationManager(27795): ====startRecUseTime====

D/htc.customization.log.level(27795):  is 

W/CustomizationLogLevel(27795): Level value is invalid, use default level 2

D/CustomizationManager(27795):  Read ACC file spent 0.068 (s)

V/CustomizationCIDLoader(27795): full path : /system/customize/CID/default.xml

I/CustomizationCIDLoader(27795): Parsing tag category name = system

I/CustomizationCIDLoader(27795): Parsing tag category name = application

I/CustomizationCIDLoader(27795): Parsing tag category name = SettingsProvider

I/CustomizationCIDLoader(27795): Parsing tag category name = Settings

I/CustomizationCIDLoader(27795): Parsing tag category name = AutomotiveHome

I/CustomizationCIDLoader(27795): Parsing tag category name = ACC

I/CustomizationCIDLoader(27795): add string-array item, value = com.htc.launcher/com.htc.feed.local.calendar.CalendarFeedProvider

D/CustomizationManager(27795):  Read CID file spent 0.131 (s)

D/CustomizationManager(27795):  All configurations done spent 0.132 (s)

E/memtrack(27795): Couldn't load memtrack module (No such file or directory)

E/android.os.Debug(27795): failed to load memtrack module: -2

E/ActTriggerJNI(27795): open library fail.

I/ActivityManager(  967): START u0 {act=android.intent.action.SENDTO dat=sms:xxxxxxxxxxx flg=0x10000000 cmp=com.htc.sense.mms/.ui.PreHandleIntentActivity (has extras)} from uid 2000 pid 27795 on display 0

D/PMS     (  967): acquireWL(110bc27b): PARTIAL_WAKE_LOCK  ActivityManager-Launch 0x1 967 1000 null

W/HtcSystemUPManager(  967): HtcSystemUPHandler The policy is disabled. AppId: activity_history, category: launch

E/Typeface(26458): SANS_LOC file not found.

D/MmsAsyncWorkHandler(26458): 

D/MmsAsyncWorkHandler(26458): HM tk = 1800

D/PreHandleIntentActivity(26458): scheme: sms

D/TelephUtils( 2934): QUERY for  <hidden uri>  [ com.htc.sense.mms ] tid: 84

D/MmsSmsV2Provider( 2934):  slotId = -1000

D/AccFlag ( 2934): sku_id=26

D/AccFlag ( 2934): sku_id=26

D/MmsSmsV2Provider( 2934): recipientIds: 2177

D/MmsSmsV2Provider( 2934): THREAD_QUERY: SELECT contacts.contact_id from contacts, htcthreads WHERE htcthreads.recipient_ids IN (2177) AND  htcthreads._id = contacts.htcthread_id

D/PreHandleIntentActivity(26458): SENDTO threadID > 0

I/ActivityManager(  967): START u0 {dat=sms:xxxxxxxxxxx cmp=com.htc.sense.mms/.ui.ComposeMessageActivity (has extras)} from uid 10067 pid 26458 on display 0

D/StatusBarManagerService(  967): setSystemUiVisibility(0x40000000)

D/StatusBarManagerService(  967): manageDisableList userId=0 what=0x0 pkg=WindowManager.LayoutParams

D/StatusBarManagerService(  967): hiding MENU key

D/FindExtension(26458): FindExtension: before mHardwareRenderer.initialize, mSurface.isValid() = true

I/ThreadedRenderer(26458): Defer allocateBuffers to drawing time

D/PMS     (  967): acquireWL(110bc27b): PARTIAL_WAKE_LOCK  ActivityManager-Launch 0x1 967 1000 null

D/StatusBarManagerService(  967): setSystemUiVisibility(0x40000700)

D/StatusBarManagerService(  967): manageDisableList userId=0 what=0x0 pkg=WindowManager.LayoutParams

D/StatusBarManagerService(  967): hiding MENU key

W/HtcSystemUPManager(  967): HtcSystemUPHandler The policy is disabled. AppId: activity_history, category: launch

E/Typeface(26458): SANS_LOC file not found.

D/ComposeMessageActivity(26458): onCreate

D/ComposeMessageFragment(26458): onAttach() >>>>>>>>>>>>>>>>>>>>

D/ComposeMessageFragment(26458): onAttach() <<<<<<<<<<<<<<<<<<<<

D/ComposeMessageFragment(26458): onCreate() >>>>>>>>>>>>>>>>>>>>

D/MessageUtils(26458): Text messaging allow status = allow

D/Messaging(26458): EAS allow SMS !!!

D/ComposeMessageFragment(26458): checkIfKeyguardShallBeDismissed()

D/HfmMessageClient(26458): isHFMRunning->mState: null

D/ComposeMessageFragment(26458): onWindowFocusChanged> true

D/ComposeMessageFragment(26458): onCreate() <<<<<<<<<<<<<<<<<<<<

D/ComposeMessageFragment(26458): onCreateView() >>>>>>>>>>>>>>>>>>>>

D/ComposeMessageFragment(26458): setContentView(R.layout.compose_message_activity)

D/ComposeMessageFragment(26458): onCreateView() <<<<<<<<<<<<<<<<<<<<

D/ComposeMessageFragment(26458): onActivityCreated() >>>>>>>>>>>>>>>>>>>>

D/ComposeMessageFragment(26458): set edit panel text size

D/ComposeMessageFragment(26458): onActivityCreated() <<<<<<<<<<<<<<<<<<<<

D/ComposeMessageFragment(26458): onStart() >>>>>>>>>>>>>>>>>>>>

D/ComposeMessageFragment(26458): onStart() <<<<<<<<<<<<<<<<<<<<

D/ComposeMessageActivity(26458): onResume

D/ComposeMessageFragment(26458): onResume() >>>>>>>>>>>>>>>>>>>>

D/ComposeMessageFragment(26458): [HTC_MESSAGES] - ComposeMessageFragment: onResume()

D/MessageUtils(26458): checkAndPopDefaultAppDialog > currentDefaulApp is : com.htc.sense.mms, forcePop = false

D/ComposeMessageFragment(26458): onResume() <<<<<<<<<<<<<<<<<<<<

D/ComposeMessageFragment(26458): handle message: 7

D/ComposeMessageFragment(26458): isFinishing > false

D/ContactNameCache(26458): refresh:true b_Invalid:false needQuery:false fastQuery:false

D/MessageCustFlag( 2934): support_lte=false

D/MessageCustFlag( 2934): support_lte=false

D/MessageCustFlag(26458): sku_id=26

