D/QMI_FW  (  967): QCCI: QMI_CCI_TX: cntl_flag - 00, txn_id - 13c2, msg_id - 004a, msg_len - 0007

D/QMI_FW  (  967): QCCI: QMUXD: xport_send[1 -> 16]: 14 bytes on conn_id=9

D/WifiDisplayAdapter(  967): getWifiDisplayStatusLocked: result=WifiDisplayStatus{featureState=3, scanState=0, activeDisplayState=0, activeDisplay=null, displays=[], sessionInfo=WifiDisplaySessionInfo:

D/WifiDisplayAdapter(  967):     Client/Owner: Client

D/WifiDisplayAdapter(  967):     GroupId: 

D/WifiDisplayAdapter(  967):     Passphrase: 

D/WifiDisplayAdapter(  967):     SessionId: 0

D/WifiDisplayAdapter(  967):     IP Address: }

D/WifiDisplayAdapter(  967): getWifiDisplayStatusLocked: result=WifiDisplayStatus{featureState=3, scanState=0, activeDisplayState=0, activeDisplay=null, displays=[], sessionInfo=WifiDisplaySessionInfo:

D/WifiDisplayAdapter(  967):     Client/Owner: Client

D/WifiDisplayAdapter(  967):     GroupId: 

D/WifiDisplayAdapter(  967):     Passphrase: 

D/WifiDisplayAdapter(  967):     SessionId: 0

D/WifiDisplayAdapter(  967):     IP Address: }

D/PMS     (  967): acquireWL(30fee9b0): PARTIAL_WAKE_LOCK  LocationManagerService 0x1 967 1000 WorkSource{1000 android}

D/PMS     (  967): acquireWL(65dcfae): PARTIAL_WAKE_LOCK  LocationManagerService 0x1 967 1000 WorkSource{10056 com.htc.sense.hsp}

D/PMS     (  967): releaseWL(104bbf98): PARTIAL_WAKE_LOCK  GpsLocationProvider 0x1 null

D/QMI_FW  (  967): QCCI: QMUXD: xport_rx[1 <- 16]: 14 bytes on conn_id: 9

D/QMI_FW  (  967): QCCI: QMI_CCI_RX: cntl_flag - 02, txn_id - 13c2, msg_id - 004a, msg_len - 0007

D/PMS     (  967): releaseWL(30fee9b0): PARTIAL_WAKE_LOCK  LocationManagerService 0x1 WorkSource{1000 android}

D/PMS     (  967): releaseWL(65dcfae): PARTIAL_WAKE_LOCK  LocationManagerService 0x1 WorkSource{10056 com.htc.sense.hsp}

D/QMI_FW  (  967): QCCI: QMUXD: xport_rx[1 <- 16]: 14 bytes on conn_id: 9

D/QMI_FW  (  967): QCCI: QMI_CCI_RX: cntl_flag - 04, txn_id - 0000, msg_id - 004a, msg_len - 0007

D/QMI_FW  (  967): QCCI: QMI_CCI_TX: cntl_flag - 00, txn_id - 13c3, msg_id - 0022, msg_len - 0019

D/QMI_FW  (  967): QCCI: QMUXD: xport_send[1 -> 16]: 32 bytes on conn_id=9

D/QMI_FW  (  967): QCCI: QMUXD: xport_rx[1 <- 16]: 14 bytes on conn_id: 9

D/QMI_FW  (  967): QCCI: QMI_CCI_RX: cntl_flag - 02, txn_id - 13c3, msg_id - 0022, msg_len - 0007

D/QMI_FW  (  967): QCCI: QMI_CCI_TX: cntl_flag - 00, txn_id - 13c4, msg_id - 0023, msg_len - 0004

D/QMI_FW  (  967): QCCI: QMUXD: xport_send[1 -> 16]: 11 bytes on conn_id=9

D/QMI_FW  (  967): QCCI: QMUXD: xport_rx[1 <- 16]: 14 bytes on conn_id: 9

D/QMI_FW  (  967): QCCI: QMI_CCI_RX: cntl_flag - 02, txn_id - 13c4, msg_id - 0023, msg_len - 0007

D/QMI_FW  (  967): QCCI: QMI_CCI_TX: cntl_flag - 00, txn_id - 13c5, msg_id - 0039, msg_len - 0021

D/QMI_FW  (  967): QCCI: QMUXD: xport_send[1 -> 16]: 40 bytes on conn_id=9

D/QMI_FW  (  967): QCCI: QMUXD: xport_rx[1 <- 16]: 25 bytes on conn_id: 9

D/QMI_FW  (  967): QCCI: QMI_CCI_RX: cntl_flag - 04, txn_id - 0000, msg_id - 0024, msg_len - 0012

D/QMI_FW  (  967): QCCI: QMUXD: xport_rx[1 <- 16]: 14 bytes on conn_id: 9

D/QMI_FW  (  967): QCCI: QMI_CCI_RX: cntl_flag - 02, txn_id - 13c5, msg_id - 0039, msg_len - 0007

D/QMI_FW  (  967): QCCI: QMUXD: xport_rx[1 <- 16]: 14 bytes on conn_id: 9

D/QMI_FW  (  967): QCCI: QMI_CCI_RX: cntl_flag - 04, txn_id - 0000, msg_id - 0039, msg_len - 0007

W/ContextImpl(  967): Calling a method in the system process without a qualified user: android.app.ContextImpl.sendBroadcast:1459 com.android.server.wifi.WifiStateMachine.sendDongleScanResultsAvailableBroadcast:14114 com.android.server.wifi.WifiStateMachine.handleMediaLinkEvent:14279 com.android.server.wifi.WifiStateMachine.access$5800:265 com.android.server.wifi.WifiStateMachine$SupplicantStartedState.processMessage:8070 

W/ActivityManager(  967): getTasks: caller 10157 does not hold GET_TASKS; limiting output

D/PMS     (  967): acquireWL(2ebb38ba): PARTIAL_WAKE_LOCK  encrypted_tag 0x1 19658 10145 null

D/PMS     (  967): releaseWL(2ebb38ba): PARTIAL_WAKE_LOCK  encrypted_tag 0x1 null

D/PMS     (  967): acquireWL(adc036b): PARTIAL_WAKE_LOCK  encrypted_tag 0x1 19658 10145 null

D/PMS     (  967): releaseWL(adc036b): PARTIAL_WAKE_LOCK  encrypted_tag 0x1 null

D/PMS     (  967): acquireWL(387a3ec8): PARTIAL_WAKE_LOCK  encrypted_tag 0x1 19658 10145 null

D/PMS     (  967): releaseWL(387a3ec8): PARTIAL_WAKE_LOCK  encrypted_tag 0x1 null

D/PMS     (  967): acquireWL(21dddb61): PARTIAL_WAKE_LOCK  encrypted_tag 0x1 19658 10145 null

D/PMS     (  967): releaseWL(21dddb61): PARTIAL_WAKE_LOCK  encrypted_tag 0x1 null

D/PMS     (  967): acquireWL(12542686): PARTIAL_WAKE_LOCK  encrypted_tag 0x1 19658 10145 null

D/PMS     (  967): releaseWL(12542686): PARTIAL_WAKE_LOCK  encrypted_tag 0x1 null

D/PMS     (  967): acquireWL(3356b47): PARTIAL_WAKE_LOCK  encrypted_tag 0x1 19658 10145 null

D/PMS     (  967): releaseWL(3356b47): PARTIAL_WAKE_LOCK  encrypted_tag 0x1 null

D/PMS     (  967): acquireWL(24587f74): PARTIAL_WAKE_LOCK  *alarm* 0x1 967 1000 WorkSource{10143}

V/AlarmManager(  967): sending alarm PendingIntent{383bcc9d: PendingIntentRecord{32e5eea com.hunantv.imgo.activity broadcastIntent}}, i=AlarmTaskSchedule.com.hunantv.imgo.activity, t=0, cnt=1, w=1450259297221, Int=0

D/PMS     (  967): releaseWL(24587f74): PARTIAL_WAKE_LOCK  *alarm* 0x1 WorkSource{10143}

D/PMS     (  967): acquireWL(83c2512): PARTIAL_WAKE_LOCK  encrypted_tag 0x1 20076 10143 null

D/PMS     (  967): releaseWL(83c2512): PARTIAL_WAKE_LOCK  encrypted_tag 0x1 null

D/PMS     (  967): acquireWL(12d374e3): PARTIAL_WAKE_LOCK  encrypted_tag 0x1 20076 10143 null

D/PMS     (  967): releaseWL(12d374e3): PARTIAL_WAKE_LOCK  encrypted_tag 0x1 null

D/PMS     (  967): acquireWL(3c381ee0): PARTIAL_WAKE_LOCK  encrypted_tag 0x1 20076 10143 null

D/PMS     (  967): releaseWL(3c381ee0): PARTIAL_WAKE_LOCK  encrypted_tag 0x1 null

D/PMS     (  967): acquireWL(3e8d9599): PARTIAL_WAKE_LOCK  encrypted_tag 0x1 20076 10143 null

D/PMS     (  967): releaseWL(3e8d9599): PARTIAL_WAKE_LOCK  encrypted_tag 0x1 null

D/PMS     (  967): acquireWL(1333805e): PARTIAL_WAKE_LOCK  encrypted_tag 0x1 20076 10143 null

D/PMS     (  967): releaseWL(1333805e): PARTIAL_WAKE_LOCK  encrypted_tag 0x1 null

D/PMS     (  967): acquireWL(4be7c3f): PARTIAL_WAKE_LOCK  encrypted_tag 0x1 20076 10143 null

D/PMS     (  967): releaseWL(4be7c3f): PARTIAL_WAKE_LOCK  encrypted_tag 0x1 null

I/ActivityManager(  967): Killing 23622:com.android.settings/1000 (adj 15): empty #17

I/ActivityManager(  967): Recipient 23622

D/WifiService(  967): releaseMulticastLock pid=18875, uid=10128

D/WifiService(  967): removeMulticasterLocked

D/WifiService(  967): acquireMulticastLock pid=18875, uid=10128

D/PMS     (  967): acquireWL(26b0490c): PARTIAL_WAKE_LOCK  *alarm* 0x1 967 1000 WorkSource{10311}

V/AlarmManager(  967): sending alarm PendingIntent{3a98f255: PendingIntentRecord{72b221e com.tongbanjie.android broadcastIntent}}, i=AlarmTaskSchedule.com.tongbanjie.android, t=0, cnt=1, w=1450259309787, Int=0

D/PMS     (  967): releaseWL(26b0490c): PARTIAL_WAKE_LOCK  *alarm* 0x1 WorkSource{10311}

I/PackageManager(  967):  setEnabledSetting(), pkgName=com.htc.zero, clsName=com.baidu.android.pushservice.PushService, state=2, flag=1, pid=22559, uid=10053, userID:0

I/PackageManager(  967):  setEnabledSetting(), pkgName=com.htc.zero, clsName=com.baidu.android.pushservice.PushServiceReceiver, state=2, flag=1, pid=22559, uid=10053, userID:0

I/PackageManager(  967):  setEnabledSetting(), pkgName=com.htc.zero, clsName=com.baidu.android.pushservice.RegistrationReceiver, state=2, flag=1, pid=22559, uid=10053, userID:0

D/PMS     (  967): acquireWL(b49b437): PARTIAL_WAKE_LOCK  *alarm* 0x1 967 1000 WorkSource{10317}

V/AlarmManager(  967): sending alarm PendingIntent{1cd4ada4: PendingIntentRecord{3f6fb9cd com.sina.weibo broadcastIntent}}, i=com.sina.heartbeat.action.1004, t=2, cnt=1, w=151666305, Int=0

D/PMS     (  967): acquireWL(44e170d): PARTIAL_WAKE_LOCK  PushService 0x1 22009 10317 null

D/PMS     (  967): releaseWL(44e170d): PARTIAL_WAKE_LOCK  PushService 0x1 null

D/PMS     (  967): releaseWL(b49b437): PARTIAL_WAKE_LOCK  *alarm* 0x1 WorkSource{10317}

D/InputDispatcher(  967): notify PowerKey:0

I/PMS     (  967): Waking up from sleep (uid 1000)...

D/PMN     (  967): wakingUp

D/AlarmManager(  967): ACTION_SCREEN_ON

I/AlarmManager(  967): [AlarmQueuing] recover blocked alarms

I/AlarmManager(  967): [AlarmQueuing] done recovering

I/AlarmManager(  967): [AlarmQueuing] recover EPS screen off blocked alarms

I/AlarmManager(  967): [AlarmQueuing] done EPS screen off alarm recovering

I/XAN-DPC (  967): Blocking screen on until initial contents have been drawn.

D/PMS     (  967): Setting HAL auto-suspend mode to false

W/ContextImpl(22348): Calling a method in the system process without a qualified user: android.app.ContextImpl.startService:1824 android.content.ContextWrapper.startService:515 android.content.ContextWrapper.startService:515 com.htc.htcpowermanager.battery.PowerUsageReceiver.onReceive:13 android.app.ActivityThread.handleReceiver:2712 

D/WifiDisplayAdapter(  967): getWifiDisplayStatusLocked: result=WifiDisplayStatus{featureState=3, scanState=0, activeDisplayState=0, activeDisplay=null, displays=[], sessionInfo=WifiDisplaySessionInfo:

D/WifiDisplayAdapter(  967):     Client/Owner: Client

D/WifiDisplayAdapter(  967):     GroupId: 

D/WifiDisplayAdapter(  967):     Passphrase: 

D/WifiDisplayAdapter(  967):     SessionId: 0

D/WifiDisplayAdapter(  967):     IP Address: }

D/PMS     (  967): Setting HAL auto-suspend mode done

D/PMS     (  967): Setting HAL interactive mode to true

D/PMS     (  967): Setting HAL interactive mode to true done

D/PMS     (  967): OOBE c monitor 11

I/DisplayManagerService(  967): Display device changed: DisplayDeviceInfo{"": 1080 x 1920, 60.0 fps, supportedRefreshRates [60.0], density 480, 472.965 x 473.475 dpi, appVsyncOff 0, presDeadline 17666667, touch INTERNAL, rotation 0, type BUILT_IN, state ON, FLAG_DEFAULT_DISPLAY, FLAG_ROTATES_WITH_CONTENT, FLAG_SECURE, FLAG_SUPPORTS_PROTECTED_BUFFERS}

I/InputMethodManagerService(  967): screenObserver, isScreenOn=true

D/StatusBarManagerService(  967): swetImeWindowStatus vis=0 backDisposition=0

I/InputMethodManagerService(  967): Enable input method client, pid=3397

D/PMS     (  967): acquireWL(1fb5cd3): PARTIAL_WAKE_LOCK  NfcService:mRoutingWakeLock 0x1 29999 1027 null

V/ActivityManager(  967): Display changed displayId=0

D/PMS     (  967): acquireWL(c810010): PARTIAL_WAKE_LOCK  BatteryServiceUpdateStats_3 0x1 967 1000 null

I/BatteryService(  967): n_update end

D/PMS     (  967): releaseWL(c810010): PARTIAL_WAKE_LOCK  BatteryServiceUpdateStats_3 0x1 null

D/NotificationService(  967): plugged=true pluggin=true

D/NetworkPolicy(  967): updateScreenOn: true

V/NetworkPolicy(  967): updateIfacesLocked()

E/NetworkTemplate(  967): matches unknown network template

E/NetworkTemplate(  967): matches unknown network template

E/NetworkTemplate(  967): matches unknown network template

E/NetworkTemplate(  967): matches unknown network template

E/NetworkTemplate(  967): matches unknown network template

D/NetworkManagementService(  967): isBandwidthControlEnabled: doneSignal.getCount()= 0

D/WifiController(  967): battery changed pluggedType: 2

W/ContextImpl(22348): Calling a method in the system process without a qualified user: android.app.ContextImpl.startService:1824 android.content.ContextWrapper.startService:515 android.content.ContextWrapper.startService:515 com.htc.htcpowermanager.smartsync.SmartSyncDataLinkTurnOffReceiver.onReceive:22 android.app.ActivityThread.handleReceiver:2712 

D/PMS     (  967): releaseWL(1fb5cd3): PARTIAL_WAKE_LOCK  NfcService:mRoutingWakeLock 0x1 null

D/HABCtrl (  967): lcdValue can't update normally

D/HABCtrl (  967): lsvalue=320(5th)->320(5th), lValue=142->142

D/HtcPowerSaver(  967): updateBatteryInfo

D/PMS     (  967): runPSCheck

D/HtcPowerSaver(  967): Checking...

I/HtcPowerSaver(  967): >> updateStatus

I/HtcPowerSaver(  967): updateStatus (8000,80,-1,false,false,false,-1)

I/HtcPowerSaver(  967): << updateStatus

W/ContextImpl(  967): Calling a method in the system process without a qualified user: android.app.ContextImpl.startService:1824 android.content.ContextWrapper.startService:515 android.content.ContextWrapper.startService:515 com.htc.smartdim.SystemIntentReceiver.onReceive:143 android.app.ActivityThread.handleReceiver:2712 

D/PowerUI ( 2788): closing low battery warning: level=80

I/XAN-DPC (  967): Unblocked screen on after 280 ms

D/XAN-DPS (  967): setBrightness to 102

D/PowerUI ( 2788): plugged = true, health = 2, mBatteryLevel = 80, mPluggedBatteryLevel = 80, mLowBatteryWarningLevel2 = 25, mshowLowChargingWarning2 = true

W/ActivityManager(  967): getTasks: caller 10324 does not hold GET_TASKS; limiting output

W/ActivityManager(  967): getTasks: caller 10324 does not hold GET_TASKS; limiting output

W/ActivityManager(  967): getTasks: caller 10304 does not hold GET_TASKS; limiting output

W/ActivityManager(  967): getTasks: caller 10304 does not hold GET_TASKS; limiting output

D/PMS     (  967): acquireHCC(5d9c1a): CPU_MIN_FREQ SystemUIScroll_4.0 0x2000 2788 10196 null

D/PMS     (  967): acquireHCC(387934b): CPU_MIN_NUM SystemUIScroll_4.0 0x8000 2788 10196 null

D/StatusBarManagerService(  967): setSystemUiVisibility(0x8600)

D/StatusBarManagerService(  967): manageDisableList userId=0 what=0x0 pkg=WindowManager.LayoutParams

D/StatusBarManagerService(  967): hiding MENU key

D/NotificationService(  967): onSetDisabled: 0x3200000

D/StatusBarManagerService(  967): setSystemUiVisibility(0x208600)

D/StatusBarManagerService(  967): manageDisableList userId=0 what=0x200000 pkg=WindowManager.LayoutParams

D/StatusBarManagerService(  967): hiding MENU key

D/PMS     (  967): releaseHCC(5d9c1a): CPU_MIN_FREQ SystemUIScroll_4.0 0x2000 null

D/PMS     (  967): releaseHCC(387934b): CPU_MIN_NUM SystemUIScroll_4.0 0x8000 null

D/StatusBarManagerService(  967): manageDisableList userId=0 what=0x0 pkg=com.android.systemui

D/NotificationService(  967): onSetDisabled: 0x200000

D/StatusBarManagerService(  967): setSystemUiVisibility(0x40000700)

D/StatusBarManagerService(  967): manageDisableList userId=0 what=0x0 pkg=WindowManager.LayoutParams

D/StatusBarManagerService(  967): hiding MENU key

D/NotificationService(  967): onSetDisabled: 0x0

W/InputMethodManagerService(  967): Window already focused, ignoring focus gain of: com.android.internal.view.IInputMethodClient$Stub$Proxy@b1c8d40 attribute=EditorInfo { packageName=com.htc.launcher, inputType=0x0, imeOptions=0x0, privateImeOptions=null }, token = android.os.BinderProxy@136ece85, client pid=3397, inputType=0x0

I/ActivityManager(  967): Start proc com.android.settings for broadcast com.android.settings/.NSReceiver: pid=25265 uid=1000 gids={41000, 9997, 3002, 3001, 3003, 1028, 1015, 5001, 5011, 3006, 1007, 1023, 5006} abi=armeabi-v7a

W/ActivityManager(  967): getTasks: caller 10324 does not hold GET_TASKS; limiting output

D/PMS     (  967): acquireWL(27e53fca): PARTIAL_WAKE_LOCK  NfcService:mRoutingWakeLock 0x1 29999 1027 null

D/PMS     (  967): releaseWL(27e53fca): PARTIAL_WAKE_LOCK  NfcService:mRoutingWakeLock 0x1 null

W/ContextImpl(25265): Calling a method in the system process without a qualified user: android.app.ContextImpl.startService:1824 android.content.ContextWrapper.startService:515 android.content.ContextWrapper.startService:515 com.android.settings.PSReceiver.onReceive:36 android.app.ActivityThread.handleReceiver:2712 

I/ActivityManager(  967): Start proc com.yiwang for broadcast com.yiwang/com.igexin.sdk.PushReceiver: pid=25293 uid=10145 gids={50145, 9997, 3003, 1028, 1015} abi=armeabi-v7a

I/ActivityManager(  967): Killing 23790:com.sohu.inputmethod.status/u0a172 (adj 15): empty #17

I/ActivityManager(  967): Recipient 23790

D/WifiService(  967): Client connection lost with reason: 4

D/WifiService(  967): New client listening to asynchronous messages

I/ActivityManager(  967): Killing 23838:com.htc.contacts/u0a42 (adj 15): empty #17

I/ActivityManager(  967): Recipient 23838

D/WifiDisplayAdapter(  967): getWifiDisplayStatusLocked: result=WifiDisplayStatus{featureState=3, scanState=0, activeDisplayState=0, activeDisplay=null, displays=[], sessionInfo=WifiDisplaySessionInfo:

D/WifiDisplayAdapter(  967):     Client/Owner: Client

D/WifiDisplayAdapter(  967):     GroupId: 

D/WifiDisplayAdapter(  967):     Passphrase: 

D/WifiDisplayAdapter(  967):     SessionId: 0

D/WifiDisplayAdapter(  967):     IP Address: }

D/PMS     (  967): acquireWL(1ca81fed): PARTIAL_WAKE_LOCK  GpsLocationProvider 0x1 967 1000 null

D/QMI_FW  (  967): QCCI: QMI_CCI_TX: cntl_flag - 00, txn_id - 13c6, msg_id - 004a, msg_len - 0007

D/QMI_FW  (  967): QCCI: QMUXD: xport_send[1 -> 16]: 14 bytes on conn_id=9

I/ActivityManager(  967): Start proc com.dianping.v1 for broadcast com.dianping.v1/com.dianping.base.push.pushservice.PhoneStatusReceiver: pid=25340 uid=10092 gids={50092, 9997, 3003, 1028, 1015, 3002, 3001} abi=armeabi-v7a

D/PMS     (  967): releaseWL(1ca81fed): PARTIAL_WAKE_LOCK  GpsLocationProvider 0x1 null

D/WifiDisplayAdapter(  967): getWifiDisplayStatusLocked: result=WifiDisplayStatus{featureState=3, scanState=0, activeDisplayState=0, activeDisplay=null, displays=[], sessionInfo=WifiDisplaySessionInfo:

D/WifiDisplayAdapter(  967):     Client/Owner: Client

D/WifiDisplayAdapter(  967):     GroupId: 

D/WifiDisplayAdapter(  967):     Passphrase: 

D/WifiDisplayAdapter(  967):     SessionId: 0

D/WifiDisplayAdapter(  967):     IP Address: }

D/WifiDisplayAdapter(  967): getWifiDisplayStatusLocked: result=WifiDisplayStatus{featureState=3, scanState=0, activeDisplayState=0, activeDisplay=null, displays=[], sessionInfo=WifiDisplaySessionInfo:

D/WifiDisplayAdapter(  967):     Client/Owner: Client

D/WifiDisplayAdapter(  967):     GroupId: 

D/WifiDisplayAdapter(  967):     Passphrase: 

D/WifiDisplayAdapter(  967):     SessionId: 0

D/WifiDisplayAdapter(  967):     IP Address: }

D/PMS     (  967): acquireWL(25325fa5): PARTIAL_WAKE_LOCK  LocationManagerService 0x1 967 1000 WorkSource{1000 android}

D/PMS     (  967): acquireWL(e352f7a): PARTIAL_WAKE_LOCK  LocationManagerService 0x1 967 1000 WorkSource{10056 com.htc.sense.hsp}

D/PMS     (  967): releaseWL(25325fa5): PARTIAL_WAKE_LOCK  LocationManagerService 0x1 WorkSource{1000 android}

D/PMS     (  967): releaseWL(e352f7a): PARTIAL_WAKE_LOCK  LocationManagerService 0x1 WorkSource{10056 com.htc.sense.hsp}

D/QMI_FW  (  967): QCCI: QMUXD: xport_rx[1 <- 16]: 14 bytes on conn_id: 9

D/QMI_FW  (  967): QCCI: QMI_CCI_RX: cntl_flag - 02, txn_id - 13c6, msg_id - 004a, msg_len - 0007

D/QMI_FW  (  967): QCCI: QMUXD: xport_rx[1 <- 16]: 14 bytes on conn_id: 9

D/QMI_FW  (  967): QCCI: QMI_CCI_RX: cntl_flag - 04, txn_id - 0000, msg_id - 004a, msg_len - 0007

D/QMI_FW  (  967): QCCI: QMI_CCI_TX: cntl_flag - 00, txn_id - 13c7, msg_id - 0022, msg_len - 0019

D/QMI_FW  (  967): QCCI: QMUXD: xport_send[1 -> 16]: 32 bytes on conn_id=9

D/QMI_FW  (  967): QCCI: QMUXD: xport_rx[1 <- 16]: 14 bytes on conn_id: 9

D/QMI_FW  (  967): QCCI: QMI_CCI_RX: cntl_flag - 02, txn_id - 13c7, msg_id - 0022, msg_len - 0007

D/QMI_FW  (  967): QCCI: QMI_CCI_TX: cntl_flag - 00, txn_id - 13c8, msg_id - 0023, msg_len - 0004

D/QMI_FW  (  967): QCCI: QMUXD: xport_send[1 -> 16]: 11 bytes on conn_id=9

D/QMI_FW  (  967): QCCI: QMUXD: xport_rx[1 <- 16]: 14 bytes on conn_id: 9

D/QMI_FW  (  967): QCCI: QMI_CCI_RX: cntl_flag - 02, txn_id - 13c8, msg_id - 0023, msg_len - 0007

D/QMI_FW  (  967): QCCI: QMI_CCI_TX: cntl_flag - 00, txn_id - 13c9, msg_id - 0039, msg_len - 0021

D/QMI_FW  (  967): QCCI: QMUXD: xport_send[1 -> 16]: 40 bytes on conn_id=9

D/QMI_FW  (  967): QCCI: QMUXD: xport_rx[1 <- 16]: 25 bytes on conn_id: 9

D/QMI_FW  (  967): QCCI: QMI_CCI_RX: cntl_flag - 04, txn_id - 0000, msg_id - 0024, msg_len - 0012

D/QMI_FW  (  967): QCCI: QMUXD: xport_rx[1 <- 16]: 14 bytes on conn_id: 9

D/QMI_FW  (  967): QCCI: QMI_CCI_RX: cntl_flag - 02, txn_id - 13c9, msg_id - 0039, msg_len - 0007

D/QMI_FW  (  967): QCCI: QMUXD: xport_rx[1 <- 16]: 14 bytes on conn_id: 9

D/QMI_FW  (  967): QCCI: QMI_CCI_RX: cntl_flag - 04, txn_id - 0000, msg_id - 0039, msg_len - 0007

D/WifiService(  967): New client listening to asynchronous messages

I/PackageManager(  967):  setEnabledSetting(), pkgName=com.dianping.v1, clsName=com.dianping.base.push.pushservice.PhoneStatusReceiver, state=1, flag=1, pid=25340, uid=10092, userID:0

I/ActivityManager(  967): Start proc com.qiyi.video:bdservice_v1 for broadcast com.qiyi.video/com.baidu.android.pushservice.PushServiceReceiver: pid=25388 uid=10005 gids={50005, 9997, 3003, 1028, 1015, 3002} abi=armeabi

I/ActivityManager(  967): Killing 23816:com.htc.sense.ime/u0a44 (adj 15): empty #17

I/ActivityManager(  967): Recipient 23816

I/ActivityManager(  967): Killing 23947:sogou.mobile.explorer.hotwords/u0a172 (adj 15): empty #17

I/ActivityManager(  967): Recipient 23947

I/ActivityManager(  967): Start proc com.tongbanjie.android for broadcast com.tongbanjie.android/com.igexin.sdk.PushReceiver: pid=25422 uid=10311 gids={50311, 9997, 3003, 1028, 1015, 3002} abi=armeabi-v7a

W/ActivityManager(  967): getTasks: caller 10311 does not hold GET_TASKS; limiting output

I/ActivityManager(  967): Start proc sogou.mobile.explorer.hotwords for broadcast com.sohu.inputmethod.sogou/sogou.mobile.explorer.hotwords.push.PushMsgReceiver: pid=25461 uid=10172 gids={50172, 9997, 3003, 1028, 1015} abi=armeabi

I/ActivityManager(  967): Killing 24041:com.htc.mobiledata:remote/u0a70 (adj 15): empty #17

I/ActivityManager(  967): Recipient 24041

W/ActivityThread(25422): ClassLoader.loadClass: The class loader returned by Thread.getContextClassLoader() may fail for processes that host multiple applications. You should explicitly specify a context class loader. For example: Thread.setContextClassLoader(getClass().getClassLoader());

D/WifiService(  967): New client listening to asynchronous messages

I/ActivityManager(  967): Killing 24022:com.htc.mobiledata/u0a70 (adj 15): empty #17

I/ActivityManager(  967): Recipient 24022

W/ActivityManager(  967): getTasks: caller 10005 does not hold GET_TASKS; limiting output

W/ActivityManager(  967): Unable to start service Intent { act=com.sogou.pushservice.action.METHOD cmp=/com.sogou.udp.push.PushService (has extras) } U=0: not found

I/ActivityManager(  967): Start proc com.hunantv.imgo.activity for broadcast com.hunantv.imgo.activity/com.igexin.sdk.PushReceiver: pid=25512 uid=10143 gids={50143, 9997, 1028, 1015, 3003} abi=armeabi-v7a

D/WifiService(  967): New client listening to asynchronous messages

I/ActivityManager(  967): Killing 24629:com.htc.sdm/u0a134 (adj 15): empty #17

I/ActivityManager(  967): Recipient 24629

W/BroadcastQueue(  967): Permission Denial: broadcasting Intent { act=android.intent.action.USER_PRESENT flg=0x24000010 } from com.android.systemui (pid=2788, uid=10196) is not exported from uid 10299 due to receiver com.netease.newsreader.activity/com.netease.nr.biz.push2.PushWakeupReceiver

W/ContextImpl(  967): Calling a method in the system process without a qualified user: android.app.ContextImpl.sendBroadcast:1459 com.android.server.wifi.WifiStateMachine.sendDongleScanResultsAvailableBroadcast:14114 com.android.server.wifi.WifiStateMachine.handleMediaLinkEvent:14279 com.android.server.wifi.WifiStateMachine.access$5800:265 com.android.server.wifi.WifiStateMachine$SupplicantStartedState.processMessage:8070 

D/PMS     (  967): acquireWL(3a99f2da): PARTIAL_WAKE_LOCK  *alarm* 0x1 967 1000 WorkSource{10251}

V/AlarmManager(  967): sending alarm PendingIntent{a27030b: PendingIntentRecord{1b0bd5e8 com.tencent.mm broadcastIntent}}, i=ALARM_ACTION(9399), t=2, cnt=1, w=151681043, Int=0

V/AlarmManager(  967): sending alarm PendingIntent{2485fe45: PendingIntentRecord{ee4799a air.fyzb3 broadcastIntent}}, i=fyzb.alam.action, t=3, cnt=1, w=151663300, Int=60000

V/AlarmManager(  967): sending alarm PendingIntent{903b2a5: PendingIntentRecord{79f867a android broadcastIntent}}, i=com.android.server.WifiManager.action.START_SCAN, t=1, cnt=1, w=1450259327929, Int=20000

D/PMS     (  967): acquireWL(38a6f401): PARTIAL_WAKE_LOCK  WakerLock:935169529 0x1 9399 10251 null

D/WifiDisplayAdapter(  967): getWifiDisplayStatusLocked: result=WifiDisplayStatus{featureState=3, scanState=0, activeDisplayState=0, activeDisplay=null, displays=[], sessionInfo=WifiDisplaySessionInfo:

D/WifiDisplayAdapter(  967):     Client/Owner: Client

D/WifiDisplayAdapter(  967):     GroupId: 

D/WifiDisplayAdapter(  967):     Passphrase: 

D/WifiDisplayAdapter(  967):     SessionId: 0

D/WifiDisplayAdapter(  967):     IP Address: }

D/PMS     (  967): releaseWL(3a99f2da): PARTIAL_WAKE_LOCK  *alarm* 0x1 WorkSource{1000}

D/PMS     (  967): acquireWL(373462a6): PARTIAL_WAKE_LOCK  WakerLock:39613258 0x1 9399 10251 null

D/PMS     (  967): acquireWL(373462a6): PARTIAL_WAKE_LOCK  WakerLock:39613258 0x1 9399 10251 null

D/PMS     (  967): releaseWL(38a6f401): PARTIAL_WAKE_LOCK  WakerLock:935169529 0x1 null

D/PMS     (  967): releaseWL(373462a6): PARTIAL_WAKE_LOCK  WakerLock:39613258 0x1 null

W/ActivityManager(  967): getTasks: caller 10183 does not hold GET_TASKS; limiting output

D/PMS     (  967): acquireWL(29c0c4e7): PARTIAL_WAKE_LOCK  *alarm* 0x40000001 967 1000 WorkSource{1000}

V/AlarmManager(  967): sending alarm PendingIntent{284a73eb: PendingIntentRecord{29c72548 android broadcastIntent}}, i=android.intent.action.TIME_TICK, t=3, cnt=1, w=151682805, Int=0

D/PMS     (  967): releaseWL(29c0c4e7): PARTIAL_WAKE_LOCK  *alarm* 0x40000001 WorkSource{1000}

W/ActivityManager(  967): getTasks: caller 10157 does not hold GET_TASKS; limiting output

W/ActivityManager(  967): getTasks: caller 10157 does not hold GET_TASKS; limiting output

W/ActivityManager(  967): getTasks: caller 10157 does not hold GET_TASKS; limiting output

W/ActivityManager(  967): getTasks: caller 10157 does not hold GET_TASKS; limiting output

D/PMS     (  967): acquireWL(34bc6894): PARTIAL_WAKE_LOCK  *alarm* 0x1 967 1000 WorkSource{10156}

V/AlarmManager(  967): sending alarm PendingIntent{128dcf3d: PendingIntentRecord{19dce91a com.cubic.autohome broadcastIntent}}, i=AlarmTaskSchedule.com.cubic.autohome, t=0, cnt=1, w=1450259344636, Int=0

V/AlarmManager(  967): sending alarm PendingIntent{1f6e3b88: PendingIntentRecord{b42f921 com.alibaba.work.android broadcastIntent}}, i=agoo_action_heart, t=1, cnt=1, w=1450259342085, Int=210000

D/PMS     (  967): releaseWL(34bc6894): PARTIAL_WAKE_LOCK  *alarm* 0x1 WorkSource{10304}

D/PMS     (  967): acquireWL(21b40332): PARTIAL_WAKE_LOCK  *alarm* 0x1 967 1000 WorkSource{10156}

V/AlarmManager(  967): sending alarm PendingIntent{1d4ac883: PendingIntentRecord{1a417a00 com.cubic.autohome broadcastIntent}}, i=AlarmTaskScheduleBak.com.cubic.autohome, t=0, cnt=1, w=1450259346636, Int=0

D/PMS     (  967): releaseWL(21b40332): PARTIAL_WAKE_LOCK  *alarm* 0x1 WorkSource{10156}

D/PMS     (  967): acquireWL(3d0d2239): PARTIAL_WAKE_LOCK  *alarm* 0x1 967 1000 WorkSource{10300}

V/AlarmManager(  967): sending alarm PendingIntent{301b207e: PendingIntentRecord{c096e3f cmb.pb broadcastIntent}}, i=com.xiaomi.push.PING_TIMER, t=0, cnt=1, w=1450259353611, Int=0

D/PMS     (  967): releaseWL(3d0d2239): PARTIAL_WAKE_LOCK  *alarm* 0x1 WorkSource{10300}

D/PMS     (  967): acquireWL(1ee769df): PARTIAL_WAKE_LOCK  *alarm* 0x1 967 1000 WorkSource{10157}

V/AlarmManager(  967): sending alarm PendingIntent{2c44362c: PendingIntentRecord{1d9ebd5e air.fyzb3 broadcastIntent}}, i=AlarmTaskSchedule.air.fyzb3, t=0, cnt=1, w=1450259350312, Int=0

V/AlarmManager(  967): sending alarm PendingIntent{3394a8f5: PendingIntentRecord{2a842c2f com.yiwang broadcastIntent}}, i=AlarmTaskSchedule.com.yiwang, t=0, cnt=1, w=1450259350382, Int=0

V/AlarmManager(  967): sending alarm PendingIntent{2444c68a: PendingIntentRecord{32e5eea com.hunantv.imgo.activity broadcastIntent}}, i=AlarmTaskSchedule.com.hunantv.imgo.activity, t=0, cnt=1, w=1450259351674, Int=0

V/AlarmManager(  967): sending alarm PendingIntent{3e82c4fb: PendingIntentRecord{35e68746 air.fyzb3 broadcastIntent}}, i=AlarmTaskScheduleBak.air.fyzb3, t=0, cnt=1, w=1450259352312, Int=0

V/AlarmManager(  967): sending alarm PendingIntent{ad48918: PendingIntentRecord{315ae34 com.yiwang broadcastIntent}}, i=AlarmTaskScheduleBak.com.yiwang, t=0, cnt=1, w=1450259352382, Int=0

V/AlarmManager(  967): sending alarm PendingIntent{3ed3df71: PendingIntentRecord{3ff9ea01 com.hunantv.imgo.activity broadcastIntent}}, i=AlarmTaskScheduleBak.com.hunantv.imgo.activity, t=0, cnt=1, w=1450259353674, Int=0

V/AlarmManager(  967): sending alarm PendingIntent{903b2a5: PendingIntentRecord{79f867a android broadcastIntent}}, i=com.android.server.WifiManager.action.START_SCAN, t=1, cnt=1, w=1450259347929, Int=20000

V/AlarmManager(  967): sending alarm PendingIntent{10b0c156: PendingIntentRecord{14aeb5d7 com.netease.newsreader.activity startService}}, i=netease.pomelo.news.push.messageservice_V1, t=1, cnt=1, w=1450259350988, Int=0

D/PMS     (  967): acquireWL(5151ec4): PARTIAL_WAKE_LOCK  com.netease.pushservice.core.PushServiceNews_V1 0x1 18397 10299 null

D/WifiDisplayAdapter(  967): getWifiDisplayStatusLocked: result=WifiDisplayStatus{featureState=3, scanState=0, activeDisplayState=0, activeDisplay=null, displays=[], sessionInfo=WifiDisplaySessionInfo:

D/WifiDisplayAdapter(  967):     Client/Owner: Client

D/WifiDisplayAdapter(  967):     GroupId: 

D/WifiDisplayAdapter(  967):     Passphrase: 

D/WifiDisplayAdapter(  967):     SessionId: 0

D/WifiDisplayAdapter(  967):     IP Address: }

D/PMS     (  967): releaseWL(5151ec4): PARTIAL_WAKE_LOCK  com.netease.pushservice.core.PushServiceNews_V1 0x1 null

D/PMS     (  967): releaseWL(1ee769df): PARTIAL_WAKE_LOCK  *alarm* 0x1 WorkSource{1000}

W/ActivityManager(  967): getTasks: caller 10157 does not hold GET_TASKS; limiting output

I/ActivityManager(  967): START u0 {act=android.intent.action.CALL dat=tel:xxxxx flg=0x10000000 cmp=android/com.android.internal.app.ResolverActivity} from uid 2000 pid 25597 on display 0

D/PMS     (  967): acquireHCC(28f601ad): CPU_MIN_NUM ActivityManager-MultiCore-Num 0x8000 967 1000 null

D/PMS     (  967): acquireHCC(1e0f9ce2): CPU_MIN_FREQ ActivityManager-MultiCore-Freq 0x2000 967 1000 null

D/PMS     (  967): acquireWL(399e0ba9): PARTIAL_WAKE_LOCK  ActivityManager-Launch 0x1 967 1000 null

I/ActivityManager(  967): Start proc system:ui for activity android/com.android.internal.app.ResolverActivity: pid=25612 uid=1000 gids={41000, 9997, 3002, 3001, 3003, 1028, 1015, 5001, 5011, 3006, 1007, 1023, 5006} abi=armeabi-v7a

D/StatusBarManagerService(  967): setSystemUiVisibility(0x40000000)

D/StatusBarManagerService(  967): manageDisableList userId=0 what=0x0 pkg=WindowManager.LayoutParams

D/StatusBarManagerService(  967): hiding MENU key

D/StatusBarManagerService(  967): setSystemUiVisibility(0x0)

D/StatusBarManagerService(  967): manageDisableList userId=0 what=0x0 pkg=WindowManager.LayoutParams

D/StatusBarManagerService(  967): hiding MENU key

I/InputMethodManagerService(  967): Disable input method client, pid=3397

D/StatusBarManagerService(  967): swetImeWindowStatus vis=0 backDisposition=0

I/InputMethodManagerService(  967): Enable input method client, pid=25612

W/ActivityManager(  967): Unable to start service Intent { cmp=sogou.mobile.explorer/.ActivateBrowserService } U=0: not found

D/PMS     (  967): releaseWL(399e0ba9): PARTIAL_WAKE_LOCK  ActivityManager-Launch 0x1 null

D/PMS     (  967): releaseHCC(28f601ad): CPU_MIN_NUM ActivityManager-MultiCore-Num 0x8000 null

D/PMS     (  967): releaseHCC(1e0f9ce2): CPU_MIN_FREQ ActivityManager-MultiCore-Freq 0x2000 null

D/PMS     (  967): acquireWL(28b1f860): PARTIAL_WAKE_LOCK  *alarm* 0x1 967 1000 WorkSource{10135}

V/AlarmManager(  967): sending alarm PendingIntent{7b43119: PendingIntentRecord{34c544a3 cn.amazon.mShop.android broadcastIntent}}, i=AlarmTaskSchedule.cn.amazon.mShop.android, t=0, cnt=1, w=1450259361369, Int=0

D/PMS     (  967): releaseWL(28b1f860): PARTIAL_WAKE_LOCK  *alarm* 0x1 WorkSource{10135}

D/PMS     (  967): acquireWL(104b5de): PARTIAL_WAKE_LOCK  *alarm* 0x1 967 1000 WorkSource{10174}

V/AlarmManager(  967): sending alarm PendingIntent{261f43bf: PendingIntentRecord{526e650 com.thestore.main broadcastIntent}}, i=AlarmTaskSchedule.com.thestore.main, t=0, cnt=1, w=1450259362678, Int=0

D/PMS     (  967): releaseWL(104b5de): PARTIAL_WAKE_LOCK  *alarm* 0x1 WorkSource{10174}

D/PMS     (  967): acquireWL(26ae3a8c): PARTIAL_WAKE_LOCK  *alarm* 0x1 967 1000 WorkSource{10135}

V/AlarmManager(  967): sending alarm PendingIntent{224dc5d5: PendingIntentRecord{252251ea cn.amazon.mShop.android broadcastIntent}}, i=AlarmTaskScheduleBak.cn.amazon.mShop.android, t=0, cnt=1, w=1450259363369, Int=0

D/PMS     (  967): releaseWL(26ae3a8c): PARTIAL_WAKE_LOCK  *alarm* 0x1 WorkSource{10135}

I/PackageManager(  967): Adding preferred activity ComponentInfo{com.android.server.telecom/com.android.server.telecom.CallActivity} for user 0, uid:1000, pid:25612

I/PackageManager(  967): Adding preferred activity com.android.server.telecom/.CallActivity for user 0:

I/ActivityManager(  967): START u0 {act=android.intent.action.CALL dat=tel:xxxxx flg=0x13000000 cmp=com.android.server.telecom/.CallActivity} from uid 2000 pid -1 on display 0

D/PMS     (  967): acquireWL(bcba2b6): PARTIAL_WAKE_LOCK  ActivityManager-Launch 0x1 967 1000 null

D/StatusBarManagerService(  967): setSystemUiVisibility(0x40000700)

D/StatusBarManagerService(  967): manageDisableList userId=0 what=0x0 pkg=WindowManager.LayoutParams

D/StatusBarManagerService(  967): hiding MENU key

I/ActivityManager(  967): START u0 {act=com.htc.intent.action.CALL dat=tel:xxxxx flg=0x10000000 cmp=com.android.phone/.OutgoingCallBroadcaster (has extras)} from uid 1001 pid 2934 on display 0

D/ActivityManager(  967): screenshot for ActivityRecord{1e4a7378 u0 com.android.server.telecom/.CallActivity t8945}, bitmap=null, time = 0

E/ActivityManager(  967): Invalid thumbnail dimensions: 540x960

D/PMS     (  967): acquireWL(bcba2b6): PARTIAL_WAKE_LOCK  ActivityManager-Launch 0x1 967 1000 null

D/PMS     (  967): acquireWL(9698c53): PARTIAL_WAKE_LOCK  ServiceStateTracker 0x1 2934 1001 null

D/AlarmManager(  967): Ignore time set to 1450259365138 in setTime(); too close to current time 1450259365397

D/PMS     (  967): releaseWL(9698c53): PARTIAL_WAKE_LOCK  ServiceStateTracker 0x1 null

I/ActivityManager(  967): START u0 {act=android.phone.extra.NEW_CALL_INTENT dat=tel:xxxxx flg=0x10000000 cmp=com.android.phone/.sip.SipCallOptionHandler (has extras)} from uid 1001 pid 2934 on display 0

D/PMS     (  967): acquireWL(bcba2b6): PARTIAL_WAKE_LOCK  ActivityManager-Launch 0x1 967 1000 null

I/ActivityManager(  967): START u0 {act=android.intent.action.CALL dat=tel:xxxxx flg=0x10000000 cmp=com.android.phone/.InCallScreen (has extras)} from uid 1001 pid 2934 on display 0

D/ActivityManager(  967): screenshot for ActivityRecord{5e43990 u0 com.android.phone/.sip.SipCallOptionHandler t8946}, bitmap=null, time = 0

E/ActivityManager(  967): Invalid thumbnail dimensions: 540x960

D/PMS     (  967): acquireWL(bcba2b6): PARTIAL_WAKE_LOCK  ActivityManager-Launch 0x1 967 1000 null

D/PMS     (  967): acquireWL(1f109c1): PARTIAL_WAKE_LOCK  GsmConnection 0x1 2934 1001 null

W/ContextImpl(22348): Calling a method in the system process without a qualified user: android.app.ContextImpl.startService:1824 android.content.ContextWrapper.startService:515 android.content.ContextWrapper.startService:515 com.htc.htcpowermanager.smartsync.SmartSyncDataLinkTurnOffReceiver.onReceive:22 android.app.ActivityThread.handleReceiver:2712 

I/ActivityManager(  967): Start proc com.htc.mobiledata for content provider com.htc.mobiledata/.MobileDataProvider: pid=25695 uid=10070 gids={50070, 9997, 3003} abi=armeabi-v7a

W/ContextImpl(  967): Calling a method in the system process without a qualified user: android.app.ContextImpl.stopService:1830 android.content.ContextWrapper.stopService:520 android.content.ContextWrapper.stopService:520 com.htc.smartdim.SystemIntentReceiver.onReceive:91 android.app.ActivityThread.handleReceiver:2712 

W/ContextImpl(22348): Calling a method in the system process without a qualified user: android.app.ContextImpl.startService:1824 android.content.ContextWrapper.startService:515 android.content.ContextWrapper.startService:515 com.htc.htcpowermanager.smartsync.SmartSyncDataLinkTurnOffReceiver.onReceive:22 android.app.ActivityThread.handleReceiver:2712 

W/ContextImpl(  967): Calling a method in the system process without a qualified user: android.app.ContextImpl.stopService:1830 android.content.ContextWrapper.stopService:520 android.content.ContextWrapper.stopService:520 com.htc.smartdim.SystemIntentReceiver.onReceive:91 android.app.ActivityThread.handleReceiver:2712 

D/PMS     (  967): acquireWL(cd6c954): PROXIMITY_SCREEN_OFF_WAKE_LOCK  PhoneApp_0 0x20 2934 1001 null

D/XAN-DPC (  967): Register Proximity Sensor Listener

D/PMS     (  967): acquireWL(33c380fd): PARTIAL_WAKE_LOCK  HtcAngleDetector 0x1 967 1000 null

D/PMS     (  967): acquireWL(1c3931f2): PARTIAL_WAKE_LOCK  AudioMix 0x1 0 1013 null

I/ActivityManager(  967): Start proc com.htc.mobiledata:remote for service com.htc.mobiledata/.MobileDataService: pid=25713 uid=10070 gids={50070, 9997, 3003} abi=armeabi-v7a

D/XAN-DPC (  967): mProximityListener.onSensorChanged: FAR

D/XAN-DPC (  967): debounceProximitySensor Proximity = 0

D/PMS     (  967): acquireWL(4be3043): PARTIAL_WAKE_LOCK  AudioMix 0x1 0 1013 null

D/PMS     (  967): releaseWL(4be3043): PARTIAL_WAKE_LOCK  AudioMix 0x1 null

D/PMS     (  967): acquireWL(e8126c0): PARTIAL_WAKE_LOCK  AudioMix 0x1 0 1013 null

D/PMS     (  967): releaseWL(e8126c0): PARTIAL_WAKE_LOCK  AudioMix 0x1 null

D/PMS     (  967): acquireWL(3da47b3e): PARTIAL_WAKE_LOCK  AudioMix 0x1 0 1013 null

D/PMS     (  967): releaseWL(3da47b3e): PARTIAL_WAKE_LOCK  AudioMix 0x1 null

D/PMS     (  967): acquireWL(2c898d9f): PARTIAL_WAKE_LOCK  AudioMix 0x1 0 1013 null

D/PMS     (  967): releaseWL(2c898d9f): PARTIAL_WAKE_LOCK  AudioMix 0x1 null

D/WifiDisplayAdapter(  967): getWifiDisplayStatusLocked: result=WifiDisplayStatus{featureState=3, scanState=0, activeDisplayState=0, activeDisplay=null, displays=[], sessionInfo=WifiDisplaySessionInfo:

D/WifiDisplayAdapter(  967):     Client/Owner: Client

D/WifiDisplayAdapter(  967):     GroupId: 

D/WifiDisplayAdapter(  967):     Passphrase: 

D/WifiDisplayAdapter(  967):     SessionId: 0

D/WifiDisplayAdapter(  967):     IP Address: }

D/QMI_FW  ( 1357): QCCI: QMI_CCI_TX: cntl_flag - 00, txn_id - 011c, msg_id - 0029, msg_len - 0023

D/QMI_FW  ( 1357): QCCI: QMUXD: xport_send[1 -> 20]: 42 bytes on conn_id=9

D/QMI_FW  ( 1357): QCCI: QMUXD: xport_rx[1 <- 20]: 14 bytes on conn_id: 9

D/QMI_FW  ( 1357): QCCI: QMI_CCI_RX: cntl_flag - 02, txn_id - 011c, msg_id - 0029, msg_len - 0007

D/QMI_FW  ( 1357): QCCI: QMI_CCI_TX: cntl_flag - 00, txn_id - 011d, msg_id - 0029, msg_len - 0017

D/QMI_FW  ( 1357): QCCI: QMUXD: xport_send[1 -> 20]: 30 bytes on conn_id=9

D/QMI_FW  ( 1357): QCCI: QMUXD: xport_rx[1 <- 20]: 14 bytes on conn_id: 9

D/QMI_FW  ( 1357): QCCI: QMI_CCI_RX: cntl_flag - 02, txn_id - 011d, msg_id - 0029, msg_len - 0007

D/QMI_FW  ( 1357): QCCI: QMI_CCI_TX: cntl_flag - 00, txn_id - 011e, msg_id - 0033, msg_len - 0025

D/QMI_FW  ( 1357): QCCI: QMUXD: xport_send[1 -> 20]: 44 bytes on conn_id=9

D/QMI_FW  ( 1357): QCCI: QMUXD: xport_rx[1 <- 20]: 28 bytes on conn_id: 9

D/QMI_FW  ( 1357): QCCI: QMI_CCI_RX: cntl_flag - 02, txn_id - 011e, msg_id - 0033, msg_len - 0015

D/QMI_FW  ( 1357): QCCI: QMI_CCI_TX: cntl_flag - 00, txn_id - 011f, msg_id - 0055, msg_len - 0012

D/QMI_FW  ( 1357): QCCI: QMUXD: xport_send[1 -> 20]: 25 bytes on conn_id=9

D/QMI_FW  ( 1357): QCCI: QMUXD: xport_rx[1 <- 20]: 28 bytes on conn_id: 9

D/QMI_FW  ( 1357): QCCI: QMI_CCI_RX: cntl_flag - 02, txn_id - 011f, msg_id - 0055, msg_len - 0015

D/QMI_FW  ( 1357): QCCI: QMI_CCI_TX: cntl_flag - 00, txn_id - 0120, msg_id - 0034, msg_len - 000e

D/QMI_FW  ( 1357): QCCI: QMUXD: xport_send[1 -> 20]: 21 bytes on conn_id=9

D/QMI_FW  ( 1357): QCCI: QMUXD: xport_rx[1 <- 20]: 28 bytes on conn_id: 9

D/QMI_FW  ( 1357): QCCI: QMI_CCI_RX: cntl_flag - 02, txn_id - 0120, msg_id - 0034, msg_len - 0015

D/QMI_FW  ( 1357): QCCI: QMI_CCI_TX: cntl_flag - 00, txn_id - 0121, msg_id - 0057, msg_len - 000e

D/QMI_FW  ( 1357): QCCI: QMUXD: xport_send[1 -> 20]: 21 bytes on conn_id=9

D/QMI_FW  ( 1357): QCCI: QMUXD: xport_rx[1 <- 20]: 28 bytes on conn_id: 9

D/QMI_FW  ( 1357): QCCI: QMI_CCI_RX: cntl_flag - 02, txn_id - 0121, msg_id - 0057, msg_len - 0015

D/QMI_FW  ( 1357): QCCI: QMI_CCI_TX: cntl_flag - 00, txn_id - 0122, msg_id - 0036, msg_len - 0012

D/QMI_FW  ( 1357): QCCI: QMUXD: xport_send[1 -> 20]: 25 bytes on conn_id=9

D/QMI_FW  ( 1357): QCCI: QMUXD: xport_rx[1 <- 20]: 28 bytes on conn_id: 9

D/QMI_FW  ( 1357): QCCI: QMI_CCI_RX: cntl_flag - 02, txn_id - 0122, msg_id - 0036, msg_len - 0015

D/QMI_FW  ( 1357): QCCI: QMI_CCI_TX: cntl_flag - 00, txn_id - 0123, msg_id - 003e, msg_len - 0016

D/QMI_FW  ( 1357): QCCI: QMUXD: xport_send[1 -> 20]: 29 bytes on conn_id=9

D/QMI_FW  ( 1357): QCCI: QMUXD: xport_rx[1 <- 20]: 28 bytes on conn_id: 9

D/QMI_FW  ( 1357): QCCI: QMI_CCI_RX: cntl_flag - 02, txn_id - 0123, msg_id - 003e, msg_len - 0015

D/QMI_FW  ( 1357): QCCI: QMI_CCI_TX: cntl_flag - 00, txn_id - 0124, msg_id - 0036, msg_len - 0012

D/QMI_FW  ( 1357): QCCI: QMUXD: xport_send[1 -> 20]: 25 bytes on conn_id=9

D/QMI_FW  ( 1357): QCCI: QMUXD: xport_rx[1 <- 20]: 28 bytes on conn_id: 9

D/QMI_FW  ( 1357): QCCI: QMI_CCI_RX: cntl_flag - 02, txn_id - 0124, msg_id - 0036, msg_len - 0015

D/QMI_FW  ( 1357): QCCI: QMI_CCI_TX: cntl_flag - 00, txn_id - 0125, msg_id - 004c, msg_len - 0019

D/QMI_FW  ( 1357): QCCI: QMUXD: xport_send[1 -> 20]: 32 bytes on conn_id=9

D/QMI_FW  ( 1357): QCCI: QMUXD: xport_rx[1 <- 20]: 28 bytes on conn_id: 9

D/QMI_FW  ( 1357): QCCI: QMI_CCI_RX: cntl_flag - 02, txn_id - 0125, msg_id - 004c, msg_len - 0015

D/PMS     (  967): acquireWL(30799197): PARTIAL_WAKE_LOCK  AudioMix 0x1 0 1013 null

D/QMI_FW  ( 1357): QCCI: QMI_CCI_TX: cntl_flag - 00, txn_id - 0126, msg_id - 004c, msg_len - 0019

D/QMI_FW  ( 1357): QCCI: QMUXD: xport_send[1 -> 20]: 32 bytes on conn_id=9

D/QMI_FW  ( 1357): QCCI: QMUXD: xport_rx[1 <- 20]: 28 bytes on conn_id: 9

D/QMI_FW  ( 1357): QCCI: QMI_CCI_RX: cntl_flag - 02, txn_id - 0126, msg_id - 004c, msg_len - 0015

D/PMS     (  967): releaseWL(30799197): PARTIAL_WAKE_LOCK  AudioMix 0x1 null

I/ActivityManager(  967): Killing 24653:com.htc.demoflopackageinstaller/u0a31 (adj 15): empty #17

D/PMS     (  967): acquireWL(1fe92f84): PARTIAL_WAKE_LOCK  AudioMix 0x1 0 1013 null

D/PMS     (  967): releaseWL(1fe92f84): PARTIAL_WAKE_LOCK  AudioMix 0x1 null

I/ActivityManager(  967): Recipient 24653

D/PMS     (  967): acquireWL(26dba36d): PARTIAL_WAKE_LOCK  AudioMix 0x1 0 1013 null

D/PMS     (  967): releaseWL(26dba36d): PARTIAL_WAKE_LOCK  AudioMix 0x1 null

D/PMS     (  967): acquireWL(a9dfba2): PARTIAL_WAKE_LOCK  AudioMix 0x1 0 1013 null

D/PMS     (  967): releaseWL(a9dfba2): PARTIAL_WAKE_LOCK  AudioMix 0x1 null

D/PMS     (  967): acquireWL(293bb033): PARTIAL_WAKE_LOCK  AudioMix 0x1 0 1013 null

D/PMS     (  967): releaseWL(293bb033): PARTIAL_WAKE_LOCK  AudioMix 0x1 null

D/PMS     (  967): acquireWL(388bbff0): PARTIAL_WAKE_LOCK  AudioMix 0x1 0 1013 null

D/PMS     (  967): releaseWL(388bbff0): PARTIAL_WAKE_LOCK  AudioMix 0x1 null

D/PMS     (  967): acquireWL(b9c0969): PARTIAL_WAKE_LOCK  AudioMix 0x1 0 1013 null

D/PMS     (  967): releaseWL(b9c0969): PARTIAL_WAKE_LOCK  AudioMix 0x1 null

I/ActivityManager(  967): Start proc com.htc.china.calllocation for content provider com.htc.china.calllocation/.CallLocationProvider: pid=25743 uid=10026 gids={50026, 9997} abi=armeabi-v7a

D/PMS     (  967): acquireWL(1ae2d325): FULL_WAKE_LOCK  PhoneApp_0 0x1a 2934 1001 null

D/StatusBarManagerService(  967): setSystemUiVisibility(0x40000500)

D/StatusBarManagerService(  967): manageDisableList userId=0 what=0x0 pkg=WindowManager.LayoutParams

D/StatusBarManagerService(  967): hiding MENU key

I/ActivityManager(  967): Killing 24679:com.htc.musicenhancer/u0a76 (adj 15): empty #17

D/PMS     (  967): acquireWL(2875cfa): PARTIAL_WAKE_LOCK  BatteryServiceUpdateStats_3 0x1 967 1000 null

I/BatteryService(  967): n_update end

D/PMS     (  967): releaseWL(2875cfa): PARTIAL_WAKE_LOCK  BatteryServiceUpdateStats_3 0x1 null

I/ActivityManager(  967): Recipient 24679

D/PowerUI ( 2788): closing low battery warning: level=80

D/HtcPowerSaver(  967): updateBatteryInfo

D/PowerUI ( 2788): plugged = true, health = 2, mBatteryLevel = 80, mPluggedBatteryLevel = 80, mLowBatteryWarningLevel2 = 25, mshowLowChargingWarning2 = true

D/NotificationService(  967): plugged=true pluggin=true

D/PMS     (  967): runPSCheck

D/HtcPowerSaver(  967): Checking...

I/HtcPowerSaver(  967): >> updateStatus

D/WifiController(  967): battery changed pluggedType: 2

I/HtcPowerSaver(  967): updateStatus (8000,80,-1,false,false,false,-1)

I/HtcPowerSaver(  967): << updateStatus

I/ActivityManager(  967): Killing 23038:com.tencent.mm/u0a251 (adj 15): empty #17

I/ActivityManager(  967): Recipient 23038

D/WifiService(  967): Client connection lost with reason: 4

I/InputMethodManagerService(  967): Disable input method client, pid=25612

D/StatusBarManagerService(  967): swetImeWindowStatus vis=0 backDisposition=0

I/InputMethodManagerService(  967): Enable input method client, pid=2934

D/StatusBarManagerService(  967): manageDisableList userId=0 what=0x40000 pkg=com.android.phone

D/NotificationService(  967): onSetDisabled: 0x40000

D/StatusBarManagerService(  967): manageDisableList userId=0 what=0x0 pkg=com.android.systemui

D/ZenLog  (  967): disable_effects: 0|com.android.phone|2|null|1001,booleanState

D/NotificationService(  967): disableEffects=booleanState

D/ZenLog  (  967): disable_effects: 0|com.android.phone|2|null|1001,booleanState

D/NotificationService(  967): disableEffects=booleanState

D/ZenLog  (  967): disable_effects: 0|com.android.phone|2|null|1001,booleanState

D/NotificationService(  967): disableEffects=booleanState

D/ZenLog  (  967): disable_effects: 0|com.android.phone|2|null|1001,booleanState

D/NotificationService(  967): disableEffects=booleanState

D/ZenLog  (  967): disable_effects: 0|com.android.phone|2|null|1001,booleanState

D/NotificationService(  967): disableEffects=booleanState

D/WifiDisplayAdapter(  967): getWifiDisplayStatusLocked: result=WifiDisplayStatus{featureState=3, scanState=0, activeDisplayState=0, activeDisplay=null, displays=[], sessionInfo=WifiDisplaySessionInfo:

D/WifiDisplayAdapter(  967):     Client/Owner: Client

D/WifiDisplayAdapter(  967):     GroupId: 

D/WifiDisplayAdapter(  967):     Passphrase: 

D/WifiDisplayAdapter(  967):     SessionId: 0

D/WifiDisplayAdapter(  967):     IP Address: }

D/ZenLog  (  967): disable_effects: 0|com.android.phone|2|null|1001,booleanState

D/NotificationService(  967): disableEffects=booleanState

D/ZenLog  (  967): disable_effects: 0|com.android.phone|2|null|1001,booleanState

D/NotificationService(  967): disableEffects=booleanState

D/PMS     (  967): acquireWL(1cd2709e): PARTIAL_WAKE_LOCK  LocationManagerService 0x1 967 1000 WorkSource{10056 com.htc.sense.hsp}

D/PMS     (  967): acquireWL(1c1e477f): PARTIAL_WAKE_LOCK  LocationManagerService 0x1 967 1000 WorkSource{1000 android}

D/PMS     (  967): acquireWL(3de7534c): PARTIAL_WAKE_LOCK  LocationManagerService 0x1 967 1000 WorkSource{10009 android.htc.china.location.service}

D/PMS     (  967): acquireWL(fa7cf95): PARTIAL_WAKE_LOCK  LocationManagerService 0x1 967 1000 WorkSource{10056 com.htc.sense.hsp}

D/PMS     (  967): releaseWL(3de7534c): PARTIAL_WAKE_LOCK  LocationManagerService 0x1 WorkSource{10009 android.htc.china.location.service}

D/QMI_FW  (  967): QCCI: QMI_CCI_TX: cntl_flag - 00, txn_id - 13ca, msg_id - 0039, msg_len - 0021

D/QMI_FW  (  967): QCCI: QMUXD: xport_send[1 -> 16]: 40 bytes on conn_id=9

D/PMS     (  967): releaseWL(1c1e477f): PARTIAL_WAKE_LOCK  LocationManagerService 0x1 WorkSource{1000 android}

D/PMS     (  967): releaseWL(fa7cf95): PARTIAL_WAKE_LOCK  LocationManagerService 0x1 WorkSource{10056 com.htc.sense.hsp}

D/PMS     (  967): releaseWL(1cd2709e): PARTIAL_WAKE_LOCK  LocationManagerService 0x1 WorkSource{10056 com.htc.sense.hsp}

D/QMI_FW  (  967): QCCI: QMUXD: xport_rx[1 <- 16]: 14 bytes on conn_id: 9

D/QMI_FW  (  967): QCCI: QMI_CCI_RX: cntl_flag - 02, txn_id - 13ca, msg_id - 0039, msg_len - 0007

D/QMI_FW  (  967): QCCI: QMUXD: xport_rx[1 <- 16]: 14 bytes on conn_id: 9

D/QMI_FW  (  967): QCCI: QMI_CCI_RX: cntl_flag - 04, txn_id - 0000, msg_id - 0039, msg_len - 0007

D/ZenLog  (  967): disable_effects: 0|com.android.phone|2|null|1001,booleanState

D/NotificationService(  967): disableEffects=booleanState

D/ZenLog  (  967): disable_effects: 0|com.android.phone|2|null|1001,booleanState

D/NotificationService(  967): disableEffects=booleanState

D/PMS     (  967): acquireWL(2df0f8aa): PARTIAL_WAKE_LOCK  AudioMix 0x1 0 1013 null

D/PMS     (  967): releaseWL(2df0f8aa): PARTIAL_WAKE_LOCK  AudioMix 0x1 null

D/PMS     (  967): acquireWL(38d9dc9b): PARTIAL_WAKE_LOCK  AudioMix 0x1 0 1013 null

D/PMS     (  967): releaseWL(38d9dc9b): PARTIAL_WAKE_LOCK  AudioMix 0x1 null

D/ZenLog  (  967): disable_effects: 0|com.android.phone|2|null|1001,booleanState

D/NotificationService(  967): disableEffects=booleanState

D/PMS     (  967): releaseWL(bcba2b6): PARTIAL_WAKE_LOCK  ActivityManager-Launch 0x1 null

I/ActivityManager(  967): Killing 22529:com.htc.mediamanager/u0a102 (adj 15): empty #17

I/ActivityManager(  967): Recipient 22529
