E/BootLoader( 7117): [LauncherApplication.Init]copy so: libgumbo.so success.

E/BootLoader( 7117): [LauncherApplication.Init]copy so: libFalconImg.so success.

E/BootLoader( 7117): [LauncherApplication.Init]copy so: libFalconOCR.so success.

E/BootLoader( 7117): [LauncherApplication.Init]copy so: libamapv3.so success.

E/BootLoader( 7117): [LauncherApplication.Init]copy so: libamapv304ex.so success.

E/BootLoader( 7117): [LauncherApplication.Init]copy so: libstlport_shared.so success.

E/BootLoader( 7117): [LauncherApplication.Init]copy so: libmapv3ex.so success.

E/BootLoader( 7117): [LauncherApplication.Init]copy so: libamapv304.so success.

E/BootLoader( 7117): [LauncherApplication.Init]copy so: libwifi_location.so success.

E/BootLoader( 7117): [LauncherApplication.Init]copy so: libsilk_jni.so success.

E/BootLoader( 7117): [LauncherApplication.Init]copy so: libzts2.so success.

E/BootLoader( 7117): [LauncherApplication.Init]copy so: libjoysecurity.so success.

E/cutils  (  126): Failed to mkdirat(/storage/sdcard1/Android): Read-only file system

W/ContextImpl( 7117): Failed to ensure directory: /storage/sdcard1/Android/data/com.eg.android.AlipayGphoneRC/files/applog

E/BootLoader( 7117): [LauncherApplication.Init]copy so: libatlsso.so success.

E/cutils  (  126): Failed to mkdirat(/storage/sdcard1/Android): Read-only file system

W/ContextImpl( 7117): Failed to ensure directory: /storage/sdcard1/Android/data/com.eg.android.AlipayGphoneRC/files/applog

E/BootLoader( 7117): [LauncherApplication.Init]copy so: libpatcher.so success.

E/BootLoader( 7117): [LauncherApplication.Init]copy so: libtnet-1.0.8.so success.

E/BootLoader( 7117): [LauncherApplication.Init]copy so: libAPSE_1.0.2.so success.

E/BootLoader( 7117): [LauncherApplication.Init]copy so: libsecuritysdk-2.7.13.so success.

E/BootLoader( 7117): [LauncherApplication.Init]copy so: libtbdecode.so success.

E/BootLoader( 7117): [LauncherApplication.Init]copy so: libBumpcardEngine.so success.

E/BootLoader( 7117): [LauncherApplication.Init]copy so: libSE.so success.

E/BootstrapResources( 7117): [LauncherApplication.Init]new BootstrapResources(), depends:[30,32,33,34,35,37,38,39,41,42,43,45,48,49,50,51,52,53,55,56,57,59,61,62,66,68,69,72,80,81,88,88,89,90,91,92,94,102,103,109,110,114,115,121,124,125,127,127]

W/PatchMain( 7117): [LauncherApplication.Init]isInHost [class java.lang.String]


W/PatchMain( 7117): java.lang.NoSuchMethodException: isInHost [class java.lang.String]

W/PatchMain( 7117): 	at java.lang.Class.getConstructorOrMethod(Class.java:472)

W/PatchMain( 7117): 	at java.lang.Class.getDeclaredMethod(Class.java:640)

W/PatchMain( 7117): 	at com.alipay.mobile.hotpatch.util.ReflectUtil.getDeclaredMethod(ReflectUtil.java:9)

W/PatchMain( 7117): 	at com.taobao.hotpatch.patch.PatchMain.loadHostPatchs(PatchMain.java:311)

W/PatchMain( 7117): 	at com.alipay.mobile.hotpatch.Hotpatch.loadHostPatchs(Hotpatch.java:57)

W/PatchMain( 7117): 	at java.lang.reflect.Method.invokeNative(Native Method)

W/PatchMain( 7117): 	at java.lang.reflect.Method.invoke(Method.java:515)

W/PatchMain( 7117): 	at com.alipay.mobile.quinox.LauncherApplication.access$100(Unknown Source)

W/PatchMain( 7117): 	at com.alipay.mobile.quinox.e.run(Unknown Source)

W/PatchMain( 7117): 	at android.os.Handler.handleCallback(Handler.java:733)

W/PatchMain( 7117): 	at android.os.Handler.dispatchMessage(Handler.java:95)

W/PatchMain( 7117): 	at android.os.Looper.loop(Looper.java:136)

W/PatchMain( 7117): 	at android.os.HandlerThread.run(HandlerThread.java:61)

I/LauncherApplication( 7117): [InitExecutor #1]DexfileSuccess

W/PatchMain( 7117): [InitExecutor #1]no patch for bundle: android-phone-rpc-mobilelbs

I/LauncherApplication( 7117): [InitExecutor #1]DexfileSuccess

W/PatchMain( 7117): [InitExecutor #1]no patch for bundle: android-phone-discovery-movieticket

I/LauncherApplication( 7117): [InitExecutor #1]DexfileSuccess

W/PatchMain( 7117): [InitExecutor #1]no patch for bundle: android-phone-thirdparty-weibosdk

I/LauncherApplication( 7117): [InitExecutor #1]DexfileSuccess

W/PatchMain( 7117): [InitExecutor #1]no patch for bundle: android-phone-rpc-logistics

I/LauncherApplication( 7117): [InitExecutor #1]DexfileSuccess

W/PatchMain( 7117): [InitExecutor #1]no patch for bundle: android-phone-mobilecommon-falcon

E/StubController( 2831): service = null

I/PushLog2529( 2831): [ReceiverDispatcher-270]read to Send:NewHeartBeatReqMessage(android/ConnectEntity.java:110)

I/PushLog2529( 2831): [ReceiverDispatcher-270]read to Send:DA0A(android/ConnectEntity.java:117)

I/LauncherApplication( 7117): [InitExecutor #1]DexfileSuccess

W/PatchMain( 7117): [InitExecutor #1]no patch for bundle: android-phone-businesscommon-h5container

E/StubController( 2831): service = null

E/StubController( 5825): service = null

E/WifiHW  (  535): wifi_send_command ret:0

E/v_hwc   (  132): overlay_compose_check_ddr_freq: K3FB_OVC_CHECK_DDR_FREQ failed!

E/v_hwc   (  132): overlay_compose_check_ddr_freq: K3FB_OVC_CHECK_DDR_FREQ failed!

E/StubController(  791): service = null

I/LauncherApplication( 7117): [InitExecutor #1]DexfileSuccess

W/PatchMain( 7117): [InitExecutor #1]no patch for bundle: android-phone-rpc-mobilebill

I/LauncherApplication( 7117): [InitExecutor #1]DexfileSuccess

W/PatchMain( 7117): [InitExecutor #1]no patch for bundle: android-phone-merchant-cityservice

E/v_hwc   (  132): overlay_compose_check_ddr_freq: K3FB_OVC_CHECK_DDR_FREQ failed!

E/PGPSDownloader.SocketServer( 3181): java.io.IOException: Connection refused

I/LauncherApplication( 7117): [InitExecutor #1]DexfileSuccess

W/PatchMain( 7117): [InitExecutor #1]no patch for bundle: android-phone-discovery-redenvelope

I/LauncherApplication( 7117): [InitExecutor #1]DexfileSuccess

W/PatchMain( 7117): [InitExecutor #1]no patch for bundle: android-phone-mobilesdk-transportext

E/WifiHW  (  535): wifi_send_command ret:0

E/v_hwc   (  132): overlay_compose_check_ddr_freq: K3FB_OVC_CHECK_DDR_FREQ failed!

I/LauncherApplication( 7117): [InitExecutor #1]DexfileSuccess

W/PatchMain( 7117): [InitExecutor #1]no patch for bundle: android-phone-mobilesdk-mtop

I/LauncherApplication( 7117): [InitExecutor #1]DexfileSuccess

W/PatchMain( 7117): [InitExecutor #1]no patch for bundle: android-phone-rpc-mobileapp

I/LauncherApplication( 7117): [InitExecutor #1]DexfileSuccess

W/PatchMain( 7117): [InitExecutor #1]no patch for bundle: android-phone-smartwear-yunoswear

E/StubController( 5825): service = null

I/LauncherApplication( 7117): [InitExecutor #1]DexfileSuccess

W/PatchMain( 7117): [InitExecutor #1]no patch for bundle: android-phone-rome-pushipp

I/LauncherApplication( 7117): [InitExecutor #1]DexfileSuccess

W/PatchMain( 7117): [InitExecutor #1]no patch for bundle: android-phone-rpc-alipassprod

I/LauncherApplication( 7117): [InitExecutor #1]DexfileSuccess

W/PatchMain( 7117): [InitExecutor #1]no patch for bundle: android-phone-rpc-securitycore

E/WifiHW  (  535): wifi_send_command ret:0

I/LauncherApplication( 7117): [InitExecutor #1]DexfileSuccess

W/PatchMain( 7117): [InitExecutor #1]no patch for bundle: android-phone-businesscommon-beehive

I/LauncherApplication( 7117): [InitExecutor #1]DexfileSuccess

W/PatchMain( 7117): [InitExecutor #1]no patch for bundle: android-phone-businesscommon-announcement

I/LauncherApplication( 7117): [InitExecutor #1]DexfileSuccess

W/PatchMain( 7117): [InitExecutor #1]no patch for bundle: android-phone-businesscommon-advertisement

I/LauncherApplication( 7117): [InitExecutor #1]DexfileSuccess

W/PatchMain( 7117): [InitExecutor #1]no patch for bundle: android-phone-rpc-livetradeprod

E/WifiHW  (  535): wifi_send_command ret:0

I/LauncherApplication( 7117): [InitExecutor #1]DexfileSuccess

W/PatchMain( 7117): [InitExecutor #1]no patch for bundle: android-phone-businesscommon-h5plugins

I/LauncherApplication( 7117): [InitExecutor #1]DexfileSuccess

W/PatchMain( 7117): [InitExecutor #1]no patch for bundle: android-phone-discovery-o2o

I/LauncherApplication( 7117): [InitExecutor #1]DexfileSuccess

W/PatchMain( 7117): [InitExecutor #1]no patch for bundle: android-phone-personalapp-aggrbillinfo

E/StubController( 5825): service = null

I/LauncherApplication( 7117): [InitExecutor #1]DexfileSuccess

W/PatchMain( 7117): [InitExecutor #1]no patch for bundle: android-phone-rpc-mobileinno

I/LauncherApplication( 7117): [InitExecutor #1]DexfileSuccess

W/PatchMain( 7117): [InitExecutor #1]no patch for bundle: android-phone-rpc-kabaoprod

I/LauncherApplication( 7117): [InitExecutor #1]DexfileSuccess

W/PatchMain( 7117): [InitExecutor #1]no patch for bundle: android-phone-personalapp-socialsdk

E/StubController(  791): service = null

I/LauncherApplication( 7117): [InitExecutor #1]DexfileSuccess

W/PatchMain( 7117): [InitExecutor #1]no patch for bundle: android-phone-messagebox-messageboxapp

I/LauncherApplication( 7117): [InitExecutor #1]DexfileSuccess

W/PatchMain( 7117): [InitExecutor #1]no patch for bundle: android-phone-personalapp-personalbase

I/LauncherApplication( 7117): [InitExecutor #1]DexfileSuccess

W/PatchMain( 7117): [InitExecutor #1]no patch for bundle: android-phone-rpc-mobile

I/LauncherApplication( 7117): [InitExecutor #1]DexfileSuccess

W/PatchMain( 7117): [InitExecutor #1]no patch for bundle: android-phone-rpc-cif

E/PGPSDownloader.SocketServer( 3181): java.io.IOException: Connection refused

I/LauncherApplication( 7117): [InitExecutor #1]DexfileSuccess

W/PatchMain( 7117): [InitExecutor #1]no patch for bundle: android-phone-wealth-mobilewealth

E/WifiHW  (  535): wifi_send_command ret:0

W/StartupSafeguard( 7117): [AsyncTaskExecutor_Thread_1_PipeLineRunnable_1_startup_pending_monitor]clear some user data: times=12

I/SystemUtil( 7117): clear database root: [/data/data/com.eg.android.AlipayGphoneRC/databases]

I/LauncherApplication( 7117): [AsyncTaskExecutor_Thread_1_PipeLineRunnable_1_startup_pending_monitor]clearApplicationDatabase()

I/Process ( 7117): Sending signal. PID: 7117 SIG: 9

E/StubController( 5825): service = null

E/WifiHW  (  535): wifi_send_command ret:0

E/v_hwc   (  132): overlay_compose_check_ddr_freq: K3FB_OVC_CHECK_DDR_FREQ failed!

E/WifiHW  (  535): wifi_send_command ret:0

E/v_hwc   (  132): overlay_compose_check_ddr_freq: K3FB_OVC_CHECK_DDR_FREQ failed!

E/StubController( 5825): service = null

E/StubController(  791): service = null

E/WifiHW  (  535): wifi_send_command ret:0

E/v_hwc   (  132): overlay_compose_check_ddr_freq: K3FB_OVC_CHECK_DDR_FREQ failed!

E/PGPSDownloader.SocketServer( 3181): java.io.IOException: Connection refused

I/AlipayPush_ClientActionReceiver( 6741): onReceive() action=com.eg.android.AlipayGphoneRC.push.action.KEEPLIVE

I/AlipayPush_ClientActionReceiver( 6741): onReceive() networkInfo.isConnected()=true

I/AlipayPush_k( 6741): sendPacket()... packet.id=3

I/Monitor ( 6741): [main]onReceive at: com.alipay.pushsdk.push.ClientActionReceiver, Intent: Intent { act=com.eg.android.AlipayGphoneRC.push.action.KEEPLIVE flg=0x14 pkg=com.eg.android.AlipayGphoneRC (has extras) }, cost:19 ms.

I/AlipayPush_b( 6741): processPacket() got one HeartBeatPacket from Server!

I/AlipayPush_l( 6741): getPushKeepAliveInterval() keepAliveTime=45

E/v_hwc   (  132): overlay_compose_check_ddr_freq: K3FB_OVC_CHECK_DDR_FREQ failed!

E/WifiHW  (  535): wifi_send_command ret:0

E/v_hwc   (  132): overlay_compose_check_ddr_freq: K3FB_OVC_CHECK_DDR_FREQ failed!

E/StubController( 5825): service = null

W/TemperatureMonitor2(  843): Enter 38'C at 154:05

W/TemperatureMonitor2(  843): Enter 39'C at 154:05

E/TemperatureMonitor2(  843): BatteryTemp=320

E/v_hwc   (  132): overlay_compose_check_ddr_freq: K3FB_OVC_CHECK_DDR_FREQ failed!

E/WifiHW  (  535): wifi_send_command ret:0

E/StubController( 5825): service = null

E/WifiHW  (  535): wifi_send_command ret:0

E/v_hwc   (  132): overlay_compose_check_ddr_freq: K3FB_OVC_CHECK_DDR_FREQ failed!

E/StubController(  791): service = null

E/PGPSDownloader.SocketServer( 3181): java.io.IOException: Connection refused

E/WifiHW  (  535): wifi_send_command ret:0

E/StubController( 5825): service = null

E/WifiHW  (  535): wifi_send_command ret:0

I/dalvikvm( 5825): Jit: resizing JitTable from 4096 to 8192

E/WifiHW  (  535): wifi_send_command ret:0

E/StubController( 5825): service = null

E/StubController(  791): service = null

E/PGPSDownloader.SocketServer( 3181): java.io.IOException: Connection refused

E/WifiHW  (  535): wifi_send_command ret:0

E/v_hwc   (  132): overlay_compose_check_ddr_freq: K3FB_OVC_CHECK_DDR_FREQ failed!

E/StubController( 5825): service = null

E/WifiHW  (  535): wifi_send_command ret:0

W/TemperatureMonitor2(  843): Leave 39'C at 154:25

E/WifiHW  (  535): wifi_send_command ret:0

E/StubController( 5825): service = null

E/StubController(  791): service = null

E/WifiHW  (  535): wifi_send_command ret:0

E/v_hwc   (  132): overlay_compose_check_ddr_freq: K3FB_OVC_CHECK_DDR_FREQ failed!

E/PGPSDownloader.SocketServer( 3181): java.io.IOException: Connection refused

E/WifiHW  (  535): wifi_send_command ret:0

E/v_hwc   (  132): overlay_compose_check_ddr_freq: K3FB_OVC_CHECK_DDR_FREQ failed!

E/StubController( 5825): service = null

E/TemperatureMonitor2(  843): BatteryTemp=320

E/v_hwc   (  132): overlay_compose_check_ddr_freq: K3FB_OVC_CHECK_DDR_FREQ failed!

E/WifiHW  (  535): wifi_send_command ret:0

E/v_hwc   (  132): overlay_compose_check_ddr_freq: K3FB_OVC_CHECK_DDR_FREQ failed!

E/StubController( 5825): service = null

E/WifiHW  (  535): wifi_send_command ret:0

E/StubController(  791): service = null

I/UiAutomatorHarbour( 6238): /127.0.0.1:59183 is connected

E/PGPSDownloader.SocketServer( 3181): java.io.IOException: Connection refused

E/memtrack( 7223): Couldn't load memtrack module (No such file or directory)

E/android.os.Debug( 7223): failed to load memtrack module: -2

I/android_hardware_fm.cpp( 7223): ----Inside int register_android_hardware_fm_fmradio(JNIEnv*)----

I/android_hardware_fm.cpp( 7223): register_android_hardware_fm_fmradio, ret is 0

E/WifiHW  (  535): wifi_send_command ret:0

E/v_hwc   (  132): overlay_compose_check_ddr_freq: K3FB_OVC_CHECK_DDR_FREQ failed!

E/memtrack( 7234): Couldn't load memtrack module (No such file or directory)

E/android.os.Debug( 7234): failed to load memtrack module: -2

I/android_hardware_fm.cpp( 7234): ----Inside int register_android_hardware_fm_fmradio(JNIEnv*)----

I/android_hardware_fm.cpp( 7234): register_android_hardware_fm_fmradio, ret is 0

E/StubController( 5825): service = null

W/TemperatureMonitor2(  843): Leave 38'C at 154:46

E/WifiHW  (  535): wifi_send_command ret:0

I/AlipayPush_ClientActionReceiver( 6741): onReceive() action=com.eg.android.AlipayGphoneRC.push.action.KEEPLIVE

I/AlipayPush_ClientActionReceiver( 6741): onReceive() networkInfo.isConnected()=true

I/AlipayPush_k( 6741): sendPacket()... packet.id=3

I/Monitor ( 6741): [main]onReceive at: com.alipay.pushsdk.push.ClientActionReceiver, Intent: Intent { act=com.eg.android.AlipayGphoneRC.push.action.KEEPLIVE flg=0x14 pkg=com.eg.android.AlipayGphoneRC (has extras) }, cost:19 ms.

I/AlipayPush_b( 6741): processPacket() got one HeartBeatPacket from Server!

I/AlipayPush_l( 6741): getPushKeepAliveInterval() keepAliveTime=45

E/v_hwc   (  132): overlay_compose_check_ddr_freq: K3FB_OVC_CHECK_DDR_FREQ failed!

E/WifiHW  (  535): wifi_send_command ret:0

E/v_hwc   (  132): overlay_compose_check_ddr_freq: K3FB_OVC_CHECK_DDR_FREQ failed!

E/v_hwc   (  132): overlay_compose_check_ddr_freq: K3FB_OVC_CHECK_DDR_FREQ failed!

E/StubController( 5825): service = null

E/StubController(  791): service = null

E/PGPSDownloader.SocketServer( 3181): java.io.IOException: Connection refused

E/WifiHW  (  535): wifi_send_command ret:0

E/v_hwc   (  132): overlay_compose_check_ddr_freq: K3FB_OVC_CHECK_DDR_FREQ failed!

E/StubController( 5825): service = null

E/WifiHW  (  535): wifi_send_command ret:0

E/v_hwc   (  132): overlay_compose_check_ddr_freq: K3FB_OVC_CHECK_DDR_FREQ failed!

E/WifiHW  (  535): wifi_send_command ret:0

E/v_hwc   (  132): overlay_compose_check_ddr_freq: K3FB_OVC_CHECK_DDR_FREQ failed!

E/StubController( 5825): service = null

E/memtrack( 7264): Couldn't load memtrack module (No such file or directory)

E/android.os.Debug( 7264): failed to load memtrack module: -2

E/WifiHW  (  535): wifi_send_command ret:0

I/android_hardware_fm.cpp( 7264): ----Inside int register_android_hardware_fm_fmradio(JNIEnv*)----

I/android_hardware_fm.cpp( 7264): register_android_hardware_fm_fmradio, ret is 0

E/PGPSDownloader.SocketServer( 3181): java.io.IOException: Connection refused

E/StubController(  791): service = null

E/WifiHW  (  535): wifi_send_command ret:0

E/StubController( 5825): service = null

E/TemperatureMonitor2(  843): BatteryTemp=320

E/v_hwc   (  132): overlay_compose_check_ddr_freq: K3FB_OVC_CHECK_DDR_FREQ failed!

E/memtrack( 7278): Couldn't load memtrack module (No such file or directory)

E/android.os.Debug( 7278): failed to load memtrack module: -2

I/android_hardware_fm.cpp( 7278): ----Inside int register_android_hardware_fm_fmradio(JNIEnv*)----

I/android_hardware_fm.cpp( 7278): register_android_hardware_fm_fmradio, ret is 0

E/WifiHW  (  535): wifi_send_command ret:0

E/memtrack( 7292): Couldn't load memtrack module (No such file or directory)

E/android.os.Debug( 7292): failed to load memtrack module: -2

I/android_hardware_fm.cpp( 7292): ----Inside int register_android_hardware_fm_fmradio(JNIEnv*)----

I/android_hardware_fm.cpp( 7292): register_android_hardware_fm_fmradio, ret is 0

E/StubController( 5825): service = null

E/WifiHW  (  535): wifi_send_command ret:0

E/v_hwc   (  132): overlay_compose_check_ddr_freq: K3FB_OVC_CHECK_DDR_FREQ failed!

E/memtrack( 7303): Couldn't load memtrack module (No such file or directory)

E/android.os.Debug( 7303): failed to load memtrack module: -2

I/android_hardware_fm.cpp( 7303): ----Inside int register_android_hardware_fm_fmradio(JNIEnv*)----

I/android_hardware_fm.cpp( 7303): register_android_hardware_fm_fmradio, ret is 0

E/PGPSDownloader.SocketServer( 3181): java.io.IOException: Connection refused

E/StubController(  791): service = null

E/WifiHW  (  535): wifi_send_command ret:0

E/memtrack( 7316): Couldn't load memtrack module (No such file or directory)

E/android.os.Debug( 7316): failed to load memtrack module: -2

E/StubController( 5825): service = null

I/android_hardware_fm.cpp( 7316): ----Inside int register_android_hardware_fm_fmradio(JNIEnv*)----

I/android_hardware_fm.cpp( 7316): register_android_hardware_fm_fmradio, ret is 0

E/WifiHW  (  535): wifi_send_command ret:0

E/memtrack( 7330): Couldn't load memtrack module (No such file or directory)

E/android.os.Debug( 7330): failed to load memtrack module: -2

I/android_hardware_fm.cpp( 7330): ----Inside int register_android_hardware_fm_fmradio(JNIEnv*)----

I/android_hardware_fm.cpp( 7330): register_android_hardware_fm_fmradio, ret is 0

E/memtrack( 7341): Couldn't load memtrack module (No such file or directory)

E/android.os.Debug( 7341): failed to load memtrack module: -2

I/android_hardware_fm.cpp( 7341): ----Inside int register_android_hardware_fm_fmradio(JNIEnv*)----

I/android_hardware_fm.cpp( 7341): register_android_hardware_fm_fmradio, ret is 0

E/WifiHW  (  535): wifi_send_command ret:0

E/v_hwc   (  132): overlay_compose_check_ddr_freq: K3FB_OVC_CHECK_DDR_FREQ failed!

E/StubController( 5825): service = null

E/PGPSDownloader.SocketServer( 3181): java.io.IOException: Connection refused

E/StubController(  791): service = null

E/WifiHW  (  535): wifi_send_command ret:0

E/v_hwc   (  132): overlay_compose_check_ddr_freq: K3FB_OVC_CHECK_DDR_FREQ failed!

E/memtrack( 7354): Couldn't load memtrack module (No such file or directory)

E/android.os.Debug( 7354): failed to load memtrack module: -2

I/android_hardware_fm.cpp( 7354): ----Inside int register_android_hardware_fm_fmradio(JNIEnv*)----

I/android_hardware_fm.cpp( 7354): register_android_hardware_fm_fmradio, ret is 0

E/StubController( 5825): service = null

E/WifiHW  (  535): wifi_send_command ret:0

E/memtrack( 7367): Couldn't load memtrack module (No such file or directory)

E/android.os.Debug( 7367): failed to load memtrack module: -2

W/TemperatureMonitor2(  843): Enter 38'C at 155:26

I/android_hardware_fm.cpp( 7367): ----Inside int register_android_hardware_fm_fmradio(JNIEnv*)----

I/android_hardware_fm.cpp( 7367): register_android_hardware_fm_fmradio, ret is 0

E/WifiHW  (  535): wifi_send_command ret:0

E/StubController( 5825): service = null

E/WifiHW  (  535): wifi_send_command ret:0

E/PGPSDownloader.SocketServer( 3181): java.io.IOException: Connection refused

E/StubController(  791): service = null

I/AlipayPush_ClientActionReceiver( 6741): onReceive() action=com.eg.android.AlipayGphoneRC.push.action.KEEPLIVE

I/AlipayPush_ClientActionReceiver( 6741): onReceive() networkInfo.isConnected()=true

I/AlipayPush_k( 6741): sendPacket()... packet.id=3

I/Monitor ( 6741): [main]onReceive at: com.alipay.pushsdk.push.ClientActionReceiver, Intent: Intent { act=com.eg.android.AlipayGphoneRC.push.action.KEEPLIVE flg=0x14 pkg=com.eg.android.AlipayGphoneRC (has extras) }, cost:16 ms.

I/AlipayPush_b( 6741): processPacket() got one HeartBeatPacket from Server!

I/AlipayPush_l( 6741): getPushKeepAliveInterval() keepAliveTime=45

E/v_hwc   (  132): overlay_compose_check_ddr_freq: K3FB_OVC_CHECK_DDR_FREQ failed!

E/WifiHW  (  535): wifi_send_command ret:0

E/v_hwc   (  132): overlay_compose_check_ddr_freq: K3FB_OVC_CHECK_DDR_FREQ failed!

E/TemperatureMonitor2(  843): BatteryTemp=320

E/StubController( 5825): service = null

E/v_hwc   (  132): overlay_compose_check_ddr_freq: K3FB_OVC_CHECK_DDR_FREQ failed!

E/TemperatureMonitor2(  843): BatteryTemp=320

E/v_hwc   (  132): overlay_compose_check_ddr_freq: K3FB_OVC_CHECK_DDR_FREQ failed!

E/WifiHW  (  535): wifi_send_command ret:0

E/v_hwc   (  132): overlay_compose_check_ddr_freq: K3FB_OVC_CHECK_DDR_FREQ failed!

E/StubController( 5825): service = null

E/WifiHW  (  535): wifi_send_command ret:0

E/v_hwc   (  132): overlay_compose_check_ddr_freq: K3FB_OVC_CHECK_DDR_FREQ failed!

E/PGPSDownloader.SocketServer( 3181): java.io.IOException: Connection refused

E/StubController(  791): service = null

E/WifiHW  (  535): wifi_send_command ret:0

E/v_hwc   (  132): overlay_compose_check_ddr_freq: K3FB_OVC_CHECK_DDR_FREQ failed!

E/StubController( 5825): service = null

E/WifiHW  (  535): wifi_send_command ret:0

E/WifiHW  (  535): wifi_send_command ret:0

E/v_hwc   (  132): overlay_compose_check_ddr_freq: K3FB_OVC_CHECK_DDR_FREQ failed!

E/StubController( 5825): service = null

E/PGPSDownloader.SocketServer( 3181): java.io.IOException: Connection refused

E/StubController(  791): service = null

E/WifiHW  (  535): wifi_send_command ret:0

E/v_hwc   (  132): overlay_compose_check_ddr_freq: K3FB_OVC_CHECK_DDR_FREQ failed!

E/StubController( 5825): service = null

E/v_hwc   (  132): overlay_compose_check_ddr_freq: K3FB_OVC_CHECK_DDR_FREQ failed!

E/WifiHW  (  535): wifi_send_command ret:0

E/WifiHW  (  535): wifi_send_command ret:0

E/v_hwc   (  132): overlay_compose_check_ddr_freq: K3FB_OVC_CHECK_DDR_FREQ failed!

E/StubController( 5825): service = null

E/PGPSDownloader.SocketServer( 3181): java.io.IOException: Connection refused

E/WifiHW  (  535): wifi_send_command ret:0

E/v_hwc   (  132): overlay_compose_check_ddr_freq: K3FB_OVC_CHECK_DDR_FREQ failed!

E/StubController(  791): service = null

E/WifiHW  (  535): wifi_send_command ret:0

E/StubController( 5825): service = null

E/TemperatureMonitor2(  843): BatteryTemp=320

E/v_hwc   (  132): overlay_compose_check_ddr_freq: K3FB_OVC_CHECK_DDR_FREQ failed!

E/WifiHW  (  535): wifi_send_command ret:0

E/StubController( 5825): service = null

E/WifiHW  (  535): wifi_send_command ret:0

E/v_hwc   (  132): overlay_compose_check_ddr_freq: K3FB_OVC_CHECK_DDR_FREQ failed!

E/PGPSDownloader.SocketServer( 3181): java.io.IOException: Connection refused

E/StubController(  791): service = null

E/WifiHW  (  535): wifi_send_command ret:0

E/v_hwc   (  132): overlay_compose_check_ddr_freq: K3FB_OVC_CHECK_DDR_FREQ failed!

E/StubController( 5825): service = null

E/WifiHW  (  535): wifi_send_command ret:0

E/v_hwc   (  132): overlay_compose_check_ddr_freq: K3FB_OVC_CHECK_DDR_FREQ failed!

I/AlipayPush_ClientActionReceiver( 6741): onReceive() action=com.eg.android.AlipayGphoneRC.push.action.CHECK

I/AlipayPush_ClientActionReceiver( 6741): onReceive() networkInfo.isConnected()=true

I/AlipayPush_NotificationService( 6741): startAlarmTimer ELAPSED_REALTIME_WAKEUP! nextTime=300000

I/AlipayPush_ClientActionReceiver( 6741): checkPushStatus linkStatus=true, settingStatus=true

I/AlipayPush_l( 6741): getPushKeepAliveInterval() keepAliveTime=45

I/AlipayPush_k( 6741): sendPacket()... packet.id=3

I/Monitor ( 6741): [main]onReceive at: com.alipay.pushsdk.push.ClientActionReceiver, Intent: Intent { act=com.eg.android.AlipayGphoneRC.push.action.CHECK flg=0x14 pkg=com.eg.android.AlipayGphoneRC (has extras) }, cost:90 ms.

W/ClientMonitorService( 6741): [IntentService[ClientMonitorService]]sync skip, lastSyncTime=1435211437148

I/AlipayPush_b( 6741): processPacket() got one HeartBeatPacket from Server!

I/AlipayPush_l( 6741): getPushKeepAliveInterval() keepAliveTime=45

E/v_hwc   (  132): overlay_compose_check_ddr_freq: K3FB_OVC_CHECK_DDR_FREQ failed!

E/v_hwc   (  132): overlay_compose_check_ddr_freq: K3FB_OVC_CHECK_DDR_FREQ failed!

E/WifiHW  (  535): wifi_send_command ret:0

E/StubController( 5825): service = null

E/PGPSDownloader.SocketServer( 3181): java.io.IOException: Connection refused

E/WifiHW  (  535): wifi_send_command ret:0

E/StubController(  791): service = null

E/StubController( 5825): service = null

E/WifiHW  (  535): wifi_send_command ret:0

W/TemperatureMonitor2(  843): Leave 38'C at 156:26

E/WifiHW  (  535): wifi_send_command ret:0

E/StubController( 5825): service = null

E/PGPSDownloader.SocketServer( 3181): java.io.IOException: Connection refused

E/WifiHW  (  535): wifi_send_command ret:0

E/v_hwc   (  132): overlay_compose_check_ddr_freq: K3FB_OVC_CHECK_DDR_FREQ failed!

E/StubController(  791): service = null

E/WifiHW  (  535): wifi_send_command ret:0

E/StubController( 5825): service = null

E/TemperatureMonitor2(  843): BatteryTemp=320

E/v_hwc   (  132): overlay_compose_check_ddr_freq: K3FB_OVC_CHECK_DDR_FREQ failed!

E/WifiHW  (  535): wifi_send_command ret:0

E/StubController( 5825): service = null

E/WifiHW  (  535): wifi_send_command ret:0

E/PGPSDownloader.SocketServer( 3181): java.io.IOException: Connection refused

E/StubController(  791): service = null

E/WifiHW  (  535): wifi_send_command ret:0

E/v_hwc   (  132): overlay_compose_check_ddr_freq: K3FB_OVC_CHECK_DDR_FREQ failed!

E/StubController( 5825): service = null

E/WifiHW  (  535): wifi_send_command ret:0

E/v_hwc   (  132): overlay_compose_check_ddr_freq: K3FB_OVC_CHECK_DDR_FREQ failed!

E/WifiHW  (  535): wifi_send_command ret:0

E/StubController( 5825): service = null

E/PGPSDownloader.SocketServer( 3181): java.io.IOException: Connection refused

E/v_hwc   (  132): overlay_compose_check_ddr_freq: K3FB_OVC_CHECK_DDR_FREQ failed!

E/v_hwc   (  132): overlay_compose_check_ddr_freq: K3FB_OVC_CHECK_DDR_FREQ failed!

E/WifiHW  (  535): wifi_send_command ret:0

E/v_hwc   (  132): overlay_compose_check_ddr_freq: K3FB_OVC_CHECK_DDR_FREQ failed!

E/StubController(  791): service = null

E/StubController( 5825): service = null

E/v_hwc   (  132): overlay_compose_check_ddr_freq: K3FB_OVC_CHECK_DDR_FREQ failed!

E/WifiHW  (  535): wifi_send_command ret:0

E/v_hwc   (  132): overlay_compose_check_ddr_freq: K3FB_OVC_CHECK_DDR_FREQ failed!

E/WifiHW  (  535): wifi_send_command ret:0

E/v_hwc   (  132): overlay_compose_check_ddr_freq: K3FB_OVC_CHECK_DDR_FREQ failed!

E/StubController( 5825): service = null

E/PGPSDownloader.SocketServer( 3181): java.io.IOException: Connection refused

E/WifiHW  (  535): wifi_send_command ret:0

E/v_hwc   (  132): overlay_compose_check_ddr_freq: K3FB_OVC_CHECK_DDR_FREQ failed!

I/AlipayPush_ClientActionReceiver( 6741): onReceive() action=com.eg.android.AlipayGphoneRC.push.action.KEEPLIVE

I/AlipayPush_ClientActionReceiver( 6741): onReceive() networkInfo.isConnected()=true

I/Monitor ( 6741): [main]onReceive at: com.alipay.pushsdk.push.ClientActionReceiver, Intent: Intent { act=com.eg.android.AlipayGphoneRC.push.action.KEEPLIVE flg=0x14 pkg=com.eg.android.AlipayGphoneRC (has extras) }, cost:16 ms.

I/AlipayPush_k( 6741): sendPacket()... packet.id=3

I/AlipayPush_b( 6741): processPacket() got one HeartBeatPacket from Server!

I/AlipayPush_l( 6741): getPushKeepAliveInterval() keepAliveTime=45

E/v_hwc   (  132): overlay_compose_check_ddr_freq: K3FB_OVC_CHECK_DDR_FREQ failed!

E/StubController(  791): service = null

E/v_hwc   (  132): overlay_compose_check_ddr_freq: K3FB_OVC_CHECK_DDR_FREQ failed!

E/WifiHW  (  535): wifi_send_command ret:0

E/TemperatureMonitor2(  843): BatteryTemp=330

E/v_hwc   (  132): overlay_compose_check_ddr_freq: K3FB_OVC_CHECK_DDR_FREQ failed!

E/StubController( 5825): service = null

E/TemperatureMonitor2(  843): BatteryTemp=330

E/v_hwc   (  132): overlay_compose_check_ddr_freq: K3FB_OVC_CHECK_DDR_FREQ failed!

E/WifiHW  (  535): wifi_send_command ret:0

E/v_hwc   (  132): overlay_compose_check_ddr_freq: K3FB_OVC_CHECK_DDR_FREQ failed!

E/StubController( 5825): service = null

E/WifiHW  (  535): wifi_send_command ret:0

E/PGPSDownloader.SocketServer( 3181): java.io.IOException: Connection refused

E/StubController(  791): service = null

E/WifiHW  (  535): wifi_send_command ret:0

E/v_hwc   (  132): overlay_compose_check_ddr_freq: K3FB_OVC_CHECK_DDR_FREQ failed!

E/StubController( 5825): service = null

E/WifiHW  (  535): wifi_send_command ret:0

E/v_hwc   (  132): overlay_compose_check_ddr_freq: K3FB_OVC_CHECK_DDR_FREQ failed!

E/WifiHW  (  535): wifi_send_command ret:0

E/v_hwc   (  132): overlay_compose_check_ddr_freq: K3FB_OVC_CHECK_DDR_FREQ failed!

E/StubController( 5825): service = null

E/PGPSDownloader.SocketServer( 3181): java.io.IOException: Connection refused

E/v_hwc   (  132): overlay_compose_check_ddr_freq: K3FB_OVC_CHECK_DDR_FREQ failed!

E/WifiHW  (  535): wifi_send_command ret:0

E/StubController(  791): service = null

E/v_hwc   (  132): overlay_compose_check_ddr_freq: K3FB_OVC_CHECK_DDR_FREQ failed!

E/StubController( 5825): service = null

E/WifiHW  (  535): wifi_send_command ret:0

E/WifiHW  (  535): wifi_send_command ret:0

E/StubController( 5825): service = null

E/PGPSDownloader.SocketServer( 3181): java.io.IOException: Connection refused

E/WifiHW  (  535): wifi_send_command ret:0

E/v_hwc   (  132): overlay_compose_check_ddr_freq: K3FB_OVC_CHECK_DDR_FREQ failed!

E/StubController(  791): service = null

E/WifiHW  (  535): wifi_send_command ret:0

E/StubController( 5825): service = null

E/WifiHW  (  535): wifi_send_command ret:0

E/StubController( 5825): service = null

E/WifiHW  (  535): wifi_send_command ret:0

E/PGPSDownloader.SocketServer( 3181): java.io.IOException: Connection refused

E/StubController(  791): service = null

E/WifiHW  (  535): wifi_send_command ret:0

E/v_hwc   (  132): overlay_compose_check_ddr_freq: K3FB_OVC_CHECK_DDR_FREQ failed!

E/StubController( 5825): service = null

E/WifiHW  (  535): wifi_send_command ret:0

E/v_hwc   (  132): overlay_compose_check_ddr_freq: K3FB_OVC_CHECK_DDR_FREQ failed!

I/AlipayPush_ClientActionReceiver( 6741): onReceive() action=com.eg.android.AlipayGphoneRC.push.action.KEEPLIVE

I/AlipayPush_ClientActionReceiver( 6741): onReceive() networkInfo.isConnected()=true

I/AlipayPush_k( 6741): sendPacket()... packet.id=3

I/Monitor ( 6741): [main]onReceive at: com.alipay.pushsdk.push.ClientActionReceiver, Intent: Intent { act=com.eg.android.AlipayGphoneRC.push.action.KEEPLIVE flg=0x14 pkg=com.eg.android.AlipayGphoneRC (has extras) }, cost:13 ms.

I/AlipayPush_b( 6741): processPacket() got one HeartBeatPacket from Server!

I/AlipayPush_l( 6741): getPushKeepAliveInterval() keepAliveTime=45

E/v_hwc   (  132): overlay_compose_check_ddr_freq: K3FB_OVC_CHECK_DDR_FREQ failed!

E/v_hwc   (  132): overlay_compose_check_ddr_freq: K3FB_OVC_CHECK_DDR_FREQ failed!

E/v_hwc   (  132): overlay_compose_check_ddr_freq: K3FB_OVC_CHECK_DDR_FREQ failed!

E/WifiHW  (  535): wifi_send_command ret:0

E/v_hwc   (  132): overlay_compose_check_ddr_freq: K3FB_OVC_CHECK_DDR_FREQ failed!

E/StubController( 5825): service = null

E/v_hwc   (  132): overlay_compose_check_ddr_freq: K3FB_OVC_CHECK_DDR_FREQ failed!

E/PGPSDownloader.SocketServer( 3181): java.io.IOException: Connection refused

E/WifiHW  (  535): wifi_send_command ret:0

E/StubController(  791): service = null

E/StubController(  791): service = null

E/v_hwc   (  132): overlay_compose_check_ddr_freq: K3FB_OVC_CHECK_DDR_FREQ failed!

E/v_hwc   (  132): overlay_compose_check_ddr_freq: K3FB_OVC_CHECK_DDR_FREQ failed!

E/StubController( 5825): service = null

E/v_hwc   (  132): overlay_compose_check_ddr_freq: K3FB_OVC_CHECK_DDR_FREQ failed!

E/WifiHW  (  535): wifi_send_command ret:0

E/WifiHW  (  535): wifi_send_command ret:0

E/StubController(  791): service = null

E/v_hwc   (  132): overlay_compose_check_ddr_freq: K3FB_OVC_CHECK_DDR_FREQ failed!

E/StubController( 5825): service = null

E/v_hwc   (  132): overlay_compose_check_ddr_freq: K3FB_OVC_CHECK_DDR_FREQ failed!

E/PGPSDownloader.SocketServer( 3181): java.io.IOException: Connection refused

E/WifiHW  (  535): wifi_send_command ret:0

E/StubController(  791): service = null

E/WifiHW  (  535): wifi_send_command ret:0

E/StubController( 5825): service = null

E/TemperatureMonitor2(  843): BatteryTemp=330

E/v_hwc   (  132): overlay_compose_check_ddr_freq: K3FB_OVC_CHECK_DDR_FREQ failed!

W/TemperatureMonitor2(  843): Enter 38'C at 158:07

E/StubController(  791): service = null

E/StubController(  791): service = null

E/LoggerFactory( 7459): need invoke bind before use

W/JNI_OnLoad( 7459): JNI_OnLoad!!!

W/signal  ( 7459): coffeecatch_setup!!!

W/signal  ( 7459): NewGlobalRef

W/signal  ( 7459): coffeecatch_setup return 0

W/JNI_OnLoad( 7459): JNI_OnLoad OK!

I/AlipayNativeCrash( 7459): [main]load NativeCrashLib finish

I/monitor ( 7459): [main]Process Startup: processName=com.eg.android.AlipayGphoneRC, packageName=com.eg.android.AlipayGphoneRC

I/LauncherApplication( 7459): [main]com.alipay.mobile.framework.AlipayApplication.preInit(processName=com.eg.android.AlipayGphoneRC, isDebug=true)

I/monitor ( 7459): [main]setupHotPatch when processName = mPackageName

W/hotpatch( 7459): [main]最新hotpatch对应版本：

W/hotpatch( 7459): [main]当前应用版本：9.0.0.060213

W/hotpatch( 7459): [main]debug模式，直接从sd卡找文件

W/asset   ( 7459): Asset path /storage/emulated/0/HotpatchAlipay.apk is neither a directory nor file (type=1).

W/PatchMain( 7459): [main]FILE not found on /storage/emulated/0/HotpatchAlipay.apk

W/hotpatch( 7459): [main]loadPatch失败

W/LauncherApplication( 7459): Failed to Setup LeakCanary.

E/UpgradeHelper( 7459): delete start: 1435220532725

E/UpgradeHelper( 7459): delete end: 1435220532828

E/BootLoader( 7459): [LauncherApplication.Init]copy so: liblaiwang-searcher.so success.

E/BootLoader( 7459): [LauncherApplication.Init]copy so: libgcanvas.so success.

E/BootLoader( 7459): [LauncherApplication.Init]copy so: libedittextutil.so success.

E/BootLoader( 7459): [LauncherApplication.Init]copy so: libmsplua.so success.

E/BootLoader( 7459): [LauncherApplication.Init]copy so: libjscore.so success.

E/BootLoader( 7459): [LauncherApplication.Init]copy so: libgumbo.so success.

E/BootLoader( 7459): [LauncherApplication.Init]copy so: libFalconImg.so success.

E/BootLoader( 7459): [LauncherApplication.Init]copy so: libFalconOCR.so success.

E/WifiHW  (  535): wifi_send_command ret:0

E/BootLoader( 7459): [LauncherApplication.Init]copy so: libamapv3.so success.

E/BootLoader( 7459): [LauncherApplication.Init]copy so: libamapv304ex.so success.

E/BootLoader( 7459): [LauncherApplication.Init]copy so: libstlport_shared.so success.

E/BootLoader( 7459): [LauncherApplication.Init]copy so: libmapv3ex.so success.

E/BootLoader( 7459): [LauncherApplication.Init]copy so: libamapv304.so success.

E/BootLoader( 7459): [LauncherApplication.Init]copy so: libwifi_location.so success.

E/BootLoader( 7459): [LauncherApplication.Init]copy so: libsilk_jni.so success.

E/cutils  (  126): Failed to mkdirat(/storage/sdcard1/Android): Read-only file system

E/BootLoader( 7459): [LauncherApplication.Init]copy so: libzts2.so success.

W/ContextImpl( 7459): Failed to ensure directory: /storage/sdcard1/Android/data/com.eg.android.AlipayGphoneRC/files/applog

E/BootLoader( 7459): [LauncherApplication.Init]copy so: libjoysecurity.so success.

E/cutils  (  126): Failed to mkdirat(/storage/sdcard1/Android): Read-only file system

W/ContextImpl( 7459): Failed to ensure directory: /storage/sdcard1/Android/data/com.eg.android.AlipayGphoneRC/files/applog

E/BootLoader( 7459): [LauncherApplication.Init]copy so: libatlsso.so success.

E/BootLoader( 7459): [LauncherApplication.Init]copy so: libpatcher.so success.

E/BootLoader( 7459): [LauncherApplication.Init]copy so: libtnet-1.0.8.so success.

E/BootLoader( 7459): [LauncherApplication.Init]copy so: libAPSE_1.0.2.so success.

E/BootLoader( 7459): [LauncherApplication.Init]copy so: libsecuritysdk-2.7.13.so success.

E/BootLoader( 7459): [LauncherApplication.Init]copy so: libtbdecode.so success.

E/BootLoader( 7459): [LauncherApplication.Init]copy so: libBumpcardEngine.so success.

E/BootLoader( 7459): [LauncherApplication.Init]copy so: libSE.so success.

E/BootstrapResources( 7459): [LauncherApplication.Init]new BootstrapResources(), depends:[30,32,33,34,35,37,38,39,41,42,43,45,48,49,50,51,52,53,55,56,57,59,61,62,66,68,69,72,80,81,88,88,89,90,91,92,94,102,103,109,110,114,115,121,124,125,127,127]

W/PatchMain( 7459): [LauncherApplication.Init]isInHost [class java.lang.String]


W/PatchMain( 7459): java.lang.NoSuchMethodException: isInHost [class java.lang.String]

W/PatchMain( 7459): 	at java.lang.Class.getConstructorOrMethod(Class.java:472)

W/PatchMain( 7459): 	at java.lang.Class.getDeclaredMethod(Class.java:640)

W/PatchMain( 7459): 	at com.alipay.mobile.hotpatch.util.ReflectUtil.getDeclaredMethod(ReflectUtil.java:9)

W/PatchMain( 7459): 	at com.taobao.hotpatch.patch.PatchMain.loadHostPatchs(PatchMain.java:311)

W/PatchMain( 7459): 	at com.alipay.mobile.hotpatch.Hotpatch.loadHostPatchs(Hotpatch.java:57)

W/PatchMain( 7459): 	at java.lang.reflect.Method.invokeNative(Native Method)

W/PatchMain( 7459): 	at java.lang.reflect.Method.invoke(Method.java:515)

W/PatchMain( 7459): 	at com.alipay.mobile.quinox.LauncherApplication.access$100(Unknown Source)

W/PatchMain( 7459): 	at com.alipay.mobile.quinox.e.run(Unknown Source)

W/PatchMain( 7459): 	at android.os.Handler.handleCallback(Handler.java:733)

W/PatchMain( 7459): 	at android.os.Handler.dispatchMessage(Handler.java:95)

W/PatchMain( 7459): 	at android.os.Looper.loop(Looper.java:136)

W/PatchMain( 7459): 	at android.os.HandlerThread.run(HandlerThread.java:61)

I/LauncherApplication( 7459): [InitExecutor #1]DexfileSuccess

W/PatchMain( 7459): [InitExecutor #1]no patch for bundle: android-phone-rpc-mobilelbs

I/LauncherApplication( 7459): [InitExecutor #1]DexfileSuccess

W/PatchMain( 7459): [InitExecutor #1]no patch for bundle: android-phone-discovery-movieticket

E/StubController( 5825): service = null

I/LauncherApplication( 7459): [InitExecutor #1]DexfileSuccess

W/PatchMain( 7459): [InitExecutor #1]no patch for bundle: android-phone-thirdparty-weibosdk

I/LauncherApplication( 7459): [InitExecutor #1]DexfileSuccess

W/PatchMain( 7459): [InitExecutor #1]no patch for bundle: android-phone-rpc-logistics

I/LauncherApplication( 7459): [InitExecutor #1]DexfileSuccess

W/PatchMain( 7459): [InitExecutor #1]no patch for bundle: android-phone-mobilecommon-falcon

E/WifiHW  (  535): wifi_send_command ret:0

E/PGPSDownloader.SocketServer( 3181): java.io.IOException: Connection refused

I/LauncherApplication( 7459): [InitExecutor #1]DexfileSuccess

W/PatchMain( 7459): [InitExecutor #1]no patch for bundle: android-phone-businesscommon-h5container

I/LauncherApplication( 7459): [InitExecutor #1]DexfileSuccess

W/PatchMain( 7459): [InitExecutor #1]no patch for bundle: android-phone-rpc-mobilebill

I/LauncherApplication( 7459): [InitExecutor #1]DexfileSuccess

W/PatchMain( 7459): [InitExecutor #1]no patch for bundle: android-phone-merchant-cityservice

I/LauncherApplication( 7459): [InitExecutor #1]DexfileSuccess

W/PatchMain( 7459): [InitExecutor #1]no patch for bundle: android-phone-discovery-redenvelope

I/LauncherApplication( 7459): [InitExecutor #1]DexfileSuccess

W/PatchMain( 7459): [InitExecutor #1]no patch for bundle: android-phone-mobilesdk-transportext

E/StubController(  791): service = null

E/WifiHW  (  535): wifi_send_command ret:0

I/LauncherApplication( 7459): [InitExecutor #1]DexfileSuccess

W/PatchMain( 7459): [InitExecutor #1]no patch for bundle: android-phone-mobilesdk-mtop

I/LauncherApplication( 7459): [InitExecutor #1]DexfileSuccess

W/PatchMain( 7459): [InitExecutor #1]no patch for bundle: android-phone-rpc-mobileapp

I/LauncherApplication( 7459): [InitExecutor #1]DexfileSuccess

W/PatchMain( 7459): [InitExecutor #1]no patch for bundle: android-phone-smartwear-yunoswear

I/LauncherApplication( 7459): [InitExecutor #1]DexfileSuccess

W/PatchMain( 7459): [InitExecutor #1]no patch for bundle: android-phone-rome-pushipp

E/StubController( 5825): service = null

I/LauncherApplication( 7459): [InitExecutor #1]DexfileSuccess

W/PatchMain( 7459): [InitExecutor #1]no patch for bundle: android-phone-rpc-alipassprod

I/LauncherApplication( 7459): [InitExecutor #1]DexfileSuccess

W/PatchMain( 7459): [InitExecutor #1]no patch for bundle: android-phone-rpc-securitycore

I/LauncherApplication( 7459): [InitExecutor #1]DexfileSuccess

W/PatchMain( 7459): [InitExecutor #1]no patch for bundle: android-phone-businesscommon-beehive

I/LauncherApplication( 7459): [InitExecutor #1]DexfileSuccess

W/PatchMain( 7459): [InitExecutor #1]no patch for bundle: android-phone-businesscommon-announcement

I/LauncherApplication( 7459): [InitExecutor #1]DexfileSuccess

W/PatchMain( 7459): [InitExecutor #1]no patch for bundle: android-phone-businesscommon-advertisement

I/LauncherApplication( 7459): [InitExecutor #1]DexfileSuccess

W/PatchMain( 7459): [InitExecutor #1]no patch for bundle: android-phone-rpc-livetradeprod

I/LauncherApplication( 7459): [InitExecutor #1]DexfileSuccess

W/PatchMain( 7459): [InitExecutor #1]no patch for bundle: android-phone-businesscommon-h5plugins

E/WifiHW  (  535): wifi_send_command ret:0

I/LauncherApplication( 7459): [InitExecutor #1]DexfileSuccess

W/PatchMain( 7459): [InitExecutor #1]no patch for bundle: android-phone-discovery-o2o

I/LauncherApplication( 7459): [InitExecutor #1]DexfileSuccess

W/PatchMain( 7459): [InitExecutor #1]no patch for bundle: android-phone-personalapp-aggrbillinfo

I/LauncherApplication( 7459): [InitExecutor #1]DexfileSuccess

W/PatchMain( 7459): [InitExecutor #1]no patch for bundle: android-phone-rpc-mobileinno

I/LauncherApplication( 7459): [InitExecutor #1]DexfileSuccess

W/PatchMain( 7459): [InitExecutor #1]no patch for bundle: android-phone-rpc-kabaoprod

I/LauncherApplication( 7459): [InitExecutor #1]DexfileSuccess

W/PatchMain( 7459): [InitExecutor #1]no patch for bundle: android-phone-personalapp-socialsdk

I/LauncherApplication( 7459): [InitExecutor #1]DexfileSuccess

W/PatchMain( 7459): [InitExecutor #1]no patch for bundle: android-phone-messagebox-messageboxapp

I/LauncherApplication( 7459): [InitExecutor #1]DexfileSuccess

W/PatchMain( 7459): [InitExecutor #1]no patch for bundle: android-phone-personalapp-personalbase

I/LauncherApplication( 7459): [InitExecutor #1]DexfileSuccess

W/PatchMain( 7459): [InitExecutor #1]no patch for bundle: android-phone-rpc-mobile

I/LauncherApplication( 7459): [InitExecutor #1]DexfileSuccess

W/PatchMain( 7459): [InitExecutor #1]no patch for bundle: android-phone-rpc-cif

I/LauncherApplication( 7459): [InitExecutor #1]DexfileSuccess

W/PatchMain( 7459): [InitExecutor #1]no patch for bundle: android-phone-wealth-mobilewealth

E/WifiHW  (  535): wifi_send_command ret:0

E/StubController( 5825): service = null

E/PGPSDownloader.SocketServer( 3181): java.io.IOException: Connection refused

I/LauncherApplication( 7459): [InitExecutor #1]DexfileSuccess

W/PatchMain( 7459): [InitExecutor #1]no patch for bundle: android-phone-mobilesdk-thirdpartyext

I/LauncherApplication( 7459): [InitExecutor #1]DexfileSuccess

W/PatchMain( 7459): [InitExecutor #1]no patch for bundle: android-phone-securityapp-clientsecurity

I/LauncherApplication( 7459): [InitExecutor #1]DexfileSuccess

W/PatchMain( 7459): [InitExecutor #1]no patch for bundle: android-phone-rpc-barcodeprod

W/StartupSafeguard( 7459): [AsyncTaskExecutor_Thread_1_PipeLineRunnable_1_startup_pending_monitor]clear some user data: times=13

I/Process ( 7459): Sending signal. PID: 7459 SIG: 9

E/WifiHW  (  535): wifi_send_command ret:0

E/StubController(  791): service = null

E/StubController( 5825): service = null

E/WifiHW  (  535): wifi_send_command ret:0

E/v_hwc   (  132): overlay_compose_check_ddr_freq: K3FB_OVC_CHECK_DDR_FREQ failed!

W/TemperatureMonitor2(  843): Enter 39'C at 158:27

E/WifiHW  (  535): wifi_send_command ret:0

E/StubController( 5825): service = null

E/PGPSDownloader.SocketServer( 3181): java.io.IOException: Connection refused

E/WifiHW  (  535): wifi_send_command ret:0

E/v_hwc   (  132): overlay_compose_check_ddr_freq: K3FB_OVC_CHECK_DDR_FREQ failed!

I/AlipayPush_ClientActionReceiver( 6741): onReceive() action=com.eg.android.AlipayGphoneRC.push.action.KEEPLIVE

I/AlipayPush_ClientActionReceiver( 6741): onReceive() networkInfo.isConnected()=true

I/Monitor ( 6741): [main]onReceive at: com.alipay.pushsdk.push.ClientActionReceiver, Intent: Intent { act=com.eg.android.AlipayGphoneRC.push.action.KEEPLIVE flg=0x14 pkg=com.eg.android.AlipayGphoneRC (has extras) }, cost:13 ms.

I/AlipayPush_k( 6741): sendPacket()... packet.id=3

I/AlipayPush_b( 6741): processPacket() got one HeartBeatPacket from Server!

I/AlipayPush_l( 6741): getPushKeepAliveInterval() keepAliveTime=45

E/v_hwc   (  132): overlay_compose_check_ddr_freq: K3FB_OVC_CHECK_DDR_FREQ failed!

E/v_hwc   (  132): overlay_compose_check_ddr_freq: K3FB_OVC_CHECK_DDR_FREQ failed!

E/StubController(  791): service = null

E/WifiHW  (  535): wifi_send_command ret:0

E/v_hwc   (  132): overlay_compose_check_ddr_freq: K3FB_OVC_CHECK_DDR_FREQ failed!

E/StubController( 5825): service = null

E/TemperatureMonitor2(  843): BatteryTemp=330

E/v_hwc   (  132): overlay_compose_check_ddr_freq: K3FB_OVC_CHECK_DDR_FREQ failed!

E/WifiHW  (  535): wifi_send_command ret:0

E/v_hwc   (  132): overlay_compose_check_ddr_freq: K3FB_OVC_CHECK_DDR_FREQ failed!

E/StubController( 5825): service = null

E/PGPSDownloader.SocketServer( 3181): java.io.IOException: Connection refused

E/WifiHW  (  535): wifi_send_command ret:0

E/v_hwc   (  132): overlay_compose_check_ddr_freq: K3FB_OVC_CHECK_DDR_FREQ failed!

E/StubController(  791): service = null

E/WifiHW  (  535): wifi_send_command ret:0

E/StubController( 5825): service = null

E/WifiHW  (  535): wifi_send_command ret:0

E/v_hwc   (  132): overlay_compose_check_ddr_freq: K3FB_OVC_CHECK_DDR_FREQ failed!

E/WifiHW  (  535): wifi_send_command ret:0

E/v_hwc   (  132): overlay_compose_check_ddr_freq: K3FB_OVC_CHECK_DDR_FREQ failed!

E/StubController( 5825): service = null

E/PGPSDownloader.SocketServer( 3181): java.io.IOException: Connection refused

E/WifiHW  (  535): wifi_send_command ret:0

E/StubController(  791): service = null

E/v_hwc   (  132): overlay_compose_check_ddr_freq: K3FB_OVC_CHECK_DDR_FREQ failed!

E/StubController( 5825): service = null

E/WifiHW  (  535): wifi_send_command ret:0

E/WifiHW  (  535): wifi_send_command ret:0

E/v_hwc   (  132): overlay_compose_check_ddr_freq: K3FB_OVC_CHECK_DDR_FREQ failed!

E/StubController( 5825): service = null

E/PGPSDownloader.SocketServer( 3181): java.io.IOException: Connection refused

E/WifiHW  (  535): wifi_send_command ret:0

E/v_hwc   (  132): overlay_compose_check_ddr_freq: K3FB_OVC_CHECK_DDR_FREQ failed!

E/StubController(  791): service = null

E/WifiHW  (  535): wifi_send_command ret:0

E/StubController( 5825): service = null

E/TemperatureMonitor2(  843): BatteryTemp=330

E/v_hwc   (  132): overlay_compose_check_ddr_freq: K3FB_OVC_CHECK_DDR_FREQ failed!

W/TemperatureMonitor2(  843): Leave 39'C at 159:07

E/WifiHW  (  535): wifi_send_command ret:0

E/StubController( 5825): service = null

E/PGPSDownloader.SocketServer( 3181): java.io.IOException: Connection refused

E/WifiHW  (  535): wifi_send_command ret:0

E/WifiHW  (  535): wifi_send_command ret:0

E/v_hwc   (  132): overlay_compose_check_ddr_freq: K3FB_OVC_CHECK_DDR_FREQ failed!

E/StubController(  791): service = null

E/StubController( 5825): service = null

I/AlipayPush_ClientActionReceiver( 6741): onReceive() action=com.eg.android.AlipayGphoneRC.push.action.KEEPLIVE

I/AlipayPush_ClientActionReceiver( 6741): onReceive() networkInfo.isConnected()=true

I/AlipayPush_k( 6741): sendPacket()... packet.id=3

I/Monitor ( 6741): [main]onReceive at: com.alipay.pushsdk.push.ClientActionReceiver, Intent: Intent { act=com.eg.android.AlipayGphoneRC.push.action.KEEPLIVE flg=0x14 pkg=com.eg.android.AlipayGphoneRC (has extras) }, cost:17 ms.

E/WifiHW  (  535): wifi_send_command ret:0

I/AlipayPush_b( 6741): processPacket() got one HeartBeatPacket from Server!

I/AlipayPush_l( 6741): getPushKeepAliveInterval() keepAliveTime=45

E/v_hwc   (  132): overlay_compose_check_ddr_freq: K3FB_OVC_CHECK_DDR_FREQ failed!

E/v_hwc   (  132): overlay_compose_check_ddr_freq: K3FB_OVC_CHECK_DDR_FREQ failed!

E/v_hwc   (  132): overlay_compose_check_ddr_freq: K3FB_OVC_CHECK_DDR_FREQ failed!

