

Note: log switch off, only log_main and log_events will have logs!

--------- beginning of /dev/log/main

I/LauncherApplication( 6355): [InitExecutor #1]DexfileSuccess

W/PatchMain( 6355): [InitExecutor #1]no patch for bundle: android-phone-businesscommon-advertisement

I/LauncherApplication( 6355): [InitExecutor #1]DexfileSuccess

W/PatchMain( 6355): [InitExecutor #1]no patch for bundle: android-phone-rpc-livetradeprod

I/LauncherApplication( 6355): [InitExecutor #1]DexfileSuccess

W/PatchMain( 6355): [InitExecutor #1]no patch for bundle: android-phone-businesscommon-h5plugins

I/LauncherApplication( 6355): [InitExecutor #1]DexfileSuccess

W/PatchMain( 6355): [InitExecutor #1]no patch for bundle: android-phone-discovery-o2o

I/LauncherApplication( 6355): [InitExecutor #1]DexfileSuccess

W/PatchMain( 6355): [InitExecutor #1]no patch for bundle: android-phone-personalapp-aggrbillinfo

I/LauncherApplication( 6355): [InitExecutor #1]DexfileSuccess

W/PatchMain( 6355): [InitExecutor #1]no patch for bundle: android-phone-rpc-mobileinno

E/PGPSDownloader.SocketServer( 3181): java.io.IOException: Connection refused

I/LauncherApplication( 6355): [InitExecutor #1]DexfileSuccess

W/PatchMain( 6355): [InitExecutor #1]no patch for bundle: android-phone-rpc-kabaoprod

I/LauncherApplication( 6355): [InitExecutor #1]DexfileSuccess

W/PatchMain( 6355): [InitExecutor #1]no patch for bundle: android-phone-personalapp-socialsdk

I/LauncherApplication( 6355): [InitExecutor #1]DexfileSuccess

W/PatchMain( 6355): [InitExecutor #1]no patch for bundle: android-phone-messagebox-messageboxapp

I/LauncherApplication( 6355): [InitExecutor #1]DexfileSuccess

W/PatchMain( 6355): [InitExecutor #1]no patch for bundle: android-phone-personalapp-personalbase

I/LauncherApplication( 6355): [InitExecutor #1]DexfileSuccess

W/PatchMain( 6355): [InitExecutor #1]no patch for bundle: android-phone-rpc-mobile

E/WifiHW  (  535): wifi_send_command ret:0

E/v_hwc   (  132): overlay_compose_check_ddr_freq: K3FB_OVC_CHECK_DDR_FREQ failed!

I/LauncherApplication( 6355): [InitExecutor #1]DexfileSuccess

W/PatchMain( 6355): [InitExecutor #1]no patch for bundle: android-phone-rpc-cif

I/LauncherApplication( 6355): [InitExecutor #1]DexfileSuccess

W/PatchMain( 6355): [InitExecutor #1]no patch for bundle: android-phone-wealth-mobilewealth

W/StartupSafeguard( 6355): [AsyncTaskExecutor_Thread_1_PipeLineRunnable_1_startup_pending_monitor]clear all user data: times=8

E/StubController( 5825): service = null

W/TemperatureMonitor2(  843): Enter 35'C at 151:04

W/TemperatureMonitor2(  843): Enter 36'C at 151:04

W/TemperatureMonitor2(  843): Enter 37'C at 151:04

W/TemperatureMonitor2(  843): Enter 38'C at 151:04

I/dalvikvm-heap( 6293): Grow heap (frag case) to 7.373MB for 917200-byte allocation

E/TemperatureMonitor2(  843): BatteryTemp=300

E/v_hwc   (  132): overlay_compose_check_ddr_freq: K3FB_OVC_CHECK_DDR_FREQ failed!

E/WifiHW  (  535): wifi_send_command ret:0

E/v_hwc   (  132): overlay_compose_check_ddr_freq: K3FB_OVC_CHECK_DDR_FREQ failed!

E/v_hwc   (  132): overlay_compose_check_ddr_freq: K3FB_OVC_CHECK_DDR_FREQ failed!

E/memtrack( 6620): Couldn't load memtrack module (No such file or directory)

E/android.os.Debug( 6620): failed to load memtrack module: -2

I/android_hardware_fm.cpp( 6620): ----Inside int register_android_hardware_fm_fmradio(JNIEnv*)----

I/android_hardware_fm.cpp( 6620): register_android_hardware_fm_fmradio, ret is 0

I/wpa_supplicant(  697): wlan0: CTRL-EVENT-EAP-STARTED EAP authentication started

I/wpa_supplicant(  697): wlan0: CTRL-EVENT-EAP-PROPOSED-METHOD vendor=0 method=25 -> NAK

I/wpa_supplicant(  697): wlan0: CTRL-EVENT-EAP-PROPOSED-METHOD vendor=0 method=13

I/wpa_supplicant(  697): wlan0: CTRL-EVENT-EAP-METHOD EAP vendor 0 method 13 (TLS) selected

I/wpa_supplicant(  697): wlan0: CTRL-EVENT-EAP-PEER-CERT depth=1 subject='/emailAddress=alilang@alibaba-inc.com/CN=Alilang CA/OU=Inc/O=Alibaba/L=HangZhou/ST=ZheJiang/C=CN'

I/wpa_supplicant(  697): wlan0: CTRL-EVENT-EAP-PEER-CERT depth=0 subject='/emailAddress=madding.lip@alibaba-inc.com/CN=Alilang Radius/OU=Inc/O=Alibaba/L=HangZhou/ST=ZheJiang/C=CN'

I/wpa_supplicant(  697): wlan0: CTRL-EVENT-EAP-SUCCESS EAP authentication completed successfully

I/wpa_supplicant(  697): wlan0: WPA: Key negotiation completed with b4:14:89:83:b0:f2 [PTK=CCMP GTK=CCMP]

I/LauncherApplication( 6355): [InitExecutor #1]DexfileSuccess

W/PatchMain( 6355): [InitExecutor #1]no patch for bundle: android-phone-mobilesdk-thirdpartyext

E/StubController(  791): service = null

I/LauncherApplication( 6355): [InitExecutor #1]DexfileSuccess

W/PatchMain( 6355): [InitExecutor #1]no patch for bundle: android-phone-securityapp-clientsecurity

E/WifiHW  (  535): wifi_send_command ret:0

E/v_hwc   (  132): overlay_compose_check_ddr_freq: K3FB_OVC_CHECK_DDR_FREQ failed!

I/LauncherApplication( 6355): [InitExecutor #1]DexfileSuccess

W/PatchMain( 6355): [InitExecutor #1]no patch for bundle: android-phone-rpc-barcodeprod

E/StubController( 5825): service = null

E/v_hwc   (  132): overlay_compose_check_ddr_freq: K3FB_OVC_CHECK_DDR_FREQ failed!

E/memtrack( 6643): Couldn't load memtrack module (No such file or directory)

E/android.os.Debug( 6643): failed to load memtrack module: -2

I/android_hardware_fm.cpp( 6643): ----Inside int register_android_hardware_fm_fmradio(JNIEnv*)----

I/android_hardware_fm.cpp( 6643): register_android_hardware_fm_fmradio, ret is 0

I/LauncherApplication( 6355): [bundle_manager_verify#1]start

I/CertVerifier( 6355): ZIP comment found at buffer position 6217 with len=256, good!

I/CertVerifier( 6355): ZIP comment found at buffer position 7936 with len=256, good!

E/v_hwc   (  132): overlay_compose_check_ddr_freq: K3FB_OVC_CHECK_DDR_FREQ failed!

I/CertVerifier( 6355): ZIP comment found at buffer position 7936 with len=256, good!

I/CertVerifier( 6355): ZIP comment found at buffer position 7936 with len=256, good!

I/CertVerifier( 6355): ZIP comment found at buffer position 7936 with len=256, good!

I/CertVerifier( 6355): ZIP comment found at buffer position 7936 with len=256, good!

I/CertVerifier( 6355): ZIP comment found at buffer position 7936 with len=256, good!

I/CertVerifier( 6355): ZIP comment found at buffer position 7936 with len=256, good!

I/CertVerifier( 6355): ZIP comment found at buffer position 7936 with len=256, good!

I/CertVerifier( 6355): ZIP comment found at buffer position 7936 with len=256, good!

I/CertVerifier( 6355): ZIP comment found at buffer position 7936 with len=256, good!

I/CertVerifier( 6355): ZIP comment found at buffer position 7936 with len=256, good!

I/CertVerifier( 6355): ZIP comment found at buffer position 7936 with len=256, good!

I/CertVerifier( 6355): ZIP comment found at buffer position 7936 with len=256, good!

I/CertVerifier( 6355): ZIP comment found at buffer position 7936 with len=256, good!

I/LauncherApplication( 6355): [InitExecutor #1]DexfileSuccess

W/PatchMain( 6355): [InitExecutor #1]no patch for bundle: android-phone-securityapp-mobilesecurity

I/CertVerifier( 6355): ZIP comment found at buffer position 7936 with len=256, good!

I/CertVerifier( 6355): ZIP comment found at buffer position 7936 with len=256, good!

E/PGPSDownloader.SocketServer( 3181): java.io.IOException: Connection refused

I/dalvikvm-heap( 6355): Grow heap (frag case) to 4.978MB for 63504-byte allocation

I/CertVerifier( 6355): ZIP comment found at buffer position 7936 with len=256, good!

I/CertVerifier( 6355): ZIP comment found at buffer position 7936 with len=256, good!

I/CertVerifier( 6355): ZIP comment found at buffer position 7936 with len=256, good!

I/CertVerifier( 6355): ZIP comment found at buffer position 7936 with len=256, good!

I/CertVerifier( 6355): ZIP comment found at buffer position 7936 with len=256, good!

I/CertVerifier( 6355): ZIP comment found at buffer position 7936 with len=256, good!

E/WifiHW  (  535): wifi_send_command ret:0

I/CertVerifier( 6355): ZIP comment found at buffer position 7936 with len=256, good!

I/CertVerifier( 6355): ZIP comment found at buffer position 7936 with len=256, good!

I/CertVerifier( 6355): ZIP comment found at buffer position 7936 with len=256, good!

I/CertVerifier( 6355): ZIP comment found at buffer position 3662 with len=256, good!

I/CertVerifier( 6355): ZIP comment found at buffer position 4229 with len=256, good!

I/CertVerifier( 6355): ZIP comment found at buffer position 7936 with len=256, good!

I/CertVerifier( 6355): ZIP comment found at buffer position 7936 with len=256, good!

I/CertVerifier( 6355): ZIP comment found at buffer position 7936 with len=256, good!

I/CertVerifier( 6355): ZIP comment found at buffer position 7936 with len=256, good!

I/LauncherApplication( 6355): [InitExecutor #1]DexfileSuccess

W/PatchMain( 6355): [InitExecutor #1]no patch for bundle: android-phone-businesscommon-nfc

I/CertVerifier( 6355): ZIP comment found at buffer position 7936 with len=256, good!

I/CertVerifier( 6355): ZIP comment found at buffer position 7936 with len=256, good!

I/CertVerifier( 6355): ZIP comment found at buffer position 7936 with len=256, good!

I/CertVerifier( 6355): ZIP comment found at buffer position 7936 with len=256, good!

I/CertVerifier( 6355): ZIP comment found at buffer position 7936 with len=256, good!

E/v_hwc   (  132): overlay_compose_check_ddr_freq: K3FB_OVC_CHECK_DDR_FREQ failed!

I/CertVerifier( 6355): ZIP comment found at buffer position 7936 with len=256, good!

I/CertVerifier( 6355): ZIP comment found at buffer position 7936 with len=256, good!

I/CertVerifier( 6355): ZIP comment found at buffer position 7936 with len=256, good!

I/CertVerifier( 6355): ZIP comment found at buffer position 7872 with len=256, good!

I/CertVerifier( 6355): ZIP comment found at buffer position 7936 with len=256, good!

I/CertVerifier( 6355): ZIP comment found at buffer position 7936 with len=256, good!

I/CertVerifier( 6355): ZIP comment found at buffer position 7936 with len=256, good!

I/CertVerifier( 6355): ZIP comment found at buffer position 7936 with len=256, good!

I/CertVerifier( 6355): ZIP comment found at buffer position 7936 with len=256, good!

I/CertVerifier( 6355): ZIP comment found at buffer position 7936 with len=256, good!

I/CertVerifier( 6355): ZIP comment found at buffer position 7450 with len=256, good!

I/LauncherApplication( 6355): [InitExecutor #1]DexfileSuccess

W/PatchMain( 6355): [InitExecutor #1]no patch for bundle: android-phone-personalapp-socialpayee

I/CertVerifier( 6355): ZIP comment found at buffer position 7936 with len=256, good!

I/CertVerifier( 6355): ZIP comment found at buffer position 4539 with len=256, good!

I/CertVerifier( 6355): ZIP comment found at buffer position 7936 with len=256, good!

I/CertVerifier( 6355): ZIP comment found at buffer position 7936 with len=256, good!

I/CertVerifier( 6355): ZIP comment found at buffer position 7936 with len=256, good!

I/CertVerifier( 6355): ZIP comment found at buffer position 7936 with len=256, good!

I/CertVerifier( 6355): ZIP comment found at buffer position 7936 with len=256, good!

I/CertVerifier( 6355): ZIP comment found at buffer position 7936 with len=256, good!

I/CertVerifier( 6355): ZIP comment found at buffer position 7936 with len=256, good!

I/CertVerifier( 6355): ZIP comment found at buffer position 5184 with len=256, good!

I/CertVerifier( 6355): ZIP comment found at buffer position 3414 with len=256, good!

I/CertVerifier( 6355): ZIP comment found at buffer position 7936 with len=256, good!

I/CertVerifier( 6355): ZIP comment found at buffer position 7936 with len=256, good!

I/CertVerifier( 6355): ZIP comment found at buffer position 7936 with len=256, good!

E/v_hwc   (  132): overlay_compose_check_ddr_freq: K3FB_OVC_CHECK_DDR_FREQ failed!

I/CertVerifier( 6355): ZIP comment found at buffer position 7936 with len=256, good!

I/LauncherApplication( 6355): [InitExecutor #1]DexfileSuccess

W/PatchMain( 6355): [InitExecutor #1]no patch for bundle: android-phone-rpc-mobilediscovery

I/CertVerifier( 6355): ZIP comment found at buffer position 7936 with len=256, good!

I/CertVerifier( 6355): ZIP comment found at buffer position 7936 with len=256, good!

I/CertVerifier( 6355): ZIP comment found at buffer position 7936 with len=256, good!

I/CertVerifier( 6355): ZIP comment found at buffer position 7936 with len=256, good!

I/dalvikvm-heap( 6355): Grow heap (frag case) to 5.105MB for 63504-byte allocation

I/CertVerifier( 6355): ZIP comment found at buffer position 7936 with len=256, good!

I/CertVerifier( 6355): ZIP comment found at buffer position 7936 with len=256, good!

I/CertVerifier( 6355): ZIP comment found at buffer position 7936 with len=256, good!

E/StubController( 5825): service = null

I/CertVerifier( 6355): ZIP comment found at buffer position 5656 with len=256, good!

I/CertVerifier( 6355): ZIP comment found at buffer position 7936 with len=256, good!

I/CertVerifier( 6355): ZIP comment found at buffer position 7936 with len=256, good!

I/LauncherApplication( 6355): [InitExecutor #1]DexfileSuccess

W/PatchMain( 6355): [InitExecutor #1]no patch for bundle: android-phone-rpc-mobilegw

I/CertVerifier( 6355): ZIP comment found at buffer position 7936 with len=256, good!

E/StubController(  791): service = null

E/StubController(  791): service = null

I/LauncherApplication( 6355): [LauncherApplication.Init]com.alipay.mobile.framework.AlipayApplication.init()

W/LaunchApplicationAgent( 6355): [LauncherApplication.Init]Failed to load .apk/asset/lazy_bundles.cfg, try to read meta-data

I/CertVerifier( 6355): ZIP comment found at buffer position 7936 with len=256, good!

I/CertVerifier( 6355): ZIP comment found at buffer position 7936 with len=256, good!

E/StubController(  791): service = null

E/StubController(  791): service = null

I/CertVerifier( 6355): ZIP comment found at buffer position 7936 with len=256, good!

E/v_hwc   (  132): overlay_compose_check_ddr_freq: K3FB_OVC_CHECK_DDR_FREQ failed!

E/memtrack( 6668): Couldn't load memtrack module (No such file or directory)

E/android.os.Debug( 6668): failed to load memtrack module: -2

I/android_hardware_fm.cpp( 6668): ----Inside int register_android_hardware_fm_fmradio(JNIEnv*)----

I/android_hardware_fm.cpp( 6668): register_android_hardware_fm_fmradio, ret is 0

E/WifiHW  (  535): wifi_send_command ret:0

W/MicroAppContextImpl( 6355): [LauncherApplication.Init]attachContext(com.alipay.mobile.quinox.LauncherApplication@41ab0368)

I/MicroAppContextImpl( 6355): [LauncherApplication.Init]registerActivityLifecycleCallbacks(com.alipay.mobile.quinox.LauncherApplication@41ab0368)

I/cookies ( 6355): clearCookiesAtStartup().

I/CertVerifier( 6355): ZIP comment found at buffer position 7936 with len=256, good!

I/CertVerifier( 6355): ZIP comment found at buffer position 7936 with len=256, good!

I/cookies ( 6355): doClearCookies cost 103 ms

I/CertVerifier( 6355): ZIP comment found at buffer position 7936 with len=256, good!

I/CertVerifier( 6355): ZIP comment found at buffer position 7936 with len=256, good!

I/FrameworkPointCutManager( 6355): [LauncherApplication.Init]registerPointCutAdvice put:com.alipay.mobile.aspect.advice.ActivityPerformanceAdvice@41dfe420@void com.alipay.mobile.framework.app.ui.BaseActivity.onCreate(Bundle)

I/FrameworkPointCutManager( 6355): [LauncherApplication.Init]registerPointCutAdvice put:com.alipay.mobile.aspect.advice.ActivityPerformanceAdvice@41dfe420@void com.alipay.mobile.framework.app.ui.BaseFragmentActivity.onCreate(Bundle)

I/FrameworkPointCutManager( 6355): [LauncherApplication.Init]registerPointCutAdvice put:com.alipay.mobile.aspect.advice.ActivityPerformanceAdvice@41dfe420@void com.alipay.mobile.framework.app.ui.BaseActivity.onWindowFocusChanged(boolean)

I/FrameworkPointCutManager( 6355): [LauncherApplication.Init]registerPointCutAdvice put:com.alipay.mobile.aspect.advice.ActivityPerformanceAdvice@41dfe420@void com.alipay.mobile.framework.app.ui.BaseFragmentActivity.onWindowFocusChanged(boolean)

I/FrameworkPointCutManager( 6355): [LauncherApplication.Init]registerPointCutAdvice add:com.alipay.mobile.aspect.advice.TitleBarAdvice@41b77e58@void com.alipay.mobile.framework.app.ui.BaseActivity.onCreate(Bundle)

I/FrameworkPointCutManager( 6355): [LauncherApplication.Init]registerPointCutAdvice add:com.alipay.mobile.aspect.advice.TitleBarAdvice@41b77e58@void com.alipay.mobile.framework.app.ui.BaseFragmentActivity.onCreate(Bundle)

I/FrameworkPointCutManager( 6355): [LauncherApplication.Init]registerPointCutAdvice put:com.alipay.mobile.aspect.advice.TitleBarAdvice@41b77e58@void com.alipay.mobile.framework.app.ui.BaseActivity.onResume()

I/FrameworkPointCutManager( 6355): [LauncherApplication.Init]registerPointCutAdvice put:com.alipay.mobile.aspect.advice.TitleBarAdvice@41b77e58@void com.alipay.mobile.framework.app.ui.BaseFragmentActivity.onResume()

I/FrameworkPointCutManager( 6355): [LauncherApplication.Init]registerPointCutAdvice add:com.alipay.mobile.aspect.advice.UploadLocationAdvice@41c1e128@void com.alipay.mobile.framework.app.ui.BaseActivity.onCreate(Bundle)

I/FrameworkPointCutManager( 6355): [LauncherApplication.Init]registerPointCutAdvice add:com.alipay.mobile.aspect.advice.UploadLocationAdvice@41c1e128@void com.alipay.mobile.framework.app.ui.BaseFragmentActivity.onCreate(Bundle)

W/DiskCacheServiceImpl( 6355): DiskCacheServiceImpl

I/CertVerifier( 6355): ZIP comment found at buffer position 7936 with len=256, good!

W/DiskCacheServiceImpl( 6355): path = /storage/emulated/0/com.eg.android.AlipayGphoneRC/cache

I/CertVerifier( 6355): ZIP comment found at buffer position 7936 with len=256, good!

E/ExternalServiceManager( 6355): [LauncherApplication.Init][com.alipay.mobile.common.promotion.intercept.IPromotionInterceptorManager] is not regiested.

I/FrameworkPointCutManager( 6355): [LauncherApplication.Init]registerPointCutAdvice add:com.alipay.mobile.common.promotion.intercept.PromotionActivityAdvice@41d90a78@void com.alipay.mobile.framework.app.ui.BaseActivity.onCreate(Bundle)

I/FrameworkPointCutManager( 6355): [LauncherApplication.Init]registerPointCutAdvice add:com.alipay.mobile.common.promotion.intercept.PromotionActivityAdvice@41d90a78@void com.alipay.mobile.framework.app.ui.BaseFragmentActivity.onCreate(Bundle)

I/FrameworkPointCutManager( 6355): [LauncherApplication.Init]registerPointCutAdvice put:com.alipay.mobile.common.promotion.intercept.PromotionStartAppAdvice@41db92f8@void com.alipay.mobile.core.impl.MicroApplicationContextImpl.doStartApp(String, String, Bundle)

I/FrameworkPointCutManager( 6355): [LauncherApplication.Init]registerPointCutAdvice put:com.alipay.mobile.common.promotion.intercept.PromotionStartAppAdvice@41db92f8@void com.alipay.mobile.core.impl.MicroApplicationContextImpl.finishApp(String, String, Bundle)

I/FrameworkPointCutManager( 6355): [LauncherApplication.Init]registerPointCutAdvice put:com.alipay.mobile.common.promotion.intercept.PromotionStartActivityAdvice@41c995a8@void com.alipay.mobile.framework.app.ui.BaseActivity.startActivityForResult(Intent, int)

I/FrameworkPointCutManager( 6355): [LauncherApplication.Init]registerPointCutAdvice put:com.alipay.mobile.common.promotion.intercept.PromotionStartActivityAdvice@41c995a8@void com.alipay.mobile.framework.app.ui.BaseFragmentActivity.startActivityForResult(Intent, int)

I/FrameworkPointCutManager( 6355): [LauncherApplication.Init]registerPointCutAdvice put:com.alipay.mobile.common.promotion.intercept.PromotionStartActivityAdvice@41c995a8@void com.alipay.mobile.framework.app.ui.BaseActivity.finish()

I/FrameworkPointCutManager( 6355): [LauncherApplication.Init]registerPointCutAdvice put:com.alipay.mobile.common.promotion.intercept.PromotionStartActivityAdvice@41c995a8@void com.alipay.mobile.framework.app.ui.BaseFragmentActivity.finish()

I/FrameworkPointCutManager( 6355): [LauncherApplication.Init]registerPointCutAdvice put:com.alipay.mobile.common.promotion.intercept.PromotionStartActivityAdvice@41c995a8@void com.alipay.mobile.core.impl.MicroApplicationContextImpl.startActivity(MicroApplication, String)

I/FrameworkPointCutManager( 6355): [LauncherApplication.Init]registerPointCutAdvice put:com.alipay.mobile.common.promotion.intercept.PromotionStartActivityAdvice@41c995a8@void com.alipay.mobile.core.impl.MicroApplicationContextImpl.startActivity(MicroApplication, Intent)

I/FrameworkPointCutManager( 6355): [LauncherApplication.Init]registerPointCutAdvice put:com.alipay.mobile.common.promotion.intercept.PromotionStartActivityAdvice@41c995a8@void com.alipay.mobile.core.impl.MicroApplicationContextImpl.startActivityForResult(MicroApplication, String, int)

I/FrameworkPointCutManager( 6355): [LauncherApplication.Init]registerPointCutAdvice put:com.alipay.mobile.common.promotion.intercept.PromotionStartActivityAdvice@41c995a8@void com.alipay.mobile.core.impl.MicroApplicationContextImpl.startActivityForResult(MicroApplication, Intent, int)

I/FrameworkPointCutManager( 6355): [LauncherApplication.Init]registerPointCutAdvice put:com.alipay.mobile.common.promotion.intercept.PromotionStartActivityAdvice@41c995a8@void com.alipay.mobile.core.impl.MicroApplicationContextImpl.startExtActivity(MicroApplication, Intent)

I/FrameworkPointCutManager( 6355): [LauncherApplication.Init]registerPointCutAdvice put:com.alipay.mobile.common.promotion.intercept.PromotionStartActivityAdvice@41c995a8@void com.alipay.mobile.core.impl.MicroApplicationContextImpl.startExtActivityForResult(MicroApplication, Intent, int)

I/BootLoader( 6355): loadBundle(bundleName=android-phone-mobilesdk-thirdpartylite). cost:0 ms.

I/BootLoader( 6355): loadBundle(bundleName=android-phone-mobilesdk-thirdparty). cost:0 ms.

I/BootLoader( 6355): loadBundle(bundleName=android-phone-mobilesdk-framework). cost:1 ms.

I/BootLoader( 6355): loadBundle(bundleName=android-phone-mobilesdk-aspect). cost:0 ms.

I/BootLoader( 6355): loadBundle(bundleName=android-phone-mobilesdk-thirdpartyext). cost:0 ms.

I/BootLoader( 6355): loadBundle(bundleName=android-phone-mobilesdk-common). cost:0 ms.

I/BootLoader( 6355): loadBundle(bundleName=android-phone-mobilesdk-commonbizservice). cost:4 ms.

I/BootLoader( 6355): loadBundle(bundleName=android-phone-businesscommon-accountauth). cost:1 ms.

I/BootLoader( 6355): loadBundle(bundleName=android-phone-thirdparty-weibosdk). cost:0 ms.

I/CertVerifier( 6355): ZIP comment found at buffer position 7936 with len=256, good!

W/DiskCacheServiceImpl( 6355): resPath = /storage/emulated/0/com.eg.android.AlipayGphoneRC/res

W/DiskCacheServiceImpl( 6355): parent = /storage/emulated/0/com.eg.android.AlipayGphoneRC

I/DiskCacheServiceImpl( 6355): alipay = /storage/emulated/0/alipay

E/v_hwc   (  132): overlay_compose_check_ddr_freq: K3FB_OVC_CHECK_DDR_FREQ failed!

I/BootLoader( 6355): loadBundle(bundleName=android-phone-businesscommon-templatemanager). cost:98 ms.

I/BootLoader( 6355): loadBundle(bundleName=android-phone-bill-home). cost:8 ms.

I/BootLoader( 6355): loadBundle(bundleName=android-phone-personalapp-socialwidget). cost:0 ms.

I/BootLoader( 6355): loadBundle(bundleName=android-phone-wealth-home). cost:11 ms.

I/BootLoader( 6355): loadBundle(bundleName=android-phone-openplatform-common). cost:0 ms.

I/sync_service_LongLinkSyncServiceImpl( 6355): [LauncherApplication.Init]onCreate: 

I/sync_service_LongLinkScreenOffService( 6355): [LauncherApplication.Init]onCreate: [ LongLinkScreenOffService ] 

I/BootLoader( 6355): loadBundle(bundleName=android-phone-rome-syncservice). cost:14 ms.

I/BootLoader( 6355): loadBundle(bundleName=android-phone-businesscommon-commonbiz). cost:7 ms.

I/BootLoader( 6355): loadBundle(bundleName=android-phone-businesscommon-h5plugins). cost:0 ms.

I/BootLoader( 6355): loadBundle(bundleName=android-phone-thirdparty-procguard). cost:0 ms.

I/dalvikvm( 6355): Total arena pages for JIT: 11

I/dalvikvm( 6355): Total arena pages for JIT: 12

I/dalvikvm( 6355): Total arena pages for JIT: 13

I/dalvikvm( 6355): Total arena pages for JIT: 14

I/dalvikvm( 6355): Total arena pages for JIT: 15

I/dalvikvm( 6355): Total arena pages for JIT: 16

I/dalvikvm( 6355): Total arena pages for JIT: 17

I/BootLoader( 6355): loadBundle(bundleName=android-phone-businesscommon-tablauncher). cost:78 ms.

E/AppManageServiceImpl( 6355): [LauncherApplication.Init]initOpenPlatformPreFlag

I/OrmHelper( 6696): CREATE TABLE server (id INTEGER PRIMARY KEY AUTOINCREMENT, url TEXT, name TEXT, category TEXT, locked INTEGER)

I/OrmHelper( 6696): CREATE TABLE server_config (id INTEGER PRIMARY KEY AUTOINCREMENT, category TEXT, server INTEGER)

I/OrmHelper( 6696): CREATE TABLE port_config (id INTEGER PRIMARY KEY AUTOINCREMENT, name TEXT, port TEXT)

I/OrmHelper( 6696): CREATE TABLE switcher (id INTEGER PRIMARY KEY AUTOINCREMENT, name TEXT, value INTEGER)

I/OrmHelper( 6696): CREATE TABLE text_config (id INTEGER PRIMARY KEY AUTOINCREMENT, name TEXT, value TEXT)

E/StubController( 6355): service = null

I/BootLoader( 6355): loadBundle(bundleName=android-phone-openplatform-openplatform). cost:186 ms.

I/BootLoader( 6355): loadBundle(bundleName=android-phone-openplatform-home). cost:7 ms.

I/AlipayPush_PushSettingServiceImpl( 6355): [LauncherApplication.Init]onCreate Enter...

I/BootLoader( 6355): loadBundle(bundleName=android-phone-rome-pushservice). cost:17 ms.

E/StubController(  791): service = null

E/StubController(  791): service = null

I/AlipayPush_PushSettingServiceImpl( 6355): [Thread-436]onCreate postDelayed ipp.

I/BootLoader( 6355): loadBundle(bundleName=android-phone-securityapp-clientsecurity). cost:160 ms.

I/BootLoader( 6355): loadBundle(bundleName=android-phone-nfd-wifisdk). cost:2 ms.

I/BootLoader( 6355): loadBundle(bundleName=android-phone-discovery-discoverywidget). cost:7 ms.

I/BootLoader( 6355): loadBundle(bundleName=android-phone-businesscommon-prefrence). cost:0 ms.

I/BootLoader( 6355): loadBundle(bundleName=android-phone-businesscommon-phonecashier). cost:11 ms.

I/BootLoader( 6355): loadBundle(bundleName=android-phone-wealth-common). cost:0 ms.

E/MspPayApp( 6355): phonecashier helper thread wait

I/FrameworkPointCutManager( 6355): [pool-1-thread-1]registerPointCutAdvice add:com.alipay.android.app.template.DynamicTemplateServiceImpl$2@41dff7f8@void com.alipay.mobile.framework.app.ui.BaseFragmentActivity.finish()

I/FrameworkPointCutManager( 6355): [pool-1-thread-1]registerPointCutAdvice add:com.alipay.android.app.template.DynamicTemplateServiceImpl$2@41dff7f8@void com.alipay.mobile.framework.app.ui.BaseActivity.finish()

E/cutils  (  126): Failed to mkdirat(/storage/sdcard1/Android): Read-only file system

E/StubController(  791): service = null

W/ImageLoader( 6696): memoryCache() and memoryCacheSize() calls overlap each other

W/ContextImpl( 6355): Failed to ensure directory: /storage/sdcard1/Android/data/com.eg.android.AlipayGphoneRC/files/alipayDemo

E/cutils  (  126): Failed to mkdirat(/storage/sdcard1/Android): Read-only file system

W/ContextImpl( 6355): Failed to ensure directory: /storage/sdcard1/Android/data/com.eg.android.AlipayGphoneRC/cache

W/DiskCache( 6355): [pool-1-thread-1]DiskCache has inited

E/memtrack( 6691): Couldn't load memtrack module (No such file or directory)

E/android.os.Debug( 6691): failed to load memtrack module: -2

I/dalvikvm( 6355): Total arena pages for JIT: 18

I/BootLoader( 6355): loadBundle(bundleName=android-phone-mobilecommon-map). cost:100 ms.

W/msp     ( 6355): getbirdParams:95msms

W/msp     ( 6355): get tid time:2msms

W/System.err( 6355): java.lang.NullPointerException

W/System.err( 6355): 	at com.alipay.android.app.sys.DeviceInfo.<init>(Unknown Source)

W/System.err( 6355): 	at com.alipay.android.app.sys.DeviceInfo.a(Unknown Source)

W/System.err( 6355): 	at com.alipay.android.app.helper.MspConfig.a(Unknown Source)

W/System.err( 6355): 	at com.alipay.android.app.logic.decorator.RpcRequestDecorator.a(Unknown Source)

W/System.err( 6355): 	at com.alipay.android.app.assist.MspAssistUtil.r(Unknown Source)

W/System.err( 6355): 	at com.alipay.mobile.phonecashier.service.b.run(Unknown Source)

W/System.err( 6355): 	at java.util.concurrent.ThreadPoolExecutor.runWorker(ThreadPoolExecutor.java:1112)

W/System.err( 6355): 	at java.util.concurrent.ThreadPoolExecutor$Worker.run(ThreadPoolExecutor.java:587)

W/System.err( 6355): 	at java.lang.Thread.run(Thread.java:841)

I/GestureServiceImpl( 6355): [LauncherApplication.Init]oncreate configService is not null

E/cutils  (  126): Failed to mkdirat(/storage/sdcard1/Android): Read-only file system

I/GestureConfigImpl( 6355): convenient GestureConfigImpl onCreate

W/ContextImpl( 6355): Failed to ensure directory: /storage/sdcard1/Android/data/com.eg.android.AlipayGphoneRC/files/alipayDemo

I/GestureConfigHelper( 6355): convenient GestureConfigHelper getUsersConfig begin

I/GestureConfigHelper( 6355): convenient GestureConfigHelper getAllConfigs begin

W/System.err( 6355): java.lang.NullPointerException

W/System.err( 6355): 	at com.alipay.android.app.sys.DeviceInfo.<init>(Unknown Source)

W/System.err( 6355): 	at com.alipay.android.app.sys.DeviceInfo.a(Unknown Source)

W/System.err( 6355): 	at com.alipay.android.app.helper.MspConfig.a(Unknown Source)

W/System.err( 6355): 	at com.alipay.android.app.logic.decorator.RpcRequestDecorator.a(Unknown Source)

W/System.err( 6355): 	at com.alipay.android.app.assist.MspAssistUtil.r(Unknown Source)

W/System.err( 6355): 	at com.alipay.mobile.phonecashier.service.b.run(Unknown Source)

W/System.err( 6355): 	at java.util.concurrent.ThreadPoolExecutor.runWorker(ThreadPoolExecutor.java:1112)

W/System.err( 6355): 	at java.util.concurrent.ThreadPoolExecutor$Worker.run(ThreadPoolExecutor.java:587)

W/System.err( 6355): 	at java.lang.Thread.run(Thread.java:841)

E/cutils  (  126): Failed to mkdirat(/storage/sdcard1/Android): Read-only file system

I/android_hardware_fm.cpp( 6691): ----Inside int register_android_hardware_fm_fmradio(JNIEnv*)----

I/android_hardware_fm.cpp( 6691): register_android_hardware_fm_fmradio, ret is 0

W/ContextImpl( 6355): Failed to ensure directory: /storage/sdcard1/Android/data/com.eg.android.AlipayGphoneRC/files/alipayDemo

W/System.err( 6355): java.lang.NullPointerException

W/System.err( 6355): 	at com.alipay.android.app.sys.DeviceInfo.<init>(Unknown Source)

W/System.err( 6355): 	at com.alipay.android.app.sys.DeviceInfo.a(Unknown Source)

W/System.err( 6355): 	at com.alipay.android.app.helper.MspConfig.a(Unknown Source)

W/System.err( 6355): 	at com.alipay.android.app.logic.decorator.RpcRequestDecorator.a(Unknown Source)

W/System.err( 6355): 	at com.alipay.android.app.assist.MspAssistUtil.r(Unknown Source)

W/System.err( 6355): 	at com.alipay.mobile.phonecashier.service.b.run(Unknown Source)

W/System.err( 6355): 	at java.util.concurrent.ThreadPoolExecutor.runWorker(ThreadPoolExecutor.java:1112)

W/System.err( 6355): 	at java.util.concurrent.ThreadPoolExecutor$Worker.run(ThreadPoolExecutor.java:587)

W/System.err( 6355): 	at java.lang.Thread.run(Thread.java:841)

E/cutils  (  126): Failed to mkdirat(/storage/sdcard1/Android): Read-only file system

W/ContextImpl( 6355): Failed to ensure directory: /storage/sdcard1/Android/data/com.eg.android.AlipayGphoneRC/files/alipayDemo

W/System.err( 6355): java.lang.NullPointerException

W/System.err( 6355): 	at com.alipay.android.app.helper.MspConfig.q(Unknown Source)

W/System.err( 6355): 	at com.alipay.android.app.helper.MspConfig.a(Unknown Source)

W/System.err( 6355): 	at com.alipay.android.app.logic.decorator.RpcRequestDecorator.a(Unknown Source)

W/System.err( 6355): 	at com.alipay.android.app.assist.MspAssistUtil.r(Unknown Source)

W/System.err( 6355): 	at com.alipay.mobile.phonecashier.service.b.run(Unknown Source)

W/System.err( 6355): 	at java.util.concurrent.ThreadPoolExecutor.runWorker(ThreadPoolExecutor.java:1112)

W/System.err( 6355): 	at java.util.concurrent.ThreadPoolExecutor$Worker.run(ThreadPoolExecutor.java:587)

W/System.err( 6355): 	at java.lang.Thread.run(Thread.java:841)

I/com.alipay.mobile.framework.service.ext.dbhelper.ClientDataBaseHelper( 6355): [LauncherApplication.Init]onCreate

I/TableUtils( 6355): [LauncherApplication.Init]creating table 'userinfo'

I/TableUtils( 6355): [LauncherApplication.Init]executed create table statement changed 0 rows: CREATE TABLE IF NOT EXISTS `userinfo` (`walletEdition` VARCHAR , `colorStr` VARCHAR , `customerType` VARCHAR , `extern_token` VARCHAR , `gestureAppearMode` VARCHAR , `gestureErrorNum` VARCHAR , `userName` VARCHAR , `gesturePwd` VARCHAR , `userId` VARCHAR , `gestureSkipStr` VARCHAR , `havanaId` VARCHAR , `userAvatar` VARCHAR , `isCertified` VARCHAR , `taobaoSid` VARCHAR , `sessionId` VARCHAR , `realNamed` VARCHAR , `loginTime` VARCHAR , `loginToken` VARCHAR , `logonId` VARCHAR , `memberGrade` VARCHAR , `mobileNumber` VARCHAR , `nick` VARCHAR , `realName` VARCHAR , `noPayPwd` SMALLINT , `isWirelessUser` SMALLINT , `isShowWalletEditionSwitch` SMALLINT , `isNewUser` SMALLINT , `isBindCard` SMALLINT , `gestureSkip` SMALLINT , `gestureOrbitHide` SMALLINT , `autoLogin` SMALLINT , PRIMARY KEY (`userId`) ) 

I/TableUtils( 6355): [LauncherApplication.Init]creating table 'deviceinfosecurity'

I/TableUtils( 6355): [LauncherApplication.Init]executed create table statement changed 0 rows: CREATE TABLE IF NOT EXISTS `deviceinfosecurity` (`walletTid` VARCHAR , `id` INTEGER PRIMARY KEY AUTOINCREMENT ) 

I/TableUtils( 6355): [LauncherApplication.Init]creating table 'securitylevel'

I/TableUtils( 6355): [LauncherApplication.Init]executed create table statement changed 0 rows: CREATE TABLE IF NOT EXISTS `securitylevel` (`refresh` SMALLINT , `logonId` VARCHAR , `level` VARCHAR , `id` INTEGER PRIMARY KEY AUTOINCREMENT , `mobileBinded` SMALLINT , `openedDigitalCert` SMALLINT , `openedDynamicPwd` SMALLINT , `openedMobileOtp` SMALLINT , `openedUKey` SMALLINT , `certified` SMALLINT , `score` INTEGER , `setSecurityQA` SMALLINT ) 

I/TableUtils( 6355): [LauncherApplication.Init]creating table 'taobaouserinfo'

I/TableUtils( 6355): [LauncherApplication.Init]executed create table statement changed 0 rows: CREATE TABLE IF NOT EXISTS `taobaouserinfo` (`userId` VARCHAR , `loginTime` VARCHAR , `taoBaoUserId` VARCHAR , `id` INTEGER PRIMARY KEY AUTOINCREMENT ,  UNIQUE (`taoBaoUserId`)) 

I/TableUtils( 6355): [LauncherApplication.Init]creating table 'hrdyutr'

I/TableUtils( 6355): [LauncherApplication.Init]executed create table statement changed 0 rows: CREATE TABLE IF NOT EXISTS `hrdyutr` (`data` VARCHAR , `udrtif` VARCHAR NOT NULL , PRIMARY KEY (`udrtif`) ) 

E/v_hwc   (  132): overlay_compose_check_ddr_freq: K3FB_OVC_CHECK_DDR_FREQ failed!

I/GestureConfigHelper( 6355): convenient GestureConfigHelper getAllConfigs end 

I/GestureConfigHelper( 6355): convenient GestureConfigHelper parseDBData begin

I/GestureConfigHelper( 6355): convenient GestureConfigHelper parseDBData cfgList is null or empty

I/GestureConfigHelper( 6355): convenient GestureConfigHelper getUsersConfig null

I/GestureConfigHelper( 6355): convenient GestureConfigHelper getUsersConfig end

I/GestureConfigImpl( 6355): convenient GestureConfigImpl  ug is null no dbData

I/GestureConfigDownloader( 6355): convenient GestureConfigDownloader getInstance 1

I/GestureConfigDownloader( 6355): convenient GestureConfigDownloader getInstance 2

I/GestureConfigDownloader( 6355): convenient GestureConfigDownloader getInstance 3

I/GestureConfigDownloader( 6355): convenient GestureConfigDownloader getInstance 4

I/GestureDataCenter( 6355): [LauncherApplication.Init]decrypt list

I/FrameworkPointCutManager( 6355): [LauncherApplication.Init]registerPointCutAdvice add:com.alipay.mobile.security.gesture.service.k@41d2a7e0@void com.alipay.mobile.core.impl.MicroApplicationContextImpl.doStartApp(String, String, Bundle)

I/BootLoader( 6355): loadBundle(bundleName=android-phone-businesscommon-accountauthbiz). cost:518 ms.

E/ConfigServiceImpl( 6355): [LauncherApplication.Init]can't find common json file

I/NFC/Strategy( 6355): [LauncherApplication.Init]nfc config false

I/BootLoader( 6355): loadBundle(bundleName=android-phone-businesscommon-nfc). cost:24 ms.

I/BootLoader( 6355): loadBundle(bundleName=android-phone-merchant-cityservice). cost:4 ms.

I/BootLoader( 6355): loadBundle(bundleName=android-phone-mobilecommon-dynamicrelease). cost:1 ms.

E/BootLoader.MetaInfo( 6355): [LauncherApplication.Init]java.lang.NullPointerException

E/BootLoader.MetaInfo( 6355): 	at com.alipay.mobile.core.init.impl.BundleLoadHelper.loadBundle(BundleLoadHelper.java:95)

E/BootLoader.MetaInfo( 6355): 	at com.alipay.mobile.core.init.impl.BundleLoadHelper.loadBundleDefinitions(BundleLoadHelper.java:81)

E/BootLoader.MetaInfo( 6355): 	at com.alipay.mobile.core.init.impl.BootLoaderImpl.load(BootLoaderImpl.java:80)

E/BootLoader.MetaInfo( 6355): 	at com.alipay.mobile.core.impl.MicroApplicationContextImpl.attachContext(MicroApplicationContextImpl.java:143)

E/BootLoader.MetaInfo( 6355): 	at com.alipay.mobile.framework.LauncherApplicationAgent.init(LauncherApplicationAgent.java:150)

E/BootLoader.MetaInfo( 6355): 	at java.lang.reflect.Method.invokeNative(Native Method)

E/BootLoader.MetaInfo( 6355): 	at java.lang.reflect.Method.invoke(Method.java:515)

E/BootLoader.MetaInfo( 6355): 	at com.alipay.mobile.quinox.LauncherApplication.access$100(Unknown Source)

E/BootLoader.MetaInfo( 6355): 	at com.alipay.mobile.quinox.e.run(Unknown Source)

E/BootLoader.MetaInfo( 6355): 	at android.os.Handler.handleCallback(Handler.java:733)

E/BootLoader.MetaInfo( 6355): 	at android.os.Handler.dispatchMessage(Handler.java:95)

E/BootLoader.MetaInfo( 6355): 	at android.os.Looper.loop(Looper.java:136)

E/BootLoader.MetaInfo( 6355): 	at android.os.HandlerThread.run(HandlerThread.java:61)

I/BootLoader( 6355): loadBundle(bundleName=android-phone-bill-statement). cost:2 ms.

I/BootLoader( 6355): loadBundle(bundleName=android-phone-mobilecommon-tag). cost:1 ms.

I/BootLoader( 6355): loadBundle(bundleName=android-phone-rpc-mobilelbs). cost:0 ms.

I/BootLoader( 6355): loadBundle(bundleName=android-phone-rpc-logistics). cost:0 ms.

I/BootLoader( 6355): loadBundle(bundleName=android-phone-mobilecommon-falcon). cost:2 ms.

I/BootLoader( 6355): loadBundle(bundleName=android-phone-mobilecommon-aliuser). cost:0 ms.

I/BootLoader( 6355): loadBundle(bundleName=android-phone-mobilesdk-hotpatch). cost:0 ms.

I/BootLoader( 6355): loadBundle(bundleName=android-phone-scancode-scanexport). cost:0 ms.

I/BootLoader( 6355): loadBundle(bundleName=android-phone-rome-syncsdk). cost:0 ms.

I/BootLoader( 6355): loadBundle(bundleName=android-phone-rpc-mobilebill). cost:0 ms.

I/BootLoader( 6355): loadBundle(bundleName=android-phone-personalapp-mobileprod). cost:0 ms.

I/BootLoader( 6355): loadBundle(bundleName=android-phone-mobilesdk-transportext). cost:1 ms.

I/BootLoader( 6355): loadBundle(bundleName=android-phone-mobilesdk-mtop). cost:5 ms.

I/BootLoader( 6355): loadBundle(bundleName=android-phone-businesscommon-cityselect). cost:0 ms.

I/BootLoader( 6355): loadBundle(bundleName=android-phone-rpc-mobileapp). cost:0 ms.

I/com.alipay.android.phone.messageboxstatic.MetaInfo( 6355): [LauncherApplication.Init]app注册: AppName = com.alipay.android.phone.messageboxstatic.MsgboxStaticApp

I/com.alipay.android.phone.messageboxstatic.MetaInfo( 6355): [LauncherApplication.Init]开始注册sync监听消息: SyncInitTask = com.alipay.android.phone.messageboxstatic.biz.b.b

I/com.alipay.android.phone.messageboxstatic.MetaInfo( 6355): [LauncherApplication.Init]完成注册sync监听消息: SyncInitTask = com.alipay.android.phone.messageboxstatic.biz.b.b

I/com.alipay.android.phone.messageboxstatic.MetaInfo( 6355): [LauncherApplication.Init]完成注册sync监听消息: SyncInitTask = com.alipay.android.phone.messageboxstatic.biz.friends.a

I/com.alipay.android.phone.messageboxstatic.MetaInfo( 6355): [LauncherApplication.Init]完成注册push已读广播：pushReadReceiverDesp =  BroadcastReceiverDescription [mMsgCode=[com.alipay.mobile.push.CMD_CLICKED_20000236], mName=PushMsgBroadcastReceiver, mClassName=com.alipay.android.phone.messageboxstatic.biz.push.PushMsgBroadcastReceiver, mClassLoader=null]

I/BootLoader( 6355): loadBundle(bundleName=android-phone-messagebox-messageboxstatic). cost:16 ms.

I/BootLoader( 6355): loadBundle(bundleName=android-phone-rome-pushipp). cost:0 ms.

I/FrameworkPointCutManager( 6355): [LauncherApplication.Init]registerPointCutAdvice add:com.alipay.mobile.monitor.track.advice.FrameworkTrackAdvice@41af7578@void com.alipay.mobile.core.impl.MicroApplicationContextImpl.doStartApp(String, String, Bundle)

I/FrameworkPointCutManager( 6355): [LauncherApplication.Init]registerPointCutAdvice add:com.alipay.mobile.monitor.track.advice.FrameworkTrackAdvice@41af7578@void com.alipay.mobile.framework.app.ui.BaseActivity.onResume()

I/FrameworkPointCutManager( 6355): [LauncherApplication.Init]registerPointCutAdvice add:com.alipay.mobile.monitor.track.advice.FrameworkTrackAdvice@41af7578@void com.alipay.mobile.framework.app.ui.BaseFragmentActivity.onResume()

I/FrameworkPointCutManager( 6355): [LauncherApplication.Init]registerPointCutAdvice put:com.alipay.mobile.monitor.track.advice.FrameworkTrackAdvice@41af7578@void com.alipay.mobile.framework.app.ui.BaseActivity.onPause()

I/FrameworkPointCutManager( 6355): [LauncherApplication.Init]registerPointCutAdvice put:com.alipay.mobile.monitor.track.advice.FrameworkTrackAdvice@41af7578@void com.alipay.mobile.framework.app.ui.BaseFragmentActivity.onPause()

I/FrameworkPointCutManager( 6355): [LauncherApplication.Init]registerPointCutAdvice put:com.alipay.mobile.monitor.track.advice.FrameworkTrackAdvice@41af7578@void com.alipay.mobile.framework.app.ui.BaseActivity.onBackPressed()

I/FrameworkPointCutManager( 6355): [LauncherApplication.Init]registerPointCutAdvice put:com.alipay.mobile.monitor.track.advice.FrameworkTrackAdvice@41af7578@void com.alipay.mobile.framework.app.ui.BaseFragmentActivity.onBackPressed()

I/FrameworkPointCutManager( 6355): [LauncherApplication.Init]registerPointCutAdvice add:com.alipay.mobile.monitor.track.advice.FrameworkTrackAdvice@41af7578@void com.alipay.mobile.framework.app.ui.BaseActivity.finish()

I/FrameworkPointCutManager( 6355): [LauncherApplication.Init]registerPointCutAdvice add:com.alipay.mobile.monitor.track.advice.FrameworkTrackAdvice@41af7578@void com.alipay.mobile.framework.app.ui.BaseFragmentActivity.finish()

I/BootLoader( 6355): loadBundle(bundleName=android-phone-mobilesdk-monitor). cost:4 ms.

I/BootLoader( 6355): loadBundle(bundleName=android-phone-personalapp-transferprod). cost:0 ms.

I/BootLoader( 6355): loadBundle(bundleName=android-phone-nfd-abeacon). cost:3 ms.

I/BootLoader( 6355): loadBundle(bundleName=android-phone-rpc-alipassprod). cost:0 ms.

I/BootLoader( 6355): loadBundle(bundleName=android-phone-rpc-securitycore). cost:1 ms.

I/BootLoader( 6355): loadBundle(bundleName=android-phone-personalapp-mobilerelation). cost:0 ms.

I/BootLoader( 6355): loadBundle(bundleName=android-phone-discovery-o2ohome). cost:1 ms.

I/BootLoader( 6355): loadBundle(bundleName=android-phone-businesscommon-beehive). cost:42 ms.

E/ExternalServiceManager( 6355): [LauncherApplication.Init][com.alipay.mobile.framework.service.ext.announcement.AnnouncementService] is not regiested.

I/FrameworkPointCutManager( 6355): [LauncherApplication.Init]registerPointCutAdvice add:com.alipay.android.phone.businesscommon.announcement.trigger.AnnoucementAdvice@41b7b590@void com.alipay.mobile.framework.app.ui.BaseActivity.onResume()

I/FrameworkPointCutManager( 6355): [LauncherApplication.Init]registerPointCutAdvice add:com.alipay.android.phone.businesscommon.announcement.trigger.AnnoucementAdvice@41b7b590@void com.alipay.mobile.framework.app.ui.BaseFragmentActivity.onResume()

I/BootLoader( 6355): loadBundle(bundleName=android-phone-businesscommon-announcement). cost:22 ms.

I/BootLoader( 6355): loadBundle(bundleName=android-phone-personalapp-mobilechat). cost:0 ms.

I/BootLoader( 6355): loadBundle(bundleName=android-phone-mobilecommon-multimedia). cost:0 ms.

E/ExternalServiceManager( 6355): [LauncherApplication.Init][com.alipay.android.phone.businesscommon.advertisement.AdvertisementService] is not regiested.

I/FrameworkPointCutManager( 6355): [LauncherApplication.Init]registerPointCutAdvice add:com.alipay.android.phone.businesscommon.advertisement.trigger.b@41b22b98@void com.alipay.mobile.framework.app.ui.BaseActivity.onResume()

I/FrameworkPointCutManager( 6355): [LauncherApplication.Init]registerPointCutAdvice add:com.alipay.android.phone.businesscommon.advertisement.trigger.b@41b22b98@void com.alipay.mobile.framework.app.ui.BaseFragmentActivity.onResume()

I/BootLoader( 6355): loadBundle(bundleName=android-phone-businesscommon-advertisement). cost:25 ms.

I/BootLoader( 6355): loadBundle(bundleName=android-phone-rome-pushsdk). cost:0 ms.

I/BootLoader( 6355): loadBundle(bundleName=android-phone-rpc-livetradeprod). cost:0 ms.

I/BootLoader( 6355): loadBundle(bundleName=android-phone-businesscommon-commandcenter). cost:33 ms.

I/BootLoader( 6355): loadBundle(bundleName=android-phone-mobilecommon-imageworker). cost:0 ms.

I/BootLoader( 6355): loadBundle(bundleName=android-phone-personalapp-aggrbillinfo). cost:0 ms.

I/BootLoader( 6355): loadBundle(bundleName=android-phone-rpc-mobileinno). cost:0 ms.

I/chatsdk_MetaInfo( 6355): [LauncherApplication.Init]MetaInfo: 

I/chatsdk_MetaInfo( 6355): [LauncherApplication.Init]registerChatService: [ MetaInfo ] 

I/chatsdk_MetaInfo( 6355): [LauncherApplication.Init]PublicPlatformService: [ MetaInfo ] 

I/chatsdk_MetaInfo( 6355): [LauncherApplication.Init]registerLogInOutBroadcast: [ MetaInfo ] 

I/chatsdk_MetaInfo( 6355): [LauncherApplication.Init]on reighser tab_launcher_activated pipeline  

I/BootLoader( 6355): loadBundle(bundleName=android-phone-publicplatform-synccenter). cost:7 ms.

I/BootLoader( 6355): loadBundle(bundleName=android-phone-rpc-kabaoprod). cost:0 ms.

I/BootLoader( 6355): loadBundle(bundleName=android-phone-mobilesdk-storage). cost:0 ms.

I/BootLoader( 6355): loadBundle(bundleName=android-phone-rpc-mobile). cost:0 ms.

I/BootLoader( 6355): loadBundle(bundleName=android-phone-mobilecommon-ui). cost:0 ms.

I/BootLoader( 6355): loadBundle(bundleName=android-phone-rpc-cif). cost:0 ms.

I/BootLoader( 6355): loadBundle(bundleName=android-phone-mobilesdk-commonservice). cost:1 ms.

I/BootLoader( 6355): loadBundle(bundleName=android-phone-wealth-mobilewealth). cost:0 ms.

I/BootLoader( 6355): loadBundle(bundleName=android-phone-discovery-discoverycommon). cost:0 ms.

I/BootLoader( 6355): loadBundle(bundleName=android-phone-rpc-barcodeprod). cost:0 ms.

I/BootLoader( 6355): loadBundle(bundleName=android-phone-securityapp-mobilesecurity). cost:0 ms.

I/BootLoader( 6355): loadBundle(bundleName=android-phone-personalapp-socialpayee). cost:7 ms.

I/BootLoader( 6355): loadBundle(bundleName=android-phone-mobilesdk-rpc). cost:0 ms.

I/BootLoader( 6355): loadBundle(bundleName=android-phone-mobilecommon-badge). cost:0 ms.

I/BootLoader( 6355): loadBundle(bundleName=android-phone-rpc-mobilediscovery). cost:0 ms.

I/BootLoader( 6355): loadBundle(bundleName=android-phone-nfd-nfdservice). cost:0 ms.

I/BootLoader( 6355): loadBundle(bundleName=android-phone-rpc-mobilegw). cost:0 ms.

I/BootLoader( 6355): loadBundle(bundleName=android-phone-mobilesdk-logging). cost:0 ms.

E/Pipeline( 6355): [LauncherApplication.Init]PIPELINE_FRAMEWORK_INITED : start

W/MicroAppContextImpl( 6355): [LauncherApplication.Init]Boot finish (in framework).

W/AsyncTaskExecutor( 6355): [AsyncTaskExecutor_Thread_2_PipeLineRunnable_13_com.alipay.mobile.appstoreapp.receiver.FrameworkInitRunnable] cost 1 ms

W/AsyncTaskExecutor( 6355): [AsyncTaskExecutor_Thread_3_PipeLineRunnable_9_com.alipay.mobile.base.poweroptimize.FrameworkInitTask] cost 1 ms

I/LauncherApplication( 6355): [LauncherApplication.Init]Boot finish (in quinox), now go to notify the observers.

I/AlipayPush_j( 6355): [AsyncTaskExecutor_Thread_2_PipeLineRunnable_15_pushservice_FrameworkStarted]isPreInstallbyMITT flagPreInstall=false

I/AlipayPush_j( 6355): [AsyncTaskExecutor_Thread_2_PipeLineRunnable_15_pushservice_FrameworkStarted]isPreInstallbyMITT flagPreInstall=false

I/AlipayPush_PushSettingServiceImpl( 6355): [AsyncTaskExecutor_Thread_2_PipeLineRunnable_15_pushservice_FrameworkStarted]getPushState() PushSwitch=true

I/AlipayPush_a( 6355): [AsyncTaskExecutor_Thread_2_PipeLineRunnable_15_pushservice_FrameworkStarted]handleCfgPreInstall get PushState=true

I/AlipayPush_a( 6355): [AsyncTaskExecutor_Thread_2_PipeLineRunnable_15_pushservice_FrameworkStarted]handleInitEvent: utdid: U9tEwhsodlUDALyrg3bvWa40, clientId=150625134316472|861022000399842, channel=alipay, version=9.0.0.060213

I/AlipayPush_a( 6355): [AsyncTaskExecutor_Thread_2_PipeLineRunnable_15_pushservice_FrameworkStarted]handleInitEvent: FRAMEWORK_CLIENT_STARTED startPush! 

W/AsyncTaskExecutor( 6355): [AsyncTaskExecutor_Thread_2_PipeLineRunnable_15_pushservice_FrameworkStarted] cost 36 ms

I/Advertisement( 6355): [AsyncTaskExecutor_Thread_3_PipeLineRunnable_25_AdvertisementPipeTask]注册回调：com.alipay.mobile.rome.syncservice.service.LongLinkSyncServiceImpl@41b57400

I/sync_service_LongLinkSyncServiceImpl( 6355): [AsyncTaskExecutor_Thread_3_PipeLineRunnable_25_AdvertisementPipeTask]registerBizCallback:  [ biz=CDP-USER ] [ callback=com.alipay.android.phone.businesscommon.advertisement.d.a@41d10730 ]

W/SystemUtil( 6355): java.lang.NoSuchMethodException: clearApplicationUserData [class java.lang.String, interface com.abq.qba.a.a]

W/SystemUtil( 6355): 	at java.lang.Class.getConstructorOrMethod(Class.java:472)

W/SystemUtil( 6355): 	at java.lang.Class.getMethod(Class.java:857)

W/SystemUtil( 6355): 	at com.alipay.mobile.quinox.utils.SystemUtil.clearApplicationUserData(Unknown Source)

W/SystemUtil( 6355): 	at com.alipay.mobile.quinox.startup.StartupSafeguard.a(Unknown Source)

W/SystemUtil( 6355): 	at com.alipay.mobile.quinox.startup.StartupSafeguard.handlePendingOnStartup(Unknown Source)

