I/FrameworkPointCutManager( 6983): [LauncherApplication.Init]registerPointCutAdvice put:com.alipay.mobile.aspect.advice.ActivityPerformanceAdvice@41ca9b68@void com.alipay.mobile.framework.app.ui.BaseActivity.onWindowFocusChanged(boolean)

I/FrameworkPointCutManager( 6983): [LauncherApplication.Init]registerPointCutAdvice put:com.alipay.mobile.aspect.advice.ActivityPerformanceAdvice@41ca9b68@void com.alipay.mobile.framework.app.ui.BaseFragmentActivity.onWindowFocusChanged(boolean)

I/FrameworkPointCutManager( 6983): [LauncherApplication.Init]registerPointCutAdvice add:com.alipay.mobile.aspect.advice.TitleBarAdvice@41bbf3c8@void com.alipay.mobile.framework.app.ui.BaseActivity.onCreate(Bundle)

I/FrameworkPointCutManager( 6983): [LauncherApplication.Init]registerPointCutAdvice add:com.alipay.mobile.aspect.advice.TitleBarAdvice@41bbf3c8@void com.alipay.mobile.framework.app.ui.BaseFragmentActivity.onCreate(Bundle)

I/FrameworkPointCutManager( 6983): [LauncherApplication.Init]registerPointCutAdvice put:com.alipay.mobile.aspect.advice.TitleBarAdvice@41bbf3c8@void com.alipay.mobile.framework.app.ui.BaseActivity.onResume()

I/FrameworkPointCutManager( 6983): [LauncherApplication.Init]registerPointCutAdvice put:com.alipay.mobile.aspect.advice.TitleBarAdvice@41bbf3c8@void com.alipay.mobile.framework.app.ui.BaseFragmentActivity.onResume()

I/FrameworkPointCutManager( 6983): [LauncherApplication.Init]registerPointCutAdvice add:com.alipay.mobile.aspect.advice.UploadLocationAdvice@41bc5900@void com.alipay.mobile.framework.app.ui.BaseActivity.onCreate(Bundle)

I/FrameworkPointCutManager( 6983): [LauncherApplication.Init]registerPointCutAdvice add:com.alipay.mobile.aspect.advice.UploadLocationAdvice@41bc5900@void com.alipay.mobile.framework.app.ui.BaseFragmentActivity.onCreate(Bundle)

W/DiskCacheServiceImpl( 6983): DiskCacheServiceImpl

W/DiskCacheServiceImpl( 6983): path = /storage/emulated/0/com.eg.android.AlipayGphoneRC/cache

W/DiskCacheServiceImpl( 6983): resPath = /storage/emulated/0/com.eg.android.AlipayGphoneRC/res

W/DiskCacheServiceImpl( 6983): parent = /storage/emulated/0/com.eg.android.AlipayGphoneRC

I/DiskCacheServiceImpl( 6983): alipay = /storage/emulated/0/alipay

I/CertVerifier( 6983): ZIP comment found at buffer position 7936 with len=256, good!

E/ExternalServiceManager( 6983): [LauncherApplication.Init][com.alipay.mobile.common.promotion.intercept.IPromotionInterceptorManager] is not regiested.

I/FrameworkPointCutManager( 6983): [LauncherApplication.Init]registerPointCutAdvice add:com.alipay.mobile.common.promotion.intercept.PromotionActivityAdvice@41e45bc0@void com.alipay.mobile.framework.app.ui.BaseActivity.onCreate(Bundle)

I/FrameworkPointCutManager( 6983): [LauncherApplication.Init]registerPointCutAdvice add:com.alipay.mobile.common.promotion.intercept.PromotionActivityAdvice@41e45bc0@void com.alipay.mobile.framework.app.ui.BaseFragmentActivity.onCreate(Bundle)

I/FrameworkPointCutManager( 6983): [LauncherApplication.Init]registerPointCutAdvice put:com.alipay.mobile.common.promotion.intercept.PromotionStartAppAdvice@41e49388@void com.alipay.mobile.core.impl.MicroApplicationContextImpl.doStartApp(String, String, Bundle)

I/FrameworkPointCutManager( 6983): [LauncherApplication.Init]registerPointCutAdvice put:com.alipay.mobile.common.promotion.intercept.PromotionStartAppAdvice@41e49388@void com.alipay.mobile.core.impl.MicroApplicationContextImpl.finishApp(String, String, Bundle)

I/FrameworkPointCutManager( 6983): [LauncherApplication.Init]registerPointCutAdvice put:com.alipay.mobile.common.promotion.intercept.PromotionStartActivityAdvice@41e4ce10@void com.alipay.mobile.framework.app.ui.BaseActivity.startActivityForResult(Intent, int)

I/FrameworkPointCutManager( 6983): [LauncherApplication.Init]registerPointCutAdvice put:com.alipay.mobile.common.promotion.intercept.PromotionStartActivityAdvice@41e4ce10@void com.alipay.mobile.framework.app.ui.BaseFragmentActivity.startActivityForResult(Intent, int)

I/FrameworkPointCutManager( 6983): [LauncherApplication.Init]registerPointCutAdvice put:com.alipay.mobile.common.promotion.intercept.PromotionStartActivityAdvice@41e4ce10@void com.alipay.mobile.framework.app.ui.BaseActivity.finish()

I/FrameworkPointCutManager( 6983): [LauncherApplication.Init]registerPointCutAdvice put:com.alipay.mobile.common.promotion.intercept.PromotionStartActivityAdvice@41e4ce10@void com.alipay.mobile.framework.app.ui.BaseFragmentActivity.finish()

I/FrameworkPointCutManager( 6983): [LauncherApplication.Init]registerPointCutAdvice put:com.alipay.mobile.common.promotion.intercept.PromotionStartActivityAdvice@41e4ce10@void com.alipay.mobile.core.impl.MicroApplicationContextImpl.startActivity(MicroApplication, String)

I/FrameworkPointCutManager( 6983): [LauncherApplication.Init]registerPointCutAdvice put:com.alipay.mobile.common.promotion.intercept.PromotionStartActivityAdvice@41e4ce10@void com.alipay.mobile.core.impl.MicroApplicationContextImpl.startActivity(MicroApplication, Intent)

I/FrameworkPointCutManager( 6983): [LauncherApplication.Init]registerPointCutAdvice put:com.alipay.mobile.common.promotion.intercept.PromotionStartActivityAdvice@41e4ce10@void com.alipay.mobile.core.impl.MicroApplicationContextImpl.startActivityForResult(MicroApplication, String, int)

I/FrameworkPointCutManager( 6983): [LauncherApplication.Init]registerPointCutAdvice put:com.alipay.mobile.common.promotion.intercept.PromotionStartActivityAdvice@41e4ce10@void com.alipay.mobile.core.impl.MicroApplicationContextImpl.startActivityForResult(MicroApplication, Intent, int)

I/FrameworkPointCutManager( 6983): [LauncherApplication.Init]registerPointCutAdvice put:com.alipay.mobile.common.promotion.intercept.PromotionStartActivityAdvice@41e4ce10@void com.alipay.mobile.core.impl.MicroApplicationContextImpl.startExtActivity(MicroApplication, Intent)

I/FrameworkPointCutManager( 6983): [LauncherApplication.Init]registerPointCutAdvice put:com.alipay.mobile.common.promotion.intercept.PromotionStartActivityAdvice@41e4ce10@void com.alipay.mobile.core.impl.MicroApplicationContextImpl.startExtActivityForResult(MicroApplication, Intent, int)

I/BootLoader( 6983): loadBundle(bundleName=android-phone-mobilesdk-thirdpartylite). cost:0 ms.

I/BootLoader( 6983): loadBundle(bundleName=android-phone-mobilesdk-thirdparty). cost:0 ms.

I/BootLoader( 6983): loadBundle(bundleName=android-phone-mobilesdk-framework). cost:0 ms.

I/BootLoader( 6983): loadBundle(bundleName=android-phone-mobilesdk-aspect). cost:1 ms.

I/BootLoader( 6983): loadBundle(bundleName=android-phone-mobilesdk-thirdpartyext). cost:0 ms.

I/BootLoader( 6983): loadBundle(bundleName=android-phone-mobilesdk-common). cost:0 ms.

I/BootLoader( 6983): loadBundle(bundleName=android-phone-mobilesdk-commonbizservice). cost:4 ms.

I/BootLoader( 6983): loadBundle(bundleName=android-phone-businesscommon-accountauth). cost:0 ms.

I/BootLoader( 6983): loadBundle(bundleName=android-phone-thirdparty-weibosdk). cost:0 ms.

I/CertVerifier( 6983): ZIP comment found at buffer position 7936 with len=256, good!

I/CertVerifier( 6983): ZIP comment found at buffer position 7936 with len=256, good!

I/BootLoader( 6983): loadBundle(bundleName=android-phone-businesscommon-templatemanager). cost:60 ms.

I/CertVerifier( 6983): ZIP comment found at buffer position 7936 with len=256, good!

I/BootLoader( 6983): loadBundle(bundleName=android-phone-bill-home). cost:6 ms.

I/BootLoader( 6983): loadBundle(bundleName=android-phone-personalapp-socialwidget). cost:0 ms.

I/BootLoader( 6983): loadBundle(bundleName=android-phone-wealth-home). cost:10 ms.

I/BootLoader( 6983): loadBundle(bundleName=android-phone-openplatform-common). cost:0 ms.

I/sync_service_LongLinkSyncServiceImpl( 6983): [LauncherApplication.Init]onCreate: 

I/sync_service_LongLinkScreenOffService( 6983): [LauncherApplication.Init]onCreate: [ LongLinkScreenOffService ] 

I/BootLoader( 6983): loadBundle(bundleName=android-phone-rome-syncservice). cost:11 ms.

I/dalvikvm( 6983): Total arena pages for JIT: 18

I/BootLoader( 6983): loadBundle(bundleName=android-phone-businesscommon-commonbiz). cost:4 ms.

I/BootLoader( 6983): loadBundle(bundleName=android-phone-businesscommon-h5plugins). cost:1 ms.

I/BootLoader( 6983): loadBundle(bundleName=android-phone-thirdparty-procguard). cost:0 ms.

I/CertVerifier( 6983): ZIP comment found at buffer position 7936 with len=256, good!

I/BootLoader( 6983): loadBundle(bundleName=android-phone-businesscommon-tablauncher). cost:30 ms.

E/AppManageServiceImpl( 6983): [LauncherApplication.Init]initOpenPlatformPreFlag

E/StubController( 6983): service = null

I/CertVerifier( 6983): ZIP comment found at buffer position 7936 with len=256, good!

I/BootLoader( 6983): loadBundle(bundleName=android-phone-openplatform-openplatform). cost:108 ms.

I/BootLoader( 6983): loadBundle(bundleName=android-phone-openplatform-home). cost:5 ms.

I/AlipayPush_PushSettingServiceImpl( 6983): [LauncherApplication.Init]onCreate Enter...

I/AlipayPush_PushSettingServiceImpl( 6983): [Thread-450]onCreate postDelayed ipp.

I/CertVerifier( 6983): ZIP comment found at buffer position 7936 with len=256, good!

I/BootLoader( 6983): loadBundle(bundleName=android-phone-rome-pushservice). cost:13 ms.

I/CertVerifier( 6983): ZIP comment found at buffer position 7936 with len=256, good!

I/BootLoader( 6983): loadBundle(bundleName=android-phone-securityapp-clientsecurity). cost:123 ms.

I/BootLoader( 6983): loadBundle(bundleName=android-phone-nfd-wifisdk). cost:2 ms.

I/CertVerifier( 6983): ZIP comment found at buffer position 7936 with len=256, good!

I/BootLoader( 6983): loadBundle(bundleName=android-phone-discovery-discoverywidget). cost:9 ms.

I/BootLoader( 6983): loadBundle(bundleName=android-phone-businesscommon-prefrence). cost:0 ms.

I/BootLoader( 6983): loadBundle(bundleName=android-phone-businesscommon-phonecashier). cost:9 ms.

I/BootLoader( 6983): loadBundle(bundleName=android-phone-wealth-common). cost:0 ms.

I/BootLoader( 6983): loadBundle(bundleName=android-phone-mobilecommon-map). cost:28 ms.

I/FrameworkPointCutManager( 6983): [pool-1-thread-1]registerPointCutAdvice add:com.alipay.android.app.template.DynamicTemplateServiceImpl$2@41caa558@void com.alipay.mobile.framework.app.ui.BaseFragmentActivity.finish()

I/FrameworkPointCutManager( 6983): [pool-1-thread-1]registerPointCutAdvice add:com.alipay.android.app.template.DynamicTemplateServiceImpl$2@41caa558@void com.alipay.mobile.framework.app.ui.BaseActivity.finish()

E/StubController(  791): service = null

E/cutils  (  126): Failed to mkdirat(/storage/sdcard1/Android): Read-only file system

W/ContextImpl( 6983): Failed to ensure directory: /storage/sdcard1/Android/data/com.eg.android.AlipayGphoneRC/cache

I/CertVerifier( 6983): ZIP comment found at buffer position 7936 with len=256, good!

W/DiskCache( 6983): [pool-1-thread-1]DiskCache has inited

E/MspPayApp( 6983): phonecashier helper thread wait

E/cutils  (  126): Failed to mkdirat(/storage/sdcard1/Android): Read-only file system

W/ContextImpl( 6983): Failed to ensure directory: /storage/sdcard1/Android/data/com.eg.android.AlipayGphoneRC/files/alipayDemo

I/GestureServiceImpl( 6983): [LauncherApplication.Init]oncreate configService is not null

I/GestureConfigImpl( 6983): convenient GestureConfigImpl onCreate

I/GestureConfigHelper( 6983): convenient GestureConfigHelper getUsersConfig begin

I/GestureConfigHelper( 6983): convenient GestureConfigHelper getAllConfigs begin

W/msp     ( 6983): getbirdParams:87msms

W/msp     ( 6983): get tid time:2msms

W/System.err( 6983): java.lang.NullPointerException

W/System.err( 6983): 	at com.alipay.android.app.sys.DeviceInfo.<init>(Unknown Source)

W/System.err( 6983): 	at com.alipay.android.app.sys.DeviceInfo.a(Unknown Source)

W/System.err( 6983): 	at com.alipay.android.app.helper.MspConfig.a(Unknown Source)

W/System.err( 6983): 	at com.alipay.android.app.logic.decorator.RpcRequestDecorator.a(Unknown Source)

W/System.err( 6983): 	at com.alipay.android.app.assist.MspAssistUtil.r(Unknown Source)

W/System.err( 6983): 	at com.alipay.mobile.phonecashier.service.b.run(Unknown Source)

W/System.err( 6983): 	at java.util.concurrent.ThreadPoolExecutor.runWorker(ThreadPoolExecutor.java:1112)

W/System.err( 6983): 	at java.util.concurrent.ThreadPoolExecutor$Worker.run(ThreadPoolExecutor.java:587)

W/System.err( 6983): 	at java.lang.Thread.run(Thread.java:841)

E/cutils  (  126): Failed to mkdirat(/storage/sdcard1/Android): Read-only file system

W/ContextImpl( 6983): Failed to ensure directory: /storage/sdcard1/Android/data/com.eg.android.AlipayGphoneRC/files/alipayDemo

W/System.err( 6983): java.lang.NullPointerException

W/System.err( 6983): 	at com.alipay.android.app.sys.DeviceInfo.<init>(Unknown Source)

W/System.err( 6983): 	at com.alipay.android.app.sys.DeviceInfo.a(Unknown Source)

W/System.err( 6983): 	at com.alipay.android.app.helper.MspConfig.a(Unknown Source)

W/System.err( 6983): 	at com.alipay.android.app.logic.decorator.RpcRequestDecorator.a(Unknown Source)

W/System.err( 6983): 	at com.alipay.android.app.assist.MspAssistUtil.r(Unknown Source)

W/System.err( 6983): 	at com.alipay.mobile.phonecashier.service.b.run(Unknown Source)

W/System.err( 6983): 	at java.util.concurrent.ThreadPoolExecutor.runWorker(ThreadPoolExecutor.java:1112)

W/System.err( 6983): 	at java.util.concurrent.ThreadPoolExecutor$Worker.run(ThreadPoolExecutor.java:587)

W/System.err( 6983): 	at java.lang.Thread.run(Thread.java:841)

E/cutils  (  126): Failed to mkdirat(/storage/sdcard1/Android): Read-only file system

W/ContextImpl( 6983): Failed to ensure directory: /storage/sdcard1/Android/data/com.eg.android.AlipayGphoneRC/files/alipayDemo

W/System.err( 6983): java.lang.NullPointerException

W/System.err( 6983): 	at com.alipay.android.app.sys.DeviceInfo.<init>(Unknown Source)

W/System.err( 6983): 	at com.alipay.android.app.sys.DeviceInfo.a(Unknown Source)

W/System.err( 6983): 	at com.alipay.android.app.helper.MspConfig.a(Unknown Source)

W/System.err( 6983): 	at com.alipay.android.app.logic.decorator.RpcRequestDecorator.a(Unknown Source)

W/System.err( 6983): 	at com.alipay.android.app.assist.MspAssistUtil.r(Unknown Source)

W/System.err( 6983): 	at com.alipay.mobile.phonecashier.service.b.run(Unknown Source)

W/System.err( 6983): 	at java.util.concurrent.ThreadPoolExecutor.runWorker(ThreadPoolExecutor.java:1112)

W/System.err( 6983): 	at java.util.concurrent.ThreadPoolExecutor$Worker.run(ThreadPoolExecutor.java:587)

W/System.err( 6983): 	at java.lang.Thread.run(Thread.java:841)

E/cutils  (  126): Failed to mkdirat(/storage/sdcard1/Android): Read-only file system

I/dalvikvm-heap( 6983): Grow heap (frag case) to 4.939MB for 63504-byte allocation

W/ContextImpl( 6983): Failed to ensure directory: /storage/sdcard1/Android/data/com.eg.android.AlipayGphoneRC/files/alipayDemo

I/dalvikvm-heap( 6983): Grow heap (frag case) to 4.955MB for 52414-byte allocation

W/System.err( 6983): java.lang.NullPointerException

W/System.err( 6983): 	at com.alipay.android.app.helper.MspConfig.q(Unknown Source)

W/System.err( 6983): 	at com.alipay.android.app.helper.MspConfig.a(Unknown Source)

W/System.err( 6983): 	at com.alipay.android.app.logic.decorator.RpcRequestDecorator.a(Unknown Source)

W/System.err( 6983): 	at com.alipay.android.app.assist.MspAssistUtil.r(Unknown Source)

W/System.err( 6983): 	at com.alipay.mobile.phonecashier.service.b.run(Unknown Source)

W/System.err( 6983): 	at java.util.concurrent.ThreadPoolExecutor.runWorker(ThreadPoolExecutor.java:1112)

W/System.err( 6983): 	at java.util.concurrent.ThreadPoolExecutor$Worker.run(ThreadPoolExecutor.java:587)

W/System.err( 6983): 	at java.lang.Thread.run(Thread.java:841)

I/dalvikvm-heap( 6983): Grow heap (frag case) to 5.009MB for 52353-byte allocation

I/dalvikvm-heap( 6983): Grow heap (frag case) to 5.060MB for 52353-byte allocation

I/com.alipay.mobile.framework.service.ext.dbhelper.ClientDataBaseHelper( 6983): [LauncherApplication.Init]onCreate

I/TableUtils( 6983): [LauncherApplication.Init]creating table 'userinfo'

I/TableUtils( 6983): [LauncherApplication.Init]executed create table statement changed 0 rows: CREATE TABLE IF NOT EXISTS `userinfo` (`walletEdition` VARCHAR , `colorStr` VARCHAR , `customerType` VARCHAR , `extern_token` VARCHAR , `gestureAppearMode` VARCHAR , `gestureErrorNum` VARCHAR , `userName` VARCHAR , `gesturePwd` VARCHAR , `userId` VARCHAR , `gestureSkipStr` VARCHAR , `havanaId` VARCHAR , `userAvatar` VARCHAR , `isCertified` VARCHAR , `taobaoSid` VARCHAR , `sessionId` VARCHAR , `realNamed` VARCHAR , `loginTime` VARCHAR , `loginToken` VARCHAR , `logonId` VARCHAR , `memberGrade` VARCHAR , `mobileNumber` VARCHAR , `nick` VARCHAR , `realName` VARCHAR , `noPayPwd` SMALLINT , `isWirelessUser` SMALLINT , `isShowWalletEditionSwitch` SMALLINT , `isNewUser` SMALLINT , `isBindCard` SMALLINT , `gestureSkip` SMALLINT , `gestureOrbitHide` SMALLINT , `autoLogin` SMALLINT , PRIMARY KEY (`userId`) ) 

I/TableUtils( 6983): [LauncherApplication.Init]creating table 'deviceinfosecurity'

I/TableUtils( 6983): [LauncherApplication.Init]executed create table statement changed 0 rows: CREATE TABLE IF NOT EXISTS `deviceinfosecurity` (`walletTid` VARCHAR , `id` INTEGER PRIMARY KEY AUTOINCREMENT ) 

I/TableUtils( 6983): [LauncherApplication.Init]creating table 'securitylevel'

I/TableUtils( 6983): [LauncherApplication.Init]executed create table statement changed 0 rows: CREATE TABLE IF NOT EXISTS `securitylevel` (`refresh` SMALLINT , `logonId` VARCHAR , `level` VARCHAR , `id` INTEGER PRIMARY KEY AUTOINCREMENT , `mobileBinded` SMALLINT , `openedDigitalCert` SMALLINT , `openedDynamicPwd` SMALLINT , `openedMobileOtp` SMALLINT , `openedUKey` SMALLINT , `certified` SMALLINT , `score` INTEGER , `setSecurityQA` SMALLINT ) 

I/TableUtils( 6983): [LauncherApplication.Init]creating table 'taobaouserinfo'

I/TableUtils( 6983): [LauncherApplication.Init]executed create table statement changed 0 rows: CREATE TABLE IF NOT EXISTS `taobaouserinfo` (`userId` VARCHAR , `loginTime` VARCHAR , `taoBaoUserId` VARCHAR , `id` INTEGER PRIMARY KEY AUTOINCREMENT ,  UNIQUE (`taoBaoUserId`)) 

I/CertVerifier( 6983): ZIP comment found at buffer position 7936 with len=256, good!

I/TableUtils( 6983): [LauncherApplication.Init]creating table 'hrdyutr'

I/TableUtils( 6983): [LauncherApplication.Init]executed create table statement changed 0 rows: CREATE TABLE IF NOT EXISTS `hrdyutr` (`data` VARCHAR , `udrtif` VARCHAR NOT NULL , PRIMARY KEY (`udrtif`) ) 

E/PGPSDownloader.SocketServer( 3181): java.io.IOException: Connection refused

I/CertVerifier( 6983): ZIP comment found at buffer position 7936 with len=256, good!

I/CertVerifier( 6983): ZIP comment found at buffer position 7936 with len=256, good!

I/CertVerifier( 6983): ZIP comment found at buffer position 7936 with len=256, good!

I/CertVerifier( 6983): ZIP comment found at buffer position 7936 with len=256, good!

I/CertVerifier( 6983): ZIP comment found at buffer position 7936 with len=256, good!

I/CertVerifier( 6983): ZIP comment found at buffer position 7936 with len=256, good!

I/CertVerifier( 6983): ZIP comment found at buffer position 7936 with len=256, good!

I/CertVerifier( 6983): ZIP comment found at buffer position 7936 with len=256, good!

I/CertVerifier( 6983): ZIP comment found at buffer position 3662 with len=256, good!

I/CertVerifier( 6983): ZIP comment found at buffer position 4229 with len=256, good!

I/CertVerifier( 6983): ZIP comment found at buffer position 7936 with len=256, good!

I/CertVerifier( 6983): ZIP comment found at buffer position 7936 with len=256, good!

I/CertVerifier( 6983): ZIP comment found at buffer position 7936 with len=256, good!

I/CertVerifier( 6983): ZIP comment found at buffer position 7936 with len=256, good!

I/GestureConfigHelper( 6983): convenient GestureConfigHelper getAllConfigs end 

I/GestureConfigHelper( 6983): convenient GestureConfigHelper parseDBData begin

I/GestureConfigHelper( 6983): convenient GestureConfigHelper parseDBData cfgList is null or empty

I/GestureConfigHelper( 6983): convenient GestureConfigHelper getUsersConfig null

I/GestureConfigHelper( 6983): convenient GestureConfigHelper getUsersConfig end

I/GestureConfigImpl( 6983): convenient GestureConfigImpl  ug is null no dbData

I/CertVerifier( 6983): ZIP comment found at buffer position 7936 with len=256, good!

I/CertVerifier( 6983): ZIP comment found at buffer position 7936 with len=256, good!

I/GestureConfigDownloader( 6983): convenient GestureConfigDownloader getInstance 1

I/GestureConfigDownloader( 6983): convenient GestureConfigDownloader getInstance 2

I/GestureConfigDownloader( 6983): convenient GestureConfigDownloader getInstance 3

I/GestureConfigDownloader( 6983): convenient GestureConfigDownloader getInstance 4

I/GestureDataCenter( 6983): [LauncherApplication.Init]decrypt list

I/CertVerifier( 6983): ZIP comment found at buffer position 7936 with len=256, good!

I/FrameworkPointCutManager( 6983): [LauncherApplication.Init]registerPointCutAdvice add:com.alipay.mobile.security.gesture.service.k@41e430d0@void com.alipay.mobile.core.impl.MicroApplicationContextImpl.doStartApp(String, String, Bundle)

I/BootLoader( 6983): loadBundle(bundleName=android-phone-businesscommon-accountauthbiz). cost:1182 ms.

E/ConfigServiceImpl( 6983): [LauncherApplication.Init]can't find common json file

I/NFC/Strategy( 6983): [LauncherApplication.Init]nfc config false

I/BootLoader( 6983): loadBundle(bundleName=android-phone-businesscommon-nfc). cost:48 ms.

I/BootLoader( 6983): loadBundle(bundleName=android-phone-merchant-cityservice). cost:5 ms.

I/BootLoader( 6983): loadBundle(bundleName=android-phone-mobilecommon-dynamicrelease). cost:2 ms.

E/BootLoader.MetaInfo( 6983): [LauncherApplication.Init]java.lang.NullPointerException

E/BootLoader.MetaInfo( 6983): 	at com.alipay.mobile.core.init.impl.BundleLoadHelper.loadBundle(BundleLoadHelper.java:95)

E/BootLoader.MetaInfo( 6983): 	at com.alipay.mobile.core.init.impl.BundleLoadHelper.loadBundleDefinitions(BundleLoadHelper.java:81)

E/BootLoader.MetaInfo( 6983): 	at com.alipay.mobile.core.init.impl.BootLoaderImpl.load(BootLoaderImpl.java:80)

E/BootLoader.MetaInfo( 6983): 	at com.alipay.mobile.core.impl.MicroApplicationContextImpl.attachContext(MicroApplicationContextImpl.java:143)

E/BootLoader.MetaInfo( 6983): 	at com.alipay.mobile.framework.LauncherApplicationAgent.init(LauncherApplicationAgent.java:150)

E/BootLoader.MetaInfo( 6983): 	at java.lang.reflect.Method.invokeNative(Native Method)

E/BootLoader.MetaInfo( 6983): 	at java.lang.reflect.Method.invoke(Method.java:515)

E/BootLoader.MetaInfo( 6983): 	at com.alipay.mobile.quinox.LauncherApplication.access$100(Unknown Source)

E/BootLoader.MetaInfo( 6983): 	at com.alipay.mobile.quinox.e.run(Unknown Source)

E/BootLoader.MetaInfo( 6983): 	at android.os.Handler.handleCallback(Handler.java:733)

E/BootLoader.MetaInfo( 6983): 	at android.os.Handler.dispatchMessage(Handler.java:95)

E/BootLoader.MetaInfo( 6983): 	at android.os.Looper.loop(Looper.java:136)

E/BootLoader.MetaInfo( 6983): 	at android.os.HandlerThread.run(HandlerThread.java:61)

I/BootLoader( 6983): loadBundle(bundleName=android-phone-bill-statement). cost:2 ms.

I/BootLoader( 6983): loadBundle(bundleName=android-phone-mobilecommon-tag). cost:0 ms.

I/BootLoader( 6983): loadBundle(bundleName=android-phone-rpc-mobilelbs). cost:0 ms.

I/BootLoader( 6983): loadBundle(bundleName=android-phone-rpc-logistics). cost:0 ms.

I/BootLoader( 6983): loadBundle(bundleName=android-phone-mobilecommon-falcon). cost:3 ms.

I/BootLoader( 6983): loadBundle(bundleName=android-phone-mobilecommon-aliuser). cost:0 ms.

I/BootLoader( 6983): loadBundle(bundleName=android-phone-mobilesdk-hotpatch). cost:0 ms.

I/BootLoader( 6983): loadBundle(bundleName=android-phone-scancode-scanexport). cost:0 ms.

I/BootLoader( 6983): loadBundle(bundleName=android-phone-rome-syncsdk). cost:0 ms.

I/BootLoader( 6983): loadBundle(bundleName=android-phone-rpc-mobilebill). cost:0 ms.

I/BootLoader( 6983): loadBundle(bundleName=android-phone-personalapp-mobileprod). cost:0 ms.

I/BootLoader( 6983): loadBundle(bundleName=android-phone-mobilesdk-transportext). cost:1 ms.

I/BootLoader( 6983): loadBundle(bundleName=android-phone-mobilesdk-mtop). cost:5 ms.

I/BootLoader( 6983): loadBundle(bundleName=android-phone-businesscommon-cityselect). cost:0 ms.

I/BootLoader( 6983): loadBundle(bundleName=android-phone-rpc-mobileapp). cost:0 ms.

I/CertVerifier( 6983): ZIP comment found at buffer position 7936 with len=256, good!

I/com.alipay.android.phone.messageboxstatic.MetaInfo( 6983): [LauncherApplication.Init]app注册: AppName = com.alipay.android.phone.messageboxstatic.MsgboxStaticApp

I/com.alipay.android.phone.messageboxstatic.MetaInfo( 6983): [LauncherApplication.Init]开始注册sync监听消息: SyncInitTask = com.alipay.android.phone.messageboxstatic.biz.b.b

I/com.alipay.android.phone.messageboxstatic.MetaInfo( 6983): [LauncherApplication.Init]完成注册sync监听消息: SyncInitTask = com.alipay.android.phone.messageboxstatic.biz.b.b

I/com.alipay.android.phone.messageboxstatic.MetaInfo( 6983): [LauncherApplication.Init]完成注册sync监听消息: SyncInitTask = com.alipay.android.phone.messageboxstatic.biz.friends.a

I/com.alipay.android.phone.messageboxstatic.MetaInfo( 6983): [LauncherApplication.Init]完成注册push已读广播：pushReadReceiverDesp =  BroadcastReceiverDescription [mMsgCode=[com.alipay.mobile.push.CMD_CLICKED_20000236], mName=PushMsgBroadcastReceiver, mClassName=com.alipay.android.phone.messageboxstatic.biz.push.PushMsgBroadcastReceiver, mClassLoader=null]

I/BootLoader( 6983): loadBundle(bundleName=android-phone-messagebox-messageboxstatic). cost:18 ms.

I/BootLoader( 6983): loadBundle(bundleName=android-phone-rome-pushipp). cost:0 ms.

I/FrameworkPointCutManager( 6983): [LauncherApplication.Init]registerPointCutAdvice add:com.alipay.mobile.monitor.track.advice.FrameworkTrackAdvice@41c01b38@void com.alipay.mobile.core.impl.MicroApplicationContextImpl.doStartApp(String, String, Bundle)

I/FrameworkPointCutManager( 6983): [LauncherApplication.Init]registerPointCutAdvice add:com.alipay.mobile.monitor.track.advice.FrameworkTrackAdvice@41c01b38@void com.alipay.mobile.framework.app.ui.BaseActivity.onResume()

I/FrameworkPointCutManager( 6983): [LauncherApplication.Init]registerPointCutAdvice add:com.alipay.mobile.monitor.track.advice.FrameworkTrackAdvice@41c01b38@void com.alipay.mobile.framework.app.ui.BaseFragmentActivity.onResume()

I/FrameworkPointCutManager( 6983): [LauncherApplication.Init]registerPointCutAdvice put:com.alipay.mobile.monitor.track.advice.FrameworkTrackAdvice@41c01b38@void com.alipay.mobile.framework.app.ui.BaseActivity.onPause()

I/FrameworkPointCutManager( 6983): [LauncherApplication.Init]registerPointCutAdvice put:com.alipay.mobile.monitor.track.advice.FrameworkTrackAdvice@41c01b38@void com.alipay.mobile.framework.app.ui.BaseFragmentActivity.onPause()

I/FrameworkPointCutManager( 6983): [LauncherApplication.Init]registerPointCutAdvice put:com.alipay.mobile.monitor.track.advice.FrameworkTrackAdvice@41c01b38@void com.alipay.mobile.framework.app.ui.BaseActivity.onBackPressed()

I/FrameworkPointCutManager( 6983): [LauncherApplication.Init]registerPointCutAdvice put:com.alipay.mobile.monitor.track.advice.FrameworkTrackAdvice@41c01b38@void com.alipay.mobile.framework.app.ui.BaseFragmentActivity.onBackPressed()

I/FrameworkPointCutManager( 6983): [LauncherApplication.Init]registerPointCutAdvice add:com.alipay.mobile.monitor.track.advice.FrameworkTrackAdvice@41c01b38@void com.alipay.mobile.framework.app.ui.BaseActivity.finish()

I/FrameworkPointCutManager( 6983): [LauncherApplication.Init]registerPointCutAdvice add:com.alipay.mobile.monitor.track.advice.FrameworkTrackAdvice@41c01b38@void com.alipay.mobile.framework.app.ui.BaseFragmentActivity.finish()

I/BootLoader( 6983): loadBundle(bundleName=android-phone-mobilesdk-monitor). cost:11 ms.

I/BootLoader( 6983): loadBundle(bundleName=android-phone-personalapp-transferprod). cost:0 ms.

I/BootLoader( 6983): loadBundle(bundleName=android-phone-nfd-abeacon). cost:2 ms.

I/BootLoader( 6983): loadBundle(bundleName=android-phone-rpc-alipassprod). cost:1 ms.

I/BootLoader( 6983): loadBundle(bundleName=android-phone-rpc-securitycore). cost:0 ms.

I/BootLoader( 6983): loadBundle(bundleName=android-phone-personalapp-mobilerelation). cost:0 ms.

I/BootLoader( 6983): loadBundle(bundleName=android-phone-discovery-o2ohome). cost:1 ms.

I/CertVerifier( 6983): ZIP comment found at buffer position 7936 with len=256, good!

I/BootLoader( 6983): loadBundle(bundleName=android-phone-businesscommon-beehive). cost:45 ms.

E/ExternalServiceManager( 6983): [LauncherApplication.Init][com.alipay.mobile.framework.service.ext.announcement.AnnouncementService] is not regiested.

I/FrameworkPointCutManager( 6983): [LauncherApplication.Init]registerPointCutAdvice add:com.alipay.android.phone.businesscommon.announcement.trigger.AnnoucementAdvice@41be0170@void com.alipay.mobile.framework.app.ui.BaseActivity.onResume()

I/FrameworkPointCutManager( 6983): [LauncherApplication.Init]registerPointCutAdvice add:com.alipay.android.phone.businesscommon.announcement.trigger.AnnoucementAdvice@41be0170@void com.alipay.mobile.framework.app.ui.BaseFragmentActivity.onResume()

I/BootLoader( 6983): loadBundle(bundleName=android-phone-businesscommon-announcement). cost:52 ms.

I/BootLoader( 6983): loadBundle(bundleName=android-phone-personalapp-mobilechat). cost:1 ms.

I/BootLoader( 6983): loadBundle(bundleName=android-phone-mobilecommon-multimedia). cost:0 ms.

E/ExternalServiceManager( 6983): [LauncherApplication.Init][com.alipay.android.phone.businesscommon.advertisement.AdvertisementService] is not regiested.

I/FrameworkPointCutManager( 6983): [LauncherApplication.Init]registerPointCutAdvice add:com.alipay.android.phone.businesscommon.advertisement.trigger.b@41e9a148@void com.alipay.mobile.framework.app.ui.BaseActivity.onResume()

I/FrameworkPointCutManager( 6983): [LauncherApplication.Init]registerPointCutAdvice add:com.alipay.android.phone.businesscommon.advertisement.trigger.b@41e9a148@void com.alipay.mobile.framework.app.ui.BaseFragmentActivity.onResume()

I/BootLoader( 6983): loadBundle(bundleName=android-phone-businesscommon-advertisement). cost:24 ms.

I/BootLoader( 6983): loadBundle(bundleName=android-phone-rome-pushsdk). cost:0 ms.

I/BootLoader( 6983): loadBundle(bundleName=android-phone-rpc-livetradeprod). cost:0 ms.

I/BootLoader( 6983): loadBundle(bundleName=android-phone-businesscommon-commandcenter). cost:28 ms.

I/BootLoader( 6983): loadBundle(bundleName=android-phone-mobilecommon-imageworker). cost:0 ms.

I/BootLoader( 6983): loadBundle(bundleName=android-phone-personalapp-aggrbillinfo). cost:0 ms.

I/BootLoader( 6983): loadBundle(bundleName=android-phone-rpc-mobileinno). cost:1 ms.

I/chatsdk_MetaInfo( 6983): [LauncherApplication.Init]MetaInfo: 

I/chatsdk_MetaInfo( 6983): [LauncherApplication.Init]registerChatService: [ MetaInfo ] 

I/CertVerifier( 6983): ZIP comment found at buffer position 7936 with len=256, good!

I/chatsdk_MetaInfo( 6983): [LauncherApplication.Init]PublicPlatformService: [ MetaInfo ] 

I/chatsdk_MetaInfo( 6983): [LauncherApplication.Init]registerLogInOutBroadcast: [ MetaInfo ] 

I/chatsdk_MetaInfo( 6983): [LauncherApplication.Init]on reighser tab_launcher_activated pipeline  

I/BootLoader( 6983): loadBundle(bundleName=android-phone-publicplatform-synccenter). cost:7 ms.

I/BootLoader( 6983): loadBundle(bundleName=android-phone-rpc-kabaoprod). cost:0 ms.

I/BootLoader( 6983): loadBundle(bundleName=android-phone-mobilesdk-storage). cost:0 ms.

I/BootLoader( 6983): loadBundle(bundleName=android-phone-rpc-mobile). cost:0 ms.

I/BootLoader( 6983): loadBundle(bundleName=android-phone-mobilecommon-ui). cost:0 ms.

I/BootLoader( 6983): loadBundle(bundleName=android-phone-rpc-cif). cost:0 ms.

I/BootLoader( 6983): loadBundle(bundleName=android-phone-mobilesdk-commonservice). cost:0 ms.

I/BootLoader( 6983): loadBundle(bundleName=android-phone-wealth-mobilewealth). cost:0 ms.

I/BootLoader( 6983): loadBundle(bundleName=android-phone-discovery-discoverycommon). cost:0 ms.

I/BootLoader( 6983): loadBundle(bundleName=android-phone-rpc-barcodeprod). cost:0 ms.

I/BootLoader( 6983): loadBundle(bundleName=android-phone-securityapp-mobilesecurity). cost:0 ms.

I/BootLoader( 6983): loadBundle(bundleName=android-phone-personalapp-socialpayee). cost:6 ms.

I/BootLoader( 6983): loadBundle(bundleName=android-phone-mobilesdk-rpc). cost:0 ms.

I/BootLoader( 6983): loadBundle(bundleName=android-phone-mobilecommon-badge). cost:0 ms.

I/BootLoader( 6983): loadBundle(bundleName=android-phone-rpc-mobilediscovery). cost:0 ms.

I/BootLoader( 6983): loadBundle(bundleName=android-phone-nfd-nfdservice). cost:1 ms.

I/BootLoader( 6983): loadBundle(bundleName=android-phone-rpc-mobilegw). cost:0 ms.

I/BootLoader( 6983): loadBundle(bundleName=android-phone-mobilesdk-logging). cost:0 ms.

E/Pipeline( 6983): [LauncherApplication.Init]PIPELINE_FRAMEWORK_INITED : start

W/AsyncTaskExecutor( 6983): [AsyncTaskExecutor_Thread_2_PipeLineRunnable_13_com.alipay.mobile.appstoreapp.receiver.FrameworkInitRunnable] cost 0 ms

W/MicroAppContextImpl( 6983): [LauncherApplication.Init]Boot finish (in framework).

W/AsyncTaskExecutor( 6983): [AsyncTaskExecutor_Thread_3_PipeLineRunnable_9_com.alipay.mobile.base.poweroptimize.FrameworkInitTask] cost 1 ms

I/AlipayPush_j( 6983): [AsyncTaskExecutor_Thread_2_PipeLineRunnable_15_pushservice_FrameworkStarted]isPreInstallbyMITT flagPreInstall=false

I/AlipayPush_j( 6983): [AsyncTaskExecutor_Thread_2_PipeLineRunnable_15_pushservice_FrameworkStarted]isPreInstallbyMITT flagPreInstall=false

I/AlipayPush_PushSettingServiceImpl( 6983): [AsyncTaskExecutor_Thread_2_PipeLineRunnable_15_pushservice_FrameworkStarted]getPushState() PushSwitch=true

I/AlipayPush_a( 6983): [AsyncTaskExecutor_Thread_2_PipeLineRunnable_15_pushservice_FrameworkStarted]handleCfgPreInstall get PushState=true

I/LauncherApplication( 6983): [LauncherApplication.Init]Boot finish (in quinox), now go to notify the observers.

I/Monitor ( 6741): [IntentService[AppInfoRecvIntentService]]onHandleIntent at: com.alipay.pushsdk.push.AppInfoRecvIntentService, Intent: Intent { cmp=com.eg.android.AlipayGphoneRC/com.alipay.pushsdk.push.AppInfoRecvIntentService (has extras) }

I/AlipayPush_AppInfoRecvIntentService( 6741): onHandleIntent: enter...

I/Monitor ( 6741): [IntentService[AppInfoRecvIntentService]]onHandleIntent at: com.alipay.pushsdk.push.AppInfoRecvIntentService, Intent: Intent { cmp=com.eg.android.AlipayGphoneRC/com.alipay.pushsdk.push.AppInfoRecvIntentService (has extras) }

I/AlipayPush_AppInfoRecvIntentService( 6741): onHandleIntent: enter...

I/AlipayPush_a( 6983): [AsyncTaskExecutor_Thread_2_PipeLineRunnable_15_pushservice_FrameworkStarted]handleInitEvent: utdid: U9tEwhsodlUDALyrg3bvWa40, clientId=150625134316472|861022000399842, channel=alipay, version=9.0.0.060213

I/Monitor ( 6741): [IntentService[AppInfoRecvIntentService]]onHandleIntent at: com.alipay.pushsdk.push.AppInfoRecvIntentService, Intent: Intent { cmp=com.eg.android.AlipayGphoneRC/com.alipay.pushsdk.push.AppInfoRecvIntentService (has extras) }

I/AlipayPush_AppInfoRecvIntentService( 6741): onHandleIntent: enter...

I/Monitor ( 6741): [IntentService[AppInfoRecvIntentService]]onHandleIntent at: com.alipay.pushsdk.push.AppInfoRecvIntentService, Intent: Intent { cmp=com.eg.android.AlipayGphoneRC/com.alipay.pushsdk.push.AppInfoRecvIntentService (has extras) }

I/AlipayPush_AppInfoRecvIntentService( 6741): onHandleIntent: enter...

I/AlipayPush_a( 6983): [AsyncTaskExecutor_Thread_2_PipeLineRunnable_15_pushservice_FrameworkStarted]handleInitEvent: FRAMEWORK_CLIENT_STARTED startPush! 

I/Monitor ( 6741): [IntentService[AppInfoRecvIntentService]]onHandleIntent at: com.alipay.pushsdk.push.AppInfoRecvIntentService, Intent: Intent { cmp=com.eg.android.AlipayGphoneRC/com.alipay.pushsdk.push.AppInfoRecvIntentService (has extras) }

W/AsyncTaskExecutor( 6983): [AsyncTaskExecutor_Thread_2_PipeLineRunnable_15_pushservice_FrameworkStarted] cost 19 ms

I/AlipayPush_AppInfoRecvIntentService( 6741): onHandleIntent: enter...

I/Advertisement( 6983): [AsyncTaskExecutor_Thread_3_PipeLineRunnable_25_AdvertisementPipeTask]注册回调：com.alipay.mobile.rome.syncservice.service.LongLinkSyncServiceImpl@41cec7a0

I/sync_service_LongLinkSyncServiceImpl( 6983): [AsyncTaskExecutor_Thread_3_PipeLineRunnable_25_AdvertisementPipeTask]registerBizCallback:  [ biz=CDP-USER ] [ callback=com.alipay.android.phone.businesscommon.advertisement.d.a@41e9eb08 ]

I/Monitor ( 6741): [IntentService[AppInfoRecvIntentService]]onHandleIntent at: com.alipay.pushsdk.push.AppInfoRecvIntentService, Intent: Intent { cmp=com.eg.android.AlipayGphoneRC/com.alipay.pushsdk.push.AppInfoRecvIntentService (has extras) }

I/AlipayPush_AppInfoRecvIntentService( 6741): onHandleIntent: enter...

I/AlipayPush_AppInfoRecvIntentService( 6741): trigerEvent=0, action=com.eg.android.AlipayGphoneRC.push.action.START_PUSHSERVICE

W/ContextImpl( 6741): Implicit intents with startService are not safe: Intent { act=com.eg.android.AlipayGphoneRC.push.action.START_PUSHSERVICE (has extras) } android.content.ContextWrapper.startService:494 com.alipay.pushsdk.push.AppInfoRecvIntentService.onHandleIntent:1 android.app.IntentService$ServiceHandler.handleMessage:65 

E/ConfigServiceImpl( 6983): [AsyncTaskExecutor_Thread_3_PipeLineRunnable_25_AdvertisementPipeTask]can't find common json file

I/Monitor ( 6741): [main]onStartCommand at: com.alipay.pushsdk.push.NotificationService, Intent: Intent { act=com.eg.android.AlipayGphoneRC.push.action.START_PUSHSERVICE (has extras) }

I/sync_link_LinkLSyncLogStrategy( 6983): [AsyncTaskExecutor_Thread_3_PipeLineRunnable_25_AdvertisementPipeTask]initConfig: [ logStrategy=null ]

I/AlipayPush_NotificationService( 6741): onStartCommand trigerEvent=0, userId=, utdId=U9tEwhsodlUDALyrg3bvWa40

I/sync_service_MonitorSyncProto( 6983): [AsyncTaskExecutor_Thread_3_PipeLineRunnable_25_AdvertisementPipeTask]SYNC_INFO,1435220196877,[ CDP-USER register Callback ],

I/sync_service_LongLinkSyncServiceImpl( 6983): [AsyncTaskExecutor_Thread_3_PipeLineRunnable_25_AdvertisementPipeTask]registerBizCallback:  [ biz=CDP-GLOBAL ] [ callback=com.alipay.android.phone.businesscommon.advertisement.d.a@41e9eb08 ]

I/sync_service_MonitorSyncProto( 6983): [AsyncTaskExecutor_Thread_3_PipeLineRunnable_25_AdvertisementPipeTask]SYNC_INFO,1435220196883,[ CDP-GLOBAL register Callback ],

W/AsyncTaskExecutor( 6983): [AsyncTaskExecutor_Thread_3_PipeLineRunnable_25_AdvertisementPipeTask] cost 10 ms

I/sync_service_c( 6983): [sync_dispatch]DispatchBizTask: run [ biz=CDP-USER ]

I/sync_service_a( 6983): [sync_dispatch]dispatchBiz:[ biz=CDP-USER ]

I/AlipayPush_f( 6741): UserTrigger checkState is true

I/AlipayPush_f( 6741): onPreExecute Connected is true.

I/CertVerifier( 6983): ZIP comment found at buffer position 7936 with len=256, good!

I/CertVerifier( 6983): ZIP comment found at buffer position 7936 with len=256, good!

I/CertVerifier( 6983): ZIP comment found at buffer position 7872 with len=256, good!

I/CertVerifier( 6983): ZIP comment found at buffer position 7936 with len=256, good!

I/dalvikvm( 6983): Could not find method com.alipay.mobile.quinox.startup.StartupSafeguard.setIsFinishStartup, referenced from method com.alipay.mobile.aspect.Monitor.ajc$around$com_alipay_mobile_aspect_Monitor$2$a230e6f8

W/dalvikvm( 6983): VFY: unable to resolve static method 44372: Lcom/alipay/mobile/quinox/startup/StartupSafeguard;.setIsFinishStartup (Z)V

I/dalvikvm( 6983): Could not find method com.alipay.mobile.quinox.startup.StartupSafeguard.setIsFinishStartup, referenced from method com.alipay.mobile.aspect.Monitor.ajc$around$com_alipay_mobile_aspect_Monitor$3$5f74b5ac

W/dalvikvm( 6983): VFY: unable to resolve static method 44372: Lcom/alipay/mobile/quinox/startup/StartupSafeguard;.setIsFinishStartup (Z)V

I/Monitor ( 6983): [main]onBind at: org.rome.android.ipp.binder.IppService, Intent: Intent { act=org.rome.android.ipp.intent.action.PINGA }

I/rome_ipp_IppService( 6983): [main]onStart(). action=org.rome.android.ipp.intent.action.PINGA

I/rome_ipp_IppService( 6983): [Binder_1]invoke() enter...json={"data":"","packageName":"com.taobao.taobao","from":"accs"}

I/rome_ipp_IppService( 6983): [Binder_1]invoke(). fromTag=accs, pkgName=com.taobao.taobao

I/rome_ipp_IppService( 6983): [Binder_1]findService=0

I/Monitor ( 6983): [main]onReceive at: com.alipay.mobile.emotion.util.NetworkUtil$1, Intent: Intent { act=android.net.conn.CONNECTIVITY_CHANGE flg=0x4000010 (has extras) }, cost:3 ms.

I/rome_ipp_IppService( 6983): [Binder_1]findProcess=0

I/CertVerifier( 6983): ZIP comment found at buffer position 7936 with len=256, good!

I/CertVerifier( 6983): ZIP comment found at buffer position 7936 with len=256, good!

I/CertVerifier( 6983): ZIP comment found at buffer position 7936 with len=256, good!

W/SystemUtil( 6983): java.lang.NoSuchMethodException: clearApplicationUserData [class java.lang.String, interface com.abq.qba.a.a]

W/SystemUtil( 6983): 	at java.lang.Class.getConstructorOrMethod(Class.java:472)

W/SystemUtil( 6983): 	at java.lang.Class.getMethod(Class.java:857)

W/SystemUtil( 6983): 	at com.alipay.mobile.quinox.utils.SystemUtil.clearApplicationUserData(Unknown Source)

W/SystemUtil( 6983): 	at com.alipay.mobile.quinox.startup.StartupSafeguard.a(Unknown Source)

W/SystemUtil( 6983): 	at com.alipay.mobile.quinox.startup.StartupSafeguard.handlePendingOnStartup(Unknown Source)

W/SystemUtil( 6983): 	at com.alipay.mobile.quinox.startup.StartupSafeguard$1.run(Unknown Source)

W/SystemUtil( 6983): 	at com.alipay.android.phone.thirdparty.common.asynctask.PipelineRunnable.run(Unknown Source)

W/SystemUtil( 6983): 	at java.util.concurrent.Executors$RunnableAdapter.call(Executors.java:422)

W/SystemUtil( 6983): 	at java.util.concurrent.FutureTask.run(FutureTask.java:237)

W/SystemUtil( 6983): 	at java.util.concurrent.ScheduledThreadPoolExecutor$ScheduledFutureTask.access$201(ScheduledThreadPoolExecutor.java:152)

W/SystemUtil( 6983): 	at java.util.concurrent.ScheduledThreadPoolExecutor$ScheduledFutureTask.run(ScheduledThreadPoolExecutor.java:265)

W/SystemUtil( 6983): 	at java.util.concurrent.ThreadPoolExecutor.runWorker(ThreadPoolExecutor.java:1112)

W/SystemUtil( 6983): 	at java.util.concurrent.ThreadPoolExecutor$Worker.run(ThreadPoolExecutor.java:587)

W/SystemUtil( 6983): 	at java.lang.Thread.run(Thread.java:841)

I/Process ( 6983): Sending signal. PID: 6983 SIG: 9

I/AlipayPush_k( 6741): sendPacket()... packet.id=3

E/v_hwc   (  132): overlay_compose_check_ddr_freq: K3FB_OVC_CHECK_DDR_FREQ failed!

I/AlipayPush_b( 6741): processPacket() got one HeartBeatPacket from Server!

I/AlipayPush_l( 6741): getPushKeepAliveInterval() keepAliveTime=45

E/WifiHW  (  535): wifi_send_command ret:0

E/v_hwc   (  132): overlay_compose_check_ddr_freq: K3FB_OVC_CHECK_DDR_FREQ failed!

E/StubController( 5825): service = null

E/TemperatureMonitor2(  843): BatteryTemp=310

E/v_hwc   (  132): overlay_compose_check_ddr_freq: K3FB_OVC_CHECK_DDR_FREQ failed!

E/WifiHW  (  535): wifi_send_command ret:0

E/v_hwc   (  132): overlay_compose_check_ddr_freq: K3FB_OVC_CHECK_DDR_FREQ failed!

I/UiAutomatorHarbour( 6238): receiced:null

I/UiAutomatorHarbour( 6238): UiAutomatorHarbour is listening:port=5048

E/WifiHW  (  535): wifi_send_command ret:0

E/v_hwc   (  132): overlay_compose_check_ddr_freq: K3FB_OVC_CHECK_DDR_FREQ failed!

E/StubController( 5825): service = null

E/StubController(  791): service = null

E/PGPSDownloader.SocketServer( 3181): java.io.IOException: Connection refused

E/WifiHW  (  535): wifi_send_command ret:0

I/AlipayPush_a( 6741): init() lastRunTime=2015-06-25 13:45:51.50, curCount=0, maxCount=12, minTime=180

E/StubController( 5825): service = null

W/TemperatureMonitor2(  843): Enter 40'C at 152:45

E/WifiHW  (  535): wifi_send_command ret:0

E/WifiHW  (  535): wifi_send_command ret:0

E/StubController( 5825): service = null

E/StubController(  791): service = null

E/WifiHW  (  535): wifi_send_command ret:0

E/StubController(  791): service = null

E/StubController(  791): service = null

E/v_hwc   (  132): overlay_compose_check_ddr_freq: K3FB_OVC_CHECK_DDR_FREQ failed!

E/PGPSDownloader.SocketServer( 3181): java.io.IOException: Connection refused

E/v_hwc   (  132): overlay_compose_check_ddr_freq: K3FB_OVC_CHECK_DDR_FREQ failed!

E/v_hwc   (  132): overlay_compose_check_ddr_freq: K3FB_OVC_CHECK_DDR_FREQ failed!

E/WifiHW  (  535): wifi_send_command ret:0

E/v_hwc   (  132): overlay_compose_check_ddr_freq: K3FB_OVC_CHECK_DDR_FREQ failed!

E/StubController( 5825): service = null

E/v_hwc   (  132): overlay_compose_check_ddr_freq: K3FB_OVC_CHECK_DDR_FREQ failed!

E/WifiHW  (  535): wifi_send_command ret:0

E/v_hwc   (  132): overlay_compose_check_ddr_freq: K3FB_OVC_CHECK_DDR_FREQ failed!

E/StubController( 5825): service = null

E/StubController(  791): service = null

E/WifiHW  (  535): wifi_send_command ret:0

E/PGPSDownloader.SocketServer( 3181): java.io.IOException: Connection refused

E/WifiHW  (  535): wifi_send_command ret:0

E/StubController( 5825): service = null

E/TemperatureMonitor2(  843): BatteryTemp=310

E/v_hwc   (  132): overlay_compose_check_ddr_freq: K3FB_OVC_CHECK_DDR_FREQ failed!

W/TemperatureMonitor2(  843): Leave 40'C at 153:05

W/TemperatureMonitor2(  843): Leave 39'C at 153:05

E/WifiHW  (  535): wifi_send_command ret:0

E/WifiHW  (  535): wifi_send_command ret:0

E/StubController( 5825): service = null

E/v_hwc   (  132): overlay_compose_check_ddr_freq: K3FB_OVC_CHECK_DDR_FREQ failed!

E/StubController(  791): service = null

E/PGPSDownloader.SocketServer( 3181): java.io.IOException: Connection refused

E/WifiHW  (  535): wifi_send_command ret:0

E/v_hwc   (  132): overlay_compose_check_ddr_freq: K3FB_OVC_CHECK_DDR_FREQ failed!

E/StubController( 5825): service = null

E/WifiHW  (  535): wifi_send_command ret:0

E/v_hwc   (  132): overlay_compose_check_ddr_freq: K3FB_OVC_CHECK_DDR_FREQ failed!

I/AlipayPush_ClientActionReceiver( 6741): onReceive() action=com.eg.android.AlipayGphoneRC.push.action.KEEPLIVE

I/AlipayPush_ClientActionReceiver( 6741): onReceive() networkInfo.isConnected()=true

I/AlipayPush_k( 6741): sendPacket()... packet.id=3

I/Monitor ( 6741): [main]onReceive at: com.alipay.pushsdk.push.ClientActionReceiver, Intent: Intent { act=com.eg.android.AlipayGphoneRC.push.action.KEEPLIVE flg=0x14 pkg=com.eg.android.AlipayGphoneRC (has extras) }, cost:20 ms.

I/AlipayPush_b( 6741): processPacket() got one HeartBeatPacket from Server!

I/AlipayPush_l( 6741): getPushKeepAliveInterval() keepAliveTime=45

E/v_hwc   (  132): overlay_compose_check_ddr_freq: K3FB_OVC_CHECK_DDR_FREQ failed!

E/WifiHW  (  535): wifi_send_command ret:0

E/v_hwc   (  132): overlay_compose_check_ddr_freq: K3FB_OVC_CHECK_DDR_FREQ failed!

E/v_hwc   (  132): overlay_compose_check_ddr_freq: K3FB_OVC_CHECK_DDR_FREQ failed!

E/StubController( 5825): service = null

E/StubController(  791): service = null

E/PGPSDownloader.SocketServer( 3181): java.io.IOException: Connection refused

E/WifiHW  (  535): wifi_send_command ret:0

E/v_hwc   (  132): overlay_compose_check_ddr_freq: K3FB_OVC_CHECK_DDR_FREQ failed!

E/StubController( 5825): service = null

E/WifiHW  (  535): wifi_send_command ret:0

W/TemperatureMonitor2(  843): Leave 38'C at 153:25

E/WifiHW  (  535): wifi_send_command ret:0

E/v_hwc   (  132): overlay_compose_check_ddr_freq: K3FB_OVC_CHECK_DDR_FREQ failed!

E/StubController( 5825): service = null

E/StubController(  791): service = null

E/WifiHW  (  535): wifi_send_command ret:0

E/v_hwc   (  132): overlay_compose_check_ddr_freq: K3FB_OVC_CHECK_DDR_FREQ failed!

E/PGPSDownloader.SocketServer( 3181): java.io.IOException: Connection refused

E/WifiHW  (  535): wifi_send_command ret:0

E/v_hwc   (  132): overlay_compose_check_ddr_freq: K3FB_OVC_CHECK_DDR_FREQ failed!

E/StubController( 5825): service = null

E/TemperatureMonitor2(  843): BatteryTemp=310

E/v_hwc   (  132): overlay_compose_check_ddr_freq: K3FB_OVC_CHECK_DDR_FREQ failed!

E/WifiHW  (  535): wifi_send_command ret:0

E/StubController(  791): service = null

E/StubController(  791): service = null

E/LoggerFactory( 7117): need invoke bind before use

W/JNI_OnLoad( 7117): JNI_OnLoad!!!

W/signal  ( 7117): coffeecatch_setup!!!

W/signal  ( 7117): NewGlobalRef

W/signal  ( 7117): coffeecatch_setup return 0

W/JNI_OnLoad( 7117): JNI_OnLoad OK!

I/AlipayNativeCrash( 7117): [main]load NativeCrashLib finish

I/monitor ( 7117): [main]Process Startup: processName=com.eg.android.AlipayGphoneRC, packageName=com.eg.android.AlipayGphoneRC

I/LauncherApplication( 7117): [main]com.alipay.mobile.framework.AlipayApplication.preInit(processName=com.eg.android.AlipayGphoneRC, isDebug=true)

I/monitor ( 7117): [main]setupHotPatch when processName = mPackageName

W/hotpatch( 7117): [main]最新hotpatch对应版本：

W/hotpatch( 7117): [main]当前应用版本：9.0.0.060213

W/hotpatch( 7117): [main]debug模式，直接从sd卡找文件

W/asset   ( 7117): Asset path /storage/emulated/0/HotpatchAlipay.apk is neither a directory nor file (type=1).

W/PatchMain( 7117): [main]FILE not found on /storage/emulated/0/HotpatchAlipay.apk

W/hotpatch( 7117): [main]loadPatch失败

W/LauncherApplication( 7117): Failed to Setup LeakCanary.

E/UpgradeHelper( 7117): delete start: 1435220261566

E/UpgradeHelper( 7117): delete end: 1435220261598

E/BootLoader( 7117): [LauncherApplication.Init]copy so: liblaiwang-searcher.so success.

E/BootLoader( 7117): [LauncherApplication.Init]copy so: libgcanvas.so success.

E/BootLoader( 7117): [LauncherApplication.Init]copy so: libedittextutil.so success.

E/BootLoader( 7117): [LauncherApplication.Init]copy so: libmsplua.so success.

E/BootLoader( 7117): [LauncherApplication.Init]copy so: libjscore.so success.

