E/WifiHW  (  535): wifi_send_command ret:0

E/StubController( 5825): service = null

E/PGPSDownloader.SocketServer( 3181): java.io.IOException: Connection refused

E/WifiHW  (  535): wifi_send_command ret:0

E/v_hwc   (  132): overlay_compose_check_ddr_freq: K3FB_OVC_CHECK_DDR_FREQ failed!

E/StubController(  791): service = null

E/StubController( 5825): service = null

E/WifiHW  (  535): wifi_send_command ret:0

E/WifiHW  (  535): wifi_send_command ret:0

E/v_hwc   (  132): overlay_compose_check_ddr_freq: K3FB_OVC_CHECK_DDR_FREQ failed!

E/StubController( 5825): service = null

E/PGPSDownloader.SocketServer( 3181): java.io.IOException: Connection refused

E/WifiHW  (  535): wifi_send_command ret:0

E/StubController(  791): service = null

E/WifiHW  (  535): wifi_send_command ret:0

E/TemperatureMonitor2(  843): BatteryTemp=330

E/StubController( 5825): service = null

E/v_hwc   (  132): overlay_compose_check_ddr_freq: K3FB_OVC_CHECK_DDR_FREQ failed!

E/WifiHW  (  535): wifi_send_command ret:0

E/StubController( 5825): service = null

E/PGPSDownloader.SocketServer( 3181): java.io.IOException: Connection refused

E/WifiHW  (  535): wifi_send_command ret:0

E/WifiHW  (  535): wifi_send_command ret:0

E/StubController(  791): service = null

E/StubController( 5825): service = null

E/WifiHW  (  535): wifi_send_command ret:0

E/WifiHW  (  535): wifi_send_command ret:0

E/StubController( 5825): service = null

E/PGPSDownloader.SocketServer( 3181): java.io.IOException: Connection refused

E/WifiHW  (  535): wifi_send_command ret:0

E/v_hwc   (  132): overlay_compose_check_ddr_freq: K3FB_OVC_CHECK_DDR_FREQ failed!

E/StubController(  791): service = null

E/StubController( 5825): service = null

E/WifiHW  (  535): wifi_send_command ret:0

E/v_hwc   (  132): overlay_compose_check_ddr_freq: K3FB_OVC_CHECK_DDR_FREQ failed!

E/WifiHW  (  535): wifi_send_command ret:0

E/v_hwc   (  132): overlay_compose_check_ddr_freq: K3FB_OVC_CHECK_DDR_FREQ failed!

E/StubController( 5825): service = null

E/PGPSDownloader.SocketServer( 3181): java.io.IOException: Connection refused

I/AlipayPush_ClientActionReceiver( 6741): onReceive() action=com.eg.android.AlipayGphoneRC.push.action.KEEPLIVE

I/AlipayPush_ClientActionReceiver( 6741): onReceive() networkInfo.isConnected()=true

I/AlipayPush_k( 6741): sendPacket()... packet.id=3

I/Monitor ( 6741): [main]onReceive at: com.alipay.pushsdk.push.ClientActionReceiver, Intent: Intent { act=com.eg.android.AlipayGphoneRC.push.action.KEEPLIVE flg=0x14 pkg=com.eg.android.AlipayGphoneRC (has extras) }, cost:16 ms.

I/AlipayPush_b( 6741): processPacket() got one HeartBeatPacket from Server!

I/AlipayPush_l( 6741): getPushKeepAliveInterval() keepAliveTime=45

E/WifiHW  (  535): wifi_send_command ret:0

E/v_hwc   (  132): overlay_compose_check_ddr_freq: K3FB_OVC_CHECK_DDR_FREQ failed!

E/v_hwc   (  132): overlay_compose_check_ddr_freq: K3FB_OVC_CHECK_DDR_FREQ failed!

E/StubController(  791): service = null

E/WifiHW  (  535): wifi_send_command ret:0

E/TemperatureMonitor2(  843): BatteryTemp=330

E/v_hwc   (  132): overlay_compose_check_ddr_freq: K3FB_OVC_CHECK_DDR_FREQ failed!

E/StubController( 5825): service = null

E/v_hwc   (  132): overlay_compose_check_ddr_freq: K3FB_OVC_CHECK_DDR_FREQ failed!

E/WifiHW  (  535): wifi_send_command ret:0

E/StubController( 5825): service = null

E/PGPSDownloader.SocketServer( 3181): java.io.IOException: Connection refused

E/WifiHW  (  535): wifi_send_command ret:0

E/logserver(  140): get alarm time = 9613 (sec.)!

E/logserver(  140): send_files, commercial version, send by other, return!

E/logserver(  140): Timeout, apr update!

E/logserver(  140): Object Path:/data/log/apr/, mask=0x00000008

E/logserver(  140): event->len=80, name=P6-T00_V100R001C01B508SP01_022BTF9M36006926_20140812173758_statistics

E/logserver(  140): process_one_event, can not find this event(P6-T00_V100R001C01B508SP01_022BTF9M36006926_20140812173758_statistics)

E/logserver(  140): clean_cur_cache:891, system(rm -r /data/log/logcache/28767848/* > /dev/null 2>&1)

E/WifiHW  (  535): wifi_send_command ret:0

E/v_hwc   (  132): overlay_compose_check_ddr_freq: K3FB_OVC_CHECK_DDR_FREQ failed!

E/StubController(  791): service = null

E/StubController( 5825): service = null

E/WifiHW  (  535): wifi_send_command ret:0

E/WifiHW  (  535): wifi_send_command ret:0

E/StubController( 5825): service = null

E/PGPSDownloader.SocketServer( 3181): java.io.IOException: Connection refused

E/WifiHW  (  535): wifi_send_command ret:0

E/StubController(  791): service = null

E/StubController( 5825): service = null

E/WifiHW  (  535): wifi_send_command ret:0

E/WifiHW  (  535): wifi_send_command ret:0

E/v_hwc   (  132): overlay_compose_check_ddr_freq: K3FB_OVC_CHECK_DDR_FREQ failed!

E/StubController( 5825): service = null

E/PGPSDownloader.SocketServer( 3181): java.io.IOException: Connection refused

E/WifiHW  (  535): wifi_send_command ret:0

E/v_hwc   (  132): overlay_compose_check_ddr_freq: K3FB_OVC_CHECK_DDR_FREQ failed!

E/TemperatureMonitor2(  843): BatteryTemp=330

E/v_hwc   (  132): overlay_compose_check_ddr_freq: K3FB_OVC_CHECK_DDR_FREQ failed!

E/WifiHW  (  535): wifi_send_command ret:0

E/StubController(  791): service = null

E/StubController( 5825): service = null

E/WifiHW  (  535): wifi_send_command ret:0

E/StubController( 5825): service = null

E/PGPSDownloader.SocketServer( 3181): java.io.IOException: Connection refused

E/WifiHW  (  535): wifi_send_command ret:0

E/WifiHW  (  535): wifi_send_command ret:0

E/StubController( 5825): service = null

E/StubController(  791): service = null

W/TemperatureMonitor2(  843): Leave 38'C at 160:48

I/AlipayPush_ClientActionReceiver( 6741): onReceive() action=com.eg.android.AlipayGphoneRC.push.action.KEEPLIVE

I/AlipayPush_ClientActionReceiver( 6741): onReceive() networkInfo.isConnected()=true

I/AlipayPush_k( 6741): sendPacket()... packet.id=3

I/Monitor ( 6741): [main]onReceive at: com.alipay.pushsdk.push.ClientActionReceiver, Intent: Intent { act=com.eg.android.AlipayGphoneRC.push.action.KEEPLIVE flg=0x14 pkg=com.eg.android.AlipayGphoneRC (has extras) }, cost:39 ms.

I/AlipayPush_b( 6741): processPacket() got one HeartBeatPacket from Server!

I/AlipayPush_l( 6741): getPushKeepAliveInterval() keepAliveTime=45

E/WifiHW  (  535): wifi_send_command ret:0

E/v_hwc   (  132): overlay_compose_check_ddr_freq: K3FB_OVC_CHECK_DDR_FREQ failed!

E/v_hwc   (  132): overlay_compose_check_ddr_freq: K3FB_OVC_CHECK_DDR_FREQ failed!

E/StubController( 5825): service = null

E/WifiHW  (  535): wifi_send_command ret:0

E/v_hwc   (  132): overlay_compose_check_ddr_freq: K3FB_OVC_CHECK_DDR_FREQ failed!

E/PGPSDownloader.SocketServer( 3181): java.io.IOException: Connection refused

E/memtrack( 7585): Couldn't load memtrack module (No such file or directory)

E/android.os.Debug( 7585): failed to load memtrack module: -2

I/android_hardware_fm.cpp( 7585): ----Inside int register_android_hardware_fm_fmradio(JNIEnv*)----

I/android_hardware_fm.cpp( 7585): register_android_hardware_fm_fmradio, ret is 0

E/memtrack( 7603): Couldn't load memtrack module (No such file or directory)

E/android.os.Debug( 7603): failed to load memtrack module: -2

I/android_hardware_fm.cpp( 7603): ----Inside int register_android_hardware_fm_fmradio(JNIEnv*)----

I/android_hardware_fm.cpp( 7603): register_android_hardware_fm_fmradio, ret is 0

E/WifiHW  (  535): wifi_send_command ret:0

E/v_hwc   (  132): overlay_compose_check_ddr_freq: K3FB_OVC_CHECK_DDR_FREQ failed!

E/StubController( 5825): service = null

E/StubController(  791): service = null

E/WifiHW  (  535): wifi_send_command ret:0

E/v_hwc   (  132): overlay_compose_check_ddr_freq: K3FB_OVC_CHECK_DDR_FREQ failed!

E/WifiHW  (  535): wifi_send_command ret:0

E/v_hwc   (  132): overlay_compose_check_ddr_freq: K3FB_OVC_CHECK_DDR_FREQ failed!

E/PGPSDownloader.SocketServer( 3181): java.io.IOException: Connection refused

E/StubController( 5825): service = null

E/WifiHW  (  535): wifi_send_command ret:0

E/v_hwc   (  132): overlay_compose_check_ddr_freq: K3FB_OVC_CHECK_DDR_FREQ failed!

E/TemperatureMonitor2(  843): BatteryTemp=330

E/v_hwc   (  132): overlay_compose_check_ddr_freq: K3FB_OVC_CHECK_DDR_FREQ failed!

E/StubController( 5825): service = null

E/WifiHW  (  535): wifi_send_command ret:0

E/v_hwc   (  132): overlay_compose_check_ddr_freq: K3FB_OVC_CHECK_DDR_FREQ failed!

E/StubController(  791): service = null

W/TemperatureMonitor2(  843): Enter 38'C at 161:08

E/WifiHW  (  535): wifi_send_command ret:0

E/PGPSDownloader.SocketServer( 3181): java.io.IOException: Connection refused

E/StubController( 5825): service = null

E/WifiHW  (  535): wifi_send_command ret:0

E/v_hwc   (  132): overlay_compose_check_ddr_freq: K3FB_OVC_CHECK_DDR_FREQ failed!

E/WifiHW  (  535): wifi_send_command ret:0

E/v_hwc   (  132): overlay_compose_check_ddr_freq: K3FB_OVC_CHECK_DDR_FREQ failed!

I/UiAutomatorHarbour( 6238): receiced:null

I/UiAutomatorHarbour( 6238): UiAutomatorHarbour is listening:port=5048

E/StubController( 5825): service = null

E/StubController(  791): service = null

I/AlipayPush_ClientActionReceiver( 6741): onReceive() action=com.eg.android.AlipayGphoneRC.push.action.CHECK

I/AlipayPush_ClientActionReceiver( 6741): onReceive() networkInfo.isConnected()=true

I/AlipayPush_NotificationService( 6741): startAlarmTimer ELAPSED_REALTIME_WAKEUP! nextTime=300000

I/AlipayPush_ClientActionReceiver( 6741): checkPushStatus linkStatus=true, settingStatus=true

I/AlipayPush_l( 6741): getPushKeepAliveInterval() keepAliveTime=45

I/Monitor ( 6741): [main]onReceive at: com.alipay.pushsdk.push.ClientActionReceiver, Intent: Intent { act=com.eg.android.AlipayGphoneRC.push.action.CHECK flg=0x14 pkg=com.eg.android.AlipayGphoneRC (has extras) }, cost:377 ms.

I/AlipayPush_k( 6741): sendPacket()... packet.id=3

W/ClientMonitorService( 6741): [IntentService[ClientMonitorService]]sync skip, lastSyncTime=1435211437148

I/AlipayPush_b( 6741): processPacket() got one HeartBeatPacket from Server!

I/AlipayPush_l( 6741): getPushKeepAliveInterval() keepAliveTime=45

E/v_hwc   (  132): overlay_compose_check_ddr_freq: K3FB_OVC_CHECK_DDR_FREQ failed!

E/WifiHW  (  535): wifi_send_command ret:0

E/v_hwc   (  132): overlay_compose_check_ddr_freq: K3FB_OVC_CHECK_DDR_FREQ failed!

E/PGPSDownloader.SocketServer( 3181): java.io.IOException: Connection refused

E/StubController( 5825): service = null

E/WifiHW  (  535): wifi_send_command ret:0

E/WifiHW  (  535): wifi_send_command ret:0

E/v_hwc   (  132): overlay_compose_check_ddr_freq: K3FB_OVC_CHECK_DDR_FREQ failed!

E/StubController( 5825): service = null

E/v_hwc   (  132): overlay_compose_check_ddr_freq: K3FB_OVC_CHECK_DDR_FREQ failed!

E/StubController(  791): service = null

I/UiAutomatorHarbour( 6238): /127.0.0.1:59590 is connected

E/WifiHW  (  535): wifi_send_command ret:0

E/v_hwc   (  132): overlay_compose_check_ddr_freq: K3FB_OVC_CHECK_DDR_FREQ failed!

E/memtrack( 7655): Couldn't load memtrack module (No such file or directory)

E/android.os.Debug( 7655): failed to load memtrack module: -2

I/android_hardware_fm.cpp( 7655): ----Inside int register_android_hardware_fm_fmradio(JNIEnv*)----

I/android_hardware_fm.cpp( 7655): register_android_hardware_fm_fmradio, ret is 0

E/memtrack( 7666): Couldn't load memtrack module (No such file or directory)

E/android.os.Debug( 7666): failed to load memtrack module: -2

I/android_hardware_fm.cpp( 7666): ----Inside int register_android_hardware_fm_fmradio(JNIEnv*)----

I/android_hardware_fm.cpp( 7666): register_android_hardware_fm_fmradio, ret is 0

E/WifiHW  (  535): wifi_send_command ret:0

E/PGPSDownloader.SocketServer( 3181): java.io.IOException: Connection refused

E/StubController( 5825): service = null

E/WifiHW  (  535): wifi_send_command ret:0

E/memtrack( 7678): Couldn't load memtrack module (No such file or directory)

E/android.os.Debug( 7678): failed to load memtrack module: -2

I/android_hardware_fm.cpp( 7678): ----Inside int register_android_hardware_fm_fmradio(JNIEnv*)----

I/android_hardware_fm.cpp( 7678): register_android_hardware_fm_fmradio, ret is 0

E/TemperatureMonitor2(  843): BatteryTemp=330

E/v_hwc   (  132): overlay_compose_check_ddr_freq: K3FB_OVC_CHECK_DDR_FREQ failed!

E/StubController( 5825): service = null

E/WifiHW  (  535): wifi_send_command ret:0

E/v_hwc   (  132): overlay_compose_check_ddr_freq: K3FB_OVC_CHECK_DDR_FREQ failed!

E/StubController(  791): service = null

E/WifiHW  (  535): wifi_send_command ret:0

E/v_hwc   (  132): overlay_compose_check_ddr_freq: K3FB_OVC_CHECK_DDR_FREQ failed!

E/PGPSDownloader.SocketServer( 3181): java.io.IOException: Connection refused

E/StubController( 5825): service = null

E/WifiHW  (  535): wifi_send_command ret:0

E/v_hwc   (  132): overlay_compose_check_ddr_freq: K3FB_OVC_CHECK_DDR_FREQ failed!

E/WifiHW  (  535): wifi_send_command ret:0

E/memtrack( 7704): Couldn't load memtrack module (No such file or directory)

E/android.os.Debug( 7704): failed to load memtrack module: -2

I/android_hardware_fm.cpp( 7704): ----Inside int register_android_hardware_fm_fmradio(JNIEnv*)----

I/android_hardware_fm.cpp( 7704): register_android_hardware_fm_fmradio, ret is 0

E/StubController( 5825): service = null

E/StubController(  791): service = null

W/TemperatureMonitor2(  843): Enter 39'C at 161:48

E/WifiHW  (  535): wifi_send_command ret:0

E/v_hwc   (  132): overlay_compose_check_ddr_freq: K3FB_OVC_CHECK_DDR_FREQ failed!

E/memtrack( 7724): Couldn't load memtrack module (No such file or directory)

E/android.os.Debug( 7724): failed to load memtrack module: -2

I/android_hardware_fm.cpp( 7724): ----Inside int register_android_hardware_fm_fmradio(JNIEnv*)----

I/android_hardware_fm.cpp( 7724): register_android_hardware_fm_fmradio, ret is 0

E/PGPSDownloader.SocketServer( 3181): java.io.IOException: Connection refused

E/WifiHW  (  535): wifi_send_command ret:0

E/StubController( 5825): service = null

I/PackageManager(  535): Running dexopt on: hcc.muc

E/WifiHW  (  535): wifi_send_command ret:0

E/StubController(  791): service = null

W/PushLog2529( 2831): [main-1]no macAddress in device_info(android/CommFun.java:1352)

I/AccountTypeManager(  780): Adding account type = com.android.contacts.model.account.ExchangeAccountType@41c281d0 in the cache

E/v_hwc   (  132): overlay_compose_check_ddr_freq: K3FB_OVC_CHECK_DDR_FREQ failed!

I/AccountTypeManager(  780): Adding account type = com.android.contacts.model.account.ExternalAccountType@41c603b0 in the cache

W/AccountTypeManager(  780): No authenticator found for type=com.android.huawei.secondsim, ignoring it.

I/AccountTypeManager(  780): Loaded meta-data for 2 account types, 1 accounts in 59ms(wall) 12ms(cpu)

I/InputReader(  535): Reconfiguring input devices.  changes=0x00000010

I/PackageManager(  535):   Action: "android.intent.action.SENDTO"

I/PackageManager(  535):   Category: "android.intent.category.DEFAULT"

I/PackageManager(  535):   Scheme: "sms"

W/HwLauncher(  877): SimpleLauncherModeNobody to tell about the new app.  Launcher is probably loading.

E/StubController(  877): service = null

I/PackageManager(  535):   Action: "android.intent.action.SENDTO"

I/PackageManager(  535):   Category: "android.intent.category.DEFAULT"

I/PackageManager(  535):   Scheme: "smsto"

I/PushLog2529( 4769): [Thread-336-336]framework push exist, use framework push first(contacts/CommFun.java:1211)

E/v_hwc   (  132): overlay_compose_check_ddr_freq: K3FB_OVC_CHECK_DDR_FREQ failed!

I/PackageManager(  535):   Action: "android.intent.action.SENDTO"

I/PackageManager(  535):   Category: "android.intent.category.DEFAULT"

I/PackageManager(  535):   Scheme: "mms"

I/PackageManager(  535):   Action: "android.intent.action.SENDTO"

I/PackageManager(  535):   Category: "android.intent.category.DEFAULT"

I/PackageManager(  535):   Scheme: "mmsto"

I/PushLog2529( 2831): [main-1]PushService onStartCommand(android/PushService.java:154)

I/PackageManager(  535):   Action: "android.intent.action.SENDTO"

I/PackageManager(  535):   Category: "android.intent.category.DEFAULT"

I/PackageManager(  535):   Scheme: "sms"

I/PushLog2529( 2337): [Thread-219-219]framework push exist, use framework push first(ds/CommFun.java:1211)

I/PackageManager(  535):   Action: "android.intent.action.SENDTO"

I/PackageManager(  535):   Category: "android.intent.category.DEFAULT"

I/PackageManager(  535):   Scheme: "smsto"

I/PushLog2529( 2831): [main-1]PushService onStartCommand(android/PushService.java:154)

I/PackageManager(  535):   Action: "android.intent.action.SENDTO"

I/PackageManager(  535):   Category: "android.intent.category.DEFAULT"

I/PackageManager(  535):   Scheme: "mms"

I/PushLog2529(  832): [Thread-48-48]framework push exist, use framework push first(pushagent/CommFun.java:1211)

I/PackageManager(  535):   Action: "android.intent.action.SENDTO"

I/PackageManager(  535):   Category: "android.intent.category.DEFAULT"

I/PackageManager(  535):   Scheme: "mmsto"

E/v_hwc   (  132): overlay_compose_check_ddr_freq: K3FB_OVC_CHECK_DDR_FREQ failed!

I/PushLog2529( 2831): [main-1]PushService onStartCommand(android/PushService.java:154)

W/Searchables(  535): No global search activity found

I/dalvikvm( 7762): Enabling JNI app bug workarounds for target SDK version 9...

E/StubController(  791): service = null

E/StubController( 7762): service = null

W/System.err(  791): java.lang.SecurityException: No permission to write APN settings: Neither user 10077 nor current process has android.permission.WRITE_APN_SETTINGS.

W/System.err(  791): 	at android.app.ContextImpl.enforce(ContextImpl.java:1756)

W/System.err(  791): 	at android.app.ContextImpl.enforceCallingOrSelfPermission(ContextImpl.java:1785)

W/System.err(  791): 	at com.android.providers.telephony.TelephonyProvider.checkPermission(TelephonyProvider.java:1664)

W/System.err(  791): 	at com.android.providers.telephony.TelephonyProvider.query(TelephonyProvider.java:1192)

W/System.err(  791): 	at android.content.ContentProvider.query(ContentProvider.java:857)

W/System.err(  791): 	at android.content.ContentProvider$Transport.query(ContentProvider.java:200)

W/System.err(  791): 	at android.content.ContentProviderNative.onTransact(ContentProviderNative.java:112)

W/System.err(  791): 	at android.os.Binder.execTransact(Binder.java:404)

W/System.err(  791): 	at dalvik.system.NativeStart.run(Native Method)

E/DatabaseUtils(  791): Writing exception to parcel

E/DatabaseUtils(  791): java.lang.SecurityException: No permission to write APN settings: Neither user 10077 nor current process has android.permission.WRITE_APN_SETTINGS.

E/DatabaseUtils(  791): 	at android.app.ContextImpl.enforce(ContextImpl.java:1756)

E/DatabaseUtils(  791): 	at android.app.ContextImpl.enforceCallingOrSelfPermission(ContextImpl.java:1785)

E/DatabaseUtils(  791): 	at com.android.providers.telephony.TelephonyProvider.checkPermission(TelephonyProvider.java:1664)

E/DatabaseUtils(  791): 	at com.android.providers.telephony.TelephonyProvider.query(TelephonyProvider.java:1192)

E/DatabaseUtils(  791): 	at android.content.ContentProvider.query(ContentProvider.java:857)

E/DatabaseUtils(  791): 	at android.content.ContentProvider$Transport.query(ContentProvider.java:200)

E/DatabaseUtils(  791): 	at android.content.ContentProviderNative.onTransact(ContentProviderNative.java:112)

E/DatabaseUtils(  791): 	at android.os.Binder.execTransact(Binder.java:404)

E/DatabaseUtils(  791): 	at dalvik.system.NativeStart.run(Native Method)

E/StubController( 1730): service = null

I/dalvikvm-heap( 5825): Grow heap (frag case) to 5.637MB for 55712-byte allocation

I/dalvikvm-heap( 5825): Grow heap (frag case) to 5.699MB for 65552-byte allocation

E/StubController( 5825): service = null

E/StubController(  791): service = null

E/memtrack( 7810): Couldn't load memtrack module (No such file or directory)

E/android.os.Debug( 7810): failed to load memtrack module: -2

I/android_hardware_fm.cpp( 7810): ----Inside int register_android_hardware_fm_fmradio(JNIEnv*)----

I/android_hardware_fm.cpp( 7810): register_android_hardware_fm_fmradio, ret is 0

E/WifiHW  (  535): wifi_send_command ret:0

E/v_hwc   (  132): overlay_compose_check_ddr_freq: K3FB_OVC_CHECK_DDR_FREQ failed!

E/WifiHW  (  535): wifi_send_command ret:0

E/v_hwc   (  132): overlay_compose_check_ddr_freq: K3FB_OVC_CHECK_DDR_FREQ failed!

E/PGPSDownloader.SocketServer( 3181): java.io.IOException: Connection refused

E/StubController( 5825): service = null

I/Process ( 7762): Sending signal. PID: 7762 SIG: 9

E/v_hwc   (  132): overlay_compose_check_ddr_freq: K3FB_OVC_CHECK_DDR_FREQ failed!

I/AlipayPush_ClientActionReceiver( 6741): onReceive() action=com.eg.android.AlipayGphoneRC.push.action.KEEPLIVE

I/AlipayPush_ClientActionReceiver( 6741): onReceive() networkInfo.isConnected()=true

I/AlipayPush_k( 6741): sendPacket()... packet.id=3

I/Monitor ( 6741): [main]onReceive at: com.alipay.pushsdk.push.ClientActionReceiver, Intent: Intent { act=com.eg.android.AlipayGphoneRC.push.action.KEEPLIVE flg=0x14 pkg=com.eg.android.AlipayGphoneRC (has extras) }, cost:34 ms.

E/cutils  (  126): Failed to mkdirat(/storage/sdcard1/Android): Read-only file system

W/ContextImpl( 6741): Failed to ensure directory: /storage/sdcard1/Android/data/com.eg.android.AlipayGphoneRC/files/applog

E/cutils  (  126): Failed to mkdirat(/storage/sdcard1/Android): Read-only file system

W/ContextImpl( 6741): Failed to ensure directory: /storage/sdcard1/Android/data/com.eg.android.AlipayGphoneRC/files/applog

E/cutils  (  126): Failed to mkdirat(/storage/sdcard1/Android): Read-only file system

W/ContextImpl( 6741): Failed to ensure directory: /storage/sdcard1/Android/data/com.eg.android.AlipayGphoneRC/files/applog

E/cutils  (  126): Failed to mkdirat(/storage/sdcard1/Android): Read-only file system

W/ContextImpl( 6741): Failed to ensure directory: /storage/sdcard1/Android/data/com.eg.android.AlipayGphoneRC/files/applog

I/AlipayPush_b( 6741): processPacket() got one HeartBeatPacket from Server!

I/AlipayPush_l( 6741): getPushKeepAliveInterval() keepAliveTime=45

E/v_hwc   (  132): overlay_compose_check_ddr_freq: K3FB_OVC_CHECK_DDR_FREQ failed!

E/WifiHW  (  535): wifi_send_command ret:0

E/v_hwc   (  132): overlay_compose_check_ddr_freq: K3FB_OVC_CHECK_DDR_FREQ failed!

E/TemperatureMonitor2(  843): BatteryTemp=330

E/v_hwc   (  132): overlay_compose_check_ddr_freq: K3FB_OVC_CHECK_DDR_FREQ failed!

E/memtrack( 7836): Couldn't load memtrack module (No such file or directory)

E/android.os.Debug( 7836): failed to load memtrack module: -2

I/android_hardware_fm.cpp( 7836): ----Inside int register_android_hardware_fm_fmradio(JNIEnv*)----

I/android_hardware_fm.cpp( 7836): register_android_hardware_fm_fmradio, ret is 0

E/StubController( 5825): service = null

E/WifiHW  (  535): wifi_send_command ret:0

I/PackageManager(  535): Running dexopt on: io.selendroid.hcc.muc

E/StubController(  791): service = null

W/TemperatureMonitor2(  843): Enter 40'C at 162:08

E/WifiHW  (  535): wifi_send_command ret:0

W/HwLauncher(  877): SimpleLauncherModeNobody to tell about the new app.  Launcher is probably loading.

I/AccountTypeManager(  780): Adding account type = com.android.contacts.model.account.ExchangeAccountType@41c26c20 in the cache

I/InputReader(  535): Reconfiguring input devices.  changes=0x00000010

E/v_hwc   (  132): overlay_compose_check_ddr_freq: K3FB_OVC_CHECK_DDR_FREQ failed!

I/PackageManager(  535):   Action: "android.intent.action.SENDTO"

I/PackageManager(  535):   Category: "android.intent.category.DEFAULT"

I/PackageManager(  535):   Scheme: "sms"

I/AccountTypeManager(  780): Adding account type = com.android.contacts.model.account.ExternalAccountType@41c05488 in the cache

W/AccountTypeManager(  780): No authenticator found for type=com.android.huawei.secondsim, ignoring it.

I/AccountTypeManager(  780): Loaded meta-data for 2 account types, 1 accounts in 72ms(wall) 11ms(cpu)

I/PackageManager(  535):   Action: "android.intent.action.SENDTO"

I/PackageManager(  535):   Category: "android.intent.category.DEFAULT"

I/PackageManager(  535):   Scheme: "smsto"

I/PackageManager(  535):   Action: "android.intent.action.SENDTO"

I/PackageManager(  535):   Category: "android.intent.category.DEFAULT"

I/PackageManager(  535):   Scheme: "mms"

I/PushLog2529( 4769): [Thread-336-336]framework push exist, use framework push first(contacts/CommFun.java:1211)

I/PushLog2529( 2831): [main-1]PushService onStartCommand(android/PushService.java:154)

I/PackageManager(  535):   Action: "android.intent.action.SENDTO"

I/PackageManager(  535):   Category: "android.intent.category.DEFAULT"

I/PackageManager(  535):   Scheme: "mmsto"

I/PushLog2529( 2337): [Thread-219-219]framework push exist, use framework push first(ds/CommFun.java:1211)

I/PackageManager(  535):   Action: "android.intent.action.SENDTO"

I/PackageManager(  535):   Category: "android.intent.category.DEFAULT"

I/PackageManager(  535):   Scheme: "sms"

I/PushLog2529( 2831): [main-1]PushService onStartCommand(android/PushService.java:154)

I/PackageManager(  535):   Action: "android.intent.action.SENDTO"

I/PackageManager(  535):   Category: "android.intent.category.DEFAULT"

I/PackageManager(  535):   Scheme: "smsto"

I/PushLog2529(  832): [Thread-48-48]framework push exist, use framework push first(pushagent/CommFun.java:1211)

I/PackageManager(  535):   Action: "android.intent.action.SENDTO"

I/PackageManager(  535):   Category: "android.intent.category.DEFAULT"

I/PackageManager(  535):   Scheme: "mms"

I/PushLog2529( 2831): [main-1]PushService onStartCommand(android/PushService.java:154)

I/PackageManager(  535):   Action: "android.intent.action.SENDTO"

I/PackageManager(  535):   Category: "android.intent.category.DEFAULT"

I/PackageManager(  535):   Scheme: "mmsto"

I/dalvikvm( 7857): Enabling JNI app bug workarounds for target SDK version 9...

W/Searchables(  535): No global search activity found

E/StubController(  791): service = null

E/StubController( 7857): service = null

W/System.err(  791): java.lang.SecurityException: No permission to write APN settings: Neither user 10077 nor current process has android.permission.WRITE_APN_SETTINGS.

W/System.err(  791): 	at android.app.ContextImpl.enforce(ContextImpl.java:1756)

W/System.err(  791): 	at android.app.ContextImpl.enforceCallingOrSelfPermission(ContextImpl.java:1785)

W/System.err(  791): 	at com.android.providers.telephony.TelephonyProvider.checkPermission(TelephonyProvider.java:1664)

W/System.err(  791): 	at com.android.providers.telephony.TelephonyProvider.query(TelephonyProvider.java:1192)

W/System.err(  791): 	at android.content.ContentProvider.query(ContentProvider.java:857)

W/System.err(  791): 	at android.content.ContentProvider$Transport.query(ContentProvider.java:200)

W/System.err(  791): 	at android.content.ContentProviderNative.onTransact(ContentProviderNative.java:112)

W/System.err(  791): 	at android.os.Binder.execTransact(Binder.java:404)

W/System.err(  791): 	at dalvik.system.NativeStart.run(Native Method)

E/DatabaseUtils(  791): Writing exception to parcel

E/DatabaseUtils(  791): java.lang.SecurityException: No permission to write APN settings: Neither user 10077 nor current process has android.permission.WRITE_APN_SETTINGS.

E/DatabaseUtils(  791): 	at android.app.ContextImpl.enforce(ContextImpl.java:1756)

E/DatabaseUtils(  791): 	at android.app.ContextImpl.enforceCallingOrSelfPermission(ContextImpl.java:1785)

E/DatabaseUtils(  791): 	at com.android.providers.telephony.TelephonyProvider.checkPermission(TelephonyProvider.java:1664)

E/DatabaseUtils(  791): 	at com.android.providers.telephony.TelephonyProvider.query(TelephonyProvider.java:1192)

E/DatabaseUtils(  791): 	at android.content.ContentProvider.query(ContentProvider.java:857)

E/DatabaseUtils(  791): 	at android.content.ContentProvider$Transport.query(ContentProvider.java:200)

E/DatabaseUtils(  791): 	at android.content.ContentProviderNative.onTransact(ContentProviderNative.java:112)

E/DatabaseUtils(  791): 	at android.os.Binder.execTransact(Binder.java:404)

E/DatabaseUtils(  791): 	at dalvik.system.NativeStart.run(Native Method)

E/StubController( 1730): service = null

E/PGPSDownloader.SocketServer( 3181): java.io.IOException: Connection refused

E/StubController( 5825): service = null

E/memtrack( 7902): Couldn't load memtrack module (No such file or directory)

E/android.os.Debug( 7902): failed to load memtrack module: -2

I/android_hardware_fm.cpp( 7902): ----Inside int register_android_hardware_fm_fmradio(JNIEnv*)----

I/android_hardware_fm.cpp( 7902): register_android_hardware_fm_fmradio, ret is 0

I/dalvikvm( 7915): Enabling JNI app bug workarounds for target SDK version 4...

W/HwLauncher(  877): Launcher.MotionManager failed to stop TYPE_SHAKE_REARRAGE_WIDGETS

E/v_hwc   (  132): overlay_compose_check_ddr_freq: K3FB_OVC_CHECK_DDR_FREQ failed!

I/dalvikvm( 7915): Could not find method org.slf4j.LoggerFactory.getILoggerFactory, referenced from method io.netty.util.internal.logging.Slf4JLoggerFactory.<init>

W/dalvikvm( 7915): VFY: unable to resolve static method 15333: Lorg/slf4j/LoggerFactory;.getILoggerFactory ()Lorg/slf4j/ILoggerFactory;

I/dalvikvm( 7915): Could not find method org.slf4j.LoggerFactory.getLogger, referenced from method io.netty.util.internal.logging.Slf4JLoggerFactory.newInstance

W/dalvikvm( 7915): VFY: unable to resolve static method 15334: Lorg/slf4j/LoggerFactory;.getLogger (Ljava/lang/String;)Lorg/slf4j/Logger;

I/dalvikvm( 7915): Could not find method org.apache.log4j.Logger.getLogger, referenced from method io.netty.util.internal.logging.Log4JLoggerFactory.newInstance

W/dalvikvm( 7915): VFY: unable to resolve static method 15191: Lorg/apache/log4j/Logger;.getLogger (Ljava/lang/String;)Lorg/apache/log4j/Logger;

W/dalvikvm( 7915): VFY: unable to find class referenced in signature (Lorg/apache/log4j/Logger;)

I/dalvikvm( 7915): Could not find method org.apache.log4j.Logger.getName, referenced from method io.netty.util.internal.logging.Log4JLogger.<init>

W/dalvikvm( 7915): VFY: unable to resolve virtual method 15192: Lorg/apache/log4j/Logger;.getName ()Ljava/lang/String;

I/dalvikvm( 7915): Could not find method org.apache.log4j.Logger.isTraceEnabled, referenced from method io.netty.util.internal.logging.Log4JLogger.isTraceCapable

W/dalvikvm( 7915): VFY: unable to resolve virtual method 15196: Lorg/apache/log4j/Logger;.isTraceEnabled ()Z

W/dalvikvm( 7915): VFY: unable to resolve static field 4431 (DEBUG) in Lorg/apache/log4j/Level;

I/dalvikvm( 7915): Could not find method org.apache.log4j.Logger.isDebugEnabled, referenced from method io.netty.util.internal.logging.Log4JLogger.debug

W/dalvikvm( 7915): VFY: unable to resolve virtual method 15193: Lorg/apache/log4j/Logger;.isDebugEnabled ()Z

I/dalvikvm( 7915): Could not find method org.apache.log4j.Logger.isDebugEnabled, referenced from method io.netty.util.internal.logging.Log4JLogger.debug

W/dalvikvm( 7915): VFY: unable to resolve virtual method 15193: Lorg/apache/log4j/Logger;.isDebugEnabled ()Z

W/dalvikvm( 7915): VFY: unable to resolve static field 4431 (DEBUG) in Lorg/apache/log4j/Level;

I/dalvikvm( 7915): Could not find method org.apache.log4j.Logger.isDebugEnabled, referenced from method io.netty.util.internal.logging.Log4JLogger.debug

W/dalvikvm( 7915): VFY: unable to resolve virtual method 15193: Lorg/apache/log4j/Logger;.isDebugEnabled ()Z

W/dalvikvm( 7915): VFY: unable to resolve static field 4432 (ERROR) in Lorg/apache/log4j/Level;

W/dalvikvm( 7915): VFY: unable to resolve static field 4432 (ERROR) in Lorg/apache/log4j/Level;

W/dalvikvm( 7915): VFY: unable to resolve static field 4432 (ERROR) in Lorg/apache/log4j/Level;

W/dalvikvm( 7915): VFY: unable to resolve static field 4432 (ERROR) in Lorg/apache/log4j/Level;

W/dalvikvm( 7915): VFY: unable to resolve static field 4432 (ERROR) in Lorg/apache/log4j/Level;

W/dalvikvm( 7915): VFY: unable to resolve static field 4433 (INFO) in Lorg/apache/log4j/Level;

I/dalvikvm( 7915): Could not find method org.apache.log4j.Logger.isInfoEnabled, referenced from method io.netty.util.internal.logging.Log4JLogger.info

W/dalvikvm( 7915): VFY: unable to resolve virtual method 15195: Lorg/apache/log4j/Logger;.isInfoEnabled ()Z

E/WifiHW  (  535): wifi_send_command ret:0

I/dalvikvm( 7915): Could not find method org.apache.log4j.Logger.isInfoEnabled, referenced from method io.netty.util.internal.logging.Log4JLogger.info

W/dalvikvm( 7915): VFY: unable to resolve virtual method 15195: Lorg/apache/log4j/Logger;.isInfoEnabled ()Z

W/dalvikvm( 7915): VFY: unable to resolve static field 4433 (INFO) in Lorg/apache/log4j/Level;

I/dalvikvm( 7915): Could not find method org.apache.log4j.Logger.isInfoEnabled, referenced from method io.netty.util.internal.logging.Log4JLogger.info

W/dalvikvm( 7915): VFY: unable to resolve virtual method 15195: Lorg/apache/log4j/Logger;.isInfoEnabled ()Z

I/dalvikvm( 7915): Could not find method org.apache.log4j.Logger.isDebugEnabled, referenced from method io.netty.util.internal.logging.Log4JLogger.isDebugEnabled

W/dalvikvm( 7915): VFY: unable to resolve virtual method 15193: Lorg/apache/log4j/Logger;.isDebugEnabled ()Z

W/dalvikvm( 7915): VFY: unable to resolve static field 4432 (ERROR) in Lorg/apache/log4j/Level;

I/dalvikvm( 7915): Could not find method org.apache.log4j.Logger.isInfoEnabled, referenced from method io.netty.util.internal.logging.Log4JLogger.isInfoEnabled

W/dalvikvm( 7915): VFY: unable to resolve virtual method 15195: Lorg/apache/log4j/Logger;.isInfoEnabled ()Z

I/dalvikvm( 7915): Could not find method org.apache.log4j.Logger.isTraceEnabled, referenced from method io.netty.util.internal.logging.Log4JLogger.isTraceEnabled

W/dalvikvm( 7915): VFY: unable to resolve virtual method 15196: Lorg/apache/log4j/Logger;.isTraceEnabled ()Z

I/dalvikvm( 7915): Could not find method org.apache.log4j.Logger.isDebugEnabled, referenced from method io.netty.util.internal.logging.Log4JLogger.isTraceEnabled

W/dalvikvm( 7915): VFY: unable to resolve virtual method 15193: Lorg/apache/log4j/Logger;.isDebugEnabled ()Z

W/dalvikvm( 7915): VFY: unable to resolve static field 4435 (WARN) in Lorg/apache/log4j/Level;

W/dalvikvm( 7915): VFY: unable to resolve static field 4434 (TRACE) in Lorg/apache/log4j/Level;

W/dalvikvm( 7915): VFY: unable to resolve static field 4431 (DEBUG) in Lorg/apache/log4j/Level;

W/dalvikvm( 7915): VFY: unable to resolve static field 4434 (TRACE) in Lorg/apache/log4j/Level;

W/dalvikvm( 7915): VFY: unable to resolve static field 4431 (DEBUG) in Lorg/apache/log4j/Level;

W/dalvikvm( 7915): VFY: unable to resolve static field 4434 (TRACE) in Lorg/apache/log4j/Level;

W/dalvikvm( 7915): VFY: unable to resolve static field 4431 (DEBUG) in Lorg/apache/log4j/Level;

W/dalvikvm( 7915): VFY: unable to resolve static field 4434 (TRACE) in Lorg/apache/log4j/Level;

W/dalvikvm( 7915): VFY: unable to resolve static field 4431 (DEBUG) in Lorg/apache/log4j/Level;

W/dalvikvm( 7915): VFY: unable to resolve static field 4434 (TRACE) in Lorg/apache/log4j/Level;

W/dalvikvm( 7915): VFY: unable to resolve static field 4431 (DEBUG) in Lorg/apache/log4j/Level;

W/dalvikvm( 7915): VFY: unable to resolve static field 4435 (WARN) in Lorg/apache/log4j/Level;

W/dalvikvm( 7915): VFY: unable to resolve static field 4435 (WARN) in Lorg/apache/log4j/Level;

W/dalvikvm( 7915): VFY: unable to resolve static field 4435 (WARN) in Lorg/apache/log4j/Level;

W/dalvikvm( 7915): VFY: unable to resolve static field 4435 (WARN) in Lorg/apache/log4j/Level;

W/dalvikvm( 7915): VFY: unable to resolve static field 4435 (WARN) in Lorg/apache/log4j/Level;

I/dalvikvm( 7915): DexOpt: unable to optimize static field ref 0x114f at 0x10 in Lio/netty/util/internal/logging/Log4JLogger;.debug

I/dalvikvm( 7915): DexOpt: unable to optimize static field ref 0x114f at 0x10 in Lio/netty/util/internal/logging/Log4JLogger;.debug

I/dalvikvm( 7915): DexOpt: unable to optimize static field ref 0x114f at 0x10 in Lio/netty/util/internal/logging/Log4JLogger;.debug

I/dalvikvm( 7915): DexOpt: unable to optimize static field ref 0x1150 at 0x12 in Lio/netty/util/internal/logging/Log4JLogger;.error

I/dalvikvm( 7915): DexOpt: unable to optimize static field ref 0x1150 at 0x12 in Lio/netty/util/internal/logging/Log4JLogger;.error

I/dalvikvm( 7915): DexOpt: unable to optimize static field ref 0x1150 at 0x12 in Lio/netty/util/internal/logging/Log4JLogger;.error

I/dalvikvm( 7915): DexOpt: unable to optimize static field ref 0x1151 at 0x10 in Lio/netty/util/internal/logging/Log4JLogger;.info

I/dalvikvm( 7915): DexOpt: unable to optimize static field ref 0x1151 at 0x10 in Lio/netty/util/internal/logging/Log4JLogger;.info

I/dalvikvm( 7915): DexOpt: unable to optimize static field ref 0x1151 at 0x10 in Lio/netty/util/internal/logging/Log4JLogger;.info

I/dalvikvm( 7915): DexOpt: unable to optimize static field ref 0x1153 at 0x12 in Lio/netty/util/internal/logging/Log4JLogger;.warn

I/dalvikvm( 7915): DexOpt: unable to optimize static field ref 0x1153 at 0x12 in Lio/netty/util/internal/logging/Log4JLogger;.warn

I/dalvikvm( 7915): DexOpt: unable to optimize static field ref 0x1153 at 0x12 in Lio/netty/util/internal/logging/Log4JLogger;.warn

I/dalvikvm-heap( 7915): Grow heap (frag case) to 6.868MB for 3686416-byte allocation

I/dalvikvm( 7915): Could not find method sun.misc.Unsafe.copyMemory, referenced from method io.netty.util.internal.PlatformDependent0.copyMemory

W/dalvikvm( 7915): VFY: unable to resolve virtual method 15350: Lsun/misc/Unsafe;.copyMemory (JJJ)V

I/dalvikvm( 7915): Could not find method sun.misc.Unsafe.copyMemory, referenced from method io.netty.util.internal.PlatformDependent0.copyMemory

W/dalvikvm( 7915): VFY: unable to resolve virtual method 15351: Lsun/misc/Unsafe;.copyMemory (Ljava/lang/Object;JLjava/lang/Object;JJ)V

I/dalvikvm( 7915): Could not find method sun.misc.Unsafe.getByte, referenced from method io.netty.util.internal.PlatformDependent0.getByte

W/dalvikvm( 7915): VFY: unable to resolve virtual method 15352: Lsun/misc/Unsafe;.getByte (J)B

I/dalvikvm( 7915): Could not find method sun.misc.Unsafe.getInt, referenced from method io.netty.util.internal.PlatformDependent0.getInt

W/dalvikvm( 7915): VFY: unable to resolve virtual method 15353: Lsun/misc/Unsafe;.getInt (J)I

I/dalvikvm( 7915): Could not find method sun.misc.Unsafe.getLong, referenced from method io.netty.util.internal.PlatformDependent0.getLong

W/dalvikvm( 7915): VFY: unable to resolve virtual method 15356: Lsun/misc/Unsafe;.getLong (J)J

I/dalvikvm( 7915): Could not find method sun.misc.Unsafe.getShort, referenced from method io.netty.util.internal.PlatformDependent0.getShort

W/dalvikvm( 7915): VFY: unable to resolve virtual method 15361: Lsun/misc/Unsafe;.getShort (J)S

I/dalvikvm( 7915): Could not find method sun.misc.Unsafe.putByte, referenced from method io.netty.util.internal.PlatformDependent0.putByte

W/dalvikvm( 7915): VFY: unable to resolve virtual method 15365: Lsun/misc/Unsafe;.putByte (JB)V

I/dalvikvm( 7915): Could not find method sun.misc.Unsafe.putInt, referenced from method io.netty.util.internal.PlatformDependent0.putInt

W/dalvikvm( 7915): VFY: unable to resolve virtual method 15366: Lsun/misc/Unsafe;.putInt (JI)V

I/dalvikvm( 7915): Could not find method sun.misc.Unsafe.putLong, referenced from method io.netty.util.internal.PlatformDependent0.putLong

W/dalvikvm( 7915): VFY: unable to resolve virtual method 15368: Lsun/misc/Unsafe;.putLong (JJ)V

I/dalvikvm( 7915): Could not find method sun.misc.Unsafe.putShort, referenced from method io.netty.util.internal.PlatformDependent0.putShort

W/dalvikvm( 7915): VFY: unable to resolve virtual method 15375: Lsun/misc/Unsafe;.putShort (JS)V

I/dalvikvm( 7915): Could not find method sun.misc.Unsafe.throwException, referenced from method io.netty.util.internal.PlatformDependent0.throwException

W/dalvikvm( 7915): VFY: unable to resolve virtual method 15376: Lsun/misc/Unsafe;.throwException (Ljava/lang/Throwable;)V

I/dalvikvm-heap( 7915): Grow heap (frag case) to 10.710MB for 3686416-byte allocation

E/StubController(  791): service = null

I/Keyboard.Facilitator(  747): onFinishInput()

I/ActivityManager(  535): Displayed hcc.muc/org.zywx.wbpalmstar.engine.EBrowserActivity: +555ms

E/WifiHW  (  535): wifi_send_command ret:0

I/Process ( 7857): Sending signal. PID: 7857 SIG: 9

E/StubController( 5825): service = null

I/UiAutomatorHarbour( 6238): receiced:{"params":{"key":"no"},"command":"getDisplayWidth"}

I/UiAutomatorHarbour( 6238): response:720

I/UiAutomatorHarbour( 6238): receiced:{"params":{"key":"no"},"command":"getDisplayHeight"}

I/UiAutomatorHarbour( 6238): response:1184

E/StubController(  791): service = null

E/memtrack( 7956): Couldn't load memtrack module (No such file or directory)

E/android.os.Debug( 7956): failed to load memtrack module: -2

I/android_hardware_fm.cpp( 7956): ----Inside int register_android_hardware_fm_fmradio(JNIEnv*)----

I/android_hardware_fm.cpp( 7956): register_android_hardware_fm_fmradio, ret is 0

E/StubController(  791): service = null

I/chromium( 7915): [INFO:library_loader_hooks.cc(112)] Chromium logging enabled: level = 0, default verbosity = 0

I/BrowserProcessMain( 7915): Initializing chromium process, renderers=0

I/chromium( 7915): [INFO:url_util.cc(429)] AddStandardScheme is not supported

I/chromium( 7915): [INFO:url_util.cc(429)] AddStandardScheme is not supported

I/chromium( 7915): [INFO:url_util.cc(429)] AddStandardScheme is not supported

I/chromium( 7915): [INFO:url_util.cc(429)] AddStandardScheme is not supported

W/chromium( 7915): [WARNING:proxy_service.cc(888)] PAC support disabled because there is no system implementation

I/dalvikvm-heap( 7915): Grow heap (frag case) to 14.525MB for 3271696-byte allocation

W/AwContents( 7915): nativeOnDraw failed; clearing to background color.

E/StubController(  791): service = null

I/System.out( 7915): 022BTF9M36006926

E/StubController(  791): service = null

I/System.out( 7915): clean

E/WifiHW  (  535): wifi_send_command ret:0

I/chromium( 7915): [INFO:CONSOLE(6)] "Viewport target-densitydpi is not supported.", source: file:///data/data/hcc.muc/files/widget/login.html (6)

E/PGPSDownloader.SocketServer( 3181): java.io.IOException: Connection refused

E/StubController( 5825): service = null

E/WifiHW  (  535): wifi_send_command ret:0

E/WifiHW  (  535): wifi_send_command ret:0

E/StubController( 5825): service = null

W/TemperatureMonitor2(  843): Enter 41'C at 162:28

E/StubController(  791): service = null

E/WifiHW  (  535): wifi_send_command ret:0

E/WifiHW  (  535): wifi_send_command ret:0

E/PGPSDownloader.SocketServer( 3181): java.io.IOException: Connection refused

E/StubController( 5825): service = null

E/WifiHW  (  535): wifi_send_command ret:0

I/UiAutomatorHarbour( 6238): receiced:{"params":{"y":322,"x":355},"command":"click"}

I/UiAutomatorHarbour( 6238): response:true

E/StubController( 5825): service = null

E/WifiHW  (  535): wifi_send_command ret:0

E/StubController(  791): service = null

I/UiAutomatorHarbour( 6238): receiced:{"params":{"keyCode":8},"command":"pressKeyCode"}

I/UiAutomatorHarbour( 6238): response:true

I/UiAutomatorHarbour( 6238): receiced:{"params":{"keyCode":9},"command":"pressKeyCode"}

I/UiAutomatorHarbour( 6238): response:true

I/UiAutomatorHarbour( 6238): receiced:{"params":{"keyCode":10},"command":"pressKeyCode"}

I/UiAutomatorHarbour( 6238): response:true

I/UiAutomatorHarbour( 6238): receiced:{"params":{"keyCode":11},"command":"pressKeyCode"}

I/UiAutomatorHarbour( 6238): response:true

I/UiAutomatorHarbour( 6238): receiced:{"params":{"keyCode":12},"command":"pressKeyCode"}

I/UiAutomatorHarbour( 6238): response:true

I/UiAutomatorHarbour( 6238): receiced:{"params":{"keyCode":13},"command":"pressKeyCode"}

I/UiAutomatorHarbour( 6238): response:true

E/WifiHW  (  535): wifi_send_command ret:0

I/UiAutomatorHarbour( 6238): receiced:{"params":{"y":435,"x":344},"command":"click"}

I/UiAutomatorHarbour( 6238): response:true

E/PGPSDownloader.SocketServer( 3181): java.io.IOException: Connection refused

I/UiAutomatorHarbour( 6238): receiced:{"params":{"keyCode":8},"command":"pressKeyCode"}

I/UiAutomatorHarbour( 6238): response:true

I/UiAutomatorHarbour( 6238): receiced:{"params":{"keyCode":9},"command":"pressKeyCode"}

E/StubController( 5825): service = null

I/UiAutomatorHarbour( 6238): response:true

I/UiAutomatorHarbour( 6238): receiced:{"params":{"keyCode":10},"command":"pressKeyCode"}

I/UiAutomatorHarbour( 6238): response:true

I/UiAutomatorHarbour( 6238): receiced:{"params":{"keyCode":11},"command":"pressKeyCode"}

I/UiAutomatorHarbour( 6238): response:true

I/UiAutomatorHarbour( 6238): receiced:{"params":{"keyCode":12},"command":"pressKeyCode"}

I/UiAutomatorHarbour( 6238): response:true

I/UiAutomatorHarbour( 6238): receiced:{"params":{"keyCode":13},"command":"pressKeyCode"}

I/UiAutomatorHarbour( 6238): response:true

I/UiAutomatorHarbour( 6238): receiced:{"params":{"y":678,"x":357},"command":"click"}

I/UiAutomatorHarbour( 6238): response:true

I/UiAutomatorHarbour( 6238): receiced:null

I/UiAutomatorHarbour( 6238): UiAutomatorHarbour is listening:port=5048

E/BufferQueue(  132): [com.huawei.android.launcher/com.huawei.android.launcher.Launcher] dequeueBuffer: can't dequeue multiple buffers without setting the buffer count

I/Keyboard.Facilitator(  747): onFinishInput()

E/WifiHW  (  535): wifi_send_command ret:0

E/v_hwc   (  132): overlay_compose_check_ddr_freq: K3FB_OVC_CHECK_DDR_FREQ failed!

E/v_hwc   (  132): overlay_compose_check_ddr_freq: K3FB_OVC_CHECK_DDR_FREQ failed!

E/WindowManager( 7915): 

E/WindowManager( 7915): android.view.WindowLeaked: Activity org.zywx.wbpalmstar.engine.EBrowserActivity has leaked window com.android.internal.policy.impl.PhoneWindow$DecorView{41b532d8 V.E..... R.....ID 0,0-700,528} that was originally added here

E/WindowManager( 7915): 	at android.view.ViewRootImpl.<init>(ViewRootImpl.java:367)

E/WindowManager( 7915): 	at android.view.WindowManagerGlobal.addView(WindowManagerGlobal.java:248)

E/WindowManager( 7915): 	at android.view.WindowManagerImpl.addView(WindowManagerImpl.java:69)

E/WindowManager( 7915): 	at android.app.Dialog.show(Dialog.java:286)

E/WindowManager( 7915): 	at org.zywx.wbpalmstar.platform.analytics.af.show(Unknown Source)

E/WindowManager( 7915): 	at org.zywx.wbpalmstar.platform.analytics.v.onClick(Unknown Source)

E/WindowManager( 7915): 	at com.android.internal.app.AlertController$ButtonHandler.handleMessage(AlertController.java:166)

E/WindowManager( 7915): 	at android.os.Handler.dispatchMessage(Handler.java:102)

E/WindowManager( 7915): 	at android.os.Looper.loop(Looper.java:136)

E/WindowManager( 7915): 	at android.app.ActivityThread.main(ActivityThread.java:5234)

E/WindowManager( 7915): 	at java.lang.reflect.Method.invokeNative(Native Method)

E/WindowManager( 7915): 	at java.lang.reflect.Method.invoke(Method.java:515)

E/WindowManager( 7915): 	at com.android.internal.os.ZygoteInit$MethodAndArgsCaller.run(ZygoteInit.java:834)

E/WindowManager( 7915): 	at com.android.internal.os.ZygoteInit.main(ZygoteInit.java:650)

E/WindowManager( 7915): 	at dalvik.system.NativeStart.main(Native Method)

E/memtrack( 8033): Couldn't load memtrack module (No such file or directory)

E/android.os.Debug( 8033): failed to load memtrack module: -2

I/android_hardware_fm.cpp( 8033): ----Inside int register_android_hardware_fm_fmradio(JNIEnv*)----

I/android_hardware_fm.cpp( 8033): register_android_hardware_fm_fmradio, ret is 0

