V/StagefrightPlayer(  349): setDataSource(29, 0, 25929)

V/AwesomePlayer(  349): reset_l()

V/AwesomePlayer(  349): notifyListner_l() msg (8-MEDIA_STOPPED), ext1 (0), ext2 (0)

V/MediaPlayerService(  349): [1508] notify (0xb8203b10, 8, 0, 0)

V/AwesomePlayer(  349): cancelPlayerEvents (keepNotifications=0)

V/AwesomePlayer(  349): mAudioTrackVector clear

V/AwesomePlayer(  349): reset_l() mAudioPlayer successfully deleted

V/AwesomePlayer(  349): mSecMediaClock clear

V/MediaPlayer( 1110): message received msg=8, ext1=0, ext2=0

V/MediaPlayer( 1110): notify(8, 0, 0) callback on disconnected mediaplayer

V/AwesomePlayer(  349): track of type 'audio/vorbis' does not publish bitrate

V/AwesomePlayer(  349): mBitrate = -1 bits/sec

V/AwesomePlayer(  349): current audio track index (0) is added to vector

V/AwesomePlayer(  349): setDataSource_l: Audio(1), Video(0)

I/AwesomePlayer(  349): AwesomePlayer::setDataSource_l():: This is not a DRM content

V/MediaPlayerService(  349): [1508] setParameter(1604)

V/StagefrightPlayer(  349): setParameter(key=1604)

V/AwesomePlayer(  349): setParameter key (1604)

V/AwesomePlayer(  349): Current Contet PID : 1110

V/MediaPlayerService(  349): [1508] getParameter(1700)

V/MediaPlayer-JNI( 1110): setLooping: 0

V/MediaPlayer( 1110): MediaPlayer::setLooping

V/MediaPlayerService(  349): [1508] setLooping(0)

V/StagefrightPlayer(  349): setLooping

V/AwesomePlayer(  349): setLooping (0)

V/MediaPlayer( 1110): setVideoSurfaceTexture

V/MediaPlayerService(  349): [1508] setVideoSurfaceTexture(0x0)

W/System.err(15839): Failed to parse Enable, this will cause platform Wechat always be enable

V/MediaPlayer( 1110): prepare

V/MediaPlayerService(  349): [1508] setAudioStreamType(5)

V/MediaPlayerService(  349): [1508] prepareAsync

V/AwesomePlayer(  349): prepareAsync

V/AwesomePlayer(  349): onPrepareAsyncEvent

I/SecMediaClock(  349): SecMediaClock constructor

I/SecMediaClock(  349): reset

V/AwesomePlayer(  349): initAudioDecoder

V/AwesomePlayer(  349): checkOffloadExceptions is true

I/OMXCodec(  349): Attempting to allocate OMX node 'OMX.google.vorbis.decoder'

W/System.err(15839): Failed to parse Enable, this will cause platform WechatMoments always be enable

I/OMX     (  349): mDispatchers.add

I/OMXCodec(  349): Successfully allocated OMX node 'OMX.google.vorbis.decoder'

I/OMXCodec(  349): >>>UHQA initOutputFormat 16

I/OMXCodec(  349): [OMX.google.vorbis.decoder] OMXCodec::start mState=1

I/OMXCodec(  349): [OMX.google.vorbis.decoder] allocating 4 buffers of size 8192 on input port

I/OMXCodec(  349): [OMX.google.vorbis.decoder] allocating 4 buffers of size 32768 on output port

I/OMXCodec(  349): [OMX.google.vorbis.decoder] Now Idle. Component sends idle done Event 

V/AwesomePlayer(  349): finishAsyncPrepare_l

V/AwesomePlayer(  349): notifyListner_l() msg (200-MEDIA_INFO), ext1 (973), ext2 (0)

V/MediaPlayerService(  349): [1508] notify (0xb8203b10, 200, 973, 0)

V/AwesomePlayer(  349): notifyListner_l() msg (5-MEDIA_SET_VIDEO_SIZE), ext1 (0), ext2 (0)

V/MediaPlayerService(  349): [1508] notify (0xb8203b10, 5, 0, 0)

V/MediaPlayer( 1110): message received msg=200, ext1=973, ext2=0

V/AwesomePlayer(  349): notifyListner_l() msg (1-MEDIA_PREPARED), ext1 (0), ext2 (0)

V/MediaPlayerService(  349): [1508] notify (0xb8203b10, 1, 0, 0)

W/MediaPlayer( 1110): info/warning (973, 0)

V/MediaPlayer( 1110): callback application

V/MediaPlayer( 1110): back from callback

V/MediaPlayer( 1110): message received msg=5, ext1=0, ext2=0

V/MediaPlayer( 1110): New video size 0 x 0

V/MediaPlayer( 1110): callback application

V/MediaPlayer( 1110): back from callback

V/MediaPlayer( 1110): message received msg=1, ext1=0, ext2=0

V/MediaPlayer( 1110): prepared

V/MediaPlayer( 1110): signal application thread

V/MediaPlayer( 1110): callback application

V/MediaPlayer( 1110): prepare complete - status=0

V/MediaPlayer( 1110): back from callback

V/MediaPlayer-JNI( 1110): start

V/MediaPlayer( 1110): start

V/MediaPlayerService(  349): [1508] setLooping(0)

V/StagefrightPlayer(  349): setLooping

V/AwesomePlayer(  349): setLooping (0)

V/MediaPlayerService(  349): [1508] setVolume(1.000000, 1.000000)

V/AudioSink(  349): setVolume(1.000000, 1.000000)

V/MediaPlayerService(  349): [1508] setAuxEffectSendLevel(0.000000)

V/AudioSink(  349): setAuxEffectSendLevel(0.000000)

V/MediaPlayerService(  349): [1508] start

V/StagefrightPlayer(  349): setLooping

V/AwesomePlayer(  349): setLooping (0)

E/MediaPlayerService(  349): WFD client is not created 

V/StagefrightPlayer(  349): start

V/AwesomePlayer(  349): play

V/AwesomePlayer(  349): AwesomePlayer::play_l():: This is not a DRM content

V/AwesomePlayer(  349): startAudioPlayer_l, sendErrorNotification (0)

I/OMXCodec(  349): [OMX.google.vorbis.decoder] 0onCmdComplete  mState =  7

I/OMXCodec(  349): [OMX.google.vorbis.decoder] PORT_DISABLED(1)

I/OMXCodec(  349): >>>UHQA initOutputFormat 16

I/OMXCodec(  349): [OMX.google.vorbis.decoder] allocating 4 buffers of size 32768 on output port

I/AudioPlayer(  349): Audio channels(2)

I/AudioPlayer(  349):  Audioplayer kKeyAudioPCMFormat:1, 2, 0

I/AudioPlayer(  349):  Audioplayer kKeyAudioPCMFormat read fail(2, 1)

V/AudioSink(  349): open(44100, 2, 0x0, 0x1, 4, 3215 0x40000)

V/AudioPolicyManagerBase(  349): getOutput() device 2, stream 5, samplingRate 0, format 0, channelMask 3, flags 0

V/AudioPolicyManagerBase(  349): getOutputsForDevice device 0002 -> 0002

V/AudioPolicyManagerBase(  349): getOutput() returns output 2

V/AudioPolicyManagerBase(  349): getOutput() device 2, stream 5, samplingRate 0, format 0, channelMask 3, flags 0

V/AudioPolicyManagerBase(  349): getOutputsForDevice device 0002 -> 0002

V/AudioPolicyManagerBase(  349): getOutput() returns output 2

V/AudioSink(  349): no track available to recycle

V/AudioSink(  349): creating new AudioTrack

V/AudioPolicyManagerBase(  349): getOutput() device 2, stream 5, samplingRate 44100, format 1, channelMask 3, flags 40000

V/AudioPolicyManagerBase(  349): getOutputsForDevice device 0002 -> 0002

V/AudioPolicyManagerBase(  349): getOutput() returns output 2

V/AudioSink(  349): deleteRecycledTrack

V/AudioSink(  349): setVolume

V/AudioPolicyManagerBase(  349): getOutput() device 2, stream 5, samplingRate 0, format 0, channelMask 3, flags 0

V/AudioPolicyManagerBase(  349): getOutputsForDevice device 0002 -> 0002

V/AudioPolicyManagerBase(  349): getOutput() returns output 2

I/AudioSink(  349): SetPlaySpeed : 1.000000

V/AudioSink(  349): open() DONE status 0

V/AudioSink(  349): start

V/AudioPolicyManagerBase(  349): startOutput() output 2, stream 5, session 3215

V/AudioPolicyManagerBase(  349): changeRefCount() stream 5, count 2

V/AwesomePlayer(  349): notifyListner_l() msg (6-MEDIA_STARTED), ext1 (0), ext2 (0)

V/MediaPlayerService(  349): [1508] notify (0xb8203b10, 6, 0, 0)

V/AwesomePlayer(  349): addBatteryData

V/MediaPlayer( 1110): message received msg=6, ext1=0, ext2=0

V/MediaPlayer-JNI( 1110): release

V/MediaPlayer( 1110): setListener

V/MediaPlayer( 1110): disconnect

V/MediaPlayerService(  349): disconnect(1507) from pid 1110

V/StagefrightPlayer(  349): reset

V/AwesomePlayer(  349): reset_l()

V/AwesomePlayer(  349): notifyListner_l() msg (8-MEDIA_STOPPED), ext1 (0), ext2 (0)

V/AwesomePlayer(  349): addBatteryData

V/AwesomePlayer(  349): cancelPlayerEvents (keepNotifications=0)

V/AwesomePlayer(  349): mAudioTrackVector clear

V/AudioSink(  349): stop

V/AudioSink(  349): flush

V/AudioSink(  349): +++ close

V/MediaPlayer( 1110): Received MEDIA_STARTED

V/MediaPlayer( 1110): callback application

V/MediaPlayer( 1110): back from callback

V/AudioSink(  349): --- close

I/OMXCodec(  349): [OMX.google.vorbis.decoder] stop mState=4

I/OMXCodec(  349): [OMX.google.vorbis.decoder] stop() sendCommand(0x5f9, OMX_CommandStateSet, OMX_StateIdle)

I/OMXCodec(  349): [OMX.google.vorbis.decoder] Now Idle. Component sends idle done Event 

I/OMXCodec(  349): [OMX.google.vorbis.decoder] stopOmxComponent_l() mstate = 1

I/OMX     (  349): instance freeNode

E/AudioResampler(  349): Unsupported sample format, 1 bits, 2 channels

I/AudioPlayer(  349): reset out

V/AwesomePlayer(  349): reset_l() mAudioPlayer successfully deleted

I/SecMediaClock(  349): SecMediaClock destructor

D/AudioResampler(  349): AudioResamplerOrder1::resample common!!!!!

V/AwesomePlayer(  349): mSecMediaClock clear

V/StagefrightPlayer(  349): ~StagefrightPlayer

D/AudioResampler(  349): new common resampler(44100 -> 48000, 2, 2)

V/StagefrightPlayer(  349): reset

V/AwesomePlayer(  349): reset_l()

D/SoundAliveResampler(  349): [SoundAliveResampler] Init+++

V/AwesomePlayer(  349): notifyListner_l() msg (8-MEDIA_STOPPED), ext1 (0), ext2 (0)

V/AwesomePlayer(  349): cancelPlayerEvents (keepNotifications=0)

V/AwesomePlayer(  349): mAudioTrackVector clear

V/AwesomePlayer(  349): reset_l() mAudioPlayer successfully deleted

V/AwesomePlayer(  349): mSecMediaClock clear

V/AwesomePlayer(  349): destructor

V/AwesomePlayer(  349): reset_l()

V/AwesomePlayer(  349): notifyListner_l() msg (8-MEDIA_STOPPED), ext1 (0), ext2 (0)

V/AwesomePlayer(  349): cancelPlayerEvents (keepNotifications=0)

V/AwesomePlayer(  349): mAudioTrackVector clear

V/AwesomePlayer(  349): reset_l() mAudioPlayer successfully deleted

V/AwesomePlayer(  349): mSecMediaClock clear

V/MediaPlayer( 1110): destructor

V/MediaPlayerService(  349): Client(1507) destructor pid = 1110

V/MediaPlayer( 1110): disconnect

V/AudioSink(  349): +++ close

V/AudioSink(  349): --- close

V/MediaPlayerService(  349): disconnect(1507) from pid 1110

I/MediaPlayer( 1110): Don't send intent. msg.arg1 = 0, msg.arg2 = 0

E/MediaPlayer( 1110): Should have subtitle controller already set

V/MediaPlayer-JNI( 1110): getCurrentPosition: 83 (msec)

V/MediaPlayer-JNI( 1110): isPlaying: 1

I/Monitor ( 5056): [IntentService[RecvMsgIntentService]]onHandleIntent at: com.alipay.mobile.rome.pushservice.integration.RecvMsgIntentService, Intent: Intent { act=com.eg.android.AlipayGphoneRC.push.action.MESSAGE_RECEIVED cat=[com.eg.android.AlipayGphoneRC] cmp=com.eg.android.AlipayGphoneRC/com.alipay.mobile.rome.pushservice.integration.RecvMsgIntentService (has extras) }

I/AudioService(  910): getStreamVolume 5 index 110

D/ContexualWidgetMonitor( 1110): action =com.android.server.NotificationManagerService.NotificationArrived

D/ContexualWidgetMonitor( 1110): pkg =null

D/ContexualWidgetMonitor( 1110): mCheckMissedEvent =false

V/Vibrator(  910): Called vibrateNotification() API - PUID: 1000, PackageName: android, type: 13

V/MediaPlayer-JNI( 1110): native_setup

V/MediaPlayer( 1110): constructor

V/MediaPlayer( 1110): setListener

E/MediaPlayer-JNI( 1110): QCMediaPlayer mediaplayer NOT present

V/MediaPlayer-JNI( 1110): setAudioStreamType: 5

V/MediaPlayer( 1110): MediaPlayer::setAudioStreamType

I/MediaPlayer( 1110): it is a Ringtone type is : 2

D/RingtoneManager( 1110): getActualDefaultRingtoneUri  type    :2

D/RingtoneManager( 1110): checkDefaultRingtoneProperUri : InternalMediaAudio uriString not null    type:2

I/AlipayPush_RecvMsgIntentService( 5056): [IntentService[RecvMsgIntentService]]onHandleIntent: appUid=10284

I/AlipayPush_RecvMsgIntentService( 5056): [IntentService[RecvMsgIntentService]]onHandleIntent: calling=10284

I/AlipayPush_RecvMsgIntentService( 5056): [IntentService[RecvMsgIntentService]]onHandleIntent: action = com.eg.android.AlipayGphoneRC.push.action.MESSAGE_RECEIVED

I/AlipayPush_RecvMsgIntentService( 5056): [IntentService[RecvMsgIntentService]]isShow style:2

D/AlipayPush_RecvMsgIntentService( 5056): [IntentService[RecvMsgIntentService]]isTopApplication package=org.zywx.wbpalmstar.widgetone.uexsdk10098

D/AlipayPush_RecvMsgIntentService( 5056): [IntentService[RecvMsgIntentService]]direct2TopApp isTopApplication is false.

D/AlipayPush_RecvMsgIntentService( 5056): [IntentService[RecvMsgIntentService]]direct2TopApp ret=false

I/AlipayPush_RecvMsgIntentService( 5056): [IntentService[RecvMsgIntentService]]onMessage style:2

I/AlipayPush_e( 5056): [IntentService[RecvMsgIntentService]]getNoticeInfo msgShowTitle=支付宝, msgShowText=你收到了一条消息, msgId=_Nv6KaWz, msgData={"type":"startApp", "params":{"appId":"20000167","tUserId":"058083020150608100313735","tUserType":"2","tLoginId":"134***6826"}}, msgNoticeExt={"flag":"8","rich":"","merge":"","biz":{"bBId":"chat","bSBId":"058083020150608100313735","bMB":"false","bMSB":"true","bMUT":"2","bMUID":"058083020150608100313735","data":{"bBUri":{"type":"startApp","params":{"appId":"20000252"}},"bBTitle":"支付宝","bBTxt":"$0个联系人发来$1条消息","bSBTxt":"[$0条]","bBTicker":"你收到了一条消息"}}}, msgShowSound=

I/AlipayPush_g( 5056): [IntentService[RecvMsgIntentService]]parseNoticeExt enter. noticeExt={"flag":"8","rich":"","merge":"","biz":{"bBId":"chat","bSBId":"058083020150608100313735","bMB":"false","bMSB":"true","bMUT":"2","bMUID":"058083020150608100313735","data":{"bBUri":{"type":"startApp","params":{"appId":"20000252"}},"bBTitle":"支付宝","bBTxt":"$0个联系人发来$1条消息","bSBTxt":"[$0条]","bBTicker":"你收到了一条消息"}}}

I/AlipayPush_g( 5056): [IntentService[RecvMsgIntentService]]parseNoticeExt flagCfg=8, richCfg=, mergeCfg=

D/AlipayPush_g( 5056): [IntentService[RecvMsgIntentService]]parseFlagCfg flag=8

D/AlipayPush_g( 5056): [IntentService[RecvMsgIntentService]]parseFlagCfg click=false, rich=false, merge=false

D/AlipayPush_g( 5056): [IntentService[RecvMsgIntentService]]parseNoticeExt isRich=false

V/AlipayPush_e( 5056): [IntentService[RecvMsgIntentService]]showMsg enter...noticeInfo=1151689072

D/AlipayPush_e( 5056): [IntentService[RecvMsgIntentService]]richSupport ret=true

D/AlipayPush_e( 5056): [IntentService[RecvMsgIntentService]]isReadyShow ret=true

D/AlipayPush_e( 5056): [IntentService[RecvMsgIntentService]]prepareNoticeMsg ret=true

V/AlipayPush_e( 5056): [IntentService[RecvMsgIntentService]]showMsg start for notification...noticeInfo=1151689072

V/AlipayPush_e( 5056): [IntentService[RecvMsgIntentService]]showMsg generate noticeId=410093313

D/        ( 5056): DFactory start

D/        ( 5056): isQmage : stream is not a Qmage file

I/MediaPlayer( 1110): It is a Not a DRM RingTone: return NULL

I/MediaPlayer( 1110): path is null

D/AlipayPush_e( 5056): [IntentService[RecvMsgIntentService]]getNoticeIcon app-IconId=2130837556

D/AlipayPush_e( 5056): [IntentService[RecvMsgIntentService]]getNoticeIcon appIconPush=2130837556

D/RingtoneManager(  910): getActualDefaultRingtoneUri  type    :2

D/RingtoneManager(  910): checkDefaultRingtoneProperUri : InternalMediaAudio uriString not null    type:2

D/AlipayPush_e( 5056): [IntentService[RecvMsgIntentService]]getClickIntent uri={"type":"startApp", "params":{"appId":"20000167","tUserId":"058083020150608100313735","tUserType":"2","tLoginId":"134***6826"}}

D/AlipayPush_e( 5056): [IntentService[RecvMsgIntentService]]getClickIntent 1 noticeId=410093313, msgId=_Nv6KaWz

D/AlipayPush_e( 5056): [IntentService[RecvMsgIntentService]]getDeleteIntent 1 noticeId=410093313, msgId=_Nv6KaWz

I/AlipayPush_e( 5056): [IntentService[RecvMsgIntentService]]showMsg() mergeCount=0 isRich=false

D/AlipayPush_e( 5056): [IntentService[RecvMsgIntentService]]getRemoteViews pkgName=com.eg.android.AlipayGphoneRC

D/AlipayPush_e( 5056): [IntentService[RecvMsgIntentService]]getRemoteViews VERSION.SDK=19

I/AlipayPush_e( 5056): [IntentService[RecvMsgIntentService]]notificationManager() notify is called!

V/MediaPlayer-JNI( 1110): setDataSourceFD: fd 128

V/MediaPlayer( 1110): setDataSource(128, 0, 576460752303423487)

V/MediaPlayerService(  349): Create new client(1509) from pid 1110, uid 10018, 

V/MediaPlayerService(  349): setDataSource fd=41, offset=0, length=576460752303423487

V/MediaPlayerService(  349): st_dev  = 45847

V/MediaPlayerService(  349): st_mode = 33188

V/MediaPlayerService(  349): st_uid  = 0

V/MediaPlayerService(  349): st_gid  = 0

V/MediaPlayerService(  349): st_size = 25929

V/MediaPlayerService(  349): calculated length = 25929

V/MediaPlayerService(  349): player type = 3

V/AwesomePlayer(  349): setDefault

V/AwesomePlayer(  349): constructor

V/AwesomePlayer(  349): setDefault

V/AwesomePlayer(  349): reset_l()

V/AwesomePlayer(  349): notifyListner_l() msg (8-MEDIA_STOPPED), ext1 (0), ext2 (0)

V/AwesomePlayer(  349): cancelPlayerEvents (keepNotifications=0)

V/AwesomePlayer(  349): mAudioTrackVector clear

V/AwesomePlayer(  349): reset_l() mAudioPlayer successfully deleted

V/AwesomePlayer(  349): mSecMediaClock clear

V/StagefrightPlayer(  349): StagefrightPlayer

V/AwesomePlayer(  349): setListener

V/StagefrightPlayer(  349): initCheck

V/AwesomePlayer(  349): AwesomePlayer running on behalf of uid 10018

V/AudioSink(  349): AudioOutput(3216)

V/AwesomePlayer(  349): setAudioSink

V/StagefrightPlayer(  349): setDataSource(41, 0, 25929)

V/AwesomePlayer(  349): reset_l()

V/AwesomePlayer(  349): notifyListner_l() msg (8-MEDIA_STOPPED), ext1 (0), ext2 (0)

V/MediaPlayerService(  349): [1509] notify (0xb822e030, 8, 0, 0)

V/MediaPlayer( 1110): message received msg=8, ext1=0, ext2=0

V/AwesomePlayer(  349): cancelPlayerEvents (keepNotifications=0)

V/AwesomePlayer(  349): mAudioTrackVector clear

V/AwesomePlayer(  349): reset_l() mAudioPlayer successfully deleted

V/AwesomePlayer(  349): mSecMediaClock clear

V/MediaPlayer( 1110): notify(8, 0, 0) callback on disconnected mediaplayer

V/AwesomePlayer(  349): track of type 'audio/vorbis' does not publish bitrate

V/AwesomePlayer(  349): mBitrate = -1 bits/sec

V/AwesomePlayer(  349): current audio track index (0) is added to vector

V/AwesomePlayer(  349): setDataSource_l: Audio(1), Video(0)

I/AwesomePlayer(  349): AwesomePlayer::setDataSource_l():: This is not a DRM content

V/MediaPlayerService(  349): [1509] setParameter(1604)

V/StagefrightPlayer(  349): setParameter(key=1604)

V/AwesomePlayer(  349): setParameter key (1604)

V/AwesomePlayer(  349): Current Contet PID : 1110

V/MediaPlayerService(  349): [1509] getParameter(1700)

V/MediaPlayer-JNI( 1110): setLooping: 0

V/MediaPlayer( 1110): MediaPlayer::setLooping

V/MediaPlayerService(  349): [1509] setLooping(0)

V/StagefrightPlayer(  349): setLooping

V/AwesomePlayer(  349): setLooping (0)

V/MediaPlayer( 1110): setVideoSurfaceTexture

V/MediaPlayerService(  349): [1509] setVideoSurfaceTexture(0x0)

V/MediaPlayer( 1110): prepare

V/MediaPlayerService(  349): [1509] setAudioStreamType(5)

V/MediaPlayerService(  349): [1509] prepareAsync

V/AwesomePlayer(  349): prepareAsync

V/AwesomePlayer(  349): onPrepareAsyncEvent

I/SecMediaClock(  349): SecMediaClock constructor

I/SecMediaClock(  349): reset

V/AwesomePlayer(  349): initAudioDecoder

V/AwesomePlayer(  349): checkOffloadExceptions is true

I/OMXCodec(  349): Attempting to allocate OMX node 'OMX.google.vorbis.decoder'

V/AudioPolicyManagerBase(  349): stopOutput() output 2, stream 5, session 3214

V/AudioPolicyManagerBase(  349): changeRefCount() stream 5, count 1

V/AudioPolicyManagerBase(  349): releaseOutput() 2

I/OMX     (  349): mDispatchers.add

I/OMXCodec(  349): Successfully allocated OMX node 'OMX.google.vorbis.decoder'

I/OMXCodec(  349): >>>UHQA initOutputFormat 16

I/OMXCodec(  349): [OMX.google.vorbis.decoder] OMXCodec::start mState=1

I/OMXCodec(  349): [OMX.google.vorbis.decoder] allocating 4 buffers of size 8192 on input port

I/OMXCodec(  349): [OMX.google.vorbis.decoder] allocating 4 buffers of size 32768 on output port

I/OMXCodec(  349): [OMX.google.vorbis.decoder] Now Idle. Component sends idle done Event 

V/AwesomePlayer(  349): finishAsyncPrepare_l

V/AwesomePlayer(  349): notifyListner_l() msg (200-MEDIA_INFO), ext1 (973), ext2 (0)

V/MediaPlayerService(  349): [1509] notify (0xb822e030, 200, 973, 0)

V/AwesomePlayer(  349): notifyListner_l() msg (5-MEDIA_SET_VIDEO_SIZE), ext1 (0), ext2 (0)

V/MediaPlayerService(  349): [1509] notify (0xb822e030, 5, 0, 0)

V/AwesomePlayer(  349): notifyListner_l() msg (1-MEDIA_PREPARED), ext1 (0), ext2 (0)

V/MediaPlayerService(  349): [1509] notify (0xb822e030, 1, 0, 0)

V/MediaPlayer( 1110): message received msg=200, ext1=973, ext2=0

W/MediaPlayer( 1110): info/warning (973, 0)

V/MediaPlayer( 1110): callback application

V/MediaPlayer( 1110): back from callback

V/MediaPlayer( 1110): message received msg=5, ext1=0, ext2=0

V/MediaPlayer( 1110): New video size 0 x 0

V/MediaPlayer( 1110): callback application

V/MediaPlayer( 1110): back from callback

V/MediaPlayer( 1110): message received msg=1, ext1=0, ext2=0

I/Monitor ( 5056): [IntentService[RecvMsgIntentService]]onHandleIntent at: com.alipay.mobile.rome.pushservice.integration.RecvMsgIntentService, Intent: Intent { act=com.eg.android.AlipayGphoneRC.push.action.MESSAGE_RECEIVED cat=[com.eg.android.AlipayGphoneRC] cmp=com.eg.android.AlipayGphoneRC/com.alipay.mobile.rome.pushservice.integration.RecvMsgIntentService (has extras) }

V/MediaPlayer( 1110): prepared

V/MediaPlayer( 1110): signal application thread

V/MediaPlayer( 1110): callback application

V/MediaPlayer( 1110): back from callback

V/MediaPlayer( 1110): prepare complete - status=0

V/MediaPlayer-JNI( 1110): start

V/MediaPlayer( 1110): start

V/MediaPlayerService(  349): [1509] setLooping(0)

V/StagefrightPlayer(  349): setLooping

V/AwesomePlayer(  349): setLooping (0)

V/MediaPlayerService(  349): [1509] setVolume(1.000000, 1.000000)

V/AudioSink(  349): setVolume(1.000000, 1.000000)

I/AlipayPush_RecvMsgIntentService( 5056): [IntentService[RecvMsgIntentService]]onHandleIntent: appUid=10284

V/MediaPlayerService(  349): [1509] setAuxEffectSendLevel(0.000000)

V/AudioSink(  349): setAuxEffectSendLevel(0.000000)

V/MediaPlayerService(  349): [1509] start

V/StagefrightPlayer(  349): setLooping

V/AwesomePlayer(  349): setLooping (0)

E/MediaPlayerService(  349): WFD client is not created 

V/StagefrightPlayer(  349): start

V/AwesomePlayer(  349): play

V/AwesomePlayer(  349): AwesomePlayer::play_l():: This is not a DRM content

V/AwesomePlayer(  349): startAudioPlayer_l, sendErrorNotification (0)

I/OMXCodec(  349): [OMX.google.vorbis.decoder] 0onCmdComplete  mState =  7

I/OMXCodec(  349): [OMX.google.vorbis.decoder] PORT_DISABLED(1)

I/OMXCodec(  349): >>>UHQA initOutputFormat 16

I/OMXCodec(  349): [OMX.google.vorbis.decoder] allocating 4 buffers of size 32768 on output port

I/AlipayPush_RecvMsgIntentService( 5056): [IntentService[RecvMsgIntentService]]onHandleIntent: calling=10284

I/AlipayPush_RecvMsgIntentService( 5056): [IntentService[RecvMsgIntentService]]onHandleIntent: action = com.eg.android.AlipayGphoneRC.push.action.MESSAGE_RECEIVED

I/AlipayPush_RecvMsgIntentService( 5056): [IntentService[RecvMsgIntentService]]isShow style:2

I/AudioPlayer(  349): Audio channels(2)

I/AudioPlayer(  349):  Audioplayer kKeyAudioPCMFormat:1, 2, 0

I/AudioPlayer(  349):  Audioplayer kKeyAudioPCMFormat read fail(2, 1)

V/AudioSink(  349): open(44100, 2, 0x0, 0x1, 4, 3216 0x40000)

V/AudioPolicyManagerBase(  349): getOutput() device 2, stream 5, samplingRate 0, format 0, channelMask 3, flags 0

V/AudioPolicyManagerBase(  349): getOutputsForDevice device 0002 -> 0002

V/AudioPolicyManagerBase(  349): getOutput() returns output 2

V/AudioPolicyManagerBase(  349): getOutput() device 2, stream 5, samplingRate 0, format 0, channelMask 3, flags 0

V/AudioPolicyManagerBase(  349): getOutputsForDevice device 0002 -> 0002

V/AudioPolicyManagerBase(  349): getOutput() returns output 2

V/AudioSink(  349): no track available to recycle

V/AudioSink(  349): creating new AudioTrack

V/AudioPolicyManagerBase(  349): getOutput() device 2, stream 5, samplingRate 44100, format 1, channelMask 3, flags 40000

V/AudioPolicyManagerBase(  349): getOutputsForDevice device 0002 -> 0002

V/AudioPolicyManagerBase(  349): getOutput() returns output 2

V/AudioSink(  349): deleteRecycledTrack

V/AudioSink(  349): setVolume

V/AudioPolicyManagerBase(  349): getOutput() device 2, stream 5, samplingRate 0, format 0, channelMask 3, flags 0

V/AudioPolicyManagerBase(  349): getOutputsForDevice device 0002 -> 0002

V/AudioPolicyManagerBase(  349): getOutput() returns output 2

I/AudioSink(  349): SetPlaySpeed : 1.000000

V/AudioSink(  349): open() DONE status 0

V/AudioSink(  349): start

V/AudioPolicyManagerBase(  349): startOutput() output 2, stream 5, session 3216

V/AudioPolicyManagerBase(  349): changeRefCount() stream 5, count 2

V/AwesomePlayer(  349): notifyListner_l() msg (6-MEDIA_STARTED), ext1 (0), ext2 (0)

V/MediaPlayerService(  349): [1509] notify (0xb822e030, 6, 0, 0)

V/AwesomePlayer(  349): addBatteryData

V/MediaPlayer( 1110): message received msg=6, ext1=0, ext2=0

I/AudioService(  910): getStreamVolume 5 index 110

V/MediaPlayer-JNI( 1110): release

V/MediaPlayer( 1110): setListener

V/MediaPlayer( 1110): disconnect

V/MediaPlayerService(  349): disconnect(1508) from pid 1110

V/StagefrightPlayer(  349): reset

V/AwesomePlayer(  349): reset_l()

V/AwesomePlayer(  349): notifyListner_l() msg (8-MEDIA_STOPPED), ext1 (0), ext2 (0)

V/AwesomePlayer(  349): addBatteryData

V/MediaPlayer( 1110): Received MEDIA_STARTED

V/MediaPlayer( 1110): callback application

V/MediaPlayer( 1110): back from callback

V/AwesomePlayer(  349): cancelPlayerEvents (keepNotifications=0)

V/AwesomePlayer(  349): mAudioTrackVector clear

V/AudioSink(  349): stop

V/AudioSink(  349): flush

V/AudioSink(  349): +++ close

V/AudioSink(  349): --- close

I/OMXCodec(  349): [OMX.google.vorbis.decoder] stop mState=4

I/OMXCodec(  349): [OMX.google.vorbis.decoder] stop() sendCommand(0x5fa, OMX_CommandStateSet, OMX_StateIdle)

I/OMXCodec(  349): [OMX.google.vorbis.decoder] Now Idle. Component sends idle done Event 

V/Vibrator(  910): Called vibrateNotification() API - PUID: 1000, PackageName: android, type: 13

I/OMXCodec(  349): [OMX.google.vorbis.decoder] stopOmxComponent_l() mstate = 1

I/OMX     (  349): instance freeNode

I/AudioPlayer(  349): reset out

V/AwesomePlayer(  349): reset_l() mAudioPlayer successfully deleted

I/SecMediaClock(  349): SecMediaClock destructor

V/AwesomePlayer(  349): mSecMediaClock clear

V/StagefrightPlayer(  349): ~StagefrightPlayer

V/StagefrightPlayer(  349): reset

V/AwesomePlayer(  349): reset_l()

V/AwesomePlayer(  349): notifyListner_l() msg (8-MEDIA_STOPPED), ext1 (0), ext2 (0)

V/AwesomePlayer(  349): cancelPlayerEvents (keepNotifications=0)

V/AwesomePlayer(  349): mAudioTrackVector clear

V/AwesomePlayer(  349): reset_l() mAudioPlayer successfully deleted

V/AwesomePlayer(  349): mSecMediaClock clear

V/AwesomePlayer(  349): destructor

E/AudioResampler(  349): Unsupported sample format, 1 bits, 2 channels

V/AwesomePlayer(  349): reset_l()

V/AwesomePlayer(  349): notifyListner_l() msg (8-MEDIA_STOPPED), ext1 (0), ext2 (0)

V/AwesomePlayer(  349): cancelPlayerEvents (keepNotifications=0)

V/AwesomePlayer(  349): mAudioTrackVector clear

V/AwesomePlayer(  349): reset_l() mAudioPlayer successfully deleted

V/AwesomePlayer(  349): mSecMediaClock clear

V/MediaPlayer( 1110): destructor

V/MediaPlayerService(  349): Client(1508) destructor pid = 1110

V/AudioSink(  349): +++ close

V/AudioSink(  349): --- close

V/MediaPlayerService(  349): disconnect(1508) from pid 1110

V/MediaPlayer( 1110): disconnect

D/AudioResampler(  349): AudioResamplerOrder1::resample common!!!!!

D/AudioResampler(  349): new common resampler(44100 -> 48000, 2, 2)

D/SoundAliveResampler(  349): [SoundAliveResampler] Init+++

I/MediaPlayer( 1110): Don't send intent. msg.arg1 = 0, msg.arg2 = 0

E/MediaPlayer( 1110): Should have subtitle controller already set

V/MediaPlayer-JNI( 1110): getCurrentPosition: 83 (msec)

V/MediaPlayer-JNI( 1110): isPlaying: 1

D/AlipayPush_RecvMsgIntentService( 5056): [IntentService[RecvMsgIntentService]]isTopApplication package=org.zywx.wbpalmstar.widgetone.uexsdk10098

D/AlipayPush_RecvMsgIntentService( 5056): [IntentService[RecvMsgIntentService]]direct2TopApp isTopApplication is false.

D/AlipayPush_RecvMsgIntentService( 5056): [IntentService[RecvMsgIntentService]]direct2TopApp ret=false

I/AlipayPush_RecvMsgIntentService( 5056): [IntentService[RecvMsgIntentService]]onMessage style:2

V/MediaPlayer-JNI( 1110): native_setup

V/MediaPlayer( 1110): constructor

V/MediaPlayer( 1110): setListener

E/MediaPlayer-JNI( 1110): QCMediaPlayer mediaplayer NOT present

V/MediaPlayer-JNI( 1110): setAudioStreamType: 5

V/MediaPlayer( 1110): MediaPlayer::setAudioStreamType

I/MediaPlayer( 1110): it is a Ringtone type is : 2

D/RingtoneManager( 1110): getActualDefaultRingtoneUri  type    :2

D/RingtoneManager( 1110): checkDefaultRingtoneProperUri : InternalMediaAudio uriString not null    type:2

D/ContexualWidgetMonitor( 1110): action =com.android.server.NotificationManagerService.NotificationArrived

D/ContexualWidgetMonitor( 1110): pkg =null

D/ContexualWidgetMonitor( 1110): mCheckMissedEvent =false

I/MediaPlayer( 1110): It is a Not a DRM RingTone: return NULL

I/MediaPlayer( 1110): path is null

D/RingtoneManager(  910): getActualDefaultRingtoneUri  type    :2

D/RingtoneManager(  910): checkDefaultRingtoneProperUri : InternalMediaAudio uriString not null    type:2

E/LightSensor(  910): Light old sensor_state 512, new sensor_state : 0 en : 0

D/SensorManager(  910): unregisterListener ::   

V/MediaPlayer-JNI( 1110): setDataSourceFD: fd 130

V/MediaPlayer( 1110): setDataSource(130, 0, 576460752303423487)

V/MediaPlayerService(  349): Create new client(1510) from pid 1110, uid 10018, 

V/MediaPlayerService(  349): setDataSource fd=29, offset=0, length=576460752303423487

V/MediaPlayerService(  349): st_dev  = 45847

V/MediaPlayerService(  349): st_mode = 33188

V/MediaPlayerService(  349): st_uid  = 0

V/MediaPlayerService(  349): st_gid  = 0

V/MediaPlayerService(  349): st_size = 25929

V/MediaPlayerService(  349): calculated length = 25929

V/MediaPlayerService(  349): player type = 3

V/AwesomePlayer(  349): setDefault

V/AwesomePlayer(  349): constructor

V/AwesomePlayer(  349): setDefault

V/AwesomePlayer(  349): reset_l()

V/AwesomePlayer(  349): notifyListner_l() msg (8-MEDIA_STOPPED), ext1 (0), ext2 (0)

V/AwesomePlayer(  349): cancelPlayerEvents (keepNotifications=0)

V/AwesomePlayer(  349): mAudioTrackVector clear

V/AwesomePlayer(  349): reset_l() mAudioPlayer successfully deleted

V/AwesomePlayer(  349): mSecMediaClock clear

V/StagefrightPlayer(  349): StagefrightPlayer

V/AwesomePlayer(  349): setListener

V/StagefrightPlayer(  349): initCheck

V/AwesomePlayer(  349): AwesomePlayer running on behalf of uid 10018

V/AudioSink(  349): AudioOutput(3217)

V/AwesomePlayer(  349): setAudioSink

V/StagefrightPlayer(  349): setDataSource(29, 0, 25929)

V/AwesomePlayer(  349): reset_l()

V/AwesomePlayer(  349): notifyListner_l() msg (8-MEDIA_STOPPED), ext1 (0), ext2 (0)

V/MediaPlayerService(  349): [1510] notify (0xb8203b10, 8, 0, 0)

V/AwesomePlayer(  349): cancelPlayerEvents (keepNotifications=0)

V/AwesomePlayer(  349): mAudioTrackVector clear

V/AwesomePlayer(  349): reset_l() mAudioPlayer successfully deleted

V/AwesomePlayer(  349): mSecMediaClock clear

V/MediaPlayer( 1110): message received msg=8, ext1=0, ext2=0

V/MediaPlayer( 1110): notify(8, 0, 0) callback on disconnected mediaplayer

V/AwesomePlayer(  349): track of type 'audio/vorbis' does not publish bitrate

V/AwesomePlayer(  349): mBitrate = -1 bits/sec

V/AwesomePlayer(  349): current audio track index (0) is added to vector

V/AwesomePlayer(  349): setDataSource_l: Audio(1), Video(0)

I/AwesomePlayer(  349): AwesomePlayer::setDataSource_l():: This is not a DRM content

V/MediaPlayerService(  349): [1510] setParameter(1604)

V/StagefrightPlayer(  349): setParameter(key=1604)

V/AwesomePlayer(  349): setParameter key (1604)

V/AwesomePlayer(  349): Current Contet PID : 1110

V/MediaPlayerService(  349): [1510] getParameter(1700)

V/MediaPlayer-JNI( 1110): setLooping: 0

V/MediaPlayer( 1110): MediaPlayer::setLooping

V/MediaPlayerService(  349): [1510] setLooping(0)

V/StagefrightPlayer(  349): setLooping

V/AwesomePlayer(  349): setLooping (0)

V/MediaPlayer( 1110): setVideoSurfaceTexture

V/MediaPlayerService(  349): [1510] setVideoSurfaceTexture(0x0)

V/MediaPlayer( 1110): prepare

V/MediaPlayerService(  349): [1510] setAudioStreamType(5)

V/MediaPlayerService(  349): [1510] prepareAsync

V/AwesomePlayer(  349): prepareAsync

V/AwesomePlayer(  349): onPrepareAsyncEvent

I/SecMediaClock(  349): SecMediaClock constructor

I/SecMediaClock(  349): reset

V/AwesomePlayer(  349): initAudioDecoder

V/AwesomePlayer(  349): checkOffloadExceptions is true

I/OMXCodec(  349): Attempting to allocate OMX node 'OMX.google.vorbis.decoder'

I/OMX     (  349): mDispatchers.add

I/OMXCodec(  349): Successfully allocated OMX node 'OMX.google.vorbis.decoder'

I/OMXCodec(  349): >>>UHQA initOutputFormat 16

I/OMXCodec(  349): [OMX.google.vorbis.decoder] OMXCodec::start mState=1

I/OMXCodec(  349): [OMX.google.vorbis.decoder] allocating 4 buffers of size 8192 on input port

I/OMXCodec(  349): [OMX.google.vorbis.decoder] allocating 4 buffers of size 32768 on output port

I/OMXCodec(  349): [OMX.google.vorbis.decoder] Now Idle. Component sends idle done Event 

V/AwesomePlayer(  349): finishAsyncPrepare_l

V/AwesomePlayer(  349): notifyListner_l() msg (200-MEDIA_INFO), ext1 (973), ext2 (0)

V/MediaPlayerService(  349): [1510] notify (0xb8203b10, 200, 973, 0)

V/AwesomePlayer(  349): notifyListner_l() msg (5-MEDIA_SET_VIDEO_SIZE), ext1 (0), ext2 (0)

V/MediaPlayerService(  349): [1510] notify (0xb8203b10, 5, 0, 0)

V/AwesomePlayer(  349): notifyListner_l() msg (1-MEDIA_PREPARED), ext1 (0), ext2 (0)

V/MediaPlayer( 1110): message received msg=200, ext1=973, ext2=0

V/MediaPlayerService(  349): [1510] notify (0xb8203b10, 1, 0, 0)

W/MediaPlayer( 1110): info/warning (973, 0)

V/MediaPlayer( 1110): callback application

V/MediaPlayer( 1110): back from callback

V/MediaPlayer( 1110): message received msg=5, ext1=0, ext2=0

V/MediaPlayer( 1110): New video size 0 x 0

V/MediaPlayer( 1110): callback application

V/MediaPlayer( 1110): back from callback

V/MediaPlayer( 1110): message received msg=1, ext1=0, ext2=0

V/MediaPlayer( 1110): prepared

V/MediaPlayer( 1110): signal application thread

V/MediaPlayer( 1110): callback application

V/MediaPlayer( 1110): prepare complete - status=0

V/MediaPlayer( 1110): back from callback

V/MediaPlayer-JNI( 1110): start

V/MediaPlayer( 1110): start

V/MediaPlayerService(  349): [1510] setLooping(0)

V/StagefrightPlayer(  349): setLooping

V/AwesomePlayer(  349): setLooping (0)

V/MediaPlayerService(  349): [1510] setVolume(1.000000, 1.000000)

V/AudioSink(  349): setVolume(1.000000, 1.000000)

V/MediaPlayerService(  349): [1510] setAuxEffectSendLevel(0.000000)

V/AudioSink(  349): setAuxEffectSendLevel(0.000000)

V/MediaPlayerService(  349): [1510] start

V/StagefrightPlayer(  349): setLooping

V/AwesomePlayer(  349): setLooping (0)

E/MediaPlayerService(  349): WFD client is not created 

V/StagefrightPlayer(  349): start

V/AwesomePlayer(  349): play

V/AwesomePlayer(  349): AwesomePlayer::play_l():: This is not a DRM content

V/AwesomePlayer(  349): startAudioPlayer_l, sendErrorNotification (0)

I/OMXCodec(  349): [OMX.google.vorbis.decoder] 0onCmdComplete  mState =  7

I/OMXCodec(  349): [OMX.google.vorbis.decoder] PORT_DISABLED(1)

I/OMXCodec(  349): >>>UHQA initOutputFormat 16

I/OMXCodec(  349): [OMX.google.vorbis.decoder] allocating 4 buffers of size 32768 on output port

I/AudioPlayer(  349): Audio channels(2)

I/AudioPlayer(  349):  Audioplayer kKeyAudioPCMFormat:1, 2, 0

I/AudioPlayer(  349):  Audioplayer kKeyAudioPCMFormat read fail(2, 1)

V/AudioSink(  349): open(44100, 2, 0x0, 0x1, 4, 3217 0x40000)

V/AudioPolicyManagerBase(  349): getOutput() device 2, stream 5, samplingRate 0, format 0, channelMask 3, flags 0

V/AudioPolicyManagerBase(  349): getOutputsForDevice device 0002 -> 0002

V/AudioPolicyManagerBase(  349): getOutput() returns output 2

V/AudioPolicyManagerBase(  349): getOutput() device 2, stream 5, samplingRate 0, format 0, channelMask 3, flags 0

V/AudioPolicyManagerBase(  349): getOutputsForDevice device 0002 -> 0002

V/AudioPolicyManagerBase(  349): getOutput() returns output 2

V/AudioSink(  349): no track available to recycle

V/AudioSink(  349): creating new AudioTrack

V/AudioPolicyManagerBase(  349): getOutput() device 2, stream 5, samplingRate 44100, format 1, channelMask 3, flags 40000

V/AudioPolicyManagerBase(  349): getOutputsForDevice device 0002 -> 0002

V/AudioPolicyManagerBase(  349): getOutput() returns output 2

V/AudioSink(  349): deleteRecycledTrack

V/AudioSink(  349): setVolume

V/AudioPolicyManagerBase(  349): getOutput() device 2, stream 5, samplingRate 0, format 0, channelMask 3, flags 0

V/AudioPolicyManagerBase(  349): getOutputsForDevice device 0002 -> 0002

V/AudioPolicyManagerBase(  349): getOutput() returns output 2

I/AudioSink(  349): SetPlaySpeed : 1.000000

V/AudioSink(  349): open() DONE status 0

V/AudioSink(  349): start

V/AudioPolicyManagerBase(  349): startOutput() output 2, stream 5, session 3217

V/AudioPolicyManagerBase(  349): changeRefCount() stream 5, count 3

V/AwesomePlayer(  349): notifyListner_l() msg (6-MEDIA_STARTED), ext1 (0), ext2 (0)

V/MediaPlayerService(  349): [1510] notify (0xb8203b10, 6, 0, 0)

I/AudioPlayer(  349): First fillBuffer call!!

V/AwesomePlayer(  349): addBatteryData

E/AudioSink(  349): received unknown event type: 1 inside CallbackWrapper !

V/AudioPolicyManagerBase(  349): stopOutput() output 2, stream 5, session 3215

V/AudioPolicyManagerBase(  349): changeRefCount() stream 5, count 2

V/AudioPolicyManagerBase(  349): releaseOutput() 2

V/MediaPlayer( 1110): message received msg=6, ext1=0, ext2=0

V/MediaPlayer-JNI( 1110): release

V/MediaPlayer( 1110): setListener

V/MediaPlayer( 1110): disconnect

V/MediaPlayer( 1110): Received MEDIA_STARTED

V/MediaPlayer( 1110): callback application

V/MediaPlayer( 1110): back from callback

V/MediaPlayerService(  349): disconnect(1509) from pid 1110

V/StagefrightPlayer(  349): reset

V/AwesomePlayer(  349): reset_l()

V/AwesomePlayer(  349): notifyListner_l() msg (8-MEDIA_STOPPED), ext1 (0), ext2 (0)

V/AwesomePlayer(  349): addBatteryData

V/AwesomePlayer(  349): cancelPlayerEvents (keepNotifications=0)

V/AwesomePlayer(  349): mAudioTrackVector clear

V/AudioSink(  349): stop

V/AudioSink(  349): flush

V/AudioSink(  349): +++ close

V/AudioSink(  349): --- close

I/OMXCodec(  349): [OMX.google.vorbis.decoder] stop mState=4

I/OMXCodec(  349): [OMX.google.vorbis.decoder] stop() sendCommand(0x5fb, OMX_CommandStateSet, OMX_StateIdle)

I/OMXCodec(  349): [OMX.google.vorbis.decoder] Now Idle. Component sends idle done Event 

I/OMXCodec(  349): [OMX.google.vorbis.decoder] stopOmxComponent_l() mstate = 1

I/OMX     (  349): instance freeNode

I/AudioPlayer(  349): reset out

V/AwesomePlayer(  349): reset_l() mAudioPlayer successfully deleted

I/SecMediaClock(  349): SecMediaClock destructor

V/AwesomePlayer(  349): mSecMediaClock clear

V/StagefrightPlayer(  349): ~StagefrightPlayer

V/StagefrightPlayer(  349): reset

V/AwesomePlayer(  349): reset_l()

V/AwesomePlayer(  349): notifyListner_l() msg (8-MEDIA_STOPPED), ext1 (0), ext2 (0)

V/AwesomePlayer(  349): cancelPlayerEvents (keepNotifications=0)

V/AwesomePlayer(  349): mAudioTrackVector clear

V/AwesomePlayer(  349): reset_l() mAudioPlayer successfully deleted

V/AwesomePlayer(  349): mSecMediaClock clear

V/AwesomePlayer(  349): destructor

V/AwesomePlayer(  349): reset_l()

V/AwesomePlayer(  349): notifyListner_l() msg (8-MEDIA_STOPPED), ext1 (0), ext2 (0)

V/AwesomePlayer(  349): cancelPlayerEvents (keepNotifications=0)

V/AwesomePlayer(  349): mAudioTrackVector clear

V/AwesomePlayer(  349): reset_l() mAudioPlayer successfully deleted

V/AwesomePlayer(  349): mSecMediaClock clear

V/MediaPlayer( 1110): destructor

V/MediaPlayerService(  349): Client(1509) destructor pid = 1110

V/AudioSink(  349): +++ close

V/AudioSink(  349): --- close

V/MediaPlayerService(  349): disconnect(1509) from pid 1110

V/MediaPlayer( 1110): disconnect

I/MediaPlayer( 1110): Don't send intent. msg.arg1 = 0, msg.arg2 = 0

E/MediaPlayer( 1110): Should have subtitle controller already set

V/MediaPlayer-JNI( 1110): getCurrentPosition: 83 (msec)

V/MediaPlayer-JNI( 1110): isPlaying: 1

E/AudioResampler(  349): Unsupported sample format, 1 bits, 2 channels

D/AudioResampler(  349): AudioResamplerOrder1::resample common!!!!!

D/AudioResampler(  349): new common resampler(44100 -> 48000, 2, 2)

D/SoundAliveResampler(  349): [SoundAliveResampler] Init+++

I/AudioTrack(  349): track is underrun status. skip wait time.

D/com.sogou.appmall.common.utils.o(15839): +++network is available: WIFI

V/AudioPolicyManagerBase(  349): stopOutput() output 2, stream 5, session 3216

V/AudioPolicyManagerBase(  349): changeRefCount() stream 5, count 1

V/AudioPolicyManagerBase(  349): releaseOutput() 2

D/RCPManagerService(  910): exchangeData() failure , invalid userId

D/RCPManagerService(  910): exchangeData() failure , invalid userId

D/RCPManagerService(  910): exchangeData() failure , invalid userId

D/dalvikvm( 5056): GC_CONCURRENT freed 5775K, 45% free 34648K/62600K, paused 16ms+39ms, total 420ms

D/dalvikvm( 5056): WAIT_FOR_CONCURRENT_GC blocked 349ms

I/AlipayPush_e( 5056): [IntentService[RecvMsgIntentService]]getNoticeInfo msgShowTitle=支付宝, msgShowText=你收到了一条消息, msgId=_Nv67ZQg, msgData={"type":"startApp", "params":{"appId":"20000167","tUserId":"058083020150608100313735","tUserType":"2","tLoginId":"134***6826"}}, msgNoticeExt={"flag":"8","rich":"","merge":"","biz":{"bBId":"chat","bSBId":"058083020150608100313735","bMB":"false","bMSB":"true","bMUT":"2","bMUID":"058083020150608100313735","data":{"bBUri":{"type":"startApp","params":{"appId":"20000252"}},"bBTitle":"支付宝","bBTxt":"$0个联系人发来$1条消息","bSBTxt":"[$0条]","bBTicker":"你收到了一条消息"}}}, msgShowSound=

I/AlipayPush_g( 5056): [IntentService[RecvMsgIntentService]]parseNoticeExt enter. noticeExt={"flag":"8","rich":"","merge":"","biz":{"bBId":"chat","bSBId":"058083020150608100313735","bMB":"false","bMSB":"true","bMUT":"2","bMUID":"058083020150608100313735","data":{"bBUri":{"type":"startApp","params":{"appId":"20000252"}},"bBTitle":"支付宝","bBTxt":"$0个联系人发来$1条消息","bSBTxt":"[$0条]","bBTicker":"你收到了一条消息"}}}

I/AlipayPush_g( 5056): [IntentService[RecvMsgIntentService]]parseNoticeExt flagCfg=8, richCfg=, mergeCfg=

D/AlipayPush_g( 5056): [IntentService[RecvMsgIntentService]]parseFlagCfg flag=8

D/AlipayPush_g( 5056): [IntentService[RecvMsgIntentService]]parseFlagCfg click=false, rich=false, merge=false

D/AlipayPush_g( 5056): [IntentService[RecvMsgIntentService]]parseNoticeExt isRich=false

V/AlipayPush_e( 5056): [IntentService[RecvMsgIntentService]]showMsg enter...noticeInfo=1152691080

D/AlipayPush_e( 5056): [IntentService[RecvMsgIntentService]]richSupport ret=true

D/AlipayPush_e( 5056): [IntentService[RecvMsgIntentService]]isReadyShow ret=true

D/AlipayPush_e( 5056): [IntentService[RecvMsgIntentService]]prepareNoticeMsg ret=true

V/AlipayPush_e( 5056): [IntentService[RecvMsgIntentService]]showMsg start for notification...noticeInfo=1152691080

V/AlipayPush_e( 5056): [IntentService[RecvMsgIntentService]]showMsg generate noticeId=142308079

D/        ( 5056): DFactory start

D/        ( 5056): isQmage : stream is not a Qmage file

D/dalvikvm( 5056): WAIT_FOR_CONCURRENT_GC blocked 349ms

D/AlipayPush_e( 5056): [IntentService[RecvMsgIntentService]]getNoticeIcon app-IconId=2130837556

D/AlipayPush_e( 5056): [IntentService[RecvMsgIntentService]]getNoticeIcon appIconPush=2130837556

D/AlipayPush_e( 5056): [IntentService[RecvMsgIntentService]]getClickIntent uri={"type":"startApp", "params":{"appId":"20000167","tUserId":"058083020150608100313735","tUserType":"2","tLoginId":"134***6826"}}

D/AlipayPush_e( 5056): [IntentService[RecvMsgIntentService]]getClickIntent 1 noticeId=142308079, msgId=_Nv67ZQg

D/AlipayPush_e( 5056): [IntentService[RecvMsgIntentService]]getDeleteIntent 1 noticeId=142308079, msgId=_Nv67ZQg

I/AlipayPush_e( 5056): [IntentService[RecvMsgIntentService]]showMsg() mergeCount=0 isRich=false

D/AlipayPush_e( 5056): [IntentService[RecvMsgIntentService]]getRemoteViews pkgName=com.eg.android.AlipayGphoneRC

D/AlipayPush_e( 5056): [IntentService[RecvMsgIntentService]]getRemoteViews VERSION.SDK=19

I/AlipayPush_e( 5056): [IntentService[RecvMsgIntentService]]notificationManager() notify is called!

I/Monitor ( 5056): [IntentService[RecvMsgIntentService]]onHandleIntent at: com.alipay.mobile.rome.pushservice.integration.RecvMsgIntentService, Intent: Intent { act=com.eg.android.AlipayGphoneRC.push.action.MESSAGE_RECEIVED cat=[com.eg.android.AlipayGphoneRC] cmp=com.eg.android.AlipayGphoneRC/com.alipay.mobile.rome.pushservice.integration.RecvMsgIntentService (has extras) }

I/AlipayPush_RecvMsgIntentService( 5056): [IntentService[RecvMsgIntentService]]onHandleIntent: appUid=10284

I/AudioService(  910): getStreamVolume 5 index 110

I/AlipayPush_RecvMsgIntentService( 5056): [IntentService[RecvMsgIntentService]]onHandleIntent: calling=10284

V/Vibrator(  910): Called vibrateNotification() API - PUID: 1000, PackageName: android, type: 13

I/AlipayPush_RecvMsgIntentService( 5056): [IntentService[RecvMsgIntentService]]onHandleIntent: action = com.eg.android.AlipayGphoneRC.push.action.MESSAGE_RECEIVED

I/AlipayPush_RecvMsgIntentService( 5056): [IntentService[RecvMsgIntentService]]isShow style:2

V/MediaPlayer-JNI( 1110): native_setup

V/MediaPlayer( 1110): constructor

V/MediaPlayer( 1110): setListener

E/MediaPlayer-JNI( 1110): QCMediaPlayer mediaplayer NOT present

V/MediaPlayer-JNI( 1110): setAudioStreamType: 5

V/MediaPlayer( 1110): MediaPlayer::setAudioStreamType

I/MediaPlayer( 1110): it is a Ringtone type is : 2

D/RingtoneManager( 1110): getActualDefaultRingtoneUri  type    :2

D/RingtoneManager( 1110): checkDefaultRingtoneProperUri : InternalMediaAudio uriString not null    type:2

D/AlipayPush_RecvMsgIntentService( 5056): [IntentService[RecvMsgIntentService]]isTopApplication package=org.zywx.wbpalmstar.widgetone.uexsdk10098

D/AlipayPush_RecvMsgIntentService( 5056): [IntentService[RecvMsgIntentService]]direct2TopApp isTopApplication is false.

I/SensorManagerA(  910): getReportingMode :: sensor.mType = 5

D/AlipayPush_RecvMsgIntentService( 5056): [IntentService[RecvMsgIntentService]]direct2TopApp ret=false

I/AlipayPush_RecvMsgIntentService( 5056): [IntentService[RecvMsgIntentService]]onMessage style:2

E/LightSensor(  910): Light old sensor_state 0, new sensor_state : 512 en : 1

I/AlipayPush_e( 5056): [IntentService[RecvMsgIntentService]]getNoticeInfo msgShowTitle=支付宝, msgShowText=你收到了一条消息, msgId=_Nv67aAk, msgData={"type":"startApp", "params":{"appId":"20000167","tUserId":"058083020150608100313735","tUserType":"2","tLoginId":"134***6826"}}, msgNoticeExt={"flag":"8","rich":"","merge":"","biz":{"bBId":"chat","bSBId":"058083020150608100313735","bMB":"false","bMSB":"true","bMUT":"2","bMUID":"058083020150608100313735","data":{"bBUri":{"type":"startApp","params":{"appId":"20000252"}},"bBTitle":"支付宝","bBTxt":"$0个联系人发来$1条消息","bSBTxt":"[$0条]","bBTicker":"你收到了一条消息"}}}, msgShowSound=

I/AlipayPush_g( 5056): [IntentService[RecvMsgIntentService]]parseNoticeExt enter. noticeExt={"flag":"8","rich":"","merge":"","biz":{"bBId":"chat","bSBId":"058083020150608100313735","bMB":"false","bMSB":"true","bMUT":"2","bMUID":"058083020150608100313735","data":{"bBUri":{"type":"startApp","params":{"appId":"20000252"}},"bBTitle":"支付宝","bBTxt":"$0个联系人发来$1条消息","bSBTxt":"[$0条]","bBTicker":"你收到了一条消息"}}}

I/AlipayPush_g( 5056): [IntentService[RecvMsgIntentService]]parseNoticeExt flagCfg=8, richCfg=, mergeCfg=

I/MediaPlayer( 1110): It is a Not a DRM RingTone: return NULL

I/MediaPlayer( 1110): path is null

D/RingtoneManager(  910): getActualDefaultRingtoneUri  type    :2

D/AlipayPush_g( 5056): [IntentService[RecvMsgIntentService]]parseFlagCfg flag=8

D/RingtoneManager(  910): checkDefaultRingtoneProperUri : InternalMediaAudio uriString not null    type:2

D/AlipayPush_g( 5056): [IntentService[RecvMsgIntentService]]parseFlagCfg click=false, rich=false, merge=false

D/SensorManager(  910): registerListener :: 6, CM3323 RGB Sensor, 200000, 0,  

D/AlipayPush_g( 5056): [IntentService[RecvMsgIntentService]]parseNoticeExt isRich=false

V/AlipayPush_e( 5056): [IntentService[RecvMsgIntentService]]showMsg enter...noticeInfo=1152649544

D/AlipayPush_e( 5056): [IntentService[RecvMsgIntentService]]richSupport ret=true

D/AlipayPush_e( 5056): [IntentService[RecvMsgIntentService]]isReadyShow ret=true

D/AlipayPush_e( 5056): [IntentService[RecvMsgIntentService]]prepareNoticeMsg ret=true

V/AlipayPush_e( 5056): [IntentService[RecvMsgIntentService]]showMsg start for notification...noticeInfo=1152649544

V/AlipayPush_e( 5056): [IntentService[RecvMsgIntentService]]showMsg generate noticeId=208100140

D/        ( 5056): DFactory start

D/        ( 5056): isQmage : stream is not a Qmage file

D/AlipayPush_e( 5056): [IntentService[RecvMsgIntentService]]getNoticeIcon app-IconId=2130837556

D/ContexualWidgetMonitor( 1110): action =com.android.server.NotificationManagerService.NotificationArrived

D/ContexualWidgetMonitor( 1110): pkg =null

D/ContexualWidgetMonitor( 1110): mCheckMissedEvent =false

D/AlipayPush_e( 5056): [IntentService[RecvMsgIntentService]]getNoticeIcon appIconPush=2130837556

D/AlipayPush_e( 5056): [IntentService[RecvMsgIntentService]]getClickIntent uri={"type":"startApp", "params":{"appId":"20000167","tUserId":"058083020150608100313735","tUserType":"2","tLoginId":"134***6826"}}

V/MediaPlayer-JNI( 1110): setDataSourceFD: fd 130

V/MediaPlayer( 1110): setDataSource(130, 0, 576460752303423487)

V/MediaPlayerService(  349): Create new client(1511) from pid 1110, uid 10018, 

V/MediaPlayerService(  349): setDataSource fd=41, offset=0, length=576460752303423487

V/MediaPlayerService(  349): st_dev  = 45847

V/MediaPlayerService(  349): st_mode = 33188

V/MediaPlayerService(  349): st_uid  = 0

