W/ContextImpl( 5189): Failed to ensure directory: /storage/extSdCard/Android/data/com.eg.android.AlipayGphoneRC/files/com.alipay.android.phone.nfd

D/NfcService( 1259): we have to wait for ee mode change

E/cutils  (  324): Failed to mkdirat(/storage/extSdCard/Android): Read-only file system

W/ContextImpl( 5189): Failed to ensure directory: /storage/extSdCard/Android/data/com.eg.android.AlipayGphoneRC/files/com.alipay.android.phone.nfd

E/NfcService( 1259): callback == null

I/AlipayPush_a( 5189): osTriggerEvent_onExecute isConnected=true, lostedTime=18612, lastConnectedTime=2015-06-30 13:05:38.933, lastCreateConnectTime=2015-06-30 12:59:45.524

I/Monitor ( 5056): [main]com.aps.askipwifiscan call WifiManager.StartScan() at: APS.java:2760

E/Monitor ( 5056): [main]skipwifiscan:wifiscanEnable=false

I/Monitor ( 5056): [main]onReceive at: com.aps.a$a, Intent: Intent { act=android.intent.action.SCREEN_ON flg=0x50000010 }, cost:5 ms.

D/pushtrack_TrackWorker_queue_51( 5189): level:Normal user:2088812469041456 tag:SysTriggerEvent_onExecute content:lastConnectedTime=2015-06-30 13:05:38.933 trigger=15

E/cutils  (  324): Failed to mkdirat(/storage/extSdCard/Android): Read-only file system

I/AlipayPush_k( 5189): sendPacket()... packet.id=3

W/ContextImpl( 5189): Failed to ensure directory: /storage/extSdCard/Android/data/com.eg.android.AlipayGphoneRC/files/com.alipay.android.phone.nfd

E/cutils  (  324): Failed to mkdirat(/storage/extSdCard/Android): Read-only file system

W/SharedPreferencesManager( 5189): getBoolean() : name = nfdwifi_nfd_settings : key = enable_auto_nfd : defValue = true

W/ContextImpl( 5189): Failed to ensure directory: /storage/extSdCard/Android/data/com.eg.android.AlipayGphoneRC/files/com.alipay.android.phone.nfd

D/MISC PowerHAL(  910): sysfs_write -: /sys/class/input/event2/device/enabled: 1

D/MISC PowerHAL(  910): sysfs_write +: /sys/class/power_supply/battery/lcd: 1

D/MISC PowerHAL(  910): sysfs_write -: /sys/class/power_supply/battery/lcd: 1

D/PowerManagerService-JNI(  910): Excessive delay in MISC setInteractive(true) while turning screen on: 265ms

E/videowall-TranscodeReceiver(14173): broadcastMSG : android.intent.action.SCREEN_ON

I/QCOM PowerHAL(  910): Got set_interactive hint

D/lights  (  910): button : 1 +

E/cutils  (  324): Failed to mkdirat(/storage/extSdCard/Android): Read-only file system

W/ContextImpl( 5189): Failed to ensure directory: /storage/extSdCard/Android/data/com.eg.android.AlipayGphoneRC/files/com.alipay.android.phone.nfd

E/cutils  (  324): Failed to mkdirat(/storage/extSdCard/Android): Read-only file system

W/ContextImpl( 5189): Failed to ensure directory: /storage/extSdCard/Android/data/com.eg.android.AlipayGphoneRC/files/com.alipay.android.phone.nfd

E/cutils  (  324): Failed to mkdirat(/storage/extSdCard/Android): Read-only file system

W/ContextImpl( 5189): Failed to ensure directory: /storage/extSdCard/Android/data/com.eg.android.AlipayGphoneRC/files/com.alipay.android.phone.nfd

E/cutils  (  324): Failed to mkdirat(/storage/extSdCard/Android): Read-only file system

W/ContextImpl( 5189): Failed to ensure directory: /storage/extSdCard/Android/data/com.eg.android.AlipayGphoneRC/files/com.alipay.android.phone.nfd

E/cutils  (  324): Failed to mkdirat(/storage/extSdCard/Android): Read-only file system

D/daemonapp(15431): [MSC_Cmaweather_Daemon]>>> U:1341 [0:0] cDayONight() ::: sunrise is null 

D/daemonapp(15431): [MSC_Cmaweather_Daemon]>>> U:1357 [0:0] cDayONight() ::: sunset is null 

D/daemonapp(15431): [MSC_Cmaweather_Daemon]>>> WCS:90 [0:0] action:androidintentactionSCREEN_ON

D/daemonapp(15431): [MSC_Cmaweather_Daemon]>>> CWDS:83 [0:0] Act : widgetappapaccuweatherdaemonactionCHANGE_ICON_OF_DAEMON

D/comsamsunglog(15431): [MSC_Cmaweather_Daemon]>>> ====================================================================================================================

D/comsamsunglog(15431): [MSC_Cmaweather_Daemon]>>> daemonapp [Version : 14070101 ] [ 1 ] 

D/comsamsunglog(15431): [MSC_Cmaweather_Daemon]>>> Header set to : ===> "daemonapp" <===

D/comsamsunglog(15431): [MSC_Cmaweather_Daemon]>>> ====================================================================================================================

D/daemonapp(15431): [MSC_Cmaweather_Daemon]>>> CCP:387 [0:0] Provider query : content://cmaweatherprovider/packagename

D/com.sogou.appmall.common.utils.o(15839): +++network is available: WIFI

D/daemonapp(15431): [MSC_Cmaweather_Daemon]>>> CWDS:1112 [0:0] PakNme size = 1

D/daemonapp(15431): [MSC_Cmaweather_Daemon]>>> CCP:387 [0:0] Provider query : content://cmaweatherprovider/current_weatherinfo

D/dalvikvm( 5189): GC_CONCURRENT freed 1908K, 32% free 18439K/26876K, paused 3ms+2ms, total 26ms

D/dalvikvm( 5189): WAIT_FOR_CONCURRENT_GC blocked 13ms

D/daemonapp(15431): [MSC_Cmaweather_Daemon]>>> CCP:387 [0:0] Provider query : content://cmaweatherprovider/current_weatherinfo

D/daemonapp(15431): [MSC_Cmaweather_Daemon]>>> CCP:387 [0:0] Provider query : content://cmaweatherprovider/current_weatherinfo

D/daemonapp(15431): [MSC_Cmaweather_Daemon]>>> CWDS:127 [0:0] SerStus:true,TmpS:1,AtRfr:0

D/daemonapp(15431): [MSC_Cmaweather_Daemon]>>> CWDS:682 [0:0] ====ACTION_SEC_CHANGE_ICON_OF_DAEMON===

D/daemonapp(15431): [MSC_Cmaweather_Daemon]>>> U:1341 [0:0] cDayONight() ::: sunrise is null 

D/dalvikvm( 5189): WAIT_FOR_CONCURRENT_GC blocked 18ms

D/dalvikvm( 5189): WAIT_FOR_CONCURRENT_GC blocked 15ms

W/SharedPreferencesManager( 5189): getBoolean() : name = nfdwifi_nfd_settings : key = enable_auto_nfd : defValue = true

D/daemonapp(15431): [MSC_Cmaweather_Daemon]>>> U:1357 [0:0] cDayONight() ::: sunset is null 

D/pushtrack_TrackWorker_queue_51( 5189): level:Normal user:2088812469041456 tag:PacketReader_push_heart_beat content:start:1435640757600

D/daemonapp(15431): [MSC_Cmaweather_Daemon]>>> CWDS:685 [0:0] checkDay:true, UtilgetIsDay():false

W/ContextImpl( 5189): Failed to ensure directory: /storage/extSdCard/Android/data/com.eg.android.AlipayGphoneRC/files/com.alipay.android.phone.nfd

D/lights  (  910): button : 1 -

D/daemonapp(15431): [MSC_Cmaweather_Daemon]>>> CCP:387 [0:0] Provider query : content://cmaweatherprovider/weatherinfo

E/cutils  (  324): Failed to mkdirat(/storage/extSdCard/Android): Read-only file system

W/ContextImpl( 5189): Failed to ensure directory: /storage/extSdCard/Android/data/com.eg.android.AlipayGphoneRC/files/com.alipay.android.phone.nfd

E/cutils  (  324): Failed to mkdirat(/storage/extSdCard/Android): Read-only file system

W/ContextImpl( 5189): Failed to ensure directory: /storage/extSdCard/Android/data/com.eg.android.AlipayGphoneRC/files/com.alipay.android.phone.nfd

W/SharedPreferencesManager( 5189): putInt() : name = nfdwifi_wifi_update_key : key = wifiCount : value = 0

W/SharedPreferencesManager( 5189): putInt() : name = nfdwifi_wifi_update_key : key = mobileCount : value = 0

W/SharedPreferencesManager( 5189): putInt() : name = nfdwifi_wifi_update_key : key = syncLevel : value = 0

W/SharedPreferencesManager( 5189): getInt() : name = nfdwifi_wifi_update_key : key = lastTime : defValue = 0

E/cutils  (  324): Failed to mkdirat(/storage/extSdCard/Android): Read-only file system

I/AlipayPush_b( 5189): processPacket() got one HeartBeatPacket from Server!

W/ContextImpl( 5189): Failed to ensure directory: /storage/extSdCard/Android/data/com.eg.android.AlipayGphoneRC/files/com.alipay.android.phone.nfd

I/AlipayPush_l( 5189): getPushKeepAliveInterval() keepAliveTime=300

W/SharedPreferencesManager( 5189): getInt() : name = nfdwifi_wifi_lbs_key : key = lbs_last_time : defValue = 1435637439623

W/monitor ( 5189): [syncRequestLBSInfoUpdates#Thread]com.alipay.mobile.common.lbs.LBSLocationManagerProxy.requestLocationUpdates( listener=com.alipay.android.phone.nfd.nfdservice.biz.a.d)listener count:0

W/monitor ( 5189): [syncRequestLBSInfoUpdates#Thread]requestLocationUpdates once stacktrace


W/monitor ( 5189): java.lang.RuntimeException: requestLocationUpdates once stacktrace

W/monitor ( 5189): 	at com.alipay.mobile.common.lbs.LBSLocationManagerProxy.a(LBSLocationManagerProxy.java:200)

W/monitor ( 5189): 	at com.alipay.mobile.common.lbs.LBSLocationManagerProxy.requestLocationUpdates(LBSLocationManagerProxy.java:79)

W/monitor ( 5189): 	at com.alipay.mobile.common.lbs.LBSLocationManagerProxy.requestLocationUpdates(LBSLocationManagerProxy.java:55)

W/monitor ( 5189): 	at com.alipay.mobile.common.lbs.LBSLocationManagerProxy.requestLocationUpdates(LBSLocationManagerProxy.java:50)

W/monitor ( 5189): 	at com.alipay.android.phone.nfd.nfdservice.biz.a.c.a(Unknown Source)

W/monitor ( 5189): 	at com.alipay.android.phone.nfd.nfdservice.biz.a.c.call(Unknown Source)

W/monitor ( 5189): 	at java.util.concurrent.FutureTask.run(FutureTask.java:237)

W/monitor ( 5189): 	at java.lang.Thread.run(Thread.java:841)

E/cutils  (  324): Failed to mkdirat(/storage/extSdCard/Android): Read-only file system

W/ContextImpl( 5189): Failed to ensure directory: /storage/extSdCard/Android/data/com.eg.android.AlipayGphoneRC/files/com.alipay.android.phone.nfd

E/cutils  (  324): Failed to mkdirat(/storage/extSdCard/Android): Read-only file system

W/ContextImpl( 5189): Failed to ensure directory: /storage/extSdCard/Android/data/com.eg.android.AlipayGphoneRC/files/com.alipay.android.phone.nfd

E/cutils  (  324): Failed to mkdirat(/storage/extSdCard/Android): Read-only file system

W/ContextImpl( 5189): Failed to ensure directory: /storage/extSdCard/Android/data/com.eg.android.AlipayGphoneRC/files/com.alipay.android.phone.nfd

I/Monitor ( 5189): [main]com.aps.askipwifiscan call WifiManager.StartScan() at: APS.java:2760

E/cutils  (  324): Failed to mkdirat(/storage/extSdCard/Android): Read-only file system

W/ContextImpl( 5189): Failed to ensure directory: /storage/extSdCard/Android/data/com.eg.android.AlipayGphoneRC/files/com.alipay.android.phone.nfd

E/cutils  (  324): Failed to mkdirat(/storage/extSdCard/Android): Read-only file system

W/ContextImpl( 5189): Failed to ensure directory: /storage/extSdCard/Android/data/com.eg.android.AlipayGphoneRC/files/com.alipay.android.phone.nfd

E/Monitor ( 5189): [main]skipwifiscan:isBackgroundRunning=true

E/cutils  (  324): Failed to mkdirat(/storage/extSdCard/Android): Read-only file system

W/ContextImpl( 5189): Failed to ensure directory: /storage/extSdCard/Android/data/com.eg.android.AlipayGphoneRC/files/com.alipay.android.phone.nfd

E/cutils  (  324): Failed to mkdirat(/storage/extSdCard/Android): Read-only file system

W/ContextImpl( 5189): Failed to ensure directory: /storage/extSdCard/Android/data/com.eg.android.AlipayGphoneRC/files/com.alipay.android.phone.nfd

E/cutils  (  324): Failed to mkdirat(/storage/extSdCard/Android): Read-only file system

W/ContextImpl( 5189): Failed to ensure directory: /storage/extSdCard/Android/data/com.eg.android.AlipayGphoneRC/files/com.alipay.android.phone.nfd

E/cutils  (  324): Failed to mkdirat(/storage/extSdCard/Android): Read-only file system

W/ContextImpl( 5189): Failed to ensure directory: /storage/extSdCard/Android/data/com.eg.android.AlipayGphoneRC/files/com.alipay.android.phone.nfd

E/cutils  (  324): Failed to mkdirat(/storage/extSdCard/Android): Read-only file system

I/Monitor ( 5189): [main]onReceive at: com.aps.a$a, Intent: Intent { act=android.net.wifi.WIFI_STATE_CHANGED flg=0x4000010 (has extras) }, cost:0 ms.

I/Monitor ( 5189): [main]onReceive at: com.aps.a$a, Intent: Intent { act=android.intent.action.BATTERY_CHANGED flg=0x60000010 (has extras) }, cost:0 ms.

W/ContextImpl( 5189): Failed to ensure directory: /storage/extSdCard/Android/data/com.eg.android.AlipayGphoneRC/files/com.alipay.android.phone.nfd

E/cutils  (  324): Failed to mkdirat(/storage/extSdCard/Android): Read-only file system

I/Monitor ( 5189): [main]onReceive at: com.aps.a$a, Intent: Intent { act=android.net.conn.CONNECTIVITY_CHANGE flg=0x4000010 (has extras) }, cost:3 ms.

W/ContextImpl( 5189): Failed to ensure directory: /storage/extSdCard/Android/data/com.eg.android.AlipayGphoneRC/files/com.alipay.android.phone.nfd

E/cutils  (  324): Failed to mkdirat(/storage/extSdCard/Android): Read-only file system

W/ContextImpl( 5189): Failed to ensure directory: /storage/extSdCard/Android/data/com.eg.android.AlipayGphoneRC/files/applog

E/cutils  (  324): Failed to mkdirat(/storage/extSdCard/Android): Read-only file system

W/ContextImpl( 5189): Failed to ensure directory: /storage/extSdCard/Android/data/com.eg.android.AlipayGphoneRC/files/com.alipay.android.phone.nfd

E/cutils  (  324): Failed to mkdirat(/storage/extSdCard/Android): Read-only file system

W/ContextImpl( 5189): Failed to ensure directory: /storage/extSdCard/Android/data/com.eg.android.AlipayGphoneRC/files/com.alipay.android.phone.nfd

E/cutils  (  324): Failed to mkdirat(/storage/extSdCard/Android): Read-only file system

W/ContextImpl( 5189): Failed to ensure directory: /storage/extSdCard/Android/data/com.eg.android.AlipayGphoneRC/files/applog

E/cutils  (  324): Failed to mkdirat(/storage/extSdCard/Android): Read-only file system

W/ContextImpl( 5189): Failed to ensure directory: /storage/extSdCard/Android/data/com.eg.android.AlipayGphoneRC/files/com.alipay.android.phone.nfd

E/cutils  (  324): Failed to mkdirat(/storage/extSdCard/Android): Read-only file system

W/ContextImpl( 5189): Failed to ensure directory: /storage/extSdCard/Android/data/com.eg.android.AlipayGphoneRC/files/com.alipay.android.phone.nfd

E/cutils  (  324): Failed to mkdirat(/storage/extSdCard/Android): Read-only file system

W/ContextImpl( 5189): Failed to ensure directory: /storage/extSdCard/Android/data/com.eg.android.AlipayGphoneRC/files/com.alipay.android.phone.nfd

E/cutils  (  324): Failed to mkdirat(/storage/extSdCard/Android): Read-only file system

W/ContextImpl( 5189): Failed to ensure directory: /storage/extSdCard/Android/data/com.eg.android.AlipayGphoneRC/files/com.alipay.android.phone.nfd

E/cutils  (  324): Failed to mkdirat(/storage/extSdCard/Android): Read-only file system

W/ContextImpl( 5189): Failed to ensure directory: /storage/extSdCard/Android/data/com.eg.android.AlipayGphoneRC/files/com.alipay.android.phone.nfd

E/cutils  (  324): Failed to mkdirat(/storage/extSdCard/Android): Read-only file system

W/ContextImpl( 5189): Failed to ensure directory: /storage/extSdCard/Android/data/com.eg.android.AlipayGphoneRC/files/com.alipay.android.phone.nfd

E/cutils  (  324): Failed to mkdirat(/storage/extSdCard/Android): Read-only file system

W/ContextImpl( 5189): Failed to ensure directory: /storage/extSdCard/Android/data/com.eg.android.AlipayGphoneRC/files/com.alipay.android.phone.nfd

E/cutils  (  324): Failed to mkdirat(/storage/extSdCard/Android): Read-only file system

W/ContextImpl( 5189): Failed to ensure directory: /storage/extSdCard/Android/data/com.eg.android.AlipayGphoneRC/files/com.alipay.android.phone.nfd

E/cutils  (  324): Failed to mkdirat(/storage/extSdCard/Android): Read-only file system

W/ContextImpl( 5189): Failed to ensure directory: /storage/extSdCard/Android/data/com.eg.android.AlipayGphoneRC/files/com.alipay.android.phone.nfd

E/cutils  (  324): Failed to mkdirat(/storage/extSdCard/Android): Read-only file system

W/ContextImpl( 5189): Failed to ensure directory: /storage/extSdCard/Android/data/com.eg.android.AlipayGphoneRC/files/com.alipay.android.phone.nfd

I/Monitor ( 5189): [Thread-21018] HttpClient.execute(): http://apilocate.amap.com/mobile/binary at: NetManager.java:502

E/cutils  (  324): Failed to mkdirat(/storage/extSdCard/Android): Read-only file system

W/ContextImpl( 5189): Failed to ensure directory: /storage/extSdCard/Android/data/com.eg.android.AlipayGphoneRC/files/com.alipay.android.phone.nfd

E/cutils  (  324): Failed to mkdirat(/storage/extSdCard/Android): Read-only file system

W/ContextImpl( 5189): Failed to ensure directory: /storage/extSdCard/Android/data/com.eg.android.AlipayGphoneRC/files/com.alipay.android.phone.nfd

E/cutils  (  324): Failed to mkdirat(/storage/extSdCard/Android): Read-only file system

W/ContextImpl( 5189): Failed to ensure directory: /storage/extSdCard/Android/data/com.eg.android.AlipayGphoneRC/files/applog

E/cutils  (  324): Failed to mkdirat(/storage/extSdCard/Android): Read-only file system

W/ContextImpl( 5189): Failed to ensure directory: /storage/extSdCard/Android/data/com.eg.android.AlipayGphoneRC/files/com.alipay.android.phone.nfd

E/cutils  (  324): Failed to mkdirat(/storage/extSdCard/Android): Read-only file system

W/ContextImpl( 5189): Failed to ensure directory: /storage/extSdCard/Android/data/com.eg.android.AlipayGphoneRC/files/com.alipay.android.phone.nfd

E/cutils  (  324): Failed to mkdirat(/storage/extSdCard/Android): Read-only file system

W/ContextImpl( 5189): Failed to ensure directory: /storage/extSdCard/Android/data/com.eg.android.AlipayGphoneRC/files/applog

E/cutils  (  324): Failed to mkdirat(/storage/extSdCard/Android): Read-only file system

W/ContextImpl( 5189): Failed to ensure directory: /storage/extSdCard/Android/data/com.eg.android.AlipayGphoneRC/files/com.alipay.android.phone.nfd

E/cutils  (  324): Failed to mkdirat(/storage/extSdCard/Android): Read-only file system

W/ContextImpl( 5189): Failed to ensure directory: /storage/extSdCard/Android/data/com.eg.android.AlipayGphoneRC/files/com.alipay.android.phone.nfd

E/cutils  (  324): Failed to mkdirat(/storage/extSdCard/Android): Read-only file system

W/ContextImpl( 5189): Failed to ensure directory: /storage/extSdCard/Android/data/com.eg.android.AlipayGphoneRC/files/com.alipay.android.phone.nfd

E/cutils  (  324): Failed to mkdirat(/storage/extSdCard/Android): Read-only file system

W/ContextImpl( 5189): Failed to ensure directory: /storage/extSdCard/Android/data/com.eg.android.AlipayGphoneRC/files/com.alipay.android.phone.nfd

E/cutils  (  324): Failed to mkdirat(/storage/extSdCard/Android): Read-only file system

W/ContextImpl( 5189): Failed to ensure directory: /storage/extSdCard/Android/data/com.eg.android.AlipayGphoneRC/files/com.alipay.android.phone.nfd

E/cutils  (  324): Failed to mkdirat(/storage/extSdCard/Android): Read-only file system

W/ContextImpl( 5189): Failed to ensure directory: /storage/extSdCard/Android/data/com.eg.android.AlipayGphoneRC/files/com.alipay.android.phone.nfd

E/cutils  (  324): Failed to mkdirat(/storage/extSdCard/Android): Read-only file system

W/ContextImpl( 5189): Failed to ensure directory: /storage/extSdCard/Android/data/com.eg.android.AlipayGphoneRC/files/com.alipay.android.phone.nfd

E/cutils  (  324): Failed to mkdirat(/storage/extSdCard/Android): Read-only file system

W/ContextImpl( 5189): Failed to ensure directory: /storage/extSdCard/Android/data/com.eg.android.AlipayGphoneRC/files/com.alipay.android.phone.nfd

E/cutils  (  324): Failed to mkdirat(/storage/extSdCard/Android): Read-only file system

W/ContextImpl( 5189): Failed to ensure directory: /storage/extSdCard/Android/data/com.eg.android.AlipayGphoneRC/files/com.alipay.android.phone.nfd

E/cutils  (  324): Failed to mkdirat(/storage/extSdCard/Android): Read-only file system

W/ContextImpl( 5189): Failed to ensure directory: /storage/extSdCard/Android/data/com.eg.android.AlipayGphoneRC/files/com.alipay.android.phone.nfd

E/cutils  (  324): Failed to mkdirat(/storage/extSdCard/Android): Read-only file system

W/ContextImpl( 5189): Failed to ensure directory: /storage/extSdCard/Android/data/com.eg.android.AlipayGphoneRC/files/com.alipay.android.phone.nfd

E/cutils  (  324): Failed to mkdirat(/storage/extSdCard/Android): Read-only file system

W/ContextImpl( 5189): Failed to ensure directory: /storage/extSdCard/Android/data/com.eg.android.AlipayGphoneRC/files/com.alipay.android.phone.nfd

E/cutils  (  324): Failed to mkdirat(/storage/extSdCard/Android): Read-only file system

W/ContextImpl( 5189): Failed to ensure directory: /storage/extSdCard/Android/data/com.eg.android.AlipayGphoneRC/files/com.alipay.android.phone.nfd

E/cutils  (  324): Failed to mkdirat(/storage/extSdCard/Android): Read-only file system

W/ContextImpl( 5189): Failed to ensure directory: /storage/extSdCard/Android/data/com.eg.android.AlipayGphoneRC/files/com.alipay.android.phone.nfd

E/cutils  (  324): Failed to mkdirat(/storage/extSdCard/Android): Read-only file system

W/ContextImpl( 5189): Failed to ensure directory: /storage/extSdCard/Android/data/com.eg.android.AlipayGphoneRC/files/com.alipay.android.phone.nfd

E/cutils  (  324): Failed to mkdirat(/storage/extSdCard/Android): Read-only file system

W/ContextImpl( 5189): Failed to ensure directory: /storage/extSdCard/Android/data/com.eg.android.AlipayGphoneRC/files/com.alipay.android.phone.nfd

E/cutils  (  324): Failed to mkdirat(/storage/extSdCard/Android): Read-only file system

W/ContextImpl( 5189): Failed to ensure directory: /storage/extSdCard/Android/data/com.eg.android.AlipayGphoneRC/files/com.alipay.android.phone.nfd

E/cutils  (  324): Failed to mkdirat(/storage/extSdCard/Android): Read-only file system

W/ContextImpl( 5189): Failed to ensure directory: /storage/extSdCard/Android/data/com.eg.android.AlipayGphoneRC/files/com.alipay.android.phone.nfd

E/cutils  (  324): Failed to mkdirat(/storage/extSdCard/Android): Read-only file system

W/ContextImpl( 5189): Failed to ensure directory: /storage/extSdCard/Android/data/com.eg.android.AlipayGphoneRC/files/com.alipay.android.phone.nfd

E/cutils  (  324): Failed to mkdirat(/storage/extSdCard/Android): Read-only file system

W/ContextImpl( 5189): Failed to ensure directory: /storage/extSdCard/Android/data/com.eg.android.AlipayGphoneRC/files/com.alipay.android.phone.nfd

E/cutils  (  324): Failed to mkdirat(/storage/extSdCard/Android): Read-only file system

W/ContextImpl( 5189): Failed to ensure directory: /storage/extSdCard/Android/data/com.eg.android.AlipayGphoneRC/files/com.alipay.android.phone.nfd

E/cutils  (  324): Failed to mkdirat(/storage/extSdCard/Android): Read-only file system

W/ContextImpl( 5189): Failed to ensure directory: /storage/extSdCard/Android/data/com.eg.android.AlipayGphoneRC/files/com.alipay.android.phone.nfd

I/ClientMonitor( 5189): [Thread-21018] noteTraficConsume: http://apilocate.amap.com/mobile/binary reqLength:462 respLength:459

E/cutils  (  324): Failed to mkdirat(/storage/extSdCard/Android): Read-only file system

W/ContextImpl( 5189): Failed to ensure directory: /storage/extSdCard/Android/data/com.eg.android.AlipayGphoneRC/files/com.alipay.android.phone.nfd

I/System.out( 5189): Thread-21018 calls detatch()

E/cutils  (  324): Failed to mkdirat(/storage/extSdCard/Android): Read-only file system

W/ContextImpl( 5189): Failed to ensure directory: /storage/extSdCard/Android/data/com.eg.android.AlipayGphoneRC/files/com.alipay.android.phone.nfd

E/cutils  (  324): Failed to mkdirat(/storage/extSdCard/Android): Read-only file system

W/ContextImpl( 5189): Failed to ensure directory: /storage/extSdCard/Android/data/com.eg.android.AlipayGphoneRC/files/com.alipay.android.phone.nfd

E/cutils  (  324): Failed to mkdirat(/storage/extSdCard/Android): Read-only file system

W/ContextImpl( 5189): Failed to ensure directory: /storage/extSdCard/Android/data/com.eg.android.AlipayGphoneRC/files/com.alipay.android.phone.nfd

E/cutils  (  324): Failed to mkdirat(/storage/extSdCard/Android): Read-only file system

W/ContextImpl( 5189): Failed to ensure directory: /storage/extSdCard/Android/data/com.eg.android.AlipayGphoneRC/files/com.alipay.android.phone.nfd

E/cutils  (  324): Failed to mkdirat(/storage/extSdCard/Android): Read-only file system

W/ContextImpl( 5189): Failed to ensure directory: /storage/extSdCard/Android/data/com.eg.android.AlipayGphoneRC/files/com.alipay.android.phone.nfd

E/cutils  (  324): Failed to mkdirat(/storage/extSdCard/Android): Read-only file system

W/monitor ( 5189): [main]LBSLocationManagerProxyonLocationChanged(AMapLocationaMapLocation)

W/monitor ( 5189): [main]LBSLocationManagerProxy onLocationChanged:Location[lbs 31.226531,121.549786 acc=150 et=?!? {Bundle[{adcode=310115, citycode=021, desc=上海市 浦东新区 民生路 靠近金融大厦(丁香路)}]}]:com.alipay.android.phone.nfd.nfdservice.biz.a.d

W/monitor ( 5189): [main]onLocationChanged:ErrorCode= 0

W/ContextImpl( 5189): Failed to ensure directory: /storage/extSdCard/Android/data/com.eg.android.AlipayGphoneRC/files/com.alipay.android.phone.nfd

E/cutils  (  324): Failed to mkdirat(/storage/extSdCard/Android): Read-only file system

W/ContextImpl( 5189): Failed to ensure directory: /storage/extSdCard/Android/data/com.eg.android.AlipayGphoneRC/files/com.alipay.android.phone.nfd

E/cutils  (  324): Failed to mkdirat(/storage/extSdCard/Android): Read-only file system

W/ContextImpl( 5189): Failed to ensure directory: /storage/extSdCard/Android/data/com.eg.android.AlipayGphoneRC/files/com.alipay.android.phone.nfd

D/dalvikvm( 5189): GC_CONCURRENT freed 1973K, 32% free 18423K/26876K, paused 2ms+3ms, total 27ms

E/cutils  (  324): Failed to mkdirat(/storage/extSdCard/Android): Read-only file system

W/ContextImpl( 5189): Failed to ensure directory: /storage/extSdCard/Android/data/com.eg.android.AlipayGphoneRC/files/com.alipay.android.phone.nfd

E/cutils  (  324): Failed to mkdirat(/storage/extSdCard/Android): Read-only file system

I/LBSLocationManagerProxy( 5189): [main]removeUpdates

I/LBSLocationManagerProxy( 5189): [syncRequestLBSInfoUpdates#Thread]removeUpdates

W/ContextImpl( 5189): Failed to ensure directory: /storage/extSdCard/Android/data/com.eg.android.AlipayGphoneRC/files/com.alipay.android.phone.nfd

I/LBSLocationManagerProxy( 5189): [main]removeUpdates

W/monitor ( 5189): [main]request once onLocationChanged:Location[lbs 31.226531,121.549786 acc=150 et=?!? {Bundle[{adcode=310115, citycode=021, desc=上海市 浦东新区 民生路 靠近金融大厦(丁香路)}]}]:com.alipay.android.phone.nfd.nfdservice.biz.a.d

W/monitor ( 5189): [main]once listener count:0

W/monitor ( 5189): [main]LocationManagerProxy.destroy once

E/cutils  (  324): Failed to mkdirat(/storage/extSdCard/Android): Read-only file system

I/Monitor ( 5189): [main]Call LocationManager.removeUpdates(args=[Ljava.lang.Object;@43268760) at: IGPSManager.java:114

W/SharedPreferencesManager( 5189): putLong() : name = nfdwifi_wifi_lbs_key : key = lbs_last_time : defValue = 1435640757831

W/ContextImpl( 5189): Failed to ensure directory: /storage/extSdCard/Android/data/com.eg.android.AlipayGphoneRC/files/com.alipay.android.phone.nfd

I/Monitor ( 5189): [main]Call LocationManager.removeUpdates(args=[Ljava.lang.Object;@4321fe90) at: LocationManagerProxy.java:634

E/cutils  (  324): Failed to mkdirat(/storage/extSdCard/Android): Read-only file system

W/ContextImpl( 5189): Failed to ensure directory: /storage/extSdCard/Android/data/com.eg.android.AlipayGphoneRC/files/com.alipay.android.phone.nfd

E/cutils  (  324): Failed to mkdirat(/storage/extSdCard/Android): Read-only file system

W/ContextImpl( 5189): Failed to ensure directory: /storage/extSdCard/Android/data/com.eg.android.AlipayGphoneRC/files/com.alipay.android.phone.nfd

E/cutils  (  324): Failed to mkdirat(/storage/extSdCard/Android): Read-only file system

W/ContextImpl( 5189): Failed to ensure directory: /storage/extSdCard/Android/data/com.eg.android.AlipayGphoneRC/files/com.alipay.android.phone.nfd

E/cutils  (  324): Failed to mkdirat(/storage/extSdCard/Android): Read-only file system

W/ContextImpl( 5189): Failed to ensure directory: /storage/extSdCard/Android/data/com.eg.android.AlipayGphoneRC/files/com.alipay.android.phone.nfd

E/cutils  (  324): Failed to mkdirat(/storage/extSdCard/Android): Read-only file system

W/ContextImpl( 5189): Failed to ensure directory: /storage/extSdCard/Android/data/com.eg.android.AlipayGphoneRC/files/com.alipay.android.phone.nfd

E/cutils  (  324): Failed to mkdirat(/storage/extSdCard/Android): Read-only file system

W/ContextImpl( 5189): Failed to ensure directory: /storage/extSdCard/Android/data/com.eg.android.AlipayGphoneRC/files/com.alipay.android.phone.nfd

E/cutils  (  324): Failed to mkdirat(/storage/extSdCard/Android): Read-only file system

W/ContextImpl( 5189): Failed to ensure directory: /storage/extSdCard/Android/data/com.eg.android.AlipayGphoneRC/files/com.alipay.android.phone.nfd

E/cutils  (  324): Failed to mkdirat(/storage/extSdCard/Android): Read-only file system

W/ContextImpl( 5189): Failed to ensure directory: /storage/extSdCard/Android/data/com.eg.android.AlipayGphoneRC/files/com.alipay.android.phone.nfd

E/cutils  (  324): Failed to mkdirat(/storage/extSdCard/Android): Read-only file system

W/ContextImpl( 5189): Failed to ensure directory: /storage/extSdCard/Android/data/com.eg.android.AlipayGphoneRC/files/com.alipay.android.phone.nfd

E/cutils  (  324): Failed to mkdirat(/storage/extSdCard/Android): Read-only file system

W/ContextImpl( 5189): Failed to ensure directory: /storage/extSdCard/Android/data/com.eg.android.AlipayGphoneRC/files/com.alipay.android.phone.nfd

E/cutils  (  324): Failed to mkdirat(/storage/extSdCard/Android): Read-only file system

W/ContextImpl( 5189): Failed to ensure directory: /storage/extSdCard/Android/data/com.eg.android.AlipayGphoneRC/files/com.alipay.android.phone.nfd

E/cutils  (  324): Failed to mkdirat(/storage/extSdCard/Android): Read-only file system

W/ContextImpl( 5189): Failed to ensure directory: /storage/extSdCard/Android/data/com.eg.android.AlipayGphoneRC/files/com.alipay.android.phone.nfd

E/cutils  (  324): Failed to mkdirat(/storage/extSdCard/Android): Read-only file system

W/ContextImpl( 5189): Failed to ensure directory: /storage/extSdCard/Android/data/com.eg.android.AlipayGphoneRC/files/com.alipay.android.phone.nfd

E/cutils  (  324): Failed to mkdirat(/storage/extSdCard/Android): Read-only file system

W/ContextImpl( 5189): Failed to ensure directory: /storage/extSdCard/Android/data/com.eg.android.AlipayGphoneRC/files/com.alipay.android.phone.nfd

E/cutils  (  324): Failed to mkdirat(/storage/extSdCard/Android): Read-only file system

W/ContextImpl( 5189): Failed to ensure directory: /storage/extSdCard/Android/data/com.eg.android.AlipayGphoneRC/files/com.alipay.android.phone.nfd

E/cutils  (  324): Failed to mkdirat(/storage/extSdCard/Android): Read-only file system

W/ContextImpl( 5189): Failed to ensure directory: /storage/extSdCard/Android/data/com.eg.android.AlipayGphoneRC/files/com.alipay.android.phone.nfd

E/cutils  (  324): Failed to mkdirat(/storage/extSdCard/Android): Read-only file system

W/ContextImpl( 5189): Failed to ensure directory: /storage/extSdCard/Android/data/com.eg.android.AlipayGphoneRC/files/com.alipay.android.phone.nfd

W/SharedPreferencesManager( 5189): putString() : name = nfdwifi_wifi_lbs_last_location : key = wifi_lbs_last_location : defValue = rO0ABXNyADZjb20uYWxpcGF5Lm1vYmlsZWxicy5jb21tb24uc2VydmljZS5mYWNhZGUudm8uTG9j

W/SharedPreferencesManager( 5189): YXRpb25CXM3ZrKAVTwIAFUQACGFjY3VyYWN5RAAIYWx0aXR1ZGVEAAlkaXJlY3Rpb25EAAhsYXRp

W/SharedPreferencesManager( 5189): dHVkZUQACWxvbmdpdHVkZUQABXNwZWVkTAAGYWRDb2RldAASTGphdmEvbGFuZy9TdHJpbmc7TAAH

W/SharedPreferencesManager( 5189): YWRkcmVzc3EAfgABTAAQYmx1ZXRvb3RoRGV2aWNlc3QAEExqYXZhL3V0aWwvTGlzdDtMAAljZG1h

W/SharedPreferencesManager( 5189): SW5mb3NxAH4AAkwABGNpdHlxAH4AAUwACGNpdHlDb2RlcQB+AAFMAAdjb3VudHJ5cQB+AAFMAAtj

W/SharedPreferencesManager( 5189): b3VudHJ5Q29kZXEAfgABTAAIZGlzdHJpY3RxAH4AAUwACmV4dHJhSW5mb3N0AA9MamF2YS91dGls

W/SharedPreferencesManager( 5189): L01hcDtMAAhnc21JbmZvc3EAfgACTAAIcHJvdmluY2VxAH4AAUwADnByb3ZpbmNlQWRDb2RlcQB+

W/SharedPreferencesManager( 5189): AAFMAAZzdHJlZXRxAH4AAUwACXdpZmlJbmZvc3EAfgACeHBAYsAAAAAAAAAAAAAAAAAAAAAAAAAA

W/SharedPreferencesManager( 5189): AABAPzn974SHukBeYy+xnnMdAAAAAAAAAABwcHBzcgATamF2YS51dGlsLkFycmF5TGlzdHiB0h2Z

W/SharedPreferencesManager( 5189): x2GdAwABSQAEc2l6ZXhwAAAAAHcEAAAAAHhwcHBwcHBzcQB+AAUAAAABdwQAAAAMc3IANWNvbS5h

W/SharedPreferencesManager( 5189): bGlwYXkubW9iaWxlbGJzLmNvbW1vbi5zZXJ2aWNlLmZhY2FkZS52by5HU01JbmZvECXZ/Y2Fy8IC

W/SharedPreferencesManager( 5189): AAVJAANjaWRJAANsYWNJAANtY2NJAANtbmNJAARyc3NpeHABsyrCAACoQwAAAcwAAAAA/////3hw

W/SharedPreferencesManager( 5189): cHBzcQB+AAUAAAAkdwQAAAAoc3IANmNvbS5hbGlwYXkubW9iaWxlbGJzLmNvbW1vbi5zZXJ2aWNl

W/SharedPreferencesManager( 5189): LmZhY2FkZS52by5XaWZpSW5mbzA2dQ9vxlCkAgADSQAEcnNzaUwAA21hY3EAfgABTAAEc3NpZHEA

W/SharedPreferencesManager( 5189): fgABeHD////QdAARODI6MTk6MzQ6NjE6M2Y6YmV0AA/lubPlh6HnmoTlipvph49zcQB+AAv////M

W/SharedPreferencesManager( 5189): dAARZWM6MjY6Y2E6YTY6MTM6NDR0AAxUUC1MSU5LXzEzNDRzcQB+AAv////HdAARN2U6N2E6OTE6

W/SharedPreferencesManager( 5189): MTI6ZGI6MTJ0AAJ6MHNxAH4AC////8F0ABEwMDozYTo5ODoxZjozMTo2ZnQAC2FsaWJhYmEtaW5j

W/SharedPreferencesManager( 5189): c3EAfgAL////vHQAEWYwOjI1OjcyOmNiOmFiOjhjdAAKYWxpcGF5LXByZXNxAH4AC////790ABFl

W/SharedPreferencesManager( 5189): YzozNTo4Njo1MzoyMjpmYXQABUZJLUZBc3EAfgAL////u3QAEWYwOjI1OjcyOmNiOmFiOjhkdAAL

W/SharedPreferencesManager( 5189): YWxpYmFiYS1pbmNzcQB+AAv///+/dAARYzg6ZTA6ZWI6NGE6NDY6Zjd0AAlzZXh5IGdpcmxzcQB+

W/SharedPreferencesManager( 5189): AAv///+/dAARYjQ6MTQ6ODk6ODM6YjA6ZjJ0AAthbGliYWJhLWluY3NxAH4AC////8B0ABE3ODo1

W/SharedPreferencesManager( 5189): Mjo2MjoxYTo4MzpkNXQACUw1MTlfODNENXNxAH4AC////790ABFiNDoxNDo4OTo4MzpiMDpmM3QA

W/SharedPreferencesManager( 5189): CmFsaXBheS1wcmVzcQB+AAv///++dAARZjA6MjU6NzI6Y2I6YWI6ODJ0AAthbGliYWJhLWluY3Nx

W/SharedPreferencesManager( 5189): AH4AC////750ABFmMDoyNTo3MjpjYjphYjo4M3QACmFsaXBheS1wcmVzcQB+AAv///+7dAARNTA6

W/SharedPreferencesManager( 5189): YmQ6NWY6Zjc6MTk6YTJ0AAl4eS1pcGhvbmVzcQB+AAv///++dAAROWM6NGU6MzY6ODI6ZTI6ZTF0

W/SharedPreferencesManager( 5189): AAl4aWFvbXVndWFzcQB+AAv///+6dAARYzg6ZTA6ZWI6NGE6MTg6MTd0AAZGUl9NQUNzcQB+AAv/

W/SharedPreferencesManager( 5189): //+4dAARMWM6YWE6MDc6ZjU6OWE6ZTJ0AAthbGliYWJhLWluY3NxAH4AC////7d0ABEwMDozNjo3

W/SharedPreferencesManager( 5189): Njo0ZjplNzphMHQACmktc2hhbmdoYWlzcQB+AAv///+1dAARYzg6ZTA6ZWI6NTg6ZDI6MGJ0AAtT

W/SharedPreferencesManager( 5189): ZWFu55qEaU1hY3NxAH4AC////6d0ABExYzphYTowNzpmNTo5YTplY3QACmFsaXBheS1wcmVzcQB+

W/SharedPreferencesManager( 5189): AAv///+pdAARMDA6M2E6OTk6MDE6YTk6OWZ0AAthbGliYWJhLWluY3NxAH4AC////6l0ABFiNDox

W/SharedPreferencesManager( 5189): NDo4OTo4MzpiMDpmZHQAC2FsaWJhYmEtaW5jc3EAfgAL////qHQAEWI0OjE0Ojg5OjgzOmIwOmZj

W/SharedPreferencesManager( 5189): dAAKYWxpcGF5LXByZXNxAH4AC////6d0ABExYzphYTowNzpmNTo5YTplZHQAC2FsaWJhYmEtaW5j

W/SharedPreferencesManager( 5189): c3EAfgAL////1nQAETc4OjMxOmMxOmMzOjQwOjE4dAAEdGVzdHNxAH4AC////7x0ABFmMDoyNTo3

W/SharedPreferencesManager( 5189): MjpjYjphYjo4ZXQADWFsaWJhYmEtZ3Vlc3RzcQB+AAv///+9dAARZjA6MjU6NzI6Y2I6YWI6ODF0

W/SharedPreferencesManager( 5189): AA1hbGliYWJhLWd1ZXN0c3EAfgAL////vHQAEWYwOjI1OjcyOmNiOmFiOjgwdAANYWxpbGFuZy1z

W/SharedPreferencesManager( 5189): ZXR1cHNxAH4AC////7l0ABFiNDoxNDo4OTo4MzpiMDpmMXQADWFsaWJhYmEtZ3Vlc3RzcQB+AAv/

W/SharedPreferencesManager( 5189): //+5dAARMWM6YWE6MDc6ZjU6OWE6ZTF0AA1hbGliYWJhLWd1ZXN0c3EAfgAL////unQAEWI0OjE0

W/SharedPreferencesManager( 5189): Ojg5OjgzOmIwOmYwdAANYWxpbGFuZy1zZXR1cHNxAH4AC////7l0ABExYzphYTowNzpmNTo5YTpl

W/SharedPreferencesManager( 5189): MHQADWFsaWxhbmctc2V0dXBzcQB+AAv///+odAARMWM6YWE6MDc6ZjU6OWE6ZWV0AA1hbGliYWJh

W/SharedPreferencesManager( 5189): LWd1ZXN0c3EAfgAL////qXQAEWI0OjE0Ojg5OjgzOmIwOmZldAANYWxpYmFiYS1ndWVzdHNxAH4A

W/SharedPreferencesManager( 5189): C////7x0ABExYzphYTowNzpmNTo5YTplM3QACmFsaXBheS1wcmVzcQB+AAv///+5dAARYzg6ZTA6

W/SharedPreferencesManager( 5189): ZWI6NGY6ZDQ6OTV0AAl5eWJkZWlNYWN4

E/cutils  (  324): Failed to mkdirat(/storage/extSdCard/Android): Read-only file system

W/ContextImpl( 5189): Failed to ensure directory: /storage/extSdCard/Android/data/com.eg.android.AlipayGphoneRC/files/com.alipay.android.phone.nfd

E/cutils  (  324): Failed to mkdirat(/storage/extSdCard/Android): Read-only file system

W/ContextImpl( 5189): Failed to ensure directory: /storage/extSdCard/Android/data/com.eg.android.AlipayGphoneRC/files/com.alipay.android.phone.nfd

E/cutils  (  324): Failed to mkdirat(/storage/extSdCard/Android): Read-only file system

W/ContextImpl( 5189): Failed to ensure directory: /storage/extSdCard/Android/data/com.eg.android.AlipayGphoneRC/files/com.alipay.android.phone.nfd

E/cutils  (  324): Failed to mkdirat(/storage/extSdCard/Android): Read-only file system

W/ContextImpl( 5189): Failed to ensure directory: /storage/extSdCard/Android/data/com.eg.android.AlipayGphoneRC/files/com.alipay.android.phone.nfd

E/cutils  (  324): Failed to mkdirat(/storage/extSdCard/Android): Read-only file system

W/ContextImpl( 5189): Failed to ensure directory: /storage/extSdCard/Android/data/com.eg.android.AlipayGphoneRC/files/com.alipay.android.phone.nfd

E/cutils  (  324): Failed to mkdirat(/storage/extSdCard/Android): Read-only file system

W/ContextImpl( 5189): Failed to ensure directory: /storage/extSdCard/Android/data/com.eg.android.AlipayGphoneRC/files/com.alipay.android.phone.nfd

E/cutils  (  324): Failed to mkdirat(/storage/extSdCard/Android): Read-only file system

W/ContextImpl( 5189): Failed to ensure directory: /storage/extSdCard/Android/data/com.eg.android.AlipayGphoneRC/files/com.alipay.android.phone.nfd

E/cutils  (  324): Failed to mkdirat(/storage/extSdCard/Android): Read-only file system

W/ContextImpl( 5189): Failed to ensure directory: /storage/extSdCard/Android/data/com.eg.android.AlipayGphoneRC/files/com.alipay.android.phone.nfd

E/cutils  (  324): Failed to mkdirat(/storage/extSdCard/Android): Read-only file system

W/ContextImpl( 5189): Failed to ensure directory: /storage/extSdCard/Android/data/com.eg.android.AlipayGphoneRC/files/com.alipay.android.phone.nfd

E/cutils  (  324): Failed to mkdirat(/storage/extSdCard/Android): Read-only file system

W/ContextImpl( 5189): Failed to ensure directory: /storage/extSdCard/Android/data/com.eg.android.AlipayGphoneRC/files/com.alipay.android.phone.nfd

E/cutils  (  324): Failed to mkdirat(/storage/extSdCard/Android): Read-only file system

W/ContextImpl( 5189): Failed to ensure directory: /storage/extSdCard/Android/data/com.eg.android.AlipayGphoneRC/files/com.alipay.android.phone.nfd

E/cutils  (  324): Failed to mkdirat(/storage/extSdCard/Android): Read-only file system

W/ContextImpl( 5189): Failed to ensure directory: /storage/extSdCard/Android/data/com.eg.android.AlipayGphoneRC/files/com.alipay.android.phone.nfd

E/cutils  (  324): Failed to mkdirat(/storage/extSdCard/Android): Read-only file system

W/ContextImpl( 5189): Failed to ensure directory: /storage/extSdCard/Android/data/com.eg.android.AlipayGphoneRC/files/com.alipay.android.phone.nfd

E/cutils  (  324): Failed to mkdirat(/storage/extSdCard/Android): Read-only file system

W/ContextImpl( 5189): Failed to ensure directory: /storage/extSdCard/Android/data/com.eg.android.AlipayGphoneRC/files/com.alipay.android.phone.nfd

E/cutils  (  324): Failed to mkdirat(/storage/extSdCard/Android): Read-only file system

W/ContextImpl( 5189): Failed to ensure directory: /storage/extSdCard/Android/data/com.eg.android.AlipayGphoneRC/files/com.alipay.android.phone.nfd

E/cutils  (  324): Failed to mkdirat(/storage/extSdCard/Android): Read-only file system

W/ContextImpl( 5189): Failed to ensure directory: /storage/extSdCard/Android/data/com.eg.android.AlipayGphoneRC/files/com.alipay.android.phone.nfd

E/cutils  (  324): Failed to mkdirat(/storage/extSdCard/Android): Read-only file system

W/ContextImpl( 5189): Failed to ensure directory: /storage/extSdCard/Android/data/com.eg.android.AlipayGphoneRC/files/com.alipay.android.phone.nfd

E/cutils  (  324): Failed to mkdirat(/storage/extSdCard/Android): Read-only file system

W/ContextImpl( 5189): Failed to ensure directory: /storage/extSdCard/Android/data/com.eg.android.AlipayGphoneRC/files/com.alipay.android.phone.nfd

E/cutils  (  324): Failed to mkdirat(/storage/extSdCard/Android): Read-only file system

W/ContextImpl( 5189): Failed to ensure directory: /storage/extSdCard/Android/data/com.eg.android.AlipayGphoneRC/files/com.alipay.android.phone.nfd

E/cutils  (  324): Failed to mkdirat(/storage/extSdCard/Android): Read-only file system

W/ContextImpl( 5189): Failed to ensure directory: /storage/extSdCard/Android/data/com.eg.android.AlipayGphoneRC/files/com.alipay.android.phone.nfd

E/cutils  (  324): Failed to mkdirat(/storage/extSdCard/Android): Read-only file system

W/ContextImpl( 5189): Failed to ensure directory: /storage/extSdCard/Android/data/com.eg.android.AlipayGphoneRC/files/com.alipay.android.phone.nfd

E/cutils  (  324): Failed to mkdirat(/storage/extSdCard/Android): Read-only file system

W/ContextImpl( 5189): Failed to ensure directory: /storage/extSdCard/Android/data/com.eg.android.AlipayGphoneRC/files/com.alipay.android.phone.nfd

E/cutils  (  324): Failed to mkdirat(/storage/extSdCard/Android): Read-only file system

W/ContextImpl( 5189): Failed to ensure directory: /storage/extSdCard/Android/data/com.eg.android.AlipayGphoneRC/files/com.alipay.android.phone.nfd

E/cutils  (  324): Failed to mkdirat(/storage/extSdCard/Android): Read-only file system

W/ContextImpl( 5189): Failed to ensure directory: /storage/extSdCard/Android/data/com.eg.android.AlipayGphoneRC/files/com.alipay.android.phone.nfd

E/cutils  (  324): Failed to mkdirat(/storage/extSdCard/Android): Read-only file system

W/ContextImpl( 5189): Failed to ensure directory: /storage/extSdCard/Android/data/com.eg.android.AlipayGphoneRC/files/com.alipay.android.phone.nfd

E/cutils  (  324): Failed to mkdirat(/storage/extSdCard/Android): Read-only file system

W/ContextImpl( 5189): Failed to ensure directory: /storage/extSdCard/Android/data/com.eg.android.AlipayGphoneRC/files/com.alipay.android.phone.nfd

E/cutils  (  324): Failed to mkdirat(/storage/extSdCard/Android): Read-only file system

W/ContextImpl( 5189): Failed to ensure directory: /storage/extSdCard/Android/data/com.eg.android.AlipayGphoneRC/files/com.alipay.android.phone.nfd

E/cutils  (  324): Failed to mkdirat(/storage/extSdCard/Android): Read-only file system

W/ContextImpl( 5189): Failed to ensure directory: /storage/extSdCard/Android/data/com.eg.android.AlipayGphoneRC/files/com.alipay.android.phone.nfd

E/cutils  (  324): Failed to mkdirat(/storage/extSdCard/Android): Read-only file system

W/ContextImpl( 5189): Failed to ensure directory: /storage/extSdCard/Android/data/com.eg.android.AlipayGphoneRC/files/com.alipay.android.phone.nfd

E/cutils  (  324): Failed to mkdirat(/storage/extSdCard/Android): Read-only file system

W/ContextImpl( 5189): Failed to ensure directory: /storage/extSdCard/Android/data/com.eg.android.AlipayGphoneRC/files/com.alipay.android.phone.nfd

E/cutils  (  324): Failed to mkdirat(/storage/extSdCard/Android): Read-only file system

W/ContextImpl( 5189): Failed to ensure directory: /storage/extSdCard/Android/data/com.eg.android.AlipayGphoneRC/files/com.alipay.android.phone.nfd

E/cutils  (  324): Failed to mkdirat(/storage/extSdCard/Android): Read-only file system

W/ContextImpl( 5189): Failed to ensure directory: /storage/extSdCard/Android/data/com.eg.android.AlipayGphoneRC/files/com.alipay.android.phone.nfd

E/cutils  (  324): Failed to mkdirat(/storage/extSdCard/Android): Read-only file system

W/ContextImpl( 5189): Failed to ensure directory: /storage/extSdCard/Android/data/com.eg.android.AlipayGphoneRC/files/com.alipay.android.phone.nfd

E/cutils  (  324): Failed to mkdirat(/storage/extSdCard/Android): Read-only file system

W/ContextImpl( 5189): Failed to ensure directory: /storage/extSdCard/Android/data/com.eg.android.AlipayGphoneRC/files/com.alipay.android.phone.nfd

E/JavaBinder(  910): !!! FAILED BINDER TRANSACTION !!!

E/cutils  (  324): Failed to mkdirat(/storage/extSdCard/Android): Read-only file system

W/ContextImpl( 5189): Failed to ensure directory: /storage/extSdCard/Android/data/com.eg.android.AlipayGphoneRC/files/com.alipay.android.phone.nfd

E/cutils  (  324): Failed to mkdirat(/storage/extSdCard/Android): Read-only file system

D/Brightness(24535): mIntentReceiver.onReceive: action=android.intent.action.BATTERY_CHANGED, intent=Intent { act=android.intent.action.BATTERY_CHANGED flg=0x60000010 (has extras) }

D/MainActivityBaseUi.java(24535): in brightness disabled on critical battery low

I/Monitor ( 5056): [main]onReceive at: com.aps.a$a, Intent: Intent { act=android.intent.action.BATTERY_CHANGED flg=0x60000010 (has extras) }, cost:0 ms.

W/ContextImpl( 5189): Failed to ensure directory: /storage/extSdCard/Android/data/com.eg.android.AlipayGphoneRC/files/com.alipay.android.phone.nfd

E/cutils  (  324): Failed to mkdirat(/storage/extSdCard/Android): Read-only file system

W/ContextImpl( 5189): Failed to ensure directory: /storage/extSdCard/Android/data/com.eg.android.AlipayGphoneRC/files/com.alipay.android.phone.nfd

E/cutils  (  324): Failed to mkdirat(/storage/extSdCard/Android): Read-only file system

W/ContextImpl( 5189): Failed to ensure directory: /storage/extSdCard/Android/data/com.eg.android.AlipayGphoneRC/files/com.alipay.android.phone.nfd

D/KeyguardUpdateMonitor( 1110): received broadcast android.intent.action.BATTERY_CHANGED

E/cutils  (  324): Failed to mkdirat(/storage/extSdCard/Android): Read-only file system

W/ContextImpl( 5189): Failed to ensure directory: /storage/extSdCard/Android/data/com.eg.android.AlipayGphoneRC/files/com.alipay.android.phone.nfd

D/KeyguardUpdateMonitor( 1110): handleBatteryUpdate

E/cutils  (  324): Failed to mkdirat(/storage/extSdCard/Android): Read-only file system

W/ContextImpl( 5189): Failed to ensure directory: /storage/extSdCard/Android/data/com.eg.android.AlipayGphoneRC/files/com.alipay.android.phone.nfd

E/cutils  (  324): Failed to mkdirat(/storage/extSdCard/Android): Read-only file system

W/ContextImpl( 5189): Failed to ensure directory: /storage/extSdCard/Android/data/com.eg.android.AlipayGphoneRC/files/com.alipay.android.phone.nfd

E/cutils  (  324): Failed to mkdirat(/storage/extSdCard/Android): Read-only file system

W/ContextImpl( 5189): Failed to ensure directory: /storage/extSdCard/Android/data/com.eg.android.AlipayGphoneRC/files/com.alipay.android.phone.nfd

E/cutils  (  324): Failed to mkdirat(/storage/extSdCard/Android): Read-only file system

W/ContextImpl( 5189): Failed to ensure directory: /storage/extSdCard/Android/data/com.eg.android.AlipayGphoneRC/files/com.alipay.android.phone.nfd

E/cutils  (  324): Failed to mkdirat(/storage/extSdCard/Android): Read-only file system

W/ContextImpl( 5189): Failed to ensure directory: /storage/extSdCard/Android/data/com.eg.android.AlipayGphoneRC/files/com.alipay.android.phone.nfd

D/KeyguardViewMediator( 1110): handleKeyguardDoneDrawing

E/cutils  (  324): Failed to mkdirat(/storage/extSdCard/Android): Read-only file system

W/ContextImpl( 5189): Failed to ensure directory: /storage/extSdCard/Android/data/com.eg.android.AlipayGphoneRC/files/com.alipay.android.phone.nfd

E/cutils  (  324): Failed to mkdirat(/storage/extSdCard/Android): Read-only file system

W/ContextImpl( 5189): Failed to ensure directory: /storage/extSdCard/Android/data/com.eg.android.AlipayGphoneRC/files/com.alipay.android.phone.nfd

E/cutils  (  324): Failed to mkdirat(/storage/extSdCard/Android): Read-only file system

W/ContextImpl( 5189): Failed to ensure directory: /storage/extSdCard/Android/data/com.eg.android.AlipayGphoneRC/files/com.alipay.android.phone.nfd

E/cutils  (  324): Failed to mkdirat(/storage/extSdCard/Android): Read-only file system

W/ContextImpl( 5189): Failed to ensure directory: /storage/extSdCard/Android/data/com.eg.android.AlipayGphoneRC/files/com.alipay.android.phone.nfd

E/cutils  (  324): Failed to mkdirat(/storage/extSdCard/Android): Read-only file system

W/ContextImpl( 5189): Failed to ensure directory: /storage/extSdCard/Android/data/com.eg.android.AlipayGphoneRC/files/com.alipay.android.phone.nfd

E/cutils  (  324): Failed to mkdirat(/storage/extSdCard/Android): Read-only file system

W/ContextImpl( 5189): Failed to ensure directory: /storage/extSdCard/Android/data/com.eg.android.AlipayGphoneRC/files/com.alipay.android.phone.nfd

E/cutils  (  324): Failed to mkdirat(/storage/extSdCard/Android): Read-only file system

W/ContextImpl( 5189): Failed to ensure directory: /storage/extSdCard/Android/data/com.eg.android.AlipayGphoneRC/files/com.alipay.android.phone.nfd

E/cutils  (  324): Failed to mkdirat(/storage/extSdCard/Android): Read-only file system

W/ContextImpl( 5189): Failed to ensure directory: /storage/extSdCard/Android/data/com.eg.android.AlipayGphoneRC/files/com.alipay.android.phone.nfd

E/cutils  (  324): Failed to mkdirat(/storage/extSdCard/Android): Read-only file system

W/ContextImpl( 5189): Failed to ensure directory: /storage/extSdCard/Android/data/com.eg.android.AlipayGphoneRC/files/com.alipay.android.phone.nfd

E/cutils  (  324): Failed to mkdirat(/storage/extSdCard/Android): Read-only file system

W/ContextImpl( 5189): Failed to ensure directory: /storage/extSdCard/Android/data/com.eg.android.AlipayGphoneRC/files/com.alipay.android.phone.nfd

E/cutils  (  324): Failed to mkdirat(/storage/extSdCard/Android): Read-only file system

W/ContextImpl( 5189): Failed to ensure directory: /storage/extSdCard/Android/data/com.eg.android.AlipayGphoneRC/files/com.alipay.android.phone.nfd

E/cutils  (  324): Failed to mkdirat(/storage/extSdCard/Android): Read-only file system

W/ContextImpl( 5189): Failed to ensure directory: /storage/extSdCard/Android/data/com.eg.android.AlipayGphoneRC/files/com.alipay.android.phone.nfd

E/cutils  (  324): Failed to mkdirat(/storage/extSdCard/Android): Read-only file system

W/ContextImpl( 5189): Failed to ensure directory: /storage/extSdCard/Android/data/com.eg.android.AlipayGphoneRC/files/com.alipay.android.phone.nfd

E/cutils  (  324): Failed to mkdirat(/storage/extSdCard/Android): Read-only file system

W/ContextImpl( 5189): Failed to ensure directory: /storage/extSdCard/Android/data/com.eg.android.AlipayGphoneRC/files/com.alipay.android.phone.nfd

E/cutils  (  324): Failed to mkdirat(/storage/extSdCard/Android): Read-only file system

W/ContextImpl( 5189): Failed to ensure directory: /storage/extSdCard/Android/data/com.eg.android.AlipayGphoneRC/files/com.alipay.android.phone.nfd

