E/cutils  (  324): Failed to mkdirat(/storage/extSdCard/Android): Read-only file system

W/ContextImpl( 5189): Failed to ensure directory: /storage/extSdCard/Android/data/com.eg.android.AlipayGphoneRC/files/com.alipay.android.phone.nfd

E/cutils  (  324): Failed to mkdirat(/storage/extSdCard/Android): Read-only file system

W/ContextImpl( 5189): Failed to ensure directory: /storage/extSdCard/Android/data/com.eg.android.AlipayGphoneRC/files/com.alipay.android.phone.nfd

E/cutils  (  324): Failed to mkdirat(/storage/extSdCard/Android): Read-only file system

W/ContextImpl( 5189): Failed to ensure directory: /storage/extSdCard/Android/data/com.eg.android.AlipayGphoneRC/files/com.alipay.android.phone.nfd

E/cutils  (  324): Failed to mkdirat(/storage/extSdCard/Android): Read-only file system

W/ContextImpl( 5189): Failed to ensure directory: /storage/extSdCard/Android/data/com.eg.android.AlipayGphoneRC/files/com.alipay.android.phone.nfd

E/cutils  (  324): Failed to mkdirat(/storage/extSdCard/Android): Read-only file system

W/ContextImpl( 5189): Failed to ensure directory: /storage/extSdCard/Android/data/com.eg.android.AlipayGphoneRC/files/com.alipay.android.phone.nfd

E/cutils  (  324): Failed to mkdirat(/storage/extSdCard/Android): Read-only file system

W/ContextImpl( 5189): Failed to ensure directory: /storage/extSdCard/Android/data/com.eg.android.AlipayGphoneRC/files/com.alipay.android.phone.nfd

D/Sensorhubs(  355): readContextData: 1, 1, 7, 0

D/SensorHubManager(  910): onGetSensorHubDataLocked: library = 1, 1, 7, 0

D/CAE     (  910): onGetSensorHubData(SensorHubParserProvider.java:87) - onGetSensorHubData Event [event buffer len :4], AP_WAKEUP

I/CAE     (  910): parse(SensorHubParserProvider.java:166) - buffer size = 4

I/CAE     (  910): parse(SensorHubParserProvider.java:177) - 1, 1, 7, 0,

D/CAE     (  910): display(ContextProvider.java:365) - ================= AUTO_ROTATION =================

I/CAE     (  910): display(ContextProvider.java:381) - Angle=[0]

D/SContextService(  910): updateSContext() : event = Auto Rotation

V/WindowOrientationListener(  910): mSContextAutoRotationListener.onSContextChanged, Rotation: 0

D/InputReader(  910): Input event: value=1

I/InputReader(  910): Touch event's action is 0x0 (deviceType=0) [pCnt=1, s=0.1936 ] when=2779264174900000

I/InputDispatcher(  910): Delivering touch to (1110): action: 0x4, toolType: 1

I/InputDispatcher(  910): Delivering touch to (6051): action: 0x0, toolType: 1

D/InputReader(  910): Input event: value=0

I/InputReader(  910): Touch event's action is 0x1 (deviceType=0) [pCnt=1, s=] when=2779264405577000

I/InputDispatcher(  910): Delivering touch to (6051): action: 0x1, toolType: 1

D/dalvikvm(16020): GC_CONCURRENT freed 1942K, 31% free 18740K/26876K, paused 2ms+2ms, total 33ms

E/JavaBinder(  910): !!! FAILED BINDER TRANSACTION !!!

D/        ( 1110): DFactory start

D/        ( 1110): isQmage : stream is not a Qmage file

D/cell strength( 1228): ===== cell singal strength changed : 99

D/InputReader(  910): Input event: value=1

I/InputReader(  910): Touch event's action is 0x0 (deviceType=0) [pCnt=1, s=0.1937 ] when=2779265086664000

I/InputDispatcher(  910): Delivering touch to (1110): action: 0x4, toolType: 1

I/InputDispatcher(  910): Delivering touch to (6051): action: 0x0, toolType: 1

D/InputReader(  910): Input event: value=0

I/InputReader(  910): Touch event's action is 0x1 (deviceType=0) [pCnt=1, s=] when=2779265213095000

I/InputDispatcher(  910): Delivering touch to (6051): action: 0x1, toolType: 1

E/JavaBinder(  910): !!! FAILED BINDER TRANSACTION !!!

D/KeyguardClockWidgetProvider(17854): performUpdate, mIsShowSPlanner = false, mIsNewWidgetAdding = false

I/MDPP    (  910): Property: Ready

D/KeyguardViewMediator( 1110): handleKeyguardDoneDrawing

D/KeyguardUpdateMonitor( 1110): received broadcast android.intent.action.TIME_TICK

D/KeyguardUpdateMonitor( 1110): handleTimeUpdate

D/daemonapp(15431): [MSC_Cmaweather_Daemon]>>> U:1341 [0:0] cDayONight() ::: sunrise is null 

D/daemonapp(15431): [MSC_Cmaweather_Daemon]>>> U:1357 [0:0] cDayONight() ::: sunset is null 

D/daemonapp(15431): [MSC_Cmaweather_Daemon]>>> WCS:90 [0:0] action:androidintentactionTIME_TICK

D/daemonapp(15431): [MSC_Cmaweather_Daemon]>>> CWDS:83 [0:0] Act : widgetappapaccuweatherdaemonactionCHANGE_ICON_OF_DAEMON

D/comsamsunglog(15431): [MSC_Cmaweather_Daemon]>>> ====================================================================================================================

D/comsamsunglog(15431): [MSC_Cmaweather_Daemon]>>> daemonapp [Version : 14070101 ] [ 1 ] 

D/comsamsunglog(15431): [MSC_Cmaweather_Daemon]>>> Header set to : ===> "daemonapp" <===

D/comsamsunglog(15431): [MSC_Cmaweather_Daemon]>>> ====================================================================================================================

D/daemonapp(15431): [MSC_Cmaweather_Daemon]>>> CCP:387 [0:0] Provider query : content://cmaweatherprovider/packagename

D/daemonapp(15431): [MSC_Cmaweather_Daemon]>>> CWDS:1112 [0:0] PakNme size = 1

D/daemonapp(15431): [MSC_Cmaweather_Daemon]>>> CCP:387 [0:0] Provider query : content://cmaweatherprovider/current_weatherinfo

D/daemonapp(15431): [MSC_Cmaweather_Daemon]>>> CCP:387 [0:0] Provider query : content://cmaweatherprovider/current_weatherinfo

D/daemonapp(15431): [MSC_Cmaweather_Daemon]>>> CCP:387 [0:0] Provider query : content://cmaweatherprovider/current_weatherinfo

D/daemonapp(15431): [MSC_Cmaweather_Daemon]>>> CWDS:127 [0:0] SerStus:true,TmpS:1,AtRfr:0

D/daemonapp(15431): [MSC_Cmaweather_Daemon]>>> CWDS:682 [0:0] ====ACTION_SEC_CHANGE_ICON_OF_DAEMON===

D/daemonapp(15431): [MSC_Cmaweather_Daemon]>>> U:1341 [0:0] cDayONight() ::: sunrise is null 

D/daemonapp(15431): [MSC_Cmaweather_Daemon]>>> U:1357 [0:0] cDayONight() ::: sunset is null 

D/daemonapp(15431): [MSC_Cmaweather_Daemon]>>> CWDS:685 [0:0] checkDay:true, UtilgetIsDay():false

D/daemonapp(15431): [MSC_Cmaweather_Daemon]>>> CCP:387 [0:0] Provider query : content://cmaweatherprovider/weatherinfo

D/InputReader(  910): Input event: value=1

I/InputReader(  910): Touch event's action is 0x0 (deviceType=0) [pCnt=1, s=0.1938 ] when=2779265827372000

I/InputDispatcher(  910): Delivering touch to (1110): action: 0x4, toolType: 1

I/InputDispatcher(  910): Delivering touch to (6051): action: 0x0, toolType: 1

D/InputReader(  910): Input event: value=0

I/InputReader(  910): Touch event's action is 0x1 (deviceType=0) [pCnt=1, s=] when=2779265942583000

I/InputDispatcher(  910): Delivering touch to (6051): action: 0x1, toolType: 1

D/InputReader(  910): Input event: value=1

I/InputReader(  910): Touch event's action is 0x0 (deviceType=0) [pCnt=1, s=0.1939 ] when=2779266064828000

I/InputDispatcher(  910): Delivering touch to (1110): action: 0x4, toolType: 1

I/InputDispatcher(  910): Delivering touch to (6051): action: 0x0, toolType: 1

D/dalvikvm(  910): GC_CONCURRENT freed 8162K, 47% free 95017K/176128K, paused 6ms+21ms, total 231ms

D/dalvikvm(  910): WAIT_FOR_CONCURRENT_GC blocked 72ms

D/dalvikvm(  910): WAIT_FOR_CONCURRENT_GC blocked 67ms

D/InputReader(  910): Input event: value=0

I/InputReader(  910): Touch event's action is 0x1 (deviceType=0) [pCnt=1, s=] when=2779266163243000

I/InputDispatcher(  910): Delivering touch to (6051): action: 0x1, toolType: 1

D/InputReader(  910): Input event: value=1

I/InputReader(  910): Touch event's action is 0x0 (deviceType=0) [pCnt=1, s=0.1940 ] when=2779266468814000

I/InputDispatcher(  910): Delivering touch to (1110): action: 0x4, toolType: 1

I/InputDispatcher(  910): Delivering touch to (6051): action: 0x0, toolType: 1

D/InputReader(  910): Input event: value=0

I/InputReader(  910): Touch event's action is 0x1 (deviceType=0) [pCnt=1, s=] when=2779266562326000

I/InputDispatcher(  910): Delivering touch to (6051): action: 0x1, toolType: 1

D/Sensorhubs(  355): readContextData: 1, 1, 7, -1

D/SensorHubManager(  910): onGetSensorHubDataLocked: library = 1, 1, 7, -1

D/CAE     (  910): onGetSensorHubData(SensorHubParserProvider.java:87) - onGetSensorHubData Event [event buffer len :4], AP_WAKEUP

I/CAE     (  910): parse(SensorHubParserProvider.java:166) - buffer size = 4

I/CAE     (  910): parse(SensorHubParserProvider.java:177) - 1, 1, 7, -1,

D/CAE     (  910): display(ContextProvider.java:365) - ================= AUTO_ROTATION =================

I/CAE     (  910): display(ContextProvider.java:381) - Angle=[-1]

D/SContextService(  910): updateSContext() : event = Auto Rotation

V/WindowOrientationListener(  910): mSContextAutoRotationListener.onSContextChanged, Rotation: -1

D/InputReader(  910): Input event: value=1

I/InputReader(  910): Touch event's action is 0x0 (deviceType=0) [pCnt=1, s=0.1941 ] when=2779266868013000

I/InputDispatcher(  910): Delivering touch to (1110): action: 0x4, toolType: 1

I/InputDispatcher(  910): Delivering touch to (6051): action: 0x0, toolType: 1

D/InputReader(  910): Input event: value=0

I/InputReader(  910): Touch event's action is 0x1 (deviceType=0) [pCnt=1, s=] when=2779266972412000

I/InputDispatcher(  910): Delivering touch to (6051): action: 0x1, toolType: 1

D/Sensorhubs(  355): readContextData: 1, 1, 7, 0

D/SensorHubManager(  910): onGetSensorHubDataLocked: library = 1, 1, 7, 0

D/CAE     (  910): onGetSensorHubData(SensorHubParserProvider.java:87) - onGetSensorHubData Event [event buffer len :4], AP_WAKEUP

I/CAE     (  910): parse(SensorHubParserProvider.java:166) - buffer size = 4

I/CAE     (  910): parse(SensorHubParserProvider.java:177) - 1, 1, 7, 0,

D/CAE     (  910): display(ContextProvider.java:365) - ================= AUTO_ROTATION =================

I/CAE     (  910): display(ContextProvider.java:381) - Angle=[0]

D/SContextService(  910): updateSContext() : event = Auto Rotation

V/WindowOrientationListener(  910): mSContextAutoRotationListener.onSContextChanged, Rotation: 0

D/Sensorhubs(  355): readContextData: 1, 1, 7, -1

D/SensorHubManager(  910): onGetSensorHubDataLocked: library = 1, 1, 7, -1

D/CAE     (  910): onGetSensorHubData(SensorHubParserProvider.java:87) - onGetSensorHubData Event [event buffer len :4], AP_WAKEUP

I/CAE     (  910): parse(SensorHubParserProvider.java:166) - buffer size = 4

I/CAE     (  910): parse(SensorHubParserProvider.java:177) - 1, 1, 7, -1,

D/CAE     (  910): display(ContextProvider.java:365) - ================= AUTO_ROTATION =================

I/CAE     (  910): display(ContextProvider.java:381) - Angle=[-1]

D/SContextService(  910): updateSContext() : event = Auto Rotation

V/WindowOrientationListener(  910): mSContextAutoRotationListener.onSContextChanged, Rotation: -1

D/Sensorhubs(  355): readContextData: 1, 1, 7, 0

D/SensorHubManager(  910): onGetSensorHubDataLocked: library = 1, 1, 7, 0

D/CAE     (  910): onGetSensorHubData(SensorHubParserProvider.java:87) - onGetSensorHubData Event [event buffer len :4], AP_WAKEUP

I/CAE     (  910): parse(SensorHubParserProvider.java:166) - buffer size = 4

I/CAE     (  910): parse(SensorHubParserProvider.java:177) - 1, 1, 7, 0,

D/CAE     (  910): display(ContextProvider.java:365) - ================= AUTO_ROTATION =================

I/CAE     (  910): display(ContextProvider.java:381) - Angle=[0]

D/SContextService(  910): updateSContext() : event = Auto Rotation

V/WindowOrientationListener(  910): mSContextAutoRotationListener.onSContextChanged, Rotation: 0

D/InputReader(  910): Input event: value=1

I/InputReader(  910): Touch event's action is 0x0 (deviceType=0) [pCnt=1, s=0.1942 ] when=2779267548670000

I/InputDispatcher(  910): Delivering touch to (1110): action: 0x4, toolType: 1

I/InputDispatcher(  910): Delivering touch to (6051): action: 0x0, toolType: 1

D/KeyguardViewMediator( 1110): handleKeyguardDoneDrawing

D/InputReader(  910): Input event: value=0

I/InputReader(  910): Touch event's action is 0x1 (deviceType=0) [pCnt=1, s=] when=2779267636028000

I/InputDispatcher(  910): Delivering touch to (6051): action: 0x1, toolType: 1

I/wpa_supplicant( 2469): wlan0: Setting scan request: 0 sec 0 usec

I/wpa_supplicant( 2469): Scan requested (ret=0) - scan timeout 30 seconds

D/InputReader(  910): Input event: value=1

I/InputReader(  910): Touch event's action is 0x0 (deviceType=0) [pCnt=1, s=0.1943 ] when=2779267824589000

I/InputDispatcher(  910): Delivering touch to (1110): action: 0x4, toolType: 1

I/InputDispatcher(  910): Delivering touch to (6051): action: 0x0, toolType: 1

D/InputReader(  910): Input event: value=0

I/InputReader(  910): Touch event's action is 0x1 (deviceType=0) [pCnt=1, s=] when=2779267944793000

I/InputDispatcher(  910): Delivering touch to (6051): action: 0x1, toolType: 1

D/cell strength( 1228): ===== cell singal strength changed : 99

D/InputReader(  910): Input event: value=1

I/InputReader(  910): Touch event's action is 0x0 (deviceType=0) [pCnt=1, s=0.1944 ] when=2779268166069000

I/InputDispatcher(  910): Delivering touch to (1110): action: 0x4, toolType: 1

I/InputDispatcher(  910): Delivering touch to (6051): action: 0x0, toolType: 1

D/InputReader(  910): Input event: value=0

I/InputReader(  910): Touch event's action is 0x1 (deviceType=0) [pCnt=1, s=] when=2779268264284000

I/InputDispatcher(  910): Delivering touch to (6051): action: 0x1, toolType: 1

D/InputReader(  910): Input event: value=1

I/InputReader(  910): Touch event's action is 0x0 (deviceType=0) [pCnt=1, s=0.1945 ] when=2779268464055000

I/InputDispatcher(  910): Delivering touch to (1110): action: 0x4, toolType: 1

I/InputDispatcher(  910): Delivering touch to (6051): action: 0x0, toolType: 1

D/InputReader(  910): Input event: value=0

I/InputReader(  910): Touch event's action is 0x1 (deviceType=0) [pCnt=1, s=] when=2779268551304000

I/InputDispatcher(  910): Delivering touch to (6051): action: 0x1, toolType: 1

E/wpa_supplicant( 2469): Cmd 35609 not handled

I/wpa_supplicant( 2469): nl80211: Received scan results (27 BSSes)

D/Tethering(  910): interfaceLinkStateChanged wlan0, true

D/Tethering(  910): interfaceStatusChanged wlan0, true

I/Monitor ( 5056): [main]onReceive at: com.aps.a$a, Intent: Intent { act=android.net.wifi.SCAN_RESULTS flg=0x4000010 }, cost:6 ms.

E/cutils  (  324): Failed to mkdirat(/storage/extSdCard/Android): Read-only file system

W/ContextImpl( 5189): Failed to ensure directory: /storage/extSdCard/Android/data/com.eg.android.AlipayGphoneRC/files/com.alipay.android.phone.nfd

E/cutils  (  324): Failed to mkdirat(/storage/extSdCard/Android): Read-only file system

W/ContextImpl( 5189): Failed to ensure directory: /storage/extSdCard/Android/data/com.eg.android.AlipayGphoneRC/files/com.alipay.android.phone.nfd

E/cutils  (  324): Failed to mkdirat(/storage/extSdCard/Android): Read-only file system

W/ContextImpl( 5189): Failed to ensure directory: /storage/extSdCard/Android/data/com.eg.android.AlipayGphoneRC/files/com.alipay.android.phone.nfd

E/cutils  (  324): Failed to mkdirat(/storage/extSdCard/Android): Read-only file system

W/ContextImpl( 5189): Failed to ensure directory: /storage/extSdCard/Android/data/com.eg.android.AlipayGphoneRC/files/com.alipay.android.phone.nfd

E/cutils  (  324): Failed to mkdirat(/storage/extSdCard/Android): Read-only file system

W/ContextImpl( 5189): Failed to ensure directory: /storage/extSdCard/Android/data/com.eg.android.AlipayGphoneRC/files/com.alipay.android.phone.nfd

I/Monitor ( 5189): [main]onReceive at: com.alipay.android.phone.nfd.nfdservice.ui.common.af, Intent: Intent { act=android.net.wifi.SCAN_RESULTS flg=0x4000010 }, cost:30 ms.

E/cutils  (  324): Failed to mkdirat(/storage/extSdCard/Android): Read-only file system

W/ContextImpl( 5189): Failed to ensure directory: /storage/extSdCard/Android/data/com.eg.android.AlipayGphoneRC/files/com.alipay.android.phone.nfd

E/cutils  (  324): Failed to mkdirat(/storage/extSdCard/Android): Read-only file system

W/ContextImpl( 5189): Failed to ensure directory: /storage/extSdCard/Android/data/com.eg.android.AlipayGphoneRC/files/com.alipay.android.phone.nfd

E/cutils  (  324): Failed to mkdirat(/storage/extSdCard/Android): Read-only file system

W/ContextImpl( 5189): Failed to ensure directory: /storage/extSdCard/Android/data/com.eg.android.AlipayGphoneRC/files/com.alipay.android.phone.nfd

E/cutils  (  324): Failed to mkdirat(/storage/extSdCard/Android): Read-only file system

W/ContextImpl( 5189): Failed to ensure directory: /storage/extSdCard/Android/data/com.eg.android.AlipayGphoneRC/files/com.alipay.android.phone.nfd

E/cutils  (  324): Failed to mkdirat(/storage/extSdCard/Android): Read-only file system

W/ContextImpl( 5189): Failed to ensure directory: /storage/extSdCard/Android/data/com.eg.android.AlipayGphoneRC/files/com.alipay.android.phone.nfd

E/cutils  (  324): Failed to mkdirat(/storage/extSdCard/Android): Read-only file system

W/ContextImpl( 5189): Failed to ensure directory: /storage/extSdCard/Android/data/com.eg.android.AlipayGphoneRC/files/com.alipay.android.phone.nfd

E/cutils  (  324): Failed to mkdirat(/storage/extSdCard/Android): Read-only file system

W/SharedPreferencesManager( 5189): getBoolean() : name = nfdwifi_nfd_settings : key = enable_auto_nfd : defValue = true

W/ContextImpl( 5189): Failed to ensure directory: /storage/extSdCard/Android/data/com.eg.android.AlipayGphoneRC/files/com.alipay.android.phone.nfd

E/cutils  (  324): Failed to mkdirat(/storage/extSdCard/Android): Read-only file system

W/ContextImpl( 5189): Failed to ensure directory: /storage/extSdCard/Android/data/com.eg.android.AlipayGphoneRC/files/com.alipay.android.phone.nfd

E/cutils  (  324): Failed to mkdirat(/storage/extSdCard/Android): Read-only file system

W/ContextImpl( 5189): Failed to ensure directory: /storage/extSdCard/Android/data/com.eg.android.AlipayGphoneRC/files/com.alipay.android.phone.nfd

E/cutils  (  324): Failed to mkdirat(/storage/extSdCard/Android): Read-only file system

W/ContextImpl( 5189): Failed to ensure directory: /storage/extSdCard/Android/data/com.eg.android.AlipayGphoneRC/files/com.alipay.android.phone.nfd

E/cutils  (  324): Failed to mkdirat(/storage/extSdCard/Android): Read-only file system

W/ContextImpl( 5189): Failed to ensure directory: /storage/extSdCard/Android/data/com.eg.android.AlipayGphoneRC/files/com.alipay.android.phone.nfd

E/cutils  (  324): Failed to mkdirat(/storage/extSdCard/Android): Read-only file system

W/ContextImpl( 5189): Failed to ensure directory: /storage/extSdCard/Android/data/com.eg.android.AlipayGphoneRC/files/com.alipay.android.phone.nfd

E/cutils  (  324): Failed to mkdirat(/storage/extSdCard/Android): Read-only file system

W/ContextImpl( 5189): Failed to ensure directory: /storage/extSdCard/Android/data/com.eg.android.AlipayGphoneRC/files/com.alipay.android.phone.nfd

E/cutils  (  324): Failed to mkdirat(/storage/extSdCard/Android): Read-only file system

W/ContextImpl( 5189): Failed to ensure directory: /storage/extSdCard/Android/data/com.eg.android.AlipayGphoneRC/files/com.alipay.android.phone.nfd

E/cutils  (  324): Failed to mkdirat(/storage/extSdCard/Android): Read-only file system

W/ContextImpl( 5189): Failed to ensure directory: /storage/extSdCard/Android/data/com.eg.android.AlipayGphoneRC/files/com.alipay.android.phone.nfd

E/cutils  (  324): Failed to mkdirat(/storage/extSdCard/Android): Read-only file system

W/ContextImpl( 5189): Failed to ensure directory: /storage/extSdCard/Android/data/com.eg.android.AlipayGphoneRC/files/com.alipay.android.phone.nfd

E/cutils  (  324): Failed to mkdirat(/storage/extSdCard/Android): Read-only file system

W/ContextImpl( 5189): Failed to ensure directory: /storage/extSdCard/Android/data/com.eg.android.AlipayGphoneRC/files/com.alipay.android.phone.nfd

E/cutils  (  324): Failed to mkdirat(/storage/extSdCard/Android): Read-only file system

W/ContextImpl( 5189): Failed to ensure directory: /storage/extSdCard/Android/data/com.eg.android.AlipayGphoneRC/files/com.alipay.android.phone.nfd

E/cutils  (  324): Failed to mkdirat(/storage/extSdCard/Android): Read-only file system

W/ContextImpl( 5189): Failed to ensure directory: /storage/extSdCard/Android/data/com.eg.android.AlipayGphoneRC/files/com.alipay.android.phone.nfd

E/cutils  (  324): Failed to mkdirat(/storage/extSdCard/Android): Read-only file system

W/ContextImpl( 5189): Failed to ensure directory: /storage/extSdCard/Android/data/com.eg.android.AlipayGphoneRC/files/com.alipay.android.phone.nfd

E/cutils  (  324): Failed to mkdirat(/storage/extSdCard/Android): Read-only file system

W/ContextImpl( 5189): Failed to ensure directory: /storage/extSdCard/Android/data/com.eg.android.AlipayGphoneRC/files/com.alipay.android.phone.nfd

E/cutils  (  324): Failed to mkdirat(/storage/extSdCard/Android): Read-only file system

W/ContextImpl( 5189): Failed to ensure directory: /storage/extSdCard/Android/data/com.eg.android.AlipayGphoneRC/files/com.alipay.android.phone.nfd

E/cutils  (  324): Failed to mkdirat(/storage/extSdCard/Android): Read-only file system

W/ContextImpl( 5189): Failed to ensure directory: /storage/extSdCard/Android/data/com.eg.android.AlipayGphoneRC/files/com.alipay.android.phone.nfd

E/cutils  (  324): Failed to mkdirat(/storage/extSdCard/Android): Read-only file system

W/ContextImpl( 5189): Failed to ensure directory: /storage/extSdCard/Android/data/com.eg.android.AlipayGphoneRC/files/com.alipay.android.phone.nfd

E/cutils  (  324): Failed to mkdirat(/storage/extSdCard/Android): Read-only file system

W/ContextImpl( 5189): Failed to ensure directory: /storage/extSdCard/Android/data/com.eg.android.AlipayGphoneRC/files/com.alipay.android.phone.nfd

E/cutils  (  324): Failed to mkdirat(/storage/extSdCard/Android): Read-only file system

W/ContextImpl( 5189): Failed to ensure directory: /storage/extSdCard/Android/data/com.eg.android.AlipayGphoneRC/files/com.alipay.android.phone.nfd

E/cutils  (  324): Failed to mkdirat(/storage/extSdCard/Android): Read-only file system

W/ContextImpl( 5189): Failed to ensure directory: /storage/extSdCard/Android/data/com.eg.android.AlipayGphoneRC/files/com.alipay.android.phone.nfd

E/cutils  (  324): Failed to mkdirat(/storage/extSdCard/Android): Read-only file system

W/ContextImpl( 5189): Failed to ensure directory: /storage/extSdCard/Android/data/com.eg.android.AlipayGphoneRC/files/com.alipay.android.phone.nfd

E/cutils  (  324): Failed to mkdirat(/storage/extSdCard/Android): Read-only file system

W/ContextImpl( 5189): Failed to ensure directory: /storage/extSdCard/Android/data/com.eg.android.AlipayGphoneRC/files/com.alipay.android.phone.nfd

E/cutils  (  324): Failed to mkdirat(/storage/extSdCard/Android): Read-only file system

W/ContextImpl( 5189): Failed to ensure directory: /storage/extSdCard/Android/data/com.eg.android.AlipayGphoneRC/files/com.alipay.android.phone.nfd

E/cutils  (  324): Failed to mkdirat(/storage/extSdCard/Android): Read-only file system

W/ContextImpl( 5189): Failed to ensure directory: /storage/extSdCard/Android/data/com.eg.android.AlipayGphoneRC/files/com.alipay.android.phone.nfd

E/cutils  (  324): Failed to mkdirat(/storage/extSdCard/Android): Read-only file system

W/ContextImpl( 5189): Failed to ensure directory: /storage/extSdCard/Android/data/com.eg.android.AlipayGphoneRC/files/com.alipay.android.phone.nfd

E/cutils  (  324): Failed to mkdirat(/storage/extSdCard/Android): Read-only file system

D/InputReader(  910): Input event: value=1

I/InputReader(  910): Touch event's action is 0x0 (deviceType=0) [pCnt=1, s=0.1946 ] when=2779269164976000

W/ContextImpl( 5189): Failed to ensure directory: /storage/extSdCard/Android/data/com.eg.android.AlipayGphoneRC/files/com.alipay.android.phone.nfd

I/InputDispatcher(  910): Delivering touch to (1110): action: 0x4, toolType: 1

I/InputDispatcher(  910): Delivering touch to (6051): action: 0x0, toolType: 1

E/cutils  (  324): Failed to mkdirat(/storage/extSdCard/Android): Read-only file system

W/ContextImpl( 5189): Failed to ensure directory: /storage/extSdCard/Android/data/com.eg.android.AlipayGphoneRC/files/com.alipay.android.phone.nfd

E/cutils  (  324): Failed to mkdirat(/storage/extSdCard/Android): Read-only file system

W/ContextImpl( 5189): Failed to ensure directory: /storage/extSdCard/Android/data/com.eg.android.AlipayGphoneRC/files/com.alipay.android.phone.nfd

E/cutils  (  324): Failed to mkdirat(/storage/extSdCard/Android): Read-only file system

W/ContextImpl( 5189): Failed to ensure directory: /storage/extSdCard/Android/data/com.eg.android.AlipayGphoneRC/files/com.alipay.android.phone.nfd

E/cutils  (  324): Failed to mkdirat(/storage/extSdCard/Android): Read-only file system

W/ContextImpl( 5189): Failed to ensure directory: /storage/extSdCard/Android/data/com.eg.android.AlipayGphoneRC/files/com.alipay.android.phone.nfd

E/cutils  (  324): Failed to mkdirat(/storage/extSdCard/Android): Read-only file system

W/ContextImpl( 5189): Failed to ensure directory: /storage/extSdCard/Android/data/com.eg.android.AlipayGphoneRC/files/com.alipay.android.phone.nfd

E/cutils  (  324): Failed to mkdirat(/storage/extSdCard/Android): Read-only file system

W/ContextImpl( 5189): Failed to ensure directory: /storage/extSdCard/Android/data/com.eg.android.AlipayGphoneRC/files/com.alipay.android.phone.nfd

E/cutils  (  324): Failed to mkdirat(/storage/extSdCard/Android): Read-only file system

W/ContextImpl( 5189): Failed to ensure directory: /storage/extSdCard/Android/data/com.eg.android.AlipayGphoneRC/files/com.alipay.android.phone.nfd

D/InputReader(  910): Input event: value=0

I/InputReader(  910): Touch event's action is 0x1 (deviceType=0) [pCnt=1, s=] when=2779269214608000

I/InputDispatcher(  910): Delivering touch to (6051): action: 0x1, toolType: 1

D/LockPatternUtils( 1110): isPcwEnable = 10

I/MDPP    (  910): Property: Ready

D/LockPatternUtils( 1110): isPcwEnable = 10

I/MDPP    (  910): Property: Ready

I/MDPP    (  910): Property: Ready

I/MDPP    (  910): Property: Ready

D/Sensorhubs(  355): readContextData: 1, 1, 7, -1

D/SensorHubManager(  910): onGetSensorHubDataLocked: library = 1, 1, 7, -1

D/CAE     (  910): onGetSensorHubData(SensorHubParserProvider.java:87) - onGetSensorHubData Event [event buffer len :4], AP_WAKEUP

I/CAE     (  910): parse(SensorHubParserProvider.java:166) - buffer size = 4

I/CAE     (  910): parse(SensorHubParserProvider.java:177) - 1, 1, 7, -1,

D/CAE     (  910): display(ContextProvider.java:365) - ================= AUTO_ROTATION =================

I/CAE     (  910): display(ContextProvider.java:381) - Angle=[-1]

D/SContextService(  910): updateSContext() : event = Auto Rotation

V/WindowOrientationListener(  910): mSContextAutoRotationListener.onSContextChanged, Rotation: -1

D/KeyguardUpdateMonitor( 1110): sendKeyguardVisibilityChanged(true)

D/KeyguardHostView( 1110): showNextSecurityScreenOrFinish(true)

D/KeyguardViewMediator( 1110): keyguardDone(true)

D/GestureService( 1412): serviceOnOffReceiver: onReceive - ResponseAxT9Info

V/GestureService( 1412): enableService!!!!

E/GestureService( 1412): updateFlags started

V/GestureService( 1412): ================== GestureService Listener List ==================

E/GestureService( 1412): bVertical = false

E/GestureService( 1412): bHorizontal = false

E/GestureService( 1412): bHorizontalWave = false

W/IInputConnectionWrapper( 1110): endBatchEdit on inactive InputConnection

I/SecureStorage(  324): [INFO]: SPID(0x00000000)Checking if this device supports Secure Storage

I/SecureStorage(  324): [INFO]: SPID(0x00000000)This device supports Secure Storage

D/KeyguardUpdateMonitor( 1110): handleKeyguardVisibilityChanged(1)

D/KeyguardViewMediator( 1110): handleKeyguardDone

D/KeyguardViewMediator( 1110): handleHide

D/KeyguardViewMediator( 1110): playSounds():false , :true

I/SecureStorage(  398): [INFO]: SPID(0x00000013)Credentials: uid 0, gid 0, pid 324

I/SecureStorage(  398): [INFO]: SPID(0x00000013)Received function mask & code: 0000010C

I/SecureStorage(  324): [INFO]: SPID(0x00000000)SS Daemon is running

I/SecureStorage(  324): [INFO]: SPID(0x00000000)Processing data

I/SecureStorage(  398): [INFO]: SPID(0x00000013)Credentials: uid 0, gid 0, pid 324

I/SecureStorage(  398): [INFO]: SPID(0x00000013)Received function mask & code: 00000107

I/MDPP    (  910): Property: Ready

V/AudioPolicyManagerBase(  349): getOutput() device 2, stream 1, samplingRate 0, format 0, channelMask 3, flags 0

V/AudioPolicyManagerBase(  349): getOutputsForDevice device 0002 -> 0002

V/AudioPolicyManagerBase(  349): getOutput() returns output 2

V/AudioPolicyManagerBase(  349): getOutput() device 2, stream 1, samplingRate 0, format 0, channelMask 3, flags 0

V/AudioPolicyManagerBase(  349): getOutputsForDevice device 0002 -> 0002

V/AudioPolicyManagerBase(  349): getOutput() returns output 2

V/AudioPolicyManagerBase(  349): getOutput() device 2, stream 1, samplingRate 44100, format 1, channelMask 3, flags 4

V/AudioPolicyManagerBase(  349): getOutputsForDevice device 0002 -> 0002

V/AudioPolicyManagerBase(  349): getOutput() returns output 2

V/AudioPolicyManagerBase(  349): startOutput() output 2, stream 1, session 3221

V/AudioPolicyManagerBase(  349): changeRefCount() stream 1, count 1

V/AudioPolicyManagerBase(  349): getNewDevice() selected device 2

V/AudioPolicyManagerBase(  349): setOutputDevice() output 2 device 0002 force 0 delayMs 0 

V/AudioPolicyManagerBase(  349): setOutputDevice() prevDevice (0002)

V/AudioPolicyManagerBase(  349): setOutputDevice() setting same device 0002 or null device for output 2

D/KeyguardViewManager( 1110): hide()

E/AudioResampler(  349): Unsupported sample format, 1 bits, 2 channels

D/AudioResampler(  349): AudioResamplerOrder1::resample common!!!!!

D/AudioResampler(  349): new common resampler(44100 -> 48000, 2, 2)

D/SoundAliveResampler(  349): [SoundAliveResampler] Init+++

V/audio_hw_primary(  349): start_output_stream: enter: usecase(0: deep-buffer-playback) devices(0x2)

V/audio_hw_primary(  349): select_devices: ENTER

V/audio_hw_primary(  349): select_devices: usecase(normal)

V/audio_hw_primary(  349): select_devices: usecase(PCM_PLAYBACK)

V/msm8974_platform(  349): platform_get_output_snd_device: enter: output devices(0x2)

V/msm8974_platform(  349): get_OUTPUT_snd_device: for Normal Playback

V/msm8974_platform(  349): platform_get_output_snd_device: exit: snd_device(speaker)

D/audio_hw_primary(  349): select_devices: out_snd_device(2: speaker)

D/audio_hw_primary(  349): select_devices: in_snd_device(0: dummy)

D/ACDB-LOADER(  349): ACDB -> send_audio_cal, acdb_id = 15, path =  0

D/ACDB-LOADER(  349): ACDB -> send_adm_topology

D/ACDB-LOADER(  349): ACDB -> ACDB_CMD_GET_AUDPROC_COMMON_TOPOLOGY_ID

D/ACDB-LOADER(  349): ACDB -> send_audtable

D/ACDB-LOADER(  349): ACDB -> ACDB_CMD_GET_AUDPROC_COMMON_TABLE

D/ACDB-LOADER(  349): ACDB -> AUDIO_SET_AUDPROC_CAL

D/ACDB-LOADER(  349): ACDB -> send_audvoltable

D/ACDB-LOADER(  349): ACDB -> ACDB_CMD_GET_AUDPROC_GAIN_DEP_STEP_TABLE

D/ACDB-LOADER(  349): ACDB -> AUDIO_SET_AUDPROC_VOL_CAL

D/ACDB-LOADER(  349): ACDB -> send_afe_cal

D/ACDB-LOADER(  349): ACDB -> ACDB_CMD_GET_AFE_COMMON_TABLE

D/ACDB-LOADER(  349): ACDB -> AUDIO_SET_AFE_CAL

V/audio_hw_primary(  349): enable_snd_device: snd_device(2: speaker, speaker)

D/audio_route(  349): ++++ audio_route_update_mixer ==============

D/audio_route(  349): Setting mixer control: SPK DRV Volume, value: 8

V/AudioPolicyManagerBase(  349): releaseOutput() 2

D/audio_route(  349): Setting mixer control: RX7 Digital Volume, value: 81

D/audio_route(  349): Setting mixer control: COMP0 Switch, value: 1

D/audio_route(  349): Setting mixer control: RX7 MIX1 INP1, value: 5

D/audio_route(  349): Setting mixer control: DAC1 Switch, value: 1

I/KeyguardEffectViewMain( 1110): *** KeyguardEffectView getInstance ***

D/VisualEffectCircleUnlockEffect( 1110): KeyguardEffectViewNone : cleanUp

D/audio_route(  349): Setting mixer control: SPK Status, value: 1

V/KeyguardUpdateMonitor( 1110): *** unregister callback for com.android.keyguard.sec.KeyguardEffectViewMain$2@42ee3bb8

D/KeyguardViewMediator( 1110): mDelayedShowingFingerPrintPasswordSequence = 47

D/audio_route(  349): ------ audio_route_update_mixer ==============

V/audio_hw_primary(  349): enable_audio_route: enter: usecase(0)

V/audio_hw_primary(  349): enable_audio_route: apply mixer path: deep-buffer-playback

D/audio_route(  349): ++++ audio_route_update_mixer ==============

D/KeyguardViewMediator( 1110): misSetFingerPrintPasswordSequence = 47

D/audio_route(  349): Setting mixer control: SLIMBUS_0_RX Audio Mixer MultiMedia1, value: 1

D/audio_route(  349): ------ audio_route_update_mixer ==============

V/audio_hw_primary(  349): enable_audio_route: exit

V/audio_hw_primary(  349): start_output_stream: Opening PCM device card_id(0) device_id(0)

D/KeyguardUpdateMonitor( 1110): sendKeyguardVisibilityChanged(true)

V/audio_hw_primary(  349): start_output_stream: exit

D/KeyguardUpdateMonitor( 1110): sendKeyguardVisibilityChanged(true)

D/KeyguardUpdateMonitor( 1110): sendKeyguardVisibilityChanged(true)

D/KeyguardUpdateMonitor( 1110): sendKeyguardVisibilityChanged(true)

D/KeyguardUpdateMonitor( 1110): sendKeyguardVisibilityChanged(true)

I/MDPP    (  910): Property: Ready

D/KeyguardViewMediator( 1110): adjustStatusBarLocked: mShowing=false mHidden=false isSecure=true --> flags=0x0

D/KeyguardUpdateMonitor( 1110): sendKeyguardVisibilityChanged(true)

D/GestureService( 1412): serviceOnOffReceiver: onReceive - android.intent.action.USER_PRESENT

D/NativeNfcBrcmPowerMode( 1259): setPowerMode; state=4

W/System.err( 1727): java.lang.IllegalArgumentException: Unknown URL content://com.tencent.server.fore.ForePluginContentProvider/SpProvider/meri_config/Int

I/Monitor ( 5189): [main]onReceive at: com.alipay.android.phone.nfd.nfdservice.ui.common.ad, Intent: Intent { act=android.intent.action.USER_PRESENT flg=0x24000010 }, cost:5 ms.

D/NfcService( 1259): ####apply routing : screen state off not return

I/Monitor ( 5189): [main]onReceive at: com.alipay.android.phone.nfd.nfdservice.ui.common.x, Intent: Intent { act=android.intent.action.USER_PRESENT flg=0x24000010 }, cost:0 ms.

I/Monitor ( 5189): [main]onReceive at: com.alipay.android.phone.nfd.nfdservice.ui.common.MiscReceiver, Intent: Intent { act=android.intent.action.USER_PRESENT flg=0x24000010 }, cost:9 ms.

E/cutils  (  324): Failed to mkdirat(/storage/extSdCard/Android): Read-only file system

W/ContextImpl( 5189): Failed to ensure directory: /storage/extSdCard/Android/data/com.eg.android.AlipayGphoneRC/files/com.alipay.android.phone.nfd

W/System.err( 1727): 	at android.content.ContentResolver.insert(ContentResolver.java:1197)

W/System.err( 1727): 	at com.tmsdk.common.storage.a.mw(SourceFile:258)

W/System.err( 1727): 	at com.tmsdk.common.storage.a.C(SourceFile:303)

W/System.err( 1727): 	at com.tencent.server.base.j.uk(SourceFile:298)

W/System.err( 1727): 	at com.meri.service.a.ii(SourceFile:505)

W/System.err( 1727): 	at com.meri.service.a.oP(SourceFile:494)

W/System.err( 1727): 	at com.meri.service.a.eY(SourceFile:415)

W/System.err( 1727): 	at com.meri.service.a$b.a(SourceFile:194)

W/System.err( 1727): 	at com.meri.service.j.a(SourceFile:409)

W/System.err( 1727): 	at com.meri.service.j.d(SourceFile:318)

W/System.err( 1727): 	at com.meri.service.j$b.p(SourceFile:952)

W/System.err( 1727): 	at meri.util.BaseReceiver.onReceive(SourceFile:14)

W/System.err( 1727): 	at android.app.LoadedApk$ReceiverDispatcher$Args.run(LoadedApk.java:763)

W/System.err( 1727): 	at android.os.Handler.handleCallback(Handler.java:733)

W/System.err( 1727): 	at android.os.Handler.dispatchMessage(Handler.java:95)

W/System.err( 1727): 	at android.os.Looper.loop(Looper.java:146)

W/System.err( 1727): 	at android.app.ActivityThread.main(ActivityThread.java:5679)

W/System.err( 1727): 	at java.lang.reflect.Method.invokeNative(Native Method)

W/System.err( 1727): 	at java.lang.reflect.Method.invoke(Method.java:515)

W/System.err( 1727): 	at com.android.internal.os.ZygoteInit$MethodAndArgsCaller.run(ZygoteInit.java:1291)

W/System.err( 1727): 	at com.android.internal.os.ZygoteInit.main(ZygoteInit.java:1107)

W/System.err( 1727): 	at dalvik.system.NativeStart.main(Native Method)

I/SELinux (16374): Function: selinux_android_load_priority , priority [3] , priority version is VE=SEPF_GT-I9508V_4.4.4_0033

E/dalvikvm(16374): >>>>> Normal User

E/dalvikvm(16374): >>>>> com.baidu.browser.apps_sj:bdfloatservice [ userId:0 | appId:10079 ]

D/MtpService(13741): addStorageLocked 65537 /storage/emulated/0

E/MtpServerJNI(13741): server is null in add_storage

D/dalvikvm( 9490): GC_FOR_ALLOC freed 6672K, 35% free 24018K/36820K, paused 22ms, total 24ms

I/dalvikvm-heap( 9490): Grow heap (frag case) to 34.832MB for 7970416-byte allocation

W/ContextImpl( 1727): Implicit intents with startService are not safe: Intent { act=com.tencent.server.fore.ForeService (has extras) } android.content.ContextWrapper.startService:506 com.tencent.server.back.a.v:57 com.meri.service.a.ig:208 

W/ContextImpl( 1727): Implicit intents with startService are not safe: Intent { act=com.tencent.server.fore.ForeService (has extras) } android.content.ContextWrapper.startService:506 com.tencent.server.back.a.v:57 com.meri.service.a.ig:208 

D/zyp     ( 9490): EMMEngineEventListener onAppResume

D/EMMAnalysis( 9490): setStartView == null==index.html

D/EMMAnalysis( 9490): setStartView == index.html==login_content.html

I/EMMAnalysis( 9490): setAppBecomeActive==1435640764356

I/emmlog  ( 9490): AnalyticsFrequency High: 200

I/emmlog  ( 9490): AnalyticsFrequency High: 200

I/emmlog  ( 9490): AnalyticsFrequency High: 200

W/ContextImpl( 1727): Implicit intents with startService are not safe: Intent { act=com.tencent.server.fore.ForeService (has extras) } android.content.ContextWrapper.startService:506 com.tencent.server.back.a.v:57 com.meri.service.a.ig:208 

D/KeyguardUpdateMonitor( 1110): sendKeyguardVisibilityChanged(true)

D/dalvikvm( 9490): GC_CONCURRENT freed 63K, 29% free 31870K/44604K, paused 12ms+7ms, total 46ms

D/FlyFlow (16374): [null: onCreate: -1][START]--------onCreate() begin

D/BdSailor(16374): [null: <init>: -1]BdSailor::BdSailor()

I/SecureStorage(  398): [INFO]: SPID(0x00000013)Secure Storage Daemon finished processing with result: 0

I/SecureStorage(  398): [INFO]: SPID(0x00000013)PID: 324, TID: 493

I/SecureStorage(  324): [INFO]: SPID(0x00000000)Processing data has been completed

D/KeyguardUpdateMonitor( 1110): sendKeyguardVisibilityChanged(true)

D/KeyguardUpdateMonitor( 1110): handleKeyguardVisibilityChanged(1)

D/KeyguardUpdateMonitor( 1110): handleKeyguardVisibilityChanged(1)

D/KeyguardUpdateMonitor( 1110): handleKeyguardVisibilityChanged(1)

D/KeyguardUpdateMonitor( 1110): handleKeyguardVisibilityChanged(1)

D/KeyguardUpdateMonitor( 1110): handleKeyguardVisibilityChanged(1)

D/KeyguardUpdateMonitor( 1110): handleKeyguardVisibilityChanged(1)

D/PhoneStatusBar( 1110): setTransGradationMode=false, mTransparentMode=false, mSemiTransparentMode=false, mMultiWindowMode=false

D/PointerIcon(  910): setMouseIconStyle1 pointerType: 1001iconType:101 flag:0

D/PointerIcon(  910): setMouseCustomIcon IconType is same.101

D/PointerIcon(  910): setHoveringSpenIconStyle1 pointerType: 10001iconType:1 flag:0

D/PointerIcon(  910): setHoveringSpenCustomIcon IconType is same.1

D/PhoneStatusBar( 1110): setSemiTransparentMode=false, mTransparentMode=false, mSemiTransparentMode=false, mMultiWindowMode=false

D/KeyguardUpdateMonitor( 1110): handleKeyguardVisibilityChanged(1)

D/KeyguardUpdateMonitor( 1110): handleKeyguardVisibilityChanged(1)

V/PhoneStatusBar( 1110): setNavigationBarMode() : exception java.lang.NullPointerException

D/PhoneStatusBar( 1110): disable: < expand* icons alerts ticker* system_info back* home* recent* clock search* >

V/PhoneStatusBar( 1110): setLightsOn(true)

D/KeyguardHostView( 1110): Window is unfocused

D/KeyguardHostView( 1110): isPreloadedWallpaper=true

I/SpenGestureManager(  910): setFocusWindow21025

I/SurfaceFlinger(  345): id=10242 Removed JnputMethod (47/48)

I/SurfaceFlinger(  345): id=10242 Removed JnputMethod (-2/48)

D/KeyguardUpdateMonitor( 1110): sendKeyguardVisibilityChanged(true)

D/KeyguardUpdateMonitor( 1110): sendKeyguardVisibilityChanged(true)

D/PointerIcon(  910): setMouseIconStyle1 pointerType: 1001iconType:101 flag:0

D/PointerIcon(  910): setMouseCustomIcon IconType is same.101

D/PointerIcon(  910): setHoveringSpenIconStyle1 pointerType: 10001iconType:1 flag:0

D/PointerIcon(  910): setHoveringSpenCustomIcon IconType is same.1

D/KeyguardUpdateMonitor( 1110): handleKeyguardVisibilityChanged(1)

D/KeyguardUpdateMonitor( 1110): handleKeyguardVisibilityChanged(1)

D/KeyguardUpdateMonitor( 1110): sendKeyguardVisibilityChanged(true)

I/AlipayPush_BroadcastActionReceiver( 5189): onReceive() getAction=android.intent.action.USER_PRESENT

D/KeyguardUpdateMonitor( 1110): sendKeyguardVisibilityChanged(true)

D/KeyguardUpdateMonitor( 1110): handleKeyguardVisibilityChanged(1)

D/pushtrack_TrackWorker_queue_51( 5189): level:Normal user:2088812469041456 tag:BroadcastActionReceiver_onReceive content:action:android.intent.action.USER_PRESENT

I/AlipayPush_b( 5189): startService triger=13

D/pushtrack_TrackWorker_queue_51( 5189): level:Normal user:2088812469041456 tag:ServiceManager_pushProcess content:processInfos so much and size=57

I/Monitor ( 5189): [main]onReceive at: com.alipay.pushsdk.BroadcastActionReceiver, Intent: Intent { act=android.intent.action.USER_PRESENT flg=0x24000010 cmp=com.eg.android.AlipayGphoneRC/com.alipay.pushsdk.BroadcastActionReceiver }, cost:12 ms.

I/Monitor ( 5189): [IntentService[AppInfoRecvIntentService]]onHandleIntent at: com.alipay.pushsdk.push.AppInfoRecvIntentService, Intent: Intent { cmp=com.eg.android.AlipayGphoneRC/com.alipay.pushsdk.push.AppInfoRecvIntentService (has extras) }

I/AlipayPush_AppInfoRecvIntentService( 5189): onHandleIntent: enter...

E/cutils  (  324): Failed to mkdirat(/storage/extSdCard/Android): Read-only file system

I/Monitor ( 5189): [main]onReceive at: com.alipay.android.phone.nfd.nfdservice.ui.app.NfdReceiver, Intent: Intent { act=android.intent.action.USER_PRESENT flg=0x24000010 cmp=com.eg.android.AlipayGphoneRC/com.alipay.android.phone.nfd.nfdservice.ui.app.NfdReceiver }, cost:2 ms.

I/Monitor ( 5189): [main]onStartCommand at: com.alipay.android.phone.nfd.nfdservice.ui.app.NfdService, Intent: Intent { act=com.eg.android.AlipayGphone.nfd.action.NfdService cmp=com.eg.android.AlipayGphoneRC/com.alipay.android.phone.nfd.nfdservice.ui.app.NfdService }

W/ContextImpl( 5189): Failed to ensure directory: /storage/extSdCard/Android/data/com.eg.android.AlipayGphoneRC/files/com.alipay.android.phone.nfd

D/dalvikvm( 9490): GC_FOR_ALLOC freed 5061K, 40% free 26809K/44604K, paused 14ms, total 14ms

I/dalvikvm-heap( 9490): Grow heap (frag case) to 37.557MB for 7970416-byte allocation

D/KeyguardUpdateMonitor( 1110): handleKeyguardVisibilityChanged(1)

D/HOOK    ( 5056): AssetManager isUpToDate:true

E/cutils  (  324): Failed to mkdirat(/storage/extSdCard/Android): Read-only file system

W/ContextImpl( 5189): Failed to ensure directory: /storage/extSdCard/Android/data/com.eg.android.AlipayGphoneRC/files/com.alipay.android.phone.nfd

I/Monitor ( 5056): [main]onReceive at: com.alipay.mobile.command.trigger.SysEventChangeTrigger, Intent: Intent { act=android.intent.action.USER_PRESENT flg=0x24000010 cmp=com.eg.android.AlipayGphoneRC/com.alipay.mobile.command.trigger.SysEventChangeTrigger }, cost:2 ms.

I/Monitor ( 5056): [main]onStartCommand at: com.alipay.mobile.command.engine.TaskExeService, Intent: Intent { cmp=com.eg.android.AlipayGphoneRC/com.alipay.mobile.command.engine.TaskExeService (has extras) }

E/cutils  (  324): Failed to mkdirat(/storage/extSdCard/Android): Read-only file system

W/ContextImpl( 5189): Failed to ensure directory: /storage/extSdCard/Android/data/com.eg.android.AlipayGphoneRC/files/com.alipay.android.phone.nfd

D/pushtrack_Tracker_forceUpdateStrategy_88( 5189): method call

D/pushtrack_TrackWorker$3_run_138( 5189): updateLogStrategy

D/Alipay_cmdcentertrigger( 5056): [main][1]triger action_type:USER_PRESENT

I/AlipayPush_AppInfoRecvIntentService( 5189): trigerEvent=13, action=com.eg.android.AlipayGphoneRC.push.action.START_PUSHSERVICE

D/dalvikvm( 9490): GC_CONCURRENT freed <1K, 23% free 34592K/44604K, paused 3ms+2ms, total 29ms

D/NfcService( 1259): we have to wait for ee mode change

D/NfcService( 1259): NFC-C ON

D/pushtrack_LogStrategyManager_updateSettingFromServer_278( 5189): have update setting today, ignore force updating!

D/Alipay_cmdcenterutil( 5056): [CmdCenter-service_triger-pool-5][19841]网络状况:1#0

D/Alipay_cmdcentermanager( 5056): [CmdCenter-service_triger-pool-5][19841]Task--08c88e5f82944f5d89793311f3529412,taskName--dynamicreleaseTask,进入队列

W/ContextImpl( 5189): Implicit intents with startService are not safe: Intent { act=com.eg.android.AlipayGphoneRC.push.action.START_PUSHSERVICE (has extras) } android.content.ContextWrapper.startService:506 com.alipay.pushsdk.push.AppInfoRecvIntentService.onHandleIntent:1 android.app.IntentService$ServiceHandler.handleMessage:65 

D/Alipay_cmdcentermanager( 5056): [CmdCenter-service_triger-pool-5][19841]do USER_PRESENTtrigger  finish!

E/cutils  (  324): Failed to mkdirat(/storage/extSdCard/Android): Read-only file system

W/ContextImpl( 5189): Failed to ensure directory: /storage/extSdCard/Android/data/com.eg.android.AlipayGphoneRC/files/com.alipay.android.phone.nfd

W/SharedPreferencesManager( 5189): putInt() : name = nfdwifi_wifi_update_key : key = wifiCount : value = 0

W/SharedPreferencesManager( 5189): putInt() : name = nfdwifi_wifi_update_key : key = mobileCount : value = 0

W/SharedPreferencesManager( 5189): putInt() : name = nfdwifi_wifi_update_key : key = syncLevel : value = 0

W/SharedPreferencesManager( 5189): getInt() : name = nfdwifi_wifi_update_key : key = lastTime : defValue = 0

E/cutils  (  324): Failed to mkdirat(/storage/extSdCard/Android): Read-only file system

W/ContextImpl( 5189): Failed to ensure directory: /storage/extSdCard/Android/data/com.eg.android.AlipayGphoneRC/files/com.alipay.android.phone.nfd

W/SharedPreferencesManager( 5189): getInt() : name = nfdwifi_wifi_lbs_key : key = lbs_last_time : defValue = 1435640757831

I/Keyboard.Facilitator( 6051): onFinishInput()

E/cutils  (  324): Failed to mkdirat(/storage/extSdCard/Android): Read-only file system

W/ContextImpl( 5189): Failed to ensure directory: /storage/extSdCard/Android/data/com.eg.android.AlipayGphoneRC/files/com.alipay.android.phone.nfd

E/cutils  (  324): Failed to mkdirat(/storage/extSdCard/Android): Read-only file system

D/Alipay_cmdcenterscript( 5056): [main][1]开始执行任务:dynamicreleaseTask:08c88e5f82944f5d89793311f3529412

W/ContextImpl( 5189): Failed to ensure directory: /storage/extSdCard/Android/data/com.eg.android.AlipayGphoneRC/files/com.alipay.android.phone.nfd

W/IInputConnectionWrapper( 1110): showStatusIcon on inactive InputConnection

I/SELinux (16393): Function: selinux_android_load_priority , priority [3] , priority version is VE=SEPF_GT-I9508V_4.4.4_0033

E/dalvikvm(16393): >>>>> Normal User

E/dalvikvm(16393): >>>>> com.chaozh.iReader [ userId:0 | appId:10070 ]

I/Monitor ( 5189): [main]onStartCommand at: com.alipay.pushsdk.push.NotificationService, Intent: Intent { act=com.eg.android.AlipayGphoneRC.push.action.START_PUSHSERVICE (has extras) }

D/pushtrack_TrackWorker_queue_51( 5189): level:Normal user:2088812469041456 tag:NotificationService_onStartCommand content:trigerEvent=13

I/AlipayPush_NotificationService( 5189): onStartCommand trigerEvent=13, userId=2088812469041456, utdId=VVCRi5aujWcDAP8DS8mlW63c

D/pushtrack_TrackWorker_queue_51( 5189): level:Normal user:2088812469041456 tag:Trigger_checkNetworkState content:Network_Type=WIFI, Network_State=CONNECTED

E/NfcService( 1259): callback == null

I/STDJS   ( 5471): N: 79080272

I/AlipayPush_d( 5189): checkState is true

I/AlipayPush_a( 5189): osTriggerEvent_onExecute isConnected=true, lostedTime=7004, lastConnectedTime=2015-06-30 13:05:57.600, lastCreateConnectTime=2015-06-30 12:59:45.524

D/pushtrack_TrackWorker_queue_51( 5189): level:Normal user:2088812469041456 tag:SysTriggerEvent_onExecute content:lastConnectedTime=2015-06-30 13:05:57.600 trigger=13

I/AlipayPush_k( 5189): sendPacket()... packet.id=3

E/cutils  (  324): Failed to mkdirat(/storage/extSdCard/Android): Read-only file system

W/ContextImpl( 5189): Failed to ensure directory: /storage/extSdCard/Android/data/com.eg.android.AlipayGphoneRC/files/com.alipay.android.phone.nfd

E/cutils  (  324): Failed to mkdirat(/storage/extSdCard/Android): Read-only file system

W/ContextImpl( 5189): Failed to ensure directory: /storage/extSdCard/Android/data/com.eg.android.AlipayGphoneRC/files/com.alipay.android.phone.nfd

E/cutils  (  324): Failed to mkdirat(/storage/extSdCard/Android): Read-only file system

D/pushtrack_TrackWorker_queue_51( 5189): level:Normal user:2088812469041456 tag:PacketReader_push_heart_beat content:start:1435640764631

W/ContextImpl( 5189): Failed to ensure directory: /storage/extSdCard/Android/data/com.eg.android.AlipayGphoneRC/files/com.alipay.android.phone.nfd

E/cutils  (  324): Failed to mkdirat(/storage/extSdCard/Android): Read-only file system

I/AlipayPush_b( 5189): processPacket() got one HeartBeatPacket from Server!

W/ContextImpl( 5189): Failed to ensure directory: /storage/extSdCard/Android/data/com.eg.android.AlipayGphoneRC/files/com.alipay.android.phone.nfd

I/AlipayPush_l( 5189): getPushKeepAliveInterval() keepAliveTime=300

W/chromium( 5056): [WARNING:resource_bundle.cc(368)] Unable to load image with id 5746

D/KeyguardPasswordView( 1110): onPause

V/KeyguardUpdateMonitor( 1110): *** unregister callback for com.android.keyguard.KeyguardAbsKeyInputView$7@462c1f08

V/KeyguardUpdateMonitor( 1110): *** unregister callback for com.android.keyguard.KeyguardWidgetFrame$1@462c16c8

