V/AlipayPush_e( 5056): [IntentService[RecvMsgIntentService]]showMsg enter...noticeInfo=1144415056

D/AlipayPush_e( 5056): [IntentService[RecvMsgIntentService]]richSupport ret=true

V/MediaPlayerService(  349): player type = 3

V/AwesomePlayer(  349): setDefault

V/AwesomePlayer(  349): constructor

D/AlipayPush_e( 5056): [IntentService[RecvMsgIntentService]]isReadyShow ret=true

D/AlipayPush_e( 5056): [IntentService[RecvMsgIntentService]]prepareNoticeMsg ret=true

V/AwesomePlayer(  349): setDefault

V/AwesomePlayer(  349): reset_l()

V/AwesomePlayer(  349): notifyListner_l() msg (8-MEDIA_STOPPED), ext1 (0), ext2 (0)

V/AwesomePlayer(  349): cancelPlayerEvents (keepNotifications=0)

V/AwesomePlayer(  349): mAudioTrackVector clear

V/AlipayPush_e( 5056): [IntentService[RecvMsgIntentService]]showMsg start for notification...noticeInfo=1144415056

V/AwesomePlayer(  349): reset_l() mAudioPlayer successfully deleted

V/AwesomePlayer(  349): mSecMediaClock clear

V/StagefrightPlayer(  349): StagefrightPlayer

V/AwesomePlayer(  349): setListener

V/StagefrightPlayer(  349): initCheck

V/AwesomePlayer(  349): AwesomePlayer running on behalf of uid 10018

V/AudioSink(  349): AudioOutput(3212)

V/AwesomePlayer(  349): setAudioSink

V/StagefrightPlayer(  349): setDataSource(41, 0, 25929)

V/AlipayPush_e( 5056): [IntentService[RecvMsgIntentService]]showMsg generate noticeId=-1857078713

V/AwesomePlayer(  349): reset_l()

V/AwesomePlayer(  349): notifyListner_l() msg (8-MEDIA_STOPPED), ext1 (0), ext2 (0)

V/MediaPlayerService(  349): [1505] notify (0xb822e030, 8, 0, 0)

V/AwesomePlayer(  349): cancelPlayerEvents (keepNotifications=0)

V/AwesomePlayer(  349): mAudioTrackVector clear

V/AwesomePlayer(  349): reset_l() mAudioPlayer successfully deleted

V/AwesomePlayer(  349): mSecMediaClock clear

V/MediaPlayer( 1110): message received msg=8, ext1=0, ext2=0

V/MediaPlayer( 1110): notify(8, 0, 0) callback on disconnected mediaplayer

V/AwesomePlayer(  349): track of type 'audio/vorbis' does not publish bitrate

V/AwesomePlayer(  349): mBitrate = -1 bits/sec

V/AwesomePlayer(  349): current audio track index (0) is added to vector

V/AwesomePlayer(  349): setDataSource_l: Audio(1), Video(0)

I/AwesomePlayer(  349): AwesomePlayer::setDataSource_l():: This is not a DRM content

V/MediaPlayerService(  349): [1505] setParameter(1604)

V/StagefrightPlayer(  349): setParameter(key=1604)

V/AwesomePlayer(  349): setParameter key (1604)

V/AwesomePlayer(  349): Current Contet PID : 1110

V/MediaPlayerService(  349): [1505] getParameter(1700)

V/MediaPlayer-JNI( 1110): setLooping: 0

V/MediaPlayer( 1110): MediaPlayer::setLooping

V/MediaPlayerService(  349): [1505] setLooping(0)

V/StagefrightPlayer(  349): setLooping

V/AwesomePlayer(  349): setLooping (0)

V/MediaPlayer( 1110): setVideoSurfaceTexture

D/ContexualWidgetMonitor( 1110): action =com.android.server.NotificationManagerService.NotificationArrived

V/MediaPlayerService(  349): [1505] setVideoSurfaceTexture(0x0)

D/ContexualWidgetMonitor( 1110): pkg =null

D/ContexualWidgetMonitor( 1110): mCheckMissedEvent =false

V/MediaPlayer( 1110): prepare

V/MediaPlayerService(  349): [1505] setAudioStreamType(5)

V/MediaPlayerService(  349): [1505] prepareAsync

V/AwesomePlayer(  349): prepareAsync

V/AwesomePlayer(  349): onPrepareAsyncEvent

I/SecMediaClock(  349): SecMediaClock constructor

I/SecMediaClock(  349): reset

V/AwesomePlayer(  349): initAudioDecoder

V/AwesomePlayer(  349): checkOffloadExceptions is true

I/OMXCodec(  349): Attempting to allocate OMX node 'OMX.google.vorbis.decoder'

D/        ( 5056): DFactory start

D/        ( 5056): isQmage : stream is not a Qmage file

I/OMX     (  349): mDispatchers.add

I/OMXCodec(  349): Successfully allocated OMX node 'OMX.google.vorbis.decoder'

I/OMXCodec(  349): >>>UHQA initOutputFormat 16

I/OMXCodec(  349): [OMX.google.vorbis.decoder] OMXCodec::start mState=1

I/OMXCodec(  349): [OMX.google.vorbis.decoder] allocating 4 buffers of size 8192 on input port

I/OMXCodec(  349): [OMX.google.vorbis.decoder] allocating 4 buffers of size 32768 on output port

I/OMXCodec(  349): [OMX.google.vorbis.decoder] Now Idle. Component sends idle done Event 

V/AwesomePlayer(  349): finishAsyncPrepare_l

V/AwesomePlayer(  349): notifyListner_l() msg (200-MEDIA_INFO), ext1 (973), ext2 (0)

V/MediaPlayerService(  349): [1505] notify (0xb822e030, 200, 973, 0)

V/AwesomePlayer(  349): notifyListner_l() msg (5-MEDIA_SET_VIDEO_SIZE), ext1 (0), ext2 (0)

V/MediaPlayerService(  349): [1505] notify (0xb822e030, 5, 0, 0)

V/AwesomePlayer(  349): notifyListner_l() msg (1-MEDIA_PREPARED), ext1 (0), ext2 (0)

V/MediaPlayerService(  349): [1505] notify (0xb822e030, 1, 0, 0)

V/MediaPlayer( 1110): message received msg=200, ext1=973, ext2=0

W/MediaPlayer( 1110): info/warning (973, 0)

V/MediaPlayer( 1110): callback application

V/MediaPlayer( 1110): back from callback

V/MediaPlayer( 1110): message received msg=5, ext1=0, ext2=0

D/AlipayPush_e( 5056): [IntentService[RecvMsgIntentService]]getNoticeIcon app-IconId=2130837556

V/MediaPlayer( 1110): New video size 0 x 0

V/MediaPlayer( 1110): callback application

V/MediaPlayer( 1110): back from callback

V/MediaPlayer( 1110): message received msg=1, ext1=0, ext2=0

D/AlipayPush_e( 5056): [IntentService[RecvMsgIntentService]]getNoticeIcon appIconPush=2130837556

V/MediaPlayer( 1110): prepared

V/MediaPlayer( 1110): signal application thread

V/MediaPlayer( 1110): callback application

V/MediaPlayer( 1110): prepare complete - status=0

V/MediaPlayer( 1110): back from callback

V/MediaPlayer-JNI( 1110): start

V/MediaPlayer( 1110): start

V/MediaPlayerService(  349): [1505] setLooping(0)

V/StagefrightPlayer(  349): setLooping

V/AwesomePlayer(  349): setLooping (0)

V/MediaPlayerService(  349): [1505] setVolume(1.000000, 1.000000)

V/AudioSink(  349): setVolume(1.000000, 1.000000)

V/MediaPlayerService(  349): [1505] setAuxEffectSendLevel(0.000000)

V/AudioSink(  349): setAuxEffectSendLevel(0.000000)

V/MediaPlayerService(  349): [1505] start

V/StagefrightPlayer(  349): setLooping

V/AwesomePlayer(  349): setLooping (0)

E/MediaPlayerService(  349): WFD client is not created 

V/StagefrightPlayer(  349): start

V/AwesomePlayer(  349): play

V/AwesomePlayer(  349): AwesomePlayer::play_l():: This is not a DRM content

V/AwesomePlayer(  349): startAudioPlayer_l, sendErrorNotification (0)

D/AlipayPush_e( 5056): [IntentService[RecvMsgIntentService]]getClickIntent uri={"type":"startApp", "params":{"appId":"20000167","tUserId":"058083020150608100313735","tUserType":"2","tLoginId":"nuc***@126.com"}}

I/OMXCodec(  349): [OMX.google.vorbis.decoder] 0onCmdComplete  mState =  7

I/OMXCodec(  349): [OMX.google.vorbis.decoder] PORT_DISABLED(1)

I/OMXCodec(  349): >>>UHQA initOutputFormat 16

I/OMXCodec(  349): [OMX.google.vorbis.decoder] allocating 4 buffers of size 32768 on output port

D/AlipayPush_e( 5056): [IntentService[RecvMsgIntentService]]getClickIntent 1 noticeId=-1857078713, msgId=_Nv6ZX8Z

I/AudioPlayer(  349): Audio channels(2)

I/AudioPlayer(  349):  Audioplayer kKeyAudioPCMFormat:1, 2, 0

I/AudioPlayer(  349):  Audioplayer kKeyAudioPCMFormat read fail(2, 1)

V/AudioSink(  349): open(44100, 2, 0x0, 0x1, 4, 3212 0x40000)

V/AudioPolicyManagerBase(  349): getOutput() device 2, stream 5, samplingRate 0, format 0, channelMask 3, flags 0

V/AudioPolicyManagerBase(  349): getOutputsForDevice device 0002 -> 0002

V/AudioPolicyManagerBase(  349): getOutput() returns output 2

V/AudioPolicyManagerBase(  349): getOutput() device 2, stream 5, samplingRate 0, format 0, channelMask 3, flags 0

V/AudioPolicyManagerBase(  349): getOutputsForDevice device 0002 -> 0002

V/AudioPolicyManagerBase(  349): getOutput() returns output 2

V/AudioSink(  349): no track available to recycle

V/AudioSink(  349): creating new AudioTrack

V/AudioPolicyManagerBase(  349): getOutput() device 2, stream 5, samplingRate 44100, format 1, channelMask 3, flags 40000

V/AudioPolicyManagerBase(  349): getOutputsForDevice device 0002 -> 0002

V/AudioPolicyManagerBase(  349): getOutput() returns output 2

D/AlipayPush_e( 5056): [IntentService[RecvMsgIntentService]]getDeleteIntent 1 noticeId=-1857078713, msgId=_Nv6ZX8Z

V/AudioSink(  349): deleteRecycledTrack

V/AudioSink(  349): setVolume

V/AudioPolicyManagerBase(  349): getOutput() device 2, stream 5, samplingRate 0, format 0, channelMask 3, flags 0

V/AudioPolicyManagerBase(  349): getOutputsForDevice device 0002 -> 0002

V/AudioPolicyManagerBase(  349): getOutput() returns output 2

I/AudioSink(  349): SetPlaySpeed : 1.000000

V/AudioSink(  349): open() DONE status 0

V/AudioSink(  349): start

V/AudioPolicyManagerBase(  349): startOutput() output 2, stream 5, session 3212

I/AlipayPush_e( 5056): [IntentService[RecvMsgIntentService]]showMsg() mergeCount=0 isRich=false

V/AudioPolicyManagerBase(  349): changeRefCount() stream 5, count 2

V/AwesomePlayer(  349): notifyListner_l() msg (6-MEDIA_STARTED), ext1 (0), ext2 (0)

V/MediaPlayerService(  349): [1505] notify (0xb822e030, 6, 0, 0)

I/AudioPlayer(  349): First fillBuffer call!!

V/AwesomePlayer(  349): addBatteryData

V/MediaPlayer( 1110): message received msg=6, ext1=0, ext2=0

D/AlipayPush_e( 5056): [IntentService[RecvMsgIntentService]]getRemoteViews pkgName=com.eg.android.AlipayGphoneRC

V/MediaPlayer-JNI( 1110): release

V/MediaPlayer( 1110): setListener

V/MediaPlayer( 1110): disconnect

V/MediaPlayer( 1110): Received MEDIA_STARTED

V/MediaPlayer( 1110): callback application

V/MediaPlayerService(  349): disconnect(1504) from pid 1110

V/MediaPlayer( 1110): back from callback

V/StagefrightPlayer(  349): reset

V/AwesomePlayer(  349): reset_l()

V/AwesomePlayer(  349): notifyListner_l() msg (8-MEDIA_STOPPED), ext1 (0), ext2 (0)

V/AwesomePlayer(  349): addBatteryData

V/AwesomePlayer(  349): cancelPlayerEvents (keepNotifications=0)

V/AwesomePlayer(  349): mAudioTrackVector clear

V/AudioSink(  349): stop

V/AudioSink(  349): flush

V/AudioSink(  349): +++ close

V/AudioSink(  349): --- close

I/OMXCodec(  349): [OMX.google.vorbis.decoder] stop mState=4

I/OMXCodec(  349): [OMX.google.vorbis.decoder] stop() sendCommand(0x5f6, OMX_CommandStateSet, OMX_StateIdle)

E/AudioResampler(  349): Unsupported sample format, 1 bits, 2 channels

I/OMXCodec(  349): [OMX.google.vorbis.decoder] Now Idle. Component sends idle done Event 

I/OMXCodec(  349): [OMX.google.vorbis.decoder] stopOmxComponent_l() mstate = 1

I/OMX     (  349): instance freeNode

D/AlipayPush_e( 5056): [IntentService[RecvMsgIntentService]]getRemoteViews VERSION.SDK=19

I/AlipayPush_e( 5056): [IntentService[RecvMsgIntentService]]notificationManager() notify is called!

I/AudioPlayer(  349): reset out

V/AwesomePlayer(  349): reset_l() mAudioPlayer successfully deleted

I/SecMediaClock(  349): SecMediaClock destructor

V/AwesomePlayer(  349): mSecMediaClock clear

V/StagefrightPlayer(  349): ~StagefrightPlayer

V/StagefrightPlayer(  349): reset

V/AwesomePlayer(  349): reset_l()

V/AwesomePlayer(  349): notifyListner_l() msg (8-MEDIA_STOPPED), ext1 (0), ext2 (0)

V/AwesomePlayer(  349): cancelPlayerEvents (keepNotifications=0)

V/AwesomePlayer(  349): mAudioTrackVector clear

V/AwesomePlayer(  349): reset_l() mAudioPlayer successfully deleted

V/AwesomePlayer(  349): mSecMediaClock clear

V/AwesomePlayer(  349): destructor

D/AudioResampler(  349): AudioResamplerOrder1::resample common!!!!!

D/AudioResampler(  349): new common resampler(44100 -> 48000, 2, 2)

D/SoundAliveResampler(  349): [SoundAliveResampler] Init+++

V/AwesomePlayer(  349): reset_l()

V/AwesomePlayer(  349): notifyListner_l() msg (8-MEDIA_STOPPED), ext1 (0), ext2 (0)

V/AwesomePlayer(  349): cancelPlayerEvents (keepNotifications=0)

V/AwesomePlayer(  349): mAudioTrackVector clear

V/AwesomePlayer(  349): reset_l() mAudioPlayer successfully deleted

V/AwesomePlayer(  349): mSecMediaClock clear

V/MediaPlayer( 1110): destructor

V/MediaPlayer( 1110): disconnect

V/MediaPlayerService(  349): Client(1504) destructor pid = 1110

V/AudioSink(  349): +++ close

V/AudioSink(  349): --- close

V/MediaPlayerService(  349): disconnect(1504) from pid 1110

I/MediaPlayer( 1110): Don't send intent. msg.arg1 = 0, msg.arg2 = 0

E/MediaPlayer( 1110): Should have subtitle controller already set

V/MediaPlayer-JNI( 1110): getCurrentPosition: 83 (msec)

V/MediaPlayer-JNI( 1110): isPlaying: 1

V/MediaPlayer-JNI( 1110): native_setup

V/MediaPlayer( 1110): constructor

V/MediaPlayer( 1110): setListener

E/MediaPlayer-JNI( 1110): QCMediaPlayer mediaplayer NOT present

V/MediaPlayer-JNI( 1110): setAudioStreamType: 5

V/MediaPlayer( 1110): MediaPlayer::setAudioStreamType

I/MediaPlayer( 1110): it is a Ringtone type is : 2

D/RingtoneManager( 1110): getActualDefaultRingtoneUri  type    :2

D/RingtoneManager( 1110): checkDefaultRingtoneProperUri : InternalMediaAudio uriString not null    type:2

V/AudioPolicyManagerBase(  349): stopOutput() output 2, stream 5, session 3211

V/AudioPolicyManagerBase(  349): changeRefCount() stream 5, count 1

V/AudioPolicyManagerBase(  349): releaseOutput() 2

I/Monitor ( 5056): [IntentService[RecvMsgIntentService]]onHandleIntent at: com.alipay.mobile.rome.pushservice.integration.RecvMsgIntentService, Intent: Intent { act=com.eg.android.AlipayGphoneRC.push.action.MESSAGE_RECEIVED cat=[com.eg.android.AlipayGphoneRC] cmp=com.eg.android.AlipayGphoneRC/com.alipay.mobile.rome.pushservice.integration.RecvMsgIntentService (has extras) }

I/AlipayPush_RecvMsgIntentService( 5056): [IntentService[RecvMsgIntentService]]onHandleIntent: appUid=10284

I/AlipayPush_RecvMsgIntentService( 5056): [IntentService[RecvMsgIntentService]]onHandleIntent: calling=10284

I/AlipayPush_RecvMsgIntentService( 5056): [IntentService[RecvMsgIntentService]]onHandleIntent: action = com.eg.android.AlipayGphoneRC.push.action.MESSAGE_RECEIVED

I/AlipayPush_RecvMsgIntentService( 5056): [IntentService[RecvMsgIntentService]]isShow style:2

D/PreloadUpdateManagerStateMachine(14042): execute::IDLE:EXECUTE

D/PreloadUpdateManagerStateMachine(14042): exit::IDLE

D/PreloadUpdateManagerStateMachine(14042): entry::CHECK_TIMEOUT_FOR_UPDATE

D/AlipayPush_RecvMsgIntentService( 5056): [IntentService[RecvMsgIntentService]]isTopApplication package=org.zywx.wbpalmstar.widgetone.uexsdk10098

D/AlipayPush_RecvMsgIntentService( 5056): [IntentService[RecvMsgIntentService]]direct2TopApp isTopApplication is false.

D/AlipayPush_RecvMsgIntentService( 5056): [IntentService[RecvMsgIntentService]]direct2TopApp ret=false

I/AlipayPush_RecvMsgIntentService( 5056): [IntentService[RecvMsgIntentService]]onMessage style:2

I/AlipayPush_e( 5056): [IntentService[RecvMsgIntentService]]getNoticeInfo msgShowTitle=支付宝, msgShowText=姗:我这点的开啊, msgId=_Nv6yQsn, msgData={"type":"startApp", "params":{"appId":"20000167","tUserId":"058083020150608100313735","tUserType":"2","tLoginId":"tea***@gmail.com"}}, msgNoticeExt={"flag":"8","rich":"","merge":"","biz":{"bBId":"chat","bSBId":"058083020150608100313735","bMB":"false","bMSB":"true","bMUT":"2","bMUID":"058083020150608100313735","data":{"bBUri":{"type":"startApp","params":{"appId":"20000252"}},"bBTitle":"支付宝","bBTxt":"$0个联系人发来$1条消息","bSBTxt":"[$0条]","bBTicker":"你收到了一条消息"}}}, msgShowSound=

I/AlipayPush_g( 5056): [IntentService[RecvMsgIntentService]]parseNoticeExt enter. noticeExt={"flag":"8","rich":"","merge":"","biz":{"bBId":"chat","bSBId":"058083020150608100313735","bMB":"false","bMSB":"true","bMUT":"2","bMUID":"058083020150608100313735","data":{"bBUri":{"type":"startApp","params":{"appId":"20000252"}},"bBTitle":"支付宝","bBTxt":"$0个联系人发来$1条消息","bSBTxt":"[$0条]","bBTicker":"你收到了一条消息"}}}

I/AlipayPush_g( 5056): [IntentService[RecvMsgIntentService]]parseNoticeExt flagCfg=8, richCfg=, mergeCfg=

D/AlipayPush_g( 5056): [IntentService[RecvMsgIntentService]]parseFlagCfg flag=8

D/AlipayPush_g( 5056): [IntentService[RecvMsgIntentService]]parseFlagCfg click=false, rich=false, merge=false

D/AlipayPush_g( 5056): [IntentService[RecvMsgIntentService]]parseNoticeExt isRich=false

V/AlipayPush_e( 5056): [IntentService[RecvMsgIntentService]]showMsg enter...noticeInfo=1143399568

D/AlipayPush_e( 5056): [IntentService[RecvMsgIntentService]]richSupport ret=true

D/AlipayPush_e( 5056): [IntentService[RecvMsgIntentService]]isReadyShow ret=true

D/AlipayPush_e( 5056): [IntentService[RecvMsgIntentService]]prepareNoticeMsg ret=true

V/AlipayPush_e( 5056): [IntentService[RecvMsgIntentService]]showMsg start for notification...noticeInfo=1143399568

V/AlipayPush_e( 5056): [IntentService[RecvMsgIntentService]]showMsg generate noticeId=2066221145

D/        ( 5056): DFactory start

I/MediaPlayer( 1110): It is a Not a DRM RingTone: return NULL

I/MediaPlayer( 1110): path is null

D/RingtoneManager(  910): getActualDefaultRingtoneUri  type    :2

I/AudioService(  910): getStreamVolume 5 index 110

D/RingtoneManager(  910): checkDefaultRingtoneProperUri : InternalMediaAudio uriString not null    type:2

V/Vibrator(  910): Called vibrateNotification() API - PUID: 1000, PackageName: android, type: 13

D/        ( 5056): isQmage : stream is not a Qmage file

D/AlipayPush_e( 5056): [IntentService[RecvMsgIntentService]]getNoticeIcon app-IconId=2130837556

D/AlipayPush_e( 5056): [IntentService[RecvMsgIntentService]]getNoticeIcon appIconPush=2130837556

I/SensorManagerA(  910): getReportingMode :: sensor.mType = 5

E/LightSensor(  910): Light old sensor_state 0, new sensor_state : 512 en : 1

D/SensorManager(  910): registerListener :: 6, CM3323 RGB Sensor, 200000, 0,  

D/ContexualWidgetMonitor( 1110): action =com.android.server.NotificationManagerService.NotificationArrived

D/ContexualWidgetMonitor( 1110): pkg =null

D/ContexualWidgetMonitor( 1110): mCheckMissedEvent =false

V/MediaPlayer-JNI( 1110): setDataSourceFD: fd 123

V/MediaPlayer( 1110): setDataSource(123, 0, 576460752303423487)

V/MediaPlayerService(  349): Create new client(1506) from pid 1110, uid 10018, 

V/MediaPlayerService(  349): setDataSource fd=29, offset=0, length=576460752303423487

V/MediaPlayerService(  349): st_dev  = 45847

V/MediaPlayerService(  349): st_mode = 33188

V/MediaPlayerService(  349): st_uid  = 0

V/MediaPlayerService(  349): st_gid  = 0

V/MediaPlayerService(  349): st_size = 25929

V/MediaPlayerService(  349): calculated length = 25929

V/MediaPlayerService(  349): player type = 3

V/AwesomePlayer(  349): setDefault

V/AwesomePlayer(  349): constructor

V/AwesomePlayer(  349): setDefault

V/AwesomePlayer(  349): reset_l()

V/AwesomePlayer(  349): notifyListner_l() msg (8-MEDIA_STOPPED), ext1 (0), ext2 (0)

V/AwesomePlayer(  349): cancelPlayerEvents (keepNotifications=0)

V/AwesomePlayer(  349): mAudioTrackVector clear

V/AwesomePlayer(  349): reset_l() mAudioPlayer successfully deleted

V/AwesomePlayer(  349): mSecMediaClock clear

V/StagefrightPlayer(  349): StagefrightPlayer

V/AwesomePlayer(  349): setListener

V/StagefrightPlayer(  349): initCheck

V/AwesomePlayer(  349): AwesomePlayer running on behalf of uid 10018

V/AudioSink(  349): AudioOutput(3213)

V/AwesomePlayer(  349): setAudioSink

V/StagefrightPlayer(  349): setDataSource(29, 0, 25929)

V/AwesomePlayer(  349): reset_l()

V/AwesomePlayer(  349): notifyListner_l() msg (8-MEDIA_STOPPED), ext1 (0), ext2 (0)

V/MediaPlayerService(  349): [1506] notify (0xb8203b10, 8, 0, 0)

V/MediaPlayer( 1110): message received msg=8, ext1=0, ext2=0

V/AwesomePlayer(  349): cancelPlayerEvents (keepNotifications=0)

V/AwesomePlayer(  349): mAudioTrackVector clear

V/AwesomePlayer(  349): reset_l() mAudioPlayer successfully deleted

V/AwesomePlayer(  349): mSecMediaClock clear

V/MediaPlayer( 1110): notify(8, 0, 0) callback on disconnected mediaplayer

D/hcjo    (14042): AutoUpdateTriggerManager:REQUEST2:requestInterval

V/AwesomePlayer(  349): track of type 'audio/vorbis' does not publish bitrate

V/AwesomePlayer(  349): mBitrate = -1 bits/sec

V/AwesomePlayer(  349): current audio track index (0) is added to vector

V/AwesomePlayer(  349): setDataSource_l: Audio(1), Video(0)

I/AwesomePlayer(  349): AwesomePlayer::setDataSource_l():: This is not a DRM content

V/MediaPlayerService(  349): [1506] setParameter(1604)

V/StagefrightPlayer(  349): setParameter(key=1604)

V/AwesomePlayer(  349): setParameter key (1604)

V/AwesomePlayer(  349): Current Contet PID : 1110

V/MediaPlayerService(  349): [1506] getParameter(1700)

V/MediaPlayer-JNI( 1110): setLooping: 0

V/MediaPlayer( 1110): MediaPlayer::setLooping

V/MediaPlayerService(  349): [1506] setLooping(0)

V/StagefrightPlayer(  349): setLooping

V/AwesomePlayer(  349): setLooping (0)

V/MediaPlayer( 1110): setVideoSurfaceTexture

V/MediaPlayerService(  349): [1506] setVideoSurfaceTexture(0x0)

V/MediaPlayer( 1110): prepare

V/MediaPlayerService(  349): [1506] setAudioStreamType(5)

V/MediaPlayerService(  349): [1506] prepareAsync

V/AwesomePlayer(  349): prepareAsync

V/AwesomePlayer(  349): onPrepareAsyncEvent

I/SecMediaClock(  349): SecMediaClock constructor

I/SecMediaClock(  349): reset

V/AwesomePlayer(  349): initAudioDecoder

V/AwesomePlayer(  349): checkOffloadExceptions is true

I/OMXCodec(  349): Attempting to allocate OMX node 'OMX.google.vorbis.decoder'

I/OMX     (  349): mDispatchers.add

I/OMXCodec(  349): Successfully allocated OMX node 'OMX.google.vorbis.decoder'

I/OMXCodec(  349): >>>UHQA initOutputFormat 16

I/OMXCodec(  349): [OMX.google.vorbis.decoder] OMXCodec::start mState=1

I/OMXCodec(  349): [OMX.google.vorbis.decoder] allocating 4 buffers of size 8192 on input port

D/AlipayPush_e( 5056): [IntentService[RecvMsgIntentService]]getClickIntent uri={"type":"startApp", "params":{"appId":"20000167","tUserId":"058083020150608100313735","tUserType":"2","tLoginId":"tea***@gmail.com"}}

I/OMXCodec(  349): [OMX.google.vorbis.decoder] allocating 4 buffers of size 32768 on output port

I/OMXCodec(  349): [OMX.google.vorbis.decoder] Now Idle. Component sends idle done Event 

V/AwesomePlayer(  349): finishAsyncPrepare_l

V/AwesomePlayer(  349): notifyListner_l() msg (200-MEDIA_INFO), ext1 (973), ext2 (0)

V/MediaPlayerService(  349): [1506] notify (0xb8203b10, 200, 973, 0)

V/AwesomePlayer(  349): notifyListner_l() msg (5-MEDIA_SET_VIDEO_SIZE), ext1 (0), ext2 (0)

V/MediaPlayerService(  349): [1506] notify (0xb8203b10, 5, 0, 0)

V/AwesomePlayer(  349): notifyListner_l() msg (1-MEDIA_PREPARED), ext1 (0), ext2 (0)

V/MediaPlayerService(  349): [1506] notify (0xb8203b10, 1, 0, 0)

V/MediaPlayer( 1110): message received msg=200, ext1=973, ext2=0

D/AlipayPush_e( 5056): [IntentService[RecvMsgIntentService]]getClickIntent 1 noticeId=2066221145, msgId=_Nv6yQsn

W/MediaPlayer( 1110): info/warning (973, 0)

V/MediaPlayer( 1110): callback application

V/MediaPlayer( 1110): back from callback

V/MediaPlayer( 1110): message received msg=5, ext1=0, ext2=0

V/MediaPlayer( 1110): New video size 0 x 0

V/MediaPlayer( 1110): callback application

V/MediaPlayer( 1110): back from callback

V/MediaPlayer( 1110): message received msg=1, ext1=0, ext2=0

D/AlipayPush_e( 5056): [IntentService[RecvMsgIntentService]]getDeleteIntent 1 noticeId=2066221145, msgId=_Nv6yQsn

V/MediaPlayer( 1110): prepared

V/MediaPlayer( 1110): signal application thread

V/MediaPlayer( 1110): callback application

V/MediaPlayer( 1110): back from callback

I/AlipayPush_e( 5056): [IntentService[RecvMsgIntentService]]showMsg() mergeCount=0 isRich=false

D/AlipayPush_e( 5056): [IntentService[RecvMsgIntentService]]getRemoteViews pkgName=com.eg.android.AlipayGphoneRC

V/MediaPlayer( 1110): prepare complete - status=0

V/MediaPlayer-JNI( 1110): start

V/MediaPlayer( 1110): start

V/MediaPlayerService(  349): [1506] setLooping(0)

V/StagefrightPlayer(  349): setLooping

V/AwesomePlayer(  349): setLooping (0)

V/MediaPlayerService(  349): [1506] setVolume(1.000000, 1.000000)

V/AudioSink(  349): setVolume(1.000000, 1.000000)

D/AlipayPush_e( 5056): [IntentService[RecvMsgIntentService]]getRemoteViews VERSION.SDK=19

I/AlipayPush_e( 5056): [IntentService[RecvMsgIntentService]]notificationManager() notify is called!

V/MediaPlayerService(  349): [1506] setAuxEffectSendLevel(0.000000)

V/AudioSink(  349): setAuxEffectSendLevel(0.000000)

V/MediaPlayerService(  349): [1506] start

V/StagefrightPlayer(  349): setLooping

V/AwesomePlayer(  349): setLooping (0)

E/MediaPlayerService(  349): WFD client is not created 

V/StagefrightPlayer(  349): start

V/AwesomePlayer(  349): play

V/AwesomePlayer(  349): AwesomePlayer::play_l():: This is not a DRM content

V/AwesomePlayer(  349): startAudioPlayer_l, sendErrorNotification (0)

I/OMXCodec(  349): [OMX.google.vorbis.decoder] 0onCmdComplete  mState =  7

I/OMXCodec(  349): [OMX.google.vorbis.decoder] PORT_DISABLED(1)

I/OMXCodec(  349): >>>UHQA initOutputFormat 16

I/OMXCodec(  349): [OMX.google.vorbis.decoder] allocating 4 buffers of size 32768 on output port

I/AudioPlayer(  349): Audio channels(2)

I/AudioPlayer(  349):  Audioplayer kKeyAudioPCMFormat:1, 2, 0

I/AudioPlayer(  349):  Audioplayer kKeyAudioPCMFormat read fail(2, 1)

V/AudioSink(  349): open(44100, 2, 0x0, 0x1, 4, 3213 0x40000)

V/AudioPolicyManagerBase(  349): getOutput() device 2, stream 5, samplingRate 0, format 0, channelMask 3, flags 0

V/AudioPolicyManagerBase(  349): getOutputsForDevice device 0002 -> 0002

V/AudioPolicyManagerBase(  349): getOutput() returns output 2

V/AudioPolicyManagerBase(  349): getOutput() device 2, stream 5, samplingRate 0, format 0, channelMask 3, flags 0

V/AudioPolicyManagerBase(  349): getOutputsForDevice device 0002 -> 0002

V/AudioPolicyManagerBase(  349): getOutput() returns output 2

V/AudioSink(  349): no track available to recycle

V/AudioSink(  349): creating new AudioTrack

V/AudioPolicyManagerBase(  349): getOutput() device 2, stream 5, samplingRate 44100, format 1, channelMask 3, flags 40000

V/AudioPolicyManagerBase(  349): getOutputsForDevice device 0002 -> 0002

V/AudioPolicyManagerBase(  349): getOutput() returns output 2

V/AudioSink(  349): deleteRecycledTrack

V/AudioSink(  349): setVolume

V/AudioPolicyManagerBase(  349): getOutput() device 2, stream 5, samplingRate 0, format 0, channelMask 3, flags 0

V/AudioPolicyManagerBase(  349): getOutputsForDevice device 0002 -> 0002

V/AudioPolicyManagerBase(  349): getOutput() returns output 2

I/AudioSink(  349): SetPlaySpeed : 1.000000

V/AudioSink(  349): open() DONE status 0

V/AudioSink(  349): start

V/AudioPolicyManagerBase(  349): startOutput() output 2, stream 5, session 3213

V/AudioPolicyManagerBase(  349): changeRefCount() stream 5, count 2

V/AwesomePlayer(  349): notifyListner_l() msg (6-MEDIA_STARTED), ext1 (0), ext2 (0)

V/MediaPlayerService(  349): [1506] notify (0xb8203b10, 6, 0, 0)

I/AudioPlayer(  349): First fillBuffer call!!

E/AudioSink(  349): received unknown event type: 1 inside CallbackWrapper !

V/AwesomePlayer(  349): addBatteryData

V/MediaPlayer( 1110): message received msg=6, ext1=0, ext2=0

V/MediaPlayer-JNI( 1110): release

V/MediaPlayer( 1110): setListener

V/MediaPlayer( 1110): disconnect

V/MediaPlayerService(  349): disconnect(1505) from pid 1110

V/StagefrightPlayer(  349): reset

V/AwesomePlayer(  349): reset_l()

V/AwesomePlayer(  349): notifyListner_l() msg (8-MEDIA_STOPPED), ext1 (0), ext2 (0)

V/AwesomePlayer(  349): addBatteryData

V/MediaPlayer( 1110): Received MEDIA_STARTED

V/MediaPlayer( 1110): callback application

V/MediaPlayer( 1110): back from callback

V/AwesomePlayer(  349): cancelPlayerEvents (keepNotifications=0)

V/AwesomePlayer(  349): mAudioTrackVector clear

V/AudioSink(  349): stop

V/AudioSink(  349): flush

V/AudioSink(  349): +++ close

V/AudioSink(  349): --- close

I/OMXCodec(  349): [OMX.google.vorbis.decoder] stop mState=4

I/OMXCodec(  349): [OMX.google.vorbis.decoder] stop() sendCommand(0x5f7, OMX_CommandStateSet, OMX_StateIdle)

I/OMXCodec(  349): [OMX.google.vorbis.decoder] Now Idle. Component sends idle done Event 

I/OMXCodec(  349): [OMX.google.vorbis.decoder] stopOmxComponent_l() mstate = 1

I/OMX     (  349): instance freeNode

I/AudioPlayer(  349): reset out

V/AwesomePlayer(  349): reset_l() mAudioPlayer successfully deleted

I/SecMediaClock(  349): SecMediaClock destructor

V/AwesomePlayer(  349): mSecMediaClock clear

V/StagefrightPlayer(  349): ~StagefrightPlayer

V/StagefrightPlayer(  349): reset

V/AwesomePlayer(  349): reset_l()

V/AwesomePlayer(  349): notifyListner_l() msg (8-MEDIA_STOPPED), ext1 (0), ext2 (0)

V/AwesomePlayer(  349): cancelPlayerEvents (keepNotifications=0)

V/AwesomePlayer(  349): mAudioTrackVector clear

V/AwesomePlayer(  349): reset_l() mAudioPlayer successfully deleted

V/AwesomePlayer(  349): mSecMediaClock clear

V/AwesomePlayer(  349): destructor

V/AwesomePlayer(  349): reset_l()

V/AwesomePlayer(  349): notifyListner_l() msg (8-MEDIA_STOPPED), ext1 (0), ext2 (0)

V/AwesomePlayer(  349): cancelPlayerEvents (keepNotifications=0)

V/AwesomePlayer(  349): mAudioTrackVector clear

V/AwesomePlayer(  349): reset_l() mAudioPlayer successfully deleted

V/AwesomePlayer(  349): mSecMediaClock clear

V/MediaPlayer( 1110): destructor

V/MediaPlayerService(  349): Client(1505) destructor pid = 1110

V/AudioSink(  349): +++ close

V/AudioSink(  349): --- close

V/MediaPlayerService(  349): disconnect(1505) from pid 1110

V/MediaPlayer( 1110): disconnect

I/MediaPlayer( 1110): Don't send intent. msg.arg1 = 0, msg.arg2 = 0

E/MediaPlayer( 1110): Should have subtitle controller already set

V/MediaPlayer-JNI( 1110): native_setup

V/MediaPlayer( 1110): constructor

V/MediaPlayer( 1110): setListener

E/MediaPlayer-JNI( 1110): QCMediaPlayer mediaplayer NOT present

V/MediaPlayer-JNI( 1110): setAudioStreamType: 5

V/MediaPlayer( 1110): MediaPlayer::setAudioStreamType

I/MediaPlayer( 1110): it is a Ringtone type is : 2

D/RingtoneManager( 1110): getActualDefaultRingtoneUri  type    :2

D/RingtoneManager( 1110): checkDefaultRingtoneProperUri : InternalMediaAudio uriString not null    type:2

E/AudioResampler(  349): Unsupported sample format, 1 bits, 2 channels

D/AudioResampler(  349): AudioResamplerOrder1::resample common!!!!!

D/AudioResampler(  349): new common resampler(44100 -> 48000, 2, 2)

D/SoundAliveResampler(  349): [SoundAliveResampler] Init+++

I/AudioTrack(  349): track is underrun status. skip wait time.

I/Monitor ( 5056): [IntentService[RecvMsgIntentService]]onHandleIntent at: com.alipay.mobile.rome.pushservice.integration.RecvMsgIntentService, Intent: Intent { act=com.eg.android.AlipayGphoneRC.push.action.MESSAGE_RECEIVED cat=[com.eg.android.AlipayGphoneRC] cmp=com.eg.android.AlipayGphoneRC/com.alipay.mobile.rome.pushservice.integration.RecvMsgIntentService (has extras) }

I/AlipayPush_RecvMsgIntentService( 5056): [IntentService[RecvMsgIntentService]]onHandleIntent: appUid=10284

I/AlipayPush_RecvMsgIntentService( 5056): [IntentService[RecvMsgIntentService]]onHandleIntent: calling=10284

I/AlipayPush_RecvMsgIntentService( 5056): [IntentService[RecvMsgIntentService]]onHandleIntent: action = com.eg.android.AlipayGphoneRC.push.action.MESSAGE_RECEIVED

I/AlipayPush_RecvMsgIntentService( 5056): [IntentService[RecvMsgIntentService]]isShow style:2

I/AudioService(  910): getStreamVolume 5 index 110

V/Vibrator(  910): Called vibrateNotification() API - PUID: 1000, PackageName: android, type: 13

D/AlipayPush_RecvMsgIntentService( 5056): [IntentService[RecvMsgIntentService]]isTopApplication package=org.zywx.wbpalmstar.widgetone.uexsdk10098

D/AlipayPush_RecvMsgIntentService( 5056): [IntentService[RecvMsgIntentService]]direct2TopApp isTopApplication is false.

D/AlipayPush_RecvMsgIntentService( 5056): [IntentService[RecvMsgIntentService]]direct2TopApp ret=false

I/MediaPlayer( 1110): It is a Not a DRM RingTone: return NULL

I/MediaPlayer( 1110): path is null

I/AlipayPush_RecvMsgIntentService( 5056): [IntentService[RecvMsgIntentService]]onMessage style:2

D/RingtoneManager(  910): getActualDefaultRingtoneUri  type    :2

D/RingtoneManager(  910): checkDefaultRingtoneProperUri : InternalMediaAudio uriString not null    type:2

V/AudioPolicyManagerBase(  349): stopOutput() output 2, stream 5, session 3212

V/AudioPolicyManagerBase(  349): changeRefCount() stream 5, count 1

V/AudioPolicyManagerBase(  349): releaseOutput() 2

I/AlipayPush_e( 5056): [IntentService[RecvMsgIntentService]]getNoticeInfo msgShowTitle=支付宝, msgShowText=诸南阳:大牌抢购的折扣点的开么？我这抢不了, msgId=_Nv6yrKK, msgData={"type":"startApp", "params":{"appId":"20000167","tUserId":"058083020150608100313735","tUserType":"2","tLoginId":"tan***@163.com"}}, msgNoticeExt={"flag":"8","rich":"","merge":"","biz":{"bBId":"chat","bSBId":"058083020150608100313735","bMB":"false","bMSB":"true","bMUT":"2","bMUID":"058083020150608100313735","data":{"bBUri":{"type":"startApp","params":{"appId":"20000252"}},"bBTitle":"支付宝","bBTxt":"$0个联系人发来$1条消息","bSBTxt":"[$0条]","bBTicker":"你收到了一条消息"}}}, msgShowSound=

I/AlipayPush_g( 5056): [IntentService[RecvMsgIntentService]]parseNoticeExt enter. noticeExt={"flag":"8","rich":"","merge":"","biz":{"bBId":"chat","bSBId":"058083020150608100313735","bMB":"false","bMSB":"true","bMUT":"2","bMUID":"058083020150608100313735","data":{"bBUri":{"type":"startApp","params":{"appId":"20000252"}},"bBTitle":"支付宝","bBTxt":"$0个联系人发来$1条消息","bSBTxt":"[$0条]","bBTicker":"你收到了一条消息"}}}

V/MediaPlayer-JNI( 1110): setDataSourceFD: fd 128

V/MediaPlayer( 1110): setDataSource(128, 0, 576460752303423487)

V/MediaPlayerService(  349): Create new client(1507) from pid 1110, uid 10018, 

V/MediaPlayerService(  349): setDataSource fd=41, offset=0, length=576460752303423487

V/MediaPlayerService(  349): st_dev  = 45847

V/MediaPlayerService(  349): st_mode = 33188

V/MediaPlayerService(  349): st_uid  = 0

V/MediaPlayerService(  349): st_gid  = 0

V/MediaPlayerService(  349): st_size = 25929

V/MediaPlayerService(  349): calculated length = 25929

D/ContexualWidgetMonitor( 1110): action =com.android.server.NotificationManagerService.NotificationArrived

D/ContexualWidgetMonitor( 1110): pkg =null

D/ContexualWidgetMonitor( 1110): mCheckMissedEvent =false

V/MediaPlayerService(  349): player type = 3

V/AwesomePlayer(  349): setDefault

V/AwesomePlayer(  349): constructor

V/AwesomePlayer(  349): setDefault

V/AwesomePlayer(  349): reset_l()

V/AwesomePlayer(  349): notifyListner_l() msg (8-MEDIA_STOPPED), ext1 (0), ext2 (0)

V/AwesomePlayer(  349): cancelPlayerEvents (keepNotifications=0)

V/AwesomePlayer(  349): mAudioTrackVector clear

V/AwesomePlayer(  349): reset_l() mAudioPlayer successfully deleted

V/AwesomePlayer(  349): mSecMediaClock clear

V/StagefrightPlayer(  349): StagefrightPlayer

V/AwesomePlayer(  349): setListener

V/StagefrightPlayer(  349): initCheck

V/AwesomePlayer(  349): AwesomePlayer running on behalf of uid 10018

V/AudioSink(  349): AudioOutput(3214)

V/AwesomePlayer(  349): setAudioSink

V/StagefrightPlayer(  349): setDataSource(41, 0, 25929)

V/AwesomePlayer(  349): reset_l()

V/AwesomePlayer(  349): notifyListner_l() msg (8-MEDIA_STOPPED), ext1 (0), ext2 (0)

V/MediaPlayerService(  349): [1507] notify (0xb822e030, 8, 0, 0)

V/AwesomePlayer(  349): cancelPlayerEvents (keepNotifications=0)

V/AwesomePlayer(  349): mAudioTrackVector clear

V/AwesomePlayer(  349): reset_l() mAudioPlayer successfully deleted

V/AwesomePlayer(  349): mSecMediaClock clear

V/MediaPlayer( 1110): message received msg=8, ext1=0, ext2=0

V/MediaPlayer( 1110): notify(8, 0, 0) callback on disconnected mediaplayer

I/AlipayPush_g( 5056): [IntentService[RecvMsgIntentService]]parseNoticeExt flagCfg=8, richCfg=, mergeCfg=

D/AlipayPush_g( 5056): [IntentService[RecvMsgIntentService]]parseFlagCfg flag=8

D/AlipayPush_g( 5056): [IntentService[RecvMsgIntentService]]parseFlagCfg click=false, rich=false, merge=false

D/AlipayPush_g( 5056): [IntentService[RecvMsgIntentService]]parseNoticeExt isRich=false

V/AlipayPush_e( 5056): [IntentService[RecvMsgIntentService]]showMsg enter...noticeInfo=1147413840

D/AlipayPush_e( 5056): [IntentService[RecvMsgIntentService]]richSupport ret=true

V/AwesomePlayer(  349): track of type 'audio/vorbis' does not publish bitrate

D/AlipayPush_e( 5056): [IntentService[RecvMsgIntentService]]isReadyShow ret=true

V/AwesomePlayer(  349): mBitrate = -1 bits/sec

V/AwesomePlayer(  349): current audio track index (0) is added to vector

V/AwesomePlayer(  349): setDataSource_l: Audio(1), Video(0)

I/AwesomePlayer(  349): AwesomePlayer::setDataSource_l():: This is not a DRM content

V/MediaPlayerService(  349): [1507] setParameter(1604)

D/AlipayPush_e( 5056): [IntentService[RecvMsgIntentService]]prepareNoticeMsg ret=true

V/StagefrightPlayer(  349): setParameter(key=1604)

V/AwesomePlayer(  349): setParameter key (1604)

V/AwesomePlayer(  349): Current Contet PID : 1110

V/AlipayPush_e( 5056): [IntentService[RecvMsgIntentService]]showMsg start for notification...noticeInfo=1147413840

V/AlipayPush_e( 5056): [IntentService[RecvMsgIntentService]]showMsg generate noticeId=-2125248697

V/MediaPlayerService(  349): [1507] getParameter(1700)

V/MediaPlayer-JNI( 1110): setLooping: 0

V/MediaPlayer( 1110): MediaPlayer::setLooping

V/MediaPlayerService(  349): [1507] setLooping(0)

V/StagefrightPlayer(  349): setLooping

V/AwesomePlayer(  349): setLooping (0)

V/MediaPlayer( 1110): setVideoSurfaceTexture

V/MediaPlayerService(  349): [1507] setVideoSurfaceTexture(0x0)

V/MediaPlayer( 1110): prepare

V/MediaPlayerService(  349): [1507] setAudioStreamType(5)

V/MediaPlayerService(  349): [1507] prepareAsync

V/AwesomePlayer(  349): prepareAsync

V/AwesomePlayer(  349): onPrepareAsyncEvent

I/SecMediaClock(  349): SecMediaClock constructor

I/SecMediaClock(  349): reset

V/AwesomePlayer(  349): initAudioDecoder

V/AwesomePlayer(  349): checkOffloadExceptions is true

I/OMXCodec(  349): Attempting to allocate OMX node 'OMX.google.vorbis.decoder'

I/OMX     (  349): mDispatchers.add

I/OMXCodec(  349): Successfully allocated OMX node 'OMX.google.vorbis.decoder'

I/OMXCodec(  349): >>>UHQA initOutputFormat 16

I/OMXCodec(  349): [OMX.google.vorbis.decoder] OMXCodec::start mState=1

I/OMXCodec(  349): [OMX.google.vorbis.decoder] allocating 4 buffers of size 8192 on input port

I/OMXCodec(  349): [OMX.google.vorbis.decoder] allocating 4 buffers of size 32768 on output port

I/OMXCodec(  349): [OMX.google.vorbis.decoder] Now Idle. Component sends idle done Event 

V/AwesomePlayer(  349): finishAsyncPrepare_l

V/AwesomePlayer(  349): notifyListner_l() msg (200-MEDIA_INFO), ext1 (973), ext2 (0)

V/MediaPlayerService(  349): [1507] notify (0xb822e030, 200, 973, 0)

V/AwesomePlayer(  349): notifyListner_l() msg (5-MEDIA_SET_VIDEO_SIZE), ext1 (0), ext2 (0)

V/MediaPlayerService(  349): [1507] notify (0xb822e030, 5, 0, 0)

V/AwesomePlayer(  349): notifyListner_l() msg (1-MEDIA_PREPARED), ext1 (0), ext2 (0)

V/MediaPlayerService(  349): [1507] notify (0xb822e030, 1, 0, 0)

V/MediaPlayer( 1110): message received msg=200, ext1=973, ext2=0

W/MediaPlayer( 1110): info/warning (973, 0)

V/MediaPlayer( 1110): callback application

V/MediaPlayer( 1110): back from callback

V/MediaPlayer( 1110): message received msg=5, ext1=0, ext2=0

V/MediaPlayer( 1110): New video size 0 x 0

V/MediaPlayer( 1110): callback application

V/MediaPlayer( 1110): back from callback

V/MediaPlayer( 1110): message received msg=1, ext1=0, ext2=0

D/        ( 5056): DFactory start

D/        ( 5056): isQmage : stream is not a Qmage file

V/MediaPlayer( 1110): prepared

V/MediaPlayer( 1110): signal application thread

V/MediaPlayer( 1110): callback application

V/MediaPlayer( 1110): prepare complete - status=0

V/MediaPlayer( 1110): back from callback

V/MediaPlayer-JNI( 1110): start

V/MediaPlayer( 1110): start

V/MediaPlayerService(  349): [1507] setLooping(0)

V/StagefrightPlayer(  349): setLooping

V/AwesomePlayer(  349): setLooping (0)

V/MediaPlayerService(  349): [1507] setVolume(1.000000, 1.000000)

V/AudioSink(  349): setVolume(1.000000, 1.000000)

V/MediaPlayerService(  349): [1507] setAuxEffectSendLevel(0.000000)

V/AudioSink(  349): setAuxEffectSendLevel(0.000000)

V/MediaPlayerService(  349): [1507] start

V/StagefrightPlayer(  349): setLooping

V/AwesomePlayer(  349): setLooping (0)

E/MediaPlayerService(  349): WFD client is not created 

V/StagefrightPlayer(  349): start

V/AwesomePlayer(  349): play

V/AwesomePlayer(  349): AwesomePlayer::play_l():: This is not a DRM content

V/AwesomePlayer(  349): startAudioPlayer_l, sendErrorNotification (0)

D/AlipayPush_e( 5056): [IntentService[RecvMsgIntentService]]getNoticeIcon app-IconId=2130837556

D/AlipayPush_e( 5056): [IntentService[RecvMsgIntentService]]getNoticeIcon appIconPush=2130837556

I/OMXCodec(  349): [OMX.google.vorbis.decoder] 0onCmdComplete  mState =  7

I/OMXCodec(  349): [OMX.google.vorbis.decoder] PORT_DISABLED(1)

I/OMXCodec(  349): >>>UHQA initOutputFormat 16

I/OMXCodec(  349): [OMX.google.vorbis.decoder] allocating 4 buffers of size 32768 on output port

I/AudioPlayer(  349): Audio channels(2)

I/AudioPlayer(  349):  Audioplayer kKeyAudioPCMFormat:1, 2, 0

I/AudioPlayer(  349):  Audioplayer kKeyAudioPCMFormat read fail(2, 1)

V/AudioSink(  349): open(44100, 2, 0x0, 0x1, 4, 3214 0x40000)

V/AudioPolicyManagerBase(  349): getOutput() device 2, stream 5, samplingRate 0, format 0, channelMask 3, flags 0

V/AudioPolicyManagerBase(  349): getOutputsForDevice device 0002 -> 0002

V/AudioPolicyManagerBase(  349): getOutput() returns output 2

V/AudioPolicyManagerBase(  349): getOutput() device 2, stream 5, samplingRate 0, format 0, channelMask 3, flags 0

V/AudioPolicyManagerBase(  349): getOutputsForDevice device 0002 -> 0002

V/AudioPolicyManagerBase(  349): getOutput() returns output 2

V/AudioSink(  349): no track available to recycle

V/AudioSink(  349): creating new AudioTrack

V/AudioPolicyManagerBase(  349): getOutput() device 2, stream 5, samplingRate 44100, format 1, channelMask 3, flags 40000

V/AudioPolicyManagerBase(  349): getOutputsForDevice device 0002 -> 0002

V/AudioPolicyManagerBase(  349): getOutput() returns output 2

D/AlipayPush_e( 5056): [IntentService[RecvMsgIntentService]]getClickIntent uri={"type":"startApp", "params":{"appId":"20000167","tUserId":"058083020150608100313735","tUserType":"2","tLoginId":"tan***@163.com"}}

V/AudioSink(  349): deleteRecycledTrack

V/AudioSink(  349): setVolume

V/AudioPolicyManagerBase(  349): getOutput() device 2, stream 5, samplingRate 0, format 0, channelMask 3, flags 0

V/AudioPolicyManagerBase(  349): getOutputsForDevice device 0002 -> 0002

V/AudioPolicyManagerBase(  349): getOutput() returns output 2

I/AudioSink(  349): SetPlaySpeed : 1.000000

V/AudioSink(  349): open() DONE status 0

V/AudioSink(  349): start

V/AudioPolicyManagerBase(  349): startOutput() output 2, stream 5, session 3214

V/AudioPolicyManagerBase(  349): changeRefCount() stream 5, count 2

V/AwesomePlayer(  349): notifyListner_l() msg (6-MEDIA_STARTED), ext1 (0), ext2 (0)

V/MediaPlayerService(  349): [1507] notify (0xb822e030, 6, 0, 0)

I/AudioPlayer(  349): First fillBuffer call!!

V/AwesomePlayer(  349): addBatteryData

V/MediaPlayer( 1110): message received msg=6, ext1=0, ext2=0

V/MediaPlayer-JNI( 1110): release

V/MediaPlayer( 1110): setListener

V/MediaPlayer( 1110): disconnect

V/MediaPlayerService(  349): disconnect(1506) from pid 1110

V/StagefrightPlayer(  349): reset

V/AwesomePlayer(  349): reset_l()

V/AwesomePlayer(  349): notifyListner_l() msg (8-MEDIA_STOPPED), ext1 (0), ext2 (0)

V/AwesomePlayer(  349): addBatteryData

V/MediaPlayer( 1110): Received MEDIA_STARTED

V/MediaPlayer( 1110): callback application

V/MediaPlayer( 1110): back from callback

V/AwesomePlayer(  349): cancelPlayerEvents (keepNotifications=0)

V/AwesomePlayer(  349): mAudioTrackVector clear

V/AudioSink(  349): stop

V/AudioSink(  349): flush

V/AudioSink(  349): +++ close

V/AudioSink(  349): --- close

I/OMXCodec(  349): [OMX.google.vorbis.decoder] stop mState=4

I/OMXCodec(  349): [OMX.google.vorbis.decoder] stop() sendCommand(0x5f8, OMX_CommandStateSet, OMX_StateIdle)

I/OMXCodec(  349): [OMX.google.vorbis.decoder] Now Idle. Component sends idle done Event 

I/OMXCodec(  349): [OMX.google.vorbis.decoder] stopOmxComponent_l() mstate = 1

I/OMX     (  349): instance freeNode

I/AudioPlayer(  349): reset out

V/AwesomePlayer(  349): reset_l() mAudioPlayer successfully deleted

I/SecMediaClock(  349): SecMediaClock destructor

V/AwesomePlayer(  349): mSecMediaClock clear

V/StagefrightPlayer(  349): ~StagefrightPlayer

V/StagefrightPlayer(  349): reset

V/AwesomePlayer(  349): reset_l()

V/AwesomePlayer(  349): notifyListner_l() msg (8-MEDIA_STOPPED), ext1 (0), ext2 (0)

V/AwesomePlayer(  349): cancelPlayerEvents (keepNotifications=0)

V/AwesomePlayer(  349): mAudioTrackVector clear

V/AwesomePlayer(  349): reset_l() mAudioPlayer successfully deleted

V/AwesomePlayer(  349): mSecMediaClock clear

V/AwesomePlayer(  349): destructor

V/AwesomePlayer(  349): reset_l()

V/AwesomePlayer(  349): notifyListner_l() msg (8-MEDIA_STOPPED), ext1 (0), ext2 (0)

V/AwesomePlayer(  349): cancelPlayerEvents (keepNotifications=0)

V/AwesomePlayer(  349): mAudioTrackVector clear

V/AwesomePlayer(  349): reset_l() mAudioPlayer successfully deleted

V/AwesomePlayer(  349): mSecMediaClock clear

V/MediaPlayer( 1110): destructor

V/MediaPlayerService(  349): Client(1506) destructor pid = 1110

V/MediaPlayer( 1110): disconnect

V/AudioSink(  349): +++ close

V/AudioSink(  349): --- close

E/AudioResampler(  349): Unsupported sample format, 1 bits, 2 channels

I/MediaPlayer( 1110): Don't send intent. msg.arg1 = 0, msg.arg2 = 0

E/MediaPlayer( 1110): Should have subtitle controller already set

D/AudioResampler(  349): AudioResamplerOrder1::resample common!!!!!

D/AudioResampler(  349): new common resampler(44100 -> 48000, 2, 2)

D/SoundAliveResampler(  349): [SoundAliveResampler] Init+++

V/MediaPlayerService(  349): disconnect(1506) from pid 1110

V/MediaPlayer-JNI( 1110): getCurrentPosition: 83 (msec)

V/MediaPlayer-JNI( 1110): isPlaying: 1

V/MediaPlayer-JNI( 1110): native_setup

V/MediaPlayer( 1110): constructor

V/MediaPlayer( 1110): setListener

E/MediaPlayer-JNI( 1110): QCMediaPlayer mediaplayer NOT present

V/MediaPlayer-JNI( 1110): setAudioStreamType: 5

V/MediaPlayer( 1110): MediaPlayer::setAudioStreamType

I/MediaPlayer( 1110): it is a Ringtone type is : 2

D/RingtoneManager( 1110): getActualDefaultRingtoneUri  type    :2

D/RingtoneManager( 1110): checkDefaultRingtoneProperUri : InternalMediaAudio uriString not null    type:2

W/System.err(15839): Failed to parse Enable, this will cause platform SinaWeibo always be enable

I/System.out(14042): Thread-20190(ApacheHTTPLog):Reading from variable values from setDefaultValuesToVariables

W/System.err(15839): Failed to parse Enable, this will cause platform SohuMicroBlog always be enable

I/SELinux (15896): Function: selinux_android_load_priority , priority [3] , priority version is VE=SEPF_GT-I9508V_4.4.4_0033

E/dalvikvm(15896): >>>>> Normal User

E/dalvikvm(15896): >>>>> com.android.email [ userId:0 | appId:10180 ]

I/System.out(14042): Thread-20190(ApacheHTTPLog):isShipBuild true

W/System.err(15839): Failed to parse Enable, this will cause platform ShortMessage always be enable

I/System.out(14042): Thread-20190(ApacheHTTPLog):SmartBonding Enabling is false, SHIP_BUILD is true, log to file is false, DBG is false

D/AlipayPush_e( 5056): [IntentService[RecvMsgIntentService]]getClickIntent 1 noticeId=-2125248697, msgId=_Nv6yrKK

D/AlipayPush_e( 5056): [IntentService[RecvMsgIntentService]]getDeleteIntent 1 noticeId=-2125248697, msgId=_Nv6yrKK

I/AlipayPush_e( 5056): [IntentService[RecvMsgIntentService]]showMsg() mergeCount=0 isRich=false

D/AlipayPush_e( 5056): [IntentService[RecvMsgIntentService]]getRemoteViews pkgName=com.eg.android.AlipayGphoneRC

D/AlipayPush_e( 5056): [IntentService[RecvMsgIntentService]]getRemoteViews VERSION.SDK=19

I/AlipayPush_e( 5056): [IntentService[RecvMsgIntentService]]notificationManager() notify is called!

W/System.err(15839): Failed to parse Enable, this will cause platform QQ always be enable

V/AudioPolicyManagerBase(  349): stopOutput() output 2, stream 5, session 3213

V/AudioPolicyManagerBase(  349): changeRefCount() stream 5, count 1

V/AudioPolicyManagerBase(  349): releaseOutput() 2

I/MediaPlayer( 1110): It is a Not a DRM RingTone: return NULL

I/MediaPlayer( 1110): path is null

D/RingtoneManager(  910): getActualDefaultRingtoneUri  type    :2

D/RingtoneManager(  910): checkDefaultRingtoneProperUri : InternalMediaAudio uriString not null    type:2

W/System.err(15839): Failed to parse Enable, this will cause platform TencentWeibo always be enable

V/MediaPlayer-JNI( 1110): setDataSourceFD: fd 123

V/MediaPlayer( 1110): setDataSource(123, 0, 576460752303423487)

V/MediaPlayerService(  349): Create new client(1508) from pid 1110, uid 10018, 

V/MediaPlayerService(  349): setDataSource fd=29, offset=0, length=576460752303423487

V/MediaPlayerService(  349): st_dev  = 45847

V/MediaPlayerService(  349): st_mode = 33188

V/MediaPlayerService(  349): st_uid  = 0

V/MediaPlayerService(  349): st_gid  = 0

V/MediaPlayerService(  349): st_size = 25929

V/MediaPlayerService(  349): calculated length = 25929

V/MediaPlayerService(  349): player type = 3

V/AwesomePlayer(  349): setDefault

V/AwesomePlayer(  349): constructor

V/AwesomePlayer(  349): setDefault

V/AwesomePlayer(  349): reset_l()

V/AwesomePlayer(  349): notifyListner_l() msg (8-MEDIA_STOPPED), ext1 (0), ext2 (0)

V/AwesomePlayer(  349): cancelPlayerEvents (keepNotifications=0)

V/AwesomePlayer(  349): mAudioTrackVector clear

V/AwesomePlayer(  349): reset_l() mAudioPlayer successfully deleted

V/AwesomePlayer(  349): mSecMediaClock clear

V/StagefrightPlayer(  349): StagefrightPlayer

V/AwesomePlayer(  349): setListener

V/StagefrightPlayer(  349): initCheck

V/AwesomePlayer(  349): AwesomePlayer running on behalf of uid 10018

V/AudioSink(  349): AudioOutput(3215)

V/AwesomePlayer(  349): setAudioSink

