D/NetworkPolicy(  967): setNetworkTemplateEnable,template rule=1001, enable=true

E/NetworkPolicy(  967): setNetworkTemplateEnabled unexpected template

D/NetworkPolicy(  967): setNetworkTemplateEnable,template rule=1, enable=true

D/NetworkPolicy(  967): setNetworkTemplateEnable,template rule=1, enable=true

E/NetworkStats(  967): problem writing rx/tx stats: 

E/NetworkStats(  967): java.io.IOException: Couldn't create directory /dev/block/mmcblk0p30

E/NetworkStats(  967): 	at com.android.internal.os.AtomicFile.startWrite(AtomicFile.java:74)

E/NetworkStats(  967): 	at com.android.server.net.NetworkStatsService.writeNetworkRxTxStatsLocked(NetworkStatsService.java:1335)

E/NetworkStats(  967): 	at com.android.server.net.NetworkStatsService.performPollLocked(NetworkStatsService.java:1226)

E/NetworkStats(  967): 	at com.android.server.net.NetworkStatsService.performPoll(NetworkStatsService.java:1139)

E/NetworkStats(  967): 	at com.android.server.net.NetworkStatsService.access$700(NetworkStatsService.java:157)

E/NetworkStats(  967): 	at com.android.server.net.NetworkStatsService$10.handleMessage(NetworkStatsService.java:1467)

E/NetworkStats(  967): 	at android.os.Handler.dispatchMessage(Handler.java:98)

E/NetworkStats(  967): 	at android.os.Looper.loop(Looper.java:155)

E/NetworkStats(  967): 	at android.os.HandlerThread.run(HandlerThread.java:61)

D/PMS     (  967): releaseWL(24aba27b): PARTIAL_WAKE_LOCK  NetworkStats 0x1 null

D/ConnectivityService(  967): setPolicyEnable(0, true, DATA_USAGE) -  (967/1000)

D/ConnectivityService(  967): setPolicyEnable(6, true, DATA_USAGE) -  (967/1000)

D/NetworkPolicy(  967): setNetworkTemplateEnable,template rule=1002, enable=true

E/NetworkPolicy(  967): setNetworkTemplateEnabled unexpected template

D/NetworkPolicy(  967): setNetworkTemplateEnable,template rule=1001, enable=true

E/NetworkPolicy(  967): setNetworkTemplateEnabled unexpected template

D/NetworkPolicy(  967): setNetworkTemplateEnable,template rule=1, enable=true

D/NetworkPolicy(  967): setNetworkTemplateEnable,template rule=1002, enable=true

E/NetworkPolicy(  967): setNetworkTemplateEnabled unexpected template

D/NetworkPolicy(  967): setNetworkTemplateEnable,template rule=1002, enable=true

E/NetworkPolicy(  967): setNetworkTemplateEnabled unexpected template

D/NetworkPolicy(  967): setNetworkTemplateEnable,template rule=1, enable=true

D/NetworkPolicy(  967): setNetworkTemplateEnable,template rule=4, enable=true

D/ConnectivityService(  967): setPolicyEnable(1, true, DATA_USAGE) -  (967/1000)

V/NetworkPolicy(  967): updateNotificationsLocked()

D/NetworkManagementService(  967): isBandwidthControlEnabled: doneSignal.getCount()= 0

E/NetworkTemplate(  967): matches unknown network template

E/NetworkTemplate(  967): matches unknown network template

E/NetworkTemplate(  967): matches unknown network template

E/NetworkTemplate(  967): matches unknown network template

E/NetworkTemplate(  967): matches unknown network template

E/NetworkTemplate(  967): matches unknown network template

E/NetworkTemplate(  967): matches unknown network template

E/NetworkTemplate(  967): matches unknown network template

E/NetworkTemplate(  967): matches unknown network template

E/NetworkTemplate(  967): matches unknown network template

E/NetworkTemplate(  967): matches unknown network template

E/NetworkTemplate(  967): matches unknown network template

E/NetworkTemplate(  967): matches unknown network template

E/NetworkTemplate(  967): matches unknown network template

E/NetworkTemplate(  967): matches unknown network template

E/NetworkTemplate(  967): matches unknown network template

E/NetworkTemplate(  967): matches unknown network template

E/NetworkTemplate(  967): matches unknown network template

E/NetworkTemplate(  967): matches unknown network template

E/NetworkTemplate(  967): matches unknown network template

E/NetworkTemplate(  967): matches unknown network template

E/NetworkTemplate(  967): matches unknown network template

D/NetworkManagementService(  967): isBandwidthControlEnabled: doneSignal.getCount()= 0

D/NetworkManagementService(  967): isBandwidthControlEnabled: doneSignal.getCount()= 0

E/NetworkTemplate(  967): matches unknown network template

E/NetworkTemplate(  967): matches unknown network template

E/NetworkTemplate(  967): matches unknown network template

E/NetworkTemplate(  967): matches unknown network template

E/NetworkTemplate(  967): matches unknown network template

E/NetworkTemplate(  967): matches unknown network template

E/NetworkTemplate(  967): matches unknown network template

E/NetworkTemplate(  967): matches unknown network template

E/NetworkTemplate(  967): matches unknown network template

E/NetworkTemplate(  967): matches unknown network template

E/NetworkTemplate(  967): matches unknown network template

E/NetworkTemplate(  967): matches unknown network template

E/NetworkTemplate(  967): matches unknown network template

E/NetworkTemplate(  967): matches unknown network template

E/NetworkTemplate(  967): matches unknown network template

E/NetworkTemplate(  967): matches unknown network template

E/NetworkTemplate(  967): matches unknown network template

E/NetworkTemplate(  967): matches unknown network template

E/NetworkTemplate(  967): matches unknown network template

E/NetworkTemplate(  967): matches unknown network template

E/NetworkTemplate(  967): matches unknown network template

E/NetworkTemplate(  967): matches unknown network template

D/NetworkManagementService(  967): isBandwidthControlEnabled: doneSignal.getCount()= 0

E/NetworkTemplate(  967): matches unknown network template

E/NetworkTemplate(  967): matches unknown network template

E/NetworkTemplate(  967): matches unknown network template

E/NetworkTemplate(  967): matches unknown network template

E/NetworkTemplate(  967): matches unknown network template

E/NetworkTemplate(  967): matches unknown network template

E/NetworkTemplate(  967): matches unknown network template

E/NetworkTemplate(  967): matches unknown network template

E/NetworkTemplate(  967): matches unknown network template

E/NetworkTemplate(  967): matches unknown network template

E/NetworkTemplate(  967): matches unknown network template

E/NetworkTemplate(  967): matches unknown network template

E/NetworkTemplate(  967): matches unknown network template

E/NetworkTemplate(  967): matches unknown network template

E/NetworkTemplate(  967): matches unknown network template

E/NetworkTemplate(  967): matches unknown network template

E/NetworkTemplate(  967): matches unknown network template

E/NetworkTemplate(  967): matches unknown network template

E/NetworkTemplate(  967): matches unknown network template

E/NetworkTemplate(  967): matches unknown network template

E/NetworkTemplate(  967): matches unknown network template

E/NetworkTemplate(  967): matches unknown network template

D/NetworkManagementService(  967): isBandwidthControlEnabled: doneSignal.getCount()= 0

E/NetworkTemplate(  967): matches unknown network template

E/NetworkTemplate(  967): matches unknown network template

E/NetworkTemplate(  967): matches unknown network template

E/NetworkTemplate(  967): matches unknown network template

E/NetworkTemplate(  967): matches unknown network template

E/NetworkTemplate(  967): matches unknown network template

E/NetworkTemplate(  967): matches unknown network template

E/NetworkTemplate(  967): matches unknown network template

E/NetworkTemplate(  967): matches unknown network template

E/NetworkTemplate(  967): matches unknown network template

E/NetworkTemplate(  967): matches unknown network template

E/NetworkTemplate(  967): matches unknown network template

E/NetworkTemplate(  967): matches unknown network template

E/NetworkTemplate(  967): matches unknown network template

E/NetworkTemplate(  967): matches unknown network template

E/NetworkTemplate(  967): matches unknown network template

E/NetworkTemplate(  967): matches unknown network template

E/NetworkTemplate(  967): matches unknown network template

E/NetworkTemplate(  967): matches unknown network template

E/NetworkTemplate(  967): matches unknown network template

E/NetworkTemplate(  967): matches unknown network template

E/NetworkTemplate(  967): matches unknown network template

D/NetworkManagementService(  967): isBandwidthControlEnabled: doneSignal.getCount()= 0

E/NetworkTemplate(  967): matches unknown network template

E/NetworkTemplate(  967): matches unknown network template

E/NetworkTemplate(  967): matches unknown network template

E/NetworkTemplate(  967): matches unknown network template

E/NetworkTemplate(  967): matches unknown network template

E/NetworkTemplate(  967): matches unknown network template

E/NetworkTemplate(  967): matches unknown network template

E/NetworkTemplate(  967): matches unknown network template

E/NetworkTemplate(  967): matches unknown network template

E/NetworkTemplate(  967): matches unknown network template

E/NetworkTemplate(  967): matches unknown network template

E/NetworkTemplate(  967): matches unknown network template

E/NetworkTemplate(  967): matches unknown network template

E/NetworkTemplate(  967): matches unknown network template

E/NetworkTemplate(  967): matches unknown network template

E/NetworkTemplate(  967): matches unknown network template

E/NetworkTemplate(  967): matches unknown network template

E/NetworkTemplate(  967): matches unknown network template

E/NetworkTemplate(  967): matches unknown network template

E/NetworkTemplate(  967): matches unknown network template

E/NetworkTemplate(  967): matches unknown network template

E/NetworkTemplate(  967): matches unknown network template

V/AlarmManager(  967): sending alarm PendingIntent{1fe4304b: PendingIntentRecord{3fe19a28 air.fyzb3 broadcastIntent}}, i=fyzb.alam.action, t=3, cnt=1, w=155909058, Int=60000

V/AlarmManager(  967): sending alarm PendingIntent{12f70341: PendingIntentRecord{1b7060e6 air.fyzb3 broadcastIntent}}, i=AlarmTaskSchedule.air.fyzb3, t=0, cnt=1, w=1450263570008, Int=0

D/PMS     (  967): acquireWL(4438627): PARTIAL_WAKE_LOCK  encrypted_tag 0x1 25384 10157 null

D/PMS     (  967): releaseWL(4438627): PARTIAL_WAKE_LOCK  encrypted_tag 0x1 null

D/PMS     (  967): acquireWL(cca30d4): PARTIAL_WAKE_LOCK  encrypted_tag 0x1 25384 10157 null

D/PMS     (  967): releaseWL(cca30d4): PARTIAL_WAKE_LOCK  encrypted_tag 0x1 null

D/PMS     (  967): acquireWL(24ef927d): PARTIAL_WAKE_LOCK  encrypted_tag 0x1 25384 10157 null

D/PMS     (  967): releaseWL(24ef927d): PARTIAL_WAKE_LOCK  encrypted_tag 0x1 null

D/PMS     (  967): acquireWL(251a572): PARTIAL_WAKE_LOCK  encrypted_tag 0x1 25384 10157 null

D/PMS     (  967): releaseWL(251a572): PARTIAL_WAKE_LOCK  encrypted_tag 0x1 null

D/PMS     (  967): acquireWL(5585dc3): PARTIAL_WAKE_LOCK  encrypted_tag 0x1 25384 10157 null

D/PMS     (  967): releaseWL(5585dc3): PARTIAL_WAKE_LOCK  encrypted_tag 0x1 null

D/PMS     (  967): acquireWL(3b038640): PARTIAL_WAKE_LOCK  encrypted_tag 0x1 25384 10157 null

D/PMS     (  967): releaseWL(3b038640): PARTIAL_WAKE_LOCK  encrypted_tag 0x1 null

D/PMS     (  967): acquireWL(8e7d979): PARTIAL_WAKE_LOCK  encrypted_tag 0x1 25384 10157 null

D/PMS     (  967): releaseWL(8e7d979): PARTIAL_WAKE_LOCK  encrypted_tag 0x1 null

D/PMS     (  967): acquireWL(1b90a6be): PARTIAL_WAKE_LOCK  encrypted_tag 0x1 25384 10157 null

D/PMS     (  967): releaseWL(1b90a6be): PARTIAL_WAKE_LOCK  encrypted_tag 0x1 null

D/PMS     (  967): acquireWL(459131f): PARTIAL_WAKE_LOCK  encrypted_tag 0x1 25384 10157 null

D/PMS     (  967): releaseWL(459131f): PARTIAL_WAKE_LOCK  encrypted_tag 0x1 null

W/ContextImpl(  967): Calling a method in the system process without a qualified user: android.app.ContextImpl.sendBroadcast:1459 com.android.server.wifi.WifiStateMachine.sendDongleScanResultsAvailableBroadcast:14114 com.android.server.wifi.WifiStateMachine.handleMediaLinkEvent:14279 com.android.server.wifi.WifiStateMachine.access$5800:265 com.android.server.wifi.WifiStateMachine$SupplicantStartedState.processMessage:8070 

V/AlarmManager(  967): sending alarm PendingIntent{26bac66c: PendingIntentRecord{1b7060e6 air.fyzb3 broadcastIntent}}, i=AlarmTaskSchedule.air.fyzb3, t=0, cnt=1, w=1450263571227, Int=0

D/PMS     (  967): acquireWL(9839435): PARTIAL_WAKE_LOCK  encrypted_tag 0x1 25384 10157 null

D/PMS     (  967): releaseWL(9839435): PARTIAL_WAKE_LOCK  encrypted_tag 0x1 null

D/PMS     (  967): acquireWL(3a2c70ca): PARTIAL_WAKE_LOCK  encrypted_tag 0x1 25384 10157 null

D/PMS     (  967): releaseWL(3a2c70ca): PARTIAL_WAKE_LOCK  encrypted_tag 0x1 null

D/PMS     (  967): acquireWL(1585c23b): PARTIAL_WAKE_LOCK  encrypted_tag 0x1 25384 10157 null

D/PMS     (  967): releaseWL(1585c23b): PARTIAL_WAKE_LOCK  encrypted_tag 0x1 null

D/PMS     (  967): acquireWL(1fc3dd58): PARTIAL_WAKE_LOCK  encrypted_tag 0x1 25384 10157 null

D/PMS     (  967): releaseWL(1fc3dd58): PARTIAL_WAKE_LOCK  encrypted_tag 0x1 null

D/PMS     (  967): acquireWL(3de63eb1): PARTIAL_WAKE_LOCK  encrypted_tag 0x1 25384 10157 null

D/PMS     (  967): releaseWL(3de63eb1): PARTIAL_WAKE_LOCK  encrypted_tag 0x1 null

D/PMS     (  967): acquireWL(3008cf96): PARTIAL_WAKE_LOCK  encrypted_tag 0x1 25384 10157 null

D/PMS     (  967): releaseWL(3008cf96): PARTIAL_WAKE_LOCK  encrypted_tag 0x1 null

D/PMS     (  967): acquireWL(7044717): PARTIAL_WAKE_LOCK  encrypted_tag 0x1 25384 10157 null

D/PMS     (  967): releaseWL(7044717): PARTIAL_WAKE_LOCK  encrypted_tag 0x1 null

D/PMS     (  967): acquireWL(1d457704): PARTIAL_WAKE_LOCK  encrypted_tag 0x1 25384 10157 null

D/PMS     (  967): releaseWL(1d457704): PARTIAL_WAKE_LOCK  encrypted_tag 0x1 null

D/PMS     (  967): acquireWL(31ef14ed): PARTIAL_WAKE_LOCK  encrypted_tag 0x1 25384 10157 null

D/WifiService(  967): acquireWifiLockLocked: WifiLock{gt_wifi_lock type=1 binder=android.os.BinderProxy@29923b6e}

D/PMS     (  967): releaseWL(31ef14ed): PARTIAL_WAKE_LOCK  encrypted_tag 0x1 null

D/PMS     (  967): acquireWL(2673020f): PARTIAL_WAKE_LOCK  encrypted_tag 0x1 25384 10157 null

D/PMS     (  967): releaseWL(2673020f): PARTIAL_WAKE_LOCK  encrypted_tag 0x1 null

D/PMS     (  967): acquireWL(1032a29c): PARTIAL_WAKE_LOCK  encrypted_tag 0x1 25384 10157 null

D/PMS     (  967): releaseWL(1032a29c): PARTIAL_WAKE_LOCK  encrypted_tag 0x1 null

D/PMS     (  967): acquireWL(33c2f4a5): PARTIAL_WAKE_LOCK  encrypted_tag 0x1 25384 10157 null

D/PMS     (  967): releaseWL(33c2f4a5): PARTIAL_WAKE_LOCK  encrypted_tag 0x1 null

D/PMS     (  967): acquireWL(d2aa07a): PARTIAL_WAKE_LOCK  encrypted_tag 0x1 25384 10157 null

D/PMS     (  967): releaseWL(d2aa07a): PARTIAL_WAKE_LOCK  encrypted_tag 0x1 null

D/PMS     (  967): acquireWL(3067b02b): PARTIAL_WAKE_LOCK  encrypted_tag 0x1 25384 10157 null

D/PMS     (  967): releaseWL(3067b02b): PARTIAL_WAKE_LOCK  encrypted_tag 0x1 null

D/PMS     (  967): acquireWL(20154c88): PARTIAL_WAKE_LOCK  encrypted_tag 0x1 25384 10157 null

D/PMS     (  967): releaseWL(20154c88): PARTIAL_WAKE_LOCK  encrypted_tag 0x1 null

D/WifiService(  967): releaseMulticastLock pid=24805, uid=10005

D/WifiService(  967): removeMulticasterLocked

D/PMS     (  967): releaseWL(13cd71a0): PARTIAL_WAKE_LOCK  WakerLock:870050988 0x1 null

D/WifiDisplayAdapter(  967): getWifiDisplayStatusLocked: result=WifiDisplayStatus{featureState=3, scanState=0, activeDisplayState=0, activeDisplay=null, displays=[], sessionInfo=WifiDisplaySessionInfo:

D/WifiDisplayAdapter(  967):     Client/Owner: Client

D/WifiDisplayAdapter(  967):     GroupId: 

D/WifiDisplayAdapter(  967):     Passphrase: 

D/WifiDisplayAdapter(  967):     SessionId: 0

D/WifiDisplayAdapter(  967):     IP Address: }

D/PMS     (  967): releaseWL(1452ddce): PARTIAL_WAKE_LOCK  WakerLock:805321783 0x1 null

D/PMS     (  967): acquireWL(1f933621): PARTIAL_WAKE_LOCK  LocationManagerService 0x1 967 1000 WorkSource{10056 com.htc.sense.hsp}

D/PMS     (  967): releaseWL(1f933621): PARTIAL_WAKE_LOCK  LocationManagerService 0x1 WorkSource{10056 com.htc.sense.hsp}

D/PMS     (  967): acquireWL(ab24a46): PARTIAL_WAKE_LOCK  LocationManagerService 0x1 967 1000 WorkSource{1000 android}

D/PMS     (  967): acquireWL(18af2407): PARTIAL_WAKE_LOCK  LocationManagerService 0x1 967 1000 WorkSource{10009 android.htc.china.location.service}

D/PMS     (  967): acquireWL(3f6a934): PARTIAL_WAKE_LOCK  LocationManagerService 0x1 967 1000 WorkSource{10056 com.htc.sense.hsp}

D/QMI_FW  (  967): QCCI: QMI_CCI_TX: cntl_flag - 00, txn_id - 1551, msg_id - 0039, msg_len - 0021

D/PMS     (  967): releaseWL(18af2407): PARTIAL_WAKE_LOCK  LocationManagerService 0x1 WorkSource{10009 android.htc.china.location.service}

D/QMI_FW  (  967): QCCI: QMUXD: xport_send[1 -> 16]: 40 bytes on conn_id=9

D/PMS     (  967): releaseWL(ab24a46): PARTIAL_WAKE_LOCK  LocationManagerService 0x1 WorkSource{1000 android}

D/PMS     (  967): releaseWL(3f6a934): PARTIAL_WAKE_LOCK  LocationManagerService 0x1 WorkSource{10056 com.htc.sense.hsp}

D/QMI_FW  (  967): QCCI: QMUXD: xport_rx[1 <- 16]: 14 bytes on conn_id: 9

D/QMI_FW  (  967): QCCI: QMI_CCI_RX: cntl_flag - 02, txn_id - 1551, msg_id - 0039, msg_len - 0007

D/QMI_FW  (  967): QCCI: QMUXD: xport_rx[1 <- 16]: 14 bytes on conn_id: 9

D/QMI_FW  (  967): QCCI: QMI_CCI_RX: cntl_flag - 04, txn_id - 0000, msg_id - 0039, msg_len - 0007

D/PMS     (  967): releaseWL(1721dbe8): PARTIAL_WAKE_LOCK  WakerLock:466564758 0x1 null

D/PMS     (  967): releaseWL(27db8201): PARTIAL_WAKE_LOCK  WakerLock:1041602849 0x1 null

--------- beginning of main

D/MtpDatabase(15786): [USBF] queryFileById.mCache:size=17

D/MtpDatabase(15786): [USBF] queryFileById.mCache:size=17

D/MtpDatabase(15786): [USBF] queryObjectInfoCache.mCache:Count=1

D/MtpPropertyGroup(15786): [USBF] getPropertyList.length: 1

D/MtpDatabase(15786): [USBF] queryFileById.mCache:size=18

D/MtpPropertyGroup(15786): [USBF] getPropertyList.length: 30

D/MtpDatabase(15786): [USBF] queryFileById.mCache:size=18

D/MtpDatabase(15786): [USBF] queryFileById.mCache:size=18

D/MtpDatabase(15786): [USBF] queryObjectInfoCache.mCache:Count=1

D/MtpPropertyGroup(15786): [USBF] getPropertyList.length: 1

D/MtpDatabase(15786): [USBF] queryFileById.mCache:size=19

D/MtpPropertyGroup(15786): [USBF] getPropertyList.length: 30

D/MtpDatabase(15786): [USBF] queryFileById.mCache:size=19

D/MtpDatabase(15786): [USBF] queryFileById.mCache:size=19

D/MtpDatabase(15786): [USBF] queryObjectInfoCache.mCache:Count=1

D/MtpPropertyGroup(15786): [USBF] getPropertyList.length: 1

D/MtpDatabase(15786): [USBF] queryFileById.mCache:size=20

D/MtpPropertyGroup(15786): [USBF] getPropertyList.length: 30

V/AlarmManager(  967): sending alarm PendingIntent{204a08c8: PendingIntentRecord{20e2dd61 com.tencent.mm broadcastIntent}}, i=null, t=0, cnt=1, w=1450263574939, Int=900000

V/AlarmManager(  967): sending alarm PendingIntent{358539b5: PendingIntentRecord{384ce84a com.tencent.mm broadcastIntent}}, i=com.tencent.mm.TrafficStatsReceiver, t=3, cnt=1, w=155919672, Int=300000

V/AlarmManager(  967): sending alarm PendingIntent{903b2a5: PendingIntentRecord{79f867a android broadcastIntent}}, i=com.android.server.WifiManager.action.START_SCAN, t=1, cnt=1, w=1450263573802, Int=20000

D/MtpDatabase(15786): [USBF] queryObjectInfoCache.mCache:Count=1

D/MtpPropertyGroup(15786): [USBF] getPropertyList.length: 1

D/MtpDatabase(15786): [USBF] queryFileById.mCache:size=21

D/MtpPropertyGroup(15786): [USBF] getPropertyList.length: 30

D/MtpDatabase(15786): [USBF] queryObjectInfoCache.mCache:Count=1

D/MtpPropertyGroup(15786): [USBF] getPropertyList.length: 1

D/MtpDatabase(15786): [USBF] queryFileById.mCache:size=22

D/MtpPropertyGroup(15786): [USBF] getPropertyList.length: 30

D/MtpDatabase(15786): [USBF] queryObjectInfoCache.mCache:Count=1

D/MtpPropertyGroup(15786): [USBF] getPropertyList.length: 1

D/MtpDatabase(15786): [USBF] queryFileById.mCache:size=23

D/MtpPropertyGroup(15786): [USBF] getPropertyList.length: 30

D/MtpDatabase(15786): [USBF] queryObjectInfoCache.mCache:Count=1

D/MtpPropertyGroup(15786): [USBF] getPropertyList.length: 1

D/MtpDatabase(15786): [USBF] queryFileById.mCache:size=26

D/MtpPropertyGroup(15786): [USBF] getPropertyList.length: 30

D/MtpDatabase(15786): [USBF] queryObjectInfoCache.mCache:Count=1

D/MtpPropertyGroup(15786): [USBF] getPropertyList.length: 1

D/MtpDatabase(15786): [USBF] queryFileById.mCache:size=27

D/MtpPropertyGroup(15786): [USBF] getPropertyList.length: 30

D/MtpDatabase(15786): [USBF] queryFileById.mCache:size=27

D/MtpDatabase(15786): [USBF] queryFileById.mCache:size=27

D/MtpDatabase(15786): [USBF] queryFileById.mCache:size=27

D/MtpDatabase(15786): [USBF] queryFileById.mCache:size=27

D/MtpDatabase(15786): [USBF] queryFileById.mCache:size=27

D/MtpDatabase(15786): [USBF] queryFileById.mCache:size=27

D/MtpDatabase(15786): [USBF] queryFileById.mCache:size=27

D/MtpDatabase(15786): [USBF] queryFileById.mCache:size=27

D/MtpDatabase(15786): [USBF] queryFileById.mCache:size=27

D/MtpDatabase(15786): [USBF] queryFileById.mCache:size=27

D/MtpDatabase(15786): [USBF] queryFileById.mCache:size=27

D/MtpDatabase(15786): [USBF] queryFileById.mCache:size=27

D/MtpDatabase(15786): [USBF] queryFileById.mCache:size=27

D/MtpDatabase(15786): [USBF] queryFileById.mCache:size=27

D/MtpDatabase(15786): [USBF] queryFileById.mCache:size=27

E/WifiTrafficPoller(  967): TRAFFIC_STATS_POLL true Token 944 num clients 27

E/WifiTrafficPoller(  967):  packet count Tx=458094 Rx=628810

D/MtpDatabase(15786): [USBF] queryFileById.mCache:size=27

D/MediaProvider(15786): [delete][1996]#95#

W/ActivityManager(  967): getTasks: caller 10183 does not hold GET_TASKS; limiting output

W/ActivityManager(  967): getTasks: caller 10183 does not hold GET_TASKS; limiting output

I/art     (  967): Explicit concurrent mark sweep GC freed 40515(2MB) AllocSpace objects, 2(30KB) LOS objects, 33% free, 32MB/48MB, paused 1.983ms total 218.220ms

D/MtpDatabase(15786): [USBF] queryObjectInfoCache.mCache:Count=0

D/MtpDatabase(15786): [USBF] queryObjectInfoCache.mCache:Count=0

D/MtpDatabase(15786): [USBF] queryObjectInfoCache.mCache:Count=0

D/MtpDatabase(15786): [USBF] queryObjectInfoCache.mCache:Count=0

I/ActivityManager(  967): Waited long enough for: ServiceRecord{3931a206 u0 com.qiyi.video/org.qiyi.android.plugin.ipc.IPCService}

I/ActivityManager(  967): Resuming delayed broadcast

I/ActivityManager(  967): Delay finish: air.fyzb3/com.igexin.getuiext.service.PayloadReceiver

D/MtpDatabase(15786): [USBF] queryObjectInfoCache.mCache:Count=0

D/MtpDatabase(15786): [USBF] queryObjectInfoCache.mCache:Count=0

E/WifiStateMachine(  967): handleMessage: E msg.what=131155

E/WifiStateMachine(  967): processMsg: ConnectedState

E/WifiStateMachine(  967):  ConnectedState !CMD_RSSI_POLL 240 0 "alibaba-inc" 1c:aa:07:f5:96:bf rssi=-50 f=5785 sc=60 link=72 tx=622.8, 0.0, 0.0  rx=129.6 bcn=0 [on:0 tx:0 rx:0 period:2614] from screen [on:0 period:-1435369039] gl rssi=-50 ag=0 hr ticks 1,3,32 ls-=0 [56,56,60,60,65] brc=0 lrc=0

E/WifiStateMachine(  967): processMsg: L2ConnectedState

E/WifiStateMachine(  967):  L2ConnectedState !CMD_RSSI_POLL 240 0 "alibaba-inc" 1c:aa:07:f5:96:bf rssi=-50 f=5785 sc=60 link=72 tx=622.8, 0.0, 0.0  rx=129.6 bcn=0 [on:0 tx:0 rx:0 period:1] from screen [on:0 period:-1435369038] gl rssi=-50 ag=0 hr ticks 1,3,32 ls-=0 [56,56,60,60,65] brc=0 lrc=0

E/WifiStateMachine(  967):  get link layer stats 0

W/WifiHW  (  967): QCOM Debug wifi_send_command "IFNAME=wlan0 SIGNAL_POLL"

D/wpa_supplicant( 8936): wlan0: Control interface command 'SIGNAL_POLL'

I/ActivityManager(  967): Resuming delayed broadcast

D/MtpDatabase(15786): [USBF] queryObjectInfoCache.mCache:Count=0

I/wpa_supplicant( 8936): environment dirty rate=4 [433][20][0]

E/WifiStateMachine(  967): fetchRssiLinkSpeedAndFrequencyNative RSSI = -51 abnormalRssiCnt = 0 newLinkSpeed = 72

E/WifiStateMachine(  967): fetchRssiLinkSpeedAndFrequencyNative rssi=-51 linkspeed=72

E/WifiConfigStore(  967): updateConfiguration freq=5785 BSSID=1c:aa:07:f5:96:bf RSSI=-50 "alibaba-inc"WPA_EAP

E/WifiStateMachine(  967): calculateWifiScore freq=5785 speed=72 score=60 highRSSI  -> txbadrate=0.00 txgoodrate=311.40 txretriesrate=0.00 rxrate=77.79 userTriggerdPenalty0

E/WifiStateMachine(  967):  good link -> stuck count =0

E/WifiStateMachine(  967):  badRSSI count0 lowRSSI count0 --> score 60

E/WifiStateMachine(  967):  isHighRSSI       ---> score=65

D/MtpDatabase(15786): [USBF] queryObjectInfoCache.mCache:Count=0

D/WifiWatchdogStateMachine(  967): RSSI current: 3 new: -51, 3

E/WifiStateMachine(  967): handleMessage: X

I/ActivityManager(  967): Start proc com.kingsoft for broadcast com.kingsoft/.receiver.mipushMessageReceiver: pid=25586 uid=10295 gids={50295, 9997, 3003, 1028, 1015} abi=armeabi-v7a

I/ActivityManager(  967): Waited long enough for: ServiceRecord{27061e1d u0 com.qiyi.video/org.qiyi.android.plugin.ipc.IPCService1}

D/MtpDatabase(15786): [USBF] queryObjectInfoCache.mCache:Count=0

D/MtpDatabase(15786): [USBF] queryObjectInfoCache.mCache:Count=0

D/MtpDatabase(15786): [USBF] queryObjectInfoCache.mCache:Count=0

D/MtpDatabase(15786): [USBF] queryObjectInfoCache.mCache:Count=0

E/Typeface(25586): SANS_LOC file not found.

D/MtpDatabase(15786): [USBF] queryObjectInfoCache.mCache:Count=0

D/MtpDatabase(15786): [USBF] queryObjectInfoCache.mCache:Count=0

V/V7_KApp (25586): initSearchEngine:start

V/V7_KApp (25586): initSearchEngine:start database opened!

D/MtpDatabase(15786): [USBF] queryObjectInfoCache.mCache:Count=0

D/MtpDatabase(15786): [USBF] queryObjectInfoCache.mCache:Count=0

D/HtcWifiControlRoamOffload: (  967): Receive mPhoneStateListener

D/HtcWifiControlRoamOffload: (  967): Receive mPhoneStateListener, getGsmSignalStrength17

I/KSO_STAT(25586): Init KSOStatActivityLifecycleCallbacks success

I/KSO_STAT(25586): Init kso stat success!

D/MtpDatabase(15786): [USBF] queryObjectInfoCache.mCache:Count=0

I/System.out(25586): 1444

I/System.out(25586): 2888

I/System.out(25586): 4332

I/System.out(25586): 5776

I/System.out(25586): 7220

I/System.out(25586): 8664

I/System.out(25586): 10108

I/System.out(25586): 10973

D/MtpDatabase(15786): [USBF] queryObjectInfoCache.mCache:Count=0

I/lh      (25586): jobIntent is not null

I/ActivityManager(  967): Start proc com.yunos.tvhelper:push for service com.yunos.tvhelper/.TaobaoIntentService: pid=25614 uid=10158 gids={50158, 9997, 3003, 1028, 1015, 3002} abi=armeabi

I/ActivityManager(  967): Delay finish: com.yunos.tvhelper/com.taobao.agoo.RegistrationReceiver

D/MtpDatabase(15786): [USBF] queryObjectInfoCache.mCache:Count=0

D/DictBean(25586):  create mFile:/storage/emulated/0/powerword/dict/EVoiceData.v00

D/DictBean(25586):  create mFile:/storage/emulated/0/powerword/dict/UVoiceData.v00

D/MtpDatabase(15786): [USBF] queryObjectInfoCache.mCache:Count=0

D/DictBean(25586):  create mFile:/storage/emulated/0/powerword/dict/oxford.db

D/DictBean(25586):  create mFile:/storage/emulated/0/powerword/dict/ecfull.dic

D/DictBean(25586):  create mFile:/storage/emulated/0/powerword/dict/cefull.dic

D/DictBean(25586):  create mFile:/storage/emulated/0/powerword/dict/ec_lj.dic

D/DictBean(25586):  create mFile:/storage/emulated/0/powerword/dict/ec_cizu.dic

D/DictBean(25586):  create mFile:/storage/emulated/0/powerword/dict/ce_lj.dic

V/xiaomi  (25586): Don't cancel subscribe for all_user is unsubscribed

V/xiaomi  (25586): Don't cancel subscribe for all_user_v7 is unsubscribed

D/DictBean(25586):  create mFile:/storage/emulated/0/powerword/dict/eccg.dic

D/DictBean(25586):  create mFile:/storage/emulated/0/powerword/dict/ec_weiji.dic

I/ActivityManager(  967): Resuming delayed broadcast

I/PushMsgReceiveProcess(24119): PushMsgReceiveProcess_onReceive:[com.yunos.tvhelper.intent.action.COMMAND]

D/ProcessThirdParty(24119): command()[register]

D/DictBean(25586):  create mFile:/storage/emulated/0/powerword/dict/ec_tongfan.dic

D/MtpDatabase(15786): [USBF] queryObjectInfoCache.mCache:Count=0

D/DictBean(25586):  create mFile:/storage/emulated/0/powerword/dict/ee.dic

D/KDMManage(25586): dictLoaction:/storage/emulated/0/powerword/dict/

D/MtpDatabase(15786): [USBF] queryObjectInfoCache.mCache:Count=0

D/KDMManage(25586):   temp.getFileName() :EVoiceData.v00

D/KDMManage(25586):   temp.getFileName() :UVoiceData.v00

D/KDMManage(25586):   temp.getFileName() :oxford.db

D/KDMManage(25586): oxford dict not exist!

D/KDMManage(25586):   temp.getFileName() :ecfull.dic

D/test    (24119): registrationId=AmxRZ_Afe25622rjOnf1SoaOe18AfCgukcvG3nE8P9kB,oldVersion=-966315119,newVersion=-966315119

D/test    (24119): registrationId=AmxRZ_Afe25622rjOnf1SoaOe18AfCgukcvG3nE8P9kB,oldVersion=-966315119,newVersion=-966315119

D/test    (24119): registrationId=AmxRZ_Afe25622rjOnf1SoaOe18AfCgukcvG3nE8P9kB,oldVersion=-966315119,newVersion=-966315119

I/MultiDex(25614): VM with version 2.1.0 has multidex support

I/MultiDex(25614): install

I/MultiDex(25614): VM has multidex support, MultiDex support library is disabled.

E/Typeface(25614): SANS_LOC file not found.

D/MtpDatabase(15786): [USBF] queryObjectInfoCache.mCache:Count=0

D/Process (  967): killProcessQuiet, pid=22946

D/MtpDatabase(15786): [USBF] queryObjectInfoCache.mCache:Count=0

I/TVHelper-25614-T1(25614): [LogEx.java:writeInitLog:243] package name: com.yunos.tvhelper

D/Process (  967): com.android.server.am.ProcessRecord.kill:573 com.android.server.am.ActivityManagerService.updateOomAdjLocked:18850 com.android.server.am.ActivityManagerService.trimApplications:19120 

I/TVHelper-25614-T1(25614): [LogEx.java:writeInitLog:247] version name : 3.0.24, version code: 2100300024

I/TVHelper-25614-T1(25614): [MyApplication.java:onCreate:21][356e7263] hit

I/ActivityManager(  967): Start proc com.yiwang for broadcast com.yiwang/com.umeng.message.UmengBroadcastReceiver: pid=25636 uid=10145 gids={50145, 9997, 3003, 1028, 1015} abi=armeabi-v7a

I/ActivityManager(  967): Killing 22946:com.dangdang.buy2/u0a139 (adj 15): empty #17

D/zip     (25586):  1 path=/storage/emulated/0/powerword/dict/ecfull/info.txt

D/zip     (25586): path=/storage/emulated/0/powerword/dict/ecfull/index.lix

D/zip     (25586):  1 path=/storage/emulated/0/powerword/dict/ecfull/index.lix

D/zip     (25586):  end path=/storage/emulated/0/powerword/dict/ecfull/index.lix

D/zip     (25586):  1 path=/storage/emulated/0/powerword/dict/ecfull/count.idx

V/wmh     (25586): ZipDicInfo:Init zipFilePath=/storage/emulated/0/powerword/dict/ecfull.dic

D/zip     (25586): path=/storage/emulated/0/powerword/dict/ecfull/capword/index.lix

D/zip     (25586):  1 path=/storage/emulated/0/powerword/dict/ecfull/capword/index.lix

D/zip     (25586):  end path=/storage/emulated/0/powerword/dict/ecfull/capword/index.lix

D/zip     (25586):  1 path=/storage/emulated/0/powerword/dict/ecfull/capword/count.idx

D/KDMManage(25586):   temp.getFileName() :cefull.dic

I/ActivityManager(  967): Recipient 22946

D/WifiService(  967): Client connection lost with reason: 4

D/zip     (25586):  1 path=/storage/emulated/0/powerword/dict/cefull/info.txt

D/zip     (25586): path=/storage/emulated/0/powerword/dict/cefull/index.lix

D/zip     (25586):  1 path=/storage/emulated/0/powerword/dict/cefull/index.lix

D/zip     (25586):  end path=/storage/emulated/0/powerword/dict/cefull/index.lix

D/zip     (25586):  1 path=/storage/emulated/0/powerword/dict/cefull/count.idx

V/wmh     (25586): ZipDicInfo:Init zipFilePath=/storage/emulated/0/powerword/dict/cefull.dic

D/zip     (25586): path=/storage/emulated/0/powerword/dict/cefull/capword/index.lix

D/KDMManage(25586):   temp.getFileName() :ec_lj.dic

D/MtpDatabase(15786): [USBF] queryObjectInfoCache.mCache:Count=0

D/MtpDatabase(15786): [USBF] queryObjectInfoCache.mCache:Count=0

D/zip     (25586):  1 path=/storage/emulated/0/powerword/dict/ec_lj/info.txt

D/zip     (25586): path=/storage/emulated/0/powerword/dict/ec_lj/index.lix

D/zip     (25586):  1 path=/storage/emulated/0/powerword/dict/ec_lj/index.lix

D/zip     (25586):  end path=/storage/emulated/0/powerword/dict/ec_lj/index.lix

D/zip     (25586):  1 path=/storage/emulated/0/powerword/dict/ec_lj/count.idx

V/wmh     (25586): ZipDicInfo:Init zipFilePath=/storage/emulated/0/powerword/dict/ec_lj.dic

D/zip     (25586): path=/storage/emulated/0/powerword/dict/ec_lj/capword/index.lix

D/zip     (25586):  1 path=/storage/emulated/0/powerword/dict/ec_lj/capword/index.lix

D/zip     (25586):  end path=/storage/emulated/0/powerword/dict/ec_lj/capword/index.lix

D/zip     (25586):  1 path=/storage/emulated/0/powerword/dict/ec_lj/capword/count.idx

D/KDMManage(25586):   temp.getFileName() :ec_cizu.dic

D/MtpDatabase(15786): [USBF] queryObjectInfoCache.mCache:Count=0

D/zip     (25586):  1 path=/storage/emulated/0/powerword/dict/ec_cizu/info.txt

D/zip     (25586): path=/storage/emulated/0/powerword/dict/ec_cizu/index.lix

D/zip     (25586):  1 path=/storage/emulated/0/powerword/dict/ec_cizu/index.lix

D/zip     (25586):  end path=/storage/emulated/0/powerword/dict/ec_cizu/index.lix

D/zip     (25586):  1 path=/storage/emulated/0/powerword/dict/ec_cizu/count.idx

V/wmh     (25586): ZipDicInfo:Init zipFilePath=/storage/emulated/0/powerword/dict/ec_cizu.dic

D/zip     (25586): path=/storage/emulated/0/powerword/dict/ec_cizu/capword/index.lix

D/zip     (25586):  1 path=/storage/emulated/0/powerword/dict/ec_cizu/capword/index.lix

D/zip     (25586):  end path=/storage/emulated/0/powerword/dict/ec_cizu/capword/index.lix

D/MtpDatabase(15786): [USBF] queryObjectInfoCache.mCache:Count=0

D/zip     (25586):  1 path=/storage/emulated/0/powerword/dict/ec_cizu/capword/count.idx

D/KDMManage(25586):   temp.getFileName() :ce_lj.dic

D/zip     (25586):  1 path=/storage/emulated/0/powerword/dict/ce_lj/info.txt

D/zip     (25586): path=/storage/emulated/0/powerword/dict/ce_lj/index.lix

D/zip     (25586):  1 path=/storage/emulated/0/powerword/dict/ce_lj/index.lix

D/zip     (25586):  end path=/storage/emulated/0/powerword/dict/ce_lj/index.lix

D/zip     (25586):  1 path=/storage/emulated/0/powerword/dict/ce_lj/count.idx

V/wmh     (25586): ZipDicInfo:Init zipFilePath=/storage/emulated/0/powerword/dict/ce_lj.dic

D/zip     (25586): path=/storage/emulated/0/powerword/dict/ce_lj/capword/index.lix

D/zip     (25586):  1 path=/storage/emulated/0/powerword/dict/ce_lj/capword/index.lix

D/MtpDatabase(15786): [USBF] queryObjectInfoCache.mCache:Count=0

D/zip     (25586):  end path=/storage/emulated/0/powerword/dict/ce_lj/capword/index.lix

D/zip     (25586):  1 path=/storage/emulated/0/powerword/dict/ce_lj/capword/count.idx

D/KDMManage(25586):   temp.getFileName() :eccg.dic

D/MtpDatabase(15786): [USBF] queryObjectInfoCache.mCache:Count=0

D/zip     (25586):  1 path=/storage/emulated/0/powerword/dict/eccg/info.txt

D/zip     (25586): path=/storage/emulated/0/powerword/dict/eccg/index.lix

D/zip     (25586):  1 path=/storage/emulated/0/powerword/dict/eccg/index.lix

D/zip     (25586):  end path=/storage/emulated/0/powerword/dict/eccg/index.lix

D/zip     (25586):  1 path=/storage/emulated/0/powerword/dict/eccg/count.idx

V/wmh     (25586): ZipDicInfo:Init zipFilePath=/storage/emulated/0/powerword/dict/eccg.dic

D/zip     (25586): path=/storage/emulated/0/powerword/dict/eccg/capword/index.lix

D/KDMManage(25586):   temp.getFileName() :ec_weiji.dic

D/MtpDatabase(15786): [USBF] queryObjectInfoCache.mCache:Count=0

I/TVHelper-25614-T1(25614): [LegoApp.java:init:22] hit, app env: ONLINE, ver code: 2100300024, ver name: 3.0.24

I/TVHelper-25614-T1(25614): [LegoBundleMgr.java:<init>:54][2730e60] hit

D/MtpDatabase(15786): [USBF] queryObjectInfoCache.mCache:Count=0

D/RongService(24642): onUnbind, pid=24642

D/RongService(24642): onDestroy, pid=24642

D/Process (24642): killProcess, pid=24642

D/Process (24642): io.rong.imlib.ipc.RongService.onDestroy:-1 android.app.ActivityThread.handleStopService:3127 android.app.ActivityThread.access$2200:144 

I/TVHelper-25614-T1(25614): [LegoBundleMgr.java:load:72][2730e60] process name: com.yunos.tvhelper:push

D/MtpDatabase(15786): [USBF] queryObjectInfoCache.mCache:Count=0

D/Process (  967): killProcessQuiet, pid=24642

D/Process (  967): com.android.server.am.ActivityManagerService.appDiedLocked:5094 com.android.server.am.ActivityManagerService$AppDeathRecipient.binderDied:1212 android.os.BinderProxy.sendDeathNotice:559 

I/ActivityManager(  967): Recipient 24642

D/WifiService(  967): Client connection lost with reason: 4

D/zip     (25586):  1 path=/storage/emulated/0/powerword/dict/ec_weiji/info.txt

D/zip     (25586): path=/storage/emulated/0/powerword/dict/ec_weiji/index.lix

D/MtpDatabase(15786): [USBF] queryObjectInfoCache.mCache:Count=0

D/zip     (25586):  1 path=/storage/emulated/0/powerword/dict/ec_weiji/index.lix

D/zip     (25586):  end path=/storage/emulated/0/powerword/dict/ec_weiji/index.lix

D/zip     (25586):  1 path=/storage/emulated/0/powerword/dict/ec_weiji/count.idx

V/wmh     (25586): ZipDicInfo:Init zipFilePath=/storage/emulated/0/powerword/dict/ec_weiji.dic

D/zip     (25586): path=/storage/emulated/0/powerword/dict/ec_weiji/capword/index.lix

D/zip     (25586):  1 path=/storage/emulated/0/powerword/dict/ec_weiji/capword/index.lix

D/zip     (25586):  end path=/storage/emulated/0/powerword/dict/ec_weiji/capword/index.lix

D/zip     (25586):  1 path=/storage/emulated/0/powerword/dict/ec_weiji/capword/count.idx

D/KDMManage(25586):   temp.getFileName() :ec_tongfan.dic

D/MtpDatabase(15786): [USBF] queryObjectInfoCache.mCache:Count=0

I/MultiDex(25636): VM with version 2.1.0 has multidex support

I/MultiDex(25636): install

I/MultiDex(25636): VM has multidex support, MultiDex support library is disabled.

I/MultiDex(25636): install

I/MultiDex(25636): VM has multidex support, MultiDex support library is disabled.

D/zip     (25586):  1 path=/storage/emulated/0/powerword/dict/ec_tongfan/info.txt

D/zip     (25586): path=/storage/emulated/0/powerword/dict/ec_tongfan/index.lix

D/zip     (25586):  1 path=/storage/emulated/0/powerword/dict/ec_tongfan/index.lix

D/zip     (25586):  end path=/storage/emulated/0/powerword/dict/ec_tongfan/index.lix

D/zip     (25586):  1 path=/storage/emulated/0/powerword/dict/ec_tongfan/count.idx

V/wmh     (25586): ZipDicInfo:Init zipFilePath=/storage/emulated/0/powerword/dict/ec_tongfan.dic

D/MtpDatabase(15786): [USBF] queryObjectInfoCache.mCache:Count=0

D/zip     (25586): path=/storage/emulated/0/powerword/dict/ec_tongfan/capword/index.lix

D/zip     (25586):  1 path=/storage/emulated/0/powerword/dict/ec_tongfan/capword/index.lix

D/zip     (25586):  end path=/storage/emulated/0/powerword/dict/ec_tongfan/capword/index.lix

D/zip     (25586):  1 path=/storage/emulated/0/powerword/dict/ec_tongfan/capword/count.idx

D/KDMManage(25586):   temp.getFileName() :ee.dic

I/TVHelper-25614-T1(25614): [SecurityGuard.java:<init>:51][2ec0603] hit

D/MtpDatabase(15786): [USBF] queryObjectInfoCache.mCache:Count=0

D/MtpDatabase(15786): [USBF] queryObjectInfoCache.mCache:Count=0

W/linker  (25614): libsecuritysdk-2.6.22.so has text relocations. This is wasting memory and prevents security hardening. Please fix.

W/linker  (25614): libsecuritysdkx-2.6.22.so has text relocations. This is wasting memory and prevents security hardening. Please fix.

D/MtpDatabase(15786): [USBF] queryObjectInfoCache.mCache:Count=0

D/MtpDatabase(15786): [USBF] queryObjectInfoCache.mCache:Count=0

D/MtpDatabase(15786): [USBF] queryObjectInfoCache.mCache:Count=0

D/MtpDatabase(15786): [USBF] queryObjectInfoCache.mCache:Count=0

E/Typeface(25636): SANS_LOC file not found.

I/ActivityManager(  967): Process com.dangdang.buy2:ipc (pid 24642) has died

D/MtpDatabase(15786): [USBF] queryObjectInfoCache.mCache:Count=0

D/MtpDatabase(15786): [USBF] queryObjectInfoCache.mCache:Count=0

D/MtpDatabase(15786): [USBF] queryObjectInfoCache.mCache:Count=0

D/MtpDatabase(15786): [USBF] queryObjectInfoCache.mCache:Count=0

D/MtpDatabase(15786): [USBF] queryObjectInfoCache.mCache:Count=0

D/MtpDatabase(15786): [USBF] queryObjectInfoCache.mCache:Count=0

D/zip     (25586):  1 path=/storage/emulated/0/powerword/dict/ee/info.txt

D/zip     (25586): path=/storage/emulated/0/powerword/dict/ee/index.lix

D/zip     (25586):  1 path=/storage/emulated/0/powerword/dict/ee/index.lix

D/zip     (25586):  end path=/storage/emulated/0/powerword/dict/ee/index.lix

D/zip     (25586):  1 path=/storage/emulated/0/powerword/dict/ee/count.idx

V/wmh     (25586): ZipDicInfo:Init zipFilePath=/storage/emulated/0/powerword/dict/ee.dic

D/zip     (25586): path=/storage/emulated/0/powerword/dict/ee/capword/index.lix

D/zip     (25586):  1 path=/storage/emulated/0/powerword/dict/ee/capword/index.lix

D/zip     (25586):  end path=/storage/emulated/0/powerword/dict/ee/capword/index.lix

D/zip     (25586):  1 path=/storage/emulated/0/powerword/dict/ee/capword/count.idx

V/V7_KApp (25586): init    mDictGroupList:[, ]

V/V7_KApp (25586): initSearchEngine:end

E/WifiTrafficPoller(  967): TRAFFIC_STATS_POLL true Token 944 num clients 25

E/WifiTrafficPoller(  967):  packet count Tx=458096 Rx=628816

E/WifiTrafficPoller(  967): notifying of data activity 3

I/TVHelper-25614-T1(25614): [SecurityGuard.java:<init>:57][2ec0603] init security guard return 0

I/TVHelper-25614-T1(25614): [SecurityGuard.java:<init>:61][2ec0603] app key: 21563561

D/TVHelper-25614-T1(25614): [LegoBundleMgr.java:loadOneBundle:190][2730e60] load bundle succ: com.yunos.tvhelper.utils.UtilsBu_push

I/TVHelper-25614-T1(25614): [Mtoper.java:mtopsdk_init:171][d1eff5f] hit

D/mtopsdk.TBSdkLog(25614): [setTLogEnabled] tLogEnabled=false

I/art     (  967): Explicit concurrent mark sweep GC freed 9239(539KB) AllocSpace objects, 0(0B) LOS objects, 33% free, 32MB/48MB, paused 1.953ms total 138.501ms

D/MtpDatabase(15786): [USBF] queryObjectInfoCache.mCache:Count=0

D/mtopsdk.Mtop(25614): [init] ttid=null

I/mtopsdk.MtopSDK(25614): [init]ttid=null

D/MtpDatabase(15786): [USBF] queryObjectInfoCache.mCache:Count=0

D/PMS     (  967): releaseWL(163304bc): PARTIAL_WAKE_LOCK  WakerLock:897149497 0x1 null

D/TVHelper-25614-T1(25614): [LegoBundleMgr.java:loadOneBundle:190][2730e60] load bundle succ: com.yunos.tvhelper.support.biz.SupportBizBu_push

I/TVHelper-25614-T1(25614): [LegoBundleMgr.java:load:101][2730e60] process name: com.yunos.tvhelper:push, bundle count: 2

D/PMS     (  967): acquireHCC(2cdd8dcd): CPU_MIN_NUM PrismScroll_2 0x8000 3397 10122 null

D/PMS     (  967): acquireHCC(15180682): CPU_MIN_FREQ PrismScroll_2 0x2000 3397 10122 null

I/PackageManager(  967):  setEnabledSetting(), pkgName=com.kingsoft, clsName=com.xiaomi.push.service.XMPushService, state=1, flag=1, pid=25586, uid=10295, userID:0

D/MtpDatabase(15786): [USBF] queryObjectInfoCache.mCache:Count=0

D/MtpDatabase(15786): [USBF] queryObjectInfoCache.mCache:Count=0

I/mtopsdk.MtopSDK(25614): [init]MtopSDK init Called

I/mtopsdk.MtopSDK(25614): [executeInitCoreTask]MtopSDK initcore start. ttid=null

D/mtopsdk.AsyncServiceBinder(25614): [asyncBind]try to bind service for IXState

E/WifiTrafficPoller(  967): ADD_CLIENT: 26

D/WifiService(  967): New client listening to asynchronous messages

D/MtpDatabase(15786): [USBF] queryObjectInfoCache.mCache:Count=0

D/MtpDatabase(15786): [USBF] queryObjectInfoCache.mCache:Count=0

V/ProxyFactroy(25614): getInstance[base] successfully

D/auth info(25636): mcode: 2D:01:6B:B7:42:B9:71:51:9E:92:72:AD:5B:15:2E:1B:06:E8:E7:81;com.yiwang

D/MtpDatabase(15786): [USBF] queryObjectInfoCache.mCache:Count=0

D/mtopsdk.AsyncServiceBinder(25614): [asyncBind]bind service by service framework

D/mtopsdk.SecuritySignImpl(25614): [init]SecuritySignImpl ISign init.set GlobalAppKey=21563561

D/MtpDatabase(15786): [USBF] queryObjectInfoCache.mCache:Count=0

D/mtopsdk.AsyncServiceBinder(25614): [onServiceConnected] Service connected for IXState

V/Agoo    (25614): agoo_logger_path[/storage/emulated/0/_agoo_log_bin_]

E/db      (25614): into---[initALog]

W/awcn.TLogAdapter(25614): cannot find TLog class.

W/awcn.TLogAdapter(25614): java.lang.ClassNotFoundException: com.taobao.tao.log.TLog

W/awcn.TLogAdapter(25614): 	at java.lang.Class.classForName(Native Method)

W/awcn.TLogAdapter(25614): 	at java.lang.Class.forName(Class.java:308)

W/awcn.TLogAdapter(25614): 	at java.lang.Class.forName(Class.java:272)

W/awcn.TLogAdapter(25614): 	at org.android.agoo.log.TLogAdapter.<clinit>(TLogAdapter.java:22)

W/awcn.TLogAdapter(25614): 	at org.android.agoo.log.ALog.d(ALog.java:42)

W/awcn.TLogAdapter(25614): 	at org.android.agoo.util.ALog.d(ALog.java:23)

W/awcn.TLogAdapter(25614): 	at org.android.agoo.impl.ControlService.onHandleIntent(ControlService.java:713)

W/awcn.TLogAdapter(25614): 	at org.android.agoo.client.BaseIntentService.onHandleIntent(BaseIntentService.java:122)

W/awcn.TLogAdapter(25614): 	at android.app.IntentService$ServiceHandler.handleMessage(IntentService.java:65)

W/awcn.TLogAdapter(25614): 	at android.os.Handler.dispatchMessage(Handler.java:102)

W/awcn.TLogAdapter(25614): 	at android.os.Looper.loop(Looper.java:155)

W/awcn.TLogAdapter(25614): 	at android.os.HandlerThread.run(HandlerThread.java:61)

W/awcn.TLogAdapter(25614): Caused by: java.lang.ClassNotFoundException: Didn't find class "com.taobao.tao.log.TLog" on path: DexPathList[[zip file "/data/app/com.yunos.tvhelper-1/base.apk"],nativeLibraryDirectories=[/data/app/com.yunos.tvhelper-1/lib/arm, /vendor/lib, /system/lib]]

W/awcn.TLogAdapter(25614): 	at dalvik.system.BaseDexClassLoader.findClass(BaseDexClassLoader.java:56)

W/awcn.TLogAdapter(25614): 	at java.lang.ClassLoader.loadClass(ClassLoader.java:511)

W/awcn.TLogAdapter(25614): 	at java.lang.ClassLoader.loadClass(ClassLoader.java:469)

W/awcn.TLogAdapter(25614): 	... 12 more

W/awcn.TLogAdapter(25614): 	Suppressed: java.lang.ClassNotFoundException: com.taobao.tao.log.TLog

W/awcn.TLogAdapter(25614): 		at java.lang.Class.classForName(Native Method)

W/awcn.TLogAdapter(25614): 		at java.lang.BootClassLoader.findClass(ClassLoader.java:781)

W/awcn.TLogAdapter(25614): 		at java.lang.BootClassLoader.loadClass(ClassLoader.java:841)

W/awcn.TLogAdapter(25614): 		at java.lang.ClassLoader.loadClass(ClassLoader.java:504)

W/awcn.TLogAdapter(25614): 		... 13 more

W/awcn.TLogAdapter(25614): 	Caused by: java.lang.NoClassDefFoundError: Class not found using the boot class loader; no stack available

D/agoo.ControlService(25614): [onHandleIntent] onHandleIntent [com.yunos.tvhelper][com.yunos.tvhelper.intent.action.COMMAND]

D/MtpDatabase(15786): [USBF] queryObjectInfoCache.mCache:Count=0

D/MtpDatabase(15786): [USBF] queryObjectInfoCache.mCache:Count=0

D/mtopsdk.SecuritySignImpl(25614): [init]SecuritySignImpl ISign init succeed.init time=34

D/mtopsdk.XStateDelegate(24119): [setValue]set  XstateID succeed,appKey=21563561

D/libc    (25614): [NET] android_getaddrinfofornet+,hn 15(0x61636a732e616c),sn(),hints(known),family 0,flags 4

D/libc    (25614): [NET] android_getaddrinfofornet-, err=8

D/MtpDatabase(15786): [USBF] queryObjectInfoCache.mCache:Count=0

D/libc    (25614): [NET] android_getaddrinfofornet+,hn 15(0x61636a732e616c),sn(),hints(known),family 0,flags 1024

D/libc    (25614): [NET] android_getaddrinfofornet-, pass to proxy

D/libc    (25614): [NET] android_getaddrinfo_proxy+

D/libc    (25614): [NET] android_getaddrinfo_proxy get netid:0

D/libc    (  291): [NET] android_getaddrinfofornet+,hn 15(0x61636a732e616c),sn(),hints(known),family 0,flags 1024

D/libc    (  291): [NET] _dns_getaddrinfo+, netid:287, mark:917791

D/libc    (  291): [NET] _dns_getaddrinfo-, (NS_SUCCESS)

D/libc    (  291): [NET] android_getaddrinfofornet-, SUCCESS

D/libc    (25614): [NET] android_getaddrinfo_proxy-, success

D/MtpDatabase(15786): [USBF] queryObjectInfoCache.mCache:Count=0

W/awcn.TLogAdapter(25614): cannot find TLog class.

W/awcn    (25614):  SessionCenter

I/mtopsdk.MtopSDK(25614): [executeInitCoreTask]MtopSDK initcore end

D/MtpDatabase(15786): [USBF] queryObjectInfoCache.mCache:Count=0

I/mtopsdk.MtopSDK(25614): [executeInitExtraTask]MtopSDK initextra start

D/MtpDatabase(15786): [USBF] queryObjectInfoCache.mCache:Count=0

I/ANet.DnsMgr(25614): HttpDns.getInstance().setHosts(hostList)

D/wswitch.ConfigContainer(25614): [init]ConfigContainer init invoke start

I/wswitch.ConfigContainer(25614): [initAppKeyAndIsPrd] appkey:21563561,EnvModeEnum:ONLINE,isPrd:true

D/MtpDatabase(15786): [USBF] queryObjectInfoCache.mCache:Count=0

W/wswitch.ReceiptUtil(25614): [init] open  Receipt file error.---/data/data/com.yunos.tvhelper/app_wswitch3_21563561_0/receipt.d: open failed: ENOENT (No such file or directory)

I/wswitch.ConfigContainer(25614): [initAppVersion] mAppVersion:3.0.24

I/wswitch.ConfigContainer(25614): [addXcmdListener] add Wswitch Xcmd Listener succeed.

D/MtpDatabase(15786): [USBF] queryObjectInfoCache.mCache:Count=0

I/wswitch.ConfigContainer(25614): [init]init appKey with:21563561,groupNames:[mtopsdk_android_switch, mtopsdk_apicache_blockinfo], ThreadName:MTOPSDK DefaultPool Thread:1

I/mtopsdk.MtopSDK(25614): [initTaoConfigCenter] initconfigcenter  parameter:[groupNames=[mtopsdk_android_switch,mtopsdk_apicache_blockinfo,]]

I/mtopsdk.MtopSDK(25614): [initTaoConfigCenter] init configcenter end.

D/mtopsdk.DeviceIDManager(25614): [getDeviceIdFromStore] appkey=21563561; deviceId=AmxRZ_Afe25622rjOnf1SoaOe18AfCgukcvG3nE8P9kB

D/mtopsdk.XStateDelegate(24119): [setValue]set  XstateID succeed,deviceId=AmxRZ_Afe25622rjOnf1SoaOe18AfCgukcvG3nE8P9kB

D/MtpDatabase(15786): [USBF] queryObjectInfoCache.mCache:Count=0

D/MtpDatabase(15786): [USBF] queryObjectInfoCache.mCache:Count=0

I/mtopsdk.SDKConfig(25614): [setGlobalUtdid] utdid=Un2ZrtXBlHIDAIPxYN1Ug5rA

D/mtopsdk.XStateDelegate(24119): [setValue]set  XstateID succeed,utdid=Un2ZrtXBlHIDAIPxYN1Ug5rA

E/WifiTrafficPoller(  967): ADD_CLIENT: 27

D/WifiService(  967): New client listening to asynchronous messages

D/MtpDatabase(15786): [USBF] queryObjectInfoCache.mCache:Count=0

