D/QMI_FW  (  967): QCCI: QMI_CCI_RX: cntl_flag - 04, txn_id - 0000, msg_id - 0039, msg_len - 0007

D/QMI_FW  (  967): QCCI: QMI_CCI_TX: cntl_flag - 00, txn_id - 155b, msg_id - 0039, msg_len - 0021

D/QMI_FW  (  967): QCCI: QMUXD: xport_send[1 -> 16]: 40 bytes on conn_id=9

D/QMI_FW  (  967): QCCI: QMUXD: xport_rx[1 <- 16]: 14 bytes on conn_id: 9

D/QMI_FW  (  967): QCCI: QMI_CCI_RX: cntl_flag - 02, txn_id - 155b, msg_id - 0039, msg_len - 0007

V/CustomizationCIDLoader(25953): full path : /system/customize/CID/default.xml

D/GpsLocationProvider(  967): [reportHTCStatus] eventMask = 2 , status = 0

D/GpsLocationProvider(  967): [reportHTCStatus] INJECT_LOCATION

I/CustomizationCIDLoader(25953): Parsing tag category name = system

D/QMI_FW  (  967): QCCI: QMUXD: xport_rx[1 <- 16]: 14 bytes on conn_id: 9

D/QMI_FW  (  967): QCCI: QMI_CCI_RX: cntl_flag - 04, txn_id - 0000, msg_id - 0039, msg_len - 0007

I/CustomizationCIDLoader(25953): Parsing tag category name = application

I/CustomizationCIDLoader(25953): Parsing tag category name = SettingsProvider

I/CustomizationCIDLoader(25953): Parsing tag category name = Settings

D/PhoneStatusBar( 2788): updateIcon slot=gps index=11 viewIndex=2 old=StatusBarIcon(pkg=com.android.systemuiuser=0 id=0x7f0205f4 level=0 visible=true num=0 ) icon=StatusBarIcon(pkg=com.android.systemuiuser=0 id=0x7f0205f4 level=0 visible=false num=0 ) name=stat_sys_gps_acquiring_anim vis=true >> false

I/CustomizationCIDLoader(25953): Parsing tag category name = AutomotiveHome

I/CustomizationCIDLoader(25953): Parsing tag category name = ACC

I/CustomizationCIDLoader(25953): add string-array item, value = com.htc.launcher/com.htc.feed.local.calendar.CalendarFeedProvider

D/CustomizationManager(25953):  Read CID file spent 0.584 (s)

D/CustomizationManager(25953):  All configurations done spent 0.586 (s)

E/memtrack(25953): Couldn't load memtrack module (No such file or directory)

E/android.os.Debug(25953): failed to load memtrack module: -2

E/ActTriggerJNI(25953): open library fail.

W/art     (25862): Verification of java.lang.Boolean com.d.a.c.k.a() took 194.689ms

D/libc    (25862): [NET] android_getaddrinfofornet+,hn 6,sn(),hints(known),family 0,flags 4

D/libc    (25862): [NET] android_getaddrinfofornet-, err=8

D/libc    (25862): [NET] android_getaddrinfofornet+,hn 6,sn(),hints(known),family 0,flags 1024

D/libc    (25862): [NET] android_getaddrinfofornet-, pass to proxy

D/libc    (25862): [NET] android_getaddrinfo_proxy+

D/libc    (25862): [NET] android_getaddrinfo_proxy get netid:0

D/libc    (  291): [NET] android_getaddrinfofornet+,hn 6,sn(),hints(known),family 0,flags 1024

D/libc    (  291): [NET] _dns_getaddrinfo+, netid:287, mark:917791

D/libc    (  291): [NET] _dns_getaddrinfo-, (NS_SUCCESS)

D/libc    (  291): [NET] android_getaddrinfofornet-, SUCCESS

D/libc    (25862): [NET] android_getaddrinfo_proxy-, success

D/libc    (25862): [NET] android_getaddrinfofornet+,hn 12(0x34322e39362e31),sn(),hints(known),family 0,flags 4

D/libc    (25862): [NET] android_getaddrinfofornet-, SUCCESS

D/ProfileConfig(25953): sharekey reading orig property: ro.htc.sharekey.spkg, value: 

D/ProfileConfig(25953): sharekey reading orig property: ro.htc.sharekey.sact, value: 

D/ProfileConfig(25953): sharekey reading orig property: ro.htc.sharekey.sint, value: 

D/ProfileConfig(25953): share key short press:get default intent - package:com.sina.mfweibo, activity:com.sina.mfweibo.EditActivity, action:

D/ProfileConfig(25953): sharekey reading orig property: ro.htc.sharekey.lpkg, value: 

D/ProfileConfig(25953): sharekey reading orig property: ro.htc.sharekey.lact, value: 

D/ProfileConfig(25953): sharekey reading orig property: ro.htc.sharekey.lint, value: 

D/ProfileConfig(25953): share key long press:get default intent - package:com.sina.mfweibo, activitycom.sina.mfweibo.LookAroundListActivity, action:

I/CrashReport(26014): setLogMode 3 current 4

I/CrashReport(26014): regist start

I/CrashReport(26014): JARJNIVERSION:1

I/CrashReport(26014): found native exception handler!

I/CrashReport(26014): regist native handler

I/CrashReport(26014): set signal stack

W/CrashReport(26014): empty

I/CrashReport(26014): run in arm so

D/UsbnetService(  967): BroadcastReceiver::onReceive+

D/UsbnetService(  967): onReceive BATTERY_CHANGED

I/IntentController( 2788): receive(android.intent.action.BATTERY_CHANGED,1,false)

D/UsbnetService(  967):  --> pluggedType = 2, mPluggedType = 0, mScreenOff = false

D/UsbnetService(  967): BroadcastReceiver::onReceive-

D/WifiController(  967): handleMessage: E msg.what=155652

D/WifiController(  967): processMsg: DeviceActiveState

D/WifiController(  967): processMsg: StaEnabledState

D/WifiController(  967): processMsg: DefaultState

D/WifiController(  967): handleMessage: X

I/CrashReport(26014): NativeMotuVersion:motu.CItest

D/PMS     (  967): acquireWL(db9db6f): PARTIAL_WAKE_LOCK  BatteryServiceUpdateStats_3 0x1 967 1000 null

I/BatteryService(  967): n_update end

D/NotificationService(  967): plugged=true pluggin=true

D/WifiController(  967): battery changed pluggedType: 2

D/HtcPowerSaver(  967): updateBatteryInfo

D/PMS     (  967): runPSCheck

D/HtcPowerSaver(  967): Checking...

I/HtcPowerSaver(  967): >> updateStatus

D/PMS     (  967): releaseWL(db9db6f): PARTIAL_WAKE_LOCK  BatteryServiceUpdateStats_3 0x1 null

I/HtcPowerSaver(  967): updateStatus (8000,81,-1,false,false,false,-1)

I/HtcPowerSaver(  967): << updateStatus

I/art     (  967): Explicit concurrent mark sweep GC freed 32182(1655KB) AllocSpace objects, 1(14KB) LOS objects, 33% free, 32MB/48MB, paused 2.136ms total 276.423ms

E/WifiTrafficPoller(  967): ADD_CLIENT: 32

D/WifiService(  967): New client listening to asynchronous messages

I/BatteryController( 2788): status:2 level:81 unsupport:false plugged:true

D/PowerUI ( 2788): closing low battery warning: level=81

D/PowerUI ( 2788): plugged = true, health = 2, mBatteryLevel = 81, mPluggedBatteryLevel = 81, mLowBatteryWarningLevel2 = 25, mshowLowChargingWarning2 = true

I/UiAutomatorHarbour(25953): 1.1 UiAutomatorHarbour is listening:port=5048

E/WifiTrafficPoller(  967): TRAFFIC_STATS_POLL true Token 944 num clients 32

E/WifiTrafficPoller(  967):  packet count Tx=458175 Rx=629071

D/wswitch.ConfigContainer(25614): [sendDelayConfigSyncRequest] delayConfigSyncTask called

D/wswitch.ConfigStatusUtil(25614): [enqueueIfAbsent]ConfigStatusUtil.enqueueIfAbsent->false ; configId=21563561$0$mtopsdk_android_switch, now=1450263588125, putResult:null, timeout:10000, putResult:null, [(now - putResult)>timeout]=true, ThreadName:CONFIG_CONTAINER

D/wswitch.ConfigStatusUtil(25614): [enqueueIfAbsent]ConfigStatusUtil.enqueueIfAbsent->false ; configId=21563561$0$mtopsdk_apicache_blockinfo, now=1450263588126, putResult:null, timeout:10000, putResult:null, [(now - putResult)>timeout]=true, ThreadName:CONFIG_CONTAINER

I/MultiDex(25994): VM with version 2.1.0 has multidex support

I/MultiDex(25994): install

I/MultiDex(25994): VM has multidex support, MultiDex support library is disabled.

E/Typeface(25994): SANS_LOC file not found.

D/mtopsdk.MtopProxyBase(25614): [seq:MTOP1]|[validateBusinessInit]MtopRequest [ apiName=mtop.auks.mc.synconfig, version=1.0, data={"groups":"[{\"name\":\"mtopsdk_android_switch\"},{\"name\":\"mtopsdk_apicache_blockinfo\"}]","atoken":"144401764","appVersion":"3.0.24"}, needEcode=false, needSession=false]

I/mtopsdk.MtopFeatureManager(25614): [setMtopFeatureFlag] set feature=SUPPORT_RELATIVE_URL , openFlag=true

I/mtopsdk.MtopFeatureManager(25614): [setMtopFeatureFlag] set feature=UNIT_INFO_FEATURE , openFlag=true

I/mtopsdk.MtopTransformImpl(25614): [seq:MTOP1]|[getApiCacheSwitch] apiKey=mtop.auks.mc.synconfig$1.0 apiCacheSwitchOpen=false

I/mtopsdk.MtopTransformImpl(25614): [seq:MTOP1]|[getNetworkInstance]DegradableNetwork apiKey=mtop.auks.mc.synconfig$1.0

D/ANet.NetworkProxy(25614): [seq:MTOP1]|[asyncSend]

I/ANet.NetworkProxy(25614): [tryGetRemoteNetworkInstance] type=DEGRADE

I/ANet.RemoteGetter(25614): [submitTask]

I/ANet.RemoteGetter(25614): [asyncBindService] mContext:com.yunos.tvhelper.MyApplication@356e7263 bBindFailed:false bBinding:false

I/ANet.RemoteGetter(25614): ANet_Service start success.ANet run with service mode

I/ANet.RemoteGetter(25614): [callAll]

I/ANet.RequestTask(25614): [call]

D/ANet.NetworkProxy(25614): [seq:MTOP1]|[call]call request:anetwork.channel.entity.RequestImpl@199d166c

I/ANet.RemoteGetter(25614): [asyncBindService] end

I/ANet.NetworkProxy(25614): [tryGetRemoteNetworkInstance] type=DEGRADE

I/ANet.NetworkService(24119): [get]get type:2

I/wswitch.ConfigDetaiInitRequest(25614): [doSyncAction] appVersion:3.0.24,groupNames:[{"name":"mtopsdk_android_switch"},{"name":"mtopsdk_apicache_blockinfo"}]

I/awcn    (24119):  host:api.m.taobao.com result:[{106.11.52.98:{80 spdy N}}, {106.11.52.98:{8002 spdy N}}, {106.11.52.98:{8003 spdy-ssl N}}, {106.11.52.98:{443 https N}}, {106.11.52.98:{80 http N}}]

I/ANet.DnsMgr(24119): [getDnsInfo]host=api.m.taobao.com, ip=106.11.52.98, supportSpdy=true, spdyPort=80, spdySslPort=8003, spdyExtPort=8002, httpPort=80, httpSslPort=443

I/ANet.DegradableNetworkDegate(24119): [seq:MTOP1]|send request by SPDY. isSsl=false

I/ANet.RequestConfig(24119): [seq:MTOP1]|[initUrl]origUrl=http://api.m.taobao.com/gw/mtop.auks.mc.synconfig/1.0/

I/ANet.AEngine(24119): [seq:MTOP1.ATask3]|[sendSocket]

D/ANet.AEngine(24119): [seq:MTOP1.ATask3]|[sendSocket]**************SPDY-START*******************

D/ANet.AEngine(24119): REQUEST_URL:http://106.11.52.98:80/gw/mtop.auks.mc.synconfig/1.0/

D/ANet.AEngine(24119): REQUEST_CONNECTTIMEOUT:10000

D/ANet.AEngine(24119): REQUEST_READTIMEOUT:12000

D/ANet.AEngine(24119): REQUEST_METHOD:POST

D/ANet.AEngine(24119): REQUEST_HEADER:{m-devid=AmxRZ_Afe25622rjOnf1SoaOe18AfCgukcvG3nE8P9kB, m-nq=WIFI, m-t=1450263588, content-type=application/x-www-form-urlencoded;charset=UTF-8, x-features=3, x-dispatch-version=10.14, User-Agent=MTOPSDK/1.5.1.17 (Android;5.0.2;HTC;HTC 802t), :host=api.m.taobao.com, m-s=460004560687261, Cookie=ALIPAYJSESSIONID=1c6b80d1eb4e075955d02319c17adbee; ucn=unit; WAPFDFDTGFG=%2B4cMKKP%2B8PI%2BNDbwbrHf2lCEI%2FDXfVLA4PHv5DwHw%2FRVzA%3D%3D; uc1=cookie14=UoWzUasvR2tAsQ%3D%3D&cookie21=UtASsssmeW6lpyd%2BB%2B3t&cookie15=URm48syIIVrSKA%3D%3D; uc3=nk2=Cyg8of49f1s%3D&id2=UNaCQRPZt9I%3D&vt3=F8dAScH%2FJ7WdUlOHC80%3D&lg2=UIHiLt3xD8xYTw%3D%3D; skt=fae744afdf206c55; lgc=he_jerry; _cc_=VT5L2FSpdA%3D%3D; t=96a52a2a862fecd93642115acfcc42a3; unb=36528720; _nk_=he_jerry; _l_g_=Ug%3D%3D; cookie1=BvAGdH6WSPPl9bbY7qWveDmK6BO8l2Lzh0tx4K58spU%3D; cookie17=UNaCQRPZt9I%3D; tracknick=he_jerry; sg=y0a; cookie2=1c6b80d1eb4e075955d02319c17adbee; _tb_token_=e5bd3531e7567, m-sid=1c6b80d1eb4e075955d02319c17adbee, x-utdid=Un2ZrtXBlHIDAIPxYN1Ug5rA, m-ttid=tvhelper%40tvhelper_android_1.0.0, m-e=355867053040021, x-cmd-v=0%7C0, m-appkey=21563561, m-pv=4.1, m-sign=ce76b0165899fffde0f53f55a8ad2b461d46f2a2, m-nettype=WIFI}

D/ANet.AEngine(24119): REQUEST_BODY:data=%7B%22groups%22%3A%22%5B%7B%5C%22name%5C%22%3A%5C%22mtopsdk_android_switch%5C%22%7D%2C%7B%5C%22name%5C%22%3A%5C%22mtopsdk_apicache_blockinfo%5C%22%7D%5D%22%2C%22atoken%22%3A%22144401764%22%2C%22appVersion%22%3A%223.0.24%22%7D

D/ANet.AEngine(24119): REQUEST_SSLMODE:false

D/ANet.AEngine(24119): FINISH THREAD NAME: ANet:4 session :org.android.spdy.SpdySession@3ebc4d13

D/ANet.AEngine(24119): ****************SPDY-END*****************

D/MediaProvider(15786): [update][325]#1#

D/NetEasePushService_PushServiceNews_V1(25994): saveLocalIP()...

D/NetEasePushService_FileUtil(25994): getValue()...

D/NetEasePushService_FileUtil(25994): getDataPath()...

D/NetEasePushService_FileUtil(25994): dataFileExists()...

D/NetEasePushService_FileUtil(25994): getDataPath()...

D/NetEasePushService_PushServiceNews_V1(25994): generateClientId()...

W/Settings(25994): Setting android_id has moved from android.provider.Settings.System to android.provider.Settings.Secure, returning read-only value.

I/NetEasePushService_PushServiceNews_V1(25994): client id is: 1450263588391ce2ec144d

I/ANet.ACallback(24119): [seq:MTOP1.ATask3]|[spdyOnStreamResponse]headers{m-bin-length=[108], s-rt=[2], m-retcode=[FAIL_SYS_API_UNAUTHORIZED], cache-control=[no-cache], :status=[200], x-paramkey=[mtop.common.uploadResource], content-type=[application/json;charset=UTF-8], pragma=[no-cache], x-node=[4593472bc434665800974e7a6b4b9391], server=[nginx], date=[Wed, 16 Dec 2015 10:59:49 GMT], :version=[HTTP/1.1], content-length=[108]}

I/ANet.Repeater(24119): [seq:MTOP1.ATask3]|[onResponseCode]

D/ANet.Repeater(24119): [seq:MTOP1.ATask3]|[dispatchCallBack] submit ...anetwork.channel.entity.Repeater$1@368f589a

D/ANet.ParcelableNetworkListenerWrapper(25614): [onResponseCode]ParcelableResponseHeader [responseCode=200, header={s-rt=[2], m-bin-length=[108], cache-control=[no-cache], m-retcode=[FAIL_SYS_API_UNAUTHORIZED], :status=[200], x-paramkey=[mtop.common.uploadResource], pragma=[no-cache], content-type=[application/json;charset=UTF-8], :version=[HTTP/1.1], date=[Wed, 16 Dec 2015 10:59:49 GMT], server=[nginx], x-node=[4593472bc434665800974e7a6b4b9391], content-length=[108]}]

D/NetEasePushService_Utils(25994): generateUUID()...

D/ANet.ACallback(24119): [seq:MTOP1.ATask3]|[spdyDataChunkRecvCB]streamId=3;len=108;fin=false;bGzip=false;index=0;

D/ANet.ACallback(24119): data={"api":"mtop.auks.mc.synconfig","v":"1.0","ret":["FAIL_SYS_API_UNAUTHORIZED::API"],"data":{}}

D/ANet.Repeater(24119): [seq:MTOP1.ATask3]|[dispatchCallBack] submit ...anetwork.channel.entity.Repeater$2@923d5cb

D/ANet.Repeater(24119): [seq:MTOP1.ATask3]|[onDataReceiveSize] index:1

D/ANet.ParcelableNetworkListenerWrapper(25614): [onInputStreamReceived]

D/NetEasePushService_Utils(25994): getPhoneIMEI()...

D/mtopsdk.DefaultMtopCallback(25614): [onHeader]MtopHeaderEvent [code=200, header={s-rt=[2], m-bin-length=[108], cache-control=[no-cache], m-retcode=[FAIL_SYS_API_UNAUTHORIZED], :status=[200], x-paramkey=[mtop.common.uploadResource], pragma=[no-cache], content-type=[application/json;charset=UTF-8], :version=[HTTP/1.1], date=[Wed, 16 Dec 2015 10:59:49 GMT], server=[nginx], x-node=[4593472bc434665800974e7a6b4b9391], content-length=[108]}]

D/ANet.ACallback(24119): [seq:MTOP1.ATask3]|[spdyDataChunkRecvCB]streamId=3;len=0;fin=true;bGzip=false;index=1;

D/ANet.ACallback(24119): data=

D/ANet.Repeater(24119): [seq:MTOP1.ATask3]|[dispatchCallBack] submit ...anetwork.channel.entity.Repeater$2@356811a8

I/ANet.ACallback(24119): [seq:MTOP1.ATask3]|[spdyDataRecvCallback] fin:true

D/ANet.Repeater(24119): [seq:MTOP1.ATask3]|[onDataReceiveSize] index:2

I/ANet.ACallback(24119): [seq:MTOP1.ATask3]|[spdyStreamCloseCallback]streamId=3; session=org.android.spdy.SpdySession@3ebc4d13; bFinish=false; spdystatus=0

D/ANet.SessionStatistic(24119): current spdy request. sendSize=294 recSize=158 totalSendSize=1437 totalRecSize=499

I/ANet.ACallback(24119): [seq:MTOP1.ATask3]|[parseSpdyStatusCode] ret:finsh

I/ANet.ACallback(24119): [seq:MTOP1.ATask3]|[sendOnFinishCallback] bFinish:false

D/mtopsdk.NetworkListenerAdapter(25614): [seq:MTOP1]|[onInputStreamGet]start to read input stream

I/ANet.Repeater(24119): [seq:MTOP1.ATask3]|[onFinish] 

D/ANet.Repeater(24119): on Finish waitTime:0

D/ANet.Repeater(24119): [seq:MTOP1.ATask3]|on Finish callback. Thread id:17175

D/uuid is :(25994): 355867053040021_G4

D/ANet.Repeater(24119): [seq:MTOP1.ATask3]|[dispatchCallBack] submit ...anetwork.channel.entity.Repeater$3@dad4cdd

I/ANet.ACallback(24119): [seq:MTOP1.ATask3]|[sendOnFinishCallback] DefaultFinishEvent [code=200, desc=, context=null, statisticData=StatisticData [isRequestSuccess=true,host=api.m.taobao.com,api_v=mtop.auks.mc.synconfig$1.0,ip_port=api.m.taobao.com,spdy=true,isSSL=false,dnsTime=0,isDNSTimeout=0,tcpLinkDate=0,oneWayTime_ANet=137,oneWayTime_AEngine=121,oneWayTime_Jni=112,postBodyTime=1,waitTime=4,firstDataTime=111,recDataTime=5,serverRT=2,rtt=110,sendSize294,totalSize=108,dataSpeed=21,retryTime=0,timeoutType=,redirectTime=0]]

D/NetEasePushService_PushServiceNews_V1(25994): begin future task...

D/NetEasePushService_PushServiceNews_V1(25994): checkDomain()...

D/libc    (25994): [NET] android_getaddrinfofornet+,hn 17(0x6e6577732e7075),sn(),hints(known),family 0,flags 4

D/libc    (25994): [NET] android_getaddrinfofornet-, err=8

D/libc    (25994): [NET] android_getaddrinfofornet+,hn 17(0x6e6577732e7075),sn(),hints(known),family 0,flags 1024

D/libc    (25994): [NET] android_getaddrinfofornet-, pass to proxy

D/libc    (25994): [NET] android_getaddrinfo_proxy+

D/libc    (25994): [NET] android_getaddrinfo_proxy get netid:0

D/libc    (  291): [NET] android_getaddrinfofornet+,hn 17(0x6e6577732e7075),sn(),hints(known),family 0,flags 1024

D/libc    (  291): [NET] _dns_getaddrinfo+, netid:287, mark:917791

D/libc    (  291): [NET] _dns_getaddrinfo-, (NS_SUCCESS)

D/libc    (  291): [NET] android_getaddrinfofornet-, SUCCESS

D/libc    (25994): [NET] android_getaddrinfo_proxy-, success

D/ANet.ParcelableNetworkListenerWrapper(25614): [onFinished]DefaultFinishEvent [code=200, desc=, context=null, statisticData=StatisticData [isRequestSuccess=true,host=api.m.taobao.com,api_v=mtop.auks.mc.synconfig$1.0,ip_port=api.m.taobao.com,spdy=true,isSSL=false,dnsTime=0,isDNSTimeout=0,tcpLinkDate=0,oneWayTime_ANet=137,oneWayTime_AEngine=121,oneWayTime_Jni=112,postBodyTime=1,waitTime=4,firstDataTime=111,recDataTime=5,serverRT=2,rtt=110,sendSize294,totalSize=108,dataSpeed=21,retryTime=0,timeoutType=,redirectTime=0]]

I/anet.ParcelableInputStreamImpl(24119): set EOS flag to stream

D/ANet.Repeater(24119): [seq:MTOP1.ATask3]|on Finish process time:23

D/mtopsdk.NetworkListenerAdapter(25614): [seq:MTOP1]|[onInputStreamGet]data chunk content: {"api":"mtop.auks.mc.synconfig","v":"1.0","ret":["FAIL_SYS_API_UNAUTHORIZED::API"],"data":{}}

D/MediaProvider(15786): [update][21]#1#

I/mtopsdk.MtopStatistics(25614): [seq:MTOP1]|[registerMtopStatsAppMonitor]register MtopStats AppMonitor executed.

D/mtopsdk.MtopStatistics(25614): [seq:MTOP1]|MtopStatistics [Detail]:startTime=87022918,cacheResponseParseStartTime=0,cacheResponseParseEndTime=0,cacheReturnTime=0,mtopResponseParseStartTime=87023193,mtopResponseParseEndTime=87023196,endTime=87023196

D/mtopsdk.MtopStatistics(25614): MtopStatistics[sumstat(ms)]:mtopOneWayTime=278,oneWayTime=204,cacheSwitch=0,cacheHitType=0,cacheCostTime=0,cacheResponseParseTime=0,mtopResponseParseTime=3,httpResponseStatus=200,ret=FAIL_SYS_API_UNAUTHORIZED,isRequestSuccess=true,host=api.m.taobao.com,api_v=mtop.auks.mc.synconfig$1.0,ip_port=api.m.taobao.com,spdy=true,isSSL=false,dnsTime=0,isDNSTimeout=0,tcpLinkDate=0,oneWayTime_ANet=137,oneWayTime_AEngine=121,oneWayTime_Jni=112,postBodyTime=1,waitTime=4,firstDataTime=111,recDataTime=5,serverRT=2,rtt=110,sendSize294,totalSize=108,dataSpeed=21,retryTime=0,timeoutType=,redirectTime=0

D/mtopsdk.DefaultMtopCallback(25614): [onFinished]MtopResponse[api=mtop.auks.mc.synconfig,v=1.0,retCode=FAIL_SYS_API_UNAUTHORIZED,retMsg=null,ret=null,data=null,bytedata={"api":"mtop.auks.mc.synconfig","v":"1.0","ret":["FAIL_SYS_API_UNAUTHORIZED::API"],"data":{}}]

D/mtopsdk.MtopResponse(25614): [parseJsonByte]response : {"api":"mtop.auks.mc.synconfig","v":"1.0","ret":["FAIL_SYS_API_UNAUTHORIZED::API"],"data":{}}

W/wswitch.ConfigDetailRequestListener(25614): [handleErrorResponse]init config request fail,detail:unKnown error occured on server!; retError:FAIL_SYS_API_UNAUTHORIZED::API

D/mtopsdk.DefaultMtopCallback(25614): [onDataReceived]MtopProgressEvent [desc=, size=108, total=108]

D/NetEasePushService_PushServiceNews_V1(25994): onStartCommand()...

D/NetEasePushService_PushServiceNews_V1(25994): prepareStart()...

D/NetEasePushService_PushServiceNews_V1(25994): receive reconnect message

D/NetEasePushService_PushServiceNews_V1(25994): transformDataToReconnectMap()...

D/MediaProvider(15786): [update][65]#1#

D/NetEasePushService_PushServiceNews_V1(25994): send()...

D/NetEasePushService_PushServiceNews_V1(25994): send topic: reconnect2 domain: null message : {"deviceId":"355867053040021_G4","broadcast":"news.163.com:1450258960280","attachment":"news.163.com:1450262726889"}

D/NetEasePushService_PushServiceNews_V1(25994): acquireWakeLock()...

D/NetEasePushService_PushServiceNews_V1(25994): Acquiring wake lock

D/PMS     (  967): acquireWL(15dc4481): PARTIAL_WAKE_LOCK  com.netease.pushservice.core.PushServiceNews_V1 0x1 25994 10299 null

E/NetEasePushService_PushServiceNews_V1(25994): send message failed --> connection is broken 

E/NetEasePushService_PushServiceNews_V1(25994): com.ibm.mqtt.MqttNotConnectedException

E/NetEasePushService_PushServiceNews_V1(25994): 	at com.ibm.mqtt.MqttBaseClient.sendPacket(Unknown Source)

E/NetEasePushService_PushServiceNews_V1(25994): 	at com.ibm.mqtt.MqttBaseClient.publish(Unknown Source)

E/NetEasePushService_PushServiceNews_V1(25994): 	at com.ibm.mqtt.MqttClient.publish(Unknown Source)

E/NetEasePushService_PushServiceNews_V1(25994): 	at com.netease.pushservice.core.PushServiceNews_V1.send(Unknown Source)

E/NetEasePushService_PushServiceNews_V1(25994): 	at com.netease.pushservice.core.PushServiceNews_V1$2.run(Unknown Source)

E/NetEasePushService_PushServiceNews_V1(25994): 	at java.util.concurrent.ThreadPoolExecutor.runWorker(ThreadPoolExecutor.java:1112)

E/NetEasePushService_PushServiceNews_V1(25994): 	at java.util.concurrent.ThreadPoolExecutor$Worker.run(ThreadPoolExecutor.java:587)

E/NetEasePushService_PushServiceNews_V1(25994): 	at java.lang.Thread.run(Thread.java:818)

D/NetEasePushService_PushServiceNews_V1(25994): broadcastSystemInfo()...

D/NetEasePushService_Utils(25994): transformJSONData()...

D/NetEasePushService_PushServiceNews_V1(25994): broadcastServiceMessage()...

D/NetEasePushService_PushServiceNews_V1(25994): releaseWakeLock()...

D/PMS     (  967): releaseWL(15dc4481): PARTIAL_WAKE_LOCK  com.netease.pushservice.core.PushServiceNews_V1 0x1 null

I/WebViewFactory(26014): Loading com.google.android.webview version 37 (1602158-arm) (code 111201)

I/LibraryLoader(26014): Loading: webviewchromium

I/LibraryLoader(26014): Time to load native libraries: 5 ms (timestamps 3386-3391)

I/LibraryLoader(26014): Expected native library version number "",actual native library version number ""

W/art     (26014): Attempt to remove local handle scope entry from IRT, ignoring

E/WifiTrafficPoller(  967): TRAFFIC_STATS_POLL true Token 944 num clients 32

E/WifiTrafficPoller(  967):  packet count Tx=458179 Rx=629089

D/mtopsdk.TBSdkLog(26014): [setLogEnable] logEnable=NoneEnable

W/ActivityManager(  967): Unable to start service Intent { act=mtopsdk.xstate.a.a pkg=com.alibaba.work.android } U=0: not found

D/libc    (26014): [NET] android_getaddrinfofornet+,hn 15(0x68352e6d2e7461),sn(),hints(known),family 0,flags 4

D/libc    (26014): [NET] android_getaddrinfofornet-, err=8

D/libc    (26014): [NET] android_getaddrinfofornet+,hn 15(0x68352e6d2e7461),sn(),hints(known),family 0,flags 1024

D/libc    (26014): [NET] android_getaddrinfofornet-, pass to proxy

D/libc    (26014): [NET] android_getaddrinfo_proxy+

D/libc    (26014): [NET] android_getaddrinfo_proxy get netid:0

D/libc    (  291): [NET] android_getaddrinfofornet+,hn 15(0x68352e6d2e7461),sn(),hints(known),family 0,flags 1024

D/libc    (  291): [NET] _dns_getaddrinfo+, netid:287, mark:917791

D/libc    (  291): [NET] _dns_getaddrinfo-, (NS_SUCCESS)

D/libc    (  291): [NET] android_getaddrinfofornet-, SUCCESS

D/libc    (26014): [NET] android_getaddrinfo_proxy-, success

D/libc    (26014): [NET] android_getaddrinfofornet+,hn 15(0x61636a732e616c),sn(),hints(known),family 0,flags 4

D/libc    (26014): [NET] android_getaddrinfofornet-, err=8

D/libc    (26014): [NET] android_getaddrinfofornet+,hn 15(0x61636a732e616c),sn(),hints(known),family 0,flags 1024

D/libc    (26014): [NET] android_getaddrinfofornet-, pass to proxy

D/libc    (26014): [NET] android_getaddrinfo_proxy+

D/libc    (26014): [NET] android_getaddrinfo_proxy get netid:0

D/libc    (  291): [NET] android_getaddrinfofornet+,hn 15(0x61636a732e616c),sn(),hints(known),family 0,flags 1024

D/libc    (  291): [NET] _dns_getaddrinfo+, netid:287, mark:917791

D/libc    (  291): [NET] _dns_getaddrinfo-, (NS_SUCCESS)

D/libc    (  291): [NET] android_getaddrinfofornet-, SUCCESS

D/libc    (26014): [NET] android_getaddrinfo_proxy-, success

D/libc    (26014): [NET] android_getaddrinfofornet+,hn 14(0x7777772e74616f),sn(),hints(known),family 0,flags 4

D/libc    (26014): [NET] android_getaddrinfofornet-, err=8

D/libc    (26014): [NET] android_getaddrinfofornet+,hn 14(0x7777772e74616f),sn(),hints(known),family 0,flags 1024

D/libc    (26014): [NET] android_getaddrinfofornet-, pass to proxy

D/libc    (26014): [NET] android_getaddrinfo_proxy+

D/libc    (26014): [NET] android_getaddrinfo_proxy get netid:0

W/awcn.TLogAdapter(26014): cannot find TLog class.

I/awcn    (26014):  restoreStrategyCenter start.

D/libc    (  291): [NET] android_getaddrinfofornet+,hn 14(0x7777772e74616f),sn(),hints(known),family 0,flags 1024

D/libc    (  291): [NET] _dns_getaddrinfo+, netid:287, mark:917791

D/libc    (  291): [NET] _dns_getaddrinfo-, (NS_SUCCESS)

D/libc    (  291): [NET] android_getaddrinfofornet-, SUCCESS

D/libc    (26014): [NET] android_getaddrinfo_proxy-, success

D/SendEventThread(26014): No event, wait...

E/WifiStateMachine(  967): handleMessage: E msg.what=131155

E/WifiStateMachine(  967): processMsg: ConnectedState

E/WifiStateMachine(  967):  ConnectedState !CMD_RSSI_POLL 240 0 "alibaba-inc" 1c:aa:07:f5:96:bf rssi=-54 f=5785 sc=60 link=72 tx=54.8, 0.0, 0.0  rx=70.6 bcn=0 [on:0 tx:0 rx:0 period:3003] from screen [on:0 period:-1435356986] gl rssi=-54 ag=0 hr ticks 1,3,32 ls-=0 [56,56,60,60,65] brc=0 lrc=0

E/WifiStateMachine(  967): processMsg: L2ConnectedState

E/WifiStateMachine(  967):  L2ConnectedState !CMD_RSSI_POLL 240 0 "alibaba-inc" 1c:aa:07:f5:96:bf rssi=-54 f=5785 sc=60 link=72 tx=54.8, 0.0, 0.0  rx=70.6 bcn=0 [on:0 tx:0 rx:0 period:1] from screen [on:0 period:-1435356985] gl rssi=-54 ag=0 hr ticks 1,3,32 ls-=0 [56,56,60,60,65] brc=0 lrc=0

E/WifiStateMachine(  967):  get link layer stats 0

W/WifiHW  (  967): QCOM Debug wifi_send_command "IFNAME=wlan0 SIGNAL_POLL"

D/wpa_supplicant( 8936): wlan0: Control interface command 'SIGNAL_POLL'

I/wpa_supplicant( 8936): environment dirty rate=5 [38][2][0]

E/WifiStateMachine(  967): fetchRssiLinkSpeedAndFrequencyNative RSSI = -52 abnormalRssiCnt = 0 newLinkSpeed = 58

E/WifiStateMachine(  967): fetchRssiLinkSpeedAndFrequencyNative rssi=-52 linkspeed=58

E/WifiConfigStore(  967): updateConfiguration freq=5785 BSSID=1c:aa:07:f5:96:bf RSSI=-52 "alibaba-inc"WPA_EAP

E/WifiStateMachine(  967): calculateWifiScore freq=5785 speed=58 score=60 highRSSI  -> txbadrate=0.00 txgoodrate=46.40 txretriesrate=0.00 rxrate=79.80 userTriggerdPenalty0

E/WifiStateMachine(  967):  good link -> stuck count =0

E/WifiStateMachine(  967):  badRSSI count0 lowRSSI count0 --> score 60

E/WifiStateMachine(  967):  isHighRSSI       ---> score=65

D/WifiWatchdogStateMachine(  967): RSSI current: 3 new: -52, 3

E/WifiStateMachine(  967): handleMessage: X

I/awcn    (26014):  restoreStrategyCenter end. cost:231

I/awcn    (26014):  info.isConnected()::true  info.isAvailable()::true

I/awcn    (26014):  StrategyCenter initialize finished.

D/awcn    (26014):  init start

I/awcn    (26014):  listeners::[anet.channel.e.o@21e4108b, anet.channel.g@1a79568]

I/awcn    (26014):  network status changed. current:NONE new:WIFI

I/awcn    (26014):  Wifi BSSID: 1c:aa:07:f5:96:bf

D/awcn    (26014):  

D/awcn    (26014): uniqueId: WIFI$1c:aa:07:f5:96:bf

D/awcn    (26014): host: acs.m.taobao.com

D/awcn    (26014): strategy: [140.205.163.80, 140.205.160.82] [{443 spdy-bio N}]

D/awcn    (26014): ttlMap: {acs.m.taobao.com=0}

I/awcn    (26014):  delay:0

D/awcn    (26014):  receiver:android.net.conn.CONNECTIVITY_CHANGE

I/awcn    (26014):  info.isConnected()::true  info.isAvailable()::true

I/TBSEngine(26014): TBSEngine:If you need to view the log, please call TBS.turnDebug() after SetEnvironment.

V/ProxyFactroy(24557): getInstance[base] successfully

D/agoo.ControlService(24557): [onHandleIntent] onHandleIntent [com.alibaba.work.android][com.alibaba.work.android.intent.action.COMMAND]

D/agoo.ControlService(24557): [onCommand] command --->[register]

I/awcn    (26014):  recreate session failed::0

I/ActivityManager(  967): Start proc com.dangdang.buy2 for broadcast com.dangdang.buy2/.receiver.XiaoMiMessageReceiver: pid=26113 uid=10139 gids={50139, 9997, 1028, 3003, 1015, 3002} abi=armeabi-v7a

W/ActivityManager(  967): getTasks: caller 10304 does not hold GET_TASKS; limiting output

D/agooSdk (24557): this agoo sdkversion=20150615

I/awcn    (26014):   Network detail:  status=WIFI type=other BSSID=1c:aa:07:f5:96:bf SSID="alibaba-inc"

D/agoo.ElectionService(24557): [register] registerApp save[{"com.alibaba.work.android":"{\"appInstallTime\":1448030318367,\"appSdkVersion\":20150615,\"appVersionHash\":229493875,\"appKey\":\"21574062\"}","com.yunos.tvhelper":"{\"appInstallTime\":1448027692077,\"appSdkVersion\":20150615,\"appVersionHash\":966315119,\"appKey\":\"21563561\"}"}]

D/ElectionService(24557): getCurrentSudo,getCurrentSudo=com.alibaba.work.android

D/ElectionService(24557): getAppInfo packFlagValue=9977412

I/agoo.ElectionService(24557): [getAppInfo]|[seq:checkPackage[pack:com.alibaba.work.android][enabled]] ElectionService

D/agoo.ElectionService(24557): [getCurrentSudo] getCurrentSudo[currentSudo:com.alibaba.work.android],tmpCurrentSudo=com.alibaba.work.android

I/PackageManager(  967):  setEnabledSetting(), pkgName=com.alibaba.work.android, clsName=com.taobao.agoo.ElectionReceiver, state=1, flag=1, pid=24557, uid=10304, userID:0

D/awcn    (26014):  app is background not need check accs session, retrun bg:true

D/libc    (26014): [NET] android_getaddrinfofornet+,hn 18(0x61646173682e6d),sn(),hints(known),family 0,flags 4

D/libc    (26014): [NET] android_getaddrinfofornet-, err=8

D/libc    (26014): [NET] android_getaddrinfofornet+,hn 18(0x61646173682e6d),sn(),hints(known),family 0,flags 1024

D/libc    (26014): [NET] android_getaddrinfofornet-, pass to proxy

D/libc    (26014): [NET] android_getaddrinfo_proxy+

D/libc    (26014): [NET] android_getaddrinfo_proxy get netid:0

D/libc    (  291): [NET] android_getaddrinfofornet+,hn 18(0x61646173682e6d),sn(),hints(known),family 0,flags 1024

D/libc    (  291): [NET] _dns_getaddrinfo+, netid:287, mark:917791

D/libc    (  291): [NET] _dns_getaddrinfo-, (NS_SUCCESS)

D/libc    (  291): [NET] android_getaddrinfofornet-, SUCCESS

D/libc    (26014): [NET] android_getaddrinfo_proxy-, success

W/ActivityManager(  967): getTasks: caller 10304 does not hold GET_TASKS; limiting output

W/ResourcesManager(26113): Asset path '/system/framework/android.test.runner.jar' does not exist or contains no resources.

I/result  (26014): TBSEngine:{"t":1450263589742,"data":{},"success":"success","ret":"","v":"3"}

D/ElectionService(24557): getCurrentSudo,getCurrentSudo=com.alibaba.work.android

D/ElectionService(24557): getAppInfo packFlagValue=9977412

I/agoo.ElectionService(24557): [getAppInfo]|[seq:checkPackage[pack:com.alibaba.work.android][enabled]] ElectionService

D/agoo.ElectionService(24557): [getCurrentSudo] getCurrentSudo[currentSudo:com.alibaba.work.android],tmpCurrentSudo=com.alibaba.work.android

D/ControlService(24557): electionBySwitch,serverElectionFlag=true,serverPack=com.taobao.taobao,serverSdkVersion=20150424

D/agooSdk (24557): this agoo sdkversion=20150615

D/ElectionService(24557): getCurrentSudo,getCurrentSudo=com.alibaba.work.android

D/ElectionService(24557): getAppInfo packFlagValue=9977412

I/agoo.ElectionService(24557): [getAppInfo]|[seq:checkPackage[pack:com.alibaba.work.android][enabled]] ElectionService

D/agoo.ElectionService(24557): [getCurrentSudo] getCurrentSudo[currentSudo:com.alibaba.work.android],tmpCurrentSudo=com.alibaba.work.android

D/ControlService(24557): electionBySwitch,currentSdkVersion=20150615,serverSdkVersion=20150424,compareSdk=true,comparePack=false

D/ControlService(24557): onPingMessage begin retryElection,flag=false

D/agoo.ControlService(24557): [onPingMessage] messageConnection [bind]

D/agoo.ControlService(24557): [onPingIpp] ippConnection [bind]

V/ProxyFactroy(24557): getInstance[base] successfully

W/ContextImpl(24557): Implicit intents with startService are not safe: Intent { act=org.rome.android.ipp.intent.action.PINGA } android.content.ContextWrapper.bindService:538 org.android.agoo.impl.ControlService.onPingIpp:1388 org.android.agoo.impl.ControlService.handleRegister:1241 

D/AgooService(24557): pushService==[org.android.agoo.impl.PushService]

W/agoo.PushService(24557): [create] >>> agoo system is creating,pack= >>>com.alibaba.work.android,time=2015-12-16 18:59:49

D/HOOK    (23188): AssetManager isUpToDate:true

D/testxiangnan(24557): updateTime=1450284077309now != 0==true,now - updateTime > 0===false

W/agoo.ProcessUtils(24557): [checkAndRenewPidFile] /data/data/com.alibaba.work.android/files/agoo.pid

D/ElectionService(24557): getCurrentSudo,getCurrentSudo=com.alibaba.work.android

D/ElectionService(24557): getAppInfo packFlagValue=9977412

I/agoo.ElectionService(24557): [getAppInfo]|[seq:checkPackage[pack:com.alibaba.work.android][enabled]] ElectionService

D/agoo.ElectionService(24557): [getCurrentSudo] getCurrentSudo[currentSudo:com.alibaba.work.android],tmpCurrentSudo=com.alibaba.work.android

D/PushService(24557): pushservice create,getCurrentSudo=com.alibaba.work.android

D/ElectionService(24557): getCurrentSudo,getCurrentSudo=com.alibaba.work.android

D/ElectionService(24557): getAppInfo packFlagValue=9977412

I/agoo.ElectionService(24557): [getAppInfo]|[seq:checkPackage[pack:com.alibaba.work.android][enabled]] ElectionService

D/agoo.ElectionService(24557): [getCurrentSudo] getCurrentSudo[currentSudo:com.alibaba.work.android],tmpCurrentSudo=com.alibaba.work.android

D/org.android.agoo.proc2.SoManager(24557): start SoManager

D/agoo.SoManager(24557): [startInternal] api level is:21

W/agoo.SoManager(24557): [createAlarm] time is daytime, wakeup cpu for keeping connecntion

E/Typeface(26113): SANS_LOC file not found.

I/cache_log(24557): TBSEngine:355867053040021||460004520637163||htc||HTC 802t||1920*1080||3G||Wi-Fi||Unknown||alibaba@aliwork_android_3.0.2_20151120||21574062||3.0.2_20151120||67750||-||-||-||Unknown||a||5.0.2||4.3.9.347369||1450263561480||Un2ZrtXBlHIDAIPxYN1Ug5rA||mini||-||-||-||-||_tkid=agoo,_mac=84:7a:88:7d:8f:a3,_umid=Zp7px61PPY9lpO4YQdtgaYikLg23eYtq,_io=1||1450263589289||Agoo||66002||agoo_somanager_start||-||-||-

D/agoo.PushService(24557): [bind] onBind:[org.agoo.android.intent.action.PING_V4],intent categries[{taobao}]

D/Process (  967): killProcessQuiet, pid=24711

D/Process (  967): com.android.server.am.ProcessRecord.kill:573 com.android.server.am.ActivityManagerService.updateOomAdjLocked:18850 com.android.server.am.ActivityManagerService.updateOomAdjLocked:18693 

I/ActivityManager(  967): Killing 24711:com.qiyi.video/u0a5 (adj 15): empty #17

D/libc    (26014): [NET] android_getaddrinfofornet+,hn 17(0x68796472612e61),sn(),hints(known),family 0,flags 4

D/libc    (26014): [NET] android_getaddrinfofornet-, err=8

D/libc    (26014): [NET] android_getaddrinfofornet+,hn 17(0x68796472612e61),sn(),hints(known),family 0,flags 1024

D/libc    (26014): [NET] android_getaddrinfofornet-, pass to proxy

D/libc    (26014): [NET] android_getaddrinfo_proxy+

D/libc    (26014): [NET] android_getaddrinfo_proxy get netid:0

D/libc    (  291): [NET] android_getaddrinfofornet+,hn 17(0x68796472612e61),sn(),hints(known),family 0,flags 1024

D/libc    (  291): [NET] _dns_getaddrinfo+, netid:287, mark:917791

D/libc    (  291): [NET] _dns_getaddrinfo-, (NS_SUCCESS)

D/libc    (  291): [NET] android_getaddrinfofornet-, SUCCESS

D/libc    (26014): [NET] android_getaddrinfo_proxy-, success

I/ActivityManager(  967): Recipient 24711

D/WifiService(  967): Client connection lost with reason: 4

D/libc    (26014): [NET] android_getaddrinfofornet+,hn 13(0x34322e3135362e),sn(),hints(known),family 0,flags 4

D/libc    (26014): [NET] android_getaddrinfofornet-, SUCCESS

E/com.ta.utdid2.aid.AidRequester(26014): org.json.JSONException: Value null at data of type org.json.JSONObject$1 cannot be converted to JSONObject

W/ResourceType(25817): ResTable_typeSpec entry count inconsistent: given 2, previously 1426

D/libc    (26014): [NET] android_getaddrinfofornet+,hn 18(0x61646173682e6d),sn(),hints(known),family 0,flags 4

D/libc    (26014): [NET] android_getaddrinfofornet-, err=8

D/libc    (26014): [NET] android_getaddrinfofornet+,hn 18(0x61646173682e6d),sn(),hints(known),family 0,flags 4

D/libc    (26014): [NET] android_getaddrinfofornet-, err=8

I/cache_log(26014): TBSEngine:Un2ZrkVH9dF/GMdCflzppQ==||Un2ZrkVbDdi9lvLPvNsVMg==||htc||HTC 802t||1920*1080||3G||Wi-Fi||Unknown||AliworkAndroidForUT||21574062||3.0.2_20151120||67750||-||-||-||Unknown||a||5.0.2||4.3.12.347575||1450263589246||Un2ZrtXBlHIDAIPxYN1Ug5rA||mini||-||-||-||-||_bv=-,_mac=84:7a:88:7d:8f:a3,_umid=Zp7px61PPY9lpO4YQdtgaYikLg23eYtq,_io=1||1450263589343||Page_UsertrackInit||1002||-||-||-||binTime=1429586248000_1369804944000,serialNo=HC36BW905914,dep=0

I/cache_log(26014): TBSEngine:Un2ZrkVH9dF/GMdCflzppQ==||Un2ZrkVbDdi9lvLPvNsVMg==||htc||HTC 802t||1920*1080||3G||Wi-Fi||Unknown||AliworkAndroidForUT||21574062||3.0.2_20151120||67750||-||-||-||Unknown||a||5.0.2||4.3.12.347575||1450263589246||Un2ZrtXBlHIDAIPxYN1Ug5rA||mini||-||-||-||-||_bv=-,_mac=84:7a:88:7d:8f:a3,_umid=Zp7px61PPY9lpO4YQdtgaYikLg23eYtq,_io=1||1450263589344||Page_UsertrackInit||1009||-||-||-||dep=1

D/agoo.ControlService$3(24557): [onServiceConnected] ippConnection target time[140]

D/agoo.ControlService$3(24557): [onServiceConnected] ippConnection [unbind]

D/baidu_location_service(24906): baidu location service stop ...

D/Process (24906): killProcess, pid=24906

D/Process (24906): com.baidu.location.f.onDestroy:-1 android.app.ActivityThread.handleStopService:3127 android.app.ActivityThread.access$2200:144 

W/agoo.ControlService$2(24557): [onServiceConnected] messageService.proble

D/agoo.PushService$3(24557): [probe] alipay probe begin......messageServiceBinder [probe]

D/agoo.ControlService$2(24557): [onServiceConnected] messageConnection [unbind]

D/agooSdk (24557): this agoo sdkversion=20150615

D/agoo.PushService(24557): [destroy] PushService destroying

D/agoo.PushService(24557): [destroy] PushService destroyed

D/agoo.PushService(24557): [destroy] PushService hasNeedNotKill[handleDestroyService]+hasNeedNotKill=true

D/ElectionService(24557): getCurrentSudo,getCurrentSudo=com.alibaba.work.android

D/agoo.PushService(24557): [destroy] PushService hasNeedNotKill[handleDestroyService]

D/ElectionService(24557): getCurrentSudo,getCurrentSudo=com.alibaba.work.android

I/cache_log(24557): TBSEngine:355867053040021||460004520637163||htc||HTC 802t||1920*1080||3G||Wi-Fi||Unknown||alibaba@aliwork_android_3.0.2_20151120||21574062||3.0.2_20151120||67750||-||-||-||Unknown||a||5.0.2||4.3.9.347369||1450263561480||Un2ZrtXBlHIDAIPxYN1Ug5rA||mini||-||-||-||-||_tkid=agoo,_mac=84:7a:88:7d:8f:a3,_umid=Zp7px61PPY9lpO4YQdtgaYikLg23eYtq,_io=1||1450263589453||Agoo||66002||agoo_ping_by_alipay||com.alibaba.work.android||AmxRZ_Afe25622rjOnf1Sob1M8gZiNFh_uZ3yvJSWWyH||20150615

D/ElectionService(24557): getAppInfo packFlagValue=9977412

I/agoo.ElectionService(24557): [getAppInfo]|[seq:checkPackage[pack:com.alibaba.work.android][enabled]] ElectionService

D/agoo.ElectionService(24557): [getCurrentSudo] getCurrentSudo[currentSudo:com.alibaba.work.android],tmpCurrentSudo=com.alibaba.work.android

D/ElectionService(24557): getAppInfo packFlagValue=9977412

D/Process (  967): killProcessQuiet, pid=24906

D/Process (  967): com.android.server.am.ActivityManagerService.appDiedLocked:5094 com.android.server.am.ActivityManagerService$AppDeathRecipient.binderDied:1212 android.os.BinderProxy.sendDeathNotice:559 

I/ActivityManager(  967): Recipient 24906

I/agoo.PushService(24557): [handleDestroyService]|[seq:handleDestroyService [2015-12-16 19:00:49][com.alibaba.work.android.intent.action.START:restart]] PushService

I/agoo.ElectionService(24557): [getAppInfo]|[seq:checkPackage[pack:com.alibaba.work.android][enabled]] ElectionService

D/agoo.ElectionService(24557): [getCurrentSudo] getCurrentSudo[currentSudo:com.alibaba.work.android],tmpCurrentSudo=com.alibaba.work.android

D/agooSdk (24557): this agoo sdkversion=20150615

I/cache_log(24557): TBSEngine:355867053040021||460004520637163||htc||HTC 802t||1920*1080||3G||Wi-Fi||Unknown||alibaba@aliwork_android_3.0.2_20151120||21574062||3.0.2_20151120||67750||-||-||-||Unknown||a||5.0.2||4.3.9.347369||1450263561480||Un2ZrtXBlHIDAIPxYN1Ug5rA||mini||-||-||-||-||_tkid=agoo,_mac=84:7a:88:7d:8f:a3,_umid=Zp7px61PPY9lpO4YQdtgaYikLg23eYtq,_io=1||1450263589478||Agoo||66002||agoo_ping_success_by_alipay||com.alibaba.work.android||AmxRZ_Afe25622rjOnf1Sob1M8gZiNFh_uZ3yvJSWWyH||20150615

D/WifiService(  967): Client connection lost with reason: 4

I/cache_log(24557): TBSEngine:355867053040021||460004520637163||htc||HTC 802t||1920*1080||3G||Wi-Fi||Unknown||alibaba@aliwork_android_3.0.2_20151120||21574062||3.0.2_20151120||67750||-||-||-||Unknown||a||5.0.2||4.3.9.347369||1450263561480||Un2ZrtXBlHIDAIPxYN1Ug5rA||mini||-||-||-||-||_tkid=agoo,_mac=84:7a:88:7d:8f:a3,_umid=Zp7px61PPY9lpO4YQdtgaYikLg23eYtq,_io=1||1450263589481||Agoo||273791437||agoo_service||1450263589276||201||AmxRZ_Afe25622rjOnf1Sob1M8gZiNFh_uZ3yvJSWWyH

D/MediaProvider(15786): [update][73]#1#

D/MediaProvider(15786): [update][14]#1#

D/agoo.PushService$3$1(24557): [run] alipay probe........messageServiceBinder [probe][restart_sudo]

I/ActivityManager(  967): Process com.qiyi.video:baiduLocation (pid 24906) has died

D/SystemUtils(26113): density:3.0

D/MediaProvider(15786): [update][18]#1#

E/##KIT_io.rong.imkit.RongContext:VOIP(26113): ClassNotFoundException

D/##COMMON_com.dangdang.helper.DDApplication:RongIMClient : init(26113): process = com.dangdang.buy2, main = com.dangdang.buy2

D/##COMMON_io.rong.imlib.RongIMClient:initBindService(26113): mIsBind = false

E/WifiTrafficPoller(  967): TRAFFIC_STATS_POLL true Token 944 num clients 30

E/WifiTrafficPoller(  967):  packet count Tx=458215 Rx=629151

I/ActivityManager(  967): Start proc com.dangdang.buy2:ipc for service com.dangdang.buy2/io.rong.imlib.ipc.RongService: pid=26151 uid=10139 gids={50139, 9997, 1028, 3003, 1015, 3002} abi=armeabi-v7a

I/ActivityManager(  967): Start proc io.rong.push for service com.dangdang.buy2/io.rong.push.CommandService: pid=26166 uid=10139 gids={50139, 9997, 1028, 3003, 1015, 3002} abi=armeabi-v7a

W/ResourcesManager(26151): Asset path '/system/framework/android.test.runner.jar' does not exist or contains no resources.

W/ResourcesManager(26166): Asset path '/system/framework/android.test.runner.jar' does not exist or contains no resources.

E/Typeface(26166): SANS_LOC file not found.

E/Typeface(26151): SANS_LOC file not found.

D/MediaProvider(15786): [update][188]#1#

D/##COMMON_com.dangdang.helper.DDApplication:RongIMClient : init(26166): process = io.rong.push, main = com.dangdang.buy2

D/##COMMON_io.rong.imlib.RongIMClient:registerMessageType(26113): class io.rong.message.TextMessage

E/WifiDataStallTracker(  967): DATA_MONITOR_POLL true Token 282

D/##COMMON_io.rong.imlib.RongIMClient:registerMessageType(26113): class io.rong.message.VoiceMessage

D/WifiDataStallTracker(  967): updateDataStallInfo: mDataStallTxRxSum={txSum=303336 rxSum=220167} preTxRxSum={txSum=303271 rxSum=220116}

D/WifiDataStallTracker(  967): updateDataStallInfo: IN/OUT

D/WifiDataStallTracker(  967): onDataStallAlarm: Sent 0 pkts since last received, < watchdogTrigger=5

D/##COMMON_io.rong.imlib.RongIMClient:registerMessageType(26113): class io.rong.message.ImageMessage

D/##COMMON_io.rong.imlib.RongIMClient:registerMessageType(26113): class io.rong.message.LocationMessage

D/##COMMON_io.rong.imlib.RongIMClient:registerMessageType(26113): class io.rong.message.CommandNotificationMessage

D/##COMMON_io.rong.imlib.RongIMClient:registerMessageType(26113): class io.rong.message.ContactNotificationMessage

D/##COMMON_io.rong.imlib.RongIMClient:registerMessageType(26113): class io.rong.message.RichContentMessage

D/##COMMON_io.rong.imlib.RongIMClient:registerMessageType(26113): class io.rong.message.PublicServiceMultiRichContentMessage

D/##COMMON_io.rong.imlib.RongIMClient:registerMessageType(26113): class io.rong.message.PublicServiceRichContentMessage

D/##COMMON_io.rong.imlib.RongIMClient:registerMessageType(26113): class io.rong.message.PublicServiceCommandMessage

D/##COMMON_io.rong.imlib.RongIMClient:registerMessageType(26113): class io.rong.message.ProfileNotificationMessage

D/##COMMON_io.rong.imlib.RongIMClient:registerMessageType(26113): class io.rong.message.HandshakeMessage

D/##COMMON_io.rong.imlib.RongIMClient:registerMessageType(26113): class io.rong.message.InformationNotificationMessage

D/##COMMON_io.rong.imlib.RongIMClient:registerMessageType(26113): class io.rong.message.DiscussionNotificationMessage

D/##COMMON_io.rong.imlib.RongIMClient:registerMessageType(26113): class io.rong.message.SuspendMessage

D/libc    (26113): [NET] android_getaddrinfofornet+,hn 20(0x73746174732e63),sn(),hints(known),family 0,flags 4

D/libc    (26113): [NET] android_getaddrinfofornet-, err=8

D/libc    (26113): [NET] android_getaddrinfofornet+,hn 20(0x73746174732e63),sn(),hints(known),family 0,flags 1024

D/libc    (26113): [NET] android_getaddrinfofornet-, pass to proxy

D/libc    (26113): [NET] android_getaddrinfo_proxy+

D/libc    (26113): [NET] android_getaddrinfo_proxy get netid:0

D/libc    (  291): [NET] android_getaddrinfofornet+,hn 20(0x73746174732e63),sn(),hints(known),family 0,flags 1024

D/libc    (  291): [NET] _dns_getaddrinfo+, netid:287, mark:917791

D/libc    (  291): [NET] _dns_getaddrinfo-, (NS_SUCCESS)

D/libc    (  291): [NET] android_getaddrinfofornet-, SUCCESS

D/libc    (26113): [NET] android_getaddrinfo_proxy-, success

E/WifiTrafficPoller(  967): ADD_CLIENT: 31

D/WifiService(  967): New client listening to asynchronous messages

D/##COMMON_io.rong.push.PushContext:PushContext(26166): init

E/##KIT_com.dangdang.helper.DDApplication:init(26113): before init

W/System.err(26113): java.lang.ClassNotFoundException: io.rong.voipkit.message.VoIPAcceptMessage

W/System.err(26113): 	at java.lang.Class.classForName(Native Method)

W/System.err(26113): 	at java.lang.Class.forName(Class.java:308)

W/System.err(26113): 	at java.lang.Class.forName(Class.java:272)

W/System.err(26113): 	at io.rong.imkit.RongIM.init(Unknown Source)

W/System.err(26113): 	at com.dangdang.discovery.App.a(Unknown Source)

W/System.err(26113): 	at com.dangdang.buy2.base.NormalApplication.onCreate(Unknown Source)

W/System.err(26113): 	at com.dangdang.helper.DDApplication.onCreate(Unknown Source)

W/System.err(26113): 	at android.app.Instrumentation.callApplicationOnCreate(Instrumentation.java:1024)

W/System.err(26113): 	at android.app.ActivityThread.handleBindApplication(ActivityThread.java:4951)

W/System.err(26113): 	at android.app.ActivityThread.access$1500(ActivityThread.java:144)

W/System.err(26113): 	at android.app.ActivityThread$H.handleMessage(ActivityThread.java:1424)

W/System.err(26113): 	at android.os.Handler.dispatchMessage(Handler.java:102)

W/System.err(26113): 	at android.os.Looper.loop(Looper.java:155)

W/System.err(26113): 	at android.app.ActivityThread.main(ActivityThread.java:5721)

W/System.err(26113): 	at java.lang.reflect.Method.invoke(Native Method)

W/System.err(26113): 	at java.lang.reflect.Method.invoke(Method.java:372)

W/System.err(26113): 	at com.android.internal.os.ZygoteInit$MethodAndArgsCaller.run(ZygoteInit.java:1029)

W/System.err(26113): 	at com.android.internal.os.ZygoteInit.main(ZygoteInit.java:824)

W/System.err(26113): Caused by: java.lang.ClassNotFoundException: Didn't find class "io.rong.voipkit.message.VoIPAcceptMessage" on path: DexPathList[[zip file "/system/framework/android.test.runner.jar", zip file "/data/app/com.dangdang.buy2-2/base.apk"],nativeLibraryDirectories=[/data/app/com.dangdang.buy2-2/lib/arm, /vendor/lib, /system/lib]]

W/System.err(26113): 	at dalvik.system.BaseDexClassLoader.findClass(BaseDexClassLoader.java:56)

W/System.err(26113): 	at java.lang.ClassLoader.loadClass(ClassLoader.java:511)

W/System.err(26113): 	at java.lang.ClassLoader.loadClass(ClassLoader.java:469)

W/System.err(26113): 	... 18 more

W/System.err(26113): 	Suppressed: java.lang.ClassNotFoundException: io.rong.voipkit.message.VoIPAcceptMessage

W/System.err(26113): 		at java.lang.Class.classForName(Native Method)

W/System.err(26113): 		at java.lang.BootClassLoader.findClass(ClassLoader.java:781)

W/System.err(26113): 		at java.lang.BootClassLoader.loadClass(ClassLoader.java:841)

W/System.err(26113): 		at java.lang.ClassLoader.loadClass(ClassLoader.java:504)

W/System.err(26113): 		... 19 more

W/System.err(26113): 	Caused by: java.lang.NoClassDefFoundError: Class not found using the boot class loader; no stack available

D/MediaProvider(15786): [update][56]#1#

D/MscSpeechLog(26151): process name:com.dangdang.buy2:ipc

E/MscSpeechLog(26151): init failed, please call this method in your main process!

D/RongService(26151): onCreate, pid=26151

D/RongService(26151): onBind, pid=26151

E/SensorManager(26113): uid = 10139

I/##COMMON_io.rong.imlib.LibContext:DeviceId(26151): 355867053040021

D/##COMMON_io.rong.push.PushContext:initValidateCode(26166): appId is:com.dangdang.buy2 app version code:95

D/##COMMON_io.rong.push.PushContext:initValidateCode(26166): mPackageValidateCode is:-436563327

D/##COMMON_io.rong.push.PushContext:validateNeedSyncVersion(26166): getPackageValidateCode is:-436563327current package code in system:-436563327

