D/##COMMON_io.rong.push.PushContext:validateNeedSyncVersion(26166): getVersionValidateCode is:1820current version code in system:1820

I/##COMMON_io.rong.push.PushContext:isNewestVersion(26166): return true.

D/Statistics(26113): code=200

D/NativeClient(26151): /data/data/com.dangdang.buy2/files/RongCloud||/data/data/com.dangdang.buy2/files, init result=1

I/##COMMON_io.rong.push.PushContext:sendConnectCommand(26166): 3200

D/MediaProvider(15786): [update][19]#1#

D/MediaProvider(15786): [update][20]#1#

E/WifiTrafficPoller(  967): ADD_CLIENT: 32

D/WifiService(  967): New client listening to asynchronous messages

D/MscSpeechLog(26166): process name:io.rong.push

E/MscSpeechLog(26166): init failed, please call this method in your main process!

I/PackageManager(  967):  setEnabledSetting(), pkgName=com.dangdang.buy2, clsName=com.xiaomi.push.service.XMPushService, state=1, flag=1, pid=26113, uid=10139, userID:0

I/##COMMON_io.rong.push.CommandService:onCreate(26166): create Command service.

E/WifiTrafficPoller(  967): ADD_CLIENT: 33

D/WifiService(  967): New client listening to asynchronous messages

D/MscSpeechLog(26113): process name:com.dangdang.buy2

D/MscSpeechLog(26113): process name:com.dangdang.buy2is own process

D/MediaProvider(15786): [update][18]#1#

W/linker  (26113): libmsc.so has text relocations. This is wasting memory and prevents security hardening. Please fix.

D/MSC_LOG (26113): JNI_OnLoad is called !

D/MscSpeechLog(26113): loadLibrary msc success

D/MSC_LOG (26113): QMSPGetParam Begin

D/MSC_LOG (26113): QMSPGetParam End

D/MscSpeechLog(26113): SpeechUtility start login

D/MediaProvider(15786): [update][18]#1#

D/LocationManagerService(  967): getProviders()=[gps]

D/LocationManagerService(  967): getBestProvider(Criteria[power=NO_REQ acc=HIGH], true)=gps

D/LocationManagerService(  967): getLastLocation: Request[ACCURACY_FINE gps requested=0 fastest=0 num=1]

D/MscSpeechLog(26113): Location[gps 30.275191,120.125562 acc=9 et=+1d0h7m35s602ms alt=43.0 vel=1.0 bear=4.9 {Bundle[mParcelledData.dataSize=164]}]

D/MSC_LOG (26113): QMSPLogin Begin

D/MediaProvider(15786): [update][40]#1#

D/MSC_LOG (26113): QMSPLogin End

D/MscSpeechLog(26113): [MSPLogin]ret:0

E/PushFactory(26113): getPushInstance not found push instance.

W/ActivityManager(  967): Unable to start service Intent { cmp=com.dangdang.buy2/com.iflytek.common.LaunchService } U=0: not found

D/##COMMON_io.rong.imlib.RongIMClient:onServiceConnected(26113): mConnectionStatus = DISCONNECTED, stub = io.rong.imlib.IHandler$Stub$Proxy@e09c94c

E/WifiStateMachine(  967): WiFiStateMachine SCAN ALARM

E/WifiStateMachine(  967): handleMessage: E msg.what=131143

E/WifiStateMachine(  967): processMsg: ConnectedState

E/WifiStateMachine(  967):  ConnectedState !CMD_START_SCAN -2 -2 ic=1121 proc(ms):0 dur:3625 rssi=-52 f=5785 sc=60 link=58 tx=46.4, 0.0, 0.0  rx=79.8 fiv=40000 [on:0 tx:0 rx:0 period:1465] from screen [on:0 period:-1435355514]

E/WifiStateMachine(  967): processMsg: L2ConnectedState

E/WifiStateMachine(  967):  L2ConnectedState !CMD_START_SCAN -2 -2 ic=1121 proc(ms):1 dur:3625 rssi=-52 f=5785 sc=60 link=58 tx=46.4, 0.0, 0.0  rx=79.8 fiv=40000 [on:0 tx:0 rx:0 period:1] from screen [on:0 period:-1435355513]

E/WifiStateMachine(  967): WifiStateMachine CMD_START_SCAN source -2 txSuccessRate=46.40 rxSuccessRate=79.80 targetRoamBSSID=1c:aa:07:f5:96:bf RSSI=-52

E/WifiStateMachine(  967): WifiStateMachine CMD_START_SCAN with age=1686726 interval=40000 maxinterval=300000

E/WifiStateMachine(  967): WifiStateMachine CMD_START_SCAN try full band scan age=1686726 interval=40000 maxinterval=300000

E/WifiStateMachine(  967): WifiStateMachine CMD_START_SCAN prevent full band scan due to pkt rate

E/WifiStateMachine(  967): WifiStateMachine CMD_START_SCAN source -2 ...and ignore scans tx=46.40 rx=79.80

E/WifiStateMachine(  967): handleMessage: X

D/MediaProvider(15786): [update][16]#1#

D/WifiDisplayAdapter(  967): getWifiDisplayStatusLocked: result=WifiDisplayStatus{featureState=3, scanState=0, activeDisplayState=0, activeDisplay=null, displays=[], sessionInfo=WifiDisplaySessionInfo:

D/WifiDisplayAdapter(  967):     Client/Owner: Client

D/WifiDisplayAdapter(  967):     GroupId: 

D/WifiDisplayAdapter(  967):     Passphrase: 

D/WifiDisplayAdapter(  967):     SessionId: 0

D/WifiDisplayAdapter(  967):     IP Address: }

V/ProxyFactroy(24557): getInstance[base] successfully

D/agoo.ControlService(24557): [onHandleIntent] onHandleIntent [com.alibaba.work.android][com.alibaba.work.android.intent.action.COMMAND]

D/agoo.ControlService(24557): [onCommand] command --->[register]

I/lh      (26113): jobIntent is not null

D/agooSdk (24557): this agoo sdkversion=20150615

I/UiAutomatorHarbour(25953): /127.0.0.1:47260 is connected

D/agoo.ElectionService(24557): [register] registerApp save[{"com.alibaba.work.android":"{\"appInstallTime\":1448030318367,\"appSdkVersion\":20150615,\"appVersionHash\":229493875,\"appKey\":\"21574062\"}","com.yunos.tvhelper":"{\"appInstallTime\":1448027692077,\"appSdkVersion\":20150615,\"appVersionHash\":966315119,\"appKey\":\"21563561\"}"}]

D/##COMMON_io.rong.imlib.ConnectChangeReceiver:onReceive(26113): network:true, intent:Intent { act=android.net.conn.CONNECTIVITY_CHANGE flg=0x4000010 (has extras) }

I/UiAutomatorHarbour(25953): receiced:{"command":"getSDKVersion","params":[{"no":"key"}]}

I/##COMMON_io.rong.push.PushReceiver:Action(26166): io.rong.push.Connect

I/##COMMON_io.rong.push.PushContext:isNewestVersion(26166): return true.

I/PackageManager(  967):  setEnabledSetting(), pkgName=com.alibaba.work.android, clsName=com.taobao.agoo.ElectionReceiver, state=1, flag=1, pid=24557, uid=10304, userID:0

D/ElectionService(24557): getCurrentSudo,getCurrentSudo=com.alibaba.work.android

D/ElectionService(24557): getAppInfo packFlagValue=9977412

I/agoo.ElectionService(24557): [getAppInfo]|[seq:checkPackage[pack:com.alibaba.work.android][enabled]] ElectionService

D/agoo.ElectionService(24557): [getCurrentSudo] getCurrentSudo[currentSudo:com.alibaba.work.android],tmpCurrentSudo=com.alibaba.work.android

I/##COMMON_io.rong.push.PushReceiver:ACTION_CONNECT(26166): run connect

I/##COMMON_java.lang.Class:PushService(26166): PushService OnCreate

I/PushService(26166): PushService OnCreate

D/PMS     (  967): acquireWL(3b76eb74): PARTIAL_WAKE_LOCK  wake:com.dangdang.buy2/io.rong.push.PushService 0x1 26166 10139 null

D/##COMMON_io.rong.imlib.ConnectChangeReceiver:onReceive(26113): network:true, intent:Intent { act=action_reconnect flg=0x14 pkg=com.dangdang.buy2 cmp=com.dangdang.buy2/io.rong.imlib.ConnectChangeReceiver (has extras) }

D/ElectionService(24557): getCurrentSudo,getCurrentSudo=com.alibaba.work.android

D/ElectionService(24557): getAppInfo packFlagValue=9977412

E/WifiTrafficPoller(  967): TRAFFIC_STATS_POLL true Token 944 num clients 33

D/PMS     (  967): acquireWL(28ae7112): PARTIAL_WAKE_LOCK  wake:com.dangdang.buy2/io.rong.imlib.ReConnectService 0x1 26113 10139 null

E/WifiTrafficPoller(  967):  packet count Tx=458220 Rx=629192

I/lh      (26113): jobIntent is not null

I/##COMMON_io.rong.push.PushService:CONNECT_CHECK(26166): getRunningPushServiceVersion null

I/##COMMON_io.rong.push.PushService.PushHandler:PushHandler(26166): ConnectToServer,isClientConnected = false

I/agoo.ElectionService(24557): [getAppInfo]|[seq:checkPackage[pack:com.alibaba.work.android][enabled]] ElectionService

D/agoo.ElectionService(24557): [getCurrentSudo] getCurrentSudo[currentSudo:com.alibaba.work.android],tmpCurrentSudo=com.alibaba.work.android

D/ControlService(24557): electionBySwitch,serverElectionFlag=true,serverPack=com.taobao.taobao,serverSdkVersion=20150424

I/ActivityManager(  967): Delay finish: com.dangdang.buy2/io.rong.imlib.ConnectChangeReceiver

D/agooSdk (24557): this agoo sdkversion=20150615

D/ElectionService(24557): getCurrentSudo,getCurrentSudo=com.alibaba.work.android

D/ElectionService(24557): getAppInfo packFlagValue=9977412

I/PushUtils(26166): getDeviceId():355867053040021

I/ActivityManager(  967): Resuming delayed broadcast

I/ActivityManager(  967): Start proc com.tencent.mm:tools for broadcast com.tencent.mm/.booter.MMReceivers$ToolsProcessReceiver: pid=26252 uid=10251 gids={50251, 9997, 3003, 1028, 1015, 3002, 3001} abi=armeabi

D/libc    (26113): [NET] android_getaddrinfofornet+,hn 17(0x6d6170692e6461),sn(),hints(known),family 0,flags 4

I/agoo.ElectionService(24557): [getAppInfo]|[seq:checkPackage[pack:com.alibaba.work.android][enabled]] ElectionService

D/agoo.ElectionService(24557): [getCurrentSudo] getCurrentSudo[currentSudo:com.alibaba.work.android],tmpCurrentSudo=com.alibaba.work.android

D/ControlService(24557): electionBySwitch,currentSdkVersion=20150615,serverSdkVersion=20150424,compareSdk=true,comparePack=false

D/ControlService(24557): onPingMessage begin retryElection,flag=false

D/##COMMON_io.rong.imlib.ReConnectService:RECONNECT(26113): Intent { cmp=com.dangdang.buy2/io.rong.imlib.ReConnectService (has extras) }

D/agoo.ControlService(24557): [onPingMessage] messageConnection [bind]

D/libc    (26113): [NET] android_getaddrinfofornet-, err=8

V/ProxyFactroy(24557): getInstance[base] successfully

D/AgooService(24557): pushService==[org.android.agoo.impl.PushService]

W/agoo.PushService(24557): [create] >>> agoo system is creating,pack= >>>com.alibaba.work.android,time=2015-12-16 18:59:50

W/agoo.ProcessUtils(24557): [checkAndRenewPidFile] /data/data/com.alibaba.work.android/files/agoo.pid

D/agoo.ControlService(24557): [onPingIpp] ippConnection [bind]

W/ContextImpl(24557): Implicit intents with startService are not safe: Intent { act=org.rome.android.ipp.intent.action.PINGA } android.content.ContextWrapper.bindService:538 org.android.agoo.impl.ControlService.onPingIpp:1388 org.android.agoo.impl.ControlService.handleRegister:1241 

D/libc    (26113): [NET] android_getaddrinfofornet+,hn 17(0x6d6170692e6461),sn(),hints(known),family 0,flags 1024

D/##COMMON_io.rong.imlib.RongIMClient:reconnect(26113): mConnectionStatus :DISCONNECTED

D/libc    (26113): [NET] android_getaddrinfofornet-, pass to proxy

D/HOOK    (23188): AssetManager isUpToDate:true

D/testxiangnan(24557): updateTime=1450284077309now != 0==true,now - updateTime > 0===false

D/libc    (26113): [NET] android_getaddrinfo_proxy+

D/libc    (26113): [NET] android_getaddrinfo_proxy get netid:0

D/MediaProvider(15786): [update][29]#1#

I/##COMMON_io.rong.push.PushService.PushHandler:PushHandler(26166): the saved IP = 119.254.102.85:8601

I/PushHandler(26166): the saved time = 1450248282942current time = 1450263590736

I/PushHandler(26166): return true

D/PMS     (  967): releaseWL(28ae7112): PARTIAL_WAKE_LOCK  wake:com.dangdang.buy2/io.rong.imlib.ReConnectService 0x1 null

D/ElectionService(24557): getCurrentSudo,getCurrentSudo=com.alibaba.work.android

D/libc    (  291): [NET] android_getaddrinfofornet+,hn 17(0x6d6170692e6461),sn(),hints(known),family 0,flags 1024

D/libc    (  291): [NET] _dns_getaddrinfo+, netid:287, mark:917791

D/ElectionService(24557): getAppInfo packFlagValue=9977412

D/libc    (  291): [NET] _dns_getaddrinfo-, (NS_SUCCESS)

D/libc    (  291): [NET] android_getaddrinfofornet-, SUCCESS

V/ProxyFactroy(24557): getInstance[base] successfully

D/agoo.ControlService(24557): [onHandleIntent] onHandleIntent [com.alibaba.work.android][com.alibaba.work.android.intent.action.COMMAND]

I/agoo.ElectionService(24557): [getAppInfo]|[seq:checkPackage[pack:com.alibaba.work.android][enabled]] ElectionService

D/agoo.ElectionService(24557): [getCurrentSudo] getCurrentSudo[currentSudo:com.alibaba.work.android],tmpCurrentSudo=com.alibaba.work.android

D/PushService(24557): pushservice create,getCurrentSudo=com.alibaba.work.android

D/ElectionService(24557): getCurrentSudo,getCurrentSudo=com.alibaba.work.android

D/agoo.ControlService(24557): [onCommand] command --->[command_restart_sudo]

D/ElectionService(24557): getAppInfo packFlagValue=9977412

D/libc    (26113): [NET] android_getaddrinfo_proxy-, success

I/agoo.ElectionService(24557): [getAppInfo]|[seq:checkPackage[pack:com.alibaba.work.android][enabled]] ElectionService

D/agoo.ElectionService(24557): [getCurrentSudo] getCurrentSudo[currentSudo:com.alibaba.work.android],tmpCurrentSudo=com.alibaba.work.android

D/org.android.agoo.proc2.SoManager(24557): start SoManager

D/agoo.SoManager(24557): [startInternal] api level is:21

D/ElectionService(24557): getCurrentSudo,getCurrentSudo=com.alibaba.work.android

W/agoo.SoManager(24557): [createAlarm] time is daytime, wakeup cpu for keeping connecntion

D/MediaProvider(15786): [update][28]#1#

I/cache_log(24557): TBSEngine:355867053040021||460004520637163||htc||HTC 802t||1920*1080||3G||Wi-Fi||Unknown||alibaba@aliwork_android_3.0.2_20151120||21574062||3.0.2_20151120||67750||-||-||-||Unknown||a||5.0.2||4.3.9.347369||1450263561480||Un2ZrtXBlHIDAIPxYN1Ug5rA||mini||-||-||-||-||_tkid=agoo,_mac=84:7a:88:7d:8f:a3,_umid=Zp7px61PPY9lpO4YQdtgaYikLg23eYtq,_io=1||1450263590771||Agoo||66002||agoo_somanager_start||-||-||-

D/ElectionService(24557): getAppInfo packFlagValue=9977412

I/agoo.ElectionService(24557): [getAppInfo]|[seq:checkPackage[pack:com.alibaba.work.android][enabled]] ElectionService

D/agoo.ElectionService(24557): [getCurrentSudo] getCurrentSudo[currentSudo:com.alibaba.work.android],tmpCurrentSudo=com.alibaba.work.android

D/agoo.ControlService(24557): [startSudo] restart---->[currentSudoPack:com.alibaba.work.android]:[start]

D/ControlService(24557): hasAgooSuperClass,tmpClazz.getName()=org.android.agoo.service.AgooService,AgooService.class.getName()=org.android.agoo.service.AgooService

D/agoo.ControlService(24557): [startSudo] enabledService---->[com.alibaba.work.android/class com.taobao.agoo.PushService]

D/testxiangnan(24557): updateTime=1450284077309now != 0==true,now - updateTime > 0===false

D/agoo.PushService(24557): [bind] onBind:[org.agoo.android.intent.action.PING_V4],intent categries[{taobao}]

D/libc    (26166): [NET] android_getaddrinfofornet+,hn 18(0x6e61762e636e2e),sn(),hints(known),family 0,flags 4

D/libc    (26166): [NET] android_getaddrinfofornet-, err=8

D/agoo.ControlService$3(24557): [onServiceConnected] ippConnection target time[14]

D/agoo.ControlService$3(24557): [onServiceConnected] ippConnection [unbind]

D/libc    (26166): [NET] android_getaddrinfofornet+,hn 18(0x6e61762e636e2e),sn(),hints(known),family 0,flags 1024

D/libc    (26166): [NET] android_getaddrinfofornet-, pass to proxy

D/libc    (26166): [NET] android_getaddrinfo_proxy+

D/libc    (26166): [NET] android_getaddrinfo_proxy get netid:0

D/libc    (  291): [NET] android_getaddrinfofornet+,hn 18(0x6e61762e636e2e),sn(),hints(known),family 0,flags 1024

D/libc    (  291): [NET] _dns_getaddrinfo+, netid:287, mark:917791

D/ElectionService(24557): getCurrentSudo,getCurrentSudo=com.alibaba.work.android

D/ElectionService(24557): getAppInfo packFlagValue=9977412

D/libc    (  291): [NET] _dns_getaddrinfo-, (NS_SUCCESS)

D/libc    (  291): [NET] android_getaddrinfofornet-, SUCCESS

D/libc    (26166): [NET] android_getaddrinfo_proxy-, success

I/agoo.ElectionService(24557): [getAppInfo]|[seq:checkPackage[pack:com.alibaba.work.android][enabled]] ElectionService

D/libc    (26166): [NET] android_getaddrinfofornet+,hn 14(0x3131392e323534),sn(),hints(known),family 0,flags 4

D/libc    (26166): [NET] android_getaddrinfofornet-, SUCCESS

D/agoo.ElectionService(24557): [getCurrentSudo] getCurrentSudo[currentSudo:com.alibaba.work.android],tmpCurrentSudo=com.alibaba.work.android

D/agoo.PushService(24557): [hasComeFromCock] hasComeFromCock[action==null]or[action!=com.alibaba.work.android.intent.action.COCKROACH]

D/agoo.PushService(24557): [registerNotKill] registerNotKill--->[current-thread-name:se-service][action:com.alibaba.work.android.intent.action.COCKROACH]

D/agoo.PushService(24557): [handleStartCommand] action handleStartCommand=[com.alibaba.work.android.intent.action.START]

W/agoo.ControlService$2(24557): [onServiceConnected] messageService.proble

D/agoo.PushService$3(24557): [probe] alipay probe begin......messageServiceBinder [probe]

D/agoo.ControlService$2(24557): [onServiceConnected] messageConnection [unbind]

D/agooSdk (24557): this agoo sdkversion=20150615

D/agoo.NewMessagePush(24557): [start] MessagePush [starting]

I/cache_log(24557): TBSEngine:355867053040021||460004520637163||htc||HTC 802t||1920*1080||3G||Wi-Fi||Unknown||alibaba@aliwork_android_3.0.2_20151120||21574062||3.0.2_20151120||67750||-||-||-||Unknown||a||5.0.2||4.3.9.347369||1450263561480||Un2ZrtXBlHIDAIPxYN1Ug5rA||mini||-||-||-||-||_tkid=agoo,_mac=84:7a:88:7d:8f:a3,_umid=Zp7px61PPY9lpO4YQdtgaYikLg23eYtq,_io=1||1450263590826||Agoo||66002||agoo_ping_by_alipay||com.alibaba.work.android||AmxRZ_Afe25622rjOnf1Sob1M8gZiNFh_uZ3yvJSWWyH||20150615

D/ElectionService(24557): getCurrentSudo,getCurrentSudo=com.alibaba.work.android

D/ElectionService(24557): getAppInfo packFlagValue=9977412

I/agoo.ElectionService(24557): [getAppInfo]|[seq:checkPackage[pack:com.alibaba.work.android][enabled]] ElectionService

D/agoo.ElectionService(24557): [getCurrentSudo] getCurrentSudo[currentSudo:com.alibaba.work.android],tmpCurrentSudo=com.alibaba.work.android

D/agoo.AbsMessage(24557): [startTaskAtDelayed] startTaskAtDelayed[action_ping]

D/agoo.AbsMessage(24557): [startTaskAtDelayed] startTaskAtDelayed[action_ping_unlock]

E/DatabaseUtils( 2934): Writing exception to parcel

E/DatabaseUtils( 2934): java.lang.SecurityException: No permission to write APN settings

E/DatabaseUtils( 2934): 	at com.android.providers.telephony.GsmApnProvider.checkPermission(GsmApnProvider.java:2562)

E/DatabaseUtils( 2934): 	at com.android.providers.telephony.GsmApnProvider.query(GsmApnProvider.java:1813)

E/DatabaseUtils( 2934): 	at android.content.ContentProvider.query(ContentProvider.java:960)

E/DatabaseUtils( 2934): 	at android.content.ContentProvider$Transport.query(ContentProvider.java:220)

E/DatabaseUtils( 2934): 	at android.content.ContentResolver.query(ContentResolver.java:491)

E/DatabaseUtils( 2934): 	at android.content.ContentResolver.query(ContentResolver.java:435)

E/DatabaseUtils( 2934): 	at com.android.providers.telephony.TelephonyProvider.queryDispatch(TelephonyProvider.java:2852)

E/DatabaseUtils( 2934): 	at com.android.providers.telephony.TelephonyProvider.query(TelephonyProvider.java:1816)

E/DatabaseUtils( 2934): 	at android.content.ContentProvider.query(ContentProvider.java:960)

E/DatabaseUtils( 2934): 	at android.content.ContentProvider$Transport.query(ContentProvider.java:220)

E/DatabaseUtils( 2934): 	at android.content.ContentProviderNative.onTransact(ContentProviderNative.java:142)

E/DatabaseUtils( 2934): 	at android.os.Binder.execTransact(Binder.java:454)

D/agoo.PushService$3$1(24557): [run] alipay probe........messageServiceBinder [probe][successfully]

D/agooSdk (24557): this agoo sdkversion=20150615

I/agoo.NewMessagePush(24557): [reConnect]|[seq:reConnect[mLastConnectTime:-1]<[currentTime:1450263590880]] NewMessagePush

D/agoo.NewMessagePush(24557): [reConnect] forceConnect[interval:2000][connectContext:init_connect_2195]

I/agoo.AbsMessage(24557): [stopTask]|[seq:stopTask action[agoo_action_heart]] AbsMessage

D/agoo.AbsMessage(24557): [startTaskAtDelayed] startTaskAtDelayed[agoo_action_re_connect][init_connect_2195]

D/agoo.PushService(24557): [startElection] election next time[current-thread-name:se-service][2015-12-17 18:06:50][timeout:1450079203674] 

I/##COMMON_io.rong.push.PushService.PushHandler:PushHandler(26166): ConnectToServer,the httpString is = {"code":200,"server":"119.254.102.85:8601"}

I/##COMMON_io.rong.push.PushService.PushHandler:PushHandler(26166): ConnectToServer,use the new IP, IP = 119.254.102.85:8601time is:1450263590895

I/UiAutomatorHarbour(25953): response back:21

E/WifiTrafficPoller(  967): ADD_CLIENT: 34

D/WifiService(  967): New client listening to asynchronous messages

D/libc    (22791): [NET] android_getaddrinfofornet+,hn 14(0x3134302e323035),sn(),hints(known),family 0,flags 4

D/libc    (22791): [NET] android_getaddrinfofornet-, SUCCESS

I/PushUtils(26166): getPhoneInformation.the phone information is: HTC|HTC 802t|21|WIFI|46000

I/##COMMON_io.rong.push.PushClient:connect(26166): phone info:HTC|HTC 802t|21|WIFI|46000 push version:2.3.2

I/##COMMON_io.rong.push.PushClient:connect(26166): the socket is established

D/libc    (26166): [NET] android_getaddrinfofornet+,hn 14(0x3131392e323534),sn(),hints(known),family 0,flags 4

D/libc    (26166): [NET] android_getaddrinfofornet-, SUCCESS

I/##COMMON_io.rong.push.PushClient:Handler(26166): CONNACK

I/PushService(26166): The client connect status is:CONNACK

I/##COMMON_io.rong.push.PushService:Connect(26166): Client connect successfully.So start the heart beat.

I/##COMMON_io.rong.push.PushContext:PushContext(26166): startNextHeartbeat

D/PMS     (  967): releaseWL(3b76eb74): PARTIAL_WAKE_LOCK  wake:com.dangdang.buy2/io.rong.push.PushService 0x1 null

V/AlarmManager(  967): sending alarm PendingIntent{33cd5037: PendingIntentRecord{883345e com.dangdang.buy2 broadcastIntent}}, i=action_reconnect, t=2, cnt=1, w=155934957, Int=0

V/AlarmManager(  967): sending alarm PendingIntent{1e6619a4: PendingIntentRecord{621130d cn.goapk.market broadcastIntent}}, i=DXCoreAlarmReceiver, t=1, cnt=1, w=1450263581280, Int=1800000

E/WifiTrafficPoller(  967): TRAFFIC_STATS_POLL true Token 944 num clients 34

E/WifiTrafficPoller(  967):  packet count Tx=458242 Rx=629239

D/MediaProvider(15786): [update][54]#1#

E/WifiStateMachine(  967): handleMessage: E msg.what=131155

E/WifiStateMachine(  967): processMsg: ConnectedState

E/WifiStateMachine(  967):  ConnectedState !CMD_RSSI_POLL 240 0 "alibaba-inc" 1c:aa:07:f5:96:bf rssi=-52 f=5785 sc=60 link=58 tx=46.4, 0.0, 0.0  rx=79.8 bcn=0 [on:0 tx:0 rx:0 period:1533] from screen [on:0 period:-1435353979] gl rssi=-52 ag=0 hr ticks 1,3,32 ls-=0 [56,56,60,60,65] brc=0 lrc=0

E/WifiStateMachine(  967): processMsg: L2ConnectedState

E/WifiStateMachine(  967):  L2ConnectedState !CMD_RSSI_POLL 240 0 "alibaba-inc" 1c:aa:07:f5:96:bf rssi=-52 f=5785 sc=60 link=58 tx=46.4, 0.0, 0.0  rx=79.8 bcn=0 [on:0 tx:0 rx:0 period:1] from screen [on:0 period:-1435353978] gl rssi=-52 ag=0 hr ticks 1,3,32 ls-=0 [56,56,60,60,65] brc=0 lrc=0

E/WifiStateMachine(  967):  get link layer stats 0

W/WifiHW  (  967): QCOM Debug wifi_send_command "IFNAME=wlan0 SIGNAL_POLL"

D/wpa_supplicant( 8936): wlan0: Control interface command 'SIGNAL_POLL'

I/wpa_supplicant( 8936): environment dirty rate=3 [51][2][0]

E/WifiStateMachine(  967): fetchRssiLinkSpeedAndFrequencyNative RSSI = -53 abnormalRssiCnt = 0 newLinkSpeed = 58

E/WifiStateMachine(  967): fetchRssiLinkSpeedAndFrequencyNative rssi=-53 linkspeed=58

E/WifiConfigStore(  967): updateConfiguration freq=5785 BSSID=1c:aa:07:f5:96:bf RSSI=-52 "alibaba-inc"WPA_EAP

E/WifiStateMachine(  967): calculateWifiScore freq=5785 speed=58 score=60 highRSSI  -> txbadrate=0.00 txgoodrate=47.70 txretriesrate=0.00 rxrate=112.40 userTriggerdPenalty0

E/WifiStateMachine(  967):  good link -> stuck count =0

E/WifiStateMachine(  967):  badRSSI count0 lowRSSI count0 --> score 60

E/WifiStateMachine(  967):  isHighRSSI       ---> score=65

D/WifiWatchdogStateMachine(  967): RSSI current: 3 new: -53, 3

E/WifiStateMachine(  967): handleMessage: X

E/cutils-trace(26284): Error opening trace file: No such file or directory (2)

D/MediaProvider(15786): [update][168]#1#

I/ActivityManager(  967): Cannot resolve ContentProvider=com.tencent.mm.coolassist.debugprovider

E/ActivityThread(26252): Failed to find provider info for com.tencent.mm.coolassist.debugprovider

W/jni crash monitor(26252): JNI_OnLoad

W/MicroMsg.xlogger(26252): JNI_Xlog_onCreate

W/linker  (25728): libcodecwrapperV2.so has text relocations. This is wasting memory and prevents security hardening. Please fix.

D/MSF.C.CodecWarpper(25728): [E]set so version to 600

I/System  (25728): exec(/system/bin/sh -c getprop ro.board.platform @ com.tencent.feedback.proguard.a.a:607)

I/System  (25728): exec(/system/bin/sh -c type su @ com.tencent.feedback.proguard.a.a:607)

D/CustomizationManager(26284): ====startRecUseTime====

D/htc.customization.log.level(26284):  is 

W/CustomizationLogLevel(26284): Level value is invalid, use default level 2

I/System  (26252): exec(/system/bin/cat /proc/cpuinfo @ com.tencent.mm.compatible.d.m.oo:198)

E/WifiTrafficPoller(  967): TRAFFIC_STATS_POLL true Token 944 num clients 34

E/WifiTrafficPoller(  967):  packet count Tx=458242 Rx=629290

E/WifiTrafficPoller(  967): notifying of data activity 1

I/System  (26252): exec(/system/bin/cat /sys/devices/system/cpu/cpu0/cpufreq/cpuinfo_max_freq @ com.tencent.mm.compatible.d.l.of:75)

D/libc    (25728): [NET] android_getaddrinfofornet+,hn 17(0x6d6f6e69746f72),sn(),hints(known),family 0,flags 4

D/libc    (25728): [NET] android_getaddrinfofornet-, err=8

D/libc    (25728): [NET] android_getaddrinfofornet+,hn 17(0x6d6f6e69746f72),sn(),hints(known),family 0,flags 1024

D/libc    (25728): [NET] android_getaddrinfofornet-, pass to proxy

D/libc    (25728): [NET] android_getaddrinfo_proxy+

D/libc    (25728): [NET] android_getaddrinfo_proxy get netid:0

D/libc    (  291): [NET] android_getaddrinfofornet+,hn 17(0x6d6f6e69746f72),sn(),hints(known),family 0,flags 1024

D/libc    (  291): [NET] _dns_getaddrinfo+, netid:287, mark:917791

D/libc    (  291): [NET] _dns_getaddrinfo-, (NS_SUCCESS)

D/libc    (  291): [NET] android_getaddrinfofornet-, SUCCESS

D/libc    (25728): [NET] android_getaddrinfo_proxy-, success

D/libc    (25728): [NET] android_getaddrinfofornet+,hn 13(0x3138332e36312e),sn(),hints(known),family 0,flags 4

D/libc    (25728): [NET] android_getaddrinfofornet-, SUCCESS

V/AlarmManager(  967): sending alarm PendingIntent{38f142c2: PendingIntentRecord{251cb8d3 com.alibaba.work.android broadcastIntent}}, i=agoo_action_re_connect, t=1, cnt=1, w=1450263592884, Int=0

W/art     (26252): Suspending all threads took: 15.870ms

D/CustomizationManager(26284):  Read ACC file spent 0.279 (s)

V/CustomizationCIDLoader(26284): full path : /system/customize/CID/default.xml

I/CustomizationCIDLoader(26284): Parsing tag category name = system

I/CustomizationCIDLoader(26284): Parsing tag category name = application

I/CustomizationCIDLoader(26284): Parsing tag category name = SettingsProvider

I/CustomizationCIDLoader(26284): Parsing tag category name = Settings

I/CustomizationCIDLoader(26284): Parsing tag category name = AutomotiveHome

I/CustomizationCIDLoader(26284): Parsing tag category name = ACC

I/CustomizationCIDLoader(26284): add string-array item, value = com.htc.launcher/com.htc.feed.local.calendar.CalendarFeedProvider

D/CustomizationManager(26284):  Read CID file spent 0.408 (s)

D/CustomizationManager(26284):  All configurations done spent 0.408 (s)

E/memtrack(26284): Couldn't load memtrack module (No such file or directory)

E/android.os.Debug(26284): failed to load memtrack module: -2

E/ActTriggerJNI(26284): open library fail.

D/HtcWifiControlRoamOffload: (  967): Receive mPhoneStateListener

D/HtcWifiControlRoamOffload: (  967): Receive mPhoneStateListener, getGsmSignalStrength16

I/ActivityManager(  967): START u0 {act=android.intent.action.SENDTO dat=sms:xxxxxxxxxxx flg=0x10000000 cmp=com.htc.sense.mms/.ui.PreHandleIntentActivity (has extras)} from uid 2000 pid 26284 on display 0

D/PMS     (  967): acquireHCC(13bd2c10): CPU_MIN_NUM ActivityManager-MultiCore-Num 0x8000 967 1000 null

D/PMS     (  967): acquireHCC(2f58d309): CPU_MIN_FREQ ActivityManager-MultiCore-Freq 0x2000 967 1000 null

D/PMS     (  967): acquireWL(2730f93c): PARTIAL_WAKE_LOCK  ActivityManager-Launch 0x1 967 1000 null

W/HtcSystemUPManager(  967): HtcSystemUPHandler The policy is disabled. AppId: activity_history, category: launch

I/ActivityManager(  967): Start proc com.htc.sense.mms for activity com.htc.sense.mms/.ui.PreHandleIntentActivity: pid=26318 uid=10067 gids={50067, 9997, 3003, 1028, 1015, 1023} abi=armeabi-v7a

V/AlarmManager(  967): sending alarm PendingIntent{cd8681a: PendingIntentRecord{3116a46a com.dangdang.buy2 broadcastIntent}}, i=io.rong.push.Connect, t=3, cnt=1, w=155936680, Int=0

D/MessageFrequencyProvider(26318): onCreate

E/Typeface(26318): SANS_LOC file not found.

V/GetPrviateResource(26318): GetPrviateResource

V/GetPrviateResource(26318): GetPrviateResource

D/MessageCustFlag(26318): sense_version=6.0

D/BTAccessoryUtil(26318): createReceiver

D/BTAccessoryUtil(26318): registerReceiver return intent = null

D/Process (26252): killProcess, pid=26252

D/Process (26252): com.tencent.mm.booter.MMReceivers$ToolsProcessReceiver.onReceive:213 android.app.ActivityThread.handleReceiver:2712 android.app.ActivityThread.access$1700:144 

D/MessageCustFlag(26318): sku_id=26

D/Process (  967): killProcessQuiet, pid=26252

I/ActivityManager(  967): Recipient 26252

D/Process (  967): com.android.server.am.ActivityManagerService.appDiedLocked:5094 com.android.server.am.ActivityManagerService$AppDeathRecipient.binderDied:1212 android.os.BinderProxy.sendDeathNotice:559 

E/Typeface(26318): SANS_LOC file not found.

D/MmsAsyncWorkHandler(26318): 

D/MmsAsyncWorkHandler(26318): HM tk = 1800

D/PreHandleIntentActivity(26318): scheme: sms

D/MessageCustFlag(26318): support_mms = true

W/ResourcesManager(25817): Asset path '/system/framework/android.test.runner.jar' does not exist or contains no resources.

E/WifiTrafficPoller(  967): TRAFFIC_STATS_POLL true Token 944 num clients 34

E/WifiTrafficPoller(  967):  packet count Tx=458249 Rx=629330

E/WifiTrafficPoller(  967): notifying of data activity 3

I/ActivityManager(  967): Process com.tencent.mm:tools (pid 26252) has died

D/TelephUtils( 2934): QUERY for  <hidden uri>  [ com.htc.sense.mms ] tid: 202

D/MmsSmsV2Provider( 2934):  slotId = -1000

D/AccFlag ( 2934): sku_id=26

D/AccFlag ( 2934): sku_id=26

D/MmsSmsV2Provider( 2934): recipientIds: 2177

D/MmsSmsV2Provider( 2934): THREAD_QUERY: SELECT contacts.contact_id from contacts, htcthreads WHERE htcthreads.recipient_ids IN (2177) AND  htcthreads._id = contacts.htcthread_id

D/PreHandleIntentActivity(26318): SENDTO threadID > 0

D/MessageCustFlag(26318): sku_id=26

D/SettingsManager(26318): init() new MmsApp.getAppliction()com.htc.sense.mms.MmsApp@2a6ab08c

I/ActivityManager(  967): START u0 {dat=sms:xxxxxxxxxxx cmp=com.htc.sense.mms/.ui.ComposeMessageActivity (has extras)} from uid 10067 pid 26318 on display 0

D/Atlas   (26318): Validating map...

D/PMS     (  967): acquireWL(2730f93c): PARTIAL_WAKE_LOCK  ActivityManager-Launch 0x1 967 1000 null

W/HtcSystemUPManager(  967): HtcSystemUPHandler The policy is disabled. AppId: activity_history, category: launch

E/cutils-trace(26339): Error opening trace file: No such file or directory (2)

E/Typeface(26318): SANS_LOC file not found.

D/ComposeMessageActivity(26318): onCreate

D/CustomizationManager(26339): ====startRecUseTime====

D/htc.customization.log.level(26339):  is 

W/CustomizationLogLevel(26339): Level value is invalid, use default level 2

D/ComposeMessageFragment(26318): onAttach() >>>>>>>>>>>>>>>>>>>>

D/ComposeMessageFragment(26318): onAttach() <<<<<<<<<<<<<<<<<<<<

D/ComposeMessageFragment(26318): onCreate() >>>>>>>>>>>>>>>>>>>>

D/MessageUtils(26318): Text messaging allow status = allow

D/Messaging(26318): EAS allow SMS !!!

D/ComposeMessageFragment(26318): checkIfKeyguardShallBeDismissed()

I/_sendLog(26014): TBSEngine:_sendlog

I/saveToStorage(26014): TBSEngine:commit to storage

I/delay log(26014): TBSEngine:add:[]

I/reqeust[transfer_data](26014): TBSEngine:mCurPackRecordCount=20

I/req[stm=stm_p](26014): TBSEngine:Un2ZrkVH9dF/GMdCflzppQ==||Un2ZrkVbDdi9lvLPvNsVMg==||htc||HTC 802t||1920*1080||3G||Wi-Fi||Unknown||AliworkAndroidForUT||21574062||3.0.2_20151120||67750||-||-||-||Unknown||a||5.0.2||4.3.12.347575||1450263589246||Un2ZrtXBlHIDAIPxYN1Ug5rA||mini||-||-||-||-||_bv=-,_mac=84:7a:88:7d:8f:a3,_umid=Zp7px61PPY9lpO4YQdtgaYikLg23eYtq,_io=1||1450263589344||Page_UsertrackInit||1009||-||-||-||dep=1

I/req[stm=stm_p](26014): Un2ZrkVH9dF/GMdCflzppQ==||Un2ZrkVbDdi9lvLPvNsVMg==||htc||HTC 802t||1920*1080||3G||Wi-Fi||Unknown||AliworkAndroidForUT||21574062||3.0.2_20151120||67750||-||-||-||Unknown||a||5.0.2||4.3.12.347575||1450263589246||Un2ZrtXBlHIDAIPxYN1Ug5rA||mini||-||-||-||-||_bv=-,_mac=84:7a:88:7d:8f:a3,_umid=Zp7px61PPY9lpO4YQdtgaYikLg23eYtq,_io=1||1450263589343||Page_UsertrackInit||1002||-||-||-||binTime=1429586248000_1369804944000,serialNo=HC36BW905914,dep=0

D/libc    (26014): [NET] android_getaddrinfofornet+,hn 18(0x61646173682e6d),sn(),hints(known),family 0,flags 4

D/libc    (26014): [NET] android_getaddrinfofornet-, err=8

D/libc    (26014): [NET] android_getaddrinfofornet+,hn 18(0x61646173682e6d),sn(),hints(known),family 0,flags 1024

I/art     (  303): Explicit concurrent mark sweep GC freed 8678(369KB) AllocSpace objects, 0(0B) LOS objects, 96% free, 158KB/4MB, paused 244us total 19.716ms

I/ActivityManager(  967): Start proc com.dianping.v1 for broadcast com.dianping.v1/com.dianping.base.push.pushservice.PushStartReceiver: pid=26356 uid=10092 gids={50092, 9997, 3003, 1028, 1015, 3002, 3001} abi=armeabi-v7a

D/HfmMessageClient(26318): isHFMRunning->mState: null

D/MessageCustFlag(26318): DD_DS_TYPE = 1

D/ComposeMessageFragment(26318): onWindowFocusChanged> true

D/ComposeMessageFragment(26318): onCreate() <<<<<<<<<<<<<<<<<<<<

D/ComposeMessageFragment(26318): onCreateView() >>>>>>>>>>>>>>>>>>>>

D/libc    (26014): [NET] android_getaddrinfofornet-, pass to proxy

D/libc    (26014): [NET] android_getaddrinfo_proxy+

D/libc    (26014): [NET] android_getaddrinfo_proxy get netid:0

D/libc    (  291): [NET] android_getaddrinfofornet+,hn 18(0x61646173682e6d),sn(),hints(known),family 0,flags 1024

D/libc    (  291): [NET] _dns_getaddrinfo+, netid:287, mark:917791

D/libc    (  291): [NET] _dns_getaddrinfo-, (NS_SUCCESS)

D/libc    (  291): [NET] android_getaddrinfofornet-, SUCCESS

I/art     (  303): Explicit concurrent mark sweep GC freed 5(160B) AllocSpace objects, 0(0B) LOS objects, 96% free, 158KB/4MB, paused 213us total 14.130ms

D/libc    (26014): [NET] android_getaddrinfo_proxy-, success

I/request (26014): TBSEngine:http://adash.m.taobao.com/rest/sur?ak=21574062&av=3.0.2_20151120&c=AliworkAndroidForUT&v=3.0&s=c62bd9ba783e764e70148eba81134583&d=Un2ZrtXBlHIDAIPxYN1Ug5rA&sv=4.3.9&p=a&t=1450263594031&u=&is=0

I/result  (26014): TBSEngine:{"t":1450263595202,"ret":"","success":"success"}

I/request[transfer-data](26014): TBSEngine:delay52ms

I/saveToStorage(26014): TBSEngine:commit to storage

I/request[transfer_data](26014): TBSEngine:skip[no logs]

I/saveToStorage(26014): TBSEngine:commit to storage

I/art     (  303): Explicit concurrent mark sweep GC freed 5(160B) AllocSpace objects, 0(0B) LOS objects, 96% free, 158KB/4MB, paused 183us total 13.337ms

W/art     (25817): Suspending all threads took: 14.497ms

D/Messaging(26318): supportCMAS(SIE)/init? false/true

D/MmsConfig(26318): networkCode: 

D/MmsConfig(26318): SIE smsPri: null

D/MmsConfig(26318): networkCode: 

D/MmsConfig(26318): mIsSMSCHide == false mIsSupportSMSPriority == true

D/MessageCustFlag(26318): sku_id=26

D/MessageCustFlag(26318): sku_id=26

D/MessageCustFlag(26318): sku_id=26

D/MessageCustFlag(26318): sku_id=26

D/CustomizationManager(26339):  Read ACC file spent 0.209 (s)

V/CustomizationCIDLoader(26339): full path : /system/customize/CID/default.xml

I/CustomizationCIDLoader(26339): Parsing tag category name = system

I/CustomizationCIDLoader(26339): Parsing tag category name = application

I/CustomizationCIDLoader(26339): Parsing tag category name = SettingsProvider

I/CustomizationCIDLoader(26339): Parsing tag category name = Settings

I/CustomizationCIDLoader(26339): Parsing tag category name = AutomotiveHome

I/CustomizationCIDLoader(26339): Parsing tag category name = ACC

I/CustomizationCIDLoader(26339): add string-array item, value = com.htc.launcher/com.htc.feed.local.calendar.CalendarFeedProvider

D/ComposeMessageFragment(26318): setContentView(R.layout.compose_message_activity)

D/CustomizationManager(26339):  Read CID file spent 0.380 (s)

D/CustomizationManager(26339):  All configurations done spent 0.381 (s)

D/ComposeMessageFragment(26318): onCreateView() <<<<<<<<<<<<<<<<<<<<

D/ComposeMessageFragment(26318): onActivityCreated() >>>>>>>>>>>>>>>>>>>>

W/System.err(26318): java.lang.ClassNotFoundException: com.android.internal.view.menu.ActionMenuView

E/memtrack(26339): Couldn't load memtrack module (No such file or directory)

E/android.os.Debug(26339): failed to load memtrack module: -2

W/System.err(26318): 	at java.lang.Class.classForName(Native Method)

W/System.err(26318): 	at java.lang.Class.forName(Class.java:308)

W/System.err(26318): 	at java.lang.Class.forName(Class.java:272)

W/System.err(26318): 	at com.htc.widget.ActionBarContainer.<clinit>(ActionBarContainer.java:90)

W/System.err(26318): 	at com.htc.widget.ActionBarExt.getCustomContainer(ActionBarExt.java:187)

W/System.err(26318): 	at com.htc.sense.mms.ui.ComposeMessageFragment.buildActionBar(ComposeMessageFragment.java:4933)

W/System.err(26318): 	at com.htc.sense.mms.ui.ComposeMessageFragment.onActivityCreated(ComposeMessageFragment.java:5253)

W/System.err(26318): 	at android.app.Fragment.performActivityCreated(Fragment.java:2157)

W/System.err(26318): 	at android.app.FragmentManagerImpl.moveToState(FragmentManager.java:930)

W/System.err(26318): 	at android.app.FragmentManagerImpl.moveToState(FragmentManager.java:1115)

W/System.err(26318): 	at android.app.BackStackRecord.run(BackStackRecord.java:833)

W/System.err(26318): 	at android.app.FragmentManagerImpl.execPendingActions(FragmentManager.java:1580)

W/System.err(26318): 	at android.app.Activity.performStart(Activity.java:5976)

W/System.err(26318): 	at android.app.ActivityThread.performLaunchActivity(ActivityThread.java:2374)

W/System.err(26318): 	at android.app.ActivityThread.handleLaunchActivity(ActivityThread.java:2474)

W/System.err(26318): 	at android.app.ActivityThread.access$800(ActivityThread.java:144)

W/System.err(26318): 	at android.app.ActivityThread$H.handleMessage(ActivityThread.java:1359)

W/System.err(26318): 	at android.os.Handler.dispatchMessage(Handler.java:102)

W/System.err(26318): 	at android.os.Looper.loop(Looper.java:155)

W/System.err(26318): 	at android.app.ActivityThread.main(ActivityThread.java:5721)

W/System.err(26318): 	at java.lang.reflect.Method.invoke(Native Method)

W/System.err(26318): 	at java.lang.reflect.Method.invoke(Method.java:372)

W/System.err(26318): 	at com.android.internal.os.ZygoteInit$MethodAndArgsCaller.run(ZygoteInit.java:1029)

W/System.err(26318): 	at com.android.internal.os.ZygoteInit.main(ZygoteInit.java:824)

W/System.err(26318): Caused by: java.lang.ClassNotFoundException: Didn't find class "com.android.internal.view.menu.ActionMenuView" on path: DexPathList[[directory "."],nativeLibraryDirectories=[/vendor/lib, /system/lib]]

W/System.err(26318): 	at dalvik.system.BaseDexClassLoader.findClass(BaseDexClassLoader.java:56)

W/System.err(26318): 	at java.lang.ClassLoader.loadClass(ClassLoader.java:511)

W/System.err(26318): 	at java.lang.ClassLoader.loadClass(ClassLoader.java:469)

W/System.err(26318): 	... 24 more

W/System.err(26318): 	Suppressed: java.lang.ClassNotFoundException: com.android.internal.view.menu.ActionMenuView

W/System.err(26318): 		at java.lang.Class.classForName(Native Method)

W/System.err(26318): 		at java.lang.BootClassLoader.findClass(ClassLoader.java:781)

W/System.err(26318): 		at java.lang.BootClassLoader.loadClass(ClassLoader.java:841)

W/System.err(26318): 		at java.lang.ClassLoader.loadClass(ClassLoader.java:504)

W/System.err(26318): 		... 25 more

W/System.err(26318): 	Caused by: java.lang.NoClassDefFoundError: Class not found using the boot class loader; no stack available

I/MultiDex(26356): VM with version 2.1.0 has multidex support

I/MultiDex(26356): install

I/MultiDex(26356): VM has multidex support, MultiDex support library is disabled.

D/ComposeMessageFragment(26318): set edit panel text size

D/ComposeMessageFragment(26318): onActivityCreated() <<<<<<<<<<<<<<<<<<<<

D/ComposeMessageFragment(26318): onStart() >>>>>>>>>>>>>>>>>>>>

D/ComposeMessageFragment(26318): onStart() <<<<<<<<<<<<<<<<<<<<

D/ComposeMessageActivity(26318): onResume

D/ComposeMessageFragment(26318): onResume() >>>>>>>>>>>>>>>>>>>>

D/ComposeMessageFragment(26318): [HTC_MESSAGES] - ComposeMessageFragment: onResume()

D/HtcBuildUtils(26318): getRATByHtcTelephonyCapability:0

W/SystemReader(26318): Cannot find qct_8960_interface, use default value instead

E/ActTriggerJNI(26339): open library fail.

D/wpa_supplicant( 8936): EAPOL: idleWhile --> 0

D/wpa_supplicant( 8936): EAPOL: disable timer tick

D/MessageUtils(26318): checkAndPopDefaultAppDialog > currentDefaulApp is : com.htc.sense.mms, forcePop = false

D/ComposeMessageFragment(26318): onResume() <<<<<<<<<<<<<<<<<<<<

I/Input   (26339): injectKeyEvent: KeyEvent { action=ACTION_DOWN, keyCode=KEYCODE_ENTER, scanCode=0, metaState=0, flags=0x0, repeatCount=0, eventTime=87029204, downTime=87029204, deviceId=-1, source=0x101 }

D/ComposeMessageFragment(26318): handle message: 7

D/ComposeMessageFragment(26318): isFinishing > false

D/lcast   (26356): lcast server running on port 41128

D/ContactNameCache(26318): refresh:true b_Invalid:false needQuery:true fastQuery:false

D/MessageFrequencyProvider(26318): number is not ManualAdd or empty.

D/MmsSmsV2Provider( 2934):  slotId = -1000

D/MessageCustFlag( 2934): support_lte=false

D/MessageCustFlag( 2934): support_lte=false

D/MessageCustFlag(26318): sku_id=26

D/MessageCustFlag(26318): sku_id=26

E/Typeface(26356): SANS_LOC file not found.

D/MessageCustFlag( 2934): support_lte=false

D/MessageCustFlag( 2934): support_lte=false

D/MessageCustFlag(26318): sku_id=26

D/MessageCustFlag(26318): sku_id=26

D/MessageCustFlag( 2934): support_lte=false

D/MessageCustFlag( 2934): support_lte=false

D/MessageCustFlag(26318): sku_id=26

D/MessageCustFlag(26318): sku_id=26

D/MessageCustFlag( 2934): support_lte=false

D/MessageCustFlag( 2934): support_lte=false

D/MessageCustFlag(26318): sku_id=26

D/MessageCustFlag(26318): sku_id=26

E/WifiTrafficPoller(  967): TRAFFIC_STATS_POLL true Token 944 num clients 34

E/WifiTrafficPoller(  967):  packet count Tx=458256 Rx=629387

D/PMS     (  967): releaseHCC(13bd2c10): CPU_MIN_NUM ActivityManager-MultiCore-Num 0x8000 null

D/PMS     (  967): releaseHCC(2f58d309): CPU_MIN_FREQ ActivityManager-MultiCore-Freq 0x2000 null

D/TelephUtils( 2934): QUERY for  <hidden uri>  [ com.htc.sense.mms ] tid: 202

D/AccFlag ( 2934): sku_id=26

D/MessageUtils(26318): checkAndPopDefaultAppDialog > currentDefaulApp is : com.htc.sense.mms, forcePop = true

D/ComposeMessageFragment(26318): handle message: 8

D/libc    (23076): [NET] android_getaddrinfofornet+,hn 13(0x35382e3231352e),sn(),hints(known),family 0,flags 4

D/libc    (23076): [NET] android_getaddrinfofornet-, SUCCESS

D/libc    (23076): [NET] android_getaddrinfofornet+,hn 13(0x35382e3231352e),sn(),hints(known),family 0,flags 4

D/libc    (23076): [NET] android_getaddrinfofornet-, SUCCESS

D/ComposeMessageFragment(26318):  recipientsEditorOnFocusChangeEvent

D/ComposeRecipientHelper(26318): add single receiver to UI: recipient size = 1

D/ComposeRecipientHelper(26318): add custom action button to UI: recipient size = 1

D/ComposeMessageFragment(26318):  recipientsEditorOnFocusChangeEvent

D/ComposeMessageFragment(26318): isFinishing > false

D/MessageCustFlag( 2934): support_lte=false

D/MessageCustFlag( 2934): support_lte=false

D/MessageCustFlag(26318): sku_id=26

D/MessageCustFlag(26318): sku_id=26

D/StatusBarManagerService(  967): setSystemUiVisibility(0x40000500)

D/StatusBarManagerService(  967): manageDisableList userId=0 what=0x0 pkg=WindowManager.LayoutParams

D/StatusBarManagerService(  967): hiding MENU key

D/FindExtension(26318): FindExtension: before mHardwareRenderer.initialize, mSurface.isValid() = true

I/Adreno-EGL(26318): <qeglDrvAPI_eglInitialize:410>: EGL 1.4 QUALCOMM build: AU_LINUX_ANDROID_LA.AF.1.1_RB1.05.00.02.006.020 - CR771817 ()

I/Adreno-EGL(26318): OpenGL ES Shader Compiler Version: E031.25.03.06

I/Adreno-EGL(26318): Build Date: 03/04/15 Wed

I/Adreno-EGL(26318): Local Branch: 

I/Adreno-EGL(26318): Remote Branch: refs/tags/AU_LINUX_ANDROID_LA.AF.1.1_RB1.05.00.02.006.020

I/Adreno-EGL(26318): Local Patches: NONE

I/Adreno-EGL(26318): Reconstruct Branch: NOTHING

E/WifiDataStallTracker(  967): DATA_MONITOR_POLL true Token 282

D/WifiDataStallTracker(  967): updateDataStallInfo: mDataStallTxRxSum={txSum=303380 rxSum=220199} preTxRxSum={txSum=303336 rxSum=220167}

D/WifiDataStallTracker(  967): updateDataStallInfo: IN/OUT

D/WifiDataStallTracker(  967): onDataStallAlarm: Sent 0 pkts since last received, < watchdogTrigger=5

I/ThreadedRenderer(26318): Defer allocateBuffers to drawing time

W/ViewRootImpl(26318): Dropping event due to no window focus: KeyEvent { action=ACTION_DOWN, keyCode=KEYCODE_ENTER, scanCode=0, metaState=0, flags=0x0, repeatCount=0, eventTime=87029204, downTime=87029204, deviceId=-1, source=0x101 }

D/ComposeMessageFragment(26318): handle message: 8

D/ComposeMessageFragment(26318):  recipientsEditorOnFocusChangeEvent

I/Input   (26339): injectKeyEvent: KeyEvent { action=ACTION_UP, keyCode=KEYCODE_ENTER, scanCode=0, metaState=0, flags=0x0, repeatCount=0, eventTime=87029204, downTime=87029204, deviceId=-1, source=0x101 }

W/beacon  (26356): API Level: 21

D/ComposeMessageFragment(26318):  recipientsEditorOnFocusChangeEvent

D/ComposeMessageFragment(26318): isFinishing > false

D/MessageCustFlag( 2934): support_lte=false

D/MessageCustFlag( 2934): support_lte=false

D/MessageCustFlag(26318): sku_id=26

D/MessageCustFlag(26318): sku_id=26

D/ComposeMessageFragment(26318): ComposeMessageFragment{17fdt3 #0 @z943k0 ComposeMessageFragment}, onActivityDispatchKeyUp

D/ComposeMessageFragment(26318): isFinishing > false

E/WifiStateMachine(  967): handleMessage: E msg.what=131155

E/WifiStateMachine(  967): processMsg: ConnectedState

E/WifiStateMachine(  967):  ConnectedState !CMD_RSSI_POLL 240 0 "alibaba-inc" 1c:aa:07:f5:96:bf rssi=-53 f=5785 sc=60 link=58 tx=47.7, 0.0, 0.0  rx=112.4 bcn=0 [on:0 tx:0 rx:0 period:3004] from screen [on:0 period:-1435350969] gl rssi=-53 ag=0 hr ticks 1,3,32 ls-=0 [56,56,60,60,65] brc=0 lrc=0

E/WifiStateMachine(  967): processMsg: L2ConnectedState

E/WifiStateMachine(  967):  L2ConnectedState !CMD_RSSI_POLL 240 0 "alibaba-inc" 1c:aa:07:f5:96:bf rssi=-53 f=5785 sc=60 link=58 tx=47.7, 0.0, 0.0  rx=112.4 bcn=0 [on:0 tx:0 rx:0 period:2] from screen [on:0 period:-1435350967] gl rssi=-53 ag=0 hr ticks 1,3,32 ls-=0 [56,56,60,60,65] brc=0 lrc=0

E/WifiStateMachine(  967):  get link layer stats 0

W/WifiHW  (  967): QCOM Debug wifi_send_command "IFNAME=wlan0 SIGNAL_POLL"

D/wpa_supplicant( 8936): wlan0: Control interface command 'SIGNAL_POLL'

D/ComposeMessageFragment(26318): isFinishing > false

D/ComposeMessageFragment(26318): onConatctInfoChange

I/wpa_supplicant( 8936): environment dirty rate=5 [18][1][0]

D/ContactNameCache(26318): refresh:true b_Invalid:false needQuery:false fastQuery:false

D/RecipientList(26318): indexOf(r)0

D/ComposeMessageFragment(26318): refreshList ok

E/WifiStateMachine(  967): fetchRssiLinkSpeedAndFrequencyNative RSSI = -52 abnormalRssiCnt = 0 newLinkSpeed = 58

E/WifiStateMachine(  967): fetchRssiLinkSpeedAndFrequencyNative rssi=-52 linkspeed=58

E/WifiConfigStore(  967): updateConfiguration freq=5785 BSSID=1c:aa:07:f5:96:bf RSSI=-52 "alibaba-inc"WPA_EAP

E/WifiStateMachine(  967): calculateWifiScore freq=5785 speed=58 score=60 highRSSI  -> txbadrate=0.00 txgoodrate=32.85 txretriesrate=0.00 rxrate=126.20 userTriggerdPenalty0

E/WifiStateMachine(  967):  good link -> stuck count =0

E/WifiStateMachine(  967):  badRSSI count0 lowRSSI count0 --> score 60

E/WifiStateMachine(  967):  isHighRSSI       ---> score=65

E/WifiStateMachine(  967): handleMessage: X

D/WifiWatchdogStateMachine(  967): RSSI current: 3 new: -52, 3

D/ComposeMessageFragment(26318): onCreateOptionsMenu >>>>

D/ComposeMessageFragment(26318): call ThreadPhoneNumberCount()

I/ActivityManager(  967): Displayed com.htc.sense.mms/.ui.ComposeMessageActivity: +1s451ms (total +2s54ms)

D/ComposeMessageFragment(26318): onCreateOptionsMenu <<<<

D/ComposeMessageFragment(26318): onPrepareOptionsMenu >>>>

D/ComposeMessageFragment(26318): onPrepareOptionsMenu <<<<

I/UiAutomatorHarbour(25953): receiced:{"command":"pressDPadRight","params":[{"key":"no"}]}

D/ComposeMessageFragment(26318): onPrepareOptionsMenu >>>>

D/ComposeMessageFragment(26318): onPrepareOptionsMenu <<<<

D/ComposeMessageFragment(26318): ComposeMessageFragment{17fdt3 #0 @z943k0 ComposeMessageFragment}, onActivityDispatchKeyUp

W/ViewRootImpl(26318): Dropping event due to no window focus: KeyEvent { action=ACTION_DOWN, keyCode=KEYCODE_DPAD_RIGHT, scanCode=0, metaState=0, flags=0x0, repeatCount=0, eventTime=87030044, downTime=87030044, deviceId=-1, source=0x101 }

I/UiAutomatorHarbour(25953): response back:true

D/ComposeMessageFragment(26318): onWindowFocusChanged> true

I/UiAutomatorHarbour(25953): receiced:{"command":"pressEnter","params":[{"key":"no"}]}

I/InputMethodManager(26318): [startInputInner] EditorInfo { packageName=com.htc.sense.mms, inputType=0x824981, imeOptions=0x46000006, privateImeOptions=theme_text_selection_color:ff38b0ef|theme_overlay_color:ff38b0ef|theme_category_color:ff0086cb }, windowGainingFocus=android.view.ViewRootImpl$W@70fd755, mServedView=com.htc.sense.mms.ui.MessageTextEditor{e3672b0 VFED..CL .F....I. 0,0-1080,219 #7f0e0034 app:id/msg_text_editor}, mServedInputConnectionWrapper=android.view.inputmethod.InputMethodManager$ControlledInputConnectionWrapper@3618c56a

I/InputMethodManagerService(  967): windowGainedFocus, inputState=1, softInputMode=0x111, pid=26318

