
D/PMS     (  967): releaseWL(100b6d9f): PARTIAL_WAKE_LOCK  ActivityManager-Launch 0x1 null

I/ActivityManager(  967): Start proc com.htc.bgp for broadcast com.htc.htclocationservice/.AutoSettingReceiver: pid=23794 uid=10025 gids={50025, 9997, 1028, 1015, 5001, 5011, 2001, 3003} abi=armeabi-v7a

D/PMS     (  967): releaseWL(3dc33803): PARTIAL_WAKE_LOCK  WakerLock:838198232 0x1 null

W/ResourcesManager(23794): Asset path '/system/framework/android.test.runner.jar' does not exist or contains no resources.

I/ActivityManager(  967): Start proc com.taobao.taobao for service com.taobao.taobao/com.alibaba.mtl.appmonitor.AppMonitorService: pid=23816 uid=10183 gids={50183, 9997, 3003, 1028, 1015, 3002, 3001} abi=armeabi

I/ActivityManager(  967): Start proc com.sina.weibo for service com.sina.weibo/.push.PushServiceProxy: pid=23825 uid=10317 gids={50317, 9997, 3003, 1028, 1015, 3002, 3001} abi=armeabi

D/PMS     (  967): releaseWL(27d2c7ac): PARTIAL_WAKE_LOCK  WakerLock:383870188 0x1 null

D/PMS     (  967): acquireWL(131280b2): PARTIAL_WAKE_LOCK  WakerLock:9231939 0x1 9399 10251 null

D/PMS     (  967): acquireWL(9cbf1c8): PARTIAL_WAKE_LOCK  WakerLock:838198232 0x1 9399 10251 null

D/PMS     (  967): releaseWL(131280b2): PARTIAL_WAKE_LOCK  WakerLock:9231939 0x1 null

D/WifiService(  967): New client listening to asynchronous messages

I/ActivityManager(  967): Start proc com.htc.widget.hmsproc2 for broadcast com.htc.widget.weatherclock/.util.WidgetReceiver: pid=23854 uid=10043 gids={50043, 9997, 3002, 3001, 3003} abi=armeabi-v7a

I/ActivityManager(  967): Killing 21958:com.sohu.inputmethod.sogou:classic/u0a172 (adj 15): empty #17

D/PMS     (  967): acquireWL(18311261): PARTIAL_WAKE_LOCK  WakerLock:383870188 0x1 9399 10251 null

D/PMS     (  967): acquireWL(1c81f380): PARTIAL_WAKE_LOCK  WakerLock:852002309 0x1 9399 10251 null

D/PMS     (  967): releaseWL(1c81f380): PARTIAL_WAKE_LOCK  WakerLock:852002309 0x1 null

D/PMS     (  967): acquireWL(9cbf1c8): PARTIAL_WAKE_LOCK  WakerLock:838198232 0x1 9399 10251 null

D/PMS     (  967): acquireWL(9cbf1c8): PARTIAL_WAKE_LOCK  WakerLock:838198232 0x1 9399 10251 null

I/ActivityManager(  967): Recipient 21958

D/WifiService(  967): Client connection lost with reason: 4

W/ActivityManager(  967): Unable to start service Intent { act=org.rome.sdk.IPP_CALL cmp=com.taobao.trip/com.alipay.pushsdk.push.AppInfoRecvIntentService } U=0: not found

W/ActivityManager(  967): Unable to start service Intent { cmp=com.htc.htclocationservice/.PhoneStateMonitorService } U=0: not found

D/PMS     (  967): acquireWL(3574f3e3): PARTIAL_WAKE_LOCK  AudioMix 0x1 0 1013 null

D/PMS     (  967): releaseWL(3574f3e3): PARTIAL_WAKE_LOCK  AudioMix 0x1 null

D/PMS     (  967): acquireWL(29ad31e0): PARTIAL_WAKE_LOCK  AudioMix 0x1 0 1013 null

D/PMS     (  967): releaseWL(29ad31e0): PARTIAL_WAKE_LOCK  AudioMix 0x1 null

D/PMS     (  967): acquireWL(3730ac99): PARTIAL_WAKE_LOCK  AudioMix 0x1 0 1013 null

D/PMS     (  967): releaseWL(3730ac99): PARTIAL_WAKE_LOCK  AudioMix 0x1 null

D/PMS     (  967): acquireWL(2ba64b5e): PARTIAL_WAKE_LOCK  AudioMix 0x1 0 1013 null

D/PMS     (  967): releaseWL(2ba64b5e): PARTIAL_WAKE_LOCK  AudioMix 0x1 null

D/PMS     (  967): acquireWL(2978eb3f): PARTIAL_WAKE_LOCK  AudioMix 0x1 0 1013 null

D/PMS     (  967): releaseWL(2978eb3f): PARTIAL_WAKE_LOCK  AudioMix 0x1 null

D/PMS     (  967): acquireWL(31e38c0c): PARTIAL_WAKE_LOCK  AudioMix 0x1 0 1013 null

D/PMS     (  967): releaseWL(31e38c0c): PARTIAL_WAKE_LOCK  AudioMix 0x1 null

D/PMS     (  967): acquireWL(2fd67955): PARTIAL_WAKE_LOCK  AudioMix 0x1 0 1013 null

D/PMS     (  967): releaseWL(2fd67955): PARTIAL_WAKE_LOCK  AudioMix 0x1 null

D/PMS     (  967): acquireWL(2407bf6a): PARTIAL_WAKE_LOCK  AudioMix 0x1 0 1013 null

D/PMS     (  967): releaseWL(2407bf6a): PARTIAL_WAKE_LOCK  AudioMix 0x1 null

D/PMS     (  967): acquireWL(299afc5b): PARTIAL_WAKE_LOCK  AudioMix 0x1 0 1013 null

D/PMS     (  967): releaseWL(299afc5b): PARTIAL_WAKE_LOCK  AudioMix 0x1 null

D/PMS     (  967): acquireWL(39435cf8): PARTIAL_WAKE_LOCK  AudioMix 0x1 0 1013 null

D/PMS     (  967): releaseWL(39435cf8): PARTIAL_WAKE_LOCK  AudioMix 0x1 null

D/PMS     (  967): acquireWL(7d255d1): PARTIAL_WAKE_LOCK  AudioMix 0x1 0 1013 null

D/PMS     (  967): releaseWL(7d255d1): PARTIAL_WAKE_LOCK  AudioMix 0x1 null

D/PMS     (  967): acquireWL(1b5a6836): PARTIAL_WAKE_LOCK  AudioMix 0x1 0 1013 null

D/PMS     (  967): releaseWL(1b5a6836): PARTIAL_WAKE_LOCK  AudioMix 0x1 null

D/PMS     (  967): acquireWL(1030337): PARTIAL_WAKE_LOCK  AudioMix 0x1 0 1013 null

D/PMS     (  967): releaseWL(1030337): PARTIAL_WAKE_LOCK  AudioMix 0x1 null

D/PMS     (  967): acquireWL(ccd50a4): PARTIAL_WAKE_LOCK  AudioMix 0x1 0 1013 null

D/PMS     (  967): releaseWL(ccd50a4): PARTIAL_WAKE_LOCK  AudioMix 0x1 null

D/PMS     (  967): acquireWL(4d57e0d): PARTIAL_WAKE_LOCK  AudioMix 0x1 0 1013 null

D/PMS     (  967): releaseWL(4d57e0d): PARTIAL_WAKE_LOCK  AudioMix 0x1 null

D/PMS     (  967): releaseWL(348f028b): PARTIAL_WAKE_LOCK  encrypted_tag 0x1 null

I/ActivityManager(  967): Start proc com.htc.android.worldclock for broadcast com.htc.android.worldclock/.alarmclock.AlarmReceiver: pid=23896 uid=10148 gids={50148, 9997, 1028} abi=armeabi-v7a

D/PMS     (  967): releaseWL(18311261): PARTIAL_WAKE_LOCK  WakerLock:383870188 0x1 null

D/PMS     (  967): releaseWL(9cbf1c8): PARTIAL_WAKE_LOCK  WakerLock:838198232 0x1 null

D/PMS     (  967): acquireWL(39a961c5): PARTIAL_WAKE_LOCK  WakerLock:9231939 0x1 9399 10251 null

D/PMS     (  967): acquireWL(c46d71a): PARTIAL_WAKE_LOCK  WakerLock:838198232 0x1 9399 10251 null

D/PMS     (  967): acquireWL(7cfb24b): PARTIAL_WAKE_LOCK  WakerLock:852002309 0x1 9399 10251 null

D/WifiService(  967): New client listening to asynchronous messages

D/PMS     (  967): acquireWL(c46d71a): PARTIAL_WAKE_LOCK  WakerLock:838198232 0x1 9399 10251 null

I/ActivityManager(  967): Start proc com.htc.task for broadcast com.htc.task/.TodoReceiverTimeZone: pid=23946 uid=10117 gids={50117, 9997, 1023, 3003, 1028, 1015} abi=armeabi-v7a

D/PMS     (  967): releaseWL(c46d71a): PARTIAL_WAKE_LOCK  WakerLock:838198232 0x1 null

D/PMS     (  967): acquireWL(28d31970): PARTIAL_WAKE_LOCK  ActivityManager-Launch 0x1 967 1000 null

W/ActivityManager(  967): Duplicate finish request for ActivityRecord{383e4eec u0 com.tencent.mm/.plugin.voip.ui.VideoActivity t8886 f}

D/StatusBarManagerService(  967): manageDisableList userId=0 what=0x0 pkg=com.android.systemui

I/ActivityManager(  967): Waited long enough for: ServiceRecord{2b3dd90a u0 com.dangdang.buy2/com.xiaomi.push.service.XMPushService}

W/ActivityManager(  967): Duplicate finish request for ActivityRecord{383e4eec u0 com.tencent.mm/.plugin.voip.ui.VideoActivity t8886 f}

D/PMS     (  967): releaseWL(39a961c5): PARTIAL_WAKE_LOCK  WakerLock:9231939 0x1 null

D/PMS     (  967): acquireWL(d311a59): PARTIAL_WAKE_LOCK  WakerLock:838198232 0x1 9399 10251 null

D/PMS     (  967): releaseWL(7cfb24b): PARTIAL_WAKE_LOCK  WakerLock:852002309 0x1 null

D/StatusBarManagerService(  967): setSystemUiVisibility(0x8600)

D/StatusBarManagerService(  967): manageDisableList userId=0 what=0x0 pkg=WindowManager.LayoutParams

D/StatusBarManagerService(  967): hiding MENU key

W/ActivityManager(  967): getTasks: caller 10251 does not hold GET_TASKS; limiting output

I/ActivityManager(  967): Killing 22016:sogou.mobile.explorer.hotwords/u0a172 (adj 15): empty #17

D/PMS     (  967): releaseWL(d311a59): PARTIAL_WAKE_LOCK  WakerLock:838198232 0x1 null

I/InputMethodManagerService(  967): Disable input method client, pid=20050

D/StatusBarManagerService(  967): swetImeWindowStatus vis=0 backDisposition=0

I/InputMethodManagerService(  967): Enable input method client, pid=4708

I/ActivityManager(  967): Recipient 22016

D/PMS     (  967): acquireWL(2ed00315): PARTIAL_WAKE_LOCK  WakerLock:9231939 0x1 9399 10251 null

D/PMS     (  967): acquireWL(6bfe62a): PARTIAL_WAKE_LOCK  WakerLock:383870188 0x1 9399 10251 null

D/PMS     (  967): acquireWL(651fc1b): PARTIAL_WAKE_LOCK  WakerLock:332485180 0x1 4708 10251 null

D/PMS     (  967): acquireWL(2ed00315): PARTIAL_WAKE_LOCK  WakerLock:9231939 0x1 9399 10251 null

I/ActivityManager(  967): Start proc sogou.mobile.explorer.hotwords for service com.sohu.inputmethod.sogou/sogou.mobile.explorer.hotwords.entrance.SogouInputEntranceService: pid=24034 uid=10172 gids={50172, 9997, 3003, 1028, 1015} abi=armeabi

D/PMS     (  967): releaseWL(2845740a): PARTIAL_WAKE_LOCK  WakerLock:756391418 0x1 null

D/PMS     (  967): acquireWL(2ed00315): PARTIAL_WAKE_LOCK  WakerLock:9231939 0x1 9399 10251 null

D/PMS     (  967): acquireWL(39ac1b8): PARTIAL_WAKE_LOCK  WakerLock:756391418 0x1 4708 10251 null

D/PMS     (  967): acquireWL(6bfe62a): PARTIAL_WAKE_LOCK  WakerLock:383870188 0x1 9399 10251 null

I/ActivityManager(  967): Start proc com.yiwang for broadcast com.yiwang/com.umeng.message.UmengBroadcastReceiver: pid=24052 uid=10145 gids={50145, 9997, 3003, 1028, 1015} abi=armeabi-v7a

D/PMS     (  967): acquireWL(3c3abb91): PARTIAL_WAKE_LOCK  WakerLock:838198232 0x1 9399 10251 null

D/PMS     (  967): acquireWL(308a3ef7): PARTIAL_WAKE_LOCK  WakerLock:852002309 0x1 9399 10251 null

D/PMS     (  967): acquireWL(34164164): PARTIAL_WAKE_LOCK  WakerLock:522331444 0x1 4708 10251 null

D/PMS     (  967): acquireWL(3c3abb91): PARTIAL_WAKE_LOCK  WakerLock:838198232 0x1 9399 10251 null

D/PMS     (  967): releaseWL(39ac1b8): PARTIAL_WAKE_LOCK  WakerLock:756391418 0x1 null

D/PMS     (  967): acquireWL(2cbe7fcd): PARTIAL_WAKE_LOCK  WakerLock:756391418 0x1 4708 10251 null

D/PMS     (  967): acquireWL(6bfe62a): PARTIAL_WAKE_LOCK  WakerLock:383870188 0x1 9399 10251 null

D/PMS     (  967): acquireWL(2ed00315): PARTIAL_WAKE_LOCK  WakerLock:9231939 0x1 9399 10251 null

D/PMS     (  967): releaseWL(362c9f68): SCREEN_BRIGHT_WAKE_LOCK  ON_AFTER_RELEASE WindowManager 0x2000000a WorkSource{10251}

D/PMS     (  967): acquireWL(6bfe62a): PARTIAL_WAKE_LOCK  WakerLock:383870188 0x1 9399 10251 null

D/PMS     (  967): acquireWL(3c3abb91): PARTIAL_WAKE_LOCK  WakerLock:838198232 0x1 9399 10251 null

D/PMS     (  967): acquireWL(308a3ef7): PARTIAL_WAKE_LOCK  WakerLock:852002309 0x1 9399 10251 null

D/PMS     (  967): acquireWL(3c3abb91): PARTIAL_WAKE_LOCK  WakerLock:838198232 0x1 9399 10251 null

V/AlarmManager(  967): sending alarm PendingIntent{3d9b1082: PendingIntentRecord{99d393 com.eg.android.AlipayGphone broadcastIntent}}, i=com.eg.android.AlipayGphone.push.action.KEEPLIVE, t=0, cnt=1, w=1450263550206, Int=0

D/PMS     (  967): releaseWL(28d31970): PARTIAL_WAKE_LOCK  ActivityManager-Launch 0x1 null

W/ActivityManager(  967): getTasks: caller 10251 does not hold GET_TASKS; limiting output

D/WifiService(  967): New client listening to asynchronous messages

I/ActivityManager(  967): Killing 22207:com.android.settings/1000 (adj 15): empty #17

I/ActivityManager(  967): Recipient 22207

D/WifiService(  967): Client connection lost with reason: 4

D/PMS     (  967): releaseWL(3c3abb91): PARTIAL_WAKE_LOCK  WakerLock:838198232 0x1 null

W/ActivityManager(  967): Unable to start service Intent { cmp=sogou.mobile.explorer/.ActivateBrowserService } U=0: not found

D/PMS     (  967): releaseWL(6bfe62a): PARTIAL_WAKE_LOCK  WakerLock:383870188 0x1 null

D/WifiService(  967): New client listening to asynchronous messages

I/ActivityManager(  967): Killing 22760:com.UCMobile/u0a128 (adj 15): empty #17

I/ActivityManager(  967): Recipient 22760

D/WifiService(  967): Client connection lost with reason: 4

D/PMS     (  967): releaseWL(2ed00315): PARTIAL_WAKE_LOCK  WakerLock:9231939 0x1 null

D/PMS     (  967): acquireWL(ff0ab01): PARTIAL_WAKE_LOCK  WakerLock:383870188 0x1 9399 10251 null

D/PMS     (  967): acquireWL(3a3bf63d): PARTIAL_WAKE_LOCK  AGOO_LIB 0x1 24052 10145 null

D/PMS     (  967): acquireWL(152ec783): PARTIAL_WAKE_LOCK  WakerLock:838198232 0x1 9399 10251 null

I/ActivityManager(  967): Start proc com.yunos.tvhelper for broadcast com.yunos.tvhelper/com.taobao.agoo.RegistrationReceiver: pid=24119 uid=10158 gids={50158, 9997, 3003, 1028, 1015, 3002} abi=armeabi

D/PMS     (  967): acquireWL(18070d00): PARTIAL_WAKE_LOCK  WakerLock:344343065 0x1 4708 10251 null

D/PMS     (  967): acquireWL(2ef6b939): PARTIAL_WAKE_LOCK  WakerLock:9231939 0x1 9399 10251 null

D/PMS     (  967): releaseWL(2cbe7fcd): PARTIAL_WAKE_LOCK  WakerLock:756391418 0x1 null

D/PMS     (  967): acquireWL(26926b7e): PARTIAL_WAKE_LOCK  WakerLock:756391418 0x1 4708 10251 null

D/PMS     (  967): releaseWL(9a18f84): PARTIAL_WAKE_LOCK  AudioMix 0x1 null

D/PMS     (  967): acquireWL(2ef6b939): PARTIAL_WAKE_LOCK  WakerLock:9231939 0x1 9399 10251 null

D/PMS     (  967): acquireWL(ff0ab01): PARTIAL_WAKE_LOCK  WakerLock:383870188 0x1 9399 10251 null

D/PMS     (  967): releaseWL(308a3ef7): PARTIAL_WAKE_LOCK  WakerLock:852002309 0x1 null

D/PMS     (  967): acquireWL(152ec783): PARTIAL_WAKE_LOCK  WakerLock:838198232 0x1 9399 10251 null

D/PMS     (  967): releaseWL(3a3bf63d): PARTIAL_WAKE_LOCK  AGOO_LIB 0x1 null

D/PMS     (  967): acquireWL(149e8065): PARTIAL_WAKE_LOCK  WakerLock:852002309 0x1 9399 10251 null

I/ActivityManager(  967): Killing 22821:com.alibaba.work.android/u0a304 (adj 15): empty #17

D/PMS     (  967): acquireWL(152ec783): PARTIAL_WAKE_LOCK  WakerLock:838198232 0x1 9399 10251 null

I/ActivityManager(  967): Recipient 22821

D/WifiService(  967): Client connection lost with reason: 4

E/libprocessgroup(  967): failed to kill 1 processes for processgroup 22821

D/PMS     (  967): releaseWL(26926b7e): PARTIAL_WAKE_LOCK  WakerLock:756391418 0x1 null

D/PMS     (  967): acquireWL(32de4363): PARTIAL_WAKE_LOCK  GpsLocationProvider 0x1 967 1000 null

D/QMI_FW  (  967): QCCI: QMI_CCI_TX: cntl_flag - 00, txn_id - 154c, msg_id - 004a, msg_len - 0007

D/QMI_FW  (  967): QCCI: QMUXD: xport_send[1 -> 16]: 14 bytes on conn_id=9

D/PMS     (  967): releaseWL(32de4363): PARTIAL_WAKE_LOCK  GpsLocationProvider 0x1 null

D/PMS     (  967): acquireWL(ff0ab01): PARTIAL_WAKE_LOCK  WakerLock:383870188 0x1 9399 10251 null

D/PMS     (  967): acquireWL(10354819): PARTIAL_WAKE_LOCK  LocationManagerService 0x1 967 1000 WorkSource{10145 com.yiwang}

D/QMI_FW  (  967): QCCI: QMUXD: xport_rx[1 <- 16]: 14 bytes on conn_id: 9

D/QMI_FW  (  967): QCCI: QMI_CCI_RX: cntl_flag - 02, txn_id - 154c, msg_id - 004a, msg_len - 0007

D/QMI_FW  (  967): QCCI: QMUXD: xport_rx[1 <- 16]: 14 bytes on conn_id: 9

D/QMI_FW  (  967): QCCI: QMI_CCI_RX: cntl_flag - 04, txn_id - 0000, msg_id - 004a, msg_len - 0007

D/QMI_FW  (  967): QCCI: QMI_CCI_TX: cntl_flag - 00, txn_id - 154d, msg_id - 0022, msg_len - 0019

D/QMI_FW  (  967): QCCI: QMUXD: xport_send[1 -> 16]: 32 bytes on conn_id=9

D/PMS     (  967): acquireWL(3efd80de): PARTIAL_WAKE_LOCK  LocationManagerService 0x1 967 1000 WorkSource{1000 android}

D/PMS     (  967): releaseWL(3efd80de): PARTIAL_WAKE_LOCK  LocationManagerService 0x1 WorkSource{1000 android}

D/QMI_FW  (  967): QCCI: QMUXD: xport_rx[1 <- 16]: 14 bytes on conn_id: 9

D/QMI_FW  (  967): QCCI: QMI_CCI_RX: cntl_flag - 02, txn_id - 154d, msg_id - 0022, msg_len - 0007

D/QMI_FW  (  967): QCCI: QMI_CCI_TX: cntl_flag - 00, txn_id - 154e, msg_id - 0023, msg_len - 0004

D/QMI_FW  (  967): QCCI: QMUXD: xport_send[1 -> 16]: 11 bytes on conn_id=9

I/ActivityManager(  967): moveTaskToBack: TaskRecord{10ce3546 #8886 A=com.tencent.mm U=0 sz=1}

D/QMI_FW  (  967): QCCI: QMUXD: xport_rx[1 <- 16]: 14 bytes on conn_id: 9

D/QMI_FW  (  967): QCCI: QMI_CCI_RX: cntl_flag - 02, txn_id - 154e, msg_id - 0023, msg_len - 0007

D/QMI_FW  (  967): QCCI: QMUXD: xport_rx[1 <- 16]: 25 bytes on conn_id: 9

D/QMI_FW  (  967): QCCI: QMI_CCI_RX: cntl_flag - 04, txn_id - 0000, msg_id - 0024, msg_len - 0012

D/PMS     (  967): acquireWL(315cccea): PARTIAL_WAKE_LOCK  ActivityManager-Launch 0x1 967 1000 null

D/QMI_FW  (  967): QCCI: QMI_CCI_TX: cntl_flag - 00, txn_id - 154f, msg_id - 0039, msg_len - 0021

D/QMI_FW  (  967): QCCI: QMUXD: xport_send[1 -> 16]: 40 bytes on conn_id=9

D/QMI_FW  (  967): QCCI: QMUXD: xport_rx[1 <- 16]: 14 bytes on conn_id: 9

D/QMI_FW  (  967): QCCI: QMI_CCI_RX: cntl_flag - 02, txn_id - 154f, msg_id - 0039, msg_len - 0007

D/QMI_FW  (  967): QCCI: QMUXD: xport_rx[1 <- 16]: 14 bytes on conn_id: 9

D/QMI_FW  (  967): QCCI: QMI_CCI_RX: cntl_flag - 04, txn_id - 0000, msg_id - 0039, msg_len - 0007

D/QMI_FW  (  967): QCCI: QMI_CCI_TX: cntl_flag - 00, txn_id - 1550, msg_id - 0039, msg_len - 0021

D/QMI_FW  (  967): QCCI: QMUXD: xport_send[1 -> 16]: 40 bytes on conn_id=9

D/PMS     (  967): releaseWL(ff0ab01): PARTIAL_WAKE_LOCK  WakerLock:383870188 0x1 null

D/StatusBarManagerService(  967): setSystemUiVisibility(0x8000)

D/StatusBarManagerService(  967): manageDisableList userId=0 what=0x0 pkg=WindowManager.LayoutParams

D/StatusBarManagerService(  967): hiding MENU key

D/QMI_FW  (  967): QCCI: QMUXD: xport_rx[1 <- 16]: 14 bytes on conn_id: 9

D/QMI_FW  (  967): QCCI: QMI_CCI_RX: cntl_flag - 02, txn_id - 1550, msg_id - 0039, msg_len - 0007

D/QMI_FW  (  967): QCCI: QMUXD: xport_rx[1 <- 16]: 14 bytes on conn_id: 9

D/QMI_FW  (  967): QCCI: QMI_CCI_RX: cntl_flag - 04, txn_id - 0000, msg_id - 0039, msg_len - 0007

D/PMS     (  967): releaseWL(152ec783): PARTIAL_WAKE_LOCK  WakerLock:838198232 0x1 null

D/StatusBarManagerService(  967): setSystemUiVisibility(0x0)

D/StatusBarManagerService(  967): manageDisableList userId=0 what=0x0 pkg=WindowManager.LayoutParams

D/StatusBarManagerService(  967): hiding MENU key

I/InputMethodManagerService(  967): Disable input method client, pid=4708

D/StatusBarManagerService(  967): swetImeWindowStatus vis=0 backDisposition=0

I/InputMethodManagerService(  967): Enable input method client, pid=20050

D/PMS     (  967): releaseWL(315cccea): PARTIAL_WAKE_LOCK  ActivityManager-Launch 0x1 null

W/ActivityManager(  967): getTasks: caller 10183 does not hold GET_TASKS; limiting output

W/ActivityManager(  967): getTasks: caller 10183 does not hold GET_TASKS; limiting output

D/PMS     (  967): releaseWL(2ef6b939): PARTIAL_WAKE_LOCK  WakerLock:9231939 0x1 null

D/PMS     (  967): acquireWL(1e7f43bb): PARTIAL_WAKE_LOCK  WakerLock:383870188 0x1 9399 10251 null

D/PMS     (  967): acquireWL(207500d8): PARTIAL_WAKE_LOCK  WakerLock:838198232 0x1 9399 10251 null

D/PMS     (  967): releaseWL(149e8065): PARTIAL_WAKE_LOCK  WakerLock:852002309 0x1 null

I/ActivityManager(  967): Start proc com.sina.weibo:remote for service com.sina.weibo/com.sina.push.service.SinaPushService: pid=24206 uid=10317 gids={50317, 9997, 3003, 1028, 1015, 3002, 3001} abi=armeabi

D/PMS     (  967): acquireWL(a6712f0): PARTIAL_WAKE_LOCK  ActivityManager-Launch 0x1 967 1000 null

D/WifiService(  967): New client listening to asynchronous messages

D/StatusBarManagerService(  967): setSystemUiVisibility(0x700)

D/StatusBarManagerService(  967): manageDisableList userId=0 what=0x0 pkg=WindowManager.LayoutParams

D/StatusBarManagerService(  967): hiding MENU key

I/InputMethodManagerService(  967): Disable input method client, pid=20050

D/StatusBarManagerService(  967): swetImeWindowStatus vis=0 backDisposition=0

I/InputMethodManagerService(  967): Enable input method client, pid=3397

D/PMS     (  967): releaseWL(a6712f0): PARTIAL_WAKE_LOCK  ActivityManager-Launch 0x1 null

D/PMS     (  967): acquireWL(185e8dd): PARTIAL_WAKE_LOCK  WakerLock:9231939 0x1 9399 10251 null

D/StatusBarManagerService(  967): setSystemUiVisibility(0x40000700)

D/StatusBarManagerService(  967): manageDisableList userId=0 what=0x0 pkg=WindowManager.LayoutParams

D/StatusBarManagerService(  967): hiding MENU key

D/PMS     (  967): acquireWL(207500d8): PARTIAL_WAKE_LOCK  WakerLock:838198232 0x1 9399 10251 null

I/ActivityManager(  967): Killing 23010:io.rong.push/u0a139 (adj 15): empty #17

D/PMS     (  967): releaseWL(1e7f43bb): PARTIAL_WAKE_LOCK  WakerLock:383870188 0x1 null

D/PMS     (  967): releaseWL(207500d8): PARTIAL_WAKE_LOCK  WakerLock:838198232 0x1 null

I/ActivityManager(  967): Recipient 23010

D/WifiService(  967): Client connection lost with reason: 4

D/PMS     (  967): acquireWL(2ae5ac52): PARTIAL_WAKE_LOCK  WakerLock:852002309 0x1 9399 10251 null

D/PMS     (  967): acquireWL(17b78b23): PARTIAL_WAKE_LOCK  WakerLock:838198232 0x1 9399 10251 null

I/ActivityManager(  967): Killing 23157:com.tencent.mm:tools/u0a251 (adj 15): empty #17

I/ActivityManager(  967): Recipient 23157

D/WifiService(  967): Client connection lost with reason: 4

D/PMS     (  967): releaseWL(17b78b23): PARTIAL_WAKE_LOCK  WakerLock:838198232 0x1 null

W/ActivityManager(  967): getTasks: caller 10183 does not hold GET_TASKS; limiting output

D/PMS     (  967): releaseWL(185e8dd): PARTIAL_WAKE_LOCK  WakerLock:9231939 0x1 null

D/PMS     (  967): acquireWL(2fd15703): PARTIAL_WAKE_LOCK  WakerLock:838198232 0x1 9399 10251 null

W/ActivityManager(  967): getTasks: caller 10183 does not hold GET_TASKS; limiting output

W/ActivityManager(  967): getTasks: caller 10158 does not hold GET_TASKS; limiting output

W/ActivityManager(  967): getTasks: caller 10183 does not hold GET_TASKS; limiting output

W/ActivityManager(  967): getTasks: caller 10183 does not hold GET_TASKS; limiting output

D/PMS     (  967): releaseWL(2ae5ac52): PARTIAL_WAKE_LOCK  WakerLock:852002309 0x1 null

V/AlarmManager(  967): sending alarm PendingIntent{903b2a5: PendingIntentRecord{79f867a android broadcastIntent}}, i=com.android.server.WifiManager.action.START_SCAN, t=1, cnt=1, w=1450263553802, Int=20000

D/PMS     (  967): releaseWL(2fd15703): PARTIAL_WAKE_LOCK  WakerLock:838198232 0x1 null

D/WifiService(  967): New client listening to asynchronous messages

W/ActivityManager(  967): getTasks: caller 10158 does not hold GET_TASKS; limiting output

I/ActivityManager(  967): Start proc com.yunos.tvhelper:push for service com.yunos.tvhelper/.TaobaoIntentService: pid=24371 uid=10158 gids={50158, 9997, 3003, 1028, 1015, 3002} abi=armeabi

I/ActivityManager(  967): Waited long enough for: ServiceRecord{37fa491 u0 me.ele/com.igexin.sdk.PushService}

I/ActivityManager(  967): Start proc com.alibaba.work.android for broadcast com.alibaba.work.android/com.taobao.agoo.RegistrationReceiver: pid=24395 uid=10304 gids={50304, 9997, 1028, 1015, 3002, 3001, 3003} abi=armeabi

D/PMS     (  967): acquireWL(2b2a7237): PARTIAL_WAKE_LOCK  WakerLock:219940266 0x1 4708 10251 null

D/PMS     (  967): acquireWL(1d6993a4): PARTIAL_WAKE_LOCK  WakerLock:9231939 0x1 9399 10251 null

D/PMS     (  967): acquireWL(5c8050d): PARTIAL_WAKE_LOCK  WakerLock:756391418 0x1 4708 10251 null

D/PMS     (  967): acquireWL(1cc24cc2): PARTIAL_WAKE_LOCK  WakerLock:838198232 0x1 9399 10251 null

D/PMS     (  967): acquireWL(1229fad3): PARTIAL_WAKE_LOCK  WakerLock:852002309 0x1 9399 10251 null

D/PMS     (  967): acquireWL(1cc24cc2): PARTIAL_WAKE_LOCK  WakerLock:838198232 0x1 9399 10251 null

D/PMS     (  967): releaseWL(5c8050d): PARTIAL_WAKE_LOCK  WakerLock:756391418 0x1 null

D/WifiService(  967): New client listening to asynchronous messages

D/PMS     (  967): acquireWL(1229fad3): PARTIAL_WAKE_LOCK  WakerLock:852002309 0x1 9399 10251 null

D/PMS     (  967): acquireWL(1cc24cc2): PARTIAL_WAKE_LOCK  WakerLock:838198232 0x1 9399 10251 null

D/PMS     (  967): acquireWL(1229fad3): PARTIAL_WAKE_LOCK  WakerLock:852002309 0x1 9399 10251 null

D/PMS     (  967): acquireWL(1cc24cc2): PARTIAL_WAKE_LOCK  WakerLock:838198232 0x1 9399 10251 null

D/PMS     (  967): releaseWL(1cc24cc2): PARTIAL_WAKE_LOCK  WakerLock:838198232 0x1 null

D/PMS     (  967): releaseWL(1d6993a4): PARTIAL_WAKE_LOCK  WakerLock:9231939 0x1 null

D/PMS     (  967): acquireWL(25d2906e): PARTIAL_WAKE_LOCK  WakerLock:838198232 0x1 9399 10251 null

D/PMS     (  967): releaseWL(1229fad3): PARTIAL_WAKE_LOCK  WakerLock:852002309 0x1 null

D/WifiService(  967): New client listening to asynchronous messages

W/ActivityManager(  967): Unable to start service Intent { act=mtopsdk.xstate.a.a pkg=com.alibaba.work.android } U=0: not found

D/PMS     (  967): releaseWL(25d2906e): PARTIAL_WAKE_LOCK  WakerLock:838198232 0x1 null

D/PMS     (  967): acquireWL(163df21): PARTIAL_WAKE_LOCK  WakerLock:852002309 0x1 9399 10251 null

D/PMS     (  967): acquireWL(3a083f46): PARTIAL_WAKE_LOCK  WakerLock:838198232 0x1 9399 10251 null

D/PMS     (  967): releaseWL(9ebe9c1): PARTIAL_WAKE_LOCK  WakerLock:948402010 0x1 null

W/ActivityManager(  967): getTasks: caller 10304 does not hold GET_TASKS; limiting output

D/AlarmManager(  967):  invoke hookTimeZoneToRadio(true, 28800)

V/AlarmManager(  967): hookRadio - sign: true offset:28800

D/PMS     (  967): acquireWL(17f909d2): PARTIAL_WAKE_LOCK  ServiceStateTracker 0x1 2934 1001 null

D/AlarmManager(  967): Ignore time set to 1450263557266 in setTime(); too close to current time 1450263557019

D/PMS     (  967): releaseWL(17f909d2): PARTIAL_WAKE_LOCK  ServiceStateTracker 0x1 null

W/ActivityManager(  967): getTasks: caller 10304 does not hold GET_TASKS; limiting output

W/BackupManagerService(  967): dataChanged but no participant pkg='com.android.providers.settings' uid=10158

I/PackageManager(  967):  setEnabledSetting(), pkgName=com.yunos.tvhelper, clsName=com.taobao.agoo.ElectionReceiver, state=1, flag=1, pid=24371, uid=10158, userID:0

D/PMS     (  967): releaseWL(3a083f46): PARTIAL_WAKE_LOCK  WakerLock:838198232 0x1 null

W/ActivityManager(  967): Slow operation: 2192ms so far, now at getContentProviderImpl: after checkContentProviderPermission

W/ActivityManager(  967): Slow operation: 2192ms so far, now at getContentProviderImpl: incProviderCountLocked

W/ActivityManager(  967): Slow operation: 2192ms so far, now at getContentProviderImpl: before updateLruProcess

W/ActivityManager(  967): Slow operation: 2192ms so far, now at getContentProviderImpl: after updateLruProcess

W/ActivityManager(  967): Slow operation: 2192ms so far, now at getContentProviderImpl: before updateOomAdj

W/ActivityManager(  967): Slow operation: 2192ms so far, now at getContentProviderImpl: after updateOomAdj

W/ActivityManager(  967): Slow operation: 2192ms so far, now at getContentProviderImpl: done!

I/ActivityManager(  967): Waited long enough for: ServiceRecord{378ae969 u0 com.kingsoft/com.xiaomi.push.service.XMPushService}

D/PMS     (  967): releaseWL(10792413): PARTIAL_WAKE_LOCK  WakerLock:952041672 0x1 null

D/PMS     (  967): releaseWL(163df21): PARTIAL_WAKE_LOCK  WakerLock:852002309 0x1 null

I/ActivityManager(  967): Killing 23439:com.qiyi.video/u0a5 (adj 15): empty #17

I/ActivityManager(  967): Recipient 23439

D/WifiService(  967): Client connection lost with reason: 4

I/ActivityManager(  967): Killing 22927:com.alibaba.work.android:push/u0a304 (adj 15): empty #18

I/ActivityManager(  967): Recipient 22927

D/WifiService(  967): Client connection lost with reason: 4

E/libprocessgroup(  967): failed to kill 1 processes for processgroup 22927

W/ActivityManager(  967): getTasks: caller 10183 does not hold GET_TASKS; limiting output

W/ActivityManager(  967): getTasks: caller 10183 does not hold GET_TASKS; limiting output

W/ActivityManager(  967): getTasks: caller 10183 does not hold GET_TASKS; limiting output

I/ActivityManager(  967): Start proc com.alibaba.work.android:push for service com.alibaba.work.android/.TaobaoIntentService: pid=24557 uid=10304 gids={50304, 9997, 1028, 1015, 3002, 3001, 3003} abi=armeabi

I/ActivityManager(  967): Recipient 23549

D/WifiService(  967): Client connection lost with reason: 4

D/PMS     (  967): acquireWL(13cd71a0): PARTIAL_WAKE_LOCK  WakerLock:870050988 0x1 4708 10251 null

D/PMS     (  967): acquireWL(8d85159): PARTIAL_WAKE_LOCK  WakerLock:9231939 0x1 9399 10251 null

D/PMS     (  967): acquireWL(30b9f11e): PARTIAL_WAKE_LOCK  WakerLock:838198232 0x1 9399 10251 null

I/ActivityManager(  967): Process com.qiyi.video:baiduLocation (pid 23549) has died

I/ActivityManager(  967): Start proc com.htc.mms.backupagent for broadcast com.htc.mms.backupagent/.SMSBroadcastReceiver: pid=24580 uid=10200 gids={50200, 9997} abi=armeabi-v7a

D/PMS     (  967): acquireWL(23a77b1b): PARTIAL_WAKE_LOCK  WakerLock:756391418 0x1 4708 10251 null

D/PMS     (  967): acquireWL(7b3d4b8): PARTIAL_WAKE_LOCK  WakerLock:852002309 0x1 9399 10251 null

D/PMS     (  967): acquireWL(30b9f11e): PARTIAL_WAKE_LOCK  WakerLock:838198232 0x1 9399 10251 null

I/ActivityManager(  967): Start proc com.htc.widget.hmsproc1 for broadcast com.htc.htccontactwidgets/.ContactDataChangedReceiverForHtcSmsIntent: pid=24599 uid=10027 gids={50027, 9997} abi=armeabi-v7a

I/ActivityManager(  967): Killing 23533:com.qiyi.video.htc/u0a142 (adj 15): empty #17

I/ActivityManager(  967): Recipient 23533

D/PMS     (  967): releaseWL(23a77b1b): PARTIAL_WAKE_LOCK  WakerLock:756391418 0x1 null

D/PMS     (  967): acquireWL(10b1d291): PARTIAL_WAKE_LOCK  NotificationThreadCreator_3 0x1 23946 10117 null

I/ActivityManager(  967): Killing 22993:com.dangdang.buy2:ipc/u0a139 (adj 13): empty #17

D/PMS     (  967): acquireWL(370505f6): PARTIAL_WAKE_LOCK  TaskNotification_3 0x1 23946 10117 null

I/ActivityManager(  967): Recipient 22993

D/WifiService(  967): Client connection lost with reason: 4

D/WifiService(  967): New client listening to asynchronous messages

W/ActivityManager(  967): Scheduling restart of crashed service com.dangdang.buy2/io.rong.imlib.ipc.RongService in 1000ms

D/PMS     (  967): releaseWL(10b1d291): PARTIAL_WAKE_LOCK  NotificationThreadCreator_3 0x1 null

D/PMS     (  967): releaseWL(370505f6): PARTIAL_WAKE_LOCK  TaskNotification_3 0x1 null

I/ActivityManager(  967): Start proc com.dangdang.buy2:ipc for service com.dangdang.buy2/io.rong.imlib.ipc.RongService: pid=24642 uid=10139 gids={50139, 9997, 1028, 3003, 1015, 3002} abi=armeabi-v7a

D/PMS     (  967): acquireWL(13738b82): PARTIAL_WAKE_LOCK  NotificationThreadCreator_3 0x1 23946 10117 null

D/WifiDisplayAdapter(  967): getWifiDisplayStatusLocked: result=WifiDisplayStatus{featureState=3, scanState=0, activeDisplayState=0, activeDisplay=null, displays=[], sessionInfo=WifiDisplaySessionInfo:

D/WifiDisplayAdapter(  967):     Client/Owner: Client

D/WifiDisplayAdapter(  967):     GroupId: 

D/WifiDisplayAdapter(  967):     Passphrase: 

D/WifiDisplayAdapter(  967):     SessionId: 0

D/WifiDisplayAdapter(  967):     IP Address: }

W/BroadcastQueue(  967): Failure sending broadcast Intent { act=agoo_action_re_connect flg=0x14 pkg=com.alibaba.work.android (has extras) }

W/BroadcastQueue(  967): android.os.RemoteException: app.thread must not be null

W/BroadcastQueue(  967): 	at com.android.server.am.BroadcastQueue.performReceiveLocked(BroadcastQueue.java:467)

W/BroadcastQueue(  967): 	at com.android.server.am.BroadcastQueue.deliverToRegisteredReceiverLocked(BroadcastQueue.java:568)

W/BroadcastQueue(  967): 	at com.android.server.am.BroadcastQueue.processNextBroadcast(BroadcastQueue.java:819)

W/BroadcastQueue(  967): 	at com.android.server.am.ActivityManagerService.finishReceiver(ActivityManagerService.java:17006)

W/BroadcastQueue(  967): 	at android.content.BroadcastReceiver$PendingResult.sendFinished(BroadcastReceiver.java:435)

W/BroadcastQueue(  967): 	at android.content.BroadcastReceiver$PendingResult.finish(BroadcastReceiver.java:411)

W/BroadcastQueue(  967): 	at android.app.LoadedApk$ReceiverDispatcher$Args.run(LoadedApk.java:976)

W/BroadcastQueue(  967): 	at android.os.Handler.handleCallback(Handler.java:739)

W/BroadcastQueue(  967): 	at android.os.Handler.dispatchMessage(Handler.java:95)

W/BroadcastQueue(  967): 	at android.os.Looper.loop(Looper.java:155)

W/BroadcastQueue(  967): 	at com.android.server.SystemServer.run(SystemServer.java:331)

W/BroadcastQueue(  967): 	at com.android.server.SystemServer.main(SystemServer.java:232)

W/BroadcastQueue(  967): 	at java.lang.reflect.Method.invoke(Native Method)

W/BroadcastQueue(  967): 	at java.lang.reflect.Method.invoke(Method.java:372)

W/BroadcastQueue(  967): 	at com.android.internal.os.ZygoteInit$MethodAndArgsCaller.run(ZygoteInit.java:1029)

W/BroadcastQueue(  967): 	at com.android.internal.os.ZygoteInit.main(ZygoteInit.java:824)

D/PMS     (  967): acquireWL(1c7082d0): PARTIAL_WAKE_LOCK  TaskNotification_3 0x1 23946 10117 null

I/ActivityManager(  967): Start proc com.htc.calendar for broadcast com.htc.calendar/.ProviderChangeReceiver: pid=24663 uid=10020 gids={50020, 9997, 3003, 1028, 1015, 1023} abi=armeabi-v7a

D/PMS     (  967): acquireWL(1452ddce): PARTIAL_WAKE_LOCK  WakerLock:805321783 0x1 4708 10251 null

D/PMS     (  967): releaseWL(13738b82): PARTIAL_WAKE_LOCK  NotificationThreadCreator_3 0x1 null

D/PMS     (  967): acquireWL(8d85159): PARTIAL_WAKE_LOCK  WakerLock:9231939 0x1 9399 10251 null

D/PMS     (  967): acquireWL(23164ef): PARTIAL_WAKE_LOCK  WakerLock:756391418 0x1 4708 10251 null

D/PMS     (  967): releaseWL(1c7082d0): PARTIAL_WAKE_LOCK  TaskNotification_3 0x1 null

D/PMS     (  967): acquireWL(30b9f11e): PARTIAL_WAKE_LOCK  WakerLock:838198232 0x1 9399 10251 null

D/PMS     (  967): releaseWL(30b9f11e): PARTIAL_WAKE_LOCK  WakerLock:838198232 0x1 null

D/PMS     (  967): acquireWL(7b3d4b8): PARTIAL_WAKE_LOCK  WakerLock:852002309 0x1 9399 10251 null

W/ResourcesManager(24642): Asset path '/system/framework/android.test.runner.jar' does not exist or contains no resources.

W/ResourcesManager(24663): Asset path '/system/framework/android.test.runner.jar' does not exist or contains no resources.

D/PMS     (  967): acquireWL(3ba2fbfc): PARTIAL_WAKE_LOCK  WakerLock:838198232 0x1 9399 10251 null

D/PMS     (  967): releaseWL(f693c67): PARTIAL_WAKE_LOCK  WakerLock:381313287 0x1 null

D/PMS     (  967): releaseWL(23164ef): PARTIAL_WAKE_LOCK  WakerLock:756391418 0x1 null

D/WifiService(  967): New client listening to asynchronous messages

I/ActivityManager(  967): Killing 21840:com.android.defcontainer/u0a30 (adj 15): empty #17

I/ActivityManager(  967): Recipient 21840

W/ActivityManager(  967): Unable to start service Intent { act=mtopsdk.xstate.a.a pkg=com.alibaba.work.android } U=0: not found

D/PMS     (  967): acquireWL(1721dbe8): PARTIAL_WAKE_LOCK  WakerLock:466564758 0x1 4708 10251 null

D/PMS     (  967): acquireWL(8d85159): PARTIAL_WAKE_LOCK  WakerLock:9231939 0x1 9399 10251 null

I/ActivityManager(  967): Start proc com.qiyi.video for broadcast com.qiyi.video/org.qiyi.android.commonphonepad.pushmessage.qiyi.QYPushMessageReceiver: pid=24711 uid=10005 gids={50005, 9997, 3003, 1028, 1015, 3002} abi=armeabi

D/PMS     (  967): acquireWL(3ba2fbfc): PARTIAL_WAKE_LOCK  WakerLock:838198232 0x1 9399 10251 null

D/PMS     (  967): acquireWL(27db8201): PARTIAL_WAKE_LOCK  WakerLock:1041602849 0x1 4708 10251 null

D/PMS     (  967): acquireWL(7b3d4b8): PARTIAL_WAKE_LOCK  WakerLock:852002309 0x1 9399 10251 null

D/PMS     (  967): acquireWL(27d8d8a6): PARTIAL_WAKE_LOCK  WakerLock:756391418 0x1 4708 10251 null

D/PMS     (  967): acquireWL(3ba2fbfc): PARTIAL_WAKE_LOCK  WakerLock:838198232 0x1 9399 10251 null

D/PMS     (  967): releaseWL(8d85159): PARTIAL_WAKE_LOCK  WakerLock:9231939 0x1 null

D/PMS     (  967): acquireWL(3fbb02e7): PARTIAL_WAKE_LOCK  WakerLock:9231939 0x1 9399 10251 null

D/PMS     (  967): acquireWL(3ba2fbfc): PARTIAL_WAKE_LOCK  WakerLock:838198232 0x1 9399 10251 null

D/PMS     (  967): acquireWL(3ba2fbfc): PARTIAL_WAKE_LOCK  WakerLock:838198232 0x1 9399 10251 null

D/PMS     (  967): acquireWL(7b3d4b8): PARTIAL_WAKE_LOCK  WakerLock:852002309 0x1 9399 10251 null

D/PMS     (  967): acquireWL(3ba2fbfc): PARTIAL_WAKE_LOCK  WakerLock:838198232 0x1 9399 10251 null

I/ActivityManager(  967): Killing 23618:com.kingsoft/u0a295 (adj 15): empty #17

D/PMS     (  967): releaseWL(7b3d4b8): PARTIAL_WAKE_LOCK  WakerLock:852002309 0x1 null

I/ActivityManager(  967): Recipient 23618

D/PMS     (  967): releaseWL(3ba2fbfc): PARTIAL_WAKE_LOCK  WakerLock:838198232 0x1 null

D/PMS     (  967): releaseWL(8a3f5fe): PARTIAL_WAKE_LOCK  WakerLock:628452587 0x1 null

D/PMS     (  967): releaseWL(89d9c75): PARTIAL_WAKE_LOCK  WakerLock:390232986 0x1 null

D/PMS     (  967): releaseWL(18a9a47b): PARTIAL_WAKE_LOCK  WakerLock:826996639 0x1 null

D/PMS     (  967): releaseWL(a388af1): PARTIAL_WAKE_LOCK  WakerLock:754020027 0x1 null

I/PackageManager(  967):  setEnabledSetting(), pkgName=com.alibaba.work.android, clsName=com.taobao.agoo.ElectionReceiver, state=1, flag=1, pid=24557, uid=10304, userID:0

D/PMS     (  967): releaseWL(3fbb02e7): PARTIAL_WAKE_LOCK  WakerLock:9231939 0x1 null

D/PMS     (  967): releaseWL(27d8d8a6): PARTIAL_WAKE_LOCK  WakerLock:756391418 0x1 null

V/AlarmManager(  967): sending alarm PendingIntent{14b473d7: PendingIntentRecord{3b6b04c4 com.sina.weibo broadcastIntent}}, i=com.sina.heartbeat.action.1004, t=2, cnt=1, w=155904789, Int=0

W/PackageParser(24711): Unknown element under <manifest>: user-permission at /data/data/com.qiyi.video/app_pluginapp/org.qiyi.videotransfer.apk Binary XML file line #35

W/PackageParser(24711): Unknown element under <manifest>: user-permission at /data/data/com.qiyi.video/app_pluginapp/org.qiyi.videotransfer.apk Binary XML file line #35

I/ActivityManager(  967): Killing 23854:com.htc.widget.hmsproc2/u0a43 (adj 15): empty #17

I/ActivityManager(  967): Recipient 23854

D/PMS     (  967): acquireWL(71e14e1): PARTIAL_WAKE_LOCK  WakerLock:838198232 0x1 9399 10251 null

I/ActivityManager(  967): Start proc com.qiyi.video:plugin for service com.qiyi.video/org.qiyi.android.plugin.ipc.IPCService: pid=24786 uid=10005 gids={50005, 9997, 3003, 1028, 1015, 3002} abi=armeabi

I/ActivityManager(  967): Start proc com.qiyi.video:plugin1 for service com.qiyi.video/org.qiyi.android.plugin.ipc.IPCService1: pid=24805 uid=10005 gids={50005, 9997, 3003, 1028, 1015, 3002} abi=armeabi

I/ActivityManager(  967): Waited long enough for: ServiceRecord{227ab298 u0 com.taobao.taobao/com.taobao.accs.ChannelService}

V/AlarmManager(  967): sending alarm PendingIntent{102400c7: PendingIntentRecord{387b26f4 com.android.providers.calendar broadcastIntent}}, i=com.android.providers.calendar.intent.CalendarProvider2, t=2, cnt=1, w=155905378, Int=0

D/PMS     (  967): releaseWL(71e14e1): PARTIAL_WAKE_LOCK  WakerLock:838198232 0x1 null

D/WifiService(  967): New client listening to asynchronous messages

D/ActivityThread(24786): Loading provider com.qiyi.video: org.qiyi.android.corejar.database.QiyiContentProvider

D/ActivityThread(24805): Loading provider com.qiyi.video: org.qiyi.android.corejar.database.QiyiContentProvider

D/WifiService(  967): New client listening to asynchronous messages

I/ActivityManager(  967): Start proc com.qiyi.video.htc for broadcast com.qiyi.video.htc/org.qiyi.android.commonphonepad.pushmessage.qiyi.QYPushMessageReceiver: pid=24873 uid=10142 gids={50142, 9997, 1028, 3003, 1015, 3002, 3001} abi=armeabi

I/ActivityManager(  967): Killing 23896:com.htc.android.worldclock/u0a148 (adj 15): empty #17

I/ActivityManager(  967): Recipient 23896

D/WifiService(  967): New client listening to asynchronous messages

I/ActivityManager(  967): Start proc com.qiyi.video:baiduLocation for service com.qiyi.video/com.baidu.location.f: pid=24906 uid=10005 gids={50005, 9997, 3003, 1028, 1015, 3002} abi=armeabi

I/ActivityManager(  967): Waited long enough for: ServiceRecord{286cfa47 u0 com.htc.htclocationservice/.AutoSettingService}

D/WifiService(  967): New client listening to asynchronous messages

I/ActivityManager(  967): Killing 24052:com.yiwang/u0a145 (adj 15): empty #17

I/ActivityManager(  967): Recipient 24052

D/WifiService(  967): Client connection lost with reason: 4

W/PackageParser(24786): Unknown element under <manifest>: user-permission at /data/data/com.qiyi.video/app_pluginapp/org.qiyi.videotransfer.apk Binary XML file line #35

W/PackageParser(24786): Unknown element under <manifest>: user-permission at /data/data/com.qiyi.video/app_pluginapp/org.qiyi.videotransfer.apk Binary XML file line #35

W/PackageParser(24805): Unknown element under <manifest>: user-permission at /data/data/com.qiyi.video/app_pluginapp/org.qiyi.videotransfer.apk Binary XML file line #35

W/PackageParser(24805): Unknown element under <manifest>: user-permission at /data/data/com.qiyi.video/app_pluginapp/org.qiyi.videotransfer.apk Binary XML file line #35

I/ActivityManager(  967): Killing 24034:sogou.mobile.explorer.hotwords/u0a172 (adj 15): empty #17

I/ActivityManager(  967): Recipient 24034

W/BroadcastQueue(  967): Failure sending broadcast Intent { act=action_connect_unlock flg=0x14 pkg=com.UCMobile (has extras) }

W/BroadcastQueue(  967): android.os.RemoteException: app.thread must not be null

W/BroadcastQueue(  967): 	at com.android.server.am.BroadcastQueue.performReceiveLocked(BroadcastQueue.java:467)

W/BroadcastQueue(  967): 	at com.android.server.am.BroadcastQueue.deliverToRegisteredReceiverLocked(BroadcastQueue.java:568)

W/BroadcastQueue(  967): 	at com.android.server.am.BroadcastQueue.processNextBroadcast(BroadcastQueue.java:819)

W/BroadcastQueue(  967): 	at com.android.server.am.ActivityManagerService.finishReceiver(ActivityManagerService.java:17006)

W/BroadcastQueue(  967): 	at android.app.ActivityManagerNative.onTransact(ActivityManagerNative.java:475)

W/BroadcastQueue(  967): 	at com.android.server.am.ActivityManagerService.onTransact(ActivityManagerService.java:2566)

W/BroadcastQueue(  967): 	at android.os.Binder.execTransact(Binder.java:454)

D/PMS     (  967): acquireWL(163304bc): PARTIAL_WAKE_LOCK  WakerLock:897149497 0x1 4708 10251 null

D/PMS     (  967): acquireWL(24927c45): PARTIAL_WAKE_LOCK  WakerLock:9231939 0x1 9399 10251 null

D/PMS     (  967): acquireWL(169a1f9a): PARTIAL_WAKE_LOCK  WakerLock:838198232 0x1 9399 10251 null

I/ActivityManager(  967): Start proc com.htc.sense.socialplugins for broadcast com.htc.sense.weiboplugin/.SSnsReceiver: pid=24990 uid=10061 gids={50061, 9997, 3003, 1028, 1015, 1023} abi=armeabi-v7a

D/PMS     (  967): acquireWL(205c90cb): PARTIAL_WAKE_LOCK  WakerLock:756391418 0x1 4708 10251 null

D/PMS     (  967): acquireWL(389b0a8): PARTIAL_WAKE_LOCK  WakerLock:852002309 0x1 9399 10251 null

D/PMS     (  967): acquireWL(169a1f9a): PARTIAL_WAKE_LOCK  WakerLock:838198232 0x1 9399 10251 null

D/PMS     (  967): releaseWL(205c90cb): PARTIAL_WAKE_LOCK  WakerLock:756391418 0x1 null

D/PMS     (  967): releaseWL(651fc1b): PARTIAL_WAKE_LOCK  WakerLock:332485180 0x1 null

I/ActivityManager(  967): Killing 20050:com.htc.taskmanager/u0a137 (adj 15): empty #17

I/ActivityManager(  967): Recipient 20050

D/PMS     (  967): releaseWL(34164164): PARTIAL_WAKE_LOCK  WakerLock:522331444 0x1 null

W/ActivityManager(  967): getTasks: caller 10005 does not hold GET_TASKS; limiting output

I/ActivityManager(  967): Start proc com.android.settings for broadcast com.android.settings/.fpquicklaunch.HtcFingerPrintReceiver: pid=25036 uid=1000 gids={41000, 9997, 3002, 3001, 3003, 1028, 1015, 5001, 5011, 3006, 1007, 1023, 5006} abi=armeabi-v7a

D/PMS     (  967): releaseWL(169a1f9a): PARTIAL_WAKE_LOCK  WakerLock:838198232 0x1 null

I/ActivityManager(  967): Start proc com.htc.browser.providerproxy for content provider com.htc.browser.providerproxy/.BrowserProviderProxy: pid=25057 uid=10023 gids={50023, 9997} abi=armeabi-v7a

I/ActivityManager(  967): Start proc com.htc.sense.browser:provider2 for content provider com.htc.sense.browser/.provider.BrowserProvider2: pid=25077 uid=10035 gids={50035, 9997, 5001, 3003, 1028, 1015, 1023} abi=armeabi-v7a

I/ActivityManager(  967): Start proc air.fyzb3 for broadcast air.fyzb3/com.fyzb.push.GetuiMainReceiver: pid=25098 uid=10157 gids={50157, 9997, 3003, 1028, 1015} abi=armeabi-v7a

I/ActivityManager(  967): Killing 24371:com.yunos.tvhelper:push/u0a158 (adj 15): empty #17

D/WifiService(  967): acquireMulticastLock pid=24805, uid=10005

I/ActivityManager(  967): Recipient 24371

D/WifiService(  967): Client connection lost with reason: 4

D/PMS     (  967): releaseWL(24927c45): PARTIAL_WAKE_LOCK  WakerLock:9231939 0x1 null

D/PMS     (  967): acquireWL(b6d4f97): PARTIAL_WAKE_LOCK  WakerLock:838198232 0x1 9399 10251 null

D/PMS     (  967): releaseWL(389b0a8): PARTIAL_WAKE_LOCK  WakerLock:852002309 0x1 null

I/ActivityManager(  967): Killing 23825:com.sina.weibo/u0a317 (adj 15): empty #17

I/libprocessgroup(  967): Killing pid 24245 in uid 10317 as part of process group 23825

I/libprocessgroup(  967): Killing pid 24245 in uid 10317 as part of process group 23825

I/libprocessgroup(  967): Killing pid 24245 in uid 10317 as part of process group 23825

I/libprocessgroup(  967): Killing pid 24245 in uid 10317 as part of process group 23825

I/libprocessgroup(  967): Killing pid 24245 in uid 10317 as part of process group 23825

I/libprocessgroup(  967): Killing pid 24245 in uid 10317 as part of process group 23825

I/libprocessgroup(  967): Killing pid 24245 in uid 10317 as part of process group 23825

I/libprocessgroup(  967): Killing pid 24245 in uid 10317 as part of process group 23825

I/ActivityManager(  967): Recipient 23825

D/WifiService(  967): Client connection lost with reason: 4

I/libprocessgroup(  967): Killing pid 24245 in uid 10317 as part of process group 23825

D/WifiService(  967): New client listening to asynchronous messages

I/libprocessgroup(  967): Killing pid 24245 in uid 10317 as part of process group 23825

I/libprocessgroup(  967): Killing pid 24245 in uid 10317 as part of process group 23825

D/PMS     (  967): releaseWL(b6d4f97): PARTIAL_WAKE_LOCK  WakerLock:838198232 0x1 null

I/libprocessgroup(  967): Killing pid 24245 in uid 10317 as part of process group 23825

E/libprocessgroup(  967): failed to kill 1 processes for processgroup 23825

D/PMS     (  967): releaseWL(18070d00): PARTIAL_WAKE_LOCK  WakerLock:344343065 0x1 null

I/ActivityManager(  967): Killing 24395:com.alibaba.work.android/u0a304 (adj 15): empty #17

I/ActivityManager(  967): Recipient 24395

D/WifiService(  967): Client connection lost with reason: 4

I/ActivityManager(  967): Cannot resolve ContentProvider=com.google.settings

E/ActivityThread(25077): Failed to find provider info for com.google.settings

I/ActivityManager(  967): Start proc air.fyzb3:push for service air.fyzb3/com.fyzb.service.FyzbPushService: pid=25166 uid=10157 gids={50157, 9997, 3003, 1028, 1015} abi=armeabi-v7a

I/ActivityManager(  967): Cannot resolve ContentProvider=com.google.settings

E/ActivityThread(25077): Failed to find provider info for com.google.settings

I/ActivityManager(  967): Delay finish: air.fyzb3/com.fyzb.push.GetuiMainReceiver

D/WifiService(  967): New client listening to asynchronous messages

W/ActivityManager(  967): getTasks: caller 10157 does not hold GET_TASKS; limiting output

W/ActivityManager(  967): getTasks: caller 10157 does not hold GET_TASKS; limiting output

W/ActivityManager(  967): getTasks: caller 10157 does not hold GET_TASKS; limiting output

I/ActivityManager(  967): Delaying start of: ServiceRecord{f178125 u0 air.fyzb3/com.igexin.sdk.PushService}

W/ActivityManager(  967): getTasks: caller 10157 does not hold GET_TASKS; limiting output

W/ActivityManager(  967): getTasks: caller 10157 does not hold GET_TASKS; limiting output

W/ActivityManager(  967): getTasks: caller 10157 does not hold GET_TASKS; limiting output

W/ActivityManager(  967): getTasks: caller 10157 does not hold GET_TASKS; limiting output

W/ActivityManager(  967): getTasks: caller 10157 does not hold GET_TASKS; limiting output

W/ActivityManager(  967): getTasks: caller 10157 does not hold GET_TASKS; limiting output

W/ActivityManager(  967): getTasks: caller 10157 does not hold GET_TASKS; limiting output

W/ActivityManager(  967): getTasks: caller 10157 does not hold GET_TASKS; limiting output

W/ActivityManager(  967): getTasks: caller 10157 does not hold GET_TASKS; limiting output

W/ActivityManager(  967): getTasks: caller 10157 does not hold GET_TASKS; limiting output

W/ActivityManager(  967): getTasks: caller 10157 does not hold GET_TASKS; limiting output

W/ActivityManager(  967): getTasks: caller 10157 does not hold GET_TASKS; limiting output

D/WifiDisplayAdapter(  967): getWifiDisplayStatusLocked: result=WifiDisplayStatus{featureState=3, scanState=0, activeDisplayState=0, activeDisplay=null, displays=[], sessionInfo=WifiDisplaySessionInfo:

D/WifiDisplayAdapter(  967):     Client/Owner: Client

D/WifiDisplayAdapter(  967):     GroupId: 

D/WifiDisplayAdapter(  967):     Passphrase: 

D/WifiDisplayAdapter(  967):     SessionId: 0

D/WifiDisplayAdapter(  967):     IP Address: }

I/ActivityManager(  967): Waited long enough for: ServiceRecord{4f46f33 u0 com.sina.weibo/com.sina.push.service.SinaPushService}

I/ActivityManager(  967): Waited long enough for: ServiceRecord{33f72680 u0 com.taobao.taobao/com.taobao.accs.data.MsgDistributeService}

I/ActivityManager(  967): Start proc air.fyzb3:pushservice for service air.fyzb3/com.igexin.sdk.PushService: pid=25384 uid=10157 gids={50157, 9997, 3003, 1028, 1015} abi=armeabi-v7a

D/WifiService(  967): New client listening to asynchronous messages

W/ActivityManager(  967): getTasks: caller 10157 does not hold GET_TASKS; limiting output

W/ActivityManager(  967): getTasks: caller 10157 does not hold GET_TASKS; limiting output

W/ActivityManager(  967): getTasks: caller 10157 does not hold GET_TASKS; limiting output

W/ActivityManager(  967): getTasks: caller 10157 does not hold GET_TASKS; limiting output

D/PMS     (  967): releaseWL(2b2a7237): PARTIAL_WAKE_LOCK  WakerLock:219940266 0x1 null

D/PMS     (  967): acquireWL(24aba27b): PARTIAL_WAKE_LOCK  NetworkStats 0x1 967 1000 null

W/ResourcesManager(  967): Asset path '/system/framework/android.test.runner.jar' does not exist or contains no resources.

V/NetworkStats(  967): writeNetworkRxTxStatsLocked()

V/NetworkStats(  967): getSummaryForTxByte(), uid = (1000), pid = (967)

D/NetworkStats(  967): getSummaryForTxByte = (41499852)

V/NetworkStats(  967): getSummaryForRxByte(), uid = (1000), pid = (967)

D/NetworkStats(  967): getSummaryForRxByte = (112646144)

V/NetworkPolicy(  967): updateNetworkEnabledLocked()

