--------- beginning of /dev/log/system

W/ContextImpl( 1347): Calling a method in the system process without a qualified user: android.app.ContextImpl.startService:1521 android.content.ContextWrapper.startService:494 android.content.ContextWrapper.startService:494 com.android.settings.MiuiSettingsReceiver.onReceive:112 android.app.ActivityThread.handleReceiver:2415 

D/WifiService( 1191): uid=10109 wifi scan blocked

W/ContextImpl( 1347): Calling a method in the system process without a qualified user: android.app.ContextImpl.startService:1521 android.content.ContextWrapper.startService:494 android.content.ContextWrapper.startService:494 com.android.settings.MiuiSettingsReceiver.onReceive:112 android.app.ActivityThread.handleReceiver:2415 

W/ContextImpl( 1347): Calling a method in the system process without a qualified user: android.app.ContextImpl.startService:1521 android.content.ContextWrapper.startService:494 android.content.ContextWrapper.startService:494 com.android.settings.MiuiSettingsReceiver.onReceive:112 android.app.ActivityThread.handleReceiver:2415 

D/WifiService( 1191): uid=10109 wifi scan blocked

W/ContextImpl( 1347): Calling a method in the system process without a qualified user: android.app.ContextImpl.startService:1521 android.content.ContextWrapper.startService:494 android.content.ContextWrapper.startService:494 com.android.settings.MiuiSettingsReceiver.onReceive:112 android.app.ActivityThread.handleReceiver:2415 

W/ContextImpl( 1347): Calling a method in the system process without a qualified user: android.app.ContextImpl.startService:1521 android.content.ContextWrapper.startService:494 android.content.ContextWrapper.startService:494 com.android.settings.MiuiSettingsReceiver.onReceive:112 android.app.ActivityThread.handleReceiver:2415 

D/WifiService( 1191): uid=10109 wifi scan blocked

W/ContextImpl( 1347): Calling a method in the system process without a qualified user: android.app.ContextImpl.startService:1521 android.content.ContextWrapper.startService:494 android.content.ContextWrapper.startService:494 com.android.settings.MiuiSettingsReceiver.onReceive:112 android.app.ActivityThread.handleReceiver:2415 

W/ContextImpl( 1347): Calling a method in the system process without a qualified user: android.app.ContextImpl.startService:1521 android.content.ContextWrapper.startService:494 android.content.ContextWrapper.startService:494 com.android.settings.MiuiSettingsReceiver.onReceive:112 android.app.ActivityThread.handleReceiver:2415 

D/WifiService( 1191): uid=10109 wifi scan blocked

W/ContextImpl( 1347): Calling a method in the system process without a qualified user: android.app.ContextImpl.startService:1521 android.content.ContextWrapper.startService:494 android.content.ContextWrapper.startService:494 com.android.settings.MiuiSettingsReceiver.onReceive:112 android.app.ActivityThread.handleReceiver:2415 

W/ContextImpl( 1347): Calling a method in the system process without a qualified user: android.app.ContextImpl.startService:1521 android.content.ContextWrapper.startService:494 android.content.ContextWrapper.startService:494 com.android.settings.MiuiSettingsReceiver.onReceive:112 android.app.ActivityThread.handleReceiver:2415 

D/WifiService( 1191): uid=10109 wifi scan blocked

W/ContextImpl( 1347): Calling a method in the system process without a qualified user: android.app.ContextImpl.startService:1521 android.content.ContextWrapper.startService:494 android.content.ContextWrapper.startService:494 com.android.settings.MiuiSettingsReceiver.onReceive:112 android.app.ActivityThread.handleReceiver:2415 

W/ContextImpl( 1347): Calling a method in the system process without a qualified user: android.app.ContextImpl.startService:1521 android.content.ContextWrapper.startService:494 android.content.ContextWrapper.startService:494 com.android.settings.MiuiSettingsReceiver.onReceive:112 android.app.ActivityThread.handleReceiver:2415 

D/WifiService( 1191): uid=10109 wifi scan blocked

W/ContextImpl( 1347): Calling a method in the system process without a qualified user: android.app.ContextImpl.startService:1521 android.content.ContextWrapper.startService:494 android.content.ContextWrapper.startService:494 com.android.settings.MiuiSettingsReceiver.onReceive:112 android.app.ActivityThread.handleReceiver:2415 

W/ContextImpl( 1347): Calling a method in the system process without a qualified user: android.app.ContextImpl.startService:1521 android.content.ContextWrapper.startService:494 android.content.ContextWrapper.startService:494 com.android.settings.MiuiSettingsReceiver.onReceive:112 android.app.ActivityThread.handleReceiver:2415 

D/WifiService( 1191): uid=10109 wifi scan blocked

W/ContextImpl( 1347): Calling a method in the system process without a qualified user: android.app.ContextImpl.startService:1521 android.content.ContextWrapper.startService:494 android.content.ContextWrapper.startService:494 com.android.settings.MiuiSettingsReceiver.onReceive:112 android.app.ActivityThread.handleReceiver:2415 

W/ContextImpl( 1347): Calling a method in the system process without a qualified user: android.app.ContextImpl.startService:1521 android.content.ContextWrapper.startService:494 android.content.ContextWrapper.startService:494 com.android.settings.MiuiSettingsReceiver.onReceive:112 android.app.ActivityThread.handleReceiver:2415 

D/WifiService( 1191): uid=10109 wifi scan blocked

W/ContextImpl( 1347): Calling a method in the system process without a qualified user: android.app.ContextImpl.startService:1521 android.content.ContextWrapper.startService:494 android.content.ContextWrapper.startService:494 com.android.settings.MiuiSettingsReceiver.onReceive:112 android.app.ActivityThread.handleReceiver:2415 

W/ContextImpl( 1347): Calling a method in the system process without a qualified user: android.app.ContextImpl.startService:1521 android.content.ContextWrapper.startService:494 android.content.ContextWrapper.startService:494 com.android.settings.MiuiSettingsReceiver.onReceive:112 android.app.ActivityThread.handleReceiver:2415 

D/WifiService( 1191): uid=10109 wifi scan blocked

W/ContextImpl( 1347): Calling a method in the system process without a qualified user: android.app.ContextImpl.startService:1521 android.content.ContextWrapper.startService:494 android.content.ContextWrapper.startService:494 com.android.settings.MiuiSettingsReceiver.onReceive:112 android.app.ActivityThread.handleReceiver:2415 

W/ContextImpl( 1347): Calling a method in the system process without a qualified user: android.app.ContextImpl.startService:1521 android.content.ContextWrapper.startService:494 android.content.ContextWrapper.startService:494 com.android.settings.MiuiSettingsReceiver.onReceive:112 android.app.ActivityThread.handleReceiver:2415 

D/WifiService( 1191): uid=10109 wifi scan blocked

W/ContextImpl( 1347): Calling a method in the system process without a qualified user: android.app.ContextImpl.startService:1521 android.content.ContextWrapper.startService:494 android.content.ContextWrapper.startService:494 com.android.settings.MiuiSettingsReceiver.onReceive:112 android.app.ActivityThread.handleReceiver:2415 

W/ContextImpl( 1347): Calling a method in the system process without a qualified user: android.app.ContextImpl.startService:1521 android.content.ContextWrapper.startService:494 android.content.ContextWrapper.startService:494 com.android.settings.MiuiSettingsReceiver.onReceive:112 android.app.ActivityThread.handleReceiver:2415 

D/WifiService( 1191): uid=10109 wifi scan blocked

W/ContextImpl( 6194): Calling a method in the system process without a qualified user: android.app.ContextImpl.sendBroadcast:1165 android.content.ContextWrapper.sendBroadcast:365 com.miui.networkassistant.service.tm.TrafficManageService.broadCastDataUsageUpdated:896 com.miui.networkassistant.service.tm.TrafficManageService$7.onReceive:1104 android.app.LoadedApk$ReceiverDispatcher$Args.run:761 

D/ConnectivityService( 1191): Captive portal check NetworkInfo: type: WIFI[], state: CONNECTING/CAPTIVE_PORTAL_CHECK, reason: (unspecified), extra: "alibaba-inc", roaming: false, failover: false, isAvailable: true, isConnectedToProvisioningNetwork: false

D/ConnectivityService( 1191): handleCaptivePortalTrackerCheck: call captivePortalCheckComplete ni=NetworkInfo: type: WIFI[], state: CONNECTING/CAPTIVE_PORTAL_CHECK, reason: (unspecified), extra: "alibaba-inc", roaming: false, failover: false, isAvailable: true, isConnectedToProvisioningNetwork: false

D/ConnectivityService( 1191): ConnectivityChange for WIFI: CONNECTED/CONNECTED

D/ConnectivityService( 1191): Setting TCP values: [1] which comes from [net.tcp.usercfg.wifi]

D/ConnectivityService( 1191): Setting TCP values: [20] which comes from [net.tcp.delack.wifi]

E/ConnectivityService( 1191): Unexpected mtu value: android.net.wifi.WifiStateTracker@4364a358

D/Nat464Xlat( 1191): requiresClat: netType=1, hasIPv4Address=true

W/ContextImpl( 6194): Calling a method in the system process without a qualified user: android.app.ContextImpl.sendBroadcast:1165 android.content.ContextWrapper.sendBroadcast:365 com.miui.networkassistant.service.tm.TrafficManageService.broadCastDataUsageUpdated:896 com.miui.networkassistant.service.tm.TrafficManageService$7.onReceive:1104 android.app.LoadedApk$ReceiverDispatcher$Args.run:761 

D/ConnectivityService( 1191): handleConnectivityChange: addresses changed linkProperty[1]: resetMask=0

D/ConnectivityService( 1191):    car=removed=[] added=[fe80::1a59:36ff:fe16:aa5d/64,]

D/Nat464Xlat( 1191): requiresClat: netType=1, hasIPv4Address=true

W/BroadcastQueue( 1191): Unable to launch app com.alipay.m.portal/10344 for broadcast Intent { act=android.net.conn.CONNECTIVITY_CHANGE flg=0x4000010 (has extras) }: process is not permitted to autostart

I/ActivityManager( 1191): Start proc com.xiaomi.gamecenter.sdk.service for broadcast com.xiaomi.gamecenter.sdk.service/com.xiaomi.push.service.receivers.NetworkStatusReceiver: pid=30870 uid=10010 gids={50010, 3003, 1007, 1028, 1015}

I/ActivityManager( 1191): Killing 30552:com.mipay.wallet/u0a65 (adj 15): empty #9

I/ActivityManager( 1191): Start proc com.android.fileexplorer:remote for broadcast com.android.fileexplorer/com.xiaomi.push.service.receivers.NetworkStatusReceiver: pid=30890 uid=10051 gids={50051, 3003, 1028, 1015, 1023}

I/ActivityManager( 1191): Start proc com.xiaomi.market for broadcast com.xiaomi.market/com.xiaomi.push.service.receivers.NetworkStatusReceiver: pid=30908 uid=10107 gids={50107, 1028, 1015, 3003}

I/ActivityManager( 1191): Killing 30711:com.miui.cleanmaster/1000 (adj 15): empty #9

I/ActivityManager( 1191): Start proc com.android.thememanager for broadcast com.android.thememanager/com.xiaomi.push.service.receivers.NetworkStatusReceiver: pid=30928 uid=9801 gids={49801, 2001, 3003, 1028, 1015, 1023}

I/ActivityManager( 1191): Killing 30727:com.cleanmaster.sdk/u0a59 (adj 15): empty #9

I/ActivityManager( 1191): Start proc com.xiaomi.account for broadcast com.xiaomi.account/com.xiaomi.push.service.receivers.NetworkStatusReceiver: pid=30946 uid=10083 gids={50083, 3003, 1028, 1015, 3002}

I/ActivityManager( 1191): Killing 30770:com.qualcomm.services.location/1000 (adj 15): empty #9

I/ActivityManager( 1191): Start proc com.xiaomi.vip for broadcast com.xiaomi.vip/com.xiaomi.push.service.receivers.NetworkStatusReceiver: pid=30962 uid=10030 gids={50030, 3003, 1028, 1015}

I/ActivityManager( 1191): Killing 30870:com.xiaomi.gamecenter.sdk.service/u0a10 (adj 15): empty #9

W/BroadcastQueue( 1191): Unable to launch app com.sina.weibo/10093 for broadcast Intent { act=android.net.conn.CONNECTIVITY_CHANGE flg=0x4000010 (has extras) }: process is not permitted to autostart

I/ActivityManager( 1191): Killing 30671:com.miui.fmradio/u0a103 (adj 15): empty #9

W/ContextImpl( 1347): Calling a method in the system process without a qualified user: android.app.ContextImpl.startService:1521 android.content.ContextWrapper.startService:494 android.content.ContextWrapper.startService:494 com.android.settings.MiuiSettingsReceiver.g:312 com.android.settings.MiuiSettingsReceiver.onReceive:100 

W/ActivityManager( 1191): Unable to start service Intent { act=miui.intent.action.UPDATE_VIRUS_LIB } U=0: not found

W/ContextImpl( 1347): Calling a method in the system process without a qualified user: android.app.ContextImpl.startService:1521 android.content.ContextWrapper.startService:494 android.content.ContextWrapper.startService:494 com.android.settings.MiuiSettingsReceiver.onReceive:103 android.app.ActivityThread.handleReceiver:2415 

W/ContextImpl( 1347): Calling a method in the system process without a qualified user: android.app.ContextImpl.startService:1521 android.content.ContextWrapper.startService:494 com.android.settings.wifi.MiuiWifiService.pt:199 com.android.settings.wifi.MiuiWifiService.onStartCommand:121 android.app.ActivityThread.handleServiceArgs:2696 

W/ContextImpl( 1347): Calling a method in the system process without a qualified user: android.app.ContextImpl.bindService:1585 android.content.ContextWrapper.bindService:517 miui.analytics.Analytics.endSession:120 com.android.settings.analytics.AnalyticService.onHandleIntent:93 android.app.IntentService$ServiceHandler.handleMessage:65 

I/ActivityManager( 1191): Start proc com.miui.bugreport:remote for broadcast com.miui.bugreport/com.xiaomi.reporter.ConnectivityChangedReceiver: pid=30978 uid=1000 gids={41000, 3003, 1028, 1015, 3002, 3001, 3005, 1021, 3004, 1000, 3009, 1023, 1010, 1007, 3006, 3007, 2001, 1035}

W/ContextImpl(30978): Calling a method in the system process without a qualified user: android.app.ContextImpl.startService:1521 android.content.ContextWrapper.startService:494 miui.core.SdkManager$1.run:189 android.os.Handler.handleCallback:733 android.os.Handler.dispatchMessage:95 

I/ActivityManager( 1191): Start proc com.miui.cloudservice for broadcast com.miui.cloudservice/.sync.ConnectivityReceiver: pid=30993 uid=10047 gids={50047, 3003, 1028, 1015, 2001}

I/ActivityManager( 1191): Killing 30686:com.miui.player/u0a15 (adj 15): empty #9

I/ActivityManager( 1191): Start proc com.xiaomi.gamecenter for broadcast com.xiaomi.gamecenter/com.xiaomi.push.service.receivers.NetworkStatusReceiver: pid=31014 uid=10106 gids={50106, 1007, 3003, 1028, 1015, 2001}

I/ActivityManager( 1191): Killing 30908:com.xiaomi.market/u0a107 (adj 15): empty #9

I/ActivityManager( 1191): Start proc com.mipay.wallet for broadcast com.mipay.wallet/com.mipay.bill.BillReceiver: pid=31040 uid=10065 gids={50065, 3002, 3001, 3003, 1028, 1015}

I/ActivityManager( 1191): Killing 30928:com.android.thememanager/9801 (adj 15): empty #9

I/ActivityManager( 1191): Start proc com.xiaomi.market for broadcast com.xiaomi.market/.data.ConnectivityChangedReceiver: pid=31056 uid=10107 gids={50107, 1028, 1015, 3003}

I/ActivityManager( 1191): Killing 30946:com.xiaomi.account/u0a83 (adj 15): empty #9

I/ActivityManager( 1191): Start proc com.android.updater for broadcast com.android.updater/.DailyCheckReceiver: pid=31075 uid=9802 gids={49802, 3003, 1028, 1015, 2001, 1007}

I/ActivityManager( 1191): Start proc com.xiaomi.account for broadcast com.xiaomi.account/.GreenConnectivityReceiver: pid=31093 uid=10083 gids={50083, 3003, 1028, 1015, 3002}

I/ActivityManager( 1191): Process com.android.updater (pid 31075) has died.

I/ActivityManager( 1191): Killing 30614:com.miui.virtualsim/1001 (adj 15): empty #9

W/ContextImpl( 1545): Calling a method in the system process without a qualified user: android.app.ContextImpl.startService:1521 android.content.ContextWrapper.startService:494 android.content.ContextWrapper.startService:494 com.miui.powerkeeper.cloudcontrol.CloudUpdateReceiver.update:51 com.miui.powerkeeper.cloudcontrol.CloudUpdateReceiver.tryUpdate:42 

I/ActivityManager( 1191): Start proc com.miui.mipub for broadcast com.miui.mipub/.mixin.forward.MipubPushBroadcastReceiver: pid=31115 uid=10102 gids={50102, 3003, 1028, 1015, 1007}

I/ActivityManager( 1191): Start proc com.miui.klo.bugreport for broadcast com.miui.klo.bugreport/.receiver.KLOStartupReceiver: pid=31132 uid=1000 gids={41000, 3003, 1028, 1015, 3002, 3001, 3005, 1021, 3004, 1000, 3009, 1023, 1010, 1007, 3006, 3007, 2001, 1035}

I/ActivityManager( 1191): Killing 30962:com.xiaomi.vip/u0a30 (adj 15): empty #9

W/BroadcastQueue( 1191): Unable to launch app com.chaozh.iReaderxda/10090 for broadcast Intent { act=android.net.conn.CONNECTIVITY_CHANGE flg=0x4000010 (has extras) }: process is not permitted to autostart

I/ActivityManager( 1191): Killing 30978:com.miui.bugreport:remote/1000 (adj 15): empty #9

W/BroadcastQueue( 1191): Unable to launch app com.chaozh.iReaderxda/10090 for broadcast Intent { act=android.net.conn.CONNECTIVITY_CHANGE flg=0x4000010 (has extras) }: process is not permitted to autostart

W/BroadcastQueue( 1191): Unable to launch app com.sina.weibo/10093 for broadcast Intent { act=android.net.conn.CONNECTIVITY_CHANGE flg=0x4000010 (has extras) }: process is not permitted to autostart

W/BroadcastQueue( 1191): Unable to launch app com.sina.weibo/10093 for broadcast Intent { act=android.net.conn.CONNECTIVITY_CHANGE flg=0x4000010 (has extras) }: process is not permitted to autostart

W/ContextImpl(31132): Calling a method in the system process without a qualified user: android.app.ContextImpl.startService:1521 android.content.ContextWrapper.startService:494 miui.core.SdkManager$1.run:189 android.os.Handler.handleCallback:733 android.os.Handler.dispatchMessage:95 

W/BroadcastQueue( 1191): Unable to launch app com.sina.weibo/10093 for broadcast Intent { act=android.net.conn.CONNECTIVITY_CHANGE flg=0x4000010 (has extras) }: process is not permitted to autostart

W/BroadcastQueue( 1191): Unable to launch app com.sina.weibo/10093 for broadcast Intent { act=android.net.conn.CONNECTIVITY_CHANGE flg=0x4000010 (has extras) }: process is not permitted to autostart

W/BroadcastQueue( 1191): Unable to launch app com.sina.weibo/10093 for broadcast Intent { act=android.net.conn.CONNECTIVITY_CHANGE flg=0x4000010 (has extras) }: process is not permitted to autostart

W/BroadcastQueue( 1191): Unable to launch app com.wandoujia.phoenix2/10100 for broadcast Intent { act=android.net.conn.CONNECTIVITY_CHANGE flg=0x4000010 (has extras) }: process is not permitted to autostart

W/BroadcastQueue( 1191): Unable to launch app com.wandoujia.phoenix2/10100 for broadcast Intent { act=android.net.conn.CONNECTIVITY_CHANGE flg=0x4000010 (has extras) }: process is not permitted to autostart

I/ActivityManager( 1191): Delay finish: com.xiaomi.gamecenter/.push.GameCenterPushMessageReceiver

I/ActivityManager( 1191): Resuming delayed broadcast

I/ActivityManager( 1191): Killing 30993:com.miui.cloudservice/u0a47 (adj 15): empty #9

D/ConnectivityService( 1191): setProvNotificationVisible: E visible=false networkType=1 extraInfo=null url=null

D/ConnectivityService( 1191): captivePortalCheckCompleted: ni=NetworkInfo: type: WIFI[], state: CONNECTED/CONNECTED, reason: (unspecified), extra: "alibaba-inc", roaming: false, failover: false, isAvailable: true, isConnectedToProvisioningNetwork: false captive=false

D/ConnectivityService( 1191): Sampling interval elapsed, updating statistics ..

D/ConnectivityService( 1191): Done.

D/ConnectivityService( 1191): Setting timer for 720seconds

W/ContextImpl( 6194): Calling a method in the system process without a qualified user: android.app.ContextImpl.sendBroadcast:1165 android.content.ContextWrapper.sendBroadcast:365 com.miui.networkassistant.service.tm.TrafficManageService.broadCastDataUsageUpdated:896 com.miui.networkassistant.service.tm.TrafficManageService$7.onReceive:1104 android.app.LoadedApk$ReceiverDispatcher$Args.run:761 

I/ProcessStatsService( 1191): Prepared write state in 33ms

I/ProcessStatsService( 1191): Prepared write state in 16ms

W/ContextImpl( 1265): Calling a method in the system process without a qualified user: android.app.ContextImpl.sendBroadcast:1165 android.content.ContextWrapper.sendBroadcast:365 com.android.systemui.statusbar.phone.PhoneStatusBar.updateAppMessage:1658 com.android.systemui.statusbar.phone.PhoneStatusBar.updateAppMessage:1650 com.android.systemui.statusbar.phone.PhoneStatusBar.addNotification:1559 

I/ActivityManager( 1191): Killing 31115:com.miui.mipub/u0a102 (adj 15): empty for 623s

I/ActivityManager( 1191): Killing 31093:com.xiaomi.account/u0a83 (adj 15): empty for 624s

I/ActivityManager( 1191): Killing 30890:com.android.fileexplorer:remote/u0a51 (adj 15): empty for 625s

D/ConnectivityService( 1191): Sampling interval elapsed, updating statistics ..

D/ConnectivityService( 1191): Done.

D/ConnectivityService( 1191): Setting timer for 720seconds

D/ConnectivityService( 1191): Sampling interval elapsed, updating statistics ..

D/ConnectivityService( 1191): Done.

D/ConnectivityService( 1191): Setting timer for 720seconds

D/ConnectivityService( 1191): Captive portal check NetworkInfo: type: WIFI[], state: CONNECTING/CAPTIVE_PORTAL_CHECK, reason: (unspecified), extra: "alibaba-inc", roaming: false, failover: false, isAvailable: true, isConnectedToProvisioningNetwork: false

D/ConnectivityService( 1191): handleCaptivePortalTrackerCheck: call captivePortalCheckComplete ni=NetworkInfo: type: WIFI[], state: CONNECTING/CAPTIVE_PORTAL_CHECK, reason: (unspecified), extra: "alibaba-inc", roaming: false, failover: false, isAvailable: true, isConnectedToProvisioningNetwork: false

D/ConnectivityService( 1191): ConnectivityChange for WIFI: CONNECTED/CONNECTED

D/ConnectivityService( 1191): Setting TCP values: [1] which comes from [net.tcp.usercfg.wifi]

D/ConnectivityService( 1191): Setting TCP values: [20] which comes from [net.tcp.delack.wifi]

E/ConnectivityService( 1191): Unexpected mtu value: android.net.wifi.WifiStateTracker@4364a358

D/ConnectivityService( 1191): handleConnectivityChange: address are the same reset per doReset linkProperty[1]: resetMask=0

D/Nat464Xlat( 1191): requiresClat: netType=1, hasIPv4Address=true

W/ContextImpl( 6194): Calling a method in the system process without a qualified user: android.app.ContextImpl.sendBroadcast:1165 android.content.ContextWrapper.sendBroadcast:365 com.miui.networkassistant.service.tm.TrafficManageService.broadCastDataUsageUpdated:896 com.miui.networkassistant.service.tm.TrafficManageService$7.onReceive:1104 android.app.LoadedApk$ReceiverDispatcher$Args.run:761 

D/ConnectivityService( 1191): NetTransition Wakelock for ConnectedState released by timeout

W/BroadcastQueue( 1191): Unable to launch app com.alipay.m.portal/10344 for broadcast Intent { act=android.net.conn.CONNECTIVITY_CHANGE flg=0x4000010 (has extras) }: process is not permitted to autostart

I/ActivityManager( 1191): Start proc com.xiaomi.gamecenter.sdk.service for broadcast com.xiaomi.gamecenter.sdk.service/com.xiaomi.push.service.receivers.NetworkStatusReceiver: pid=31210 uid=10010 gids={50010, 3003, 1007, 1028, 1015}

I/ActivityManager( 1191): Start proc com.miui.fmradio for broadcast com.miui.fmradio/com.xiaomi.push.service.receivers.NetworkStatusReceiver: pid=31227 uid=10103 gids={50103, 3003, 1028, 1015, 1023, 3002}

I/ActivityManager( 1191): Killing 31132:com.miui.klo.bugreport/1000 (adj 15): empty for 1723s

I/ActivityManager( 1191): Start proc com.miui.player for broadcast com.miui.player/com.xiaomi.push.service.receivers.NetworkStatusReceiver: pid=31242 uid=10015 gids={50015, 3002, 1028, 1015, 1023, 3003}

I/ActivityManager( 1191): Killing 31040:com.mipay.wallet/u0a65 (adj 15): empty for 1723s

I/ActivityManager( 1191): Killing 31014:com.xiaomi.gamecenter/u0a106 (adj 15): empty for 1724s

I/ActivityManager( 1191): Start proc com.android.fileexplorer:remote for broadcast com.android.fileexplorer/com.xiaomi.push.service.receivers.NetworkStatusReceiver: pid=31258 uid=10051 gids={50051, 3003, 1028, 1015, 1023}

I/ActivityManager( 1191): Start proc com.android.thememanager for broadcast com.android.thememanager/com.xiaomi.push.service.receivers.NetworkStatusReceiver: pid=31276 uid=9801 gids={49801, 2001, 3003, 1028, 1015, 1023}

I/ActivityManager( 1191): Start proc com.xiaomi.account for broadcast com.xiaomi.account/com.xiaomi.push.service.receivers.NetworkStatusReceiver: pid=31294 uid=10083 gids={50083, 3003, 1028, 1015, 3002}

I/ActivityManager( 1191): Start proc com.miui.virtualsim for broadcast com.miui.virtualsim/com.xiaomi.push.service.receivers.NetworkStatusReceiver: pid=31310 uid=1001 gids={41001, 3004, 3009, 3005, 1006, 3002, 3001, 3003, 1028, 1015, 1007}

I/ActivityManager( 1191): Start proc com.xiaomi.vip for broadcast com.xiaomi.vip/com.xiaomi.push.service.receivers.NetworkStatusReceiver: pid=31336 uid=10030 gids={50030, 3003, 1028, 1015}

I/ActivityManager( 1191): Killing 30751:android.process.media/u0a8 (adj 13): empty #9

I/ActivityManager( 1191): Killing 31276:com.android.thememanager/9801 (adj 13): depends on provider com.android.providers.downloads/.DownloadProvider in dying proc android.process.media

W/BroadcastQueue( 1191): Unable to launch app com.sina.weibo/10093 for broadcast Intent { act=android.net.conn.CONNECTIVITY_CHANGE flg=0x4000010 (has extras) }: process is not permitted to autostart

I/ActivityManager( 1191): Start proc android.process.media for broadcast com.android.providers.downloads/.DownloadReceiver: pid=31351 uid=10008 gids={50008, 3003, 1028, 1015, 1023, 1024, 2001, 3007}

W/ContextImpl( 1347): Calling a method in the system process without a qualified user: android.app.ContextImpl.startService:1521 android.content.ContextWrapper.startService:494 android.content.ContextWrapper.startService:494 com.android.settings.MiuiSettingsReceiver.g:312 com.android.settings.MiuiSettingsReceiver.onReceive:100 

W/ActivityManager( 1191): Unable to start service Intent { act=miui.intent.action.UPDATE_VIRUS_LIB } U=0: not found

W/ContextImpl( 1347): Calling a method in the system process without a qualified user: android.app.ContextImpl.startService:1521 android.content.ContextWrapper.startService:494 android.content.ContextWrapper.startService:494 com.android.settings.MiuiSettingsReceiver.onReceive:103 android.app.ActivityThread.handleReceiver:2415 

W/ContextImpl( 1347): Calling a method in the system process without a qualified user: android.app.ContextImpl.startService:1521 android.content.ContextWrapper.startService:494 com.android.settings.wifi.MiuiWifiService.pt:199 com.android.settings.wifi.MiuiWifiService.onStartCommand:121 android.app.ActivityThread.handleServiceArgs:2696 

W/ContextImpl( 1347): Calling a method in the system process without a qualified user: android.app.ContextImpl.bindService:1585 android.content.ContextWrapper.bindService:517 miui.analytics.Analytics.endSession:120 com.android.settings.analytics.AnalyticService.onHandleIntent:93 android.app.IntentService$ServiceHandler.handleMessage:65 

I/ActivityManager( 1191): Start proc com.miui.bugreport:remote for broadcast com.miui.bugreport/com.xiaomi.reporter.ConnectivityChangedReceiver: pid=31376 uid=1000 gids={41000, 3003, 1028, 1015, 3002, 3001, 3005, 1021, 3004, 1000, 3009, 1023, 1010, 1007, 3006, 3007, 2001, 1035}

W/ContextImpl(31376): Calling a method in the system process without a qualified user: android.app.ContextImpl.startService:1521 android.content.ContextWrapper.startService:494 miui.core.SdkManager$1.run:189 android.os.Handler.handleCallback:733 android.os.Handler.dispatchMessage:95 

I/ActivityManager( 1191): Start proc com.miui.cloudservice for broadcast com.miui.cloudservice/.sync.ConnectivityReceiver: pid=31389 uid=10047 gids={50047, 3003, 1028, 1015, 2001}

I/ActivityManager( 1191): Killing 31210:com.xiaomi.gamecenter.sdk.service/u0a10 (adj 15): empty #9

I/ActivityManager( 1191): Killing 31227:com.miui.fmradio/u0a103 (adj 15): empty #9

I/ActivityManager( 1191): Start proc com.xiaomi.gamecenter for broadcast com.xiaomi.gamecenter/com.xiaomi.push.service.receivers.NetworkStatusReceiver: pid=31411 uid=10106 gids={50106, 1007, 3003, 1028, 1015, 2001}

I/ActivityManager( 1191): Killing 31242:com.miui.player/u0a15 (adj 15): empty #9

I/ActivityManager( 1191): Start proc com.mipay.wallet for broadcast com.mipay.wallet/com.mipay.bill.BillReceiver: pid=31436 uid=10065 gids={50065, 3002, 3001, 3003, 1028, 1015}

I/ActivityManager( 1191): Start proc com.android.updater for broadcast com.android.updater/.DailyCheckReceiver: pid=31452 uid=9802 gids={49802, 3003, 1028, 1015, 2001, 1007}

W/ContextImpl( 1545): Calling a method in the system process without a qualified user: android.app.ContextImpl.startService:1521 android.content.ContextWrapper.startService:494 android.content.ContextWrapper.startService:494 com.miui.powerkeeper.cloudcontrol.CloudUpdateReceiver.update:51 com.miui.powerkeeper.cloudcontrol.CloudUpdateReceiver.tryUpdate:42 

I/ActivityManager( 1191): Start proc com.miui.mipub for broadcast com.miui.mipub/.mixin.forward.MipubPushBroadcastReceiver: pid=31473 uid=10102 gids={50102, 3003, 1028, 1015, 1007}

I/ActivityManager( 1191): Process com.android.updater (pid 31452) has died.

I/ActivityManager( 1191): Start proc com.miui.klo.bugreport for broadcast com.miui.klo.bugreport/.receiver.KLOStartupReceiver: pid=31489 uid=1000 gids={41000, 3003, 1028, 1015, 3002, 3001, 3005, 1021, 3004, 1000, 3009, 1023, 1010, 1007, 3006, 3007, 2001, 1035}

I/ActivityManager( 1191): Killing 31336:com.xiaomi.vip/u0a30 (adj 15): empty #9

W/BroadcastQueue( 1191): Unable to launch app com.chaozh.iReaderxda/10090 for broadcast Intent { act=android.net.conn.CONNECTIVITY_CHANGE flg=0x4000010 (has extras) }: process is not permitted to autostart

I/ActivityManager( 1191): Killing 31376:com.miui.bugreport:remote/1000 (adj 15): empty #9

W/ContextImpl(31489): Calling a method in the system process without a qualified user: android.app.ContextImpl.startService:1521 android.content.ContextWrapper.startService:494 miui.core.SdkManager$1.run:189 android.os.Handler.handleCallback:733 android.os.Handler.dispatchMessage:95 

W/BroadcastQueue( 1191): Unable to launch app com.chaozh.iReaderxda/10090 for broadcast Intent { act=android.net.conn.CONNECTIVITY_CHANGE flg=0x4000010 (has extras) }: process is not permitted to autostart

W/BroadcastQueue( 1191): Unable to launch app com.sina.weibo/10093 for broadcast Intent { act=android.net.conn.CONNECTIVITY_CHANGE flg=0x4000010 (has extras) }: process is not permitted to autostart

W/BroadcastQueue( 1191): Unable to launch app com.sina.weibo/10093 for broadcast Intent { act=android.net.conn.CONNECTIVITY_CHANGE flg=0x4000010 (has extras) }: process is not permitted to autostart

W/BroadcastQueue( 1191): Unable to launch app com.sina.weibo/10093 for broadcast Intent { act=android.net.conn.CONNECTIVITY_CHANGE flg=0x4000010 (has extras) }: process is not permitted to autostart

W/BroadcastQueue( 1191): Unable to launch app com.sina.weibo/10093 for broadcast Intent { act=android.net.conn.CONNECTIVITY_CHANGE flg=0x4000010 (has extras) }: process is not permitted to autostart

W/BroadcastQueue( 1191): Unable to launch app com.sina.weibo/10093 for broadcast Intent { act=android.net.conn.CONNECTIVITY_CHANGE flg=0x4000010 (has extras) }: process is not permitted to autostart

W/BroadcastQueue( 1191): Unable to launch app com.wandoujia.phoenix2/10100 for broadcast Intent { act=android.net.conn.CONNECTIVITY_CHANGE flg=0x4000010 (has extras) }: process is not permitted to autostart

W/BroadcastQueue( 1191): Unable to launch app com.wandoujia.phoenix2/10100 for broadcast Intent { act=android.net.conn.CONNECTIVITY_CHANGE flg=0x4000010 (has extras) }: process is not permitted to autostart

I/ActivityManager( 1191): Start proc com.miui.fmradio for broadcast com.miui.fmradio/com.miui.radio.push.RadioMessageReceiver: pid=31503 uid=10103 gids={50103, 3003, 1028, 1015, 1023, 3002}

I/ActivityManager( 1191): Start proc com.miui.player for broadcast com.miui.player/.push.MiuiPushMessageReceiver: pid=31518 uid=10015 gids={50015, 3002, 1028, 1015, 1023, 3003}

I/ActivityManager( 1191): Killing 31389:com.miui.cloudservice/u0a47 (adj 15): empty #9

I/ActivityManager( 1191): Delay finish: com.miui.virtualsim/.push.MiPushMessageReceiver

I/ActivityManager( 1191): Resuming delayed broadcast

I/ActivityManager( 1191): Delay finish: com.android.providers.downloads/.DownloadPushMessageReceiver

I/ActivityManager( 1191): Resuming delayed broadcast

I/ActivityManager( 1191): Delay finish: com.miui.fmradio/com.miui.radio.push.RadioMessageReceiver

I/ActivityManager( 1191): Resuming delayed broadcast

I/ActivityManager( 1191): Delay finish: com.miui.player/.push.MiuiPushMessageReceiver

I/ActivityManager( 1191): Resuming delayed broadcast

I/ActivityManager( 1191): Killing 31258:com.android.fileexplorer:remote/u0a51 (adj 15): empty #9

I/ActivityManager( 1191): Killing 31294:com.xiaomi.account/u0a83 (adj 15): empty #9

I/ActivityManager( 1191): Killing 31056:com.xiaomi.market/u0a107 (adj 15): empty #10

W/ContextImpl( 6194): Calling a method in the system process without a qualified user: android.app.ContextImpl.sendBroadcast:1165 android.content.ContextWrapper.sendBroadcast:365 com.miui.networkassistant.service.tm.TrafficManageService.broadCastDataUsageUpdated:896 com.miui.networkassistant.service.tm.TrafficManageService$7.onReceive:1104 android.app.LoadedApk$ReceiverDispatcher$Args.run:761 

I/ProcessStatsService( 1191): Prepared write state in 26ms

I/ActivityManager( 1191): Killing 31310:com.miui.virtualsim/1001 (adj 15): empty for 608s

I/ActivityManager( 1191): Killing 31489:com.miui.klo.bugreport/1000 (adj 15): empty for 609s

I/ActivityManager( 1191): Killing 31473:com.miui.mipub/u0a102 (adj 15): empty for 609s

D/ConnectivityService( 1191): Sampling interval elapsed, updating statistics ..

D/ConnectivityService( 1191): Done.

D/ConnectivityService( 1191): Setting timer for 720seconds

I/ActivityManager( 1191): Start proc com.miui.yellowpage for service com.miui.yellowpage/.sync.SyncService: pid=31565 uid=10006 gids={50006, 3003, 1028, 1015, 3002, 3001}

I/ActivityManager( 1191): Killing 31436:com.mipay.wallet/u0a65 (adj 15): empty for 1930s

I/ProcessStatsService( 1191): Prepared write state in 13ms

I/ProcessStatsService( 1191): Prepared write state in 6ms

D/ConnectivityService( 1191): Sampling interval elapsed, updating statistics ..

D/ConnectivityService( 1191): Done.

D/ConnectivityService( 1191): Setting timer for 720seconds

I/ActivityManager( 1191): Start proc com.miui.cloudservice for service com.miui.cloudservice/.sync.MiCloudStatusService: pid=31589 uid=10047 gids={50047, 3003, 1028, 1015, 2001}

W/ContextImpl( 6194): Calling a method in the system process without a qualified user: android.app.ContextImpl.sendBroadcast:1165 android.content.ContextWrapper.sendBroadcast:365 com.miui.networkassistant.service.tm.TrafficManageService.broadCastDataUsageUpdated:896 com.miui.networkassistant.service.tm.TrafficManageService$7.onReceive:1104 android.app.LoadedApk$ReceiverDispatcher$Args.run:761 

W/ContextImpl( 2635): Calling a method in the system process without a qualified user: android.app.ContextImpl.startService:1521 android.content.ContextWrapper.startService:494 android.content.ContextWrapper.startService:494 com.miui.mdb.DataUpdateReceiver.aT:64 com.miui.mdb.DataUpdateReceiver.onReceive:43 

I/ActivityManager( 1191): Start proc com.miui.klo.bugreport for broadcast com.miui.klo.bugreport/.receiver.KLOStartupReceiver: pid=31602 uid=1000 gids={41000, 3003, 1028, 1015, 3002, 3001, 3005, 1021, 3004, 1000, 3009, 1023, 1010, 1007, 3006, 3007, 2001, 1035}

W/ContextImpl(31602): Calling a method in the system process without a qualified user: android.app.ContextImpl.startService:1521 android.content.ContextWrapper.startService:494 android.content.ContextWrapper.startService:494 com.miui.klo.bugreport.receiver.KLOStartupReceiver.l:188 com.miui.klo.bugreport.receiver.KLOStartupReceiver.onReceive:135 

W/ContextImpl(31602): Calling a method in the system process without a qualified user: android.app.ContextImpl.startService:1521 android.content.ContextWrapper.startService:494 miui.core.SdkManager$1.run:189 android.os.Handler.handleCallback:733 android.os.Handler.dispatchMessage:95 

W/ContextImpl( 2635): Calling a method in the system process without a qualified user: android.app.ContextImpl.sendBroadcast:1165 android.content.ContextWrapper.sendBroadcast:365 com.miui.mdb.DataUpdateService.onHandleIntent:57 android.app.IntentService$ServiceHandler.handleMessage:65 android.os.Handler.dispatchMessage:102 

W/ContextImpl( 2635): Calling a method in the system process without a qualified user: android.app.ContextImpl.startService:1521 android.content.ContextWrapper.startService:494 android.content.ContextWrapper.startService:494 com.miui.mdb.MDBDataUpdateReceiver.onReceive:19 android.app.ActivityThread.handleReceiver:2415 

W/ActivityThread(31602): ClassLoader.loadClass: The class loader returned by Thread.getContextClassLoader() may fail for processes that host multiple applications. You should explicitly specify a context class loader. For example: Thread.setContextClassLoader(getClass().getClassLoader());

I/ActivityManager( 1191): Killing 31503:com.miui.fmradio/u0a103 (adj 15): empty for 2110s

D/ConnectivityService( 1191): Sampling interval elapsed, updating statistics ..

D/ConnectivityService( 1191): Done.

D/ConnectivityService( 1191): Setting timer for 720seconds

D/ConnectivityService( 1191): Captive portal check NetworkInfo: type: WIFI[], state: CONNECTING/CAPTIVE_PORTAL_CHECK, reason: (unspecified), extra: "alibaba-inc", roaming: false, failover: false, isAvailable: true, isConnectedToProvisioningNetwork: false

D/ConnectivityService( 1191): handleCaptivePortalTrackerCheck: call captivePortalCheckComplete ni=NetworkInfo: type: WIFI[], state: CONNECTING/CAPTIVE_PORTAL_CHECK, reason: (unspecified), extra: "alibaba-inc", roaming: false, failover: false, isAvailable: true, isConnectedToProvisioningNetwork: false

D/ConnectivityService( 1191): ConnectivityChange for WIFI: CONNECTED/CONNECTED

D/ConnectivityService( 1191): Setting TCP values: [1] which comes from [net.tcp.usercfg.wifi]

D/ConnectivityService( 1191): Setting TCP values: [20] which comes from [net.tcp.delack.wifi]

E/ConnectivityService( 1191): Unexpected mtu value: android.net.wifi.WifiStateTracker@4364a358

D/ConnectivityService( 1191): handleConnectivityChange: address are the same reset per doReset linkProperty[1]: resetMask=0

D/Nat464Xlat( 1191): requiresClat: netType=1, hasIPv4Address=true

W/ContextImpl( 6194): Calling a method in the system process without a qualified user: android.app.ContextImpl.sendBroadcast:1165 android.content.ContextWrapper.sendBroadcast:365 com.miui.networkassistant.service.tm.TrafficManageService.broadCastDataUsageUpdated:896 com.miui.networkassistant.service.tm.TrafficManageService$7.onReceive:1104 android.app.LoadedApk$ReceiverDispatcher$Args.run:761 

D/ConnectivityService( 1191): NetTransition Wakelock for ConnectedState released by timeout

W/BroadcastQueue( 1191): Unable to launch app com.alipay.m.portal/10344 for broadcast Intent { act=android.net.conn.CONNECTIVITY_CHANGE flg=0x4000010 (has extras) }: process is not permitted to autostart

I/ActivityManager( 1191): Start proc com.xiaomi.gamecenter.sdk.service for broadcast com.xiaomi.gamecenter.sdk.service/com.xiaomi.push.service.receivers.NetworkStatusReceiver: pid=31664 uid=10010 gids={50010, 3003, 1007, 1028, 1015}

I/ActivityManager( 1191): Start proc com.miui.fmradio for broadcast com.miui.fmradio/com.xiaomi.push.service.receivers.NetworkStatusReceiver: pid=31681 uid=10103 gids={50103, 3003, 1028, 1015, 1023, 3002}

I/ActivityManager( 1191): Killing 31518:com.miui.player/u0a15 (adj 15): empty for 3451s

I/ActivityManager( 1191): Start proc com.miui.player for broadcast com.miui.player/com.xiaomi.push.service.receivers.NetworkStatusReceiver: pid=31696 uid=10015 gids={50015, 3002, 1028, 1015, 1023, 3003}

I/ActivityManager( 1191): Killing 31411:com.xiaomi.gamecenter/u0a106 (adj 15): empty for 3451s

I/ActivityManager( 1191): Killing 31565:com.miui.yellowpage/u0a6 (adj 15): empty for 1522s

I/ActivityManager( 1191): Start proc com.android.fileexplorer:remote for broadcast com.android.fileexplorer/com.xiaomi.push.service.receivers.NetworkStatusReceiver: pid=31713 uid=10051 gids={50051, 3003, 1028, 1015, 1023}

I/ActivityManager( 1191): Start proc com.xiaomi.market for broadcast com.xiaomi.market/com.xiaomi.push.service.receivers.NetworkStatusReceiver: pid=31731 uid=10107 gids={50107, 1028, 1015, 3003}

I/ActivityManager( 1191): Killing 31602:com.miui.klo.bugreport/1000 (adj 15): empty for 1342s

I/ActivityManager( 1191): Start proc com.android.thememanager for broadcast com.android.thememanager/com.xiaomi.push.service.receivers.NetworkStatusReceiver: pid=31751 uid=9801 gids={49801, 2001, 3003, 1028, 1015, 1023}

I/ActivityManager( 1191): Start proc com.xiaomi.account for broadcast com.xiaomi.account/com.xiaomi.push.service.receivers.NetworkStatusReceiver: pid=31769 uid=10083 gids={50083, 3003, 1028, 1015, 3002}

I/ActivityManager( 1191): Start proc com.miui.virtualsim for broadcast com.miui.virtualsim/com.xiaomi.push.service.receivers.NetworkStatusReceiver: pid=31785 uid=1001 gids={41001, 3004, 3009, 3005, 1006, 3002, 3001, 3003, 1028, 1015, 1007}

I/ActivityManager( 1191): Start proc com.xiaomi.vip for broadcast com.xiaomi.vip/com.xiaomi.push.service.receivers.NetworkStatusReceiver: pid=31811 uid=10030 gids={50030, 3003, 1028, 1015}

I/ActivityManager( 1191): Killing 31664:com.xiaomi.gamecenter.sdk.service/u0a10 (adj 15): empty #9

W/BroadcastQueue( 1191): Unable to launch app com.sina.weibo/10093 for broadcast Intent { act=android.net.conn.CONNECTIVITY_CHANGE flg=0x4000010 (has extras) }: process is not permitted to autostart

I/ActivityManager( 1191): Killing 31681:com.miui.fmradio/u0a103 (adj 15): empty #9

W/ContextImpl( 1347): Calling a method in the system process without a qualified user: android.app.ContextImpl.startService:1521 android.content.ContextWrapper.startService:494 android.content.ContextWrapper.startService:494 com.android.settings.MiuiSettingsReceiver.g:312 com.android.settings.MiuiSettingsReceiver.onReceive:100 

W/ActivityManager( 1191): Unable to start service Intent { act=miui.intent.action.UPDATE_VIRUS_LIB } U=0: not found

W/ContextImpl( 1347): Calling a method in the system process without a qualified user: android.app.ContextImpl.startService:1521 android.content.ContextWrapper.startService:494 android.content.ContextWrapper.startService:494 com.android.settings.MiuiSettingsReceiver.onReceive:103 android.app.ActivityThread.handleReceiver:2415 

W/ContextImpl( 1347): Calling a method in the system process without a qualified user: android.app.ContextImpl.startService:1521 android.content.ContextWrapper.startService:494 com.android.settings.wifi.MiuiWifiService.pt:199 com.android.settings.wifi.MiuiWifiService.onStartCommand:121 android.app.ActivityThread.handleServiceArgs:2696 

W/ContextImpl( 1347): Calling a method in the system process without a qualified user: android.app.ContextImpl.bindService:1585 android.content.ContextWrapper.bindService:517 miui.analytics.Analytics.endSession:120 com.android.settings.analytics.AnalyticService.onHandleIntent:93 android.app.IntentService$ServiceHandler.handleMessage:65 

I/ActivityManager( 1191): Start proc com.miui.bugreport:remote for broadcast com.miui.bugreport/com.xiaomi.reporter.ConnectivityChangedReceiver: pid=31829 uid=1000 gids={41000, 3003, 1028, 1015, 3002, 3001, 3005, 1021, 3004, 1000, 3009, 1023, 1010, 1007, 3006, 3007, 2001, 1035}

W/ContextImpl(31829): Calling a method in the system process without a qualified user: android.app.ContextImpl.startService:1521 android.content.ContextWrapper.startService:494 miui.core.SdkManager$1.run:189 android.os.Handler.handleCallback:733 android.os.Handler.dispatchMessage:95 

I/ActivityManager( 1191): Start proc com.xiaomi.gamecenter for broadcast com.xiaomi.gamecenter/com.xiaomi.push.service.receivers.NetworkStatusReceiver: pid=31845 uid=10106 gids={50106, 1007, 3003, 1028, 1015, 2001}

I/ActivityManager( 1191): Killing 31696:com.miui.player/u0a15 (adj 15): empty #9

I/ActivityManager( 1191): Killing 31731:com.xiaomi.market/u0a107 (adj 15): empty #9

I/ActivityManager( 1191): Start proc com.mipay.wallet for broadcast com.mipay.wallet/com.mipay.bill.BillReceiver: pid=31870 uid=10065 gids={50065, 3002, 3001, 3003, 1028, 1015}

I/ActivityManager( 1191): Killing 31751:com.android.thememanager/9801 (adj 15): empty #9

I/ActivityManager( 1191): Start proc com.xiaomi.market for broadcast com.xiaomi.market/.data.ConnectivityChangedReceiver: pid=31885 uid=10107 gids={50107, 1028, 1015, 3003}

I/ActivityManager( 1191): Killing 31769:com.xiaomi.account/u0a83 (adj 15): empty #9

I/ActivityManager( 1191): Start proc com.android.updater for broadcast com.android.updater/.DailyCheckReceiver: pid=31904 uid=9802 gids={49802, 3003, 1028, 1015, 2001, 1007}

I/ActivityManager( 1191): Start proc com.xiaomi.account for broadcast com.xiaomi.account/.GreenConnectivityReceiver: pid=31922 uid=10083 gids={50083, 3003, 1028, 1015, 3002}

I/ActivityManager( 1191): Process com.android.updater (pid 31904) has died.

I/ActivityManager( 1191): Killing 31785:com.miui.virtualsim/1001 (adj 15): empty #9

W/ContextImpl( 1545): Calling a method in the system process without a qualified user: android.app.ContextImpl.startService:1521 android.content.ContextWrapper.startService:494 android.content.ContextWrapper.startService:494 com.miui.powerkeeper.cloudcontrol.CloudUpdateReceiver.update:51 com.miui.powerkeeper.cloudcontrol.CloudUpdateReceiver.tryUpdate:42 

I/ActivityManager( 1191): Start proc com.miui.virtualsim for broadcast com.miui.virtualsim/.receiver.ConnectivityChangedReceiver: pid=31943 uid=1001 gids={41001, 3004, 3009, 3005, 1006, 3002, 3001, 3003, 1028, 1015, 1007}

I/ActivityManager( 1191): Killing 31811:com.xiaomi.vip/u0a30 (adj 15): empty #9

I/ActivityManager( 1191): Start proc com.miui.mipub for broadcast com.miui.mipub/.mixin.forward.MipubPushBroadcastReceiver: pid=31970 uid=10102 gids={50102, 3003, 1028, 1015, 1007}

I/ActivityManager( 1191): Killing 31829:com.miui.bugreport:remote/1000 (adj 15): empty #9

I/ActivityManager( 1191): Start proc com.miui.klo.bugreport for broadcast com.miui.klo.bugreport/.receiver.KLOStartupReceiver: pid=31987 uid=1000 gids={41000, 3003, 1028, 1015, 3002, 3001, 3005, 1021, 3004, 1000, 3009, 1023, 1010, 1007, 3006, 3007, 2001, 1035}

I/ActivityManager( 1191): Killing 31589:com.miui.cloudservice/u0a47 (adj 15): empty #9

W/BroadcastQueue( 1191): Unable to launch app com.chaozh.iReaderxda/10090 for broadcast Intent { act=android.net.conn.CONNECTIVITY_CHANGE flg=0x4000010 (has extras) }: process is not permitted to autostart

I/ActivityManager( 1191): Killing 31713:com.android.fileexplorer:remote/u0a51 (adj 15): empty #9

W/BroadcastQueue( 1191): Unable to launch app com.chaozh.iReaderxda/10090 for broadcast Intent { act=android.net.conn.CONNECTIVITY_CHANGE flg=0x4000010 (has extras) }: process is not permitted to autostart

W/BroadcastQueue( 1191): Unable to launch app com.sina.weibo/10093 for broadcast Intent { act=android.net.conn.CONNECTIVITY_CHANGE flg=0x4000010 (has extras) }: process is not permitted to autostart

W/BroadcastQueue( 1191): Unable to launch app com.sina.weibo/10093 for broadcast Intent { act=android.net.conn.CONNECTIVITY_CHANGE flg=0x4000010 (has extras) }: process is not permitted to autostart

W/BroadcastQueue( 1191): Unable to launch app com.sina.weibo/10093 for broadcast Intent { act=android.net.conn.CONNECTIVITY_CHANGE flg=0x4000010 (has extras) }: process is not permitted to autostart

W/BroadcastQueue( 1191): Unable to launch app com.sina.weibo/10093 for broadcast Intent { act=android.net.conn.CONNECTIVITY_CHANGE flg=0x4000010 (has extras) }: process is not permitted to autostart

W/BroadcastQueue( 1191): Unable to launch app com.sina.weibo/10093 for broadcast Intent { act=android.net.conn.CONNECTIVITY_CHANGE flg=0x4000010 (has extras) }: process is not permitted to autostart

W/BroadcastQueue( 1191): Unable to launch app com.wandoujia.phoenix2/10100 for broadcast Intent { act=android.net.conn.CONNECTIVITY_CHANGE flg=0x4000010 (has extras) }: process is not permitted to autostart

W/BroadcastQueue( 1191): Unable to launch app com.wandoujia.phoenix2/10100 for broadcast Intent { act=android.net.conn.CONNECTIVITY_CHANGE flg=0x4000010 (has extras) }: process is not permitted to autostart

W/ContextImpl(31987): Calling a method in the system process without a qualified user: android.app.ContextImpl.startService:1521 android.content.ContextWrapper.startService:494 miui.core.SdkManager$1.run:189 android.os.Handler.handleCallback:733 android.os.Handler.dispatchMessage:95 

I/ActivityManager( 1191): Start proc com.miui.fmradio for broadcast com.miui.fmradio/com.miui.radio.push.RadioMessageReceiver: pid=32000 uid=10103 gids={50103, 3003, 1028, 1015, 1023, 3002}

I/ActivityManager( 1191): Start proc com.miui.player for broadcast com.miui.player/.push.MiuiPushMessageReceiver: pid=32015 uid=10015 gids={50015, 3002, 1028, 1015, 1023, 3003}

I/ActivityManager( 1191): Killing 31845:com.xiaomi.gamecenter/u0a106 (adj 15): empty #9

I/ActivityManager( 1191): Delay finish: com.mipay.wallet/com.mipay.push.MipayPushMessageReceiver

I/ActivityManager( 1191): Resuming delayed broadcast

I/ActivityManager( 1191): Delay finish: com.miui.fmradio/com.miui.radio.push.RadioMessageReceiver

I/ActivityManager( 1191): Resuming delayed broadcast

I/ActivityManager( 1191): Delay finish: com.miui.player/.push.MiuiPushMessageReceiver

I/ActivityManager( 1191): Resuming delayed broadcast

I/ActivityManager( 1191): Killing 31885:com.xiaomi.market/u0a107 (adj 15): empty #9

D/ConnectivityService( 1191): Sampling interval elapsed, updating statistics ..

D/ConnectivityService( 1191): Done.

D/ConnectivityService( 1191): Setting timer for 720seconds

I/EntropyMixer( 1191): Writing entropy...

