D/SubDex  (20540): Internal Storage Path for Dex file: /data/data/com.cleanmaster.mguard_cn/app_dex/subdex.jar

D/SubDex  (20540): SKIP EXTRACT SUBDEX FROM APK

E/MoSecurityApplication(20540): loadSecondaryDex 44

D/Sensorhubs(  355): readContextData: 1, 1, 7, 0

D/SensorHubManager(  910): onGetSensorHubDataLocked: library = 1, 1, 7, 0

D/CAE     (  910): onGetSensorHubData(SensorHubParserProvider.java:87) - onGetSensorHubData Event [event buffer len :4], AP_WAKEUP

I/CAE     (  910): parse(SensorHubParserProvider.java:166) - buffer size = 4

I/CAE     (  910): parse(SensorHubParserProvider.java:177) - 1, 1, 7, 0,

D/CAE     (  910): display(ContextProvider.java:365) - ================= AUTO_ROTATION =================

I/CAE     (  910): display(ContextProvider.java:381) - Angle=[0]

D/SContextService(  910): updateSContext() : event = Auto Rotation

V/WindowOrientationListener(  910): mSContextAutoRotationListener.onSContextChanged, Rotation: 0

V/IPC     (20540): Current service version 50820080, last check version 50820080

E/cutils  (  324): Failed to mkdirat(/storage/extSdCard/Android): Read-only file system

W/ContextImpl(20540): Failed to ensure directory: /storage/extSdCard/Android/data/com.cleanmaster.mguard_cn/files

W/Vold    (  324): Returning OperationFailed - no handler for errno 30

E/cutils  (  324): Failed to mkdirat(/storage/extSdCard/Android): Read-only file system

W/ContextImpl(20540): Failed to ensure directory: /storage/extSdCard/Android/data/com.cleanmaster.mguard_cn/files

W/Vold    (  324): Returning OperationFailed - no handler for errno 30

E/File    (20540): fail readDirectory() errno=13

I/SELinux (20570): Function: selinux_android_load_priority , priority [3] , priority version is VE=SEPF_GT-I9508V_4.4.4_0033

E/dalvikvm(20570): >>>>> Normal User

E/dalvikvm(20570): >>>>> com.baidu.browser.apps_sj:bdfloatservice [ userId:0 | appId:10079 ]

D/dalvikvm( 5471): GC_CONCURRENT freed 1865K, 28% free 19531K/26876K, paused 3ms+3ms, total 42ms

D/dalvikvm( 5471): WAIT_FOR_CONCURRENT_GC blocked 31ms

D/dalvikvm( 5471): WAIT_FOR_CONCURRENT_GC blocked 17ms

D/dalvikvm(20540): Trying to load lib /data/data/com.cleanmaster.mguard_cn/files/lib/libkcmutil.so 0x42ec15e8

D/dalvikvm( 5471): WAIT_FOR_CONCURRENT_GC blocked 35ms

D/dalvikvm( 5471): WAIT_FOR_CONCURRENT_GC blocked 27ms

D/dalvikvm( 5471): WAIT_FOR_CONCURRENT_GC blocked 39ms

D/dalvikvm(20540): Added shared lib /data/data/com.cleanmaster.mguard_cn/files/lib/libkcmutil.so 0x42ec15e8

E/cutils  (  324): Failed to mkdirat(/storage/extSdCard/Android): Read-only file system

W/ContextImpl(20540): Failed to ensure directory: /storage/extSdCard/Android/data/com.cleanmaster.mguard_cn/files

W/Vold    (  324): Returning OperationFailed - no handler for errno 30

D/CustomFrequencyManagerService(  910): releaseDVFSLockLocked : Getting Lock type frm List : DVFS_MIN_LIMIT  frequency : 1958400  uid : 1000  pid : 910  tag : ACTIVITY_RESUME_BOOSTER@10

W/Settings(20540): Setting android_id has moved from android.provider.Settings.System to android.provider.Settings.Secure, returning read-only value.

E/JavaBinder(  910): !!! FAILED BINDER TRANSACTION !!!

D/STATUSBAR-NetworkController( 1110): refreshSignalCluster - setNWBoosterIndicators(false)

D/StatusBar.NetworkController( 1110): refreshSignalCluster: else : 

D/STATUSBAR-SignalClusterView( 1110): setDataSignalIcon mMobileDataGroup GONE

E/StatusBar.NetworkController( 1110): refreshSignalCluster: roam

E/StatusBar.NetworkController( 1110): refreshSignalCluster: set mShowPhoneRSSIForData = false

D/STATUSBAR-IconMerger( 1110): checkOverflow(576), More:false, Req:false Child:4

D/FlyFlow (20570): [null: onCreate: -1][START]--------onCreate() begin

D/BdSailor(20570): [null: <init>: -1]BdSailor::BdSailor()

D/show    (20540): read firstrelease/release_text from assets

I/SELinux (20593): Function: selinux_android_load_priority , priority [3] , priority version is VE=SEPF_GT-I9508V_4.4.4_0033

E/dalvikvm(20593): >>>>> Normal User

E/dalvikvm(20593): >>>>> com.sec.android.app.capabilitymanager [ userId:0 | appId:10096 ]

D/dalvikvm(  346): GC_EXPLICIT freed 45K, 38% free 16876K/26876K, paused 1ms+2ms, total 20ms

D/dalvikvm(  346): GC_EXPLICIT freed <1K, 38% free 16876K/26876K, paused 1ms+1ms, total 14ms

E/cutils  (  324): Failed to mkdirat(/storage/extSdCard/Android): Read-only file system

W/ContextImpl(20540): Failed to ensure directory: /storage/extSdCard/Android/data/com.cleanmaster.mguard_cn/files

W/Vold    (  324): Returning OperationFailed - no handler for errno 30

I/ActivityManager(  910): Process com.wandoujia.phoenix2.usbproxy (pid 20470) (adj 15) has died.

D/dalvikvm(  346): GC_EXPLICIT freed <1K, 38% free 16876K/26876K, paused 1ms+2ms, total 16ms

I/cm.log.uipro(20540): [搬家]/ 支持系统搬家: true

E/ApplicationPermissions(20593): persist.sys.setupwizard : FINISH

E/ApplicationPermissions(20593): android.intent.action.PACKAGE_ADDED

W/PackageParser( 5471): Unknown element under <application>: uses-sdk at /storage/emulated/0/wandoujia/app/豌豆荚_1431328083372..apk Binary XML file line #2488

D/CustomFrequencyManagerService(  910): acquireDVFSLockLocked : type : DVFS_MIN_LIMIT  frequency : 1958400  uid : 1000  pid : 910  pkgName : ACTIVITY_RESUME_BOOSTER@6

W/ActivityManager(  910): mDVFSHelper.acquire()

D/        (  910): DFactory start

D/        (  910): isQmage : stream is not a Qmage file

D/        (  910): DFactory start

D/        (  910): isQmage : stream is not a Qmage file

D/        (  910): DFactory start

D/        (  910): isQmage : stream is not a Qmage file

D/        (  910): DFactory start

D/        (  910): isQmage : stream is not a Qmage file

D/        (  910): DFactory start

D/        (  910): isQmage : stream is not a Qmage file

E/MoreInfoHPW_ViewGroup(  910): Parent view is not a TextView

W/PackageParser( 5471): Unknown element under <application>: uses-sdk at /storage/emulated/0/wandoujia/app/豌豆荚_1431349663337..apk Binary XML file line #2488

D/        (  910): DFactory start

D/        (  910): isQmage : stream is not a Qmage file

D/        (  910): DFactory start

D/        (  910): isQmage : stream is not a Qmage file

D/PhoneStatusBar( 1110): setTransGradationMode=false, mTransparentMode=false, mSemiTransparentMode=false, mMultiWindowMode=false

D/        (  910): DFactory start

D/        (  910): isQmage : stream is not a Qmage file

D/StatusBarManagerService(  910): tr p:910,o:f

D/PointerIcon(  910): setMouseIconStyle1 pointerType: 1001iconType:101 flag:0

D/PointerIcon(  910): setMouseCustomIcon IconType is same.101

D/PointerIcon(  910): setHoveringSpenIconStyle1 pointerType: 10001iconType:1 flag:0

D/PointerIcon(  910): setHoveringSpenCustomIcon IconType is same.1

V/SmartFaceService - 3rd party pause(  910): onReceive [android.intent.action.ACTIVITY_STATE/com.android.packageinstaller/pause]

D/PhoneStatusBar( 1110): setSemiTransparentMode=false, mTransparentMode=false, mSemiTransparentMode=false, mMultiWindowMode=false

I/SurfaceFlinger(  345): id=10259 createSurf (1x1),1 flag=404, dapabilitym

D/KeyguardUpdateMonitor( 1110): sendKeyguardVisibilityChanged(true)

D/KeyguardUpdateMonitor( 1110): handleKeyguardVisibilityChanged(1)

D/StatusBarManagerService(  910): semi p:910,o:f

D/KeyguardUpdateMonitor( 1110): sendKeyguardVisibilityChanged(true)

D/KeyguardUpdateMonitor( 1110): handleKeyguardVisibilityChanged(1)

D/PowerManagerService(  910): setKeyboardVisibility: false

D/        (  910): DFactory start

D/        (  910): isQmage : stream is not a Qmage file

W/PackageParser( 5471): Unknown element under <application>: uses-sdk at /storage/emulated/0/wandoujia/app/豌豆荚_1431397956088..apk Binary XML file line #2488

V/SmartFaceService - 3rd party pause(  910): onReceive [android.intent.action.ACTIVITY_STATE/com.sec.android.app.capabilitymanager/create]

W/ContextImpl(20593): Implicit intents with startService are not safe: Intent { act=com.android.security.capabilitymanager.action.MANAGEMENT_PERMISSION } android.content.ContextWrapper.bindService:529 com.sec.android.app.cm.manager.CMPermissionManager.bindService:114 com.sec.android.app.cm.ui.CMPermissionGroupListActivity.onCreate:60 

I/SELinux (20607): Function: selinux_android_load_priority , priority [3] , priority version is VE=SEPF_GT-I9508V_4.4.4_0033

E/dalvikvm(20607): >>>>> Normal User

E/dalvikvm(20607): >>>>> com.samsung.android.app.assistantmenu [ userId:0 | appId:1000 ]

I/SELinux (20618): Function: selinux_android_load_priority , priority [3] , priority version is VE=SEPF_GT-I9508V_4.4.4_0033

E/dalvikvm(20618): >>>>> Normal User

E/dalvikvm(20618): >>>>> com.sec.android.service.cm [ userId:0 | appId:10105 ]

E/installd(  353): system dir 0 : /system/app/

E/installd(  353): system dir 1 : /vendor/app/

D/PackageManager(  910): [MSG] MCS_BOUND

W/PackageParser( 5471): Unknown element under <application>: uses-sdk at /storage/emulated/0/wandoujia/app/豌豆荚_1431403933519..apk Binary XML file line #2488

I/ActivityManager(  910): Process com.android.settings (pid 20526) (adj 13) has died.

D/        (20593): DFactory start

D/        (20593): isQmage : stream is not a Qmage file

D/        (20593): DFactory start

D/        (20593): isQmage : stream is not a Qmage file

D/STATUSBAR-StatusBarManagerService(  910): manageDisableList what=0x0 pkg=WindowManager.LayoutParams

D/        (20593): DFactory start

D/        (20593): isQmage : stream is not a Qmage file

D/        (20593): DFactory start

D/        (20593): isQmage : stream is not a Qmage file

D/        (20593): DFactory start

D/        (20593): isQmage : stream is not a Qmage file

D/SurfaceWidgetClient( 1544): [237392/5] SurfaceWidgetClient onTrimMemory level: 60

D/SurfaceWidgetClient( 1544): [237392/5] releasing widget instance (paused: true): 1

D/cmaweather( 1544): [Cmaweather J]>>> WR:433 [0:0] releaseResources 

E/MoreInfoHPW_ViewGroup(20593): Parent view is not a TextView

D/CapabilityManagerService New(20618): onBind()

D/        (20593): DFactory start

D/        (20593): isQmage : stream is not a Qmage file

D/        (20593): DFactory start

D/        (20593): isQmage : stream is not a Qmage file

I/ActivityManager(  910): Process com.baidu.browser.apps_sj:bdfloatservice (pid 20570) (adj 11) has died.

D/PhoneStatusBar( 1110): setTransGradationMode=false, mTransparentMode=false, mSemiTransparentMode=false, mMultiWindowMode=false

D/        (20593): DFactory start

D/        (20593): isQmage : stream is not a Qmage file

D/StatusBarManagerService(  910): tr p:20593,o:f

D/SurfaceWidgetClient( 1544): [237392/5] SurfaceWidgetClient onTrimMemory level: 60

D/SurfaceWidgetClient( 1544): [237392/5] releasing widget instance (paused: true): 1

D/cmaweather( 1544): [Cmaweather J]>>> WR:433 [0:0] releaseResources 

D/        (20593): DFactory start

D/        (20593): isQmage : stream is not a Qmage file

D/        (20593): DFactory start

D/        (20593): isQmage : stream is not a Qmage file

D/        (20593): DFactory start

D/        (20593): isQmage : stream is not a Qmage file

D/        (20593): DFactory start

D/        (20593): isQmage : stream is not a Qmage file

D/CapabilityManagerService New(20618): Receiver Broadcast:android.intent.action.PACKAGE_ADDED

D/dalvikvm( 5471): GC_CONCURRENT freed 1314K, 25% free 20265K/26876K, paused 11ms+4ms, total 79ms

D/dalvikvm( 5471): WAIT_FOR_CONCURRENT_GC blocked 22ms

D/dalvikvm( 5471): WAIT_FOR_CONCURRENT_GC blocked 16ms

D/        (20593): DFactory start

D/        (20593): isQmage : stream is not a Qmage file

D/        (20593): DFactory start

D/        (20593): isQmage : stream is not a Qmage file

D/        (20593): DFactory start

D/        (20593): isQmage : stream is not a Qmage file

D/        (20593): DFactory start

D/        (20593): isQmage : stream is not a Qmage file

D/        (20593): DFactory start

D/        (20593): isQmage : stream is not a Qmage file

D/        (20593): DFactory start

D/        (20593): isQmage : stream is not a Qmage file

D/        (20593): DFactory start

D/        (20593): isQmage : stream is not a Qmage file

D/        (20593): DFactory start

D/        (20593): isQmage : stream is not a Qmage file

D/        (20593): DFactory start

D/        (20593): isQmage : stream is not a Qmage file

D/        (20593): DFactory start

D/        (20593): isQmage : stream is not a Qmage file

D/        (20593): DFactory start

D/        (20593): isQmage : stream is not a Qmage file

D/        (20593): DFactory start

D/        (20593): isQmage : stream is not a Qmage file

I/PackageManager(  910): remove MCS_UNBIND message and Posting MCS_UNBIND 10 secs later

D/        (20593): DFactory start

D/        (20593): isQmage : stream is not a Qmage file

D/        (20593): DFactory start

D/        (20593): isQmage : stream is not a Qmage file

D/        (20593): DFactory start

D/        (20593): isQmage : stream is not a Qmage file

W/PackageParser( 5471): Unknown element under <application>: uses-sdk at /storage/emulated/0/wandoujia/app/豌豆荚_1431657330152..apk Binary XML file line #2488

D/        (20593): DFactory start

D/        (20593): isQmage : stream is not a Qmage file

D/        (20593): DFactory start

D/        (20593): isQmage : stream is not a Qmage file

D/        (20593): DFactory start

D/        (20593): isQmage : stream is not a Qmage file

D/        (20593): DFactory start

D/        (20593): isQmage : stream is not a Qmage file

D/        (20593): DFactory start

D/        (20593): isQmage : stream is not a Qmage file

D/        (20593): DFactory start

D/        (20593): isQmage : stream is not a Qmage file

D/AbsListView(20593): Get MotionRecognitionManager

D/MotionRecognitionService(  910):  ssp status : true

D/        (20593): DFactory start

D/        (20593): isQmage : stream is not a Qmage file

V/AlarmManager(  910): waitForAlarm result :8

I/SELinux (20637): Function: selinux_android_load_priority , priority [3] , priority version is VE=SEPF_GT-I9508V_4.4.4_0033

I/ActivityManager(  910): Process com.cleanmaster.mguard_cn (pid 20540) (adj 13) has died.

E/dalvikvm(20637): >>>>> Normal User

E/dalvikvm(20637): >>>>> com.samsung.android.app.filterinstaller [ userId:0 | appId:1000 ]

D/SurfaceWidgetClient( 1544): [237392/5] SurfaceWidgetClient onTrimMemory level: 60

D/SurfaceWidgetClient( 1544): [237392/5] releasing widget instance (paused: true): 1

D/cmaweather( 1544): [Cmaweather J]>>> WR:433 [0:0] releaseResources 

I/System.out( 5471): Thread-34379 calls detatch()

I/AppCategory( 5471): com.xbcx.gocom: unknown

E/ActivityThread( 1727): Failed to find provider info for com.tencent.server.fore.ForePluginContentProvider

E/ActivityThread( 1727): Failed to find provider info for com.tencent.server.fore.ForePluginContentProvider

E/ActivityThread( 1727): Failed to find provider info for com.tencent.server.fore.ForePluginContentProvider

W/PackageParser( 5471): Unknown element under <application>: uses-sdk at /storage/emulated/0/wandoujia/app/豌豆荚_1431678934272..apk Binary XML file line #2488

I/ActivityManager(  910): Process com.samsung.android.app.assistantmenu (pid 20607) (adj 11) has died.

D/KeyguardClockWidgetService(19623): onReceive action=android.intent.action.TIME_TICK

D/        (20593): DFactory start

D/        (20593): isQmage : stream is not a Qmage file

D/        (20593): DFactory start

D/        (20593): isQmage : stream is not a Qmage file

D/        (20593): DFactory start

D/        (20593): isQmage : stream is not a Qmage file

W/System.err( 1727): java.lang.IllegalArgumentException: Unknown URL content://com.tencent.server.fore.ForePluginContentProvider/SpProvider/SoftwareManagerImpl/String

W/System.err( 1727): 	at android.content.ContentResolver.insert(ContentResolver.java:1197)

D/        (20593): DFactory start

D/        (20593): isQmage : stream is not a Qmage file

W/System.err( 1727): 	at com.tmsdk.common.storage.a.mw(SourceFile:258)

W/System.err( 1727): 	at com.tmsdk.common.storage.a.V(SourceFile:275)

W/System.err( 1727): 	at tcs.bvv.ro(SourceFile:198)

W/System.err( 1727): 	at tcs.bvv.d(SourceFile:181)

W/System.err( 1727): 	at tcs.bvv.a(SourceFile:25)

W/System.err( 1727): 	at tcs.bvv$1.a(SourceFile:93)

W/System.err( 1727): 	at com.meri.service.j$5.run(SourceFile:394)

W/System.err( 1727): 	at tcs.aet.d(SourceFile:364)

W/System.err( 1727): 	at tcs.aet.c(SourceFile:349)

W/System.err( 1727): 	at tcs.aet.TM(SourceFile:150)

W/System.err( 1727): 	at tcs.aev.a(SourceFile:57)

W/System.err( 1727): 	at tcs.aet$1.run(SourceFile:218)

E/ActivityThread( 1727): Failed to find provider info for com.tencent.server.fore.ForePluginContentProvider

V/AlarmManager(  910): ClockReceiver onReceive() ACTION_TIME_TICK

E/ActivityThread( 1727): Failed to find provider info for com.tencent.server.fore.ForePluginContentProvider

E/ActivityThread( 1727): Failed to find provider info for com.tencent.server.fore.ForePluginContentProvider

D/KeyguardUpdateMonitor( 1110): received broadcast android.intent.action.TIME_TICK

D/KeyguardUpdateMonitor( 1110): handleTimeUpdate

D/        (20593): DFactory start

D/        (20593): isQmage : stream is not a Qmage file

D/        (20593): DFactory start

D/        (20593): isQmage : stream is not a Qmage file

D/        (20593): DFactory start

D/        (20593): isQmage : stream is not a Qmage file

D/        (20593): DFactory start

D/        (20593): isQmage : stream is not a Qmage file

D/        (20593): DFactory start

D/        (20593): isQmage : stream is not a Qmage file

I/SurfaceFlinger(  345): id=10258 Removed JnstallAppP (17/47)

I/SurfaceFlinger(  345): id=10258 Removed JnstallAppP (-2/47)

D/STATUSBAR-IconMerger( 1110): checkOverflow(576), More:false, Req:false Child:4

W/ContextImpl(20637): Calling a method in the system process without a qualified user: android.app.ContextImpl.startService:1866 android.content.ContextWrapper.startService:506 android.content.ContextWrapper.startService:506 com.samsung.android.app.filterinstaller.PackageIntentReceiver.onReceive:55 android.app.ActivityThread.handleReceiver:2674 

D/SViewCoverWidget( 1659): initClock() : TimeZone =libcore.util.ZoneInfo[id="Asia/Shanghai",mRawOffset=28800000,mEarliestRawOffset=28800000,mUseDst=false,mDstSavings=3600000,transitions=16]

D/AbsListView(20593): Get MotionRecognitionManager

D/        (20593): DFactory start

D/        (20593): isQmage : stream is not a Qmage file

I/SELinux (20655): Function: selinux_android_load_priority , priority [3] , priority version is VE=SEPF_GT-I9508V_4.4.4_0033

E/dalvikvm(20655): >>>>> Normal User

E/dalvikvm(20655): >>>>> com.samsung.android.app.watchmanagerstub [ userId:0 | appId:10125 ]

E/FilterInstaller(20637): There is no requred permission

I/AndroidRuntime(20637): VM exiting with result code 0, cleanup skipped.

I/WindowState(  910): WIN DEATH: Window{44436d90 u0 com.eg.android.AlipayGphoneRC/com.alipay.android.launcher.TabLauncher}

W/PackageParser( 5471): Unknown element under <application>: uses-sdk at /storage/emulated/0/wandoujia/app/豌豆荚_1432701645125..apk Binary XML file line #2488

I/ActivityManager(  910): Process com.eg.android.AlipayGphoneRC (pid 5056) (adj 9) has died.

F/ActivityManager(  910): Service ServiceRecord{4a06a370 u0 com.eg.android.AlipayGphoneRC/org.rome.android.ipp.binder.IppService} in process ProcessRecord{44248260 5056:com.eg.android.AlipayGphoneRC/u0a284} not same as in map: null

D/daemonapp(15431): [MSC_Cmaweather_Daemon]>>> U:1341 [0:0] cDayONight() ::: sunrise is null 

D/daemonapp(15431): [MSC_Cmaweather_Daemon]>>> U:1357 [0:0] cDayONight() ::: sunset is null 

D/daemonapp(15431): [MSC_Cmaweather_Daemon]>>> WCS:90 [0:0] action:androidintentactionTIME_TICK

F/ActivityManager(  910): Service ServiceRecord{47ea7918 u0 com.eg.android.AlipayGphoneRC/com.alipay.mobile.rome.syncsdk.service.LongLinkService} in process ProcessRecord{44248260 5056:com.eg.android.AlipayGphoneRC/u0a284} not same as in map: null

F/ActivityManager(  910): Service ServiceRecord{47e5bb40 u0 com.eg.android.AlipayGphoneRC/mtopsdk.xstate.XStateService} in process ProcessRecord{44248260 5056:com.eg.android.AlipayGphoneRC/u0a284} not same as in map: null

F/ActivityManager(  910): Service ServiceRecord{45c17c00 u0 com.eg.android.AlipayGphoneRC/anetwork.channel.aidl.NetworkService} in process ProcessRecord{44248260 5056:com.eg.android.AlipayGphoneRC/u0a284} not same as in map: null

D/PhoneStatusBar( 1110): setSemiTransparentMode=false, mTransparentMode=false, mSemiTransparentMode=false, mMultiWindowMode=false

D/StatusBarManagerService(  910): semi p:20593,o:f

I/ActivityManager(  910): Process com.samsung.android.app.filterinstaller (pid 20637) (adj 0) has died.

D/PackageIntentReceiver(20655): ACTION_PACKAGE_ADDED

D/PackageIntentReceiver(20655): Not GearManger package! 

W/PackageParser( 5471): Unknown element under <application>: uses-sdk at /storage/emulated/0/wandoujia/app/豌豆荚_1432707603605..apk Binary XML file line #2488

D/        ( 5471): DFactory start

D/        ( 5471): isQmage : stream is not a Qmage file

D/        ( 5471): DFactory start

D/        ( 5471): isQmage : stream is not a Qmage file

I/SELinux (20670): Function: selinux_android_load_priority , priority [3] , priority version is VE=SEPF_GT-I9508V_4.4.4_0033

E/dalvikvm(20670): >>>>> Normal User

E/dalvikvm(20670): >>>>> com.samsung.helphub [ userId:0 | appId:1000 ]

D/STATUSBAR-StatusBarManagerService(  910): sendNotification(1) - 8192

D/SViewCoverView( 1659): BroadcastReceiver onReceive() : action : com.android.server.NotificationManagerService.NotificationArrived

D/ProgressBar( 1110): setProgressDrawable drawableHeight = 18

D/        ( 1110): DFactory start

D/        ( 1110): isQmage : stream is not a Qmage file

D/        ( 1110): DFactory start

D/        ( 1110): isQmage : stream is not a Qmage file

D/        ( 1110): DFactory start

D/        ( 1110): isQmage : stream is not a Qmage file

D/        ( 1110): DFactory start

D/        ( 1110): isQmage : stream is not a Qmage file

D/StatusBarManagerService(  910): semi p:20593,o:f

D/PhoneStatusBar( 1110): tick(): knoxCustomManager = android.app.enterprise.knoxcustom.KnoxCustomManager@42bb9320

W/PackageParser( 5471): Unknown element under <application>: uses-sdk at /storage/emulated/0/wandoujia/app/豌豆荚_1432711142555..apk Binary XML file line #2488

D/ContexualWidgetMonitor( 1110): action =com.android.server.NotificationManagerService.NotificationArrived

D/ContexualWidgetMonitor( 1110): pkg =null

D/ContexualWidgetMonitor( 1110): mCheckMissedEvent =false

D/PhoneStatusBar( 1110): setSemiTransparentMode=false, mTransparentMode=false, mSemiTransparentMode=false, mMultiWindowMode=false

W/PackageParser( 5471): Unknown element under <application>: uses-sdk at /storage/emulated/0/wandoujia/app/豌豆荚_1432716044995..apk Binary XML file line #2488

D/        (20593): DFactory start

D/        (20593): isQmage : stream is not a Qmage file

D/        (20593): DFactory start

D/        (20593): isQmage : stream is not a Qmage file

D/        (20593): DFactory start

D/        (20593): isQmage : stream is not a Qmage file

D/        (20593): DFactory start

D/        (20593): isQmage : stream is not a Qmage file

D/        (20593): DFactory start

D/        (20593): isQmage : stream is not a Qmage file

I/SELinux (20684): Function: selinux_android_load_priority , priority [3] , priority version is VE=SEPF_GT-I9508V_4.4.4_0033

E/dalvikvm(20684): >>>>> Normal User

E/dalvikvm(20684): >>>>> com.wandoujia.phoenix2.usbproxy [ userId:0 | appId:10203 ]

D/Sensorhubs(  355): readContextData: 1, 1, 7, -1

D/SensorHubManager(  910): onGetSensorHubDataLocked: library = 1, 1, 7, -1

D/CAE     (  910): onGetSensorHubData(SensorHubParserProvider.java:87) - onGetSensorHubData Event [event buffer len :4], AP_WAKEUP

I/CAE     (  910): parse(SensorHubParserProvider.java:166) - buffer size = 4

I/SurfaceFlinger(  345): id=10260 createSurf (1x1),1 flag=404, DMPermissio

I/CAE     (  910): parse(SensorHubParserProvider.java:177) - 1, 1, 7, -1,

D/CAE     (  910): display(ContextProvider.java:365) - ================= AUTO_ROTATION =================

I/SpenGestureManager(  910): setFocusWindow21030

I/CAE     (  910): display(ContextProvider.java:381) - Angle=[-1]

D/SContextService(  910): updateSContext() : event = Auto Rotation

V/WindowOrientationListener(  910): mSContextAutoRotationListener.onSContextChanged, Rotation: -1

D/PointerIcon(  910): setMouseIconStyle1 pointerType: 1001iconType:101 flag:0

D/PointerIcon(  910): setMouseCustomIcon IconType is same.101

D/PointerIcon(  910): setHoveringSpenIconStyle1 pointerType: 10001iconType:1 flag:0

D/PointerIcon(  910): setHoveringSpenCustomIcon IconType is same.1

I/Adreno-EGL(20593): <qeglDrvAPI_eglInitialize:410>: EGL 1.4 QUALCOMM build:  ()

I/Adreno-EGL(20593): OpenGL ES Shader Compiler Version: E031.24.00.08+13

I/Adreno-EGL(20593): Build Date: 03/28/14 Fri

I/Adreno-EGL(20593): Local Branch: 0328_AU200_patches

I/Adreno-EGL(20593): Remote Branch: 

I/Adreno-EGL(20593): Local Patches: 

I/Adreno-EGL(20593): Reconstruct Branch: 

W/PackageParser( 5471): Unknown element under <application>: uses-sdk at /storage/emulated/0/wandoujia/app/豌豆荚_1435637445689..apk Binary XML file line #2623

D/Sensorhubs(  355): readContextData: 1, 1, 7, 0

D/SensorHubManager(  910): onGetSensorHubDataLocked: library = 1, 1, 7, 0

D/CAE     (  910): onGetSensorHubData(SensorHubParserProvider.java:87) - onGetSensorHubData Event [event buffer len :4], AP_WAKEUP

I/CAE     (  910): parse(SensorHubParserProvider.java:166) - buffer size = 4

I/CAE     (  910): parse(SensorHubParserProvider.java:177) - 1, 1, 7, 0,

D/CAE     (  910): display(ContextProvider.java:365) - ================= AUTO_ROTATION =================

I/CAE     (  910): display(ContextProvider.java:381) - Angle=[0]

D/SContextService(  910): updateSContext() : event = Auto Rotation

V/WindowOrientationListener(  910): mSContextAutoRotationListener.onSContextChanged, Rotation: 0

I/SELinux (20697): Function: selinux_android_load_priority , priority [3] , priority version is VE=SEPF_GT-I9508V_4.4.4_0033

E/dalvikvm(20697): >>>>> Normal User

E/dalvikvm(20697): >>>>> com.sec.android.app.controlpanel [ userId:0 | appId:10130 ]

D/OpenGLRenderer(20593): Enabling debug mode 0

D/        (20593): DFactory start

D/        (20593): isQmage : stream is not a Qmage file

W/PackageParser( 5471): Unknown element under <application>: uses-sdk at /storage/emulated/0/wandoujia/app/豌豆荚_1434552044757..apk Binary XML file line #2599

D/        (20697): DFactory start

D/        (20697): isQmage : stream is not a Qmage file

W/ContextImpl(  910): Calling a method in the system process without a qualified user: android.app.ContextImpl.sendBroadcast:1510 com.android.server.InputMethodManagerService$4.run:2772 java.lang.Thread.run:841 <bottom of call stack> <bottom of call stack> 

D/CustomFrequencyManagerService(  910): releaseDVFSLockLocked : Getting Lock type frm List : DVFS_MIN_LIMIT  frequency : 1958400  uid : 1000  pid : 910  tag : ACTIVITY_RESUME_BOOSTER@6

W/ActivityManager(  910): mDVFSHelper.release()

D/CustomFrequencyManagerService(  910): acquireDVFSLockLocked : type : DVFS_MIN_LIMIT  frequency : 1958400  uid : 1000  pid : 910  pkgName : ACTIVITY_RESUME_BOOSTER@10

D/dalvikvm( 5471): GC_CONCURRENT freed 1660K, 24% free 20625K/26876K, paused 2ms+12ms, total 82ms

D/KeyguardUpdateMonitor( 1110): sendKeyguardVisibilityChanged(true)

D/KeyguardUpdateMonitor( 1110): handleKeyguardVisibilityChanged(1)

W/PackageParser( 5471): Unknown element under <application>: uses-sdk at /storage/emulated/0/wandoujia/app/豌豆荚_1435045247430..apk Binary XML file line #2599

W/PackageParser( 5471): Unknown element under <application>: uses-sdk at /storage/emulated/0/wandoujia/app/豌豆荚_1435048845392..apk Binary XML file line #2599

W/PackageParser( 5471): Unknown element under <application>: uses-sdk at /storage/emulated/0/wandoujia/app/豌豆荚_1435070444779..apk Binary XML file line #2599

D/KeyguardUpdateMonitor( 1110): sendKeyguardVisibilityChanged(true)

I/SurfaceFlinger(  345): id=10259 Removed dapabilitym (20/47)

I/SurfaceFlinger(  345): id=10259 Removed dapabilitym (-2/47)

D/KeyguardUpdateMonitor( 1110): sendKeyguardVisibilityChanged(true)

D/KeyguardUpdateMonitor( 1110): handleKeyguardVisibilityChanged(1)

D/KeyguardUpdateMonitor( 1110): handleKeyguardVisibilityChanged(1)

W/PackageParser( 5471): Unknown element under <application>: uses-sdk at /storage/emulated/0/wandoujia/app/豌豆荚_1435075211326..apk Binary XML file line #2599

W/PackageParser( 5471): Unknown element under <application>: uses-sdk at /storage/emulated/0/wandoujia/app/豌豆荚_1435092044820..apk Binary XML file line #2599

D/CustomFrequencyManagerService(  910): releaseDVFSLockLocked : Getting Lock type frm List : DVFS_MIN_LIMIT  frequency : 1958400  uid : 1000  pid : 910  tag : ACTIVITY_RESUME_BOOSTER@10

W/PackageParser( 5471): Unknown element under <application>: uses-sdk at /storage/emulated/0/wandoujia/app/豌豆荚_1435129850956..apk Binary XML file line #2599

D/dalvikvm(  910): GC_EXPLICIT freed 26214K, 52% free 85248K/176128K, paused 5ms+27ms, total 327ms

I/Keyboard.Facilitator( 6051): onFinishInput()

I/SELinux (20712): Function: selinux_android_load_priority , priority [3] , priority version is VE=SEPF_GT-I9508V_4.4.4_0033

W/PackageParser( 5471): Unknown element under <application>: uses-sdk at /storage/emulated/0/wandoujia/app/豌豆荚_1435135245979..apk Binary XML file line #2599

F/ProcessStats(  910): Starting service ServiceState{42c419c0 com.samsung.android.providers.context.ContextService pkg=com.samsung.android.providers.context proc=42c419c0} without owner

E/dalvikvm(20712): >>>>> Normal User

E/dalvikvm(20712): >>>>> com.sec.kidsplat.installer [ userId:0 | appId:10183 ]

D/KeyguardUpdateMonitor( 1110): sendKeyguardVisibilityChanged(true)

D/KeyguardUpdateMonitor( 1110): handleKeyguardVisibilityChanged(1)

E/OpenGLRenderer(20165): SFEffectCache:clear(), mSize = 0

W/PackageParser( 5471): Unknown element under <application>: uses-sdk at /storage/emulated/0/wandoujia/app/豌豆荚_1435146048741..apk Binary XML file line #2599

D/KidsPlatformStub(20712): Package not found : com.sec.android.app.kidshome

W/PackageParser( 5471): Unknown element under <application>: uses-sdk at /storage/emulated/0/wandoujia/app/豌豆荚_1435156844985..apk Binary XML file line #2599

F/ProcessStats(  910): Starting service ServiceState{42c419c0 com.samsung.android.providers.context.ContextService pkg=com.samsung.android.providers.context proc=42c419c0} without owner

D/Sensorhubs(  355): readContextData: 1, 1, 7, -1

D/SensorHubManager(  910): onGetSensorHubDataLocked: library = 1, 1, 7, -1

D/CAE     (  910): onGetSensorHubData(SensorHubParserProvider.java:87) - onGetSensorHubData Event [event buffer len :4], AP_WAKEUP

I/CAE     (  910): parse(SensorHubParserProvider.java:166) - buffer size = 4

I/CAE     (  910): parse(SensorHubParserProvider.java:177) - 1, 1, 7, -1,

D/CAE     (  910): display(ContextProvider.java:365) - ================= AUTO_ROTATION =================

I/CAE     (  910): display(ContextProvider.java:381) - Angle=[-1]

D/SContextService(  910): updateSContext() : event = Auto Rotation

V/WindowOrientationListener(  910): mSContextAutoRotationListener.onSContextChanged, Rotation: -1

I/DBG_WS_DM(19178): [ Line:29] [onReceive] PACKAGE_ADDED

E/DBG_WS_DM(19178): Warning!!! [ Line:75] [__smlScomoRcverHandlePackage] DM Not Initialized

W/PackageParser( 5471): Unknown element under <application>: uses-sdk at /storage/emulated/0/wandoujia/app/豌豆荚_1435200258519..apk Binary XML file line #2599

D/Sensorhubs(  355): readContextData: 1, 1, 7, 0

D/SensorHubManager(  910): onGetSensorHubDataLocked: library = 1, 1, 7, 0

D/CAE     (  910): onGetSensorHubData(SensorHubParserProvider.java:87) - onGetSensorHubData Event [event buffer len :4], AP_WAKEUP

I/CAE     (  910): parse(SensorHubParserProvider.java:166) - buffer size = 4

I/CAE     (  910): parse(SensorHubParserProvider.java:177) - 1, 1, 7, 0,

D/CAE     (  910): display(ContextProvider.java:365) - ================= AUTO_ROTATION =================

I/CAE     (  910): display(ContextProvider.java:381) - Angle=[0]

W/PackageParser( 5471): Unknown element under <application>: uses-sdk at /storage/emulated/0/wandoujia/app/豌豆荚_1435214788064..apk Binary XML file line #2599

D/SContextService(  910): updateSContext() : event = Auto Rotation

V/WindowOrientationListener(  910): mSContextAutoRotationListener.onSContextChanged, Rotation: 0

D/dalvikvm( 5471): GC_CONCURRENT freed 1764K, 23% free 20828K/26876K, paused 3ms+8ms, total 40ms

D/AlarmService(14843): Alarm has been set

W/PackageParser( 5471): Unknown element under <application>: uses-sdk at /storage/emulated/0/wandoujia/app/豌豆荚_1435221645676..apk Binary XML file line #2599

D/InputReader(  910): Input event: value=1

I/InputReader(  910): Touch event's action is 0x0 (deviceType=0) [pCnt=1, s=0.2039 ] when=2780526901482000

I/InputDispatcher(  910): Delivering touch to (1110): action: 0x4, toolType: 1

I/InputDispatcher(  910): Delivering touch to (20593): action: 0x0, toolType: 1

D/WanServerHelper(14843): getAppInfosWithType  [com.xbcx.gocom]

W/PackageParser( 5471): No actions in intent filter at /storage/emulated/0/tencent/tassistant/apk/com.tencent.android.qqdownloader_5302129.apk Binary XML file line #150

W/PackageParser( 5471): No actions in intent filter at /storage/emulated/0/tencent/tassistant/apk/com.tencent.android.qqdownloader_5302129.apk Binary XML file line #580

I/SELinux (20734): Function: selinux_android_load_priority , priority [3] , priority version is VE=SEPF_GT-I9508V_4.4.4_0033

E/dalvikvm(20734): >>>>> Normal User

E/dalvikvm(20734): >>>>> com.baidu.searchbox_samsung [ userId:0 | appId:10178 ]

D/InputReader(  910): Input event: value=0

I/InputReader(  910): Touch event's action is 0x1 (deviceType=0) [pCnt=1, s=] when=2780526994679000

I/InputDispatcher(  910): Delivering touch to (20593): action: 0x1, toolType: 1

I/AudioPolicyManagerBase(  349): getSituationVolume: isBTConnected:0 isHeadConnected:0

V/AudioPolicyManagerBase(  349): getParamFromPolicy  deviceInt = 0, situationInt = 1, situationVolume = 0.500000

V/AudioPolicyManagerBase(  349): getOutput() device 2, stream 1, samplingRate 0, format 0, channelMask 3, flags 0

V/AudioPolicyManagerBase(  349): getOutputsForDevice device 0002 -> 0002

V/AudioPolicyManagerBase(  349): getOutput() returns output 2

V/AudioPolicyManagerBase(  349): getOutput() device 2, stream 1, samplingRate 0, format 0, channelMask 3, flags 0

V/AudioPolicyManagerBase(  349): getOutputsForDevice device 0002 -> 0002

V/AudioPolicyManagerBase(  349): getOutput() returns output 2

V/AudioPolicyManagerBase(  349): getOutput() device 2, stream 1, samplingRate 48000, format 1, channelMask 1, flags 4

V/AudioPolicyManagerBase(  349): getOutputsForDevice device 0002 -> 0002

V/AudioPolicyManagerBase(  349): getOutput() returns output 2

V/SmartFaceService - 3rd party pause(  910): onReceive [android.intent.action.ACTIVITY_STATE/com.sec.android.app.capabilitymanager/pause]

D/CustomFrequencyManagerService(  910): acquireDVFSLockLocked : type : DVFS_MIN_LIMIT  frequency : 1958400  uid : 1000  pid : 910  pkgName : ACTIVITY_RESUME_BOOSTER@6

W/ActivityManager(  910): mDVFSHelper.acquire()

D/PowerManagerService(  910): setKeyboardVisibility: false

V/AudioPolicyManagerBase(  349): startOutput() output 2, stream 1, session 3228

V/AudioPolicyManagerBase(  349): changeRefCount() stream 1, count 1

V/AudioPolicyManagerBase(  349): getNewDevice() selected device 2

V/AudioPolicyManagerBase(  349): setOutputDevice() output 2 device 0002 force 0 delayMs 0 

V/AudioPolicyManagerBase(  349): setOutputDevice() prevDevice (0002)

V/AudioPolicyManagerBase(  349): setOutputDevice() setting same device 0002 or null device for output 2

V/audio_hw_primary(  349): start_output_stream: enter: usecase(0: deep-buffer-playback) devices(0x2)

V/AudioPolicyManagerBase(  349): releaseOutput() 2

V/audio_hw_primary(  349): select_devices: ENTER

V/audio_hw_primary(  349): select_devices: usecase(normal)

V/audio_hw_primary(  349): select_devices: usecase(PCM_PLAYBACK)

V/msm8974_platform(  349): platform_get_output_snd_device: enter: output devices(0x2)

V/msm8974_platform(  349): get_OUTPUT_snd_device: for Normal Playback

V/msm8974_platform(  349): platform_get_output_snd_device: exit: snd_device(speaker)

D/audio_hw_primary(  349): select_devices: out_snd_device(2: speaker)

D/audio_hw_primary(  349): select_devices: in_snd_device(0: dummy)

I/System.out(14843): pool-5-2-thread-3 calls detatch()

D/ACDB-LOADER(  349): ACDB -> send_audio_cal, acdb_id = 15, path =  0

D/ACDB-LOADER(  349): ACDB -> send_adm_topology

D/ACDB-LOADER(  349): ACDB -> ACDB_CMD_GET_AUDPROC_COMMON_TOPOLOGY_ID

D/ACDB-LOADER(  349): ACDB -> send_audtable

D/ACDB-LOADER(  349): ACDB -> ACDB_CMD_GET_AUDPROC_COMMON_TABLE

D/ACDB-LOADER(  349): ACDB -> AUDIO_SET_AUDPROC_CAL

D/ACDB-LOADER(  349): ACDB -> send_audvoltable

D/ACDB-LOADER(  349): ACDB -> ACDB_CMD_GET_AUDPROC_GAIN_DEP_STEP_TABLE

D/ACDB-LOADER(  349): ACDB -> AUDIO_SET_AUDPROC_VOL_CAL

D/ACDB-LOADER(  349): ACDB -> send_afe_cal

D/ACDB-LOADER(  349): ACDB -> ACDB_CMD_GET_AFE_COMMON_TABLE

D/ACDB-LOADER(  349): ACDB -> AUDIO_SET_AFE_CAL

V/audio_hw_primary(  349): enable_snd_device: snd_device(2: speaker, speaker)

D/audio_route(  349): ++++ audio_route_update_mixer ==============

D/audio_route(  349): Setting mixer control: SPK DRV Volume, value: 8

D/audio_route(  349): Setting mixer control: RX7 Digital Volume, value: 81

D/audio_route(  349): Setting mixer control: COMP0 Switch, value: 1

D/audio_route(  349): Setting mixer control: RX7 MIX1 INP1, value: 5

D/audio_route(  349): Setting mixer control: DAC1 Switch, value: 1

D/audio_route(  349): Setting mixer control: SPK Status, value: 1

D/audio_route(  349): ------ audio_route_update_mixer ==============

V/audio_hw_primary(  349): enable_audio_route: enter: usecase(0)

V/audio_hw_primary(  349): enable_audio_route: apply mixer path: deep-buffer-playback

D/audio_route(  349): ++++ audio_route_update_mixer ==============

D/audio_route(  349): Setting mixer control: SLIMBUS_0_RX Audio Mixer MultiMedia1, value: 1

D/audio_route(  349): ------ audio_route_update_mixer ==============

V/audio_hw_primary(  349): enable_audio_route: exit

V/audio_hw_primary(  349): start_output_stream: Opening PCM device card_id(0) device_id(0)

V/audio_hw_primary(  349): start_output_stream: exit

D/PointerIcon(  910): setMouseIconStyle1 pointerType: 1001iconType:101 flag:0

D/PointerIcon(  910): setMouseCustomIcon IconType is same.101

D/PointerIcon(  910): setHoveringSpenIconStyle1 pointerType: 10001iconType:1 flag:0

D/PointerIcon(  910): setHoveringSpenCustomIcon IconType is same.1

D/PhoneStatusBar( 1110): setSemiTransparentMode=false, mTransparentMode=false, mSemiTransparentMode=false, mMultiWindowMode=false

D/StatusBarManagerService(  910): semi p:20165,o:f

V/SmartFaceService - 3rd party pause(  910): onReceive [android.intent.action.ACTIVITY_STATE/com.android.packageinstaller/resume]

I/SurfaceFlinger(  345): id=10261 createSurf (1080x1920),1 flag=404, JnstallAppP

I/SpenGestureManager(  910): setFocusWindow21025

D/PointerIcon(  910): setMouseIconStyle1 pointerType: 1001iconType:101 flag:0

D/PointerIcon(  910): setMouseCustomIcon IconType is same.101

D/PointerIcon(  910): setHoveringSpenIconStyle1 pointerType: 10001iconType:1 flag:0

D/PointerIcon(  910): setHoveringSpenCustomIcon IconType is same.1

I/Adreno-EGL(20165): <qeglDrvAPI_eglInitialize:410>: EGL 1.4 QUALCOMM build:  ()

I/Adreno-EGL(20165): OpenGL ES Shader Compiler Version: E031.24.00.08+13

I/Adreno-EGL(20165): Build Date: 03/28/14 Fri

I/Adreno-EGL(20165): Local Branch: 0328_AU200_patches

I/Adreno-EGL(20165): Remote Branch: 

I/Adreno-EGL(20165): Local Patches: 

I/Adreno-EGL(20165): Reconstruct Branch: 

D/STATUSBAR-StatusBarManagerService(  910): manageDisableList what=0x0 pkg=WindowManager.LayoutParams

I/Keyboard.Facilitator( 6051): onFinishInput()

W/ContextImpl(  910): Calling a method in the system process without a qualified user: android.app.ContextImpl.sendBroadcast:1510 com.android.server.InputMethodManagerService$4.run:2772 java.lang.Thread.run:841 <bottom of call stack> <bottom of call stack> 

I/SELinux (20749): Function: selinux_android_load_priority , priority [3] , priority version is VE=SEPF_GT-I9508V_4.4.4_0033

E/dalvikvm(20749): >>>>> Normal User

E/dalvikvm(20749): >>>>> flipboard.cn [ userId:0 | appId:10124 ]

I/ActivityManager(  910): Process com.samsung.helphub (pid 20670) (adj 15) has died.

D/KeyguardUpdateMonitor( 1110): sendKeyguardVisibilityChanged(true)

D/KeyguardUpdateMonitor( 1110): handleKeyguardVisibilityChanged(1)

D/KeyguardUpdateMonitor( 1110): sendKeyguardVisibilityChanged(true)

D/KeyguardUpdateMonitor( 1110): handleKeyguardVisibilityChanged(1)

D/KeyguardUpdateMonitor( 1110): sendKeyguardVisibilityChanged(true)

D/KeyguardUpdateMonitor( 1110): handleKeyguardVisibilityChanged(1)

I/ActivityManager(  910): Process com.samsung.android.app.watchmanagerstub (pid 20655) (adj 15) has died.

F/ProcessStats(  910): Starting service ServiceState{42c419c0 com.samsung.android.providers.context.ContextService pkg=com.samsung.android.providers.context proc=42c419c0} without owner

D/STATUSBAR-NetworkController( 1110): onReceive() - RSSI_CHANGED_ACTION, WIFI_STATE, NETWORK_STATE

D/STATUSBAR-NetworkController( 1110): refreshSignalCluster - setNWBoosterIndicators(false)

D/StatusBar.NetworkController( 1110): refreshSignalCluster: else : 

D/STATUSBAR-SignalClusterView( 1110): setDataSignalIcon mMobileDataGroup GONE

E/StatusBar.NetworkController( 1110): refreshSignalCluster: roam

E/StatusBar.NetworkController( 1110): refreshSignalCluster: set mShowPhoneRSSIForData = false

E/cutils  (  324): Failed to mkdirat(/storage/extSdCard/Android): Read-only file system

W/ContextImpl(20749): Failed to ensure directory: /storage/extSdCard/Android/data/flipboard.cn/files/cache

W/Vold    (  324): Returning OperationFailed - no handler for errno 30

E/cutils  (  324): Failed to mkdirat(/storage/extSdCard/Android): Read-only file system

W/ContextImpl(20749): Failed to ensure directory: /storage/extSdCard/Android/data/flipboard.cn/files/cache

W/Vold    (  324): Returning OperationFailed - no handler for errno 30

I/System.out(20749): Reading bundled version for config.json

I/System.out(20749): Reading bundled version for services.json

I/System.out(20749): Reading bundled version for dynamicStrings.json

D/flipapi (20749): [DEBUG:1] Broadcast sync intent to api lib package sstream.app [userid: 0]  [service: null]  [logout: false] [accessToken: n/a]  [refreshToken: n/a]

D/flipapi (20749): [DEBUG:1] Broadcast sync intent to api lib package com.sec.android.magazinewidget [userid: 0]  [service: null]  [logout: false] [accessToken: n/a]  [refreshToken: n/a]

D/flipapi (20749): [DEBUG:1] Broadcast sync intent to api lib package com.samsung.android.internal.headlines [userid: 0]  [service: null]  [logout: false] [accessToken: n/a]  [refreshToken: n/a]

D/flipapi (20749): [DEBUG:1] Broadcast sync intent to api lib package com.samsung.android.app.headlines [userid: 0]  [service: null]  [logout: false] [accessToken: n/a]  [refreshToken: n/a]

D/flipapi (20749): [DEBUG:1] Broadcast sync intent to api lib package com.samsung.android.internal.providers.news [userid: 0]  [service: null]  [logout: false] [accessToken: n/a]  [refreshToken: n/a]

D/flipapi (20749): [DEBUG:1] api broadcast received, uid: 0, tuuid ****b03a86, serviceName null, oauthToken n/a

D/flipapi (20749): [DEBUG:1] Received userid without authtoken, session id tuple, now sync user ...

D/flipapi (20749): [DEBUG:1] App does not have userid yet. Setting it up ...

I/SELinux (20788): Function: selinux_android_load_priority , priority [3] , priority version is VE=SEPF_GT-I9508V_4.4.4_0033

E/dalvikvm(20788): >>>>> Normal User

E/dalvikvm(20788): >>>>> com.android.contacts [ userId:0 | appId:10019 ]

F/ProcessStats(  910): Starting service ServiceState{42c419c0 com.samsung.android.providers.context.ContextService pkg=com.samsung.android.providers.context proc=42c419c0} without owner

D/dalvikvm(  346): GC_EXPLICIT freed 45K, 38% free 16876K/26876K, paused 2ms+2ms, total 22ms

D/dalvikvm(  346): GC_EXPLICIT freed <1K, 38% free 16876K/26876K, paused 1ms+1ms, total 14ms

D/KeyguardUpdateMonitor( 1110): sendKeyguardVisibilityChanged(true)

D/KeyguardUpdateMonitor( 1110): handleKeyguardVisibilityChanged(1)

I/SurfaceFlinger(  345): id=10260 Removed DMPermissio (41/47)

I/SurfaceFlinger(  345): id=10260 Removed DMPermissio (-2/47)

D/CustomFrequencyManagerService(  910): releaseDVFSLockLocked : Getting Lock type frm List : DVFS_MIN_LIMIT  frequency : 1958400  uid : 1000  pid : 910  tag : ACTIVITY_RESUME_BOOSTER@6

W/ActivityManager(  910): mDVFSHelper.release()

D/KeyguardUpdateMonitor( 1110): sendKeyguardVisibilityChanged(true)

D/KeyguardUpdateMonitor( 1110): handleKeyguardVisibilityChanged(1)

W/SurfaceFlinger(  345): couldn't log to binary event log: overflow.

D/dalvikvm(  346): GC_EXPLICIT freed <1K, 38% free 16876K/26876K, paused 1ms+2ms, total 14ms

D/KeyguardUpdateMonitor( 1110): sendKeyguardVisibilityChanged(true)

D/KeyguardUpdateMonitor( 1110): handleKeyguardVisibilityChanged(1)

D/AbsListView(20593): onDetachedFromWindow

D/AbsListView(20593): onDetachedFromWindow

D/CustomFrequencyManagerService(  910): acquireDVFSLockLocked : type : DVFS_MIN_LIMIT  frequency : 1958400  uid : 1000  pid : 910  pkgName : ACTIVITY_RESUME_BOOSTER@10

D/KeyguardUpdateMonitor( 1110): sendKeyguardVisibilityChanged(true)

D/KeyguardUpdateMonitor( 1110): handleKeyguardVisibilityChanged(1)

I/ActivityManager(  910): Process com.sec.android.app.controlpanel (pid 20697) (adj 15) has died.

F/ProcessStats(  910): Starting service ServiceState{42c419c0 com.samsung.android.providers.context.ContextService pkg=com.samsung.android.providers.context proc=42c419c0} without owner

I/ActivityManager(  910): Process com.sec.kidsplat.installer (pid 20712) (adj 15) has died.

D/RCPManagerService(  910): exchangeData() failure , invalid userId

D/dalvikvm( 1556): GC_EXPLICIT freed 1K, 26% free 20020K/26876K, paused 2ms+5ms, total 29ms

D/SurfaceWidgetClient( 1556): [237392/5] SurfaceWidgetClient onTrimMemory level: 60

D/SurfaceWidgetClient( 1556): [237392/5] releasing widget instance (paused: true): 1

D/RCPManagerService(  910): exchangeData() failure , invalid userId

D/RCPManagerService(  910): exchangeData() failure , invalid userId

D/RCPManagerService(  910): exchangeData() failure , invalid userId

D/RCPManagerService(  910): exchangeData() failure , invalid userId

D/RCPManagerService(  910): exchangeData() failure , invalid userId

D/RCPManagerService(  910): exchangeData() failure , invalid userId

V/VibratorService(  910): hasVibrator - useVibetonz: true

D/RCPManagerService(  910): exchangeData() failure , invalid userId

D/RCPManagerService(  910): exchangeData() failure , invalid userId

D/RCPManagerService(  910): exchangeData() failure , invalid userId

D/RCPManagerService(  910): exchangeData() failure , invalid userId

D/RCPManagerService(  910): exchangeData() failure , invalid userId

D/RCPManagerService(  910): exchangeData() failure , invalid userId

D/RCPManagerService(  910): exchangeData() failure , invalid userId

D/RCPManagerService(  910): exchangeData() failure , invalid userId

D/RCPManagerService(  910): exchangeData() failure , invalid userId

D/RCPManagerService(  910): exchangeData() failure , invalid userId

D/RCPManagerService(  910): exchangeData() failure , invalid userId

D/RCPManagerService(  910): exchangeData() failure , invalid userId

D/RCPManagerService(  910): exchangeData() failure , invalid userId

D/RCPManagerService(  910): exchangeData() failure , invalid userId

D/RCPManagerService(  910): exchangeData() failure , invalid userId

D/RCPManagerService(  910): exchangeData() failure , invalid userId

D/RCPManagerService(  910): exchangeData() failure , invalid userId

D/RCPManagerService(  910): exchangeData() failure , invalid userId

D/RCPManagerService(  910): exchangeData() failure , invalid userId

D/RCPManagerService(  910): exchangeData() failure , invalid userId

D/RCPManagerService(  910): exchangeData() failure , invalid userId

D/RCPManagerService(  910): exchangeData() failure , invalid userId

D/daemonapp(15431): [MSC_Cmaweather_Daemon]>>> CWDS:83 [0:0] Act : widgetappapaccuweatherdaemonactionCHANGE_ICON_OF_DAEMON

D/RCPManagerService(  910): exchangeData() failure , invalid userId

D/comsamsunglog(15431): [MSC_Cmaweather_Daemon]>>> ====================================================================================================================

D/comsamsunglog(15431): [MSC_Cmaweather_Daemon]>>> daemonapp [Version : 14070101 ] [ 1 ] 

D/RCPManagerService(  910): exchangeData() failure , invalid userId

D/comsamsunglog(15431): [MSC_Cmaweather_Daemon]>>> Header set to : ===> "daemonapp" <===

D/comsamsunglog(15431): [MSC_Cmaweather_Daemon]>>> ====================================================================================================================

D/RCPManagerService(  910): exchangeData() failure , invalid userId

D/RCPManagerService(  910): exchangeData() failure , invalid userId

D/RCPManagerService(  910): exchangeData() failure , invalid userId

D/RCPManagerService(  910): exchangeData() failure , invalid userId

D/RCPManagerService(  910): exchangeData() failure , invalid userId

D/RCPManagerService(  910): exchangeData() failure , invalid userId

D/daemonapp(15431): [MSC_Cmaweather_Daemon]>>> CCP:387 [0:0] Provider query : content://cmaweatherprovider/packagename

D/daemonapp(15431): [MSC_Cmaweather_Daemon]>>> CWDS:1112 [0:0] PakNme size = 1

