I/InputReader(  910): Touch event's action is 0x1 (deviceType=0) [pCnt=1, s=] when=2780516198447000

I/InputDispatcher(  910): Delivering touch to (20165): action: 0x1, toolType: 1

I/AudioPolicyManagerBase(  349): getSituationVolume: isBTConnected:0 isHeadConnected:0

V/AudioPolicyManagerBase(  349): getParamFromPolicy  deviceInt = 0, situationInt = 1, situationVolume = 0.500000

V/AudioPolicyManagerBase(  349): getOutput() device 2, stream 1, samplingRate 0, format 0, channelMask 3, flags 0

V/AudioPolicyManagerBase(  349): getOutputsForDevice device 0002 -> 0002

V/AudioPolicyManagerBase(  349): getOutput() returns output 2

V/AudioPolicyManagerBase(  349): getOutput() device 2, stream 1, samplingRate 0, format 0, channelMask 3, flags 0

V/AudioPolicyManagerBase(  349): getOutputsForDevice device 0002 -> 0002

V/AudioPolicyManagerBase(  349): getOutput() returns output 2

V/AudioPolicyManagerBase(  349): getOutput() device 2, stream 1, samplingRate 48000, format 1, channelMask 1, flags 4

V/AudioPolicyManagerBase(  349): getOutputsForDevice device 0002 -> 0002

V/AudioPolicyManagerBase(  349): getOutput() returns output 2

V/AudioPolicyManagerBase(  349): startOutput() output 2, stream 1, session 3227

V/AudioPolicyManagerBase(  349): changeRefCount() stream 1, count 1

V/AudioPolicyManagerBase(  349): getNewDevice() selected device 2

V/AudioPolicyManagerBase(  349): setOutputDevice() output 2 device 0002 force 0 delayMs 0 

V/AudioPolicyManagerBase(  349): setOutputDevice() prevDevice (0002)

V/AudioPolicyManagerBase(  349): setOutputDevice() setting same device 0002 or null device for output 2

V/AudioPolicyManagerBase(  349): releaseOutput() 2

D/Sensorhubs(  355): readContextData: 1, 1, 7, 0

D/SensorHubManager(  910): onGetSensorHubDataLocked: library = 1, 1, 7, 0

D/CAE     (  910): onGetSensorHubData(SensorHubParserProvider.java:87) - onGetSensorHubData Event [event buffer len :4], AP_WAKEUP

I/CAE     (  910): parse(SensorHubParserProvider.java:166) - buffer size = 4

I/CAE     (  910): parse(SensorHubParserProvider.java:177) - 1, 1, 7, 0,

D/CAE     (  910): display(ContextProvider.java:365) - ================= AUTO_ROTATION =================

I/CAE     (  910): display(ContextProvider.java:381) - Angle=[0]

D/SContextService(  910): updateSContext() : event = Auto Rotation

V/WindowOrientationListener(  910): mSContextAutoRotationListener.onSContextChanged, Rotation: 0

E/Parcel  (  910): Class not found when unmarshalling: com.android.packageinstaller.InstallFlowAnalytics

E/Parcel  (  910): java.lang.ClassNotFoundException: com.android.packageinstaller.InstallFlowAnalytics

E/Parcel  (  910): 	at java.lang.Class.classForName(Native Method)

E/Parcel  (  910): 	at java.lang.Class.forName(Class.java:251)

E/Parcel  (  910): 	at java.lang.Class.forName(Class.java:216)

E/Parcel  (  910): 	at android.os.Parcel.readParcelableCreator(Parcel.java:2133)

E/Parcel  (  910): 	at android.os.Parcel.readParcelable(Parcel.java:2097)

E/Parcel  (  910): 	at android.os.Parcel.readValue(Parcel.java:2013)

E/Parcel  (  910): 	at android.os.Parcel.readArrayMapInternal(Parcel.java:2314)

E/Parcel  (  910): 	at android.os.Bundle.unparcel(Bundle.java:249)

E/Parcel  (  910): 	at android.os.Bundle.getString(Bundle.java:1118)

E/Parcel  (  910): 	at android.content.Intent.getStringExtra(Intent.java:5256)

E/Parcel  (  910): 	at com.android.server.am.ActivityStackSupervisor.startActivityLocked(ActivityStackSupervisor.java:1566)

E/Parcel  (  910): 	at com.android.server.am.ActivityStackSupervisor.startActivityMayWait(ActivityStackSupervisor.java:1145)

E/Parcel  (  910): 	at com.android.server.am.ActivityManagerService.startActivityAsUser(ActivityManagerService.java:4344)

E/Parcel  (  910): 	at com.android.server.am.ActivityManagerService.startActivity(ActivityManagerService.java:4226)

E/Parcel  (  910): 	at android.app.ActivityManagerNative.onTransact(ActivityManagerNative.java:161)

E/Parcel  (  910): 	at com.android.server.am.ActivityManagerService.onTransact(ActivityManagerService.java:2799)

E/Parcel  (  910): 	at android.os.Binder.execTransact(Binder.java:404)

E/Parcel  (  910): 	at dalvik.system.NativeStart.run(Native Method)

E/Parcel  (  910): Caused by: java.lang.NoClassDefFoundError: com/android/packageinstaller/InstallFlowAnalytics

E/Parcel  (  910): 	... 18 more

E/Parcel  (  910): Caused by: java.lang.ClassNotFoundException: Didn't find class "com.android.packageinstaller.InstallFlowAnalytics" on path: DexPathList[[directory "."],nativeLibraryDirectories=[/vendor/lib, /system/lib]]

E/Parcel  (  910): 	at dalvik.system.BaseDexClassLoader.findClass(BaseDexClassLoader.java:67)

E/Parcel  (  910): 	at java.lang.ClassLoader.loadClass(ClassLoader.java:497)

E/Parcel  (  910): 	at java.lang.ClassLoader.loadClass(ClassLoader.java:457)

E/Parcel  (  910): 	... 18 more

D/PointerIcon(  910): setMouseIconStyle1 pointerType: 1001iconType:101 flag:0

D/PointerIcon(  910): setMouseCustomIcon IconType is same.101

D/PointerIcon(  910): setHoveringSpenIconStyle1 pointerType: 10001iconType:1 flag:0

D/PointerIcon(  910): setHoveringSpenCustomIcon IconType is same.1

D/PhoneStatusBar( 1110): setTransGradationMode=false, mTransparentMode=false, mSemiTransparentMode=false, mMultiWindowMode=false

D/ProgressBar(20165): setProgressDrawable drawableHeight = 18

D/        (20165): DFactory start

D/        (20165): isQmage : stream is not a Qmage file

D/PhoneStatusBar( 1110): setSemiTransparentMode=false, mTransparentMode=false, mSemiTransparentMode=false, mMultiWindowMode=false

I/SELinux (20208): Function: selinux_android_load_priority , priority [3] , priority version is VE=SEPF_GT-I9508V_4.4.4_0033

E/dalvikvm(20208): >>>>> Normal User

E/dalvikvm(20208): >>>>> com.android.defcontainer [ userId:0 | appId:10007 ]

I/SurfaceFlinger(  345): id=10258 createSurf (1x1),1 flag=404, JnstallAppP

I/SpenGestureManager(  910): setFocusWindow21035

D/PointerIcon(  910): setMouseIconStyle1 pointerType: 1001iconType:101 flag:0

D/PointerIcon(  910): setMouseCustomIcon IconType is same.101

D/PointerIcon(  910): setHoveringSpenIconStyle1 pointerType: 10001iconType:1 flag:0

D/PointerIcon(  910): setHoveringSpenCustomIcon IconType is same.1

D/ProgressBar(20165): updateDrawableBounds: left = 0

D/ProgressBar(20165): updateDrawableBounds: top = 0

D/ProgressBar(20165): updateDrawableBounds: right = 984

D/ProgressBar(20165): updateDrawableBounds: bottom = 18

D/ProgressBar(20165): updateDrawableBounds: mProgressDrawable.setBounds()

D/PersonaManagerService(  910): needVerificationForPackage  

D/PersonaManagerService(  910): needVerificationForPackage com.xbcx.gocom

D/PersonaManagerService(  910): needVerificationForPackage getting setupWizardApkLocation

D/PersonaManagerService(  910): needVerificationForPackage setupWizardApkLocation is null

D/PersonaManagerService(  910): needVerificationForPackage setupWizardApkLocation == null 

D/PersonaManagerService(  910): needVerificationForPackage getting handlerApkLocation

D/PersonaManagerService(  910): needVerificationForPackage handlerApkLocation is null

D/PersonaManagerService(  910): needVerificationForPackage handlerApkLocation == null 

D/KeyguardUpdateMonitor( 1110): sendKeyguardVisibilityChanged(true)

D/KeyguardUpdateMonitor( 1110): handleKeyguardVisibilityChanged(1)

I/Keyboard.Facilitator( 6051): onFinishInput()

D/KeyguardUpdateMonitor( 1110): sendKeyguardVisibilityChanged(true)

D/KeyguardUpdateMonitor( 1110): handleKeyguardVisibilityChanged(1)

D/Sensorhubs(  355): readContextData: 1, 1, 7, -1

D/SensorHubManager(  910): onGetSensorHubDataLocked: library = 1, 1, 7, -1

D/CAE     (  910): onGetSensorHubData(SensorHubParserProvider.java:87) - onGetSensorHubData Event [event buffer len :4], AP_WAKEUP

I/CAE     (  910): parse(SensorHubParserProvider.java:166) - buffer size = 4

I/CAE     (  910): parse(SensorHubParserProvider.java:177) - 1, 1, 7, -1,

D/CAE     (  910): display(ContextProvider.java:365) - ================= AUTO_ROTATION =================

I/CAE     (  910): display(ContextProvider.java:381) - Angle=[-1]

D/SContextService(  910): updateSContext() : event = Auto Rotation

V/WindowOrientationListener(  910): mSContextAutoRotationListener.onSContextChanged, Rotation: -1

D/KeyguardUpdateMonitor( 1110): sendKeyguardVisibilityChanged(true)

D/KeyguardUpdateMonitor( 1110): handleKeyguardVisibilityChanged(1)

W/System.err( 1727): java.lang.IllegalArgumentException: Unknown URL content://com.tencent.server.fore.ForePluginContentProvider/SpProvider/actionStats/String

W/System.err( 1727): 	at android.content.ContentResolver.insert(ContentResolver.java:1197)

W/System.err( 1727): 	at com.tmsdk.common.storage.a.mw(SourceFile:258)

W/System.err( 1727): 	at com.tmsdk.common.storage.a.V(SourceFile:275)

W/System.err( 1727): 	at tcs.aij.F(SourceFile:146)

W/System.err( 1727): 	at tcs.aij.u(SourceFile:105)

W/System.err( 1727): 	at com.tencent.qqpimsecure.storage.b.a(SourceFile:394)

W/System.err( 1727): 	at com.tencent.qqpimsecure.storage.b.a(SourceFile:87)

W/System.err( 1727): 	at tcs.ahr.a(SourceFile:44)

W/System.err( 1727): 	at tcs.ahr.b(SourceFile:75)

W/System.err( 1727): 	at tcs.ahj.T(SourceFile:96)

W/System.err( 1727): 	at tcs.ahj.a(SourceFile:20)

W/System.err( 1727): 	at tcs.ahj$1.run(SourceFile:69)

W/System.err( 1727): 	at tcs.np$a.run(SourceFile:846)

W/System.err( 1727): 	at java.util.concurrent.ThreadPoolExecutor.runWorker(ThreadPoolExecutor.java:1112)

W/System.err( 1727): 	at java.util.concurrent.ThreadPoolExecutor$Worker.run(ThreadPoolExecutor.java:587)

W/System.err( 1727): 	at java.lang.Thread.run(Thread.java:841)

D/Sensorhubs(  355): readContextData: 1, 1, 7, 0

D/SensorHubManager(  910): onGetSensorHubDataLocked: library = 1, 1, 7, 0

D/CAE     (  910): onGetSensorHubData(SensorHubParserProvider.java:87) - onGetSensorHubData Event [event buffer len :4], AP_WAKEUP

I/CAE     (  910): parse(SensorHubParserProvider.java:166) - buffer size = 4

I/CAE     (  910): parse(SensorHubParserProvider.java:177) - 1, 1, 7, 0,

D/CAE     (  910): display(ContextProvider.java:365) - ================= AUTO_ROTATION =================

I/CAE     (  910): display(ContextProvider.java:381) - Angle=[0]

D/SContextService(  910): updateSContext() : event = Auto Rotation

V/WindowOrientationListener(  910): mSContextAutoRotationListener.onSContextChanged, Rotation: 0

E/        (20228): SS_Dalvik_lib: incorrect XML: no meta-data section with SS description (190 > 189)

D/KeyguardUpdateMonitor( 1110): sendKeyguardVisibilityChanged(true)

D/KeyguardUpdateMonitor( 1110): handleKeyguardVisibilityChanged(1)

I/SurfaceFlinger(  345): id=10257 Removed QackageInst (17/47)

I/SurfaceFlinger(  345): id=10257 Removed QackageInst (-2/47)

D/KeyguardUpdateMonitor( 1110): sendKeyguardVisibilityChanged(true)

D/KeyguardUpdateMonitor( 1110): handleKeyguardVisibilityChanged(1)

D/KeyguardUpdateMonitor( 1110): sendKeyguardVisibilityChanged(true)

D/KeyguardUpdateMonitor( 1110): handleKeyguardVisibilityChanged(1)

D/Sensorhubs(  355): readContextData: 1, 1, 7, -1

D/SensorHubManager(  910): onGetSensorHubDataLocked: library = 1, 1, 7, -1

D/CAE     (  910): onGetSensorHubData(SensorHubParserProvider.java:87) - onGetSensorHubData Event [event buffer len :4], AP_WAKEUP

I/CAE     (  910): parse(SensorHubParserProvider.java:166) - buffer size = 4

I/CAE     (  910): parse(SensorHubParserProvider.java:177) - 1, 1, 7, -1,

D/CAE     (  910): display(ContextProvider.java:365) - ================= AUTO_ROTATION =================

I/CAE     (  910): display(ContextProvider.java:381) - Angle=[-1]

D/SContextService(  910): updateSContext() : event = Auto Rotation

V/WindowOrientationListener(  910): mSContextAutoRotationListener.onSContextChanged, Rotation: -1

D/KeyguardUpdateMonitor( 1110): sendKeyguardVisibilityChanged(true)

D/KeyguardUpdateMonitor( 1110): handleKeyguardVisibilityChanged(1)

W/System.err( 1727): java.lang.IllegalArgumentException: Unknown URL content://com.tencent.server.fore.ForePluginContentProvider/SpProvider/actionStats/String

W/System.err( 1727): 	at android.content.ContentResolver.insert(ContentResolver.java:1197)

W/System.err( 1727): 	at com.tmsdk.common.storage.a.mw(SourceFile:258)

W/System.err( 1727): 	at com.tmsdk.common.storage.a.V(SourceFile:275)

W/System.err( 1727): 	at tcs.aij.F(SourceFile:146)

W/System.err( 1727): 	at tcs.aij.u(SourceFile:105)

W/System.err( 1727): 	at com.tencent.qqpimsecure.storage.b.a(SourceFile:394)

W/System.err( 1727): 	at com.tencent.qqpimsecure.storage.b.a(SourceFile:87)

W/System.err( 1727): 	at tcs.ahr.a(SourceFile:44)

W/System.err( 1727): 	at tcs.ahr.b(SourceFile:75)

W/System.err( 1727): 	at tcs.ahj.T(SourceFile:96)

W/System.err( 1727): 	at tcs.ahj.a(SourceFile:20)

W/System.err( 1727): 	at tcs.ahj$1.run(SourceFile:69)

W/System.err( 1727): 	at tcs.np$a.run(SourceFile:846)

W/System.err( 1727): 	at java.util.concurrent.ThreadPoolExecutor.runWorker(ThreadPoolExecutor.java:1112)

W/System.err( 1727): 	at java.util.concurrent.ThreadPoolExecutor$Worker.run(ThreadPoolExecutor.java:587)

W/System.err( 1727): 	at java.lang.Thread.run(Thread.java:841)

D/Sensorhubs(  355): readContextData: 1, 1, 7, 0

D/dalvikvm(  910): GC_CONCURRENT freed 16335K, 52% free 85797K/176128K, paused 4ms+27ms, total 267ms

D/dalvikvm(  910): WAIT_FOR_CONCURRENT_GC blocked 246ms

D/dalvikvm(  910): WAIT_FOR_CONCURRENT_GC blocked 193ms

D/dalvikvm(  910): WAIT_FOR_CONCURRENT_GC blocked 255ms

D/dalvikvm(  910): WAIT_FOR_CONCURRENT_GC blocked 184ms

D/dalvikvm(  910): WAIT_FOR_CONCURRENT_GC blocked 101ms

D/dalvikvm(  910): WAIT_FOR_CONCURRENT_GC blocked 218ms

D/SensorHubManager(  910): onGetSensorHubDataLocked: library = 1, 1, 7, 0

D/CAE     (  910): onGetSensorHubData(SensorHubParserProvider.java:87) - onGetSensorHubData Event [event buffer len :4], AP_WAKEUP

I/CAE     (  910): parse(SensorHubParserProvider.java:166) - buffer size = 4

I/CAE     (  910): parse(SensorHubParserProvider.java:177) - 1, 1, 7, 0,

W/System.err( 1727): java.lang.IllegalArgumentException: Unknown URL content://com.tencent.server.fore.ForePluginContentProvider/SpProvider/actionStats/String

W/System.err( 1727): 	at android.content.ContentResolver.insert(ContentResolver.java:1197)

W/System.err( 1727): 	at com.tmsdk.common.storage.a.mw(SourceFile:258)

W/System.err( 1727): 	at com.tmsdk.common.storage.a.V(SourceFile:275)

W/System.err( 1727): 	at tcs.aij.F(SourceFile:146)

W/System.err( 1727): 	at tcs.aij.u(SourceFile:105)

W/System.err( 1727): 	at com.tencent.qqpimsecure.storage.b.a(SourceFile:394)

W/System.err( 1727): 	at com.tencent.qqpimsecure.storage.b.a(SourceFile:87)

W/System.err( 1727): 	at tcs.ahr.a(SourceFile:44)

W/System.err( 1727): 	at tcs.ahr.b(SourceFile:75)

W/System.err( 1727): 	at tcs.ahj.T(SourceFile:96)

W/System.err( 1727): 	at tcs.ahj.a(SourceFile:20)

W/System.err( 1727): 	at tcs.ahj$1.run(SourceFile:69)

W/System.err( 1727): 	at tcs.np$a.run(SourceFile:846)

W/System.err( 1727): 	at java.util.concurrent.ThreadPoolExecutor.runWorker(ThreadPoolExecutor.java:1112)

W/System.err( 1727): 	at java.util.concurrent.ThreadPoolExecutor$Worker.run(ThreadPoolExecutor.java:587)

W/System.err( 1727): 	at java.lang.Thread.run(Thread.java:841)

D/CAE     (  910): display(ContextProvider.java:365) - ================= AUTO_ROTATION =================

I/CAE     (  910): display(ContextProvider.java:381) - Angle=[0]

D/SContextService(  910): updateSContext() : event = Auto Rotation

V/WindowOrientationListener(  910): mSContextAutoRotationListener.onSContextChanged, Rotation: 0

V/AudioPolicyManagerBase(  349): stopOutput() output 2, stream 1, session 3227

V/AudioPolicyManagerBase(  349): changeRefCount() stream 1, count 0

V/AudioPolicyManagerBase(  349): getNewDevice() selected device 0

V/AudioPolicyManagerBase(  349): setOutputDevice() output 2 device 0000 force 0 delayMs 160 

V/AudioPolicyManagerBase(  349): setOutputDevice() prevDevice (0002)

V/AudioPolicyManagerBase(  349): setOutputDevice() setting same device 0000 or null device for output 2

E/JavaBinder(  910): !!! FAILED BINDER TRANSACTION !!!

D/ApplicationPolicy(  910): isApplicationInstallationEnabled

D/ApplicationPolicy(  910): isApplicationInstallationEnabled :  Checking PKG WL - false

D/ApplicationPolicy(  910): isApplicationInstallationEnabled :  Checking PKG BL - true

D/ApplicationPolicy(  910): isApplicationInstallationEnabled :  Checking PERM BL - true

D/ApplicationPolicy(  910): isApplicationInstallationEnabled :  Checking SIG BL - true

D/ApplicationPolicy(  910): isApplicationInstallationEnabled :  enabled true

D/Sensorhubs(  355): readContextData: 1, 1, 7, -1

D/SensorHubManager(  910): onGetSensorHubDataLocked: library = 1, 1, 7, -1

D/CAE     (  910): onGetSensorHubData(SensorHubParserProvider.java:87) - onGetSensorHubData Event [event buffer len :4], AP_WAKEUP

I/CAE     (  910): parse(SensorHubParserProvider.java:166) - buffer size = 4

I/CAE     (  910): parse(SensorHubParserProvider.java:177) - 1, 1, 7, -1,

D/CAE     (  910): display(ContextProvider.java:365) - ================= AUTO_ROTATION =================

I/CAE     (  910): display(ContextProvider.java:381) - Angle=[-1]

D/SContextService(  910): updateSContext() : event = Auto Rotation

V/WindowOrientationListener(  910): mSContextAutoRotationListener.onSContextChanged, Rotation: -1

D/Sensorhubs(  355): readContextData: 1, 1, 7, 0

D/SensorHubManager(  910): onGetSensorHubDataLocked: library = 1, 1, 7, 0

D/CAE     (  910): onGetSensorHubData(SensorHubParserProvider.java:87) - onGetSensorHubData Event [event buffer len :4], AP_WAKEUP

I/CAE     (  910): parse(SensorHubParserProvider.java:166) - buffer size = 4

I/CAE     (  910): parse(SensorHubParserProvider.java:177) - 1, 1, 7, 0,

D/CAE     (  910): display(ContextProvider.java:365) - ================= AUTO_ROTATION =================

I/CAE     (  910): display(ContextProvider.java:381) - Angle=[0]

D/SContextService(  910): updateSContext() : event = Auto Rotation

V/WindowOrientationListener(  910): mSContextAutoRotationListener.onSContextChanged, Rotation: 0

D/Sensorhubs(  355): readContextData: 1, 1, 7, -1

D/SensorHubManager(  910): onGetSensorHubDataLocked: library = 1, 1, 7, -1

D/CAE     (  910): onGetSensorHubData(SensorHubParserProvider.java:87) - onGetSensorHubData Event [event buffer len :4], AP_WAKEUP

I/CAE     (  910): parse(SensorHubParserProvider.java:166) - buffer size = 4

I/CAE     (  910): parse(SensorHubParserProvider.java:177) - 1, 1, 7, -1,

D/CAE     (  910): display(ContextProvider.java:365) - ================= AUTO_ROTATION =================

I/CAE     (  910): display(ContextProvider.java:381) - Angle=[-1]

D/SContextService(  910): updateSContext() : event = Auto Rotation

V/WindowOrientationListener(  910): mSContextAutoRotationListener.onSContextChanged, Rotation: -1

D/dalvikvm(20228): DexOpt: load 233ms, verify+opt 1081ms, 3725300 bytes

D/Sensorhubs(  355): readContextData: 1, 1, 7, 0

D/SensorHubManager(  910): onGetSensorHubDataLocked: library = 1, 1, 7, 0

D/CAE     (  910): onGetSensorHubData(SensorHubParserProvider.java:87) - onGetSensorHubData Event [event buffer len :4], AP_WAKEUP

I/CAE     (  910): parse(SensorHubParserProvider.java:166) - buffer size = 4

I/CAE     (  910): parse(SensorHubParserProvider.java:177) - 1, 1, 7, 0,

D/CAE     (  910): display(ContextProvider.java:365) - ================= AUTO_ROTATION =================

I/CAE     (  910): display(ContextProvider.java:381) - Angle=[0]

D/SContextService(  910): updateSContext() : event = Auto Rotation

V/WindowOrientationListener(  910): mSContextAutoRotationListener.onSContextChanged, Rotation: 0

E/JavaBinder(  910): !!! FAILED BINDER TRANSACTION !!!

E/installd(  353): install: '/data/data/com.xbcx.gocom': normal app

E/installd(  353): creating libsymlink '/data/data/com.xbcx.gocom/lib'

D/PackageManager(  910): checkUidPermission - Execution time: 127 ms

D/PackageManager(  910): checkUidPermission - Execution time: 167 ms

D/EnterpriseDeviceManagerService(  910): updateAdminPermissions

D/PackageManager(  910): checkUidPermission - Execution time: 230 ms

D/dalvikvm(  910): JIT code cache reset in 2 ms (1535944 bytes 240/0)

D/dalvikvm(  910): GC_FOR_ALLOC freed 5613K, 52% free 85920K/176128K, paused 204ms, total 204ms

I/Choreographer(20165): Skipped 33 frames!  The application may be doing too much work on its main thread.

I/PowerManagerService-JNI(  910): >>>>>>>>in native...

I/emmlog  ( 9490): AnalyticsFrequency Low: 5000

I/PackageManager(  910):   Action: "android.intent.action.SENDTO"

I/PackageManager(  910):   Category: "android.intent.category.DEFAULT"

I/PackageManager(  910):   Scheme: "sms"

I/PackageManager(  910):   Action: "android.intent.action.SENDTO"

I/PackageManager(  910):   Category: "android.intent.category.DEFAULT"

I/PackageManager(  910):   Scheme: "smsto"

I/PackageManager(  910):   Action: "android.intent.action.SENDTO"

I/PackageManager(  910):   Category: "android.intent.category.DEFAULT"

I/PackageManager(  910):   Scheme: "mms"

I/PackageManager(  910):   Action: "android.intent.action.SENDTO"

I/PackageManager(  910):   Category: "android.intent.category.DEFAULT"

I/PackageManager(  910):   Scheme: "mmsto"

D/cell strength( 1228): ===== cell singal strength changed : 99

D/Sensorhubs(  355): readContextData: 1, 1, 7, -1

D/SensorHubManager(  910): onGetSensorHubDataLocked: library = 1, 1, 7, -1

I/InstallPackageReceiver(15839): LCC, receive install package!!!!!!, action is: android.intent.action.PACKAGE_ADDED

I/Monitor ( 5056): [main]onReceive at: com.alipay.mobile.command.trigger.SysEventChangeTrigger, Intent: Intent { act=android.intent.action.PACKAGE_ADDED dat=package:com.xbcx.gocom flg=0x4000010 (has extras) }, cost:22 ms.

D/RegisteredServicesCache( 1259): empty dynamic service

W/System.err( 1727): java.lang.IllegalArgumentException: Unknown URL content://com.tencent.server.fore.ForePluginContentProvider/SpProvider/actionStats/String

W/System.err( 1727): 	at android.content.ContentResolver.insert(ContentResolver.java:1197)

W/System.err( 1727): 	at com.tmsdk.common.storage.a.mw(SourceFile:258)

W/System.err( 1727): 	at com.tmsdk.common.storage.a.V(SourceFile:275)

W/System.err( 1727): 	at tcs.aij.F(SourceFile:146)

W/System.err( 1727): 	at tcs.aij.u(SourceFile:105)

W/System.err( 1727): 	at com.tencent.qqpimsecure.storage.b.a(SourceFile:394)

W/System.err( 1727): 	at com.tencent.qqpimsecure.storage.b.delete(SourceFile:111)

W/System.err( 1727): 	at com.tencent.qqpimsecure.dao.f.dI(SourceFile:258)

W/System.err( 1727): 	at com.tencent.server.base.d.eo(SourceFile:927)

W/System.err( 1727): 	at com.meri.service.h.z(SourceFile:1599)

W/System.err( 1727): 	at com.meri.service.h.y(SourceFile:1588)

W/System.err( 1727): 	at com.meri.service.h.b(SourceFile:1561)

W/System.err( 1727): 	at com.meri.service.h$1.a(SourceFile:1542)

W/System.err( 1727): 	at com.meri.service.j$5.run(SourceFile:394)

W/System.err( 1727): 	at tcs.aet.d(SourceFile:364)

W/System.err( 1727): 	at tcs.aet.c(SourceFile:349)

W/System.err( 1727): 	at tcs.aet.TM(SourceFile:150)

W/System.err( 1727): 	at tcs.aev.a(SourceFile:57)

W/System.err( 1727): 	at tcs.aet$1.run(SourceFile:218)

D/AidRoutingManager( 1259): commitRouting

I/InputReader(  910): Reconfiguring input devices.  changes=0x00000010

D/RCPManagerService(  910): PackageReceiver onReceive()

D/RCPManagerService(  910): App Installed with packageNAme = com.xbcx.gocom

D/RCPManagerService(  910):  PackageReceiver onReceive() bundle Bundle[{com.baidu.lbsapi.API_KEY=fYEQHEN2KpAjGiWl3VxkYVBg, UMENG_CHANNEL=GoCom, UMENG_APPKEY=549f9838fd98c58fce0002f2}]

D/RCPManagerService(  910):  PackageReceiver onReceive() proxyName null proxyService null

I/Monitor ( 5056): [main]onReceive at: com.taobao.infsword.service.AppInstallReceiver, Intent: Intent { act=android.intent.action.PACKAGE_ADDED dat=package:com.xbcx.gocom flg=0x4000010 (has extras) }, cost:141 ms.

I/Monitor ( 5056): [main]onStartCommand at: com.alipay.mobile.command.engine.TaskExeService, Intent: Intent { cmp=com.eg.android.AlipayGphoneRC/com.alipay.mobile.command.engine.TaskExeService (has extras) }

W/System.err( 1727): java.lang.IllegalArgumentException: Unknown URL content://com.tencent.server.fore.ForePluginContentProvider/SpProvider/actionStats/String

W/System.err( 1727): 	at android.content.ContentResolver.insert(ContentResolver.java:1197)

W/System.err( 1727): 	at com.tmsdk.common.storage.a.mw(SourceFile:258)

W/System.err( 1727): 	at com.tmsdk.common.storage.a.V(SourceFile:275)

W/System.err( 1727): 	at tcs.aij.F(SourceFile:146)

W/System.err( 1727): 	at tcs.aij.u(SourceFile:105)

W/System.err( 1727): 	at com.tencent.qqpimsecure.storage.b.a(SourceFile:394)

W/System.err( 1727): 	at com.tencent.qqpimsecure.storage.b.delete(SourceFile:111)

W/System.err( 1727): 	at com.tencent.qqpimsecure.dao.f.dI(SourceFile:258)

W/System.err( 1727): 	at com.tencent.server.base.d.eo(SourceFile:927)

W/System.err( 1727): 	at com.meri.service.h.z(SourceFile:1599)

W/System.err( 1727): 	at com.meri.service.h.y(SourceFile:1588)

W/System.err( 1727): 	at com.meri.service.h.b(SourceFile:1561)

W/System.err( 1727): 	at com.meri.service.h$1.a(SourceFile:1542)

W/System.err( 1727): 	at com.meri.service.j$5.run(SourceFile:394)

W/System.err( 1727): 	at tcs.aet.d(SourceFile:364)

W/System.err( 1727): 	at tcs.aet.c(SourceFile:349)

W/System.err( 1727): 	at tcs.aet.TM(SourceFile:150)

W/System.err( 1727): 	at tcs.aev.a(SourceFile:57)

W/System.err( 1727): 	at tcs.aet$1.run(SourceFile:218)

D/Alipay_cmdcentertrigger( 5056): [main][1]triger action_type:PACKAGE_ADDED

D/Sensorhubs(  355): readContextData: 1, 1, 7, 0

D/SensorHubManager(  910): onGetSensorHubDataLocked: library = 1, 1, 7, 0

D/PersonaPolicyManagerService(  910): PersonaPolicyReceiver Receiver : android.intent.action.PACKAGE_ADDED

D/Alipay_cmdcenterutil( 5056): [CmdCenter-service_triger-pool-5][19841]网络状况:1#0

D/Alipay_cmdcentermanager( 5056): [CmdCenter-service_triger-pool-5][19841]Task--98b76421fea1459ebcb9fb7ae7d96c04,taskName--PackageChangeTask,进入队列

I/PackageManager(  910):   Action: "android.intent.action.SENDTO"

I/PackageManager(  910):   Category: "android.intent.category.DEFAULT"

I/PackageManager(  910):   Scheme: "sms"

D/Alipay_cmdcentermanager( 5056): [CmdCenter-service_triger-pool-5][19841]do PACKAGE_ADDEDtrigger  finish!

D/        ( 1274): DFactory start

D/        ( 1274): isQmage : stream is not a Qmage file

I/Suman   ( 1573): BroadcastReceived

D/CAE     (  910): onGetSensorHubData(SensorHubParserProvider.java:87) - onGetSensorHubData Event [event buffer len :4], AP_WAKEUP

I/CAE     (  910): parse(SensorHubParserProvider.java:166) - buffer size = 4

D/dalvikvm( 1259): GC_CONCURRENT freed 2006K, 34% free 17811K/26876K, paused 1ms+2ms, total 53ms

D/dalvikvm( 1259): WAIT_FOR_CONCURRENT_GC blocked 41ms

I/CAE     (  910): parse(SensorHubParserProvider.java:177) - 1, 1, 7, -1,

D/CAE     (  910): display(ContextProvider.java:365) - ================= AUTO_ROTATION =================

I/CAE     (  910): display(ContextProvider.java:381) - Angle=[-1]

D/CAE     (  910): onGetSensorHubData(SensorHubParserProvider.java:87) - onGetSensorHubData Event [event buffer len :4], AP_WAKEUP

I/CAE     (  910): parse(SensorHubParserProvider.java:166) - buffer size = 4

I/CAE     (  910): parse(SensorHubParserProvider.java:177) - 1, 1, 7, 0,

D/CAE     (  910): display(ContextProvider.java:365) - ================= AUTO_ROTATION =================

I/CAE     (  910): display(ContextProvider.java:381) - Angle=[0]

D/SContextService(  910): updateSContext() : event = Auto Rotation

D/SContextService(  910): updateSContext() : event = Auto Rotation

V/WindowOrientationListener(  910): mSContextAutoRotationListener.onSContextChanged, Rotation: -1

V/WindowOrientationListener(  910): mSContextAutoRotationListener.onSContextChanged, Rotation: 0

I/PackageManager(  910):   Action: "android.intent.action.SENDTO"

I/PackageManager(  910):   Category: "android.intent.category.DEFAULT"

I/PackageManager(  910):   Scheme: "smsto"

D/dalvikvm( 1727): GC_CONCURRENT freed 1843K, 30% free 19620K/27728K, paused 3ms+7ms, total 84ms

D/dalvikvm( 1727): WAIT_FOR_CONCURRENT_GC blocked 56ms

D/Alipay_cmdcenterscript( 5056): [main][1]开始执行任务:PackageChangeTask:98b76421fea1459ebcb9fb7ae7d96c04

D/AndroidRuntime(20236): 

D/AndroidRuntime(20236): >>>>>> AndroidRuntime START com.android.internal.os.RuntimeInit <<<<<<

D/AndroidRuntime(20236): CheckJNI is OFF

E/AndroidRuntime(20236): cannot open customer xml file

D/AndroidRuntime(20236): readGMSProperty: start

D/AndroidRuntime(20236): readGMSProperty: already setted!!

D/AndroidRuntime(20236): readGMSProperty: end

D/AndroidRuntime(20236): addProductProperty: start

D/dalvikvm(20236): Trying to load lib libjavacore.so 0x0

D/dalvikvm(20236): Added shared lib libjavacore.so 0x0

D/dalvikvm(20236): Trying to load lib libnativehelper.so 0x0

D/dalvikvm(20236): Added shared lib libnativehelper.so 0x0

D/dalvikvm(20236): No JNI_OnLoad found in libnativehelper.so 0x0, skipping init

W/System.err( 1727): java.lang.IllegalArgumentException: Unknown URL content://com.tencent.server.fore.ForePluginContentProvider/SpProvider/actionStats/String

W/System.err( 1727): 	at android.content.ContentResolver.insert(ContentResolver.java:1197)

W/System.err( 1727): 	at com.tmsdk.common.storage.a.mw(SourceFile:258)

W/System.err( 1727): 	at com.tmsdk.common.storage.a.V(SourceFile:275)

W/System.err( 1727): 	at tcs.aij.F(SourceFile:146)

W/System.err( 1727): 	at tcs.aij.u(SourceFile:105)

W/System.err( 1727): 	at com.tencent.qqpimsecure.storage.b.a(SourceFile:394)

W/System.err( 1727): 	at com.tencent.qqpimsecure.storage.b.delete(SourceFile:111)

W/System.err( 1727): 	at com.tencent.qqpimsecure.dao.f.dI(SourceFile:258)

W/System.err( 1727): 	at com.tencent.server.base.d.eo(SourceFile:927)

W/System.err( 1727): 	at com.meri.service.h.z(SourceFile:1599)

W/System.err( 1727): 	at com.meri.service.h.y(SourceFile:1588)

W/System.err( 1727): 	at com.meri.service.h.b(SourceFile:1561)

W/System.err( 1727): 	at com.meri.service.h$1.a(SourceFile:1542)

W/System.err( 1727): 	at com.meri.service.j$5.run(SourceFile:394)

W/System.err( 1727): 	at tcs.aet.d(SourceFile:364)

W/System.err( 1727): 	at tcs.aet.c(SourceFile:349)

W/System.err( 1727): 	at tcs.aet.TM(SourceFile:150)

W/System.err( 1727): 	at tcs.aev.a(SourceFile:57)

W/System.err( 1727): 	at tcs.aet$1.run(SourceFile:218)

I/PackageManager(  910):   Action: "android.intent.action.SENDTO"

I/PackageManager(  910):   Category: "android.intent.category.DEFAULT"

I/PackageManager(  910):   Scheme: "mms"

D/Sensorhubs(  355): readContextData: 1, 1, 7, -1

D/SensorHubManager(  910): onGetSensorHubDataLocked: library = 1, 1, 7, -1

D/CAE     (  910): onGetSensorHubData(SensorHubParserProvider.java:87) - onGetSensorHubData Event [event buffer len :4], AP_WAKEUP

I/CAE     (  910): parse(SensorHubParserProvider.java:166) - buffer size = 4

I/CAE     (  910): parse(SensorHubParserProvider.java:177) - 1, 1, 7, -1,

D/CAE     (  910): display(ContextProvider.java:365) - ================= AUTO_ROTATION =================

I/CAE     (  910): display(ContextProvider.java:381) - Angle=[-1]

D/SContextService(  910): updateSContext() : event = Auto Rotation

V/WindowOrientationListener(  910): mSContextAutoRotationListener.onSContextChanged, Rotation: -1

I/PackageManager(  910):   Action: "android.intent.action.SENDTO"

I/PackageManager(  910):   Category: "android.intent.category.DEFAULT"

I/PackageManager(  910):   Scheme: "mmsto"

D/Sensorhubs(  355): readContextData: 1, 1, 7, 0

D/SensorHubManager(  910): onGetSensorHubDataLocked: library = 1, 1, 7, 0

D/NotificationService(  910): cancelNotificationLocked

D/NotificationService(  910):  hasClearableItems

D/NotificationService(  910):  has clearable items no 

D/NotificationService(  910): cancelNotificationLocked: cancel alarm

D/NotificationService(  910): cancelNotificationLocked: cancel alarm

D/CAE     (  910): onGetSensorHubData(SensorHubParserProvider.java:87) - onGetSensorHubData Event [event buffer len :4], AP_WAKEUP

I/CAE     (  910): parse(SensorHubParserProvider.java:166) - buffer size = 4

I/CAE     (  910): parse(SensorHubParserProvider.java:177) - 1, 1, 7, 0,

D/CAE     (  910): display(ContextProvider.java:365) - ================= AUTO_ROTATION =================

I/CAE     (  910): display(ContextProvider.java:381) - Angle=[0]

D/SContextService(  910): updateSContext() : event = Auto Rotation

V/WindowOrientationListener(  910): mSContextAutoRotationListener.onSContextChanged, Rotation: 0

E/memtrack(20236): Couldn't load memtrack module (No such file or directory)

E/android.os.Debug(20236): failed to load memtrack module: -2

D/        ( 1110): DFactory start

D/        ( 1110): isQmage : stream is not a Qmage file

D/com.sogou.appmall.common.utils.o(15839): +++network is available: WIFI

I/PackageManager(  910):   Action: "android.intent.action.SENDTO"

I/PackageManager(  910):   Category: "android.intent.category.DEFAULT"

I/PackageManager(  910):   Scheme: "sms"

D/EnterpriseDeviceManagerService(  910): Package has changed for user 0

D/dalvikvm(20236): Note: class Landroid/app/ActivityManagerNative; has 193 unimplemented (abstract) methods

V/audio_hw_primary(  349): out_standby: enter: usecase(0: deep-buffer-playback)

D/PackageManager(  910): resolveContentProvider - Execution time: 124 ms

D/PackageManager(  910): getApplicationInfo - Execution time: 117 ms

I/PackageManager(  910):   Action: "android.intent.action.SENDTO"

I/PackageManager(  910):   Category: "android.intent.category.DEFAULT"

I/PackageManager(  910):   Scheme: "smsto"

W/ResourceType( 1110): Attempt to retrieve bag 0x01030068 which is invalid or in a cycle.

W/ResourceType( 1110): Attempt to retrieve bag 0x01030067 which is invalid or in a cycle.

I/chromium(24535): [INFO:top_sites_impl.cc(926)]  VLOG NotifyTopSitesChanged

D/        ( 1110): DFactory start

D/        ( 1110): isQmage : stream is not a Qmage file

D/        ( 1110): DFactory start

D/        ( 1110): isQmage : stream is not a Qmage file

D/        ( 1110): DFactory start

D/        ( 1110): isQmage : stream is not a Qmage file

D/ProgressBar( 1110): setProgressDrawable drawableHeight = 18

D/        ( 1110): DFactory start

D/        ( 1110): isQmage : stream is not a Qmage file

D/        ( 1110): DFactory start

D/        ( 1110): isQmage : stream is not a Qmage file

D/        ( 1110): DFactory start

D/        ( 1110): isQmage : stream is not a Qmage file

D/        ( 1110): DFactory start

D/        ( 1110): isQmage : stream is not a Qmage file

W/ResourceType( 1110): Attempt to retrieve bag 0x01030200 which is invalid or in a cycle.

D/AndroidRuntime(20236): Calling main entry com.android.commands.pm.Pm

D/dalvikvm( 5056): GC_CONCURRENT freed 6645K, 45% free 34995K/62600K, paused 7ms+24ms, total 325ms

D/dalvikvm( 5056): WAIT_FOR_CONCURRENT_GC blocked 312ms

D/dalvikvm( 5056): WAIT_FOR_CONCURRENT_GC blocked 315ms

D/Sensorhubs(  355): readContextData: 1, 1, 7, -1

D/SensorHubManager(  910): onGetSensorHubDataLocked: library = 1, 1, 7, -1

D/CAE     (  910): onGetSensorHubData(SensorHubParserProvider.java:87) - onGetSensorHubData Event [event buffer len :4], AP_WAKEUP

I/CAE     (  910): parse(SensorHubParserProvider.java:166) - buffer size = 4

I/CAE     (  910): parse(SensorHubParserProvider.java:177) - 1, 1, 7, -1,

D/CAE     (  910): display(ContextProvider.java:365) - ================= AUTO_ROTATION =================

W/CscFeature(20236): java.io.FileNotFoundException: /system/csc/others.xml: open failed: EACCES (Permission denied)

I/CAE     (  910): display(ContextProvider.java:381) - Angle=[-1]

D/SContextService(  910): updateSContext() : event = Auto Rotation

V/WindowOrientationListener(  910): mSContextAutoRotationListener.onSContextChanged, Rotation: -1

D/dalvikvm( 2057): GC_EXPLICIT freed 1813K, 35% free 17557K/26876K, paused 171ms+5ms, total 213ms

W/System.err( 1727): java.lang.IllegalArgumentException: Unknown URL content://com.tencent.server.fore.ForePluginContentProvider/SpProvider/SoftwareManagerImpl/String

W/System.err( 1727): 	at android.content.ContentResolver.insert(ContentResolver.java:1197)

W/System.err( 1727): 	at com.tmsdk.common.storage.a.mw(SourceFile:258)

W/System.err( 1727): 	at com.tmsdk.common.storage.a.V(SourceFile:275)

W/System.err( 1727): 	at tcs.bvv.ro(SourceFile:198)

W/System.err( 1727): 	at com.tencent.qqpimsecure.plugin.ud.softusage.PiSoftUsageUD$4.a(SourceFile:210)

W/System.err( 1727): 	at com.meri.service.j$5.run(SourceFile:394)

W/System.err( 1727): 	at tcs.aet.d(SourceFile:364)

W/System.err( 1727): 	at tcs.aet.c(SourceFile:349)

W/System.err( 1727): 	at tcs.aet.TM(SourceFile:150)

W/System.err( 1727): 	at tcs.aev.a(SourceFile:57)

W/System.err( 1727): 	at tcs.aet$1.run(SourceFile:218)

D/AndroidRuntime(20236): Shutting down VM

D/dalvikvm(20236): GC_CONCURRENT freed 138K, 17% free 684K/824K, paused 1ms+0ms, total 3ms

W/chromium( 5056): [WARNING:resource_bundle.cc(368)] Unable to load image with id 5746

I/PackageManager(  910):   Action: "android.intent.action.SENDTO"

I/PackageManager(  910):   Category: "android.intent.category.DEFAULT"

I/PackageManager(  910):   Scheme: "mms"

D/Alipay_cmdcentercommand( 5056): [JavaBridge][19817]Method---->TASKUUID:98b76421fea1459ebcb9fb7ae7d96c04,commandName:PackageChangeCommand,commandId:1b169e9f402d4221a18f4a4518d5847d,开始时间:1435642014866

D/AlipayDataTunnel/PackageChange( 5056): +++++execute PackageChangeCommand @ com.eg.android.AlipayGphoneRC

D/AlipayDataTunnel/PackageChange( 5056): +++++taskUUID=98b76421fea1459ebcb9fb7ae7d96c04,args=[Ljava.lang.String;@430ccd40

D/AlipayDataTunnel/PackageChange( 5056): useRuntimeParam##PACKAGE_NAME=com.xbcx.gocom&INSTALL=PACKAGE_ADDED&REPLACE=false

D/AlipayDataTunnel/PackageChange( 5056): runtimeParam: PACKAGE_NAME=com.xbcx.gocom&INSTALL=PACKAGE_ADDED&REPLACE=false

D/AlipayDataTunnel/PackageChange( 5056): PACKAGE_NAME=com.xbcx.gocom

D/AlipayDataTunnel/PackageChange( 5056): INSTALL=PACKAGE_ADDED

D/AlipayDataTunnel/PackageChange( 5056): REPLACE=false

D/Alipay_cmdcentercommand( 5056): [JavaBridge][19817]Method---->TASKUUID:98b76421fea1459ebcb9fb7ae7d96c04,commandName:PackageChangeCommand,commandId:1b169e9f402d4221a18f4a4518d5847d,执行结果:false,结束时间:1435642014870

I/PackageManager(  910):   Action: "android.intent.action.SENDTO"

I/PackageManager(  910):   Category: "android.intent.category.DEFAULT"

I/PackageManager(  910):   Scheme: "mmsto"

D/Alipay_cmdcenterscript( 5056): [main][1]脚本执行完毕。message:98b76421fea1459ebcb9fb7ae7d96c04|js-ext-command-finish|false

I/System.out(15839): DBPackageUpdate calls detatch()

V/audio_hw_primary(  349): stop_output_stream: enter: usecase(0: deep-buffer-playback)

V/audio_hw_primary(  349): disable_audio_route: enter: usecase(0)

V/audio_hw_primary(  349): disable_audio_route: reset mixer path: deep-buffer-playback

D/audio_route(  349): ++++ audio_route_update_mixer ==============

D/audio_route(  349): Setting mixer control: SLIMBUS_0_RX Audio Mixer MultiMedia1, value: 0

D/audio_route(  349): ------ audio_route_update_mixer ==============

V/audio_hw_primary(  349): disable_audio_route: exit

V/audio_hw_primary(  349): disable_snd_device: snd_device(2: speaker)

D/audio_route(  349): ++++ audio_route_update_mixer ==============

D/audio_route(  349): Setting mixer control: SPK DRV Volume, value: 0

D/audio_route(  349): Setting mixer control: RX7 Digital Volume, value: 0

D/audio_route(  349): Setting mixer control: COMP0 Switch, value: 0

D/audio_route(  349): Setting mixer control: RX7 MIX1 INP1, value: 0

D/audio_route(  349): Setting mixer control: DAC1 Switch, value: 0

D/audio_route(  349): Setting mixer control: SPK Status, value: 0

D/audio_route(  349): ------ audio_route_update_mixer ==============

V/audio_hw_primary(  349): stop_output_stream: exit: status(0)

V/audio_hw_primary(  349): out_standby: exit

D/Alipay_cmdcentermanager( 5056): [main][1]task:98b76421fea1459ebcb9fb7ae7d96c04执行完毕,状态变迁:I----->F(false)

D/Alipay_cmdcenterrpc_invoke( 5056): [CmdCenter-service_triger-pool-4][19821]RPC start request:Url : http://mobilegw-1-64.test.alipay.net/mgw.htm,ReqData: [operationType=alipay.client.mobilecmdcenter.reportStatus, id=48, requestData=[{"executeResults":[{"state":"Failed","uuid":"98b76421fea1459ebcb9fb7ae7d96c04"}],"extend":[{"value":"4.4.4","key":"PlatformVersion"},{"value":"samsungGT-I9508V","key":"UserAgent"},{"value":"Android-container-RC","key":"ProductID"},{"value":"2088812469041456","key":"userId"},{"value":"alipay","key":"channel"},{"value":"150629132916581|352514065686259|456","key":"clientId"},{"value":"VVCRi5aujWcDAP8DS8mlW63c","key":"did"}]}]],HttpHeader: [did: VVCRi5aujWcDAP8DS8mlW63c]

D/Alipay_cmdcentermanager( 5056): [CmdCenter-service_triger-pool-4][19821]HttpManager: Active Task = 3, Completed Task = 228, All Task = 231,Avarage Speed = 2805 KB/S, Connetct Time = 73 ms, All data size = 376394 bytes, All connect time = 2576 ms, All socket time = 131 ms, All request times = 35 times

D/ContexualWidgetMonitor( 1110): action =com.android.server.NotificationManagerService.NotificationArrived

D/ContexualWidgetMonitor( 1110): pkg =null

D/ContexualWidgetMonitor( 1110): mCheckMissedEvent =false

D/com.sogou.appmall.common.utils.o(15839): +++network is available: WIFI

W/System.err( 1727): java.lang.IllegalArgumentException: Unknown URL content://com.tencent.server.fore.ForePluginContentProvider/SpProvider/actionStats/String

W/System.err( 1727): 	at android.content.ContentResolver.insert(ContentResolver.java:1197)

W/System.err( 1727): 	at com.tmsdk.common.storage.a.mw(SourceFile:258)

W/System.err( 1727): 	at com.tmsdk.common.storage.a.V(SourceFile:275)

W/System.err( 1727): 	at tcs.aij.F(SourceFile:146)

W/System.err( 1727): 	at tcs.aij.u(SourceFile:105)

W/System.err( 1727): 	at com.tencent.qqpimsecure.storage.b.a(SourceFile:394)

W/System.err( 1727): 	at com.tencent.qqpimsecure.storage.b.a(SourceFile:87)

W/System.err( 1727): 	at tcs.auz.m(SourceFile:117)

W/System.err( 1727): 	at tcs.auz.y(SourceFile:103)

W/System.err( 1727): 	at tcs.avc.a(SourceFile:494)

W/System.err( 1727): 	at tcs.avc.a(SourceFile:71)

W/System.err( 1727): 	at tcs.avc$5.handleMessage(SourceFile:259)

W/System.err( 1727): 	at android.os.Handler.dispatchMessage(Handler.java:98)

W/System.err( 1727): 	at tcs.amy.dispatchMessage(SourceFile:34)

W/System.err( 1727): 	at android.os.Looper.loop(Looper.java:146)

W/System.err( 1727): 	at android.os.HandlerThread.run(HandlerThread.java:61)

W/System.err( 1727): 	at tcs.aca.run(SourceFile:54)

W/System.err( 1727): java.lang.IllegalArgumentException: Unknown URL content://com.tencent.server.fore.ForePluginContentProvider/SpProvider/actionStats/String

W/System.err( 1727): 	at android.content.ContentResolver.insert(ContentResolver.java:1197)

W/System.err( 1727): 	at com.tmsdk.common.storage.a.mw(SourceFile:258)

W/System.err( 1727): 	at com.tmsdk.common.storage.a.V(SourceFile:275)

W/System.err( 1727): 	at tcs.aij.F(SourceFile:146)

W/System.err( 1727): 	at tcs.aij.u(SourceFile:105)

W/System.err( 1727): 	at com.tencent.qqpimsecure.storage.b.a(SourceFile:394)

W/System.err( 1727): 	at com.tencent.qqpimsecure.storage.b.a(SourceFile:87)

W/System.err( 1727): 	at tcs.bvt.a(SourceFile:87)

W/System.err( 1727): 	at tcs.bvx.a(SourceFile:157)

W/System.err( 1727): 	at tcs.bvx.A(SourceFile:116)

W/System.err( 1727): 	at tcs.bvx.z(SourceFile:84)

W/System.err( 1727): 	at com.tencent.qqpimsecure.plugin.ud.softusage.PiSoftUsageUD$4.a(SourceFile:211)

W/System.err( 1727): 	at com.meri.service.j$5.run(SourceFile:394)

W/System.err( 1727): 	at tcs.aet.d(SourceFile:364)

W/System.err( 1727): 	at tcs.aet.c(SourceFile:349)

W/System.err( 1727): 	at tcs.aet.TM(SourceFile:150)

W/System.err( 1727): 	at tcs.aev.a(SourceFile:57)

W/System.err( 1727): 	at tcs.aet$1.run(SourceFile:218)

D/Sensorhubs(  355): readContextData: 1, 1, 7, 0

D/SensorHubManager(  910): onGetSensorHubDataLocked: library = 1, 1, 7, 0

D/CAE     (  910): onGetSensorHubData(SensorHubParserProvider.java:87) - onGetSensorHubData Event [event buffer len :4], AP_WAKEUP

I/CAE     (  910): parse(SensorHubParserProvider.java:166) - buffer size = 4

I/CAE     (  910): parse(SensorHubParserProvider.java:177) - 1, 1, 7, 0,

D/com.sogou.appmall.common.utils.o(15839): +++network is available: WIFI

D/CAE     (  910): display(ContextProvider.java:365) - ================= AUTO_ROTATION =================

I/CAE     (  910): display(ContextProvider.java:381) - Angle=[0]

D/SContextService(  910): updateSContext() : event = Auto Rotation

V/WindowOrientationListener(  910): mSContextAutoRotationListener.onSContextChanged, Rotation: 0

I/Monitor ( 5056): [CmdCenter-service_triger-pool-1] HttpClient.execute(): http://mobilegw-1-64.test.alipay.net/mgw.htm at: HttpProcessor.java:194

W/Resources(  910): Converting to string: TypedValue{t=0x12/d=0xffffffff a=-1}

I/ClientMonitor( 5056): [CmdCenter-service_triger-pool-1] noteTraficConsume: http://mobilegw-1-64.test.alipay.net/mgw.htm reqLength:756 respLength:-1

D/Alipay_cmdcenterRpcProcess( 5056): [CmdCenter-service_triger-pool-1][19818]HttpWorker finish execute request: http://mobilegw-1-64.test.alipay.net/mgw.htm

D/Alipay_cmdcenterRpcProcess( 5056): [CmdCenter-service_triger-pool-1][19818]begin parse Response check status,status:200

I/System.out( 5056): CmdCenter-service_triger-pool-1 calls detatch()

D/Alipay_cmdcenterRpcProcess( 5056): [CmdCenter-service_triger-pool-1][19818]HttpWorker finish request: http://mobilegw-1-64.test.alipay.net/mgw.htm

D/Alipay_cmdcenterrpc_invoke( 5056): [CmdCenter-service_triger-pool-4][19821]RPC end response:{"resultStatus":1000,"result":null,"memo":"ok"}

D/Alipay_cmdcenterrpc_invoke( 5056): [CmdCenter-service_triger-pool-4][19821]RPC finish: operationTypeValue=alipay.client.mobilecmdcenter.reportStatus

I/System.out(15839): pool-1-thread-3 calls detatch()

I/System.out(15839): DBPackageUpdate calls detatch()

W/System.err( 1727): java.lang.IllegalArgumentException: Unknown URL content://com.tencent.server.fore.ForePluginContentProvider/SpProvider/actionStats/String

W/Resources(  910): Converting to string: TypedValue{t=0x12/d=0x0 a=-1}

W/Resources(  910): Converting to string: TypedValue{t=0x12/d=0xffffffff a=-1}

W/System.err( 1727): 	at android.content.ContentResolver.insert(ContentResolver.java:1197)

W/System.err( 1727): 	at com.tmsdk.common.storage.a.mw(SourceFile:258)

W/System.err( 1727): 	at com.tmsdk.common.storage.a.V(SourceFile:275)

W/System.err( 1727): 	at tcs.aij.F(SourceFile:146)

W/System.err( 1727): 	at tcs.aij.u(SourceFile:105)

W/System.err( 1727): 	at com.tencent.qqpimsecure.storage.b.a(SourceFile:394)

W/System.err( 1727): 	at com.tencent.qqpimsecure.storage.b.delete(SourceFile:111)

W/System.err( 1727): 	at spm.os.cT(SourceFile:276)

W/System.err( 1727): 	at spm.os.cU(SourceFile:362)

W/System.err( 1727): 	at spm.pa$2.a(SourceFile:238)

W/System.err( 1727): 	at com.meri.service.j$5.run(SourceFile:394)

W/System.err( 1727): 	at tcs.aet.d(SourceFile:364)

W/System.err( 1727): 	at tcs.aet.c(SourceFile:349)

W/System.err( 1727): 	at tcs.aet.TM(SourceFile:150)

W/System.err( 1727): 	at tcs.aev.a(SourceFile:57)

W/System.err( 1727): 	at tcs.aet$1.run(SourceFile:218)

I/Monitor ( 5056): [Thread-20232] HttpClient.execute(): http://kgb.alibaba.com/kgb/report at: <Unknown>:0

E/JavaBinder(  910): !!! FAILED BINDER TRANSACTION !!!

W/System.err( 1727): java.lang.IllegalArgumentException: Unknown URL content://com.tencent.server.fore.ForePluginContentProvider/SpProvider/actionStats/String

W/Resources(  910): Converting to string: TypedValue{t=0x12/d=0xffffffff a=-1}

W/System.err( 1727): 	at android.content.ContentResolver.insert(ContentResolver.java:1197)

W/System.err( 1727): 	at com.tmsdk.common.storage.a.mw(SourceFile:258)

W/System.err( 1727): 	at com.tmsdk.common.storage.a.V(SourceFile:275)

W/System.err( 1727): 	at tcs.aij.F(SourceFile:146)

W/System.err( 1727): 	at tcs.aij.u(SourceFile:105)

W/System.err( 1727): 	at com.tencent.qqpimsecure.storage.b.a(SourceFile:394)

W/System.err( 1727): 	at com.tencent.qqpimsecure.storage.b.applyBatch(SourceFile:264)

W/System.err( 1727): 	at spm.os.F(SourceFile:216)

W/System.err( 1727): 	at spm.os.cU(SourceFile:368)

W/System.err( 1727): 	at spm.pa$2.a(SourceFile:238)

W/System.err( 1727): 	at com.meri.service.j$5.run(SourceFile:394)

W/System.err( 1727): 	at tcs.aet.d(SourceFile:364)

W/System.err( 1727): 	at tcs.aet.c(SourceFile:349)

W/System.err( 1727): 	at tcs.aet.TM(SourceFile:150)

W/System.err( 1727): 	at tcs.aev.a(SourceFile:57)

W/System.err( 1727): 	at tcs.aet$1.run(SourceFile:218)

D/dalvikvm(  910): GC_EXPLICIT freed 3488K, 49% free 90321K/176128K, paused 14ms+55ms, total 1415ms

D/        (20165): DFactory start

D/        (20165): isQmage : stream is not a Qmage file

D/        (20165): DFactory start

D/        (20165): isQmage : stream is not a Qmage file

I/HomeSyncInstallReceiver( 1259): This pkg do not need BT addr. Do nothing

D/HOOK    ( 5056): AssetManager isUpToDate:true

I/Monitor ( 5056): [main]onReceive at: com.taobao.infsword.service.AppInstallReceiver, Intent: Intent { act=android.intent.action.PACKAGE_ADDED dat=package:com.xbcx.gocom flg=0x4000010 cmp=com.eg.android.AlipayGphoneRC/com.taobao.infsword.service.AppInstallReceiver (has extras) }, cost:2 ms.

D/Sensorhubs(  355): readContextData: 1, 1, 7, -1

D/SensorHubManager(  910): onGetSensorHubDataLocked: library = 1, 1, 7, -1

D/CAE     (  910): onGetSensorHubData(SensorHubParserProvider.java:87) - onGetSensorHubData Event [event buffer len :4], AP_WAKEUP

I/CAE     (  910): parse(SensorHubParserProvider.java:166) - buffer size = 4

I/CAE     (  910): parse(SensorHubParserProvider.java:177) - 1, 1, 7, -1,

