D/        (  910): TAL: TIMA_PKM_measure_kernel--int8_t TIMA_PKM_measure_kernel(TIMA_handle_t, void*, uint32_t, void*, uint32_t, uint32_t)

D/        (  910): TIMA: QCOM_send_command--int8_t QCOM_send_command(TIMA_handle_t, void*, uint32_t, void*, uint32_t, uint32_t)

D/        (  910): rsp_len = 1008 rcvd_data_len = 1040, self_calculate_len=1040

D/        (  910): TIMA: QCOM_send_command result--0

D/        (  910): TIMA_PKM_measure_kernel returns with resp..ret=512!

D/        (  910): TAL: TIMA_PKM_measure_kernel--int8_t TIMA_PKM_measure_kernel(TIMA_handle_t, void*, uint32_t, void*, uint32_t, uint32_t)

D/        (  910): TIMA: QCOM_send_command--int8_t QCOM_send_command(TIMA_handle_t, void*, uint32_t, void*, uint32_t, uint32_t)

D/        (  910): rsp_len = 1008 rcvd_data_len = 1040, self_calculate_len=1040

D/        (  910): TIMA: QCOM_send_command result--0

D/        (  910): TIMA_PKM_measure_kernel returns with resp..ret=512!

D/        (  910): TAL: TIMA_PKM_measure_kernel--int8_t TIMA_PKM_measure_kernel(TIMA_handle_t, void*, uint32_t, void*, uint32_t, uint32_t)

D/        (  910): TIMA: QCOM_send_command--int8_t QCOM_send_command(TIMA_handle_t, void*, uint32_t, void*, uint32_t, uint32_t)

D/        (  910): rsp_len = 1008 rcvd_data_len = 1040, self_calculate_len=1040

D/        (  910): TIMA: QCOM_send_command result--0

D/        (  910): TIMA_PKM_measure_kernel returns with resp..ret=512!

D/        (  910): TAL: TIMA_PKM_measure_kernel--int8_t TIMA_PKM_measure_kernel(TIMA_handle_t, void*, uint32_t, void*, uint32_t, uint32_t)

D/        (  910): TIMA: QCOM_send_command--int8_t QCOM_send_command(TIMA_handle_t, void*, uint32_t, void*, uint32_t, uint32_t)

D/        (  910): rsp_len = 1008 rcvd_data_len = 1040, self_calculate_len=1040

D/        (  910): TIMA: QCOM_send_command result--0

D/        (  910): TIMA_PKM_measure_kernel returns with resp..ret=512!

D/        (  910): TAL: TIMA_PKM_measure_kernel--int8_t TIMA_PKM_measure_kernel(TIMA_handle_t, void*, uint32_t, void*, uint32_t, uint32_t)

D/        (  910): TIMA: QCOM_send_command--int8_t QCOM_send_command(TIMA_handle_t, void*, uint32_t, void*, uint32_t, uint32_t)

D/        (  910): rsp_len = 1008 rcvd_data_len = 1040, self_calculate_len=1040

D/        (  910): TIMA: QCOM_send_command result--0

D/        (  910): TIMA_PKM_measure_kernel returns with resp..ret=512!

D/        (  910): TAL: TIMA_PKM_measure_kernel--int8_t TIMA_PKM_measure_kernel(TIMA_handle_t, void*, uint32_t, void*, uint32_t, uint32_t)

D/        (  910): TIMA: QCOM_send_command--int8_t QCOM_send_command(TIMA_handle_t, void*, uint32_t, void*, uint32_t, uint32_t)

D/        (  910): rsp_len = 1008 rcvd_data_len = 1040, self_calculate_len=1040

D/        (  910): TIMA: QCOM_send_command result--0

D/        (  910): TIMA_PKM_measure_kernel returns with resp..ret=512!

D/        (  910): TAL: TIMA_PKM_measure_kernel--int8_t TIMA_PKM_measure_kernel(TIMA_handle_t, void*, uint32_t, void*, uint32_t, uint32_t)

D/        (  910): TIMA: QCOM_send_command--int8_t QCOM_send_command(TIMA_handle_t, void*, uint32_t, void*, uint32_t, uint32_t)

D/        (  910): rsp_len = 1008 rcvd_data_len = 1040, self_calculate_len=1040

D/        (  910): TIMA: QCOM_send_command result--0

D/        (  910): TIMA_PKM_measure_kernel returns with resp..ret=512!

D/        (  910): TAL: TIMA_PKM_measure_kernel--int8_t TIMA_PKM_measure_kernel(TIMA_handle_t, void*, uint32_t, void*, uint32_t, uint32_t)

D/        (  910): TIMA: QCOM_send_command--int8_t QCOM_send_command(TIMA_handle_t, void*, uint32_t, void*, uint32_t, uint32_t)

D/        (  910): rsp_len = 1008 rcvd_data_len = 1040, self_calculate_len=1040

E/JavaBinder(  910): !!! FAILED BINDER TRANSACTION !!!

D/        (  910): TIMA: QCOM_send_command result--0

D/        (  910): TIMA_PKM_measure_kernel returns with resp..ret=512!

D/        (  910): TAL: TIMA_PKM_measure_kernel--int8_t TIMA_PKM_measure_kernel(TIMA_handle_t, void*, uint32_t, void*, uint32_t, uint32_t)

D/        (  910): TIMA: QCOM_send_command--int8_t QCOM_send_command(TIMA_handle_t, void*, uint32_t, void*, uint32_t, uint32_t)

D/        (  910): rsp_len = 1008 rcvd_data_len = 1040, self_calculate_len=1040

D/        (  910): TIMA: QCOM_send_command result--0

D/        (  910): TIMA_PKM_measure_kernel returns with resp..ret=512!

D/        (  910): TAL: TIMA_PKM_measure_kernel--int8_t TIMA_PKM_measure_kernel(TIMA_handle_t, void*, uint32_t, void*, uint32_t, uint32_t)

D/        (  910): TIMA: QCOM_send_command--int8_t QCOM_send_command(TIMA_handle_t, void*, uint32_t, void*, uint32_t, uint32_t)

D/        (  910): rsp_len = 1008 rcvd_data_len = 1040, self_calculate_len=1040

D/        (  910): TIMA: QCOM_send_command result--0

D/        (  910): TIMA_PKM_measure_kernel returns with resp..ret=512!

D/        (  910): TAL: TIMA_PKM_measure_kernel--int8_t TIMA_PKM_measure_kernel(TIMA_handle_t, void*, uint32_t, void*, uint32_t, uint32_t)

D/        (  910): TIMA: QCOM_send_command--int8_t QCOM_send_command(TIMA_handle_t, void*, uint32_t, void*, uint32_t, uint32_t)

D/        (  910): rsp_len = 1008 rcvd_data_len = 1040, self_calculate_len=1040

D/        (  910): TIMA: QCOM_send_command result--0

D/        (  910): TIMA_PKM_measure_kernel returns with resp..ret=512!

D/        (  910): TAL: TIMA_PKM_measure_kernel--int8_t TIMA_PKM_measure_kernel(TIMA_handle_t, void*, uint32_t, void*, uint32_t, uint32_t)

D/        (  910): TIMA: QCOM_send_command--int8_t QCOM_send_command(TIMA_handle_t, void*, uint32_t, void*, uint32_t, uint32_t)

D/        (  910): rsp_len = 1008 rcvd_data_len = 1040, self_calculate_len=1040

D/        (  910): TIMA: QCOM_send_command result--0

D/        (  910): TIMA_PKM_measure_kernel returns with resp..ret=512!

D/        (  910): TAL: TIMA_PKM_measure_kernel--int8_t TIMA_PKM_measure_kernel(TIMA_handle_t, void*, uint32_t, void*, uint32_t, uint32_t)

D/        (  910): TIMA: QCOM_send_command--int8_t QCOM_send_command(TIMA_handle_t, void*, uint32_t, void*, uint32_t, uint32_t)

D/        (  910): rsp_len = 1008 rcvd_data_len = 1040, self_calculate_len=1040

D/        (  910): TIMA: QCOM_send_command result--0

D/        (  910): TIMA_PKM_measure_kernel returns with resp..ret=512!

D/        (  910): TAL: TIMA_PKM_measure_kernel--int8_t TIMA_PKM_measure_kernel(TIMA_handle_t, void*, uint32_t, void*, uint32_t, uint32_t)

D/        (  910): TIMA: QCOM_send_command--int8_t QCOM_send_command(TIMA_handle_t, void*, uint32_t, void*, uint32_t, uint32_t)

D/        (  910): rsp_len = 1008 rcvd_data_len = 1040, self_calculate_len=1040

D/        (  910): TIMA: QCOM_send_command result--0

D/        (  910): TIMA_PKM_measure_kernel returns with resp..ret=512!

D/        (  910): TAL: TIMA_PKM_measure_kernel--int8_t TIMA_PKM_measure_kernel(TIMA_handle_t, void*, uint32_t, void*, uint32_t, uint32_t)

D/        (  910): TIMA: QCOM_send_command--int8_t QCOM_send_command(TIMA_handle_t, void*, uint32_t, void*, uint32_t, uint32_t)

D/        (  910): rsp_len = 1008 rcvd_data_len = 1040, self_calculate_len=1040

D/        (  910): TIMA: QCOM_send_command result--0

D/        (  910): TIMA_PKM_measure_kernel returns with resp..ret=512!

D/        (  910): TAL: TIMA_PKM_measure_kernel--int8_t TIMA_PKM_measure_kernel(TIMA_handle_t, void*, uint32_t, void*, uint32_t, uint32_t)

D/        (  910): TIMA: QCOM_send_command--int8_t QCOM_send_command(TIMA_handle_t, void*, uint32_t, void*, uint32_t, uint32_t)

D/        (  910): rsp_len = 1008 rcvd_data_len = 1040, self_calculate_len=1040

D/        (  910): TIMA: QCOM_send_command result--0

D/        (  910): TIMA_PKM_measure_kernel returns with resp..ret=512!

D/        (  910): TAL: TIMA_PKM_measure_kernel--int8_t TIMA_PKM_measure_kernel(TIMA_handle_t, void*, uint32_t, void*, uint32_t, uint32_t)

D/        (  910): TIMA: QCOM_send_command--int8_t QCOM_send_command(TIMA_handle_t, void*, uint32_t, void*, uint32_t, uint32_t)

D/        (  910): rsp_len = 1008 rcvd_data_len = 1040, self_calculate_len=1040

D/        (  910): TIMA: QCOM_send_command result--0

D/        (  910): TIMA_PKM_measure_kernel returns with resp..ret=512!

D/        (  910): TAL: TIMA_PKM_measure_kernel--int8_t TIMA_PKM_measure_kernel(TIMA_handle_t, void*, uint32_t, void*, uint32_t, uint32_t)

D/        (  910): TIMA: QCOM_send_command--int8_t QCOM_send_command(TIMA_handle_t, void*, uint32_t, void*, uint32_t, uint32_t)

D/        (  910): rsp_len = 1008 rcvd_data_len = 1040, self_calculate_len=1040

D/        (  910): TIMA: QCOM_send_command result--0

D/        (  910): TIMA_PKM_measure_kernel returns with resp..ret=512!

D/        (  910): TAL: TIMA_PKM_measure_kernel--int8_t TIMA_PKM_measure_kernel(TIMA_handle_t, void*, uint32_t, void*, uint32_t, uint32_t)

D/        (  910): TIMA: QCOM_send_command--int8_t QCOM_send_command(TIMA_handle_t, void*, uint32_t, void*, uint32_t, uint32_t)

D/        (  910): rsp_len = 1008 rcvd_data_len = 1040, self_calculate_len=1040

D/        (  910): TIMA: QCOM_send_command result--0

D/        (  910): TIMA_PKM_measure_kernel returns with resp..ret=512!

D/        (  910): TAL: TIMA_PKM_measure_kernel--int8_t TIMA_PKM_measure_kernel(TIMA_handle_t, void*, uint32_t, void*, uint32_t, uint32_t)

D/        (  910): TIMA: QCOM_send_command--int8_t QCOM_send_command(TIMA_handle_t, void*, uint32_t, void*, uint32_t, uint32_t)

D/        (  910): rsp_len = 1008 rcvd_data_len = 1040, self_calculate_len=1040

D/        (  910): TIMA: QCOM_send_command result--0

D/        (  910): TIMA_PKM_measure_kernel returns with resp..ret=512!

D/        (  910): TAL: TIMA_PKM_measure_kernel--int8_t TIMA_PKM_measure_kernel(TIMA_handle_t, void*, uint32_t, void*, uint32_t, uint32_t)

D/        (  910): TIMA: QCOM_send_command--int8_t QCOM_send_command(TIMA_handle_t, void*, uint32_t, void*, uint32_t, uint32_t)

D/        (  910): rsp_len = 1008 rcvd_data_len = 1040, self_calculate_len=1040

D/        (  910): TIMA: QCOM_send_command result--0

D/        (  910): TIMA_PKM_measure_kernel returns with resp..ret=512!

D/        (  910): TAL: TIMA_PKM_measure_kernel--int8_t TIMA_PKM_measure_kernel(TIMA_handle_t, void*, uint32_t, void*, uint32_t, uint32_t)

D/        (  910): TIMA: QCOM_send_command--int8_t QCOM_send_command(TIMA_handle_t, void*, uint32_t, void*, uint32_t, uint32_t)

D/        (  910): rsp_len = 1008 rcvd_data_len = 1040, self_calculate_len=1040

D/        (  910): TIMA: QCOM_send_command result--0

D/        (  910): TIMA_PKM_measure_kernel returns with resp..ret=512!

D/        (  910): TAL: TIMA_PKM_measure_kernel--int8_t TIMA_PKM_measure_kernel(TIMA_handle_t, void*, uint32_t, void*, uint32_t, uint32_t)

D/        (  910): TIMA: QCOM_send_command--int8_t QCOM_send_command(TIMA_handle_t, void*, uint32_t, void*, uint32_t, uint32_t)

D/        (  910): rsp_len = 1008 rcvd_data_len = 1040, self_calculate_len=1040

D/        (  910): TIMA: QCOM_send_command result--0

D/        (  910): TIMA_PKM_measure_kernel returns with resp..ret=0!

D/        (  910): TIMA: final string =TIMA_STATUS=0;MSG=Kernel Verification Success;!

E/JavaBinder(  910): !!! FAILED BINDER TRANSACTION !!!

E/JavaBinder(  910): !!! FAILED BINDER TRANSACTION !!!

E/JavaBinder(  910): !!! FAILED BINDER TRANSACTION !!!

I/SELinux (19493): Function: selinux_android_load_priority , priority [3] , priority version is VE=SEPF_GT-I9508V_4.4.4_0033

E/dalvikvm(19493): >>>>> Normal User

E/dalvikvm(19493): >>>>> android.process.media [ userId:0 | appId:10040 ]

I/SELinux (19493): Function: selinux_android_load_priority , priority [3] , priority version is VE=SEPF_GT-I9508V_4.4.4_0033

D/ContentApp(19493): ContentApp()

D/ContentApp(19493): create cache if media mounted.. media : mounted

W/linker  (19493): libfacerecognition.so has text relocations. This is wasting memory and is a security risk. Please fix.

D/MediaProvider(19493): new PersonDataBaseHelper()

D/MediaScanner(19493): Scanner initMutex res = 0

D/MtpService(19493): addStorageLocked 65537 /storage/emulated/0

D/MtpService(19493): starting MTP server in MTP mode

D/MediaScanner(19493): MediaScanner - mSkipList:

D/MediaScanner(19493): 7klwibgf7fvntblfd7(7bnlwubmrdblb.(747klwibgf7fvntblfd7(7DrwDrcl+A7

D/MediaScanner(19493): Constructor set externalStorageSdPath : /storage/extSdCard

E/MtpServerJNI(19493): could not open MTP driver, errno: 2

D/MtpService(19493): addStorageLocked 65537 /storage/emulated/0

E/MtpServerJNI(19493): server is null in add_storage

E/MtpServerJNI(19493): server is null in run

E/MtpServerJNI(19493): server is null in cleanup

W/WebView ( 9490): java.lang.Throwable: A WebView method was called on thread 'JavaBridge'. All WebView methods must be called on the same thread. (Expected Looper Looper (main, tid 1) {42b95740} called on Looper (JavaBridge, tid 20113) {42ca3208}, FYI main Looper is Looper (main, tid 1) {42b95740})

W/WebView ( 9490): 	at android.webkit.WebView.checkThread(WebView.java:2085)

W/WebView ( 9490): 	at android.webkit.WebView.getUrl(WebView.java:1237)

W/WebView ( 9490): 	at org.zywx.wbpalmstar.engine.EBrowserView.getCurrentUrl(Unknown Source)

W/WebView ( 9490): 	at org.zywx.wbpalmstar.plugin.uexzip.EUExZip.getPath(EUExZip.java:59)

W/WebView ( 9490): 	at org.zywx.wbpalmstar.plugin.uexzip.EUExZip.unzip(EUExZip.java:163)

W/WebView ( 9490): 	at com.android.org.chromium.base.SystemMessageHandler.nativeDoRunLoopOnce(Native Method)

W/WebView ( 9490): 	at com.android.org.chromium.base.SystemMessageHandler.handleMessage(SystemMessageHandler.java:24)

W/WebView ( 9490): 	at android.os.Handler.dispatchMessage(Handler.java:102)

W/WebView ( 9490): 	at android.os.Looper.loop(Looper.java:146)

W/WebView ( 9490): 	at android.os.HandlerThread.run(HandlerThread.java:61)

W/WebView ( 9490): java.lang.Throwable: A WebView method was called on thread 'JavaBridge'. All WebView methods must be called on the same thread. (Expected Looper Looper (main, tid 1) {42b95740} called on Looper (JavaBridge, tid 20113) {42ca3208}, FYI main Looper is Looper (main, tid 1) {42b95740})

W/WebView ( 9490): 	at android.webkit.WebView.checkThread(WebView.java:2085)

W/WebView ( 9490): 	at android.webkit.WebView.getUrl(WebView.java:1237)

W/WebView ( 9490): 	at org.zywx.wbpalmstar.engine.EBrowserView.getCurrentUrl(Unknown Source)

W/WebView ( 9490): 	at org.zywx.wbpalmstar.plugin.uexzip.EUExZip.getPath(EUExZip.java:59)

W/WebView ( 9490): 	at org.zywx.wbpalmstar.plugin.uexzip.EUExZip.unzip(EUExZip.java:183)

W/WebView ( 9490): 	at com.android.org.chromium.base.SystemMessageHandler.nativeDoRunLoopOnce(Native Method)

W/WebView ( 9490): 	at com.android.org.chromium.base.SystemMessageHandler.handleMessage(SystemMessageHandler.java:24)

W/WebView ( 9490): 	at android.os.Handler.dispatchMessage(Handler.java:102)

W/WebView ( 9490): 	at android.os.Looper.loop(Looper.java:146)

W/WebView ( 9490): 	at android.os.HandlerThread.run(HandlerThread.java:61)

W/WebView ( 9490): java.lang.Throwable: A WebView method was called on thread 'JavaBridge'. All WebView methods must be called on the same thread. (Expected Looper Looper (main, tid 1) {42b95740} called on Looper (JavaBridge, tid 20113) {42ca3208}, FYI main Looper is Looper (main, tid 1) {42b95740})

W/WebView ( 9490): 	at android.webkit.WebView.checkThread(WebView.java:2085)

W/WebView ( 9490): 	at android.webkit.WebView.getUrl(WebView.java:1237)

W/WebView ( 9490): 	at org.zywx.wbpalmstar.engine.EBrowserView.getCurrentUrl(Unknown Source)

W/WebView ( 9490): 	at org.zywx.wbpalmstar.plugin.uexfilemgr.EUExFileMgr.deleteFileByPath(EUExFileMgr.java:277)

W/WebView ( 9490): 	at com.android.org.chromium.base.SystemMessageHandler.nativeDoRunLoopOnce(Native Method)

W/WebView ( 9490): 	at com.android.org.chromium.base.SystemMessageHandler.handleMessage(SystemMessageHandler.java:24)

W/WebView ( 9490): 	at android.os.Handler.dispatchMessage(Handler.java:102)

W/WebView ( 9490): 	at android.os.Looper.loop(Looper.java:146)

W/WebView ( 9490): 	at android.os.HandlerThread.run(HandlerThread.java:61)

I/uexEMM  ( 9490): setEvent

I/emmlog  ( 9490): AnalyticsFrequency High: 200

D/debug   ( 9490): oldData + data == 0;index.html;login_content.html;2015-6-30 11:16:39;2015-6-30 11:16:39;0;0;1
2;LOGIN;2015-6-30 11:18:27;[loginDN:联合办公,pfName:android]
0;application;index.html;2015-6-30 11:16:37;2015-6-30 11:51:41;0;2;0
0;index.html;login_content.html;2015-6-30 11:16:39;2015-6-30 11:51:41;0;0;1
0;application;index.html;2015-6-30 11:51:41;2015-6-30 11:51:42;0;2;0
0;index.html;login_content.html;2015-6-30 11:16:39;2015-6-30 11:51:42;0;0;1
0;application;index.html;2015-6-30 11:51:42;2015-6-30 12:36:51;0;2;0
0;index.html;login_content.html;2015-6-30 11:51:41;2015-6-30 12:36:51;0;0;1
0;application;index.html;2015-6-30 13:3:37;2015-6-30 13:3:37;0;2;0
0;index.html;login_content.html;2015-6-30 11:51:42;2015-6-30 13:3:37;0;0;1
2;LOGIN;2015-6-30 13:22:35;[loginDN:联合办公,pfName:android]
0;application;index.html;2015-6-30 13:6:4;2015-6-30 13:22:37;0;1;0
0;index.html;login_content.html;2015-6-30 13:3:37;2015-6-30 13:22:37;0;0;1
0;index.html;appCenter.html;2015-6-30 13:22:37;2015-6-30 13:22:49;0;1;0
2;MAIN;2015-6-30 13:22:49;[loginDN:联合办公,pfName:android]
0;appCenter.html;happyMU.html;2015-6-30 13:22:49;2015-6-30 13:22:54;0;1;0
2;HPMU;2015-6-30 13:22:54;[loginDN:联合办公,pfName:android]
0;happyMU.html;treasureBox.html;2015-6-30 13:22:54;2015-6-30 13:23:0;0;1;0
2;TBOX;2015-6-30 13:23:0;[loginDN:联合办公,pfName:android]
0;treasureBox.html;treasureBox_content.html;2015-6-30 13:22:55;2015-6-30 13:23:0;0;0;1
0;treasureBox.html;appCenter.html;2015-6-30 13:23:0;2015-6-30 13:23:52;0;2;0
0;index.html;login_content.html;2015-6-30 13:6:4;2015-6-30 13:23:52;0;0;1
0;application;index.html;2015-6-30 13:23:52;2015-6-30 13:23:52;0;2;0
2;MAIN;2015-6-30 13:24:25;[loginDN:联合办公,pfName:android]
2;MAIN;2015-6-30 13:24:36;[loginDN:联合办公,pfName:android]


D/cell strength( 1228): ===== cell singal strength changed : 99

E/JavaBinder(  910): !!! FAILED BINDER TRANSACTION !!!

I/push    ( 9490): wgtType==1

D/zyp     ( 9490): EMMEngineEventListener onWidgetStart

D/zyp     ( 9490): EMMEngineEventListener widgetReport

D/zyp     ( 9490): appId: sdk10018 appkey: 8b1ca16e-f2da-4d31-94ee-becddcc69c10

D/EUExInfoCenter( 9490): EUExInfoCenter()

I/emmAnalytics( 9490): http://ip.taobao.com/service/getIpInfo2.php?ip=myip

I/emmAnalytics( 9490): Accept=*/*

I/report  ( 9490): sdk10018 8b1ca16e-f2da-4d31-94ee-becddcc69c10

I/System.out( 9490): 3ad5c00e

I/emmAnalytics( 9490): url = http://mumobile30.ceair.com/appIn//widgetStartup/postData/f72eb10442e82e199d379128f69834aa

W/chromium( 9490): [WARNING:resource_bundle.cc(368)] Unable to load image with id 5746

I/emmAnalytics( 9490): data == 4;sdk10018;移动办公;00.00.0001;000;GT-I9508V;Android 4.4.4;352514065686259;1080*1920;unKnown;WIFI;2015-6-30 13:24:36;271d7230d1c0f4cc35066b38bf63ecba;6948;14:A3:64:D3:B0:9D;3ad5c00e;8fcf9f1db71c1f84e5af0cb1e436865d;samsung;

I/System.out( 9490): clean

I/System.out( 9490): FileBrowser==clean

I/System.out( 9490): window removed

I/System.out( 9490): FileBrowser==closeorg.zywx.wbpalmstar.plugin.uexfilebrowser.EUExFileBrowser@4383bfa8

I/emmAnalytics( 9490): responesCode = 200

I/System.out( 9490): AsyncTask #2 calls detatch()

I/emmAnalytics( 9490): res = {"code":0,"data":{"country":"\u4e2d\u56fd","country_id":"CN","area":"\u534e\u4e1c","area_id":"300000","region":"\u6d59\u6c5f\u7701","region_id":"330000","city":"\u676d\u5dde\u5e02","city_id":"330100","county":"","county_id":"-1","isp":"\u963f\u91cc\u5df4\u5df4","isp_id":"100098","ip":"121.0.29.65"}}

I/emmlog  ( 9490): IPLocation result: {"code":0,"data":{"country":"\u4e2d\u56fd","country_id":"CN","area":"\u534e\u4e1c","area_id":"300000","region":"\u6d59\u6c5f\u7701","region_id":"330000","city":"\u676d\u5dde\u5e02","city_id":"330100","county":"","county_id":"-1","isp":"\u963f\u91cc\u5df4\u5df4","isp_id":"100098","ip":"121.0.29.65"}}

I/emmlog  ( 9490): IPLocation address: 中国,浙江省,杭州市

I/chromium( 9490): [INFO:CONSOLE(6)] "The key "target-densitydpi" is not supported.", source: file:///data/data/org.zywx.wbpalmstar.widgetone.uexsdk10098/files/widget/wgtRes/widgets/sdk10018/unionoffice.html (6)

D/KeyguardUpdateMonitor( 1110): received broadcast android.intent.action.BATTERY_CHANGED

D/KeyguardUpdateMonitor( 1110): handleBatteryUpdate

D/Brightness(24535): mIntentReceiver.onReceive: action=android.intent.action.BATTERY_CHANGED, intent=Intent { act=android.intent.action.BATTERY_CHANGED flg=0x60000010 (has extras) }

I/Monitor ( 5056): [main]onReceive at: com.aps.a$a, Intent: Intent { act=android.intent.action.BATTERY_CHANGED flg=0x60000010 (has extras) }, cost:1 ms.

D/MainActivityBaseUi.java(24535): in brightness disabled on critical battery low

D/EUExInfoCenter( 9490): EUExInfoCenter()

W/chromium( 9490): [WARNING:resource_bundle.cc(368)] Unable to load image with id 5746

I/System.out( 9490): clean

I/System.out( 9490): FileBrowser==clean

I/System.out( 9490): window removed

I/System.out( 9490): FileBrowser==closeorg.zywx.wbpalmstar.plugin.uexfilebrowser.EUExFileBrowser@435c5e78

I/chromium( 9490): [INFO:CONSOLE(6)] "The key "target-densitydpi" is not supported.", source: file:///data/data/org.zywx.wbpalmstar.widgetone.uexsdk10098/files/widget/wgtRes/widgets/sdk10018/unionoffice_content.html (6)

D/dalvikvm( 9490): GC_FOR_ALLOC freed 5786K, 12% free 74152K/83964K, paused 45ms, total 45ms

I/dalvikvm-heap( 9490): Grow heap (frag case) to 83.790MB for 7970416-byte allocation

D/dalvikvm( 9490): GC_FOR_ALLOC freed 216K, 11% free 81722K/91748K, paused 38ms, total 38ms

I/dalvikvm-heap( 9490): Grow heap (frag case) to 90.090MB for 6825616-byte allocation

D/        ( 9490): DFactory start

D/        ( 9490): isQmage : stream is not a Qmage file

D/        ( 9490): DFactory start

D/        ( 9490): isQmage : stream is not a Qmage file

D/        ( 9490): DFactory start

D/        ( 9490): isQmage : stream is not a Qmage file

D/        ( 9490): DFactory start

D/        ( 9490): isQmage : stream is not a Qmage file

D/        ( 9490): DFactory start

D/        ( 9490): isQmage : stream is not a Qmage file

D/dalvikvm( 9490): GC_FOR_ALLOC freed 16K, 10% free 88978K/98416K, paused 31ms, total 31ms

D/        ( 9490): DFactory start

D/        ( 9490): isQmage : stream is not a Qmage file

D/        ( 9490): DFactory start

D/        ( 9490): isQmage : stream is not a Qmage file

D/        ( 9490): DFactory start

D/        ( 9490): isQmage : stream is not a Qmage file

D/        ( 9490): DFactory start

D/        ( 9490): isQmage : stream is not a Qmage file

D/        ( 9490): DFactory start

D/        ( 9490): isQmage : stream is not a Qmage file

I/Keyboard.Facilitator( 6051): onFinishInput()

D/ProgressBar( 9490): updateDrawableBounds: left = 0

D/ProgressBar( 9490): updateDrawableBounds: top = 0

D/ProgressBar( 9490): updateDrawableBounds: right = 60

D/ProgressBar( 9490): updateDrawableBounds: bottom = 60

D/SurfaceWidgetClient( 1544): [237392/5] SurfaceWidgetClient onTrimMemory level: 60

D/SurfaceWidgetClient( 1544): [237392/5] releasing widget instance (paused: true): 1

D/cmaweather( 1544): [Cmaweather J]>>> WR:433 [0:0] releaseResources 

D/dalvikvm( 1556): GC_EXPLICIT freed 1K, 26% free 20015K/26876K, paused 7ms+4ms, total 40ms

D/SurfaceWidgetClient( 1556): [237392/5] SurfaceWidgetClient onTrimMemory level: 60

D/SurfaceWidgetClient( 1556): [237392/5] releasing widget instance (paused: true): 1

D/dalvikvm(  910): GC_CONCURRENT freed 8426K, 49% free 91024K/176128K, paused 13ms+19ms, total 312ms

D/dalvikvm(  910): WAIT_FOR_CONCURRENT_GC blocked 119ms

D/dalvikvm(  910): WAIT_FOR_CONCURRENT_GC blocked 199ms

D/dalvikvm(  910): WAIT_FOR_CONCURRENT_GC blocked 79ms

D/zyp     ( 9490): EMMEngineEventListener onPopupClose

I/emmlog  ( 9490): AnalyticsFrequency High: 200

D/EMMAnalysis( 9490): setEndView == unionoffice_content.html

D/zyp     ( 9490): EMMEngineEventListener onPopupOpen

I/emmlog  ( 9490): AnalyticsFrequency High: 200

D/EMMAnalysis( 9490): setStartView == index.html==http://bte.ceair.com/home/MeetNotifyList_V2?from=mumobile&zz2=590

D/dalvikvm( 9490): GC_FOR_ALLOC freed 7671K, 17% free 83198K/99256K, paused 36ms, total 36ms

W/chromium( 9490): [WARNING:resource_bundle.cc(368)] Unable to load image with id 5746

I/System.out( 9490): clean

I/System.out( 9490): FileBrowser==clean

I/System.out( 9490): window removed

I/System.out( 9490): FileBrowser==closeorg.zywx.wbpalmstar.plugin.uexfilebrowser.EUExFileBrowser@435c5e78

D/ProgressBar( 9490): updateDrawableBounds: left = 0

D/ProgressBar( 9490): updateDrawableBounds: top = 0

D/ProgressBar( 9490): updateDrawableBounds: right = 144

D/ProgressBar( 9490): updateDrawableBounds: bottom = 144

W/chromium( 9490): [WARNING:simple_index_file.cc(338)] Could not map Simple Index file.

I/chromium( 9490): [INFO:simple_index_file.cc(437)] Simple Cache Index is being restored from disk.

D/Sensorhubs(  355): readContextData: 1, 1, 7, -1

D/SensorHubManager(  910): onGetSensorHubDataLocked: library = 1, 1, 7, -1

D/CAE     (  910): onGetSensorHubData(SensorHubParserProvider.java:87) - onGetSensorHubData Event [event buffer len :4], AP_WAKEUP

I/CAE     (  910): parse(SensorHubParserProvider.java:166) - buffer size = 4

I/CAE     (  910): parse(SensorHubParserProvider.java:177) - 1, 1, 7, -1,

D/CAE     (  910): display(ContextProvider.java:365) - ================= AUTO_ROTATION =================

I/CAE     (  910): display(ContextProvider.java:381) - Angle=[-1]

D/SContextService(  910): updateSContext() : event = Auto Rotation

V/WindowOrientationListener(  910): mSContextAutoRotationListener.onSContextChanged, Rotation: -1

I/chromium( 9490): [INFO:CONSOLE(7)] "The value "device-width;" for key "width" is invalid, and has been ignored.", source: http://bte.ceair.com/home/MeetNotifyList_V2?from=mumobile&zz2=590 (7)

I/chromium( 9490): [INFO:CONSOLE(7)] "The value "1;" for key "initial-scale" was truncated to its numeric prefix.", source: http://bte.ceair.com/home/MeetNotifyList_V2?from=mumobile&zz2=590 (7)

I/chromium( 9490): [INFO:CONSOLE(7)] "The value "10.0;" for key "maximum-scale" was truncated to its numeric prefix.", source: http://bte.ceair.com/home/MeetNotifyList_V2?from=mumobile&zz2=590 (7)

I/chromium( 9490): [INFO:CONSOLE(7)] "The value "1;" for key "user-scalable" was truncated to its numeric prefix.", source: http://bte.ceair.com/home/MeetNotifyList_V2?from=mumobile&zz2=590 (7)

I/chromium( 9490): [INFO:CONSOLE(7)] "Error parsing a meta element's content: ';' is not a valid key-value pair separator. Please use ',' instead.", source: http://bte.ceair.com/home/MeetNotifyList_V2?from=mumobile&zz2=590 (7)

D/Sensorhubs(  355): readContextData: 1, 1, 7, 0

D/SensorHubManager(  910): onGetSensorHubDataLocked: library = 1, 1, 7, 0

D/CAE     (  910): onGetSensorHubData(SensorHubParserProvider.java:87) - onGetSensorHubData Event [event buffer len :4], AP_WAKEUP

I/CAE     (  910): parse(SensorHubParserProvider.java:166) - buffer size = 4

I/CAE     (  910): parse(SensorHubParserProvider.java:177) - 1, 1, 7, 0,

D/CAE     (  910): display(ContextProvider.java:365) - ================= AUTO_ROTATION =================

I/CAE     (  910): display(ContextProvider.java:381) - Angle=[0]

D/SContextService(  910): updateSContext() : event = Auto Rotation

V/WindowOrientationListener(  910): mSContextAutoRotationListener.onSContextChanged, Rotation: 0

D/cell strength( 1228): ===== cell singal strength changed : 99

I/System.out( 9490): pool-10-thread-1 calls detatch()

I/System.out( 9490): pool-10-thread-1 calls detatch()

I/System.out( 9490): pool-10-thread-1 calls detatch()

I/chromium( 9490): [INFO:CONSOLE(0)] "The value "device-width;" for key "width" is invalid, and has been ignored.", source: http://bte.ceair.com/home/MeetNotifyList_V2?from=mumobile&zz2=590 (0)

I/chromium( 9490): [INFO:CONSOLE(0)] "The value "1;" for key "initial-scale" was truncated to its numeric prefix.", source: http://bte.ceair.com/home/MeetNotifyList_V2?from=mumobile&zz2=590 (0)

I/chromium( 9490): [INFO:CONSOLE(0)] "The value "10.0;" for key "maximum-scale" was truncated to its numeric prefix.", source: http://bte.ceair.com/home/MeetNotifyList_V2?from=mumobile&zz2=590 (0)

I/chromium( 9490): [INFO:CONSOLE(0)] "The value "1;" for key "user-scalable" was truncated to its numeric prefix.", source: http://bte.ceair.com/home/MeetNotifyList_V2?from=mumobile&zz2=590 (0)

I/chromium( 9490): [INFO:CONSOLE(0)] "Error parsing a meta element's content: ';' is not a valid key-value pair separator. Please use ',' instead.", source: http://bte.ceair.com/home/MeetNotifyList_V2?from=mumobile&zz2=590 (0)

I/chromium( 9490): [INFO:CONSOLE(0)] "event.returnValue is deprecated. Please use the standard event.preventDefault() instead.", source:  (0)

W/WebView ( 9490): java.lang.Throwable: A WebView method was called on thread 'JavaBridge'. All WebView methods must be called on the same thread. (Expected Looper Looper (main, tid 1) {42b95740} called on Looper (JavaBridge, tid 20113) {42ca3208}, FYI main Looper is Looper (main, tid 1) {42b95740})

W/WebView ( 9490): 	at android.webkit.WebView.checkThread(WebView.java:2085)

W/WebView ( 9490): 	at android.webkit.WebView.getUrl(WebView.java:1237)

W/WebView ( 9490): 	at org.zywx.wbpalmstar.engine.EBrowserView.getCurrentUrl(Unknown Source)

W/WebView ( 9490): 	at org.zywx.wbpalmstar.plugin.uexdownloadermgr.EUExDownloaderMgr.download(EUExDownloaderMgr.java:191)

W/WebView ( 9490): 	at com.android.org.chromium.base.SystemMessageHandler.nativeDoRunLoopOnce(Native Method)

W/WebView ( 9490): 	at com.android.org.chromium.base.SystemMessageHandler.handleMessage(SystemMessageHandler.java:24)

W/WebView ( 9490): 	at android.os.Handler.dispatchMessage(Handler.java:102)

W/WebView ( 9490): 	at android.os.Looper.loop(Looper.java:146)

W/WebView ( 9490): 	at android.os.HandlerThread.run(HandlerThread.java:61)

W/WebView ( 9490): java.lang.Throwable: A WebView method was called on thread 'JavaBridge'. All WebView methods must be called on the same thread. (Expected Looper Looper (main, tid 1) {42b95740} called on Looper (JavaBridge, tid 20113) {42ca3208}, FYI main Looper is Looper (main, tid 1) {42b95740})

W/WebView ( 9490): 	at android.webkit.WebView.checkThread(WebView.java:2085)

W/WebView ( 9490): 	at android.webkit.WebView.getUrl(WebView.java:1237)

W/WebView ( 9490): 	at org.zywx.wbpalmstar.engine.EBrowserView.getCurrentUrl(Unknown Source)

W/WebView ( 9490): 	at org.zywx.wbpalmstar.plugin.uexdownloadermgr.EUExDownloaderMgr.download(EUExDownloaderMgr.java:201)

W/WebView ( 9490): 	at com.android.org.chromium.base.SystemMessageHandler.nativeDoRunLoopOnce(Native Method)

W/WebView ( 9490): 	at com.android.org.chromium.base.SystemMessageHandler.handleMessage(SystemMessageHandler.java:24)

W/WebView ( 9490): 	at android.os.Handler.dispatchMessage(Handler.java:102)

W/WebView ( 9490): 	at android.os.Looper.loop(Looper.java:146)

W/WebView ( 9490): 	at android.os.HandlerThread.run(HandlerThread.java:61)

I/System.out( 9490): url=0====>http://mumobile30.ceair.com/uploads/pkgFiles/000007_1432824323733.zip

I/System.out( 9490): startUrl==> http://

I/System.out( 9490): endUrl==> mumobile30.ceair.com/uploads/pkgFiles/000007_1432824323733.zip

I/System.out( 9490): downloadUrl==> http://mumobile30.ceair.com/uploads/pkgFiles/000007_1432824323733.zip

I/System.out( 9490): url=1====>http://mumobile30.ceair.com/uploads/pkgFiles/000007_1432824323733.zip

I/emmAnalytics( 9490): responesCode == 200

W/WebView ( 9490): java.lang.Throwable: A WebView method was called on thread 'JavaBridge'. All WebView methods must be called on the same thread. (Expected Looper Looper (main, tid 1) {42b95740} called on Looper (JavaBridge, tid 20113) {42ca3208}, FYI main Looper is Looper (main, tid 1) {42b95740})

W/WebView ( 9490): 	at android.webkit.WebView.checkThread(WebView.java:2085)

W/WebView ( 9490): 	at android.webkit.WebView.getUrl(WebView.java:1237)

W/WebView ( 9490): 	at org.zywx.wbpalmstar.engine.EBrowserView.getCurrentUrl(Unknown Source)

W/WebView ( 9490): 	at org.zywx.wbpalmstar.plugin.uexzip.EUExZip.getPath(EUExZip.java:59)

W/WebView ( 9490): 	at org.zywx.wbpalmstar.plugin.uexzip.EUExZip.unzip(EUExZip.java:163)

W/WebView ( 9490): 	at com.android.org.chromium.base.SystemMessageHandler.nativeDoRunLoopOnce(Native Method)

W/WebView ( 9490): 	at com.android.org.chromium.base.SystemMessageHandler.handleMessage(SystemMessageHandler.java:24)

W/WebView ( 9490): 	at android.os.Handler.dispatchMessage(Handler.java:102)

W/WebView ( 9490): 	at android.os.Looper.loop(Looper.java:146)

W/WebView ( 9490): 	at android.os.HandlerThread.run(HandlerThread.java:61)

I/System.out( 9490): AppCan-SubWidgetAnalyticsThread calls detatch()

I/emmAnalytics( 9490): res == {"mySpaceStatus":"000","mySpaceMoreApp":"000","widgetStatus":"001","widgetAdStatus":"000","status":"success","info":"","pushMes":"1","reportMethod":"0","newAppUrl":"","pkgType":"upgrade","forceUpdate":false,"appParam":"","eraseData":false,"needAuth":"0","authType":"None","auditType":"All","closeHints":"","updateHints":"","sandboxEncryption":false,"widgetWnds":"","widgetPlugins":"","interfacePolicy":"","message":null}

W/WebView ( 9490): java.lang.Throwable: A WebView method was called on thread 'JavaBridge'. All WebView methods must be called on the same thread. (Expected Looper Looper (main, tid 1) {42b95740} called on Looper (JavaBridge, tid 20113) {42ca3208}, FYI main Looper is Looper (main, tid 1) {42b95740})

W/WebView ( 9490): 	at android.webkit.WebView.checkThread(WebView.java:2085)

W/WebView ( 9490): 	at android.webkit.WebView.getUrl(WebView.java:1237)

W/WebView ( 9490): 	at org.zywx.wbpalmstar.engine.EBrowserView.getCurrentUrl(Unknown Source)

W/WebView ( 9490): 	at org.zywx.wbpalmstar.plugin.uexzip.EUExZip.getPath(EUExZip.java:59)

W/WebView ( 9490): 	at org.zywx.wbpalmstar.plugin.uexzip.EUExZip.unzip(EUExZip.java:183)

W/WebView ( 9490): 	at com.android.org.chromium.base.SystemMessageHandler.nativeDoRunLoopOnce(Native Method)

W/WebView ( 9490): 	at com.android.org.chromium.base.SystemMessageHandler.handleMessage(SystemMessageHandler.java:24)

W/WebView ( 9490): 	at android.os.Handler.dispatchMessage(Handler.java:102)

W/WebView ( 9490): 	at android.os.Looper.loop(Looper.java:146)

W/WebView ( 9490): 	at android.os.HandlerThread.run(HandlerThread.java:61)

I/SubWidgetAnalyticsThread( 9490): checking sub widget status...

D/dalvikvm( 9490): GC_CONCURRENT freed 1488K, 10% free 89877K/99256K, paused 13ms+4ms, total 64ms

W/SQLiteConnectionPool( 9490): A SQLiteConnection object for database '+data+data+org_zywx_wbpalmstar_widgetone_uexsdk10098+databases+card_db' was leaked!  Please fix your application to end transactions in progress properly and to close the database when it is no longer needed.

W/WebView ( 9490): java.lang.Throwable: A WebView method was called on thread 'JavaBridge'. All WebView methods must be called on the same thread. (Expected Looper Looper (main, tid 1) {42b95740} called on Looper (JavaBridge, tid 20113) {42ca3208}, FYI main Looper is Looper (main, tid 1) {42b95740})

W/WebView ( 9490): 	at android.webkit.WebView.checkThread(WebView.java:2085)

W/WebView ( 9490): 	at android.webkit.WebView.getUrl(WebView.java:1237)

W/WebView ( 9490): 	at org.zywx.wbpalmstar.engine.EBrowserView.getCurrentUrl(Unknown Source)

W/WebView ( 9490): 	at org.zywx.wbpalmstar.plugin.uexfilemgr.EUExFileMgr.deleteFileByPath(EUExFileMgr.java:277)

W/WebView ( 9490): 	at com.android.org.chromium.base.SystemMessageHandler.nativeDoRunLoopOnce(Native Method)

W/WebView ( 9490): 	at com.android.org.chromium.base.SystemMessageHandler.handleMessage(SystemMessageHandler.java:24)

W/WebView ( 9490): 	at android.os.Handler.dispatchMessage(Handler.java:102)

W/WebView ( 9490): 	at android.os.Looper.loop(Looper.java:146)

W/WebView ( 9490): 	at android.os.HandlerThread.run(HandlerThread.java:61)

I/subWidgetReportThread( 9490): REPORT_STRATEGY_START

D/InputReader(  910): Input event: value=1

I/InputReader(  910): Touch event's action is 0x0 (deviceType=0) [pCnt=1, s=0.2010 ] when=2780387323161000

I/InputDispatcher(  910): Delivering touch to (1110): action: 0x4, toolType: 1

I/InputDispatcher(  910): Delivering touch to (9490): action: 0x0, toolType: 1

D/ldx     ( 9490): hasFocus: true

D/ldx     ( 9490): isFocused: true

D/ldx     ( 9490): -------------- view out: content

I/Keyboard.Facilitator( 6051): onFinishInput()

I/SurfaceFlinger(  345): id=10249 createSurf (1x1),1 flag=4, FBrowserAct

D/KeyguardUpdateMonitor( 1110): sendKeyguardVisibilityChanged(true)

D/KeyguardUpdateMonitor( 1110): handleKeyguardVisibilityChanged(1)

D/KeyguardUpdateMonitor( 1110): sendKeyguardVisibilityChanged(true)

D/KeyguardUpdateMonitor( 1110): handleKeyguardVisibilityChanged(1)

D/KeyguardUpdateMonitor( 1110): sendKeyguardVisibilityChanged(true)

D/KeyguardUpdateMonitor( 1110): handleKeyguardVisibilityChanged(1)

D/KeyguardUpdateMonitor( 1110): sendKeyguardVisibilityChanged(true)

D/KeyguardUpdateMonitor( 1110): handleKeyguardVisibilityChanged(1)

D/KeyguardUpdateMonitor( 1110): sendKeyguardVisibilityChanged(true)

D/KeyguardUpdateMonitor( 1110): handleKeyguardVisibilityChanged(1)

E/JavaBinder(  910): !!! FAILED BINDER TRANSACTION !!!

D/KeyguardUpdateMonitor( 1110): sendKeyguardVisibilityChanged(true)

D/KeyguardUpdateMonitor( 1110): handleKeyguardVisibilityChanged(1)

D/InputReader(  910): Input event: value=0

I/InputReader(  910): Touch event's action is 0x1 (deviceType=0) [pCnt=1, s=] when=2780388054136000

I/InputDispatcher(  910): Delivering touch to (9490): action: 0x1, toolType: 1

D/cell strength( 1228): ===== cell singal strength changed : 99

D/InputReader(  910): Input event: value=1

I/InputReader(  910): Touch event's action is 0x0 (deviceType=0) [pCnt=1, s=0.2011 ] when=2780388398318000

I/InputDispatcher(  910): Delivering touch to (1110): action: 0x4, toolType: 1

I/InputDispatcher(  910): Delivering touch to (9490): action: 0x0, toolType: 1

I/ServiceManager(  323): service 'AtCmdFwd' died

I/Atfwd_Sendcmd(  388): AtCmdFwd : binderDied

I/ServiceManager(  388): Waiting for service AtCmdFwd...

D/dalvikvm(18904): GC_CONCURRENT freed 6233K, 31% free 18764K/26876K, paused 4ms+4ms, total 76ms

D/scroll  ( 9490): ���ϻ���y1:57 y2:68 scale3.0

D/scroll  ( 9490): ���ϻ���y1:68 y2:91 scale3.0

D/scroll  ( 9490): ���ϻ���y1:91 y2:109 scale3.0

D/scroll  ( 9490): ���ϻ���y1:109 y2:126 scale3.0

D/scroll  ( 9490): ���ϻ���y1:126 y2:154 scale3.0

I/ServiceManager(  388): Waiting for service AtCmdFwd...

D/scroll  ( 9490): ���ϻ���y1:154 y2:182 scale3.0

D/scroll  ( 9490): ���ϻ���y1:182 y2:211 scale3.0

D/scroll  ( 9490): ���ϻ���y1:211 y2:243 scale3.0

D/scroll  ( 9490): ���ϻ���y1:243 y2:269 scale3.0

D/scroll  ( 9490): ���ϻ���y1:269 y2:283 scale3.0

E/JavaBinder(  910): !!! FAILED BINDER TRANSACTION !!!

D/scroll  ( 9490): ���»���y1:304 y2:234 scale3.0

D/scroll  ( 9490): ���»���y1:234 y2:69 scale3.0

D/InputReader(  910): Input event: value=0

I/InputReader(  910): Touch event's action is 0x1 (deviceType=0) [pCnt=1, s=] when=2780390301695000

I/InputDispatcher(  910): Delivering touch to (9490): action: 0x1, toolType: 1

I/SELinux (19623): Function: selinux_android_load_priority , priority [3] , priority version is VE=SEPF_GT-I9508V_4.4.4_0033

E/dalvikvm(19623): >>>>> Normal User

E/dalvikvm(19623): >>>>> com.sec.android.app.keyguard [ userId:0 | appId:10133 ]

D/dalvikvm(  346): GC_EXPLICIT freed 43K, 38% free 16876K/26876K, paused 2ms+3ms, total 32ms

D/scroll  ( 9490): ����������

D/dalvikvm(  346): GC_EXPLICIT freed <1K, 38% free 16876K/26876K, paused 2ms+2ms, total 19ms

D/dalvikvm(  346): GC_EXPLICIT freed <1K, 38% free 16876K/26876K, paused 2ms+2ms, total 24ms

W/ContextImpl(19623): Implicit intents with startService are not safe: Intent { act=keyguardclock.action.startservice } android.content.ContextWrapper.startService:506 com.sec.android.app.keyguard.KeyguardClockWidgetService.onStartCommand:219 android.app.ActivityThread.handleServiceArgs:2994 

I/ServiceManager(  388): Waiting for service AtCmdFwd...

D/InputReader(  910): Input event: value=1

I/InputReader(  910): Touch event's action is 0x0 (deviceType=0) [pCnt=1, s=0.2012 ] when=2780390970972000

I/InputDispatcher(  910): Delivering touch to (1110): action: 0x4, toolType: 1

I/InputDispatcher(  910): Delivering touch to (9490): action: 0x0, toolType: 1

D/InputReader(  910): Input event: value=0

I/InputReader(  910): Touch event's action is 0x1 (deviceType=0) [pCnt=1, s=] when=2780391063833000

I/InputDispatcher(  910): Delivering touch to (9490): action: 0x1, toolType: 1

W/chromium( 9490): [WARNING:resource_bundle.cc(368)] Unable to load image with id 5746

I/System.out( 9490): clean

I/System.out( 9490): FileBrowser==clean

I/System.out( 9490): window removed

I/System.out( 9490): FileBrowser==closeorg.zywx.wbpalmstar.plugin.uexfilebrowser.EUExFileBrowser@435c5e78

I/chromium( 9490): [INFO:CONSOLE(8)] "The value "device-width;" for key "width" is invalid, and has been ignored.", source: http://bte.ceair.com/home/meethandle?uid=DF09A669F22FE91348257E73003096A1 (8)

I/chromium( 9490): [INFO:CONSOLE(8)] "The value "1;" for key "initial-scale" was truncated to its numeric prefix.", source: http://bte.ceair.com/home/meethandle?uid=DF09A669F22FE91348257E73003096A1 (8)

I/chromium( 9490): [INFO:CONSOLE(8)] "The value "10.0;" for key "maximum-scale" was truncated to its numeric prefix.", source: http://bte.ceair.com/home/meethandle?uid=DF09A669F22FE91348257E73003096A1 (8)

I/chromium( 9490): [INFO:CONSOLE(8)] "The value "1;" for key "user-scalable" was truncated to its numeric prefix.", source: http://bte.ceair.com/home/meethandle?uid=DF09A669F22FE91348257E73003096A1 (8)

I/chromium( 9490): [INFO:CONSOLE(8)] "Error parsing a meta element's content: ';' is not a valid key-value pair separator. Please use ',' instead.", source: http://bte.ceair.com/home/meethandle?uid=DF09A669F22FE91348257E73003096A1 (8)

I/ServiceManager(  388): Waiting for service AtCmdFwd...

I/chromium( 9490): [INFO:CONSOLE(0)] "The value "device-width;" for key "width" is invalid, and has been ignored.", source: http://bte.ceair.com/home/meethandle?uid=DF09A669F22FE91348257E73003096A1 (0)

I/chromium( 9490): [INFO:CONSOLE(0)] "The value "1;" for key "initial-scale" was truncated to its numeric prefix.", source: http://bte.ceair.com/home/meethandle?uid=DF09A669F22FE91348257E73003096A1 (0)

I/chromium( 9490): [INFO:CONSOLE(0)] "The value "10.0;" for key "maximum-scale" was truncated to its numeric prefix.", source: http://bte.ceair.com/home/meethandle?uid=DF09A669F22FE91348257E73003096A1 (0)

I/chromium( 9490): [INFO:CONSOLE(0)] "The value "1;" for key "user-scalable" was truncated to its numeric prefix.", source: http://bte.ceair.com/home/meethandle?uid=DF09A669F22FE91348257E73003096A1 (0)

I/chromium( 9490): [INFO:CONSOLE(0)] "Error parsing a meta element's content: ';' is not a valid key-value pair separator. Please use ',' instead.", source: http://bte.ceair.com/home/meethandle?uid=DF09A669F22FE91348257E73003096A1 (0)

I/chromium( 9490): [INFO:CONSOLE(0)] "event.returnValue is deprecated. Please use the standard event.preventDefault() instead.", source:  (0)

E/JavaBinder(  910): !!! FAILED BINDER TRANSACTION !!!

D/dalvikvm(  910): GC_CONCURRENT freed 8884K, 49% free 90331K/176128K, paused 8ms+22ms, total 243ms

D/KeyguardUpdateMonitor( 1110): received broadcast android.intent.action.BATTERY_CHANGED

D/KeyguardUpdateMonitor( 1110): handleBatteryUpdate

I/Monitor ( 5056): [main]onReceive at: com.aps.a$a, Intent: Intent { act=android.intent.action.BATTERY_CHANGED flg=0x60000010 (has extras) }, cost:1 ms.

D/Brightness(24535): mIntentReceiver.onReceive: action=android.intent.action.BATTERY_CHANGED, intent=Intent { act=android.intent.action.BATTERY_CHANGED flg=0x60000010 (has extras) }

D/MainActivityBaseUi.java(24535): in brightness disabled on critical battery low

I/ServiceManager(  388): Waiting for service AtCmdFwd...

D/dalvikvm(15839): GC_CONCURRENT freed 1921K, 22% free 21141K/26876K, paused 7ms+2ms, total 104ms

D/InputReader(  910): Input event: value=1

I/InputReader(  910): Touch event's action is 0x0 (deviceType=0) [pCnt=1, s=0.2013 ] when=2780393359749000

I/InputDispatcher(  910): Delivering touch to (1110): action: 0x4, toolType: 1

I/InputDispatcher(  910): Delivering touch to (9490): action: 0x0, toolType: 1

W/Atfwd_Sendcmd(  388): AtCmdFwd service not published, waiting... retryCnt : 1

D/InputReader(  910): Input event: value=0

I/InputReader(  910): Touch event's action is 0x1 (deviceType=0) [pCnt=1, s=] when=2780393882398000

I/InputDispatcher(  910): Delivering touch to (9490): action: 0x1, toolType: 1

D/InputReader(  910): Input event: value=1

I/InputReader(  910): Touch event's action is 0x0 (deviceType=0) [pCnt=1, s=0.2014 ] when=2780394369688000

I/InputDispatcher(  910): Delivering touch to (1110): action: 0x4, toolType: 1

I/InputDispatcher(  910): Delivering touch to (9490): action: 0x0, toolType: 1

D/cell strength( 1228): ===== cell singal strength changed : 99

D/scroll  ( 9490): ���ϻ���y1:27 y2:38 scale3.0

D/scroll  ( 9490): ���ϻ���y1:38 y2:51 scale3.0

I/System.out(18951): pool-1-thread-2 calls detatch()

D/scroll  ( 9490): ���ϻ���y1:51 y2:64 scale3.0

D/scroll  ( 9490): ���ϻ���y1:64 y2:77 scale3.0

D/scroll  ( 9490): ���ϻ���y1:77 y2:89 scale3.0

D/scroll  ( 9490): ���ϻ���y1:89 y2:101 scale3.0

D/scroll  ( 9490): ���ϻ���y1:101 y2:114 scale3.0

D/scroll  ( 9490): ���ϻ���y1:122 y2:151 scale3.0

D/scroll  ( 9490): ���ϻ���y1:151 y2:197 scale3.0

D/scroll  ( 9490): ���ϻ���y1:197 y2:258 scale3.0

D/scroll  ( 9490): ���ϻ���y1:258 y2:302 scale3.0

D/scroll  ( 9490): ���ϻ���y1:302 y2:341 scale3.0

D/InputReader(  910): Input event: value=0

I/InputReader(  910): Touch event's action is 0x1 (deviceType=0) [pCnt=1, s=] when=2780395237278000

I/InputDispatcher(  910): Delivering touch to (9490): action: 0x1, toolType: 1

D/scroll  ( 9490): ���ϻ���y1:341 y2:388 scale3.0

D/scroll  ( 9490): ���ϻ���y1:388 y2:404 scale3.0

D/scroll  ( 9490): ���ϻ���y1:414 y2:435 scale3.0

D/scroll  ( 9490): ���ϻ���y1:444 y2:456 scale3.0

D/scroll  ( 9490): ���ϻ���y1:463 y2:475 scale3.0

D/dalvikvm( 1727): GC_CONCURRENT freed 2009K, 30% free 19424K/27728K, paused 3ms+4ms, total 66ms

E/JavaBinder(  910): !!! FAILED BINDER TRANSACTION !!!

D/InputReader(  910): Input event: value=1

I/InputReader(  910): Touch event's action is 0x0 (deviceType=0) [pCnt=1, s=0.2015 ] when=2780395915041000

I/InputDispatcher(  910): Delivering touch to (1110): action: 0x4, toolType: 1

I/InputDispatcher(  910): Delivering touch to (9490): action: 0x0, toolType: 1

D/scroll  ( 9490): ���ϻ���y1:508 y2:601 scale3.0

D/scroll  ( 9490): ���ϻ���y1:601 y2:701 scale3.0

D/scroll  ( 9490): ���ϻ���y1:701 y2:778 scale3.0

W/System.err(  910): java.util.NoSuchElementException

W/System.err(  910): 	at com.android.server.ssrm.h.C(Unknown Source)

W/System.err(  910): 	at com.android.server.ssrm.I.a(Unknown Source)

W/System.err(  910): 	at com.android.server.ssrm.CustomFrequencyManagerService.dump(Unknown Source)

W/System.err(  910): 	at android.os.Binder.dump(Binder.java:300)

W/System.err(  910): 	at android.os.Binder.onTransact(Binder.java:266)

W/System.err(  910): 	at android.os.ICustomFrequencyManager$Stub.onTransact(ICustomFrequencyManager.java:397)

W/System.err(  910): 	at android.os.Binder.execTransact(Binder.java:404)

W/System.err(  910): 	at dalvik.system.NativeStart.run(Native Method)

D/scroll  ( 9490): ���ϻ���y1:778 y2:835 scale3.0

D/scroll  ( 9490): ���ϻ���y1:835 y2:908 scale3.0

D/InputReader(  910): Input event: value=0

I/InputReader(  910): Touch event's action is 0x1 (deviceType=0) [pCnt=1, s=] when=2780396222563000

I/InputDispatcher(  910): Delivering touch to (9490): action: 0x1, toolType: 1

D/scroll  ( 9490): ���ϻ���y1:908 y2:925 scale3.0

D/InputReader(  910): Input event: value=1

I/InputReader(  910): Touch event's action is 0x0 (deviceType=0) [pCnt=1, s=0.2016 ] when=2780396835460000

I/InputDispatcher(  910): Delivering touch to (1110): action: 0x4, toolType: 1

I/InputDispatcher(  910): Delivering touch to (9490): action: 0x0, toolType: 1

D/dalvikvm(  910): GC_CONCURRENT freed 8311K, 49% free 90212K/176128K, paused 7ms+21ms, total 250ms

D/dalvikvm(  910): WAIT_FOR_CONCURRENT_GC blocked 233ms

D/dalvikvm(  910): WAIT_FOR_CONCURRENT_GC blocked 163ms

D/dalvikvm(  910): WAIT_FOR_CONCURRENT_GC blocked 64ms

D/dalvikvm(  910): WAIT_FOR_CONCURRENT_GC blocked 64ms

D/dalvikvm(  910): WAIT_FOR_CONCURRENT_GC blocked 64ms

D/dalvikvm(  910): WAIT_FOR_CONCURRENT_GC blocked 67ms

D/InputReader(  910): Input event: value=0

I/InputReader(  910): Touch event's action is 0x1 (deviceType=0) [pCnt=1, s=] when=2780397071652000

I/InputDispatcher(  910): Delivering touch to (9490): action: 0x1, toolType: 1

D/InputReader(  910): Input event: value=1

I/InputReader(  910): Touch event's action is 0x0 (deviceType=0) [pCnt=1, s=0.2017 ] when=2780397503240000

D/InputDispatcher(  910): Waiting for application to become ready for input: xxxx Reason: Waiting because the touched window has not finished processing the input events that were previously delivered to it.

D/cell strength( 1228): ===== cell singal strength changed : 99

D/scroll  ( 9490): ���ϻ���y1:933 y2:1020 scale3.0

I/InputDispatcher(  910): Delivering touch to (1110): action: 0x4, toolType: 1

I/InputDispatcher(  910): Delivering touch to (9490): action: 0x0, toolType: 1

I/Choreographer( 9490): Skipped 100 frames!  The application may be doing too much work on its main thread.

D/InputReader(  910): Input event: value=0

I/InputReader(  910): Touch event's action is 0x1 (deviceType=0) [pCnt=1, s=] when=2780397909861000

I/InputDispatcher(  910): Delivering touch to (9490): action: 0x1, toolType: 1

D/scroll  ( 9490): ���ϻ���y1:1020 y2:1462 scale3.0

D/scroll  ( 9490): ���ϻ���y1:1462 y2:1483 scale3.0

