D/PointerIcon(  910): setHoveringSpenCustomIcon IconType is same.1

D/zyp     ( 9490): EMMEngineEventListener onAppPause

I/emmlog  ( 9490): AnalyticsFrequency High: 200

D/EMMAnalysis( 9490): setEndView == appCenter.html

D/debug   ( 9490): oldData + data == 0;index.html;login_content.html;2015-6-30 11:16:39;2015-6-30 11:16:39;0;0;1
2;LOGIN;2015-6-30 11:18:27;[loginDN:联合办公,pfName:android]
0;application;index.html;2015-6-30 11:16:37;2015-6-30 11:51:41;0;2;0
0;index.html;login_content.html;2015-6-30 11:16:39;2015-6-30 11:51:41;0;0;1
0;application;index.html;2015-6-30 11:51:41;2015-6-30 11:51:42;0;2;0
0;index.html;login_content.html;2015-6-30 11:16:39;2015-6-30 11:51:42;0;0;1
0;application;index.html;2015-6-30 11:51:42;2015-6-30 12:36:51;0;2;0
0;index.html;login_content.html;2015-6-30 11:51:41;2015-6-30 12:36:51;0;0;1
0;application;index.html;2015-6-30 13:3:37;2015-6-30 13:3:37;0;2;0
0;index.html;login_content.html;2015-6-30 11:51:42;2015-6-30 13:3:37;0;0;1
2;LOGIN;2015-6-30 13:22:35;[loginDN:联合办公,pfName:android]
0;application;index.html;2015-6-30 13:6:4;2015-6-30 13:22:37;0;1;0
0;index.html;login_content.html;2015-6-30 13:3:37;2015-6-30 13:22:37;0;0;1
0;index.html;appCenter.html;2015-6-30 13:22:37;2015-6-30 13:22:49;0;1;0
2;MAIN;2015-6-30 13:22:49;[loginDN:联合办公,pfName:android]
0;appCenter.html;happyMU.html;2015-6-30 13:22:49;2015-6-30 13:22:54;0;1;0
2;HPMU;2015-6-30 13:22:54;[loginDN:联合办公,pfName:android]
0;happyMU.html;treasureBox.html;2015-6-30 13:22:54;2015-6-30 13:23:0;0;1;0
2;TBOX;2015-6-30 13:23:0;[loginDN:联合办公,pfName:android]
0;treasureBox.html;treasureBox_content.html;2015-6-30 13:22:55;2015-6-30 13:23:0;0;0;1
0;treasureBox.html;appCenter.html;2015-6-30 13:23:0;2015-6-30 13:23:52;0;2;0
0;index.html;login_content.html;2015-6-30 13:6:4;2015-6-30 13:23:52;0;0;1
0;application;index.html;2015-6-30 13:23:52;2015-6-30 13:23:52;0;2;0
2;MAIN;2015-6-30 13:24:25;[loginDN:联合办公,pfName:android]
2;MAIN;2015-6-30 13:24:36;[loginDN:联合办公,pfName:android]
2;MAIN;2015-6-30 13:26:4;[loginDN:联合办公,pfName:android]
0;application;appCenter.html;2015-6-30 13:23:52;2015-6-30 13:26:38;0;2;0


I/emmlog  ( 9490): AnalyticsFrequency High: 200

I/EMMAnalysis( 9490): setAppBecomeBackground m_currentAppTime  ==7114

D/zyp     ( 9490): EMMEngineEventListener onAppPause

I/emmlog  ( 9490): AnalyticsFrequency High: 200

D/EMMAnalysis( 9490): setEndView == index.html

D/EMMAnalysis( 9490): setEndView == login_content.html

I/emmlog  ( 9490): AnalyticsFrequency High: 200

I/emmlog  ( 9490): AnalyticsFrequency High: 200

I/System.out( 9490): pool-10-thread-1 calls detatch()

I/EMMAnalysis( 9490): setAppBecomeBackground m_currentAppTime  ==7280

I/SELinux (20124): Function: selinux_android_load_priority , priority [3] , priority version is VE=SEPF_GT-I9508V_4.4.4_0033

E/dalvikvm(20124): >>>>> Normal User

E/dalvikvm(20124): >>>>> system:ui [ userId:0 | appId:1000 ]

I/System.out( 9490): pool-10-thread-1 calls detatch()

D/KeyguardUpdateMonitor( 1110): sendKeyguardVisibilityChanged(true)

D/KeyguardUpdateMonitor( 1110): handleKeyguardVisibilityChanged(1)

W/ResolverActivity(20124): mLaunchedFromPackage=org.zywx.wbpalmstar.widgetone.uexsdk10098

E/JavaBinder(  910): !!! FAILED BINDER TRANSACTION !!!

D/        (20124): DFactory start

D/        (20124): isQmage : stream is not a Qmage file

D/debug   ( 9490): oldData + data == 0;index.html;login_content.html;2015-6-30 11:16:39;2015-6-30 11:16:39;0;0;1
2;LOGIN;2015-6-30 11:18:27;[loginDN:联合办公,pfName:android]
0;application;index.html;2015-6-30 11:16:37;2015-6-30 11:51:41;0;2;0
0;index.html;login_content.html;2015-6-30 11:16:39;2015-6-30 11:51:41;0;0;1
0;application;index.html;2015-6-30 11:51:41;2015-6-30 11:51:42;0;2;0
0;index.html;login_content.html;2015-6-30 11:16:39;2015-6-30 11:51:42;0;0;1
0;application;index.html;2015-6-30 11:51:42;2015-6-30 12:36:51;0;2;0
0;index.html;login_content.html;2015-6-30 11:51:41;2015-6-30 12:36:51;0;0;1
0;application;index.html;2015-6-30 13:3:37;2015-6-30 13:3:37;0;2;0
0;index.html;login_content.html;2015-6-30 11:51:42;2015-6-30 13:3:37;0;0;1
2;LOGIN;2015-6-30 13:22:35;[loginDN:联合办公,pfName:android]
0;application;index.html;2015-6-30 13:6:4;2015-6-30 13:22:37;0;1;0
0;index.html;login_content.html;2015-6-30 13:3:37;2015-6-30 13:22:37;0;0;1
0;index.html;appCenter.html;2015-6-30 13:22:37;2015-6-30 13:22:49;0;1;0
2;MAIN;2015-6-30 13:22:49;[loginDN:联合办公,pfName:android]
0;appCenter.html;happyMU.html;2015-6-30 13:22:49;2015-6-30 13:22:54;0;1;0
2;HPMU;2015-6-30 13:22:54;[loginDN:联合办公,pfName:android]
0;happyMU.html;treasureBox.html;2015-6-30 13:22:54;2015-6-30 13:23:0;0;1;0
2;TBOX;2015-6-30 13:23:0;[loginDN:联合办公,pfName:android]
0;treasureBox.html;treasureBox_content.html;2015-6-30 13:22:55;2015-6-30 13:23:0;0;0;1
0;treasureBox.html;appCenter.html;2015-6-30 13:23:0;2015-6-30 13:23:52;0;2;0
0;index.html;login_content.html;2015-6-30 13:6:4;2015-6-30 13:23:52;0;0;1
0;application;index.html;2015-6-30 13:23:52;2015-6-30 13:23:52;0;2;0
2;MAIN;2015-6-30 13:24:25;[loginDN:联合办公,pfName:android]
2;MAIN;2015-6-30 13:24:36;[loginDN:联合办公,pfName:android]
2;MAIN;2015-6-30 13:26:4;[loginDN:联合办公,pfName:android]
0;application;appCenter.html;2015-6-30 13:23:52;2015-6-30 13:26:38;0;2;0
0;index.html;login_content.html;2015-6-30 13:23:52;2015-6-30 13:26:38;0;0;1


D/        (20124): DFactory start

D/        (20124): isQmage : stream is not a Qmage file

D/        (20124): DFactory start

D/        (20124): isQmage : stream is not a Qmage file

D/        (20124): DFactory start

D/        (20124): isQmage : stream is not a Qmage file

D/        (20124): DFactory start

D/        (20124): isQmage : stream is not a Qmage file

D/        (20124): DFactory start

D/        (20124): isQmage : stream is not a Qmage file

D/        (20124): DFactory start

D/        (20124): isQmage : stream is not a Qmage file

D/        (20124): DFactory start

D/        (20124): isQmage : stream is not a Qmage file

D/        (20124): DFactory start

D/        (20124): isQmage : stream is not a Qmage file

D/AbsListView(20124): Get MotionRecognitionManager

W/System.err( 1727): java.lang.IllegalArgumentException: Unknown URL content://com.tencent.server.fore.ForePluginContentProvider/SpProvider/actionStats/String

W/System.err( 1727): java.lang.IllegalArgumentException: Unknown URL content://com.tencent.server.fore.ForePluginContentProvider/SpProvider/SoftwareManagerImpl/String

W/System.err( 1727): 	at android.content.ContentResolver.insert(ContentResolver.java:1197)

W/System.err( 1727): 	at com.tmsdk.common.storage.a.mw(SourceFile:258)

W/System.err( 1727): 	at com.tmsdk.common.storage.a.V(SourceFile:275)

W/System.err( 1727): 	at tcs.aij.F(SourceFile:146)

W/System.err( 1727): 	at tcs.aij.u(SourceFile:105)

W/System.err( 1727): 	at com.tencent.qqpimsecure.storage.b.a(SourceFile:394)

W/System.err( 1727): 	at com.tencent.qqpimsecure.storage.b.a(SourceFile:87)

W/System.err( 1727): 	at tcs.bvu.a(SourceFile:102)

W/System.err( 1727): 	at tcs.bvu.b(SourceFile:132)

W/System.err( 1727): 	at tcs.bvy.dO(SourceFile:440)

W/System.err( 1727): 	at tcs.bvy.s(SourceFile:373)

W/System.err( 1727): 	at tcs.bvy.a(SourceFile:47)

W/System.err( 1727): 	at tcs.bvy$1.run(SourceFile:126)

W/System.err( 1727): 	at tcs.aet.d(SourceFile:364)

W/System.err( 1727): 	at tcs.aet.c(SourceFile:349)

W/System.err( 1727): 	at tcs.aet.TM(SourceFile:150)

W/System.err( 1727): 	at tcs.aev.a(SourceFile:57)

W/System.err( 1727): 	at tcs.aet$1.run(SourceFile:218)

W/System.err( 1727): 	at android.content.ContentResolver.insert(ContentResolver.java:1197)

W/System.err( 1727): 	at com.tmsdk.common.storage.a.mw(SourceFile:258)

W/System.err( 1727): 	at com.tmsdk.common.storage.a.V(SourceFile:275)

W/System.err( 1727): 	at tcs.bvv.ro(SourceFile:198)

W/System.err( 1727): 	at tcs.bvv.d(SourceFile:181)

W/System.err( 1727): 	at tcs.bvv.a(SourceFile:25)

W/System.err( 1727): 	at tcs.bvv$1.a(SourceFile:93)

W/System.err( 1727): 	at com.meri.service.j$5.run(SourceFile:394)

W/System.err( 1727): 	at tcs.aet.d(SourceFile:364)

W/System.err( 1727): 	at tcs.aet.c(SourceFile:349)

W/System.err( 1727): 	at tcs.aet.TM(SourceFile:150)

W/System.err( 1727): 	at tcs.aev.a(SourceFile:57)

W/System.err( 1727): 	at tcs.aet$1.run(SourceFile:218)

D/        (20124): DFactory start

D/        (20124): isQmage : stream is not a Qmage file

D/        (20124): DFactory start

D/        (20124): isQmage : stream is not a Qmage file

D/        (20124): DFactory start

D/        (20124): isQmage : stream is not a Qmage file

D/        (20124): DFactory start

D/        (20124): isQmage : stream is not a Qmage file

D/        (20124): DFactory start

D/        (20124): isQmage : stream is not a Qmage file

D/        (20124): DFactory start

D/        (20124): isQmage : stream is not a Qmage file

D/        (20124): DFactory start

D/        (20124): isQmage : stream is not a Qmage file

D/        (20124): DFactory start

D/        (20124): isQmage : stream is not a Qmage file

D/        (20124): DFactory start

D/        (20124): isQmage : stream is not a Qmage file

D/        (20124): DFactory start

D/        (20124): isQmage : stream is not a Qmage file

D/        (20124): DFactory start

D/        (20124): isQmage : stream is not a Qmage file

D/        (20124): DFactory start

D/        (20124): isQmage : stream is not a Qmage file

D/        (20124): DFactory start

D/        (20124): isQmage : stream is not a Qmage file

D/        (20124): DFactory start

D/        (20124): isQmage : stream is not a Qmage file

D/        (20124): DFactory start

D/        (20124): isQmage : stream is not a Qmage file

D/        (20124): DFactory start

D/        (20124): isQmage : stream is not a Qmage file

D/        (20124): DFactory start

D/        (20124): isQmage : stream is not a Qmage file

D/        (20124): DFactory start

D/        (20124): isQmage : stream is not a Qmage file

D/        (20124): DFactory start

D/        (20124): isQmage : stream is not a Qmage file

D/        (20124): DFactory start

D/        (20124): isQmage : stream is not a Qmage file

D/        (20124): DFactory start

D/        (20124): isQmage : stream is not a Qmage file

D/        (20124): DFactory start

D/        (20124): isQmage : stream is not a Qmage file

D/        (20124): DFactory start

D/        (20124): isQmage : stream is not a Qmage file

D/        (20124): DFactory start

D/        (20124): isQmage : stream is not a Qmage file

D/        (20124): DFactory start

D/        (20124): isQmage : stream is not a Qmage file

D/        (20124): DFactory start

D/        (20124): isQmage : stream is not a Qmage file

D/        (20124): DFactory start

D/        (20124): isQmage : stream is not a Qmage file

D/        (20124): DFactory start

D/        (20124): isQmage : stream is not a Qmage file

D/        (20124): DFactory start

D/        (20124): isQmage : stream is not a Qmage file

D/        (20124): DFactory start

D/        (20124): isQmage : stream is not a Qmage file

D/        (20124): DFactory start

D/        (20124): isQmage : stream is not a Qmage file

D/        (20124): DFactory start

D/        (20124): isQmage : stream is not a Qmage file

D/        (20124): DFactory start

D/        (20124): isQmage : stream is not a Qmage file

D/ResolverActivity(20124): onResume

D/PhoneStatusBar( 1110): setSemiTransparentMode=false, mTransparentMode=false, mSemiTransparentMode=false, mMultiWindowMode=false

D/        (20124): DFactory start

D/        (20124): isQmage : stream is not a Qmage file

D/        (20124): DFactory start

D/        (20124): isQmage : stream is not a Qmage file

D/        (20124): DFactory start

D/        (20124): isQmage : stream is not a Qmage file

I/SurfaceFlinger(  345): id=10255 createSurf (1x1),1 flag=4, SesolverAct

I/SpenGestureManager(  910): setFocusWindow21030

D/KeyguardUpdateMonitor( 1110): sendKeyguardVisibilityChanged(true)

D/KeyguardUpdateMonitor( 1110): handleKeyguardVisibilityChanged(1)

D/KeyguardUpdateMonitor( 1110): sendKeyguardVisibilityChanged(true)

D/KeyguardUpdateMonitor( 1110): handleKeyguardVisibilityChanged(1)

D/PointerIcon(  910): setMouseIconStyle1 pointerType: 1001iconType:101 flag:0

D/PointerIcon(  910): setMouseCustomIcon IconType is same.101

D/PointerIcon(  910): setHoveringSpenIconStyle1 pointerType: 10001iconType:1 flag:0

D/PointerIcon(  910): setHoveringSpenCustomIcon IconType is same.1

D/        (20124): DFactory start

D/        (20124): isQmage : stream is not a Qmage file

D/KeyguardUpdateMonitor( 1110): sendKeyguardVisibilityChanged(true)

D/KeyguardUpdateMonitor( 1110): handleKeyguardVisibilityChanged(1)

D/KeyguardUpdateMonitor( 1110): sendKeyguardVisibilityChanged(true)

D/KeyguardUpdateMonitor( 1110): handleKeyguardVisibilityChanged(1)

D/KeyguardUpdateMonitor( 1110): sendKeyguardVisibilityChanged(true)

D/KeyguardUpdateMonitor( 1110): handleKeyguardVisibilityChanged(1)

D/AndroidRuntime(20138): 

D/AndroidRuntime(20138): >>>>>> AndroidRuntime START com.android.internal.os.RuntimeInit <<<<<<

D/AndroidRuntime(20138): CheckJNI is OFF

E/AndroidRuntime(20138): cannot open customer xml file

D/AndroidRuntime(20138): readGMSProperty: start

D/AndroidRuntime(20138): readGMSProperty: already setted!!

D/AndroidRuntime(20138): readGMSProperty: end

D/AndroidRuntime(20138): addProductProperty: start

D/dalvikvm(20138): Trying to load lib libjavacore.so 0x0

D/dalvikvm(20138): Added shared lib libjavacore.so 0x0

D/dalvikvm(20138): Trying to load lib libnativehelper.so 0x0

D/dalvikvm(20138): Added shared lib libnativehelper.so 0x0

D/dalvikvm(20138): No JNI_OnLoad found in libnativehelper.so 0x0, skipping init

E/memtrack(20138): Couldn't load memtrack module (No such file or directory)

E/android.os.Debug(20138): failed to load memtrack module: -2

D/dalvikvm(20138): Note: class Landroid/app/ActivityManagerNative; has 193 unimplemented (abstract) methods

D/KeyguardUpdateMonitor( 1110): sendKeyguardVisibilityChanged(true)

D/KeyguardUpdateMonitor( 1110): handleKeyguardVisibilityChanged(1)

D/KeyguardUpdateMonitor( 1110): sendKeyguardVisibilityChanged(true)

D/KeyguardUpdateMonitor( 1110): handleKeyguardVisibilityChanged(1)

D/AndroidRuntime(20138): Calling main entry com.android.commands.uiautomator.Launcher

W/CscFeature(20138): java.io.FileNotFoundException: /system/csc/others.xml: open failed: EACCES (Permission denied)

E/JavaBinder(  910): !!! FAILED BINDER TRANSACTION !!!

W/AccessibilityNodeInfoDumper(20138): Fetch time: 34ms

V/WindowOrientationListener(  910): mSContextAutoRotationListener.getProposedRotation, mbResultFaceDectection: false

V/WindowOrientationListener(  910): mSContextAutoRotationListener.getProposedRotation, Rotation: -1

V/WindowOrientationListener(  910): mSContextAutoRotationListener.getProposedRotation, mbResultFaceDectection: false

V/WindowOrientationListener(  910): mSContextAutoRotationListener.getProposedRotation, Rotation: -1

D/KeyguardUpdateMonitor( 1110): sendKeyguardVisibilityChanged(true)

D/KeyguardUpdateMonitor( 1110): handleKeyguardVisibilityChanged(1)

E/JavaBinder(  910): !!! FAILED BINDER TRANSACTION !!!

D/AndroidRuntime(20138): Shutting down VM

D/dalvikvm(20138): GC_CONCURRENT freed 316K, 30% free 764K/1084K, paused 1ms+0ms, total 3ms

I/framebuffer(  401): /data/system/enterprise.conf doesn't exist or cannot be opened

I/EDMNativeHelperService(  910): isScreenCaptureEnabled

E/JavaBinder(  910): !!! FAILED BINDER TRANSACTION !!!

D/dalvikvm(  910): GC_CONCURRENT freed 9020K, 52% free 85748K/176128K, paused 24ms+20ms, total 275ms

D/dalvikvm(  910): WAIT_FOR_CONCURRENT_GC blocked 54ms

E/JavaBinder(  910): !!! FAILED BINDER TRANSACTION !!!

D/cell strength( 1228): ===== cell singal strength changed : 99

D/Sensorhubs(  355): readContextData: 1, 1, 7, 0

D/SensorHubManager(  910): onGetSensorHubDataLocked: library = 1, 1, 7, 0

D/CAE     (  910): onGetSensorHubData(SensorHubParserProvider.java:87) - onGetSensorHubData Event [event buffer len :4], AP_WAKEUP

I/CAE     (  910): parse(SensorHubParserProvider.java:166) - buffer size = 4

I/CAE     (  910): parse(SensorHubParserProvider.java:177) - 1, 1, 7, 0,

D/CAE     (  910): display(ContextProvider.java:365) - ================= AUTO_ROTATION =================

I/CAE     (  910): display(ContextProvider.java:381) - Angle=[0]

D/SContextService(  910): updateSContext() : event = Auto Rotation

V/WindowOrientationListener(  910): mSContextAutoRotationListener.onSContextChanged, Rotation: 0

E/JavaBinder(  910): !!! FAILED BINDER TRANSACTION !!!

D/Sensorhubs(  355): readContextData: 1, 1, 7, -1

D/SensorHubManager(  910): onGetSensorHubDataLocked: library = 1, 1, 7, -1

D/CAE     (  910): onGetSensorHubData(SensorHubParserProvider.java:87) - onGetSensorHubData Event [event buffer len :4], AP_WAKEUP

I/CAE     (  910): parse(SensorHubParserProvider.java:166) - buffer size = 4

I/CAE     (  910): parse(SensorHubParserProvider.java:177) - 1, 1, 7, -1,

D/CAE     (  910): display(ContextProvider.java:365) - ================= AUTO_ROTATION =================

I/CAE     (  910): display(ContextProvider.java:381) - Angle=[-1]

D/SContextService(  910): updateSContext() : event = Auto Rotation

V/WindowOrientationListener(  910): mSContextAutoRotationListener.onSContextChanged, Rotation: -1

D/Sensorhubs(  355): readContextData: 1, 1, 7, 0

D/SensorHubManager(  910): onGetSensorHubDataLocked: library = 1, 1, 7, 0

D/CAE     (  910): onGetSensorHubData(SensorHubParserProvider.java:87) - onGetSensorHubData Event [event buffer len :4], AP_WAKEUP

I/CAE     (  910): parse(SensorHubParserProvider.java:166) - buffer size = 4

I/CAE     (  910): parse(SensorHubParserProvider.java:177) - 1, 1, 7, 0,

D/CAE     (  910): display(ContextProvider.java:365) - ================= AUTO_ROTATION =================

I/CAE     (  910): display(ContextProvider.java:381) - Angle=[0]

D/SContextService(  910): updateSContext() : event = Auto Rotation

V/WindowOrientationListener(  910): mSContextAutoRotationListener.onSContextChanged, Rotation: 0

D/Sensorhubs(  355): readContextData: 1, 1, 7, -1

D/SensorHubManager(  910): onGetSensorHubDataLocked: library = 1, 1, 7, -1

D/CAE     (  910): onGetSensorHubData(SensorHubParserProvider.java:87) - onGetSensorHubData Event [event buffer len :4], AP_WAKEUP

I/CAE     (  910): parse(SensorHubParserProvider.java:166) - buffer size = 4

I/CAE     (  910): parse(SensorHubParserProvider.java:177) - 1, 1, 7, -1,

D/CAE     (  910): display(ContextProvider.java:365) - ================= AUTO_ROTATION =================

I/CAE     (  910): display(ContextProvider.java:381) - Angle=[-1]

D/SContextService(  910): updateSContext() : event = Auto Rotation

V/WindowOrientationListener(  910): mSContextAutoRotationListener.onSContextChanged, Rotation: -1

D/Sensorhubs(  355): readContextData: 1, 1, 7, 0

D/SensorHubManager(  910): onGetSensorHubDataLocked: library = 1, 1, 7, 0

D/CAE     (  910): onGetSensorHubData(SensorHubParserProvider.java:87) - onGetSensorHubData Event [event buffer len :4], AP_WAKEUP

I/CAE     (  910): parse(SensorHubParserProvider.java:166) - buffer size = 4

I/CAE     (  910): parse(SensorHubParserProvider.java:177) - 1, 1, 7, 0,

D/CAE     (  910): display(ContextProvider.java:365) - ================= AUTO_ROTATION =================

I/CAE     (  910): display(ContextProvider.java:381) - Angle=[0]

D/SContextService(  910): updateSContext() : event = Auto Rotation

V/WindowOrientationListener(  910): mSContextAutoRotationListener.onSContextChanged, Rotation: 0

D/Sensorhubs(  355): readContextData: 1, 1, 7, -1

D/SensorHubManager(  910): onGetSensorHubDataLocked: library = 1, 1, 7, -1

D/CAE     (  910): onGetSensorHubData(SensorHubParserProvider.java:87) - onGetSensorHubData Event [event buffer len :4], AP_WAKEUP

I/CAE     (  910): parse(SensorHubParserProvider.java:166) - buffer size = 4

I/CAE     (  910): parse(SensorHubParserProvider.java:177) - 1, 1, 7, -1,

D/CAE     (  910): display(ContextProvider.java:365) - ================= AUTO_ROTATION =================

I/CAE     (  910): display(ContextProvider.java:381) - Angle=[-1]

D/SContextService(  910): updateSContext() : event = Auto Rotation

V/WindowOrientationListener(  910): mSContextAutoRotationListener.onSContextChanged, Rotation: -1

D/Sensorhubs(  355): readContextData: 1, 1, 7, 0

D/SensorHubManager(  910): onGetSensorHubDataLocked: library = 1, 1, 7, 0

D/CAE     (  910): onGetSensorHubData(SensorHubParserProvider.java:87) - onGetSensorHubData Event [event buffer len :4], AP_WAKEUP

I/CAE     (  910): parse(SensorHubParserProvider.java:166) - buffer size = 4

I/CAE     (  910): parse(SensorHubParserProvider.java:177) - 1, 1, 7, 0,

D/CAE     (  910): display(ContextProvider.java:365) - ================= AUTO_ROTATION =================

I/CAE     (  910): display(ContextProvider.java:381) - Angle=[0]

D/SContextService(  910): updateSContext() : event = Auto Rotation

V/WindowOrientationListener(  910): mSContextAutoRotationListener.onSContextChanged, Rotation: 0

D/InputReader(  910): Input event: value=1

I/InputReader(  910): Touch event's action is 0x0 (deviceType=0) [pCnt=1, s=0.2035 ] when=2780512305980000

I/InputDispatcher(  910): Delivering touch to (1110): action: 0x4, toolType: 1

I/InputDispatcher(  910): Delivering touch to (20124): action: 0x0, toolType: 1

D/lights  (  910): lcd : 31 +

D/Sensorhubs(  355): readContextData: 1, 1, 7, -1

D/SensorHubManager(  910): onGetSensorHubDataLocked: library = 1, 1, 7, -1

D/CAE     (  910): onGetSensorHubData(SensorHubParserProvider.java:87) - onGetSensorHubData Event [event buffer len :4], AP_WAKEUP

I/CAE     (  910): parse(SensorHubParserProvider.java:166) - buffer size = 4

I/CAE     (  910): parse(SensorHubParserProvider.java:177) - 1, 1, 7, -1,

D/CAE     (  910): display(ContextProvider.java:365) - ================= AUTO_ROTATION =================

I/CAE     (  910): display(ContextProvider.java:381) - Angle=[-1]

D/SContextService(  910): updateSContext() : event = Auto Rotation

V/WindowOrientationListener(  910): mSContextAutoRotationListener.onSContextChanged, Rotation: -1

D/lights  (  910): lcd : 31 -

D/lights  (  910): lcd : 64 +

D/lights  (  910): lcd : 64 -

D/lights  (  910): lcd : 98 +

D/lights  (  910): lcd : 98 -

D/lights  (  910): lcd : 131 +

D/InputReader(  910): Input event: value=0

I/InputReader(  910): Touch event's action is 0x1 (deviceType=0) [pCnt=1, s=] when=2780512366341000

I/InputDispatcher(  910): Delivering touch to (20124): action: 0x1, toolType: 1

D/lights  (  910): lcd : 131 -

D/lights  (  910): lcd : 164 +

D/lights  (  910): lcd : 164 -

D/lights  (  910): lcd : 198 +

D/lights  (  910): lcd : 198 -

D/lights  (  910): lcd : 231 +

D/lights  (  910): lcd : 231 -

D/lights  (  910): lcd : 255 +

I/AudioPolicyManagerBase(  349): getSituationVolume: isBTConnected:0 isHeadConnected:0

V/AudioPolicyManagerBase(  349): getParamFromPolicy  deviceInt = 0, situationInt = 1, situationVolume = 0.500000

V/AudioPolicyManagerBase(  349): getOutput() device 2, stream 1, samplingRate 0, format 0, channelMask 3, flags 0

V/AudioPolicyManagerBase(  349): getOutputsForDevice device 0002 -> 0002

V/AudioPolicyManagerBase(  349): getOutput() returns output 2

V/AudioPolicyManagerBase(  349): getOutput() device 2, stream 1, samplingRate 0, format 0, channelMask 3, flags 0

V/AudioPolicyManagerBase(  349): getOutputsForDevice device 0002 -> 0002

V/AudioPolicyManagerBase(  349): getOutput() returns output 2

V/AudioPolicyManagerBase(  349): getOutput() device 2, stream 1, samplingRate 48000, format 1, channelMask 1, flags 4

V/AudioPolicyManagerBase(  349): getOutputsForDevice device 0002 -> 0002

V/AudioPolicyManagerBase(  349): getOutput() returns output 2

V/AudioPolicyManagerBase(  349): startOutput() output 2, stream 1, session 3225

V/AudioPolicyManagerBase(  349): changeRefCount() stream 1, count 1

V/AudioPolicyManagerBase(  349): getNewDevice() selected device 2

V/AudioPolicyManagerBase(  349): setOutputDevice() output 2 device 0002 force 0 delayMs 0 

V/AudioPolicyManagerBase(  349): setOutputDevice() prevDevice (0002)

V/AudioPolicyManagerBase(  349): setOutputDevice() setting same device 0002 or null device for output 2

V/AudioPolicyManagerBase(  349): releaseOutput() 2

V/audio_hw_primary(  349): start_output_stream: enter: usecase(0: deep-buffer-playback) devices(0x2)

V/audio_hw_primary(  349): select_devices: ENTER

V/audio_hw_primary(  349): select_devices: usecase(normal)

V/audio_hw_primary(  349): select_devices: usecase(PCM_PLAYBACK)

V/msm8974_platform(  349): platform_get_output_snd_device: enter: output devices(0x2)

V/msm8974_platform(  349): get_OUTPUT_snd_device: for Normal Playback

V/msm8974_platform(  349): platform_get_output_snd_device: exit: snd_device(speaker)

D/audio_hw_primary(  349): select_devices: out_snd_device(2: speaker)

D/audio_hw_primary(  349): select_devices: in_snd_device(0: dummy)

D/ACDB-LOADER(  349): ACDB -> send_audio_cal, acdb_id = 15, path =  0

D/ACDB-LOADER(  349): ACDB -> send_adm_topology

D/ACDB-LOADER(  349): ACDB -> ACDB_CMD_GET_AUDPROC_COMMON_TOPOLOGY_ID

D/ACDB-LOADER(  349): ACDB -> send_audtable

D/ACDB-LOADER(  349): ACDB -> ACDB_CMD_GET_AUDPROC_COMMON_TABLE

D/ACDB-LOADER(  349): ACDB -> AUDIO_SET_AUDPROC_CAL

D/ACDB-LOADER(  349): ACDB -> send_audvoltable

D/ACDB-LOADER(  349): ACDB -> ACDB_CMD_GET_AUDPROC_GAIN_DEP_STEP_TABLE

D/ACDB-LOADER(  349): ACDB -> AUDIO_SET_AUDPROC_VOL_CAL

D/ACDB-LOADER(  349): ACDB -> send_afe_cal

D/ACDB-LOADER(  349): ACDB -> ACDB_CMD_GET_AFE_COMMON_TABLE

D/ACDB-LOADER(  349): ACDB -> AUDIO_SET_AFE_CAL

V/audio_hw_primary(  349): enable_snd_device: snd_device(2: speaker, speaker)

D/audio_route(  349): ++++ audio_route_update_mixer ==============

D/audio_route(  349): Setting mixer control: SPK DRV Volume, value: 8

D/audio_route(  349): Setting mixer control: RX7 Digital Volume, value: 81

D/audio_route(  349): Setting mixer control: COMP0 Switch, value: 1

D/audio_route(  349): Setting mixer control: RX7 MIX1 INP1, value: 5

D/audio_route(  349): Setting mixer control: DAC1 Switch, value: 1

D/audio_route(  349): Setting mixer control: SPK Status, value: 1

D/audio_route(  349): ------ audio_route_update_mixer ==============

V/audio_hw_primary(  349): enable_audio_route: enter: usecase(0)

V/audio_hw_primary(  349): enable_audio_route: apply mixer path: deep-buffer-playback

D/audio_route(  349): ++++ audio_route_update_mixer ==============

D/audio_route(  349): Setting mixer control: SLIMBUS_0_RX Audio Mixer MultiMedia1, value: 1

D/audio_route(  349): ------ audio_route_update_mixer ==============

V/audio_hw_primary(  349): enable_audio_route: exit

V/audio_hw_primary(  349): start_output_stream: Opening PCM device card_id(0) device_id(0)

D/lights  (  910): lcd : 255 -

V/audio_hw_primary(  349): start_output_stream: exit

D/Sensorhubs(  355): readContextData: 1, 1, 7, 0

D/SensorHubManager(  910): onGetSensorHubDataLocked: library = 1, 1, 7, 0

D/CAE     (  910): onGetSensorHubData(SensorHubParserProvider.java:87) - onGetSensorHubData Event [event buffer len :4], AP_WAKEUP

I/CAE     (  910): parse(SensorHubParserProvider.java:166) - buffer size = 4

I/CAE     (  910): parse(SensorHubParserProvider.java:177) - 1, 1, 7, 0,

D/CAE     (  910): display(ContextProvider.java:365) - ================= AUTO_ROTATION =================

I/CAE     (  910): display(ContextProvider.java:381) - Angle=[0]

D/SContextService(  910): updateSContext() : event = Auto Rotation

V/WindowOrientationListener(  910): mSContextAutoRotationListener.onSContextChanged, Rotation: 0

D/Sensorhubs(  355): readContextData: 1, 1, 7, -1

D/SensorHubManager(  910): onGetSensorHubDataLocked: library = 1, 1, 7, -1

D/CAE     (  910): onGetSensorHubData(SensorHubParserProvider.java:87) - onGetSensorHubData Event [event buffer len :4], AP_WAKEUP

I/CAE     (  910): parse(SensorHubParserProvider.java:166) - buffer size = 4

I/CAE     (  910): parse(SensorHubParserProvider.java:177) - 1, 1, 7, -1,

D/CAE     (  910): display(ContextProvider.java:365) - ================= AUTO_ROTATION =================

I/CAE     (  910): display(ContextProvider.java:381) - Angle=[-1]

D/SContextService(  910): updateSContext() : event = Auto Rotation

V/WindowOrientationListener(  910): mSContextAutoRotationListener.onSContextChanged, Rotation: -1

D/Sensorhubs(  355): readContextData: 1, 1, 7, 0

D/SensorHubManager(  910): onGetSensorHubDataLocked: library = 1, 1, 7, 0

D/CAE     (  910): onGetSensorHubData(SensorHubParserProvider.java:87) - onGetSensorHubData Event [event buffer len :4], AP_WAKEUP

I/CAE     (  910): parse(SensorHubParserProvider.java:166) - buffer size = 4

I/CAE     (  910): parse(SensorHubParserProvider.java:177) - 1, 1, 7, 0,

D/CAE     (  910): display(ContextProvider.java:365) - ================= AUTO_ROTATION =================

I/CAE     (  910): display(ContextProvider.java:381) - Angle=[0]

D/SContextService(  910): updateSContext() : event = Auto Rotation

V/WindowOrientationListener(  910): mSContextAutoRotationListener.onSContextChanged, Rotation: 0

D/cell strength( 1228): ===== cell singal strength changed : 99

D/KeyguardUpdateMonitor( 1110): received broadcast android.intent.action.BATTERY_CHANGED

D/KeyguardUpdateMonitor( 1110): handleBatteryUpdate

I/Monitor ( 5056): [main]onReceive at: com.aps.a$a, Intent: Intent { act=android.intent.action.BATTERY_CHANGED flg=0x60000010 (has extras) }, cost:1 ms.

D/Brightness(24535): mIntentReceiver.onReceive: action=android.intent.action.BATTERY_CHANGED, intent=Intent { act=android.intent.action.BATTERY_CHANGED flg=0x60000010 (has extras) }

D/MainActivityBaseUi.java(24535): in brightness disabled on critical battery low

D/InputReader(  910): Input event: value=1

I/InputReader(  910): Touch event's action is 0x0 (deviceType=0) [pCnt=1, s=0.2036 ] when=2780513275969000

I/InputDispatcher(  910): Delivering touch to (1110): action: 0x4, toolType: 1

I/InputDispatcher(  910): Delivering touch to (20124): action: 0x0, toolType: 1

D/InputReader(  910): Input event: value=0

I/InputReader(  910): Touch event's action is 0x1 (deviceType=0) [pCnt=1, s=] when=2780513379836000

I/InputDispatcher(  910): Delivering touch to (20124): action: 0x1, toolType: 1

I/AudioPolicyManagerBase(  349): getSituationVolume: isBTConnected:0 isHeadConnected:0

V/AudioPolicyManagerBase(  349): getParamFromPolicy  deviceInt = 0, situationInt = 1, situationVolume = 0.500000

V/AudioPolicyManagerBase(  349): getOutput() device 2, stream 1, samplingRate 0, format 0, channelMask 3, flags 0

V/AudioPolicyManagerBase(  349): getOutputsForDevice device 0002 -> 0002

V/AudioPolicyManagerBase(  349): getOutput() returns output 2

V/AudioPolicyManagerBase(  349): getOutput() device 2, stream 1, samplingRate 0, format 0, channelMask 3, flags 0

V/AudioPolicyManagerBase(  349): getOutputsForDevice device 0002 -> 0002

V/AudioPolicyManagerBase(  349): getOutput() returns output 2

V/AudioPolicyManagerBase(  349): getOutput() device 2, stream 1, samplingRate 48000, format 1, channelMask 1, flags 4

V/AudioPolicyManagerBase(  349): getOutputsForDevice device 0002 -> 0002

V/AudioPolicyManagerBase(  349): getOutput() returns output 2

V/AudioPolicyManagerBase(  349): startOutput() output 2, stream 1, session 3226

V/AudioPolicyManagerBase(  349): changeRefCount() stream 1, count 2

V/AudioPolicyManagerBase(  349): releaseOutput() 2

I/PackageManager(  910):   Action: "android.intent.action.VIEW"

I/PackageManager(  910):   Category: "android.intent.category.DEFAULT"

I/PackageManager(  910):   Type: "application/vnd.android.package-archive"

V/ApplicationPolicy(  910): isApplicationStateBlocked userId 0 pkgname com.android.packageinstaller

D/PhoneStatusBar( 1110): setTransGradationMode=false, mTransparentMode=false, mSemiTransparentMode=false, mMultiWindowMode=false

I/SurfaceFlinger(  345): id=10256 createSurf (1x1),1 flag=404, qackageinst

D/KeyguardUpdateMonitor( 1110): sendKeyguardVisibilityChanged(true)

D/KeyguardUpdateMonitor( 1110): handleKeyguardVisibilityChanged(1)

E/JavaBinder(  910): !!! FAILED BINDER TRANSACTION !!!

D/KeyguardUpdateMonitor( 1110): sendKeyguardVisibilityChanged(true)

D/KeyguardUpdateMonitor( 1110): handleKeyguardVisibilityChanged(1)

V/PhoneStatusBar( 1110): setLightsOn(true)

D/ResolverActivity(20124): onPause registered unreceiver

D/PointerIcon(  910): setMouseIconStyle1 pointerType: 1001iconType:101 flag:0

D/PointerIcon(  910): setMouseCustomIcon IconType is same.101

D/PointerIcon(  910): setHoveringSpenIconStyle1 pointerType: 10001iconType:1 flag:0

D/PointerIcon(  910): setHoveringSpenCustomIcon IconType is same.1

D/KeyguardUpdateMonitor( 1110): sendKeyguardVisibilityChanged(true)

D/KeyguardUpdateMonitor( 1110): handleKeyguardVisibilityChanged(1)

I/SELinux (20165): Function: selinux_android_load_priority , priority [3] , priority version is VE=SEPF_GT-I9508V_4.4.4_0033

E/dalvikvm(20165): >>>>> Normal User

E/dalvikvm(20165): >>>>> com.android.packageinstaller [ userId:0 | appId:10154 ]

V/AudioPolicyManagerBase(  349): stopOutput() output 2, stream 1, session 3225

V/AudioPolicyManagerBase(  349): changeRefCount() stream 1, count 1

V/WindowOrientationListener(  910): mSContextAutoRotationListener.getProposedRotation, mbResultFaceDectection: false

V/WindowOrientationListener(  910): mSContextAutoRotationListener.getProposedRotation, Rotation: 0

V/WindowOrientationListener(  910): mSContextAutoRotationListener.getProposedRotation, mbResultFaceDectection: false

V/WindowOrientationListener(  910): mSContextAutoRotationListener.getProposedRotation, Rotation: 0

W/System.err( 1727): java.lang.IllegalArgumentException: Unknown URL content://com.tencent.server.fore.ForePluginContentProvider/SpProvider/SoftwareManagerImpl/String

W/System.err( 1727): 	at android.content.ContentResolver.insert(ContentResolver.java:1197)

W/System.err( 1727): 	at com.tmsdk.common.storage.a.mw(SourceFile:258)

W/System.err( 1727): 	at com.tmsdk.common.storage.a.V(SourceFile:275)

W/System.err( 1727): 	at tcs.bvv.ro(SourceFile:198)

W/System.err( 1727): 	at tcs.bvv.d(SourceFile:181)

W/System.err( 1727): 	at tcs.bvv.a(SourceFile:25)

W/System.err( 1727): 	at tcs.bvv$1.a(SourceFile:93)

W/System.err( 1727): 	at com.meri.service.j$5.run(SourceFile:394)

W/System.err( 1727): 	at tcs.aet.d(SourceFile:364)

W/System.err( 1727): 	at tcs.aet.c(SourceFile:349)

W/System.err( 1727): 	at tcs.aet.TM(SourceFile:150)

W/System.err( 1727): 	at tcs.aev.a(SourceFile:57)

W/System.err( 1727): 	at tcs.aet$1.run(SourceFile:218)

D/        (20165): DFactory start

D/        (20165): isQmage : stream is not a Qmage file

D/PhoneStatusBar( 1110): setTransGradationMode=false, mTransparentMode=false, mSemiTransparentMode=false, mMultiWindowMode=false

D/        (20165): DFactory start

D/        (20165): isQmage : stream is not a Qmage file

D/        (20165): DFactory start

D/        (20165): isQmage : stream is not a Qmage file

D/        (20165): DFactory start

D/        (20165): isQmage : stream is not a Qmage file

D/ProgressBar(20165): setProgressDrawable drawableHeight = 18

D/        (20165): DFactory start

D/        (20165): isQmage : stream is not a Qmage file

D/        (20165): DFactory start

D/        (20165): isQmage : stream is not a Qmage file

D/        (20165): DFactory start

D/        (20165): isQmage : stream is not a Qmage file

D/        (20165): DFactory start

D/        (20165): isQmage : stream is not a Qmage file

D/        (20165): DFactory start

D/        (20165): isQmage : stream is not a Qmage file

I/SurfaceFlinger(  345): id=10255 Removed SesolverAct (18/48)

I/SurfaceFlinger(  345): id=10237 Removed FBrowserAct (12/47)

I/SurfaceFlinger(  345): id=10255 Removed SesolverAct (-2/47)

I/SurfaceFlinger(  345): id=10237 Removed FBrowserAct (-2/47)

D/        (20165): DFactory start

D/        (20165): isQmage : stream is not a Qmage file

D/        (20165): DFactory start

D/        (20165): isQmage : stream is not a Qmage file

D/        (20165): DFactory start

D/        (20165): isQmage : stream is not a Qmage file

D/        (20165): DFactory start

D/        (20165): isQmage : stream is not a Qmage file

D/        (20165): DFactory start

D/        (20165): isQmage : stream is not a Qmage file

D/        (20165): DFactory start

D/        (20165): isQmage : stream is not a Qmage file

D/        (20165): DFactory start

D/        (20165): isQmage : stream is not a Qmage file

D/        (20165): DFactory start

D/        (20165): isQmage : stream is not a Qmage file

D/        (20165): DFactory start

D/        (20165): isQmage : stream is not a Qmage file

D/        (20165): DFactory start

D/        (20165): isQmage : stream is not a Qmage file

D/Sensorhubs(  355): readContextData: 1, 1, 7, -1

D/SensorHubManager(  910): onGetSensorHubDataLocked: library = 1, 1, 7, -1

D/CAE     (  910): onGetSensorHubData(SensorHubParserProvider.java:87) - onGetSensorHubData Event [event buffer len :4], AP_WAKEUP

I/CAE     (  910): parse(SensorHubParserProvider.java:166) - buffer size = 4

I/CAE     (  910): parse(SensorHubParserProvider.java:177) - 1, 1, 7, -1,

D/CAE     (  910): display(ContextProvider.java:365) - ================= AUTO_ROTATION =================

I/CAE     (  910): display(ContextProvider.java:381) - Angle=[-1]

D/SContextService(  910): updateSContext() : event = Auto Rotation

V/WindowOrientationListener(  910): mSContextAutoRotationListener.onSContextChanged, Rotation: -1

I/AppSecurityPermissions(20165): Ignoring unknown permission:androids.permission.ACCESS_COARSE_LOCATION

I/AppSecurityPermissions(20165): Ignoring unknown permission:android.permission.BAIDU_LOCATION_SERVICE

I/AppSecurityPermissions(20165): Ignoring unknown permission:android.permission.LOCATION

D/        (20165): DFactory start

D/        (20165): isQmage : stream is not a Qmage file

D/        (20165): DFactory start

D/        (20165): isQmage : stream is not a Qmage file

W/LicenseLogService(  910): log() failed

D/        (20165): DFactory start

D/        (20165): isQmage : stream is not a Qmage file

D/        (20165): DFactory start

D/        (20165): isQmage : stream is not a Qmage file

D/        (20165): DFactory start

D/        (20165): isQmage : stream is not a Qmage file

D/        (20165): DFactory start

D/        (20165): isQmage : stream is not a Qmage file

D/        (20165): DFactory start

D/        (20165): isQmage : stream is not a Qmage file

D/        (20165): DFactory start

D/        (20165): isQmage : stream is not a Qmage file

D/        (20165): DFactory start

D/        (20165): isQmage : stream is not a Qmage file

D/        (20165): DFactory start

D/        (20165): isQmage : stream is not a Qmage file

D/        (20165): DFactory start

D/        (20165): isQmage : stream is not a Qmage file

D/        (20165): DFactory start

D/        (20165): isQmage : stream is not a Qmage file

D/        (20165): DFactory start

D/        (20165): isQmage : stream is not a Qmage file

D/        (20165): DFactory start

D/        (20165): isQmage : stream is not a Qmage file

D/        (20165): DFactory start

D/        (20165): isQmage : stream is not a Qmage file

D/        (20165): DFactory start

D/        (20165): isQmage : stream is not a Qmage file

D/        (20165): DFactory start

D/        (20165): isQmage : stream is not a Qmage file

D/        (20165): DFactory start

D/        (20165): isQmage : stream is not a Qmage file

D/        (20165): DFactory start

D/        (20165): isQmage : stream is not a Qmage file

D/        (20165): DFactory start

D/        (20165): isQmage : stream is not a Qmage file

D/        (20165): DFactory start

D/        (20165): isQmage : stream is not a Qmage file

D/        (20165): DFactory start

D/        (20165): isQmage : stream is not a Qmage file

D/        (20165): DFactory start

D/        (20165): isQmage : stream is not a Qmage file

D/        (20165): DFactory start

D/        (20165): isQmage : stream is not a Qmage file

D/PhoneStatusBar( 1110): setSemiTransparentMode=false, mTransparentMode=false, mSemiTransparentMode=false, mMultiWindowMode=false

I/SurfaceFlinger(  345): id=10257 createSurf (1x1),1 flag=404, QackageInst

I/SpenGestureManager(  910): setFocusWindow21035

D/PointerIcon(  910): setMouseIconStyle1 pointerType: 1001iconType:101 flag:0

D/PointerIcon(  910): setMouseCustomIcon IconType is same.101

D/PointerIcon(  910): setHoveringSpenIconStyle1 pointerType: 10001iconType:1 flag:0

D/PointerIcon(  910): setHoveringSpenCustomIcon IconType is same.1

I/Adreno-EGL(20165): <qeglDrvAPI_eglInitialize:410>: EGL 1.4 QUALCOMM build:  ()

I/Adreno-EGL(20165): OpenGL ES Shader Compiler Version: E031.24.00.08+13

I/Adreno-EGL(20165): Build Date: 03/28/14 Fri

I/Adreno-EGL(20165): Local Branch: 0328_AU200_patches

I/Adreno-EGL(20165): Remote Branch: 

I/Adreno-EGL(20165): Local Patches: 

I/Adreno-EGL(20165): Reconstruct Branch: 

D/Sensorhubs(  355): readContextData: 1, 1, 7, 0

D/SensorHubManager(  910): onGetSensorHubDataLocked: library = 1, 1, 7, 0

D/CAE     (  910): onGetSensorHubData(SensorHubParserProvider.java:87) - onGetSensorHubData Event [event buffer len :4], AP_WAKEUP

I/CAE     (  910): parse(SensorHubParserProvider.java:166) - buffer size = 4

I/CAE     (  910): parse(SensorHubParserProvider.java:177) - 1, 1, 7, 0,

D/CAE     (  910): display(ContextProvider.java:365) - ================= AUTO_ROTATION =================

I/CAE     (  910): display(ContextProvider.java:381) - Angle=[0]

D/SContextService(  910): updateSContext() : event = Auto Rotation

V/WindowOrientationListener(  910): mSContextAutoRotationListener.onSContextChanged, Rotation: 0

D/OpenGLRenderer(20165): Enabling debug mode 0

D/ProgressBar(20165): updateDrawableBounds: left = 0

D/ProgressBar(20165): updateDrawableBounds: top = 0

D/ProgressBar(20165): updateDrawableBounds: right = 984

D/ProgressBar(20165): updateDrawableBounds: bottom = 18

D/ProgressBar(20165): updateDrawableBounds: mProgressDrawable.setBounds()

I/Keyboard.Facilitator( 6051): onFinishInput()

W/IInputConnectionWrapper( 9490): showStatusIcon on inactive InputConnection

D/KeyguardUpdateMonitor( 1110): sendKeyguardVisibilityChanged(true)

D/KeyguardUpdateMonitor( 1110): handleKeyguardVisibilityChanged(1)

E/JavaBinder(  910): !!! FAILED BINDER TRANSACTION !!!

V/AudioPolicyManagerBase(  349): stopOutput() output 2, stream 1, session 3226

V/AudioPolicyManagerBase(  349): changeRefCount() stream 1, count 0

V/AudioPolicyManagerBase(  349): getNewDevice() selected device 0

V/AudioPolicyManagerBase(  349): setOutputDevice() output 2 device 0000 force 0 delayMs 160 

V/AudioPolicyManagerBase(  349): setOutputDevice() prevDevice (0002)

V/AudioPolicyManagerBase(  349): setOutputDevice() setting same device 0000 or null device for output 2

D/AbsListView(20124): onDetachedFromWindow

D/KeyguardUpdateMonitor( 1110): sendKeyguardVisibilityChanged(true)

D/KeyguardUpdateMonitor( 1110): handleKeyguardVisibilityChanged(1)

D/Sensorhubs(  355): readContextData: 1, 1, 7, -1

D/SensorHubManager(  910): onGetSensorHubDataLocked: library = 1, 1, 7, -1

D/CAE     (  910): onGetSensorHubData(SensorHubParserProvider.java:87) - onGetSensorHubData Event [event buffer len :4], AP_WAKEUP

I/CAE     (  910): parse(SensorHubParserProvider.java:166) - buffer size = 4

I/CAE     (  910): parse(SensorHubParserProvider.java:177) - 1, 1, 7, -1,

D/CAE     (  910): display(ContextProvider.java:365) - ================= AUTO_ROTATION =================

I/CAE     (  910): display(ContextProvider.java:381) - Angle=[-1]

D/SContextService(  910): updateSContext() : event = Auto Rotation

V/WindowOrientationListener(  910): mSContextAutoRotationListener.onSContextChanged, Rotation: -1

D/KeyguardUpdateMonitor( 1110): sendKeyguardVisibilityChanged(true)

I/SurfaceFlinger(  345): id=10256 Removed qackageinst (20/47)

D/KeyguardUpdateMonitor( 1110): handleKeyguardVisibilityChanged(1)

I/SurfaceFlinger(  345): id=10256 Removed qackageinst (-2/47)

D/KeyguardUpdateMonitor( 1110): sendKeyguardVisibilityChanged(true)

D/KeyguardUpdateMonitor( 1110): handleKeyguardVisibilityChanged(1)

D/Sensorhubs(  355): readContextData: 1, 1, 7, 0

D/SensorHubManager(  910): onGetSensorHubDataLocked: library = 1, 1, 7, 0

D/CAE     (  910): onGetSensorHubData(SensorHubParserProvider.java:87) - onGetSensorHubData Event [event buffer len :4], AP_WAKEUP

I/CAE     (  910): parse(SensorHubParserProvider.java:166) - buffer size = 4

I/CAE     (  910): parse(SensorHubParserProvider.java:177) - 1, 1, 7, 0,

D/CAE     (  910): display(ContextProvider.java:365) - ================= AUTO_ROTATION =================

D/InputReader(  910): Input event: value=1

I/InputReader(  910): Touch event's action is 0x0 (deviceType=0) [pCnt=1, s=0.2037 ] when=2780515296291000

I/InputDispatcher(  910): Delivering touch to (1110): action: 0x4, toolType: 1

I/CAE     (  910): display(ContextProvider.java:381) - Angle=[0]

I/InputDispatcher(  910): Delivering touch to (20165): action: 0x0, toolType: 1

D/SContextService(  910): updateSContext() : event = Auto Rotation

V/WindowOrientationListener(  910): mSContextAutoRotationListener.onSContextChanged, Rotation: 0

D/InputReader(  910): Input event: value=0

I/InputReader(  910): Touch event's action is 0x1 (deviceType=0) [pCnt=1, s=] when=2780515389118000

I/InputDispatcher(  910): Delivering touch to (20165): action: 0x1, toolType: 1

D/Sensorhubs(  355): readContextData: 1, 1, 7, -1

D/SensorHubManager(  910): onGetSensorHubDataLocked: library = 1, 1, 7, -1

D/CAE     (  910): onGetSensorHubData(SensorHubParserProvider.java:87) - onGetSensorHubData Event [event buffer len :4], AP_WAKEUP

I/CAE     (  910): parse(SensorHubParserProvider.java:166) - buffer size = 4

I/CAE     (  910): parse(SensorHubParserProvider.java:177) - 1, 1, 7, -1,

D/CAE     (  910): display(ContextProvider.java:365) - ================= AUTO_ROTATION =================

I/CAE     (  910): display(ContextProvider.java:381) - Angle=[-1]

D/SContextService(  910): updateSContext() : event = Auto Rotation

V/WindowOrientationListener(  910): mSContextAutoRotationListener.onSContextChanged, Rotation: -1

D/Sensorhubs(  355): readContextData: 1, 1, 7, 0

D/SensorHubManager(  910): onGetSensorHubDataLocked: library = 1, 1, 7, 0

D/CAE     (  910): onGetSensorHubData(SensorHubParserProvider.java:87) - onGetSensorHubData Event [event buffer len :4], AP_WAKEUP

I/CAE     (  910): parse(SensorHubParserProvider.java:166) - buffer size = 4

I/CAE     (  910): parse(SensorHubParserProvider.java:177) - 1, 1, 7, 0,

D/CAE     (  910): display(ContextProvider.java:365) - ================= AUTO_ROTATION =================

I/CAE     (  910): display(ContextProvider.java:381) - Angle=[0]

D/SContextService(  910): updateSContext() : event = Auto Rotation

V/WindowOrientationListener(  910): mSContextAutoRotationListener.onSContextChanged, Rotation: 0

D/Sensorhubs(  355): readContextData: 1, 1, 7, -1

D/SensorHubManager(  910): onGetSensorHubDataLocked: library = 1, 1, 7, -1

I/SELinux (20185): Function: selinux_android_load_priority , priority [3] , priority version is VE=SEPF_GT-I9508V_4.4.4_0033

D/CAE     (  910): onGetSensorHubData(SensorHubParserProvider.java:87) - onGetSensorHubData Event [event buffer len :4], AP_WAKEUP

I/CAE     (  910): parse(SensorHubParserProvider.java:166) - buffer size = 4

I/CAE     (  910): parse(SensorHubParserProvider.java:177) - 1, 1, 7, -1,

E/dalvikvm(20185): >>>>> Normal User

E/dalvikvm(20185): >>>>> com.wandoujia.phoenix2.usbproxy [ userId:0 | appId:10203 ]

D/CAE     (  910): display(ContextProvider.java:365) - ================= AUTO_ROTATION =================

I/CAE     (  910): display(ContextProvider.java:381) - Angle=[-1]

D/SContextService(  910): updateSContext() : event = Auto Rotation

V/WindowOrientationListener(  910): mSContextAutoRotationListener.onSContextChanged, Rotation: -1

D/Sensorhubs(  355): readContextData: 1, 1, 7, 0

D/SensorHubManager(  910): onGetSensorHubDataLocked: library = 1, 1, 7, 0

D/CAE     (  910): onGetSensorHubData(SensorHubParserProvider.java:87) - onGetSensorHubData Event [event buffer len :4], AP_WAKEUP

I/CAE     (  910): parse(SensorHubParserProvider.java:166) - buffer size = 4

I/CAE     (  910): parse(SensorHubParserProvider.java:177) - 1, 1, 7, 0,

D/CAE     (  910): display(ContextProvider.java:365) - ================= AUTO_ROTATION =================

I/CAE     (  910): display(ContextProvider.java:381) - Angle=[0]

D/SContextService(  910): updateSContext() : event = Auto Rotation

V/WindowOrientationListener(  910): mSContextAutoRotationListener.onSContextChanged, Rotation: 0

D/Sensorhubs(  355): readContextData: 1, 1, 7, -1

D/SensorHubManager(  910): onGetSensorHubDataLocked: library = 1, 1, 7, -1

D/CAE     (  910): onGetSensorHubData(SensorHubParserProvider.java:87) - onGetSensorHubData Event [event buffer len :4], AP_WAKEUP

I/CAE     (  910): parse(SensorHubParserProvider.java:166) - buffer size = 4

I/CAE     (  910): parse(SensorHubParserProvider.java:177) - 1, 1, 7, -1,

D/CAE     (  910): display(ContextProvider.java:365) - ================= AUTO_ROTATION =================

I/CAE     (  910): display(ContextProvider.java:381) - Angle=[-1]

D/SContextService(  910): updateSContext() : event = Auto Rotation

V/WindowOrientationListener(  910): mSContextAutoRotationListener.onSContextChanged, Rotation: -1

D/InputReader(  910): Input event: value=1

I/InputReader(  910): Touch event's action is 0x0 (deviceType=0) [pCnt=1, s=0.2038 ] when=2780516116324000

I/InputDispatcher(  910): Delivering touch to (1110): action: 0x4, toolType: 1

I/InputDispatcher(  910): Delivering touch to (20165): action: 0x0, toolType: 1

D/cell strength( 1228): ===== cell singal strength changed : 99

D/InputReader(  910): Input event: value=0

