D/WIFI_ICON( 1112): updateWifiState: RSSI_CHANGED 3 -> 3

D/StatusBar.NetworkController( 1112): dumpIcon[(gone) (gone) stat_sys_wifi_signal_in_4 stat_sys_no_sim F]

D/ConnectivityService(  890): updateNetworkScore for NetworkAgentInfo [WIFI () - 105] to 56

D/ConnectivityService(  890): rematching NetworkAgentInfo [WIFI () - 105]

D/ConnectivityService(  890):  network has: [ Transports: WIFI Capabilities: INTERNET&NOT_RESTRICTED&TRUSTED&NOT_VPN LinkUpBandwidth>=1048576Kbps LinkDnBandwidth>=1048576Kbps]

D/ConnectivityService(  890):   checking if request is satisfied: NetworkRequest [ id=2, legacyType=-1, [] ]

D/ConnectivityService(  890): Network NetworkAgentInfo [WIFI () - 105] was already satisfying request 1. No change.

D/ConnectivityService(  890): notifyType AVAILABLE for NetworkAgentInfo [WIFI () - 105]

D/ConnectivityService(  890):  sending notification for NetworkRequest [ id=1, legacyType=-1, [ Capabilities: INTERNET&NOT_RESTRICTED&TRUSTED&NOT_VPN] ]

D/ConnectivityService(  890):  sending notification for NetworkRequest [ id=2, legacyType=-1, [] ]

D/ConnectivityService(  890): sending notification AVAILABLE for NetworkRequest [ id=2, legacyType=-1, [] ]

D/ConnectivityService(  890): sending new Min Network Score(56): NetworkRequest [ id=1, legacyType=-1, [ Capabilities: INTERNET&NOT_RESTRICTED&TRUSTED&NOT_VPN] ], isSkipMobile=false

D/WIFI_ICON( 1112): updateWifiState: RSSI_CHANGED 3 -> 3

D/StatusBar.NetworkController( 1112): dumpIcon[(gone) (gone) stat_sys_wifi_signal_in_4 stat_sys_no_sim F]

D/WIFI_ICON( 1112): updateWifiState: RSSI_CHANGED 3 -> 3

D/StatusBar.NetworkController( 1112): dumpIcon[(gone) (gone) stat_sys_wifi_signal_in_4 stat_sys_no_sim F]

D/WIFI_ICON( 1112): updateWifiState: RSSI_CHANGED 3 -> 3

D/StatusBar.NetworkController( 1112): dumpIcon[(gone) (gone) stat_sys_wifi_signal_in_4 stat_sys_no_sim F]

D/WIFI_ICON( 1112): updateWifiState: RSSI_CHANGED 3 -> 3

D/StatusBar.NetworkController( 1112): dumpIcon[(gone) (gone) stat_sys_wifi_signal_in_4 stat_sys_no_sim F]

D/ConnectivityService(  890): updateNetworkScore for NetworkAgentInfo [WIFI () - 105] to 60

D/ConnectivityService(  890): rematching NetworkAgentInfo [WIFI () - 105]

D/ConnectivityService(  890):  network has: [ Transports: WIFI Capabilities: INTERNET&NOT_RESTRICTED&TRUSTED&NOT_VPN LinkUpBandwidth>=1048576Kbps LinkDnBandwidth>=1048576Kbps]

D/ConnectivityService(  890):   checking if request is satisfied: NetworkRequest [ id=2, legacyType=-1, [] ]

D/ConnectivityService(  890): Network NetworkAgentInfo [WIFI () - 105] was already satisfying request 1. No change.

D/ConnectivityService(  890): notifyType AVAILABLE for NetworkAgentInfo [WIFI () - 105]

D/ConnectivityService(  890):  sending notification for NetworkRequest [ id=1, legacyType=-1, [ Capabilities: INTERNET&NOT_RESTRICTED&TRUSTED&NOT_VPN] ]

D/ConnectivityService(  890):  sending notification for NetworkRequest [ id=2, legacyType=-1, [] ]

D/ConnectivityService(  890): sending notification AVAILABLE for NetworkRequest [ id=2, legacyType=-1, [] ]

D/ConnectivityService(  890): sending new Min Network Score(60): NetworkRequest [ id=1, legacyType=-1, [ Capabilities: INTERNET&NOT_RESTRICTED&TRUSTED&NOT_VPN] ], isSkipMobile=false

D/WIFI_ICON( 1112): updateWifiState: RSSI_CHANGED 3 -> 3

D/StatusBar.NetworkController( 1112): dumpIcon[(gone) (gone) stat_sys_wifi_signal_in_4 stat_sys_no_sim F]

D/ConnectivityService(  890): updateNetworkScore for NetworkAgentInfo [WIFI () - 105] to 56

D/ConnectivityService(  890): rematching NetworkAgentInfo [WIFI () - 105]

D/ConnectivityService(  890):  network has: [ Transports: WIFI Capabilities: INTERNET&NOT_RESTRICTED&TRUSTED&NOT_VPN LinkUpBandwidth>=1048576Kbps LinkDnBandwidth>=1048576Kbps]

D/ConnectivityService(  890):   checking if request is satisfied: NetworkRequest [ id=2, legacyType=-1, [] ]

D/ConnectivityService(  890): Network NetworkAgentInfo [WIFI () - 105] was already satisfying request 1. No change.

D/ConnectivityService(  890): notifyType AVAILABLE for NetworkAgentInfo [WIFI () - 105]

D/ConnectivityService(  890):  sending notification for NetworkRequest [ id=1, legacyType=-1, [ Capabilities: INTERNET&NOT_RESTRICTED&TRUSTED&NOT_VPN] ]

D/ConnectivityService(  890):  sending notification for NetworkRequest [ id=2, legacyType=-1, [] ]

D/ConnectivityService(  890): sending notification AVAILABLE for NetworkRequest [ id=2, legacyType=-1, [] ]

D/ConnectivityService(  890): sending new Min Network Score(56): NetworkRequest [ id=1, legacyType=-1, [ Capabilities: INTERNET&NOT_RESTRICTED&TRUSTED&NOT_VPN] ], isSkipMobile=false

D/WIFI_ICON( 1112): updateWifiState: RSSI_CHANGED 3 -> 3

D/StatusBar.NetworkController( 1112): dumpIcon[(gone) (gone) stat_sys_wifi_signal_in_4 stat_sys_no_sim F]

D/ConnectivityService(  890): updateNetworkScore for NetworkAgentInfo [WIFI () - 105] to 60

D/WIFI_ICON( 1112): updateWifiState: RSSI_CHANGED 3 -> 3

D/ConnectivityService(  890): rematching NetworkAgentInfo [WIFI () - 105]

D/StatusBar.NetworkController( 1112): dumpIcon[(gone) (gone) stat_sys_wifi_signal_in_4 stat_sys_no_sim F]

D/ConnectivityService(  890):  network has: [ Transports: WIFI Capabilities: INTERNET&NOT_RESTRICTED&TRUSTED&NOT_VPN LinkUpBandwidth>=1048576Kbps LinkDnBandwidth>=1048576Kbps]

D/ConnectivityService(  890):   checking if request is satisfied: NetworkRequest [ id=2, legacyType=-1, [] ]

D/ConnectivityService(  890): Network NetworkAgentInfo [WIFI () - 105] was already satisfying request 1. No change.

D/ConnectivityService(  890): notifyType AVAILABLE for NetworkAgentInfo [WIFI () - 105]

D/ConnectivityService(  890):  sending notification for NetworkRequest [ id=1, legacyType=-1, [ Capabilities: INTERNET&NOT_RESTRICTED&TRUSTED&NOT_VPN] ]

D/ConnectivityService(  890):  sending notification for NetworkRequest [ id=2, legacyType=-1, [] ]

D/ConnectivityService(  890): sending notification AVAILABLE for NetworkRequest [ id=2, legacyType=-1, [] ]

D/ConnectivityService(  890): sending new Min Network Score(60): NetworkRequest [ id=1, legacyType=-1, [ Capabilities: INTERNET&NOT_RESTRICTED&TRUSTED&NOT_VPN] ], isSkipMobile=false

D/WIFI_ICON( 1112): updateWifiState: RSSI_CHANGED 3 -> 3

D/StatusBar.NetworkController( 1112): dumpIcon[(gone) (gone) stat_sys_wifi_signal_in_4 stat_sys_no_sim F]

D/WIFI_ICON( 1112): updateWifiState: RSSI_CHANGED 3 -> 3

D/StatusBar.NetworkController( 1112): dumpIcon[(gone) (gone) stat_sys_wifi_signal_in_4 stat_sys_no_sim F]

D/PMS     (  890): acquireWL(34dcad50): PARTIAL_WAKE_LOCK  *alarm* 0x1 890 1000 WorkSource{10198}

V/AlarmManager(  890): sending alarm PendingIntent{1aa45b49: PendingIntentRecord{360e21ff com.alipay.m.portal broadcastIntent}}, i=com.alipay.m.portal.push.action.KEEPLIVE, t=0, cnt=1, w=1450257990289, Int=0

V/AlarmManager(  890): sending alarm PendingIntent{172f3f56: PendingIntentRecord{16ee5bd7 android broadcastIntent}}, i=com.android.server.WifiManager.action.START_SCAN, t=1, cnt=1, w=1450257981006, Int=20000

D/WifiDisplayAdapter(  890): getWifiDisplayStatusLocked: result=WifiDisplayStatus{featureState=2, scanState=0, activeDisplayState=0, activeDisplay=null, displays=[], sessionInfo=WifiDisplaySessionInfo:

D/WifiDisplayAdapter(  890):     Client/Owner: Client

D/WifiDisplayAdapter(  890):     GroupId: 

D/WifiDisplayAdapter(  890):     Passphrase: 

D/WifiDisplayAdapter(  890):     SessionId: 0

D/WifiDisplayAdapter(  890):     IP Address: }

D/PMS     (  890): releaseWL(34dcad50): PARTIAL_WAKE_LOCK  *alarm* 0x1 WorkSource{1000}

D/WIFI_ICON( 1112): WifiActivity: 3

D/StatusBar.NetworkController( 1112): dumpIcon[(gone) (gone) stat_sys_wifi_signal_inandout_4 stat_sys_no_sim F]

D/WIFI_ICON( 1112): WifiActivity: 1

D/PMS     (  890): acquireWL(f414c4e): PARTIAL_WAKE_LOCK  BatteryServiceUpdateStats_3 0x1 890 1000 null

I/BatteryService(  890): n_update end

D/StatusBar.NetworkController( 1112): dumpIcon[(gone) (gone) stat_sys_wifi_signal_in_4 stat_sys_no_sim F]

D/PMS     (  890): releaseWL(f414c4e): PARTIAL_WAKE_LOCK  BatteryServiceUpdateStats_3 0x1 null

D/HtcPowerSaver(  890): updateBatteryInfo

D/NotificationService(  890): plugged=true pluggin=true

D/PMS     (  890): runPSCheck

D/WifiController(  890): battery changed pluggedType: 2

D/HtcPowerSaver(  890): Checking...

I/HtcPowerSaver(  890): >> updateStatus

I/HtcPowerSaver(  890): updateStatus (8000,100,-1,false,false,false,-1)

I/HtcPowerSaver(  890): << updateStatus

D/PMS     (  890): acquireWL(3661716f): PARTIAL_WAKE_LOCK  BatteryServiceUpdateStats_3 0x1 890 1000 null

D/PowerUI ( 1112): closing low battery warning: level=100

I/BatteryService(  890): n_update end

D/PMS     (  890): releaseWL(3661716f): PARTIAL_WAKE_LOCK  BatteryServiceUpdateStats_3 0x1 null

D/NotificationService(  890): plugged=true pluggin=true

D/WifiController(  890): battery changed pluggedType: 2

D/PowerUI ( 1112): plugged = true, health = 2, mBatteryLevel = 100, mPluggedBatteryLevel = 100, mLowBatteryWarningLevel2 = 25, mshowLowChargingWarning2 = true

D/PowerUI ( 1112): closing low battery warning: level=100

D/HtcPowerSaver(  890): updateBatteryInfo

D/PMS     (  890): runPSCheck

D/HtcPowerSaver(  890): Checking...

I/HtcPowerSaver(  890): >> updateStatus

D/PowerUI ( 1112): plugged = true, health = 2, mBatteryLevel = 100, mPluggedBatteryLevel = 100, mLowBatteryWarningLevel2 = 25, mshowLowChargingWarning2 = true

I/HtcPowerSaver(  890): updateStatus (8000,100,-1,false,false,false,-1)

I/HtcPowerSaver(  890): << updateStatus

D/WIFI_ICON( 1112): updateWifiState: RSSI_CHANGED 3 -> 3

D/StatusBar.NetworkController( 1112): dumpIcon[(gone) (gone) stat_sys_wifi_signal_in_4 stat_sys_no_sim F]

D/WIFI_ICON( 1112): updateWifiState: RSSI_CHANGED 3 -> 3

D/StatusBar.NetworkController( 1112): dumpIcon[(gone) (gone) stat_sys_wifi_signal_in_4 stat_sys_no_sim F]

D/WIFI_ICON( 1112): updateWifiState: RSSI_CHANGED 3 -> 3

D/StatusBar.NetworkController( 1112): dumpIcon[(gone) (gone) stat_sys_wifi_signal_in_4 stat_sys_no_sim F]

D/WifiDisplayAdapter(  890): getWifiDisplayStatusLocked: result=WifiDisplayStatus{featureState=2, scanState=0, activeDisplayState=0, activeDisplay=null, displays=[], sessionInfo=WifiDisplaySessionInfo:

D/WifiDisplayAdapter(  890):     Client/Owner: Client

D/WifiDisplayAdapter(  890):     GroupId: 

D/WifiDisplayAdapter(  890):     Passphrase: 

D/WifiDisplayAdapter(  890):     SessionId: 0

D/WifiDisplayAdapter(  890):     IP Address: }

D/PMS     (  890): acquireWL(2e74e7c): PARTIAL_WAKE_LOCK  *alarm* 0x1 890 1000 WorkSource{1000}

V/AlarmManager(  890): sending alarm PendingIntent{172f3f56: PendingIntentRecord{16ee5bd7 android broadcastIntent}}, i=com.android.server.WifiManager.action.START_SCAN, t=1, cnt=1, w=1450258001006, Int=20000

D/PMS     (  890): releaseWL(2e74e7c): PARTIAL_WAKE_LOCK  *alarm* 0x1 WorkSource{1000}

D/WIFI_ICON( 1112): updateWifiState: RSSI_CHANGED 3 -> 3

D/StatusBar.NetworkController( 1112): dumpIcon[(gone) (gone) stat_sys_wifi_signal_in_4 stat_sys_no_sim F]

D/WIFI_ICON( 1112): updateWifiState: RSSI_CHANGED 3 -> 3

D/StatusBar.NetworkController( 1112): dumpIcon[(gone) (gone) stat_sys_wifi_signal_in_4 stat_sys_no_sim F]

D/WIFI_ICON( 1112): updateWifiState: RSSI_CHANGED 3 -> 3

D/StatusBar.NetworkController( 1112): dumpIcon[(gone) (gone) stat_sys_wifi_signal_in_4 stat_sys_no_sim F]

D/WIFI_ICON( 1112): updateWifiState: RSSI_CHANGED 3 -> 3

D/StatusBar.NetworkController( 1112): dumpIcon[(gone) (gone) stat_sys_wifi_signal_in_4 stat_sys_no_sim F]

D/WIFI_ICON( 1112): updateWifiState: RSSI_CHANGED 3 -> 3

D/StatusBar.NetworkController( 1112): dumpIcon[(gone) (gone) stat_sys_wifi_signal_in_4 stat_sys_no_sim F]

D/WIFI_ICON( 1112): updateWifiState: RSSI_CHANGED 3 -> 3

D/StatusBar.NetworkController( 1112): dumpIcon[(gone) (gone) stat_sys_wifi_signal_in_4 stat_sys_no_sim F]

D/PMS     (  890): acquireWL(264e6305): PARTIAL_WAKE_LOCK  *alarm* 0x40000001 890 1000 WorkSource{1000}

V/AlarmManager(  890): sending alarm PendingIntent{16018d88: PendingIntentRecord{16f8e321 android broadcastIntent}}, i=android.intent.action.TIME_TICK, t=3, cnt=1, w=546438002, Int=0

D/PMS     (  890): releaseWL(264e6305): PARTIAL_WAKE_LOCK  *alarm* 0x40000001 WorkSource{1000}

D/WIFI_ICON( 1112): updateWifiState: RSSI_CHANGED 3 -> 3

D/StatusBar.NetworkController( 1112): dumpIcon[(gone) (gone) stat_sys_wifi_signal_in_4 stat_sys_no_sim F]

D/PMS     (  890): acquireWL(c69df5a): PARTIAL_WAKE_LOCK  *alarm* 0x1 890 1000 WorkSource{10198}

V/AlarmManager(  890): sending alarm PendingIntent{24bdb58b: PendingIntentRecord{360e21ff com.alipay.m.portal broadcastIntent}}, i=com.alipay.m.portal.push.action.KEEPLIVE, t=0, cnt=1, w=1450258020329, Int=0

V/AlarmManager(  890): sending alarm PendingIntent{172f3f56: PendingIntentRecord{16ee5bd7 android broadcastIntent}}, i=com.android.server.WifiManager.action.START_SCAN, t=1, cnt=1, w=1450258021006, Int=20000

D/WifiDisplayAdapter(  890): getWifiDisplayStatusLocked: result=WifiDisplayStatus{featureState=2, scanState=0, activeDisplayState=0, activeDisplay=null, displays=[], sessionInfo=WifiDisplaySessionInfo:

D/WifiDisplayAdapter(  890):     Client/Owner: Client

D/WifiDisplayAdapter(  890):     GroupId: 

D/WifiDisplayAdapter(  890):     Passphrase: 

D/WifiDisplayAdapter(  890):     SessionId: 0

D/WifiDisplayAdapter(  890):     IP Address: }

D/PMS     (  890): releaseWL(c69df5a): PARTIAL_WAKE_LOCK  *alarm* 0x1 WorkSource{1000}

D/WIFI_ICON( 1112): WifiActivity: 3

D/StatusBar.NetworkController( 1112): dumpIcon[(gone) (gone) stat_sys_wifi_signal_inandout_4 stat_sys_no_sim F]

D/WIFI_ICON( 1112): WifiActivity: 1

D/StatusBar.NetworkController( 1112): dumpIcon[(gone) (gone) stat_sys_wifi_signal_in_4 stat_sys_no_sim F]

D/WIFI_ICON( 1112): updateWifiState: RSSI_CHANGED 3 -> 3

D/StatusBar.NetworkController( 1112): dumpIcon[(gone) (gone) stat_sys_wifi_signal_in_4 stat_sys_no_sim F]

D/WIFI_ICON( 1112): updateWifiState: RSSI_CHANGED 3 -> 3

D/StatusBar.NetworkController( 1112): dumpIcon[(gone) (gone) stat_sys_wifi_signal_in_4 stat_sys_no_sim F]

D/ConnectivityService(  890): updateNetworkScore for NetworkAgentInfo [WIFI () - 105] to 56

D/ConnectivityService(  890): rematching NetworkAgentInfo [WIFI () - 105]

D/ConnectivityService(  890):  network has: [ Transports: WIFI Capabilities: INTERNET&NOT_RESTRICTED&TRUSTED&NOT_VPN LinkUpBandwidth>=1048576Kbps LinkDnBandwidth>=1048576Kbps]

D/ConnectivityService(  890):   checking if request is satisfied: NetworkRequest [ id=2, legacyType=-1, [] ]

D/ConnectivityService(  890): Network NetworkAgentInfo [WIFI () - 105] was already satisfying request 1. No change.

D/ConnectivityService(  890): notifyType AVAILABLE for NetworkAgentInfo [WIFI () - 105]

D/ConnectivityService(  890):  sending notification for NetworkRequest [ id=1, legacyType=-1, [ Capabilities: INTERNET&NOT_RESTRICTED&TRUSTED&NOT_VPN] ]

D/ConnectivityService(  890):  sending notification for NetworkRequest [ id=2, legacyType=-1, [] ]

D/ConnectivityService(  890): sending notification AVAILABLE for NetworkRequest [ id=2, legacyType=-1, [] ]

D/ConnectivityService(  890): sending new Min Network Score(56): NetworkRequest [ id=1, legacyType=-1, [ Capabilities: INTERNET&NOT_RESTRICTED&TRUSTED&NOT_VPN] ], isSkipMobile=false

D/WIFI_ICON( 1112): updateWifiState: RSSI_CHANGED 3 -> 3

D/StatusBar.NetworkController( 1112): dumpIcon[(gone) (gone) stat_sys_wifi_signal_in_4 stat_sys_no_sim F]

W/ActivityManager(  890): getTasks: caller 10199 does not hold GET_TASKS; limiting output

D/WIFI_ICON( 1112): WifiActivity: 3

D/StatusBar.NetworkController( 1112): dumpIcon[(gone) (gone) stat_sys_wifi_signal_inandout_4 stat_sys_no_sim F]

D/WIFI_ICON( 1112): WifiActivity: 1

D/StatusBar.NetworkController( 1112): dumpIcon[(gone) (gone) stat_sys_wifi_signal_in_4 stat_sys_no_sim F]

D/ConnectivityService(  890): updateNetworkScore for NetworkAgentInfo [WIFI () - 105] to 60

D/ConnectivityService(  890): rematching NetworkAgentInfo [WIFI () - 105]

D/ConnectivityService(  890):  network has: [ Transports: WIFI Capabilities: INTERNET&NOT_RESTRICTED&TRUSTED&NOT_VPN LinkUpBandwidth>=1048576Kbps LinkDnBandwidth>=1048576Kbps]

D/ConnectivityService(  890):   checking if request is satisfied: NetworkRequest [ id=2, legacyType=-1, [] ]

D/ConnectivityService(  890): Network NetworkAgentInfo [WIFI () - 105] was already satisfying request 1. No change.

D/ConnectivityService(  890): notifyType AVAILABLE for NetworkAgentInfo [WIFI () - 105]

D/ConnectivityService(  890):  sending notification for NetworkRequest [ id=1, legacyType=-1, [ Capabilities: INTERNET&NOT_RESTRICTED&TRUSTED&NOT_VPN] ]

D/ConnectivityService(  890):  sending notification for NetworkRequest [ id=2, legacyType=-1, [] ]

D/ConnectivityService(  890): sending notification AVAILABLE for NetworkRequest [ id=2, legacyType=-1, [] ]

D/ConnectivityService(  890): sending new Min Network Score(60): NetworkRequest [ id=1, legacyType=-1, [ Capabilities: INTERNET&NOT_RESTRICTED&TRUSTED&NOT_VPN] ], isSkipMobile=false

D/WIFI_ICON( 1112): updateWifiState: RSSI_CHANGED 3 -> 3

D/StatusBar.NetworkController( 1112): dumpIcon[(gone) (gone) stat_sys_wifi_signal_in_4 stat_sys_no_sim F]

D/WIFI_ICON( 1112): updateWifiState: RSSI_CHANGED 3 -> 3

D/StatusBar.NetworkController( 1112): dumpIcon[(gone) (gone) stat_sys_wifi_signal_in_4 stat_sys_no_sim F]

D/WIFI_ICON( 1112): updateWifiState: RSSI_CHANGED 3 -> 3

D/StatusBar.NetworkController( 1112): dumpIcon[(gone) (gone) stat_sys_wifi_signal_in_4 stat_sys_no_sim F]

D/WIFI_ICON( 1112): WifiActivity: 3

D/StatusBar.NetworkController( 1112): dumpIcon[(gone) (gone) stat_sys_wifi_signal_inandout_4 stat_sys_no_sim F]

D/WIFI_ICON( 1112): WifiActivity: 1

D/StatusBar.NetworkController( 1112): dumpIcon[(gone) (gone) stat_sys_wifi_signal_in_4 stat_sys_no_sim F]

D/WIFI_ICON( 1112): updateWifiState: RSSI_CHANGED 3 -> 3

D/StatusBar.NetworkController( 1112): dumpIcon[(gone) (gone) stat_sys_wifi_signal_in_4 stat_sys_no_sim F]

D/WIFI_ICON( 1112): WifiActivity: 3

D/StatusBar.NetworkController( 1112): dumpIcon[(gone) (gone) stat_sys_wifi_signal_inandout_4 stat_sys_no_sim F]

D/WIFI_ICON( 1112): WifiActivity: 1

D/StatusBar.NetworkController( 1112): dumpIcon[(gone) (gone) stat_sys_wifi_signal_in_4 stat_sys_no_sim F]

D/WIFI_ICON( 1112): updateWifiState: RSSI_CHANGED 3 -> 3

D/StatusBar.NetworkController( 1112): dumpIcon[(gone) (gone) stat_sys_wifi_signal_in_4 stat_sys_no_sim F]

D/WIFI_ICON( 1112): WifiActivity: 3

D/StatusBar.NetworkController( 1112): dumpIcon[(gone) (gone) stat_sys_wifi_signal_inandout_4 stat_sys_no_sim F]

D/WIFI_ICON( 1112): updateWifiState: RSSI_CHANGED 3 -> 3

D/StatusBar.NetworkController( 1112): dumpIcon[(gone) (gone) stat_sys_wifi_signal_inandout_4 stat_sys_no_sim F]

D/WIFI_ICON( 1112): WifiActivity: 1

D/StatusBar.NetworkController( 1112): dumpIcon[(gone) (gone) stat_sys_wifi_signal_in_4 stat_sys_no_sim F]

D/WIFI_ICON( 1112): updateWifiState: RSSI_CHANGED 3 -> 3

D/StatusBar.NetworkController( 1112): dumpIcon[(gone) (gone) stat_sys_wifi_signal_in_4 stat_sys_no_sim F]

D/PMS     (  890): acquireWL(2698d668): PARTIAL_WAKE_LOCK  *alarm* 0x1 890 1000 WorkSource{10198}

V/AlarmManager(  890): sending alarm PendingIntent{3cd72a81: PendingIntentRecord{360e21ff com.alipay.m.portal broadcastIntent}}, i=com.alipay.m.portal.push.action.KEEPLIVE, t=0, cnt=1, w=1450258051107, Int=0

V/AlarmManager(  890): sending alarm PendingIntent{172f3f56: PendingIntentRecord{16ee5bd7 android broadcastIntent}}, i=com.android.server.WifiManager.action.START_SCAN, t=1, cnt=1, w=1450258041006, Int=20000

D/WifiDisplayAdapter(  890): getWifiDisplayStatusLocked: result=WifiDisplayStatus{featureState=2, scanState=0, activeDisplayState=0, activeDisplay=null, displays=[], sessionInfo=WifiDisplaySessionInfo:

D/WifiDisplayAdapter(  890):     Client/Owner: Client

D/WifiDisplayAdapter(  890):     GroupId: 

D/WifiDisplayAdapter(  890):     Passphrase: 

D/WifiDisplayAdapter(  890):     SessionId: 0

D/WifiDisplayAdapter(  890):     IP Address: }

D/PMS     (  890): releaseWL(2698d668): PARTIAL_WAKE_LOCK  *alarm* 0x1 WorkSource{1000}

D/WIFI_ICON( 1112): WifiActivity: 3

D/StatusBar.NetworkController( 1112): dumpIcon[(gone) (gone) stat_sys_wifi_signal_inandout_4 stat_sys_no_sim F]

D/PMS     (  890): acquireWL(17569726): PARTIAL_WAKE_LOCK  BatteryServiceUpdateStats_3 0x1 890 1000 null

I/BatteryService(  890): n_update end

D/PMS     (  890): releaseWL(17569726): PARTIAL_WAKE_LOCK  BatteryServiceUpdateStats_3 0x1 null

D/NotificationService(  890): plugged=true pluggin=true

D/WifiController(  890): battery changed pluggedType: 2

D/PowerUI ( 1112): closing low battery warning: level=100

D/PowerUI ( 1112): plugged = true, health = 2, mBatteryLevel = 100, mPluggedBatteryLevel = 100, mLowBatteryWarningLevel2 = 25, mshowLowChargingWarning2 = true

D/HtcPowerSaver(  890): updateBatteryInfo

D/PMS     (  890): runPSCheck

D/HtcPowerSaver(  890): Checking...

I/HtcPowerSaver(  890): >> updateStatus

I/HtcPowerSaver(  890): updateStatus (8000,100,-1,false,false,false,-1)

I/HtcPowerSaver(  890): << updateStatus

D/WIFI_ICON( 1112): WifiActivity: 1

D/StatusBar.NetworkController( 1112): dumpIcon[(gone) (gone) stat_sys_wifi_signal_in_4 stat_sys_no_sim F]

D/WIFI_ICON( 1112): updateWifiState: RSSI_CHANGED 3 -> 3

D/StatusBar.NetworkController( 1112): dumpIcon[(gone) (gone) stat_sys_wifi_signal_in_4 stat_sys_no_sim F]

D/WIFI_ICON( 1112): WifiActivity: 3

D/StatusBar.NetworkController( 1112): dumpIcon[(gone) (gone) stat_sys_wifi_signal_inandout_4 stat_sys_no_sim F]

D/WIFI_ICON( 1112): WifiActivity: 1

D/StatusBar.NetworkController( 1112): dumpIcon[(gone) (gone) stat_sys_wifi_signal_in_4 stat_sys_no_sim F]

D/WIFI_ICON( 1112): updateWifiState: RSSI_CHANGED 3 -> 3

D/StatusBar.NetworkController( 1112): dumpIcon[(gone) (gone) stat_sys_wifi_signal_in_4 stat_sys_no_sim F]

D/WIFI_ICON( 1112): updateWifiState: RSSI_CHANGED 3 -> 3

D/StatusBar.NetworkController( 1112): dumpIcon[(gone) (gone) stat_sys_wifi_signal_in_4 stat_sys_no_sim F]

D/WIFI_ICON( 1112): updateWifiState: RSSI_CHANGED 3 -> 3

D/StatusBar.NetworkController( 1112): dumpIcon[(gone) (gone) stat_sys_wifi_signal_in_4 stat_sys_no_sim F]

D/WIFI_ICON( 1112): updateWifiState: RSSI_CHANGED 3 -> 3

D/StatusBar.NetworkController( 1112): dumpIcon[(gone) (gone) stat_sys_wifi_signal_in_4 stat_sys_no_sim F]

D/WIFI_ICON( 1112): WifiActivity: 3

D/StatusBar.NetworkController( 1112): dumpIcon[(gone) (gone) stat_sys_wifi_signal_inandout_4 stat_sys_no_sim F]

D/WIFI_ICON( 1112): updateWifiState: RSSI_CHANGED 3 -> 3

D/StatusBar.NetworkController( 1112): dumpIcon[(gone) (gone) stat_sys_wifi_signal_inandout_4 stat_sys_no_sim F]

D/WIFI_ICON( 1112): WifiActivity: 1

D/StatusBar.NetworkController( 1112): dumpIcon[(gone) (gone) stat_sys_wifi_signal_in_4 stat_sys_no_sim F]

D/WIFI_ICON( 1112): updateWifiState: RSSI_CHANGED 3 -> 3

D/StatusBar.NetworkController( 1112): dumpIcon[(gone) (gone) stat_sys_wifi_signal_in_4 stat_sys_no_sim F]

D/PMS     (  890): acquireWL(1f501f67): PARTIAL_WAKE_LOCK  *alarm* 0x1 890 1000 WorkSource{1000}

D/WifiDisplayAdapter(  890): getWifiDisplayStatusLocked: result=WifiDisplayStatus{featureState=2, scanState=0, activeDisplayState=0, activeDisplay=null, displays=[], sessionInfo=WifiDisplaySessionInfo:

D/WifiDisplayAdapter(  890):     Client/Owner: Client

D/WifiDisplayAdapter(  890):     GroupId: 

D/WifiDisplayAdapter(  890):     Passphrase: 

D/WifiDisplayAdapter(  890):     SessionId: 0

D/WifiDisplayAdapter(  890):     IP Address: }

V/AlarmManager(  890): sending alarm PendingIntent{172f3f56: PendingIntentRecord{16ee5bd7 android broadcastIntent}}, i=com.android.server.WifiManager.action.START_SCAN, t=1, cnt=1, w=1450258061006, Int=20000

V/AlarmManager(  890): sending alarm PendingIntent{2f58f114: PendingIntentRecord{2c99b5cd com.htc.htcpowermanager broadcastIntent}}, i=com.htc.htcpowermanager.action.CALC_POWER, t=1, cnt=1, w=1450258073817, Int=0

W/ContextImpl(17416): Calling a method in the system process without a qualified user: android.app.ContextImpl.startService:1798 android.content.ContextWrapper.startService:515 android.content.ContextWrapper.startService:515 com.htc.htcpowermanager.battery.PowerUsageReceiver.onReceive:13 android.app.ActivityThread.handleReceiver:2712 

D/PMS     (  890): releaseWL(1f501f67): PARTIAL_WAKE_LOCK  *alarm* 0x1 WorkSource{1000}

W/BatSI   (  890): Couldn't get kernel wake lock stats

W/BatSI   (  890): Couldn't get kernel wake lock stats

D/WIFI_ICON( 1112): updateWifiState: RSSI_CHANGED 3 -> 3

D/StatusBar.NetworkController( 1112): dumpIcon[(gone) (gone) stat_sys_wifi_signal_in_4 stat_sys_no_sim F]

D/WIFI_ICON( 1112): updateWifiState: RSSI_CHANGED 3 -> 3

D/StatusBar.NetworkController( 1112): dumpIcon[(gone) (gone) stat_sys_wifi_signal_in_4 stat_sys_no_sim F]

D/PMS     (  890): acquireWL(3704ffb2): PARTIAL_WAKE_LOCK  *alarm* 0x40000001 890 1000 WorkSource{1000}

V/AlarmManager(  890): sending alarm PendingIntent{16018d88: PendingIntentRecord{16f8e321 android broadcastIntent}}, i=android.intent.action.TIME_TICK, t=3, cnt=1, w=546498003, Int=0

D/PMS     (  890): releaseWL(3704ffb2): PARTIAL_WAKE_LOCK  *alarm* 0x40000001 WorkSource{1000}

D/PMS     (  890): acquireWL(28b54b03): PARTIAL_WAKE_LOCK  *alarm* 0x1 890 1000 WorkSource{10198}

V/AlarmManager(  890): sending alarm PendingIntent{195e0a80: PendingIntentRecord{360e21ff com.alipay.m.portal broadcastIntent}}, i=com.alipay.m.portal.push.action.KEEPLIVE, t=0, cnt=1, w=1450258081149, Int=0

V/AlarmManager(  890): sending alarm PendingIntent{172f3f56: PendingIntentRecord{16ee5bd7 android broadcastIntent}}, i=com.android.server.WifiManager.action.START_SCAN, t=1, cnt=1, w=1450258081006, Int=20000

D/WifiDisplayAdapter(  890): getWifiDisplayStatusLocked: result=WifiDisplayStatus{featureState=2, scanState=0, activeDisplayState=0, activeDisplay=null, displays=[], sessionInfo=WifiDisplaySessionInfo:

D/WifiDisplayAdapter(  890):     Client/Owner: Client

D/WifiDisplayAdapter(  890):     GroupId: 

D/WifiDisplayAdapter(  890):     Passphrase: 

D/WifiDisplayAdapter(  890):     SessionId: 0

D/WifiDisplayAdapter(  890):     IP Address: }

D/PMS     (  890): releaseWL(28b54b03): PARTIAL_WAKE_LOCK  *alarm* 0x1 WorkSource{1000}

D/WIFI_ICON( 1112): WifiActivity: 3

D/StatusBar.NetworkController( 1112): dumpIcon[(gone) (gone) stat_sys_wifi_signal_inandout_4 stat_sys_no_sim F]

D/WIFI_ICON( 1112): updateWifiState: RSSI_CHANGED 3 -> 3

D/StatusBar.NetworkController( 1112): dumpIcon[(gone) (gone) stat_sys_wifi_signal_inandout_4 stat_sys_no_sim F]

D/WIFI_ICON( 1112): WifiActivity: 1

D/StatusBar.NetworkController( 1112): dumpIcon[(gone) (gone) stat_sys_wifi_signal_in_4 stat_sys_no_sim F]

D/WIFI_ICON( 1112): updateWifiState: RSSI_CHANGED 3 -> 3

D/StatusBar.NetworkController( 1112): dumpIcon[(gone) (gone) stat_sys_wifi_signal_in_4 stat_sys_no_sim F]

D/WIFI_ICON( 1112): WifiActivity: 3

D/StatusBar.NetworkController( 1112): dumpIcon[(gone) (gone) stat_sys_wifi_signal_inandout_4 stat_sys_no_sim F]

D/WIFI_ICON( 1112): WifiActivity: 1

D/StatusBar.NetworkController( 1112): dumpIcon[(gone) (gone) stat_sys_wifi_signal_in_4 stat_sys_no_sim F]

D/WIFI_ICON( 1112): updateWifiState: RSSI_CHANGED 3 -> 3

D/StatusBar.NetworkController( 1112): dumpIcon[(gone) (gone) stat_sys_wifi_signal_in_4 stat_sys_no_sim F]

D/WIFI_ICON( 1112): updateWifiState: RSSI_CHANGED 3 -> 3

D/StatusBar.NetworkController( 1112): dumpIcon[(gone) (gone) stat_sys_wifi_signal_in_4 stat_sys_no_sim F]

D/PMS     (  890): acquireWL(133da8b9): PARTIAL_WAKE_LOCK  BatteryServiceUpdateStats_3 0x1 890 1000 null

I/BatteryService(  890): n_update end

D/NotificationService(  890): plugged=true pluggin=true

D/WifiController(  890): battery changed pluggedType: 2

D/PowerUI ( 1112): closing low battery warning: level=100

D/PowerUI ( 1112): plugged = true, health = 2, mBatteryLevel = 100, mPluggedBatteryLevel = 100, mLowBatteryWarningLevel2 = 25, mshowLowChargingWarning2 = true

D/HtcPowerSaver(  890): updateBatteryInfo

D/PMS     (  890): releaseWL(133da8b9): PARTIAL_WAKE_LOCK  BatteryServiceUpdateStats_3 0x1 null

D/PMS     (  890): runPSCheck

D/HtcPowerSaver(  890): Checking...

I/HtcPowerSaver(  890): >> updateStatus

I/HtcPowerSaver(  890): updateStatus (8000,100,-1,false,false,false,-1)

I/HtcPowerSaver(  890): << updateStatus

D/WIFI_ICON( 1112): updateWifiState: RSSI_CHANGED 3 -> 3

D/StatusBar.NetworkController( 1112): dumpIcon[(gone) (gone) stat_sys_wifi_signal_in_4 stat_sys_no_sim F]

D/WIFI_ICON( 1112): updateWifiState: RSSI_CHANGED 3 -> 3

D/StatusBar.NetworkController( 1112): dumpIcon[(gone) (gone) stat_sys_wifi_signal_in_4 stat_sys_no_sim F]

D/WIFI_ICON( 1112): WifiActivity: 3

D/StatusBar.NetworkController( 1112): dumpIcon[(gone) (gone) stat_sys_wifi_signal_inandout_4 stat_sys_no_sim F]

D/WIFI_ICON( 1112): WifiActivity: 1

D/StatusBar.NetworkController( 1112): dumpIcon[(gone) (gone) stat_sys_wifi_signal_in_4 stat_sys_no_sim F]

D/WIFI_ICON( 1112): updateWifiState: RSSI_CHANGED 3 -> 3

D/StatusBar.NetworkController( 1112): dumpIcon[(gone) (gone) stat_sys_wifi_signal_in_4 stat_sys_no_sim F]

W/ActivityManager(  890): getTasks: caller 10199 does not hold GET_TASKS; limiting output

D/WIFI_ICON( 1112): WifiActivity: 3

D/StatusBar.NetworkController( 1112): dumpIcon[(gone) (gone) stat_sys_wifi_signal_inandout_4 stat_sys_no_sim F]

D/WIFI_ICON( 1112): WifiActivity: 1

D/StatusBar.NetworkController( 1112): dumpIcon[(gone) (gone) stat_sys_wifi_signal_in_4 stat_sys_no_sim F]

D/WIFI_ICON( 1112): updateWifiState: RSSI_CHANGED 3 -> 3

D/StatusBar.NetworkController( 1112): dumpIcon[(gone) (gone) stat_sys_wifi_signal_in_4 stat_sys_no_sim F]

D/WIFI_ICON( 1112): updateWifiState: RSSI_CHANGED 3 -> 3

D/StatusBar.NetworkController( 1112): dumpIcon[(gone) (gone) stat_sys_wifi_signal_in_4 stat_sys_no_sim F]

D/WIFI_ICON( 1112): updateWifiState: RSSI_CHANGED 3 -> 3

D/StatusBar.NetworkController( 1112): dumpIcon[(gone) (gone) stat_sys_wifi_signal_in_4 stat_sys_no_sim F]

D/PMS     (  890): acquireWL(32bf64fe): PARTIAL_WAKE_LOCK  *alarm* 0x1 890 1000 WorkSource{10198}

V/AlarmManager(  890): sending alarm PendingIntent{6b7945f: PendingIntentRecord{360e21ff com.alipay.m.portal broadcastIntent}}, i=com.alipay.m.portal.push.action.KEEPLIVE, t=0, cnt=1, w=1450258111218, Int=0

V/AlarmManager(  890): sending alarm PendingIntent{172f3f56: PendingIntentRecord{16ee5bd7 android broadcastIntent}}, i=com.android.server.WifiManager.action.START_SCAN, t=1, cnt=1, w=1450258101006, Int=20000

D/WifiDisplayAdapter(  890): getWifiDisplayStatusLocked: result=WifiDisplayStatus{featureState=2, scanState=0, activeDisplayState=0, activeDisplay=null, displays=[], sessionInfo=WifiDisplaySessionInfo:

D/WifiDisplayAdapter(  890):     Client/Owner: Client

D/WifiDisplayAdapter(  890):     GroupId: 

D/WifiDisplayAdapter(  890):     Passphrase: 

D/WifiDisplayAdapter(  890):     SessionId: 0

D/WifiDisplayAdapter(  890):     IP Address: }

D/PMS     (  890): releaseWL(32bf64fe): PARTIAL_WAKE_LOCK  *alarm* 0x1 WorkSource{1000}

D/PMS     (  890): acquireWL(2bd94eac): PARTIAL_WAKE_LOCK  BatteryServiceUpdateStats_3 0x1 890 1000 null

I/BatteryService(  890): n_update end

D/PMS     (  890): releaseWL(2bd94eac): PARTIAL_WAKE_LOCK  BatteryServiceUpdateStats_3 0x1 null

D/PowerUI ( 1112): closing low battery warning: level=100

D/NotificationService(  890): plugged=true pluggin=true

D/WifiController(  890): battery changed pluggedType: 2

D/PowerUI ( 1112): plugged = true, health = 2, mBatteryLevel = 100, mPluggedBatteryLevel = 100, mLowBatteryWarningLevel2 = 25, mshowLowChargingWarning2 = true

D/HtcPowerSaver(  890): updateBatteryInfo

D/PMS     (  890): runPSCheck

D/HtcPowerSaver(  890): Checking...

I/HtcPowerSaver(  890): >> updateStatus

I/HtcPowerSaver(  890): updateStatus (8000,100,-1,false,false,false,-1)

I/HtcPowerSaver(  890): << updateStatus

D/WIFI_ICON( 1112): WifiActivity: 3

D/StatusBar.NetworkController( 1112): dumpIcon[(gone) (gone) stat_sys_wifi_signal_inandout_4 stat_sys_no_sim F]

D/WIFI_ICON( 1112): updateWifiState: RSSI_CHANGED 3 -> 3

D/StatusBar.NetworkController( 1112): dumpIcon[(gone) (gone) stat_sys_wifi_signal_inandout_4 stat_sys_no_sim F]

D/WIFI_ICON( 1112): WifiActivity: 1

D/StatusBar.NetworkController( 1112): dumpIcon[(gone) (gone) stat_sys_wifi_signal_in_4 stat_sys_no_sim F]

D/WIFI_ICON( 1112): updateWifiState: RSSI_CHANGED 3 -> 3

D/StatusBar.NetworkController( 1112): dumpIcon[(gone) (gone) stat_sys_wifi_signal_in_4 stat_sys_no_sim F]

D/WIFI_ICON( 1112): updateWifiState: RSSI_CHANGED 3 -> 3

D/StatusBar.NetworkController( 1112): dumpIcon[(gone) (gone) stat_sys_wifi_signal_in_4 stat_sys_no_sim F]

D/PMS     (  890): acquireWL(26871775): PARTIAL_WAKE_LOCK  *alarm* 0x1 890 1000 WorkSource{10185}

V/AlarmManager(  890): sending alarm PendingIntent{2a28d30a: PendingIntentRecord{38df06fc com.alibaba.android.security.activity broadcastIntent}}, i=alilang_action_heart, t=0, cnt=1, w=1450258119551, Int=0

D/PMS     (  890): releaseWL(26871775): PARTIAL_WAKE_LOCK  *alarm* 0x1 WorkSource{10185}

D/WIFI_ICON( 1112): WifiActivity: 3

D/StatusBar.NetworkController( 1112): dumpIcon[(gone) (gone) stat_sys_wifi_signal_inandout_4 stat_sys_no_sim F]

D/WIFI_ICON( 1112): WifiActivity: 1

D/StatusBar.NetworkController( 1112): dumpIcon[(gone) (gone) stat_sys_wifi_signal_in_4 stat_sys_no_sim F]

D/PMS     (  890): acquireWL(276b177b): PARTIAL_WAKE_LOCK  *alarm* 0x1 890 1000 WorkSource{1000}

D/WifiDisplayAdapter(  890): getWifiDisplayStatusLocked: result=WifiDisplayStatus{featureState=2, scanState=0, activeDisplayState=0, activeDisplay=null, displays=[], sessionInfo=WifiDisplaySessionInfo:

D/WifiDisplayAdapter(  890):     Client/Owner: Client

D/WifiDisplayAdapter(  890):     GroupId: 

D/WifiDisplayAdapter(  890):     Passphrase: 

D/WifiDisplayAdapter(  890):     SessionId: 0

D/WifiDisplayAdapter(  890):     IP Address: }

V/AlarmManager(  890): sending alarm PendingIntent{172f3f56: PendingIntentRecord{16ee5bd7 android broadcastIntent}}, i=com.android.server.WifiManager.action.START_SCAN, t=1, cnt=1, w=1450258121006, Int=20000

D/PMS     (  890): releaseWL(276b177b): PARTIAL_WAKE_LOCK  *alarm* 0x1 WorkSource{1000}

D/WIFI_ICON( 1112): updateWifiState: RSSI_CHANGED 3 -> 3

D/StatusBar.NetworkController( 1112): dumpIcon[(gone) (gone) stat_sys_wifi_signal_in_4 stat_sys_no_sim F]

D/WIFI_ICON( 1112): updateWifiState: RSSI_CHANGED 3 -> 3

D/StatusBar.NetworkController( 1112): dumpIcon[(gone) (gone) stat_sys_wifi_signal_in_4 stat_sys_no_sim F]

D/WIFI_ICON( 1112): updateWifiState: RSSI_CHANGED 3 -> 3

D/StatusBar.NetworkController( 1112): dumpIcon[(gone) (gone) stat_sys_wifi_signal_in_4 stat_sys_no_sim F]

D/WIFI_ICON( 1112): updateWifiState: RSSI_CHANGED 3 -> 3

D/StatusBar.NetworkController( 1112): dumpIcon[(gone) (gone) stat_sys_wifi_signal_in_4 stat_sys_no_sim F]

D/WIFI_ICON( 1112): updateWifiState: RSSI_CHANGED 3 -> 3

D/StatusBar.NetworkController( 1112): dumpIcon[(gone) (gone) stat_sys_wifi_signal_in_4 stat_sys_no_sim F]

D/WIFI_ICON( 1112): WifiActivity: 0

D/StatusBar.NetworkController( 1112): dumpIcon[(gone) (gone) stat_sys_wifi_signal_connected_4 stat_sys_no_sim F]

D/WIFI_ICON( 1112): updateWifiState: RSSI_CHANGED 3 -> 3

D/StatusBar.NetworkController( 1112): dumpIcon[(gone) (gone) stat_sys_wifi_signal_connected_4 stat_sys_no_sim F]

D/WIFI_ICON( 1112): WifiActivity: 1

D/StatusBar.NetworkController( 1112): dumpIcon[(gone) (gone) stat_sys_wifi_signal_in_4 stat_sys_no_sim F]

D/WIFI_ICON( 1112): updateWifiState: RSSI_CHANGED 3 -> 3

D/StatusBar.NetworkController( 1112): dumpIcon[(gone) (gone) stat_sys_wifi_signal_in_4 stat_sys_no_sim F]

D/PMS     (  890): acquireWL(de2a998): PARTIAL_WAKE_LOCK  *alarm* 0x40000001 890 1000 WorkSource{1000}

V/AlarmManager(  890): sending alarm PendingIntent{16018d88: PendingIntentRecord{16f8e321 android broadcastIntent}}, i=android.intent.action.TIME_TICK, t=3, cnt=1, w=546558003, Int=0

D/PMS     (  890): releaseWL(de2a998): PARTIAL_WAKE_LOCK  *alarm* 0x40000001 WorkSource{1000}

D/PMS     (  890): acquireWL(3cbeb5f1): PARTIAL_WAKE_LOCK  *alarm* 0x1 890 1000 WorkSource{10198}

V/AlarmManager(  890): sending alarm PendingIntent{220915d6: PendingIntentRecord{360e21ff com.alipay.m.portal broadcastIntent}}, i=com.alipay.m.portal.push.action.KEEPLIVE, t=0, cnt=1, w=1450258141347, Int=0

V/AlarmManager(  890): sending alarm PendingIntent{172f3f56: PendingIntentRecord{16ee5bd7 android broadcastIntent}}, i=com.android.server.WifiManager.action.START_SCAN, t=1, cnt=1, w=1450258141006, Int=20000

D/WifiDisplayAdapter(  890): getWifiDisplayStatusLocked: result=WifiDisplayStatus{featureState=2, scanState=0, activeDisplayState=0, activeDisplay=null, displays=[], sessionInfo=WifiDisplaySessionInfo:

D/WifiDisplayAdapter(  890):     Client/Owner: Client

D/WifiDisplayAdapter(  890):     GroupId: 

D/WifiDisplayAdapter(  890):     Passphrase: 

D/WifiDisplayAdapter(  890):     SessionId: 0

D/WifiDisplayAdapter(  890):     IP Address: }

D/PMS     (  890): releaseWL(3cbeb5f1): PARTIAL_WAKE_LOCK  *alarm* 0x1 WorkSource{1000}

D/WIFI_ICON( 1112): WifiActivity: 3

D/StatusBar.NetworkController( 1112): dumpIcon[(gone) (gone) stat_sys_wifi_signal_inandout_4 stat_sys_no_sim F]

D/WIFI_ICON( 1112): updateWifiState: RSSI_CHANGED 3 -> 3

D/StatusBar.NetworkController( 1112): dumpIcon[(gone) (gone) stat_sys_wifi_signal_inandout_4 stat_sys_no_sim F]

D/WIFI_ICON( 1112): WifiActivity: 1

D/StatusBar.NetworkController( 1112): dumpIcon[(gone) (gone) stat_sys_wifi_signal_in_4 stat_sys_no_sim F]

D/WIFI_ICON( 1112): updateWifiState: RSSI_CHANGED 3 -> 3

D/StatusBar.NetworkController( 1112): dumpIcon[(gone) (gone) stat_sys_wifi_signal_in_4 stat_sys_no_sim F]

D/WIFI_ICON( 1112): updateWifiState: RSSI_CHANGED 3 -> 3

D/StatusBar.NetworkController( 1112): dumpIcon[(gone) (gone) stat_sys_wifi_signal_in_4 stat_sys_no_sim F]

D/WIFI_ICON( 1112): updateWifiState: RSSI_CHANGED 3 -> 3

D/StatusBar.NetworkController( 1112): dumpIcon[(gone) (gone) stat_sys_wifi_signal_in_4 stat_sys_no_sim F]

D/WIFI_ICON( 1112): WifiActivity: 0

D/StatusBar.NetworkController( 1112): dumpIcon[(gone) (gone) stat_sys_wifi_signal_connected_4 stat_sys_no_sim F]

D/WIFI_ICON( 1112): WifiActivity: 1

D/StatusBar.NetworkController( 1112): dumpIcon[(gone) (gone) stat_sys_wifi_signal_in_4 stat_sys_no_sim F]

D/WIFI_ICON( 1112): updateWifiState: RSSI_CHANGED 3 -> 3

D/StatusBar.NetworkController( 1112): dumpIcon[(gone) (gone) stat_sys_wifi_signal_in_4 stat_sys_no_sim F]

D/WIFI_ICON( 1112): updateWifiState: RSSI_CHANGED 3 -> 3

D/StatusBar.NetworkController( 1112): dumpIcon[(gone) (gone) stat_sys_wifi_signal_in_4 stat_sys_no_sim F]

D/WIFI_ICON( 1112): updateWifiState: RSSI_CHANGED 3 -> 3

D/StatusBar.NetworkController( 1112): dumpIcon[(gone) (gone) stat_sys_wifi_signal_in_4 stat_sys_no_sim F]

D/WIFI_ICON( 1112): updateWifiState: RSSI_CHANGED 3 -> 3

D/StatusBar.NetworkController( 1112): dumpIcon[(gone) (gone) stat_sys_wifi_signal_in_4 stat_sys_no_sim F]

D/WIFI_ICON( 1112): updateWifiState: RSSI_CHANGED 3 -> 3

D/StatusBar.NetworkController( 1112): dumpIcon[(gone) (gone) stat_sys_wifi_signal_in_4 stat_sys_no_sim F]

D/WIFI_ICON( 1112): updateWifiState: RSSI_CHANGED 3 -> 3

D/StatusBar.NetworkController( 1112): dumpIcon[(gone) (gone) stat_sys_wifi_signal_in_4 stat_sys_no_sim F]

W/ActivityManager(  890): getTasks: caller 10199 does not hold GET_TASKS; limiting output

D/WIFI_ICON( 1112): WifiActivity: 3

D/StatusBar.NetworkController( 1112): dumpIcon[(gone) (gone) stat_sys_wifi_signal_inandout_4 stat_sys_no_sim F]

D/PMS     (  890): acquireWL(3c09b057): PARTIAL_WAKE_LOCK  *alarm* 0x1 890 1000 WorkSource{10198}

V/AlarmManager(  890): sending alarm PendingIntent{3e24c744: PendingIntentRecord{360e21ff com.alipay.m.portal broadcastIntent}}, i=com.alipay.m.portal.push.action.KEEPLIVE, t=0, cnt=1, w=1450258171377, Int=0

V/AlarmManager(  890): sending alarm PendingIntent{172f3f56: PendingIntentRecord{16ee5bd7 android broadcastIntent}}, i=com.android.server.WifiManager.action.START_SCAN, t=1, cnt=1, w=1450258161006, Int=20000

D/WifiDisplayAdapter(  890): getWifiDisplayStatusLocked: result=WifiDisplayStatus{featureState=2, scanState=0, activeDisplayState=0, activeDisplay=null, displays=[], sessionInfo=WifiDisplaySessionInfo:

D/WifiDisplayAdapter(  890):     Client/Owner: Client

D/WifiDisplayAdapter(  890):     GroupId: 

D/WifiDisplayAdapter(  890):     Passphrase: 

D/WifiDisplayAdapter(  890):     SessionId: 0

D/WifiDisplayAdapter(  890):     IP Address: }

D/PMS     (  890): releaseWL(3c09b057): PARTIAL_WAKE_LOCK  *alarm* 0x1 WorkSource{1000}

D/PMS     (  890): acquireWL(cf7c02d): PARTIAL_WAKE_LOCK  BatteryServiceUpdateStats_3 0x1 890 1000 null

I/BatteryService(  890): n_update end

D/PMS     (  890): releaseWL(cf7c02d): PARTIAL_WAKE_LOCK  BatteryServiceUpdateStats_3 0x1 null

D/HtcPowerSaver(  890): updateBatteryInfo

D/NotificationService(  890): plugged=true pluggin=true

D/PMS     (  890): runPSCheck

D/WifiController(  890): battery changed pluggedType: 2

D/PowerUI ( 1112): closing low battery warning: level=100

D/PowerUI ( 1112): plugged = true, health = 2, mBatteryLevel = 100, mPluggedBatteryLevel = 100, mLowBatteryWarningLevel2 = 25, mshowLowChargingWarning2 = true

D/HtcPowerSaver(  890): Checking...

I/HtcPowerSaver(  890): >> updateStatus

I/HtcPowerSaver(  890): updateStatus (8000,100,-1,false,false,false,-1)

I/HtcPowerSaver(  890): << updateStatus

D/WIFI_ICON( 1112): updateWifiState: RSSI_CHANGED 3 -> 3

D/StatusBar.NetworkController( 1112): dumpIcon[(gone) (gone) stat_sys_wifi_signal_inandout_4 stat_sys_no_sim F]

D/WIFI_ICON( 1112): WifiActivity: 1

D/StatusBar.NetworkController( 1112): dumpIcon[(gone) (gone) stat_sys_wifi_signal_in_4 stat_sys_no_sim F]

D/WIFI_ICON( 1112): updateWifiState: RSSI_CHANGED 3 -> 3

D/StatusBar.NetworkController( 1112): dumpIcon[(gone) (gone) stat_sys_wifi_signal_in_4 stat_sys_no_sim F]

D/ConnectivityService(  890): updateNetworkScore for NetworkAgentInfo [WIFI () - 105] to 56

D/ConnectivityService(  890): rematching NetworkAgentInfo [WIFI () - 105]

D/ConnectivityService(  890):  network has: [ Transports: WIFI Capabilities: INTERNET&NOT_RESTRICTED&TRUSTED&NOT_VPN LinkUpBandwidth>=1048576Kbps LinkDnBandwidth>=1048576Kbps]

D/ConnectivityService(  890):   checking if request is satisfied: NetworkRequest [ id=2, legacyType=-1, [] ]

D/ConnectivityService(  890): Network NetworkAgentInfo [WIFI () - 105] was already satisfying request 1. No change.

D/ConnectivityService(  890): notifyType AVAILABLE for NetworkAgentInfo [WIFI () - 105]

D/ConnectivityService(  890):  sending notification for NetworkRequest [ id=1, legacyType=-1, [ Capabilities: INTERNET&NOT_RESTRICTED&TRUSTED&NOT_VPN] ]

D/ConnectivityService(  890):  sending notification for NetworkRequest [ id=2, legacyType=-1, [] ]

D/ConnectivityService(  890): sending notification AVAILABLE for NetworkRequest [ id=2, legacyType=-1, [] ]

D/ConnectivityService(  890): sending new Min Network Score(56): NetworkRequest [ id=1, legacyType=-1, [ Capabilities: INTERNET&NOT_RESTRICTED&TRUSTED&NOT_VPN] ], isSkipMobile=false

D/WIFI_ICON( 1112): updateWifiState: RSSI_CHANGED 3 -> 3

D/StatusBar.NetworkController( 1112): dumpIcon[(gone) (gone) stat_sys_wifi_signal_in_4 stat_sys_no_sim F]

D/WIFI_ICON( 1112): WifiActivity: 0

D/StatusBar.NetworkController( 1112): dumpIcon[(gone) (gone) stat_sys_wifi_signal_connected_4 stat_sys_no_sim F]

D/PMS     (  890): acquireWL(11d8b962): PARTIAL_WAKE_LOCK  *alarm* 0x1 890 1000 WorkSource{1000}

D/WifiDisplayAdapter(  890): getWifiDisplayStatusLocked: result=WifiDisplayStatus{featureState=2, scanState=0, activeDisplayState=0, activeDisplay=null, displays=[], sessionInfo=WifiDisplaySessionInfo:

D/WifiDisplayAdapter(  890):     Client/Owner: Client

D/WifiDisplayAdapter(  890):     GroupId: 

D/WifiDisplayAdapter(  890):     Passphrase: 

D/WifiDisplayAdapter(  890):     SessionId: 0

D/WifiDisplayAdapter(  890):     IP Address: }

V/AlarmManager(  890): sending alarm PendingIntent{172f3f56: PendingIntentRecord{16ee5bd7 android broadcastIntent}}, i=com.android.server.WifiManager.action.START_SCAN, t=1, cnt=1, w=1450258181006, Int=20000

D/PMS     (  890): releaseWL(11d8b962): PARTIAL_WAKE_LOCK  *alarm* 0x1 WorkSource{1000}

D/WIFI_ICON( 1112): WifiActivity: 1

D/StatusBar.NetworkController( 1112): dumpIcon[(gone) (gone) stat_sys_wifi_signal_in_4 stat_sys_no_sim F]

D/WIFI_ICON( 1112): updateWifiState: RSSI_CHANGED 3 -> 3

D/StatusBar.NetworkController( 1112): dumpIcon[(gone) (gone) stat_sys_wifi_signal_in_4 stat_sys_no_sim F]

D/PMS     (  890): acquireWL(258efaf3): PARTIAL_WAKE_LOCK  *alarm* 0x1 890 1000 WorkSource{1000}

V/AlarmManager(  890): sending alarm PendingIntent{194913b0: PendingIntentRecord{297536e1 android broadcastIntent}}, i=com.android.server.action.UPDATE_TWILIGHT_STATE, t=1, cnt=1, w=1450258183267, Int=0

D/PMS     (  890): releaseWL(258efaf3): PARTIAL_WAKE_LOCK  *alarm* 0x1 WorkSource{1000}

D/ConnectivityService(  890): updateNetworkScore for NetworkAgentInfo [WIFI () - 105] to 60

D/ConnectivityService(  890): rematching NetworkAgentInfo [WIFI () - 105]

D/ConnectivityService(  890):  network has: [ Transports: WIFI Capabilities: INTERNET&NOT_RESTRICTED&TRUSTED&NOT_VPN LinkUpBandwidth>=1048576Kbps LinkDnBandwidth>=1048576Kbps]

D/ConnectivityService(  890):   checking if request is satisfied: NetworkRequest [ id=2, legacyType=-1, [] ]

D/ConnectivityService(  890): Network NetworkAgentInfo [WIFI () - 105] was already satisfying request 1. No change.

D/ConnectivityService(  890): notifyType AVAILABLE for NetworkAgentInfo [WIFI () - 105]

D/ConnectivityService(  890):  sending notification for NetworkRequest [ id=1, legacyType=-1, [ Capabilities: INTERNET&NOT_RESTRICTED&TRUSTED&NOT_VPN] ]

D/ConnectivityService(  890):  sending notification for NetworkRequest [ id=2, legacyType=-1, [] ]

D/ConnectivityService(  890): sending notification AVAILABLE for NetworkRequest [ id=2, legacyType=-1, [] ]

D/ConnectivityService(  890): sending new Min Network Score(60): NetworkRequest [ id=1, legacyType=-1, [ Capabilities: INTERNET&NOT_RESTRICTED&TRUSTED&NOT_VPN] ], isSkipMobile=false

D/WIFI_ICON( 1112): updateWifiState: RSSI_CHANGED 3 -> 3

D/StatusBar.NetworkController( 1112): dumpIcon[(gone) (gone) stat_sys_wifi_signal_in_4 stat_sys_no_sim F]

D/WIFI_ICON( 1112): updateWifiState: RSSI_CHANGED 3 -> 3

D/StatusBar.NetworkController( 1112): dumpIcon[(gone) (gone) stat_sys_wifi_signal_in_4 stat_sys_no_sim F]

D/WIFI_ICON( 1112): updateWifiState: RSSI_CHANGED 3 -> 3

D/StatusBar.NetworkController( 1112): dumpIcon[(gone) (gone) stat_sys_wifi_signal_in_4 stat_sys_no_sim F]

D/WIFI_ICON( 1112): updateWifiState: RSSI_CHANGED 3 -> 3

D/StatusBar.NetworkController( 1112): dumpIcon[(gone) (gone) stat_sys_wifi_signal_in_4 stat_sys_no_sim F]

D/WIFI_ICON( 1112): updateWifiState: RSSI_CHANGED 3 -> 3

D/StatusBar.NetworkController( 1112): dumpIcon[(gone) (gone) stat_sys_wifi_signal_in_4 stat_sys_no_sim F]

D/PMS     (  890): acquireWL(323d3229): PARTIAL_WAKE_LOCK  *alarm* 0x40000001 890 1000 WorkSource{1000}

V/AlarmManager(  890): sending alarm PendingIntent{16018d88: PendingIntentRecord{16f8e321 android broadcastIntent}}, i=android.intent.action.TIME_TICK, t=3, cnt=1, w=546618003, Int=0

D/PMS     (  890): releaseWL(323d3229): PARTIAL_WAKE_LOCK  *alarm* 0x40000001 WorkSource{1000}

D/WIFI_ICON( 1112): updateWifiState: RSSI_CHANGED 3 -> 3

D/StatusBar.NetworkController( 1112): dumpIcon[(gone) (gone) stat_sys_wifi_signal_in_4 stat_sys_no_sim F]

D/WIFI_ICON( 1112): updateWifiState: RSSI_CHANGED 3 -> 3

D/StatusBar.NetworkController( 1112): dumpIcon[(gone) (gone) stat_sys_wifi_signal_in_4 stat_sys_no_sim F]

D/PMS     (  890): acquireWL(3e0d09ae): PARTIAL_WAKE_LOCK  *alarm* 0x1 890 1000 WorkSource{10198}

V/AlarmManager(  890): sending alarm PendingIntent{f14534f: PendingIntentRecord{360e21ff com.alipay.m.portal broadcastIntent}}, i=com.alipay.m.portal.push.action.KEEPLIVE, t=0, cnt=1, w=1450258201458, Int=0

V/AlarmManager(  890): sending alarm PendingIntent{172f3f56: PendingIntentRecord{16ee5bd7 android broadcastIntent}}, i=com.android.server.WifiManager.action.START_SCAN, t=1, cnt=1, w=1450258201006, Int=20000

V/AlarmManager(  890): sending alarm PendingIntent{35751907: PendingIntentRecord{12e5fa34 android broadcastIntent}}, i=android.net.ConnectivityService.action.PKT_CNT_SAMPLE_INTERVAL_ELAPSED, t=3, cnt=1, w=546621997, Int=0

D/WifiDisplayAdapter(  890): getWifiDisplayStatusLocked: result=WifiDisplayStatus{featureState=2, scanState=0, activeDisplayState=0, activeDisplay=null, displays=[], sessionInfo=WifiDisplaySessionInfo:

D/WifiDisplayAdapter(  890):     Client/Owner: Client

D/WifiDisplayAdapter(  890):     GroupId: 

D/WifiDisplayAdapter(  890):     Passphrase: 

D/WifiDisplayAdapter(  890):     SessionId: 0

D/WifiDisplayAdapter(  890):     IP Address: }

D/PMS     (  890): releaseWL(3e0d09ae): PARTIAL_WAKE_LOCK  *alarm* 0x1 WorkSource{1000}

D/WIFI_ICON( 1112): WifiActivity: 3

D/StatusBar.NetworkController( 1112): dumpIcon[(gone) (gone) stat_sys_wifi_signal_inandout_4 stat_sys_no_sim F]

D/WIFI_ICON( 1112): WifiActivity: 1

D/StatusBar.NetworkController( 1112): dumpIcon[(gone) (gone) stat_sys_wifi_signal_in_4 stat_sys_no_sim F]

D/WIFI_ICON( 1112): updateWifiState: RSSI_CHANGED 3 -> 3

D/StatusBar.NetworkController( 1112): dumpIcon[(gone) (gone) stat_sys_wifi_signal_in_4 stat_sys_no_sim F]

D/WIFI_ICON( 1112): updateWifiState: RSSI_CHANGED 3 -> 3

D/StatusBar.NetworkController( 1112): dumpIcon[(gone) (gone) stat_sys_wifi_signal_in_4 stat_sys_no_sim F]

D/WIFI_ICON( 1112): updateWifiState: RSSI_CHANGED 3 -> 3

D/StatusBar.NetworkController( 1112): dumpIcon[(gone) (gone) stat_sys_wifi_signal_in_4 stat_sys_no_sim F]

D/WIFI_ICON( 1112): updateWifiState: RSSI_CHANGED 3 -> 3

