D/ConnectivityService(  890): sending notification AVAILABLE for NetworkRequest [ id=2, legacyType=-1, [] ]

D/ConnectivityManager.CallbackHandler( 1112): CM callback handler got msg 524290

I/SecurityController( 1112): onAvailable 105 : [ Transports: WIFI Capabilities: INTERNET&NOT_RESTRICTED&TRUSTED&NOT_VPN LinkUpBandwidth>=1048576Kbps LinkDnBandwidth>=1048576Kbps]

D/usbnet  (  890): new score 56 for exisiting request NetworkRequest [ id=1, legacyType=-1, [ Capabilities: INTERNET&NOT_RESTRICTED&TRUSTED&NOT_VPN] ]

D/usbnet  (  890):   my score=70, my filter=[ Transports:  Capabilities: INTERNET&NOT_RESTRICTED&TRUSTED&NOT_VPN LinkUpBandwidth>=1048576Kbps LinkDnBandwidth>=1048576Kbps]

D/usbnet  (  890): evalRequest: NetworkRequest [ id=1, legacyType=-1, [ Capabilities: INTERNET&NOT_RESTRICTED&TRUSTED&NOT_VPN] ] requested

D/WIFI    (  890): new score 56 for exisiting request NetworkRequest [ id=1, legacyType=-1, [ Capabilities: INTERNET&NOT_RESTRICTED&TRUSTED&NOT_VPN] ]

D/WIFI    (  890):   my score=60, my filter=[ Transports: WIFI Capabilities: INTERNET&NOT_RESTRICTED&TRUSTED&NOT_VPN LinkUpBandwidth>=1048576Kbps LinkDnBandwidth>=1048576Kbps]

D/WIFI    (  890): evalRequest: NetworkRequest [ id=1, legacyType=-1, [ Capabilities: INTERNET&NOT_RESTRICTED&TRUSTED&NOT_VPN] ] requested

D/ConnectivityService(  890): sending new Min Network Score(56): NetworkRequest [ id=1, legacyType=-1, [ Capabilities: INTERNET&NOT_RESTRICTED&TRUSTED&NOT_VPN] ], isSkipMobile=false

E/WifiStateMachine(  890): WiFiStateMachine SCAN ALARM

E/WifiStateMachine(  890): handleMessage: E msg.what=131143

E/WifiStateMachine(  890): processMsg: ConnectedState

E/WifiStateMachine(  890):  ConnectedState !CMD_START_SCAN -2 -2 ic=13797 proc(ms):1 dur:4318 rssi=-63 f=5785 sc=56 link=72 tx=1.3, 0.0, 0.0  rx=53.9 fiv=60000 [on:0 tx:0 rx:0 period:80] from screen [on:0 period:-1440405041]

E/WifiStateMachine(  890): processMsg: L2ConnectedState

D/PMS     (  890): acquireWL(1ffe1ed): PARTIAL_WAKE_LOCK  *alarm* 0x1 890 1000 WorkSource{1000}

D/WifiDisplayAdapter(  890): getWifiDisplayStatusLocked: result=WifiDisplayStatus{featureState=2, scanState=0, activeDisplayState=0, activeDisplay=null, displays=[], sessionInfo=WifiDisplaySessionInfo:

D/WifiDisplayAdapter(  890):     Client/Owner: Client

D/WifiDisplayAdapter(  890):     GroupId: 

D/WifiDisplayAdapter(  890):     Passphrase: 

D/WifiDisplayAdapter(  890):     SessionId: 0

D/WifiDisplayAdapter(  890):     IP Address: }

V/AlarmManager(  890): sending alarm PendingIntent{172f3f56: PendingIntentRecord{16ee5bd7 android broadcastIntent}}, i=com.android.server.WifiManager.action.START_SCAN, t=1, cnt=1, w=1450258541006, Int=20000

D/PMS     (  890): releaseWL(1ffe1ed): PARTIAL_WAKE_LOCK  *alarm* 0x1 WorkSource{1000}

E/WifiStateMachine(  890):  L2ConnectedState !CMD_START_SCAN -2 -2 ic=13797 proc(ms):2 dur:4318 rssi=-63 f=5785 sc=56 link=72 tx=1.3, 0.0, 0.0  rx=53.9 fiv=60000 [on:0 tx:0 rx:0 period:12] from screen [on:0 period:-1440405029]

E/WifiStateMachine(  890): WifiStateMachine CMD_START_SCAN source -2 txSuccessRate=1.25 rxSuccessRate=53.92 targetRoamBSSID=1c:aa:07:f5:96:bf RSSI=-63

E/WifiStateMachine(  890): WifiStateMachine CMD_START_SCAN with age=1840008 interval=60000 maxinterval=300000

E/WifiStateMachine(  890): WifiStateMachine CMD_START_SCAN try full band scan age=1840008 interval=60000 maxinterval=300000

E/WifiStateMachine(  890): WifiStateMachine CMD_START_SCAN prevent full band scan due to pkt rate

E/WifiStateMachine(  890): WifiStateMachine CMD_START_SCAN full=false

E/WifiStateMachine(  890): handleMessage: X

E/WifiDataStallTracker(  890): DATA_MONITOR_POLL true Token 52

D/WifiDataStallTracker(  890): updateDataStallInfo: mDataStallTxRxSum={txSum=86366 rxSum=100190} preTxRxSum={txSum=86364 rxSum=100188}

D/WifiDataStallTracker(  890): updateDataStallInfo: IN/OUT

D/WifiDataStallTracker(  890): onDataStallAlarm: Sent 0 pkts since last received, < watchdogTrigger=5

E/WifiTrafficPoller(  890): TRAFFIC_STATS_POLL true Token 194 num clients 15

E/WifiTrafficPoller(  890):  packet count Tx=88112 Rx=2732743

E/WifiTrafficPoller(  890): notifying of data activity 1

D/WIFI_ICON( 1112): WifiActivity: 1

D/StatusBar.NetworkController( 1112): dumpIcon[(gone) (gone) stat_sys_wifi_signal_in_4 stat_sys_no_sim F]

E/WifiTrafficPoller(  890): TRAFFIC_STATS_POLL true Token 194 num clients 15

E/WifiTrafficPoller(  890):  packet count Tx=88112 Rx=2732752

E/WifiTrafficPoller(  890): TRAFFIC_STATS_POLL true Token 194 num clients 15

E/WifiTrafficPoller(  890):  packet count Tx=88112 Rx=2732762

E/WifiStateMachine(  890): handleMessage: E msg.what=131155

E/WifiStateMachine(  890): processMsg: ConnectedState

E/WifiStateMachine(  890):  ConnectedState !CMD_RSSI_POLL 45 0 "alibaba-inc" 1c:aa:07:f5:96:bf rssi=-63 f=5785 sc=56 link=72 tx=1.3, 0.0, 0.0  rx=53.9 bcn=0 [on:0 tx:0 rx:0 period:2912] from screen [on:0 period:-1440402115] gl rssi=-63 ag=0 ticks 0,1,514 ls-=0 [56,56,56,56,56] brc=0 lrc=0

E/WifiStateMachine(  890): processMsg: L2ConnectedState

E/WifiStateMachine(  890):  L2ConnectedState !CMD_RSSI_POLL 45 0 "alibaba-inc" 1c:aa:07:f5:96:bf rssi=-63 f=5785 sc=56 link=72 tx=1.3, 0.0, 0.0  rx=53.9 bcn=0 [on:0 tx:0 rx:0 period:5] from screen [on:0 period:-1440402110] gl rssi=-63 ag=0 ticks 0,1,514 ls-=0 [56,56,56,56,56] brc=0 lrc=0

E/WifiStateMachine(  890):  get link layer stats 0

W/WifiHW  (  890): QCOM Debug wifi_send_command "IFNAME=wlan0 SIGNAL_POLL"

D/wpa_supplicant( 1158): wlan0: Control interface command 'SIGNAL_POLL'

I/wpa_supplicant( 1158): environment dirty rate=0 [0][0][0]

E/WifiStateMachine(  890): fetchRssiLinkSpeedAndFrequencyNative RSSI = -61 abnormalRssiCnt = 0 newLinkSpeed = 72

E/WifiStateMachine(  890): fetchRssiLinkSpeedAndFrequencyNative rssi=-61 linkspeed=72

E/WifiConfigStore(  890): updateConfiguration freq=5785 BSSID=1c:aa:07:f5:96:bf RSSI=-61 "alibaba-inc"WPA_EAP

E/WifiStateMachine(  890): calculateWifiScore freq=5785 speed=72 score=56 -> txbadrate=0.00 txgoodrate=0.63 txretriesrate=0.00 rxrate=37.96 userTriggerdPenalty0

E/WifiStateMachine(  890):  good link -> stuck count =0

E/WifiStateMachine(  890):  badRSSI count0 lowRSSI count0 --> score 56

D/WifiWatchdogStateMachine(  890): RSSI current: 3 new: -61, 3

D/WIFI_ICON( 1112): updateWifiState: RSSI_CHANGED 3 -> 3

D/StatusBar.NetworkController( 1112): dumpIcon[(gone) (gone) stat_sys_wifi_signal_in_4 stat_sys_no_sim F]

E/WifiStateMachine(  890): handleMessage: X

E/WifiTrafficPoller(  890): TRAFFIC_STATS_POLL true Token 194 num clients 15

E/WifiTrafficPoller(  890):  packet count Tx=88112 Rx=2732775

E/WifiTrafficPoller(  890): TRAFFIC_STATS_POLL true Token 194 num clients 15

E/WifiTrafficPoller(  890):  packet count Tx=88112 Rx=2732782

E/WifiDataStallTracker(  890): DATA_MONITOR_POLL true Token 52

D/WifiDataStallTracker(  890): updateDataStallInfo: mDataStallTxRxSum={txSum=86366 rxSum=100190} preTxRxSum={txSum=86366 rxSum=100190}

D/WifiDataStallTracker(  890): updateDataStallInfo: NONE

D/WifiDataStallTracker(  890): onDataStallAlarm: Sent 0 pkts since last received, < watchdogTrigger=5

E/WifiTrafficPoller(  890): TRAFFIC_STATS_POLL true Token 194 num clients 15

E/WifiTrafficPoller(  890):  packet count Tx=88112 Rx=2732800

E/WifiStateMachine(  890): handleMessage: E msg.what=131155

E/WifiStateMachine(  890): processMsg: ConnectedState

E/WifiStateMachine(  890):  ConnectedState !CMD_RSSI_POLL 45 0 "alibaba-inc" 1c:aa:07:f5:96:bf rssi=-61 f=5785 sc=56 link=72 tx=0.6, 0.0, 0.0  rx=38.0 bcn=0 [on:0 tx:0 rx:0 period:2998] from screen [on:0 period:-1440399068] gl rssi=-61 ag=0 ticks 0,1,515 ls-=0 [56,56,56,56,56] brc=0 lrc=0

E/WifiStateMachine(  890): processMsg: L2ConnectedState

E/WifiStateMachine(  890):  L2ConnectedState !CMD_RSSI_POLL 45 0 "alibaba-inc" 1c:aa:07:f5:96:bf rssi=-61 f=5785 sc=56 link=72 tx=0.6, 0.0, 0.0  rx=38.0 bcn=0 [on:0 tx:0 rx:0 period:4] from screen [on:0 period:-1440399064] gl rssi=-61 ag=0 ticks 0,1,515 ls-=0 [56,56,56,56,56] brc=0 lrc=0

E/WifiStateMachine(  890):  get link layer stats 0

W/WifiHW  (  890): QCOM Debug wifi_send_command "IFNAME=wlan0 SIGNAL_POLL"

D/wpa_supplicant( 1158): wlan0: Control interface command 'SIGNAL_POLL'

I/wpa_supplicant( 1158): environment dirty rate=0 [0][0][0]

E/WifiStateMachine(  890): fetchRssiLinkSpeedAndFrequencyNative RSSI = -63 abnormalRssiCnt = 0 newLinkSpeed = 72

E/WifiStateMachine(  890): fetchRssiLinkSpeedAndFrequencyNative rssi=-63 linkspeed=72

E/WifiConfigStore(  890): updateConfiguration freq=5785 BSSID=1c:aa:07:f5:96:bf RSSI=-62 "alibaba-inc"WPA_EAP

E/WifiStateMachine(  890): calculateWifiScore freq=5785 speed=72 score=56 -> txbadrate=0.00 txgoodrate=0.31 txretriesrate=0.00 rxrate=43.48 userTriggerdPenalty0

E/WifiStateMachine(  890):  good link -> stuck count =0

E/WifiStateMachine(  890):  badRSSI count0 lowRSSI count0 --> score 56

D/WifiWatchdogStateMachine(  890): RSSI current: 3 new: -63, 3

E/WifiStateMachine(  890): handleMessage: X

D/WIFI_ICON( 1112): updateWifiState: RSSI_CHANGED 3 -> 3

D/StatusBar.NetworkController( 1112): dumpIcon[(gone) (gone) stat_sys_wifi_signal_in_4 stat_sys_no_sim F]

E/WifiTrafficPoller(  890): TRAFFIC_STATS_POLL true Token 194 num clients 15

E/WifiTrafficPoller(  890):  packet count Tx=88112 Rx=2732825

E/WifiTrafficPoller(  890): TRAFFIC_STATS_POLL true Token 194 num clients 15

E/WifiTrafficPoller(  890):  packet count Tx=88112 Rx=2732842

E/WifiTrafficPoller(  890): TRAFFIC_STATS_POLL true Token 194 num clients 15

E/WifiTrafficPoller(  890):  packet count Tx=88112 Rx=2732851

E/WifiStateMachine(  890): handleMessage: E msg.what=131155

E/WifiStateMachine(  890): processMsg: ConnectedState

E/WifiStateMachine(  890):  ConnectedState !CMD_RSSI_POLL 45 0 "alibaba-inc" 1c:aa:07:f5:96:bf rssi=-63 f=5785 sc=56 link=72 tx=0.3, 0.0, 0.0  rx=43.5 bcn=0 [on:0 tx:0 rx:0 period:2997] from screen [on:0 period:-1440396025] gl rssi=-63 ag=0 ticks 0,1,516 ls-=0 [56,56,56,56,56] brc=0 lrc=0

E/WifiStateMachine(  890): processMsg: L2ConnectedState

E/WifiStateMachine(  890):  L2ConnectedState !CMD_RSSI_POLL 45 0 "alibaba-inc" 1c:aa:07:f5:96:bf rssi=-63 f=5785 sc=56 link=72 tx=0.3, 0.0, 0.0  rx=43.5 bcn=0 [on:0 tx:0 rx:0 period:4] from screen [on:0 period:-1440396021] gl rssi=-63 ag=0 ticks 0,1,516 ls-=0 [56,56,56,56,56] brc=0 lrc=0

E/WifiStateMachine(  890):  get link layer stats 0

W/WifiHW  (  890): QCOM Debug wifi_send_command "IFNAME=wlan0 SIGNAL_POLL"

D/wpa_supplicant( 1158): wlan0: Control interface command 'SIGNAL_POLL'

I/wpa_supplicant( 1158): environment dirty rate=0 [0][0][0]

E/WifiStateMachine(  890): fetchRssiLinkSpeedAndFrequencyNative RSSI = -63 abnormalRssiCnt = 0 newLinkSpeed = 72

E/WifiStateMachine(  890): fetchRssiLinkSpeedAndFrequencyNative rssi=-63 linkspeed=72

E/WifiConfigStore(  890): updateConfiguration freq=5785 BSSID=1c:aa:07:f5:96:bf RSSI=-62 "alibaba-inc"WPA_EAP

E/WifiStateMachine(  890): calculateWifiScore freq=5785 speed=72 score=56 -> txbadrate=0.00 txgoodrate=0.16 txretriesrate=0.00 rxrate=42.24 userTriggerdPenalty0

E/WifiStateMachine(  890):  good link -> stuck count =0

E/WifiStateMachine(  890):  badRSSI count0 lowRSSI count0 --> score 56

D/WifiWatchdogStateMachine(  890): RSSI current: 3 new: -63, 3

D/WIFI_ICON( 1112): updateWifiState: RSSI_CHANGED 3 -> 3

E/WifiStateMachine(  890): handleMessage: X

D/StatusBar.NetworkController( 1112): dumpIcon[(gone) (gone) stat_sys_wifi_signal_in_4 stat_sys_no_sim F]

E/WifiTrafficPoller(  890): TRAFFIC_STATS_POLL true Token 194 num clients 15

E/WifiTrafficPoller(  890):  packet count Tx=88112 Rx=2732863

E/WifiDataStallTracker(  890): DATA_MONITOR_POLL true Token 52

D/WifiDataStallTracker(  890): updateDataStallInfo: mDataStallTxRxSum={txSum=86366 rxSum=100190} preTxRxSum={txSum=86366 rxSum=100190}

D/WifiDataStallTracker(  890): updateDataStallInfo: NONE

D/WifiDataStallTracker(  890): onDataStallAlarm: Sent 0 pkts since last received, < watchdogTrigger=5

E/WifiTrafficPoller(  890): TRAFFIC_STATS_POLL true Token 194 num clients 15

E/WifiTrafficPoller(  890):  packet count Tx=88112 Rx=2732877

E/WifiTrafficPoller(  890): TRAFFIC_STATS_POLL true Token 194 num clients 15

E/WifiTrafficPoller(  890):  packet count Tx=88112 Rx=2732884

E/WifiStateMachine(  890): handleMessage: E msg.what=131155

E/WifiStateMachine(  890): processMsg: ConnectedState

E/WifiStateMachine(  890):  ConnectedState !CMD_RSSI_POLL 45 0 "alibaba-inc" 1c:aa:07:f5:96:bf rssi=-63 f=5785 sc=56 link=72 tx=0.2, 0.0, 0.0  rx=42.2 bcn=0 [on:0 tx:0 rx:0 period:3001] from screen [on:0 period:-1440392975] gl rssi=-63 ag=0 ticks 0,1,517 ls-=0 [56,56,56,56,56] brc=0 lrc=0

E/WifiStateMachine(  890): processMsg: L2ConnectedState

E/WifiStateMachine(  890):  L2ConnectedState !CMD_RSSI_POLL 45 0 "alibaba-inc" 1c:aa:07:f5:96:bf rssi=-63 f=5785 sc=56 link=72 tx=0.2, 0.0, 0.0  rx=42.2 bcn=0 [on:0 tx:0 rx:0 period:4] from screen [on:0 period:-1440392971] gl rssi=-63 ag=0 ticks 0,1,517 ls-=0 [56,56,56,56,56] brc=0 lrc=0

E/WifiStateMachine(  890):  get link layer stats 0

W/WifiHW  (  890): QCOM Debug wifi_send_command "IFNAME=wlan0 SIGNAL_POLL"

D/wpa_supplicant( 1158): wlan0: Control interface command 'SIGNAL_POLL'

I/wpa_supplicant( 1158): environment dirty rate=0 [0][0][0]

E/WifiStateMachine(  890): fetchRssiLinkSpeedAndFrequencyNative RSSI = -59 abnormalRssiCnt = 0 newLinkSpeed = 72

E/WifiStateMachine(  890): fetchRssiLinkSpeedAndFrequencyNative rssi=-59 linkspeed=72

E/WifiConfigStore(  890): updateConfiguration freq=5785 BSSID=1c:aa:07:f5:96:bf RSSI=-60 "alibaba-inc"WPA_EAP

E/WifiStateMachine(  890): calculateWifiScore freq=5785 speed=72 score=56 highRSSI  -> txbadrate=0.00 txgoodrate=0.08 txretriesrate=0.00 rxrate=36.62 userTriggerdPenalty0

E/WifiStateMachine(  890):  good link -> stuck count =0

E/WifiStateMachine(  890):  badRSSI count0 lowRSSI count0 --> score 56

E/WifiStateMachine(  890):  isHighRSSI       ---> score=61

E/WifiStateMachine(  890): calculateWifiScore() report new score 60

D/ConnectivityService(  890): updateNetworkScore for NetworkAgentInfo [WIFI () - 105] to 60

D/ConnectivityService(  890): rematching NetworkAgentInfo [WIFI () - 105]

D/ConnectivityService(  890):  network has: [ Transports: WIFI Capabilities: INTERNET&NOT_RESTRICTED&TRUSTED&NOT_VPN LinkUpBandwidth>=1048576Kbps LinkDnBandwidth>=1048576Kbps]

D/ConnectivityService(  890):   checking if request is satisfied: NetworkRequest [ id=2, legacyType=-1, [] ]

D/ConnectivityService(  890): Network NetworkAgentInfo [WIFI () - 105] was already satisfying request 1. No change.

D/ConnectivityService(  890): notifyType AVAILABLE for NetworkAgentInfo [WIFI () - 105]

D/ConnectivityService(  890):  sending notification for NetworkRequest [ id=1, legacyType=-1, [ Capabilities: INTERNET&NOT_RESTRICTED&TRUSTED&NOT_VPN] ]

D/ConnectivityService(  890):  sending notification for NetworkRequest [ id=2, legacyType=-1, [] ]

D/ConnectivityManager.CallbackHandler( 1112): CM callback handler got msg 524290

I/SecurityController( 1112): onAvailable 105 : [ Transports: WIFI Capabilities: INTERNET&NOT_RESTRICTED&TRUSTED&NOT_VPN LinkUpBandwidth>=1048576Kbps LinkDnBandwidth>=1048576Kbps]

D/usbnet  (  890): new score 60 for exisiting request NetworkRequest [ id=1, legacyType=-1, [ Capabilities: INTERNET&NOT_RESTRICTED&TRUSTED&NOT_VPN] ]

D/usbnet  (  890):   my score=70, my filter=[ Transports:  Capabilities: INTERNET&NOT_RESTRICTED&TRUSTED&NOT_VPN LinkUpBandwidth>=1048576Kbps LinkDnBandwidth>=1048576Kbps]

D/usbnet  (  890): evalRequest: NetworkRequest [ id=1, legacyType=-1, [ Capabilities: INTERNET&NOT_RESTRICTED&TRUSTED&NOT_VPN] ] requested

D/ConnectivityService(  890): sending notification AVAILABLE for NetworkRequest [ id=2, legacyType=-1, [] ]

D/ConnectivityService(  890): sending new Min Network Score(60): NetworkRequest [ id=1, legacyType=-1, [ Capabilities: INTERNET&NOT_RESTRICTED&TRUSTED&NOT_VPN] ], isSkipMobile=false

D/WifiWatchdogStateMachine(  890): RSSI current: 3 new: -59, 3

E/WifiStateMachine(  890): handleMessage: X

D/WIFI    (  890): new score 60 for exisiting request NetworkRequest [ id=1, legacyType=-1, [ Capabilities: INTERNET&NOT_RESTRICTED&TRUSTED&NOT_VPN] ]

D/WIFI_ICON( 1112): updateWifiState: RSSI_CHANGED 3 -> 3

D/StatusBar.NetworkController( 1112): dumpIcon[(gone) (gone) stat_sys_wifi_signal_in_4 stat_sys_no_sim F]

D/WIFI    (  890):   my score=60, my filter=[ Transports: WIFI Capabilities: INTERNET&NOT_RESTRICTED&TRUSTED&NOT_VPN LinkUpBandwidth>=1048576Kbps LinkDnBandwidth>=1048576Kbps]

D/WIFI    (  890): evalRequest: NetworkRequest [ id=1, legacyType=-1, [ Capabilities: INTERNET&NOT_RESTRICTED&TRUSTED&NOT_VPN] ] requested

E/WifiTrafficPoller(  890): TRAFFIC_STATS_POLL true Token 194 num clients 15

E/WifiTrafficPoller(  890):  packet count Tx=88112 Rx=2732888

E/WifiTrafficPoller(  890): TRAFFIC_STATS_POLL true Token 194 num clients 15

E/WifiTrafficPoller(  890):  packet count Tx=88112 Rx=2732905

E/WifiTrafficPoller(  890): TRAFFIC_STATS_POLL true Token 194 num clients 15

E/WifiTrafficPoller(  890):  packet count Tx=88112 Rx=2732914

E/WifiStateMachine(  890): handleMessage: E msg.what=131155

E/WifiStateMachine(  890): processMsg: ConnectedState

E/WifiStateMachine(  890):  ConnectedState !CMD_RSSI_POLL 45 0 "alibaba-inc" 1c:aa:07:f5:96:bf rssi=-59 f=5785 sc=60 link=72 tx=0.1, 0.0, 0.0  rx=36.6 bcn=0 [on:0 tx:0 rx:0 period:2993] from screen [on:0 period:-1440389908] gl rssi=-59 ag=0 hr ticks 0,1,517 ls-=0 [56,56,56,56,61] brc=0 lrc=0

E/WifiStateMachine(  890): processMsg: L2ConnectedState

E/WifiStateMachine(  890):  L2ConnectedState !CMD_RSSI_POLL 45 0 "alibaba-inc" 1c:aa:07:f5:96:bf rssi=-59 f=5785 sc=60 link=72 tx=0.1, 0.0, 0.0  rx=36.6 bcn=0 [on:0 tx:0 rx:0 period:0] from screen [on:0 period:-1440389908] gl rssi=-59 ag=0 hr ticks 0,1,517 ls-=0 [56,56,56,56,61] brc=0 lrc=0

E/WifiStateMachine(  890):  get link layer stats 0

W/WifiHW  (  890): QCOM Debug wifi_send_command "IFNAME=wlan0 SIGNAL_POLL"

D/wpa_supplicant( 1158): wlan0: Control interface command 'SIGNAL_POLL'

I/wpa_supplicant( 1158): environment dirty rate=0 [0][0][0]

E/WifiStateMachine(  890): fetchRssiLinkSpeedAndFrequencyNative RSSI = -61 abnormalRssiCnt = 0 newLinkSpeed = 72

E/WifiStateMachine(  890): fetchRssiLinkSpeedAndFrequencyNative rssi=-61 linkspeed=72

E/WifiConfigStore(  890): updateConfiguration freq=5785 BSSID=1c:aa:07:f5:96:bf RSSI=-60 "alibaba-inc"WPA_EAP

E/WifiStateMachine(  890): calculateWifiScore freq=5785 speed=72 score=60 -> txbadrate=0.00 txgoodrate=0.04 txretriesrate=0.00 rxrate=36.81 userTriggerdPenalty0

E/WifiStateMachine(  890):  good link -> stuck count =0

E/WifiStateMachine(  890):  badRSSI count0 lowRSSI count0 --> score 56

E/WifiStateMachine(  890): calculateWifiScore() report new score 56

E/WifiStateMachine(  890): handleMessage: X

D/ConnectivityService(  890): updateNetworkScore for NetworkAgentInfo [WIFI () - 105] to 56

D/WifiWatchdogStateMachine(  890): RSSI current: 3 new: -61, 3

D/ConnectivityManager.CallbackHandler( 1112): CM callback handler got msg 524290

I/SecurityController( 1112): onAvailable 105 : [ Transports: WIFI Capabilities: INTERNET&NOT_RESTRICTED&TRUSTED&NOT_VPN LinkUpBandwidth>=1048576Kbps LinkDnBandwidth>=1048576Kbps]

D/usbnet  (  890): new score 56 for exisiting request NetworkRequest [ id=1, legacyType=-1, [ Capabilities: INTERNET&NOT_RESTRICTED&TRUSTED&NOT_VPN] ]

D/usbnet  (  890):   my score=70, my filter=[ Transports:  Capabilities: INTERNET&NOT_RESTRICTED&TRUSTED&NOT_VPN LinkUpBandwidth>=1048576Kbps LinkDnBandwidth>=1048576Kbps]

D/usbnet  (  890): evalRequest: NetworkRequest [ id=1, legacyType=-1, [ Capabilities: INTERNET&NOT_RESTRICTED&TRUSTED&NOT_VPN] ] requested

D/WIFI    (  890): new score 56 for exisiting request NetworkRequest [ id=1, legacyType=-1, [ Capabilities: INTERNET&NOT_RESTRICTED&TRUSTED&NOT_VPN] ]

D/WIFI    (  890):   my score=60, my filter=[ Transports: WIFI Capabilities: INTERNET&NOT_RESTRICTED&TRUSTED&NOT_VPN LinkUpBandwidth>=1048576Kbps LinkDnBandwidth>=1048576Kbps]

D/WIFI    (  890): evalRequest: NetworkRequest [ id=1, legacyType=-1, [ Capabilities: INTERNET&NOT_RESTRICTED&TRUSTED&NOT_VPN] ] requested

D/WIFI_ICON( 1112): updateWifiState: RSSI_CHANGED 3 -> 3

D/ConnectivityService(  890): rematching NetworkAgentInfo [WIFI () - 105]

D/StatusBar.NetworkController( 1112): dumpIcon[(gone) (gone) stat_sys_wifi_signal_in_4 stat_sys_no_sim F]

D/ConnectivityService(  890):  network has: [ Transports: WIFI Capabilities: INTERNET&NOT_RESTRICTED&TRUSTED&NOT_VPN LinkUpBandwidth>=1048576Kbps LinkDnBandwidth>=1048576Kbps]

D/ConnectivityService(  890):   checking if request is satisfied: NetworkRequest [ id=2, legacyType=-1, [] ]

D/ConnectivityService(  890): Network NetworkAgentInfo [WIFI () - 105] was already satisfying request 1. No change.

D/ConnectivityService(  890): notifyType AVAILABLE for NetworkAgentInfo [WIFI () - 105]

D/ConnectivityService(  890):  sending notification for NetworkRequest [ id=1, legacyType=-1, [ Capabilities: INTERNET&NOT_RESTRICTED&TRUSTED&NOT_VPN] ]

D/ConnectivityService(  890):  sending notification for NetworkRequest [ id=2, legacyType=-1, [] ]

D/ConnectivityService(  890): sending notification AVAILABLE for NetworkRequest [ id=2, legacyType=-1, [] ]

D/ConnectivityService(  890): sending new Min Network Score(56): NetworkRequest [ id=1, legacyType=-1, [ Capabilities: INTERNET&NOT_RESTRICTED&TRUSTED&NOT_VPN] ], isSkipMobile=false

E/WifiDataStallTracker(  890): DATA_MONITOR_POLL true Token 52

D/WifiDataStallTracker(  890): updateDataStallInfo: mDataStallTxRxSum={txSum=86366 rxSum=100190} preTxRxSum={txSum=86366 rxSum=100190}

D/WifiDataStallTracker(  890): updateDataStallInfo: NONE

D/WifiDataStallTracker(  890): onDataStallAlarm: Sent 0 pkts since last received, < watchdogTrigger=5

E/WifiTrafficPoller(  890): TRAFFIC_STATS_POLL true Token 194 num clients 15

E/WifiTrafficPoller(  890):  packet count Tx=88112 Rx=2732924

E/WifiTrafficPoller(  890): TRAFFIC_STATS_POLL true Token 194 num clients 15

E/WifiTrafficPoller(  890):  packet count Tx=88112 Rx=2732942

E/WifiTrafficPoller(  890): TRAFFIC_STATS_POLL true Token 194 num clients 15

E/WifiTrafficPoller(  890):  packet count Tx=88112 Rx=2732957

E/WifiStateMachine(  890): handleMessage: E msg.what=131155

E/WifiStateMachine(  890): processMsg: ConnectedState

E/WifiStateMachine(  890):  ConnectedState !CMD_RSSI_POLL 45 0 "alibaba-inc" 1c:aa:07:f5:96:bf rssi=-61 f=5785 sc=56 link=72 tx=0.0, 0.0, 0.0  rx=36.8 bcn=0 [on:0 tx:0 rx:0 period:3001] from screen [on:0 period:-1440386889] gl rssi=-61 ag=0 ticks 0,1,518 ls-=0 [56,56,56,56,56] brc=0 lrc=0

E/WifiStateMachine(  890): processMsg: L2ConnectedState

E/WifiStateMachine(  890):  L2ConnectedState !CMD_RSSI_POLL 45 0 "alibaba-inc" 1c:aa:07:f5:96:bf rssi=-61 f=5785 sc=56 link=72 tx=0.0, 0.0, 0.0  rx=36.8 bcn=0 [on:0 tx:0 rx:0 period:1] from screen [on:0 period:-1440386888] gl rssi=-61 ag=0 ticks 0,1,518 ls-=0 [56,56,56,56,56] brc=0 lrc=0

E/WifiStateMachine(  890):  get link layer stats 0

W/WifiHW  (  890): QCOM Debug wifi_send_command "IFNAME=wlan0 SIGNAL_POLL"

D/wpa_supplicant( 1158): wlan0: Control interface command 'SIGNAL_POLL'

I/wpa_supplicant( 1158): environment dirty rate=0 [0][0][0]

E/WifiStateMachine(  890): fetchRssiLinkSpeedAndFrequencyNative RSSI = -60 abnormalRssiCnt = 0 newLinkSpeed = 72

E/WifiStateMachine(  890): fetchRssiLinkSpeedAndFrequencyNative rssi=-60 linkspeed=72

E/WifiConfigStore(  890): updateConfiguration freq=5785 BSSID=1c:aa:07:f5:96:bf RSSI=-60 "alibaba-inc"WPA_EAP

E/WifiStateMachine(  890): calculateWifiScore freq=5785 speed=72 score=56 highRSSI  -> txbadrate=0.00 txgoodrate=0.02 txretriesrate=0.00 rxrate=44.40 userTriggerdPenalty0

E/WifiStateMachine(  890):  good link -> stuck count =0

E/WifiStateMachine(  890):  badRSSI count0 lowRSSI count0 --> score 56

E/WifiStateMachine(  890):  isHighRSSI       ---> score=61

E/WifiStateMachine(  890): calculateWifiScore() report new score 60

E/WifiStateMachine(  890): handleMessage: X

D/WifiWatchdogStateMachine(  890): RSSI current: 3 new: -60, 3

D/ConnectivityManager.CallbackHandler( 1112): CM callback handler got msg 524290

I/SecurityController( 1112): onAvailable 105 : [ Transports: WIFI Capabilities: INTERNET&NOT_RESTRICTED&TRUSTED&NOT_VPN LinkUpBandwidth>=1048576Kbps LinkDnBandwidth>=1048576Kbps]

D/usbnet  (  890): new score 60 for exisiting request NetworkRequest [ id=1, legacyType=-1, [ Capabilities: INTERNET&NOT_RESTRICTED&TRUSTED&NOT_VPN] ]

D/usbnet  (  890):   my score=70, my filter=[ Transports:  Capabilities: INTERNET&NOT_RESTRICTED&TRUSTED&NOT_VPN LinkUpBandwidth>=1048576Kbps LinkDnBandwidth>=1048576Kbps]

D/ConnectivityService(  890): updateNetworkScore for NetworkAgentInfo [WIFI () - 105] to 60

D/WIFI_ICON( 1112): updateWifiState: RSSI_CHANGED 3 -> 3

D/ConnectivityService(  890): rematching NetworkAgentInfo [WIFI () - 105]

D/StatusBar.NetworkController( 1112): dumpIcon[(gone) (gone) stat_sys_wifi_signal_in_4 stat_sys_no_sim F]

D/ConnectivityService(  890):  network has: [ Transports: WIFI Capabilities: INTERNET&NOT_RESTRICTED&TRUSTED&NOT_VPN LinkUpBandwidth>=1048576Kbps LinkDnBandwidth>=1048576Kbps]

D/ConnectivityService(  890):   checking if request is satisfied: NetworkRequest [ id=2, legacyType=-1, [] ]

D/ConnectivityService(  890): Network NetworkAgentInfo [WIFI () - 105] was already satisfying request 1. No change.

D/ConnectivityService(  890): notifyType AVAILABLE for NetworkAgentInfo [WIFI () - 105]

D/ConnectivityService(  890):  sending notification for NetworkRequest [ id=1, legacyType=-1, [ Capabilities: INTERNET&NOT_RESTRICTED&TRUSTED&NOT_VPN] ]

D/ConnectivityService(  890):  sending notification for NetworkRequest [ id=2, legacyType=-1, [] ]

D/ConnectivityService(  890): sending notification AVAILABLE for NetworkRequest [ id=2, legacyType=-1, [] ]

D/ConnectivityService(  890): sending new Min Network Score(60): NetworkRequest [ id=1, legacyType=-1, [ Capabilities: INTERNET&NOT_RESTRICTED&TRUSTED&NOT_VPN] ], isSkipMobile=false

D/usbnet  (  890): evalRequest: NetworkRequest [ id=1, legacyType=-1, [ Capabilities: INTERNET&NOT_RESTRICTED&TRUSTED&NOT_VPN] ] requested

D/WIFI    (  890): new score 60 for exisiting request NetworkRequest [ id=1, legacyType=-1, [ Capabilities: INTERNET&NOT_RESTRICTED&TRUSTED&NOT_VPN] ]

D/WIFI    (  890):   my score=60, my filter=[ Transports: WIFI Capabilities: INTERNET&NOT_RESTRICTED&TRUSTED&NOT_VPN LinkUpBandwidth>=1048576Kbps LinkDnBandwidth>=1048576Kbps]

D/WIFI    (  890): evalRequest: NetworkRequest [ id=1, legacyType=-1, [ Capabilities: INTERNET&NOT_RESTRICTED&TRUSTED&NOT_VPN] ] requested

D/PMS     (  890): acquireWL(3b179822): PARTIAL_WAKE_LOCK  *alarm* 0x1 890 1000 WorkSource{10199}

V/AlarmManager(  890): sending alarm PendingIntent{25b252b3: PendingIntentRecord{29e119ee com.eg.android.AlipayGphone broadcastIntent}}, i=com.eg.android.AlipayGphone.push.action.CHECK, t=0, cnt=1, w=1450258559783, Int=0

D/pushlog9.3 ( 2351): [main] onReceive() action=com.eg.android.AlipayGphone.push.action.CHECK isNotificationEnabled=true, isNetConnected=true

D/pushlog9.3 ( 2351): [main] tryTriggerNotify size=0

D/pushlog9.3 ( 2351): [main] startLBSTimer state is not LBS_INFO_LL and stop LBS.

D/rome_ipp_IppFacde( 2351): [main] isNew:true

D/rome_ipp_IppFacde( 2351): [main] isNew:true

I/rome_ipp_IppFacde( 2351): [main] performProtectNew

D/pushlog9.3 ( 2351): [main] process360Ipp no need protect today return.

D/pushlog9.3 ( 2351): [main] PushConnections isConnected rtn=true

D/pushlog9.3 ( 2351): [main] isNotificationTime() settingStart=8, settingEnd=22, curHour=17

D/pushlog9.3 ( 2351): [main] checkPushStatus linkStatus=true, settingStatus=true

D/pushlog9.3 ( 2351): [main] PushCheck checkPushStatus=0

D/pushlog9.3 ( 2351): [main] PushConnections isConnected rtn=true

D/rome_ipp_IppFacde( 2351): [Thread-6182] ipp com.youku.phone isActive true lpb:

D/pushlog9.3 ( 2351): [main] PushManager isConnected lastTime=2015-12-16 17:35:40.3, duration=19 limit:900 ret:true

W/ActivityManager(  890): getTasks: caller 10199 does not hold GET_TASKS; limiting output

D/pushlog9.3 ( 2351): [main] isFrontPolicy ret=false

D/pushlog9.3 ( 2351): [main] isInBack:true isIngoreFrontWhenInBackground:true isUseFront:false keepAliveTime:300

D/pushlog9.3 ( 2351): [main] runTask() runnable is com.alipay.pushsdk.push.h.b

D/pushlog9.3 ( 2351): [pool-2-thread-1] PushConnections isConnected rtn=true

D/pushlog9.3 ( 2351): [pool-2-thread-1] HeartBeatTask hb sent

I/Monitor ( 2351): [main] onReceive:com.alipay.pushsdk.push.ClientActionReceiver,com.eg.android.AlipayGphone.push.action.CHECK

V/ClientMonitorWakeupReceiver( 2351): onReceive: Intent { act=com.eg.android.AlipayGphone.push.action.CHECK flg=0x14 pkg=com.eg.android.AlipayGphone cmp=com.eg.android.AlipayGphone/com.alipay.mobile.logmonitor.ClientMonitorWakeupReceiver (has extras) }

D/rome_ipp_IppFacde( 2351): [Thread-6182] will protect true package:com.youku.phone last:1450257959781 dur:600075 isForce:false

D/rome_ipp_IppFacde( 2351): [Thread-6182] pushlog start thrid party service action:com.youku.pushsdk.pushservice.FRIEND pName:com.youku.phone cName:com.youku.pushsdk.service.PushService sourceMarkKey:null

D/rome_ipp_IppFacde( 2351): [Thread-6182] ipp com.taobao.taobao isActive true lpb:

D/rome_ipp_IppFacde( 2351): [Thread-6182] will protect true package:com.taobao.taobao last:1450258259826 dur:300042 isForce:false

D/PMS     (  890): releaseWL(3b179822): PARTIAL_WAKE_LOCK  *alarm* 0x1 WorkSource{10199}

W/ActivityManager(  890): Unable to start service Intent { act=com.youku.pushsdk.pushservice.FRIEND cmp=com.youku.phone/com.youku.pushsdk.service.PushService } U=0: not found

D/pushlog9.3 ( 2351): [push longlink packet dispatcher] dis packet--> mVer:3 mId:3 mHdrLen:2 mType:1 mEncy:0 mZip:0 mServerHeart:1 mLen:0 mExtField: mData:

V/ClientMonitorService( 2351): sync skip, lastSyncTime=1450257659878

I/pushlog9.3 ( 2351): [push longlink packet dispatcher] processPacket got HeartBeat

D/rome_ipp_IppFacde( 2351): [Thread-6182] pushlog start thrid party service action:org.agoo.android.intent.action.PING_V4 pName:com.taobao.taobao cName:com.taobao.accs.ChannelService sourceMarkKey:source

D/pushlog9.3 ( 2351): [push longlink packet dispatcher] isFrontPolicy ret=false

D/rome_ipp_IppFacde( 2351): [Thread-6182] ipp com.sina.weibo isActive true lpb:

D/pushlog9.3 ( 2351): [push longlink packet dispatcher] isInBack:true isIngoreFrontWhenInBackground:true isUseFront:false keepAliveTime:300

W/ActivityManager(  890): getTasks: caller 10199 does not hold GET_TASKS; limiting output

W/ActivityManager(  890): Unable to start service Intent { act=org.agoo.android.intent.action.PING_V4 cmp=com.taobao.taobao/com.taobao.accs.ChannelService (has extras) } U=0: not found

D/rome_ipp_IppFacde( 2351): [Thread-6182] will protect true package:com.sina.weibo last:1450258259837 dur:300042 isForce:false

D/rome_ipp_IppFacde( 2351): [Thread-6182] clientId:151126143204708|353780060164886

D/rome_ipp_IppFacde( 2351): [Thread-6182] pushlog start thrid party service action: pName:com.sina.weibo cName:com.sina.weibo.push.PushServiceProxy sourceMarkKey:null extras->{"intent_come_from":"alipay","clientId":"123"}

W/ActivityManager(  890): Unable to start service Intent { cmp=com.sina.weibo/.push.PushServiceProxy (has extras) } U=0: not found

E/WifiTrafficPoller(  890): TRAFFIC_STATS_POLL true Token 194 num clients 15

E/WifiTrafficPoller(  890):  packet count Tx=88114 Rx=2732985

E/WifiTrafficPoller(  890): notifying of data activity 3

D/WIFI_ICON( 1112): WifiActivity: 3

D/StatusBar.NetworkController( 1112): dumpIcon[(gone) (gone) stat_sys_wifi_signal_inandout_4 stat_sys_no_sim F]

D/WeatherUtility( 1112): Weather sync is On

D/PMS     (  890): acquireWL(b05afe9): PARTIAL_WAKE_LOCK  *alarm* 0x40000001 890 1000 WorkSource{1000}

V/AlarmManager(  890): sending alarm PendingIntent{16018d88: PendingIntentRecord{16f8e321 android broadcastIntent}}, i=android.intent.action.TIME_TICK, t=3, cnt=1, w=546978003, Int=0

D/PMS     (  890): releaseWL(b05afe9): PARTIAL_WAKE_LOCK  *alarm* 0x40000001 WorkSource{1000}

I/ClockController( 1112): schedule update now=1450258560059 next=59941

I/Clock   ( 1112): updateClock:17:36 Asia/Hong_Kong

I/Clock   ( 1112): updateClock:17:36 Asia/Hong_Kong

I/Clock   ( 1112): updateClock:17:36 Asia/Hong_Kong

D/WeatherUtility( 1112): Weather sync is On

D/PMS     (  890): acquireWL(243b146e): PARTIAL_WAKE_LOCK  *alarm* 0x1 890 1000 WorkSource{10198}

V/AlarmManager(  890): sending alarm PendingIntent{2875670f: PendingIntentRecord{29c8e6fa com.alipay.m.portal broadcastIntent}}, i=com.alipay.m.portal.push.action.CHECK, t=0, cnt=1, w=1450258560258, Int=0

I/AlipayPushS_ClientActionReceiver( 2395): onReceive() action=com.alipay.m.portal.push.action.CHECK

I/AlipayPushS_ClientActionReceiver( 2395): onReceive() networkInfo.isConnected()=true

D/AlipayPushS_d( 2395): isNetworkAvailable=true

V/AlipayPushS_e( 2395): getInstance() mInstance=577686300

V/AlipayPushS_e( 2395): getString() sharePrefs key=setting_notify_state, sdkLevel=21, pid=2395

V/AlipayPushS_e( 2395): done getString() sharePrefs key=setting_notify_state, val=null, pid=2395

D/AlipayPushS_ClientActionReceiver( 2395): isNotificationEnabled=true, isNetConnected=true

I/AlipayPushS_NotificationService( 2395): startAlarmTimer ELAPSED_REALTIME_WAKEUP! nextTime=300000

I/Monitor ( 2395): [main]android.app.AlarmManager.setXXX at: NotificationService.java:353

V/AlipayPushS_g( 2395): getConnection()... called. connection:575620684

V/AlipayPushS_g( 2395): getConnection()... called. connection:575620684

D/AlipayPushS_j( 2395): isConnected()...called=true, connection=575620684

V/AlipayPushS_e( 2395): getInstance() mInstance=577686300

V/AlipayPushS_e( 2395): getString() sharePrefs key=setting_notify_state, sdkLevel=21, pid=2395

V/AlipayPushS_e( 2395): done getString() sharePrefs key=setting_notify_state, val=null, pid=2395

I/AlipayPushS_ClientActionReceiver( 2395): checkPushStatus linkStatus=true, settingStatus=true

D/AlipayPushS_ClientActionReceiver( 2395): PushCheck checkPushStatus=0

V/AlipayPushS_g( 2395): isConnected() connection=575620684

D/AlipayPushS_j( 2395): isConnected()...called=true, connection=575620684

D/AlipayPushS_g( 2395): isConnected() lastTime=2015-12-16 17:35:34.3, del=25

D/AlipayPushS_g( 2395): submitHeartBeatTask()...

D/AlipayPushS_g( 2395): addTask(runnable)...

D/AlipayPushS_NotificationService( 2395): Incremented task count to 2

D/AlipayPushS_g( 2395): addTask taskList=0

V/AlipayPushS_g( 2395): runTask()...

D/AlipayPushS_g( 2395): runTask() runnable is com.alipay.pushsdk.push.j

V/AlipayPushS_NotificationService( 2395): submit(runnable)...getExecutorService:495641888

V/AlipayPushS_NotificationService( 2395): isTerminated=false

V/AlipayPushS_NotificationService( 2395): isShutdown=false

V/AlipayPushS_NotificationService( 2395): Future result is java.util.concurrent.FutureTask

D/AlipayPushS_g( 2395): ===== HeartBeatTask() Runnable=====

V/AlipayPushS_NotificationService( 2395): Future result isCancelled=false, isDone=false

D/AlipayPushS_NotificationService( 2395): Decremented task count to 1

D/AlipayPushS_g( 2395): HeartBeatTask() heartBeat will be sent! length=0

V/AlipayPushS_g( 2395): runTask()...done

V/AlipayPushS_g( 2395): getConnection()... called. connection:575620684

D/AlipayPushS_g( 2395): addTask(runnable)... done

D/AlipayPushS_j( 2395): isConnected()...called=true, connection=575620684

D/AlipayPushS_j( 2395): sendPacket()... isConnected=true

I/Monitor ( 2395): [main]onReceive at: com.alipay.pushsdk.push.ClientActionReceiver, Intent: Intent { act=com.alipay.m.portal.push.action.CHECK flg=0x14 (has extras) }, cost:3 ms.

D/AlipayPushS_j( 2395): isConnected()...called=true, connection=575620684

V/AlipayPushS_j( 2395): sendPacket()... writer=869051291, reader=1062239032

I/AlipayPushS_j( 2395): sendPacket()... packet.id=3

D/AlipayPushS_h( 2395): sendPacket() enter... done=false

D/AlipayPushS_h( 2395): sendPacket queue len=1

D/AlipayPushS_h( 2395): nextPacket queue len=1

D/AlipayPushS_h( 2395): writePackets curMsgId=3

D/AlipayPushS_c( 2395): getHdrbufforWrite() the 1st buffer:67

D/AlipayPushS_c( 2395): getHdrbufforWrite() the 2nd buffer:16

V/ClientMonitorWakeupReceiver( 2395): ClientMonitorWakeupReceiver.onReceiveIntent { act=com.alipay.m.portal.push.action.CHECK flg=0x14 cmp=com.alipay.m.portal/com.alipay.mobile.logmonitor.ClientMonitorWakeupReceiver (has extras) }

D/AlipayPushS_d( 2395): reader() count=2

D/AlipayPushS_d( 2395): handleRecvMsg() got valid packet msgVersion:4, msgByte1st: 1000011

D/AlipayPushS_d( 2395): handleRecvMsg() readLen=2

D/AlipayPushS_c( 2395): getHdrfromRead() got valid packet! msgId=3

V/AlipayPushS_c( 2395): getHdrfromRead() got valid packet! msgType=1

D/AlipayPushS_d( 2395): handleRecvMsg() leftHdrLen=0

V/AlipayPushS_d( 2395): processPacket() are processing one valid packet!

D/PMS     (  890): releaseWL(243b146e): PARTIAL_WAKE_LOCK  *alarm* 0x1 WorkSource{10198}

V/ClientMonitorService( 2395): sync skip, lastSyncTime=1450257960387

D/AlipayPushS_h( 2395): writePackets queue len=0

D/AlipayPushS_d( 2395): handleRecvMsg() current thisLen=2, leftLen=0, index=2

V/AlipayPushS_e( 2395): getInstance() mInstance=577686300

V/AlipayPushS_e( 2395): putString() sharePrefs key=LAST_CONNECTED_TIME, val=1450258560306, pid=2395

V/AlipayPushS_d( 2395): handleRecvMsg() done! leftLen=0, index=2

V/AlipayPushS_e( 2395): done putString() sharePrefs key=LAST_CONNECTED_TIME, val=1450258560306, pid=2395

I/AlipayPushS_b( 2395): processPacket() got one HeartBeatPacket from Server!

I/AlipayPushS_g( 2395): getPushKeepAliveInterval() keepAliveTime=30

I/Monitor ( 2395): [Push Listener Processor (11)]android.app.AlarmManager.setXXX at: PushManager.java:737

E/WifiTrafficPoller(  890): TRAFFIC_STATS_POLL true Token 194 num clients 15

E/WifiTrafficPoller(  890):  packet count Tx=88116 Rx=2733003

E/WifiStateMachine(  890): WiFiStateMachine SCAN ALARM

E/WifiStateMachine(  890): handleMessage: E msg.what=131143

E/WifiStateMachine(  890): processMsg: ConnectedState

E/WifiStateMachine(  890):  ConnectedState !CMD_START_SCAN -2 -2 ic=13798 proc(ms):0 dur:4318 rssi=-60 f=5785 sc=60 link=72 tx=0.0, 0.0, 0.0  rx=44.4 fiv=60000 [on:0 tx:0 rx:0 period:1846] from screen [on:0 period:-1440385037]

E/WifiStateMachine(  890): processMsg: L2ConnectedState

E/WifiStateMachine(  890):  L2ConnectedState !CMD_START_SCAN -2 -2 ic=13798 proc(ms):2 dur:4318 rssi=-60 f=5785 sc=60 link=72 tx=0.0, 0.0, 0.0  rx=44.4 fiv=60000 [on:0 tx:0 rx:0 period:1] from screen [on:0 period:-1440385036]

E/WifiStateMachine(  890): WifiStateMachine CMD_START_SCAN source -2 txSuccessRate=0.02 rxSuccessRate=44.40 targetRoamBSSID=1c:aa:07:f5:96:bf RSSI=-60

E/WifiStateMachine(  890): WifiStateMachine CMD_START_SCAN with age=1860002 interval=60000 maxinterval=300000

E/WifiStateMachine(  890): WifiStateMachine CMD_START_SCAN try full band scan age=1860002 interval=60000 maxinterval=300000

E/WifiStateMachine(  890): WifiStateMachine CMD_START_SCAN prevent full band scan due to pkt rate

E/WifiStateMachine(  890): WifiStateMachine CMD_START_SCAN full=false

E/WifiStateMachine(  890): handleMessage: X

D/WifiDisplayAdapter(  890): getWifiDisplayStatusLocked: result=WifiDisplayStatus{featureState=2, scanState=0, activeDisplayState=0, activeDisplay=null, displays=[], sessionInfo=WifiDisplaySessionInfo:

D/WifiDisplayAdapter(  890):     Client/Owner: Client

D/WifiDisplayAdapter(  890):     GroupId: 

D/WifiDisplayAdapter(  890):     Passphrase: 

D/WifiDisplayAdapter(  890):     SessionId: 0

D/WifiDisplayAdapter(  890):     IP Address: }

D/PMS     (  890): acquireWL(218061a5): PARTIAL_WAKE_LOCK  *alarm* 0x1 890 1000 WorkSource{1000}

V/AlarmManager(  890): sending alarm PendingIntent{172f3f56: PendingIntentRecord{16ee5bd7 android broadcastIntent}}, i=com.android.server.WifiManager.action.START_SCAN, t=1, cnt=1, w=1450258561006, Int=20000

D/PMS     (  890): releaseWL(218061a5): PARTIAL_WAKE_LOCK  *alarm* 0x1 WorkSource{1000}

E/WifiDataStallTracker(  890): DATA_MONITOR_POLL true Token 52

D/WifiDataStallTracker(  890): updateDataStallInfo: mDataStallTxRxSum={txSum=86370 rxSum=100193} preTxRxSum={txSum=86366 rxSum=100190}

D/WifiDataStallTracker(  890): updateDataStallInfo: IN/OUT

D/WifiDataStallTracker(  890): onDataStallAlarm: Sent 0 pkts since last received, < watchdogTrigger=5

E/WifiTrafficPoller(  890): TRAFFIC_STATS_POLL true Token 194 num clients 15

E/WifiTrafficPoller(  890):  packet count Tx=88116 Rx=2733014

E/WifiTrafficPoller(  890): notifying of data activity 1

D/WIFI_ICON( 1112): WifiActivity: 1

D/StatusBar.NetworkController( 1112): dumpIcon[(gone) (gone) stat_sys_wifi_signal_in_4 stat_sys_no_sim F]

E/WifiStateMachine(  890): handleMessage: E msg.what=131155

E/WifiStateMachine(  890): processMsg: ConnectedState

E/WifiStateMachine(  890):  ConnectedState !CMD_RSSI_POLL 45 0 "alibaba-inc" 1c:aa:07:f5:96:bf rssi=-60 f=5785 sc=60 link=72 tx=0.0, 0.0, 0.0  rx=44.4 bcn=0 [on:0 tx:0 rx:0 period:1158] from screen [on:0 period:-1440383875] gl rssi=-60 ag=0 hr ticks 0,1,518 ls-=0 [56,56,56,56,61] brc=0 lrc=0

E/WifiStateMachine(  890): processMsg: L2ConnectedState

E/WifiStateMachine(  890):  L2ConnectedState !CMD_RSSI_POLL 45 0 "alibaba-inc" 1c:aa:07:f5:96:bf rssi=-60 f=5785 sc=60 link=72 tx=0.0, 0.0, 0.0  rx=44.4 bcn=0 [on:0 tx:0 rx:0 period:4] from screen [on:0 period:-1440383871] gl rssi=-60 ag=0 hr ticks 0,1,518 ls-=0 [56,56,56,56,61] brc=0 lrc=0

E/WifiStateMachine(  890):  get link layer stats 0

W/WifiHW  (  890): QCOM Debug wifi_send_command "IFNAME=wlan0 SIGNAL_POLL"

D/wpa_supplicant( 1158): wlan0: Control interface command 'SIGNAL_POLL'

I/wpa_supplicant( 1158): environment dirty rate=0 [4][0][0]

E/WifiStateMachine(  890): fetchRssiLinkSpeedAndFrequencyNative RSSI = -62 abnormalRssiCnt = 0 newLinkSpeed = 72

E/WifiStateMachine(  890): fetchRssiLinkSpeedAndFrequencyNative rssi=-62 linkspeed=72

E/WifiConfigStore(  890): updateConfiguration freq=5785 BSSID=1c:aa:07:f5:96:bf RSSI=-61 "alibaba-inc"WPA_EAP

E/WifiStateMachine(  890): calculateWifiScore freq=5785 speed=72 score=60 -> txbadrate=0.00 txgoodrate=2.01 txretriesrate=0.00 rxrate=44.20 userTriggerdPenalty0

E/WifiStateMachine(  890):  good link -> stuck count =0

E/WifiStateMachine(  890):  badRSSI count0 lowRSSI count0 --> score 56

E/WifiStateMachine(  890): calculateWifiScore() report new score 56

D/ConnectivityService(  890): updateNetworkScore for NetworkAgentInfo [WIFI () - 105] to 56

D/ConnectivityService(  890): rematching NetworkAgentInfo [WIFI () - 105]

D/ConnectivityService(  890):  network has: [ Transports: WIFI Capabilities: INTERNET&NOT_RESTRICTED&TRUSTED&NOT_VPN LinkUpBandwidth>=1048576Kbps LinkDnBandwidth>=1048576Kbps]

D/ConnectivityManager.CallbackHandler( 1112): CM callback handler got msg 524290

I/SecurityController( 1112): onAvailable 105 : [ Transports: WIFI Capabilities: INTERNET&NOT_RESTRICTED&TRUSTED&NOT_VPN LinkUpBandwidth>=1048576Kbps LinkDnBandwidth>=1048576Kbps]

D/usbnet  (  890): new score 56 for exisiting request NetworkRequest [ id=1, legacyType=-1, [ Capabilities: INTERNET&NOT_RESTRICTED&TRUSTED&NOT_VPN] ]

D/usbnet  (  890):   my score=70, my filter=[ Transports:  Capabilities: INTERNET&NOT_RESTRICTED&TRUSTED&NOT_VPN LinkUpBandwidth>=1048576Kbps LinkDnBandwidth>=1048576Kbps]

D/usbnet  (  890): evalRequest: NetworkRequest [ id=1, legacyType=-1, [ Capabilities: INTERNET&NOT_RESTRICTED&TRUSTED&NOT_VPN] ] requested

D/WifiWatchdogStateMachine(  890): RSSI current: 3 new: -62, 3

E/WifiStateMachine(  890): handleMessage: X

D/WIFI    (  890): new score 56 for exisiting request NetworkRequest [ id=1, legacyType=-1, [ Capabilities: INTERNET&NOT_RESTRICTED&TRUSTED&NOT_VPN] ]

D/WIFI    (  890):   my score=60, my filter=[ Transports: WIFI Capabilities: INTERNET&NOT_RESTRICTED&TRUSTED&NOT_VPN LinkUpBandwidth>=1048576Kbps LinkDnBandwidth>=1048576Kbps]

D/WIFI    (  890): evalRequest: NetworkRequest [ id=1, legacyType=-1, [ Capabilities: INTERNET&NOT_RESTRICTED&TRUSTED&NOT_VPN] ] requested

D/ConnectivityService(  890):   checking if request is satisfied: NetworkRequest [ id=2, legacyType=-1, [] ]

D/ConnectivityService(  890): Network NetworkAgentInfo [WIFI () - 105] was already satisfying request 1. No change.

D/ConnectivityService(  890): notifyType AVAILABLE for NetworkAgentInfo [WIFI () - 105]

D/ConnectivityService(  890):  sending notification for NetworkRequest [ id=1, legacyType=-1, [ Capabilities: INTERNET&NOT_RESTRICTED&TRUSTED&NOT_VPN] ]

D/ConnectivityService(  890):  sending notification for NetworkRequest [ id=2, legacyType=-1, [] ]

D/ConnectivityService(  890): sending notification AVAILABLE for NetworkRequest [ id=2, legacyType=-1, [] ]

D/ConnectivityService(  890): sending new Min Network Score(56): NetworkRequest [ id=1, legacyType=-1, [ Capabilities: INTERNET&NOT_RESTRICTED&TRUSTED&NOT_VPN] ], isSkipMobile=false

D/WIFI_ICON( 1112): updateWifiState: RSSI_CHANGED 3 -> 3

D/StatusBar.NetworkController( 1112): dumpIcon[(gone) (gone) stat_sys_wifi_signal_in_4 stat_sys_no_sim F]

E/WifiTrafficPoller(  890): TRAFFIC_STATS_POLL true Token 194 num clients 15

E/WifiTrafficPoller(  890):  packet count Tx=88116 Rx=2733021

E/WifiTrafficPoller(  890): TRAFFIC_STATS_POLL true Token 194 num clients 15

E/WifiTrafficPoller(  890):  packet count Tx=88116 Rx=2733026

E/WifiTrafficPoller(  890): TRAFFIC_STATS_POLL true Token 194 num clients 15

E/WifiTrafficPoller(  890):  packet count Tx=88116 Rx=2733032

E/WifiStateMachine(  890): handleMessage: E msg.what=131155

E/WifiStateMachine(  890): processMsg: ConnectedState

E/WifiStateMachine(  890):  ConnectedState !CMD_RSSI_POLL 45 0 "alibaba-inc" 1c:aa:07:f5:96:bf rssi=-62 f=5785 sc=56 link=72 tx=2.0, 0.0, 0.0  rx=44.2 bcn=0 [on:0 tx:0 rx:0 period:3006] from screen [on:0 period:-1440380826] gl rssi=-62 ag=0 ticks 0,1,519 ls-=0 [56,56,56,56,56] brc=0 lrc=0

E/WifiStateMachine(  890): processMsg: L2ConnectedState

E/WifiStateMachine(  890):  L2ConnectedState !CMD_RSSI_POLL 45 0 "alibaba-inc" 1c:aa:07:f5:96:bf rssi=-62 f=5785 sc=56 link=72 tx=2.0, 0.0, 0.0  rx=44.2 bcn=0 [on:0 tx:0 rx:0 period:4] from screen [on:0 period:-1440380822] gl rssi=-62 ag=0 ticks 0,1,519 ls-=0 [56,56,56,56,56] brc=0 lrc=0

E/WifiStateMachine(  890):  get link layer stats 0

W/WifiHW  (  890): QCOM Debug wifi_send_command "IFNAME=wlan0 SIGNAL_POLL"

D/wpa_supplicant( 1158): wlan0: Control interface command 'SIGNAL_POLL'

I/wpa_supplicant( 1158): environment dirty rate=0 [0][0][0]

E/WifiStateMachine(  890): fetchRssiLinkSpeedAndFrequencyNative RSSI = -59 abnormalRssiCnt = 0 newLinkSpeed = 72

E/WifiStateMachine(  890): fetchRssiLinkSpeedAndFrequencyNative rssi=-59 linkspeed=72

E/WifiConfigStore(  890): updateConfiguration freq=5785 BSSID=1c:aa:07:f5:96:bf RSSI=-59 "alibaba-inc"WPA_EAP

E/WifiStateMachine(  890): calculateWifiScore freq=5785 speed=72 score=56 highRSSI  -> txbadrate=0.00 txgoodrate=1.00 txretriesrate=0.00 rxrate=30.60 userTriggerdPenalty0

E/WifiStateMachine(  890):  good link -> stuck count =0

E/WifiStateMachine(  890):  badRSSI count0 lowRSSI count0 --> score 56

E/WifiStateMachine(  890):  isHighRSSI       ---> score=61

E/WifiStateMachine(  890): calculateWifiScore() report new score 60

D/WIFI_ICON( 1112): updateWifiState: RSSI_CHANGED 3 -> 3

D/StatusBar.NetworkController( 1112): dumpIcon[(gone) (gone) stat_sys_wifi_signal_in_4 stat_sys_no_sim F]

E/WifiStateMachine(  890): handleMessage: X

D/WifiWatchdogStateMachine(  890): RSSI current: 3 new: -59, 3

D/ConnectivityService(  890): updateNetworkScore for NetworkAgentInfo [WIFI () - 105] to 60

D/ConnectivityService(  890): rematching NetworkAgentInfo [WIFI () - 105]

D/ConnectivityService(  890):  network has: [ Transports: WIFI Capabilities: INTERNET&NOT_RESTRICTED&TRUSTED&NOT_VPN LinkUpBandwidth>=1048576Kbps LinkDnBandwidth>=1048576Kbps]

D/ConnectivityService(  890):   checking if request is satisfied: NetworkRequest [ id=2, legacyType=-1, [] ]

D/ConnectivityManager.CallbackHandler( 1112): CM callback handler got msg 524290

I/SecurityController( 1112): onAvailable 105 : [ Transports: WIFI Capabilities: INTERNET&NOT_RESTRICTED&TRUSTED&NOT_VPN LinkUpBandwidth>=1048576Kbps LinkDnBandwidth>=1048576Kbps]

D/ConnectivityService(  890): Network NetworkAgentInfo [WIFI () - 105] was already satisfying request 1. No change.

D/ConnectivityService(  890): notifyType AVAILABLE for NetworkAgentInfo [WIFI () - 105]

D/ConnectivityService(  890):  sending notification for NetworkRequest [ id=1, legacyType=-1, [ Capabilities: INTERNET&NOT_RESTRICTED&TRUSTED&NOT_VPN] ]

D/ConnectivityService(  890):  sending notification for NetworkRequest [ id=2, legacyType=-1, [] ]

D/ConnectivityService(  890): sending notification AVAILABLE for NetworkRequest [ id=2, legacyType=-1, [] ]

D/ConnectivityService(  890): sending new Min Network Score(60): NetworkRequest [ id=1, legacyType=-1, [ Capabilities: INTERNET&NOT_RESTRICTED&TRUSTED&NOT_VPN] ], isSkipMobile=false

D/WIFI    (  890): new score 60 for exisiting request NetworkRequest [ id=1, legacyType=-1, [ Capabilities: INTERNET&NOT_RESTRICTED&TRUSTED&NOT_VPN] ]

D/WIFI    (  890):   my score=60, my filter=[ Transports: WIFI Capabilities: INTERNET&NOT_RESTRICTED&TRUSTED&NOT_VPN LinkUpBandwidth>=1048576Kbps LinkDnBandwidth>=1048576Kbps]

D/WIFI    (  890): evalRequest: NetworkRequest [ id=1, legacyType=-1, [ Capabilities: INTERNET&NOT_RESTRICTED&TRUSTED&NOT_VPN] ] requested

D/usbnet  (  890): new score 60 for exisiting request NetworkRequest [ id=1, legacyType=-1, [ Capabilities: INTERNET&NOT_RESTRICTED&TRUSTED&NOT_VPN] ]

D/usbnet  (  890):   my score=70, my filter=[ Transports:  Capabilities: INTERNET&NOT_RESTRICTED&TRUSTED&NOT_VPN LinkUpBandwidth>=1048576Kbps LinkDnBandwidth>=1048576Kbps]

