D/StatusBar.NetworkController( 1112): dumpIcon[(gone) (gone) stat_sys_wifi_signal_in_4 stat_sys_no_sim F]

D/PMS     (  890): acquireWL(10a96333): PARTIAL_WAKE_LOCK  BatteryServiceUpdateStats_3 0x1 890 1000 null

I/BatteryService(  890): n_update end

D/PMS     (  890): releaseWL(10a96333): PARTIAL_WAKE_LOCK  BatteryServiceUpdateStats_3 0x1 null

D/PowerUI ( 1112): closing low battery warning: level=100

D/NotificationService(  890): plugged=true pluggin=true

D/PowerUI ( 1112): plugged = true, health = 2, mBatteryLevel = 100, mPluggedBatteryLevel = 100, mLowBatteryWarningLevel2 = 25, mshowLowChargingWarning2 = true

D/WifiController(  890): battery changed pluggedType: 2

D/HtcPowerSaver(  890): updateBatteryInfo

D/PMS     (  890): runPSCheck

D/HtcPowerSaver(  890): Checking...

I/HtcPowerSaver(  890): >> updateStatus

I/HtcPowerSaver(  890): updateStatus (8000,100,-1,false,false,false,-1)

I/HtcPowerSaver(  890): << updateStatus

D/WIFI_ICON( 1112): updateWifiState: RSSI_CHANGED 3 -> 3

D/StatusBar.NetworkController( 1112): dumpIcon[(gone) (gone) stat_sys_wifi_signal_in_4 stat_sys_no_sim F]

D/WIFI_ICON( 1112): updateWifiState: RSSI_CHANGED 3 -> 3

D/StatusBar.NetworkController( 1112): dumpIcon[(gone) (gone) stat_sys_wifi_signal_in_4 stat_sys_no_sim F]

D/ConnectivityService(  890): updateNetworkScore for NetworkAgentInfo [WIFI () - 105] to 56

D/ConnectivityService(  890): rematching NetworkAgentInfo [WIFI () - 105]

D/ConnectivityService(  890):  network has: [ Transports: WIFI Capabilities: INTERNET&NOT_RESTRICTED&TRUSTED&NOT_VPN LinkUpBandwidth>=1048576Kbps LinkDnBandwidth>=1048576Kbps]

D/ConnectivityService(  890):   checking if request is satisfied: NetworkRequest [ id=2, legacyType=-1, [] ]

D/ConnectivityService(  890): Network NetworkAgentInfo [WIFI () - 105] was already satisfying request 1. No change.

D/ConnectivityService(  890): notifyType AVAILABLE for NetworkAgentInfo [WIFI () - 105]

D/ConnectivityService(  890):  sending notification for NetworkRequest [ id=1, legacyType=-1, [ Capabilities: INTERNET&NOT_RESTRICTED&TRUSTED&NOT_VPN] ]

D/ConnectivityService(  890):  sending notification for NetworkRequest [ id=2, legacyType=-1, [] ]

D/ConnectivityService(  890): sending notification AVAILABLE for NetworkRequest [ id=2, legacyType=-1, [] ]

D/ConnectivityService(  890): sending new Min Network Score(56): NetworkRequest [ id=1, legacyType=-1, [ Capabilities: INTERNET&NOT_RESTRICTED&TRUSTED&NOT_VPN] ], isSkipMobile=false

D/WIFI_ICON( 1112): updateWifiState: RSSI_CHANGED 3 -> 3

D/StatusBar.NetworkController( 1112): dumpIcon[(gone) (gone) stat_sys_wifi_signal_in_4 stat_sys_no_sim F]

D/ConnectivityService(  890): updateNetworkScore for NetworkAgentInfo [WIFI () - 105] to 60

D/ConnectivityService(  890): rematching NetworkAgentInfo [WIFI () - 105]

D/ConnectivityService(  890):  network has: [ Transports: WIFI Capabilities: INTERNET&NOT_RESTRICTED&TRUSTED&NOT_VPN LinkUpBandwidth>=1048576Kbps LinkDnBandwidth>=1048576Kbps]

D/ConnectivityService(  890):   checking if request is satisfied: NetworkRequest [ id=2, legacyType=-1, [] ]

D/ConnectivityService(  890): Network NetworkAgentInfo [WIFI () - 105] was already satisfying request 1. No change.

D/ConnectivityService(  890): notifyType AVAILABLE for NetworkAgentInfo [WIFI () - 105]

D/ConnectivityService(  890):  sending notification for NetworkRequest [ id=1, legacyType=-1, [ Capabilities: INTERNET&NOT_RESTRICTED&TRUSTED&NOT_VPN] ]

D/ConnectivityService(  890):  sending notification for NetworkRequest [ id=2, legacyType=-1, [] ]

D/ConnectivityService(  890): sending notification AVAILABLE for NetworkRequest [ id=2, legacyType=-1, [] ]

D/ConnectivityService(  890): sending new Min Network Score(60): NetworkRequest [ id=1, legacyType=-1, [ Capabilities: INTERNET&NOT_RESTRICTED&TRUSTED&NOT_VPN] ], isSkipMobile=false

D/WIFI_ICON( 1112): updateWifiState: RSSI_CHANGED 3 -> 3

D/StatusBar.NetworkController( 1112): dumpIcon[(gone) (gone) stat_sys_wifi_signal_in_4 stat_sys_no_sim F]

D/PMS     (  890): acquireWL(20caf6f0): PARTIAL_WAKE_LOCK  *alarm* 0x40000001 890 1000 WorkSource{1000}

V/AlarmManager(  890): sending alarm PendingIntent{16018d88: PendingIntentRecord{16f8e321 android broadcastIntent}}, i=android.intent.action.TIME_TICK, t=3, cnt=1, w=546198003, Int=0

D/PMS     (  890): releaseWL(20caf6f0): PARTIAL_WAKE_LOCK  *alarm* 0x40000001 WorkSource{1000}

D/WIFI_ICON( 1112): updateWifiState: RSSI_CHANGED 3 -> 3

D/StatusBar.NetworkController( 1112): dumpIcon[(gone) (gone) stat_sys_wifi_signal_in_4 stat_sys_no_sim F]

D/PMS     (  890): acquireWL(3b487469): PARTIAL_WAKE_LOCK  *alarm* 0x1 890 1000 WorkSource{10198}

V/AlarmManager(  890): sending alarm PendingIntent{387beee: PendingIntentRecord{360e21ff com.alipay.m.portal broadcastIntent}}, i=com.alipay.m.portal.push.action.KEEPLIVE, t=0, cnt=1, w=1450257781075, Int=0

V/AlarmManager(  890): sending alarm PendingIntent{172f3f56: PendingIntentRecord{16ee5bd7 android broadcastIntent}}, i=com.android.server.WifiManager.action.START_SCAN, t=1, cnt=1, w=1450257781006, Int=20000

D/WifiDisplayAdapter(  890): getWifiDisplayStatusLocked: result=WifiDisplayStatus{featureState=2, scanState=0, activeDisplayState=0, activeDisplay=null, displays=[], sessionInfo=WifiDisplaySessionInfo:

D/WifiDisplayAdapter(  890):     Client/Owner: Client

D/WifiDisplayAdapter(  890):     GroupId: 

D/WifiDisplayAdapter(  890):     Passphrase: 

D/WifiDisplayAdapter(  890):     SessionId: 0

D/WifiDisplayAdapter(  890):     IP Address: }

D/PMS     (  890): releaseWL(3b487469): PARTIAL_WAKE_LOCK  *alarm* 0x1 WorkSource{1000}

D/WIFI_ICON( 1112): WifiActivity: 3

D/StatusBar.NetworkController( 1112): dumpIcon[(gone) (gone) stat_sys_wifi_signal_inandout_4 stat_sys_no_sim F]

D/WIFI_ICON( 1112): WifiActivity: 1

D/StatusBar.NetworkController( 1112): dumpIcon[(gone) (gone) stat_sys_wifi_signal_in_4 stat_sys_no_sim F]

D/ConnectivityService(  890): updateNetworkScore for NetworkAgentInfo [WIFI () - 105] to 56

D/ConnectivityService(  890): rematching NetworkAgentInfo [WIFI () - 105]

D/ConnectivityService(  890):  network has: [ Transports: WIFI Capabilities: INTERNET&NOT_RESTRICTED&TRUSTED&NOT_VPN LinkUpBandwidth>=1048576Kbps LinkDnBandwidth>=1048576Kbps]

D/ConnectivityService(  890):   checking if request is satisfied: NetworkRequest [ id=2, legacyType=-1, [] ]

D/ConnectivityService(  890): Network NetworkAgentInfo [WIFI () - 105] was already satisfying request 1. No change.

D/ConnectivityService(  890): notifyType AVAILABLE for NetworkAgentInfo [WIFI () - 105]

D/ConnectivityService(  890):  sending notification for NetworkRequest [ id=1, legacyType=-1, [ Capabilities: INTERNET&NOT_RESTRICTED&TRUSTED&NOT_VPN] ]

D/ConnectivityService(  890):  sending notification for NetworkRequest [ id=2, legacyType=-1, [] ]

D/ConnectivityService(  890): sending notification AVAILABLE for NetworkRequest [ id=2, legacyType=-1, [] ]

D/ConnectivityService(  890): sending new Min Network Score(56): NetworkRequest [ id=1, legacyType=-1, [ Capabilities: INTERNET&NOT_RESTRICTED&TRUSTED&NOT_VPN] ], isSkipMobile=false

D/WIFI_ICON( 1112): updateWifiState: RSSI_CHANGED 3 -> 3

D/StatusBar.NetworkController( 1112): dumpIcon[(gone) (gone) stat_sys_wifi_signal_in_4 stat_sys_no_sim F]

D/ConnectivityService(  890): updateNetworkScore for NetworkAgentInfo [WIFI () - 105] to 60

D/ConnectivityService(  890): rematching NetworkAgentInfo [WIFI () - 105]

D/ConnectivityService(  890):  network has: [ Transports: WIFI Capabilities: INTERNET&NOT_RESTRICTED&TRUSTED&NOT_VPN LinkUpBandwidth>=1048576Kbps LinkDnBandwidth>=1048576Kbps]

D/ConnectivityService(  890):   checking if request is satisfied: NetworkRequest [ id=2, legacyType=-1, [] ]

D/ConnectivityService(  890): Network NetworkAgentInfo [WIFI () - 105] was already satisfying request 1. No change.

D/ConnectivityService(  890): notifyType AVAILABLE for NetworkAgentInfo [WIFI () - 105]

D/ConnectivityService(  890):  sending notification for NetworkRequest [ id=1, legacyType=-1, [ Capabilities: INTERNET&NOT_RESTRICTED&TRUSTED&NOT_VPN] ]

D/ConnectivityService(  890):  sending notification for NetworkRequest [ id=2, legacyType=-1, [] ]

D/ConnectivityService(  890): sending notification AVAILABLE for NetworkRequest [ id=2, legacyType=-1, [] ]

D/ConnectivityService(  890): sending new Min Network Score(60): NetworkRequest [ id=1, legacyType=-1, [ Capabilities: INTERNET&NOT_RESTRICTED&TRUSTED&NOT_VPN] ], isSkipMobile=false

D/WIFI_ICON( 1112): updateWifiState: RSSI_CHANGED 3 -> 3

D/StatusBar.NetworkController( 1112): dumpIcon[(gone) (gone) stat_sys_wifi_signal_in_4 stat_sys_no_sim F]

D/WIFI_ICON( 1112): updateWifiState: RSSI_CHANGED 3 -> 3

D/StatusBar.NetworkController( 1112): dumpIcon[(gone) (gone) stat_sys_wifi_signal_in_4 stat_sys_no_sim F]

D/WIFI_ICON( 1112): updateWifiState: RSSI_CHANGED 3 -> 3

D/StatusBar.NetworkController( 1112): dumpIcon[(gone) (gone) stat_sys_wifi_signal_in_4 stat_sys_no_sim F]

D/WIFI_ICON( 1112): updateWifiState: RSSI_CHANGED 3 -> 3

D/StatusBar.NetworkController( 1112): dumpIcon[(gone) (gone) stat_sys_wifi_signal_in_4 stat_sys_no_sim F]

D/WIFI_ICON( 1112): updateWifiState: RSSI_CHANGED 3 -> 3

D/StatusBar.NetworkController( 1112): dumpIcon[(gone) (gone) stat_sys_wifi_signal_in_4 stat_sys_no_sim F]

W/ActivityManager(  890): getTasks: caller 10199 does not hold GET_TASKS; limiting output

D/WIFI_ICON( 1112): WifiActivity: 3

D/StatusBar.NetworkController( 1112): dumpIcon[(gone) (gone) stat_sys_wifi_signal_inandout_4 stat_sys_no_sim F]

D/WIFI_ICON( 1112): WifiActivity: 1

D/StatusBar.NetworkController( 1112): dumpIcon[(gone) (gone) stat_sys_wifi_signal_in_4 stat_sys_no_sim F]

D/ConnectivityService(  890): updateNetworkScore for NetworkAgentInfo [WIFI () - 105] to 56

D/ConnectivityService(  890): rematching NetworkAgentInfo [WIFI () - 105]

D/ConnectivityService(  890):  network has: [ Transports: WIFI Capabilities: INTERNET&NOT_RESTRICTED&TRUSTED&NOT_VPN LinkUpBandwidth>=1048576Kbps LinkDnBandwidth>=1048576Kbps]

D/ConnectivityService(  890):   checking if request is satisfied: NetworkRequest [ id=2, legacyType=-1, [] ]

D/ConnectivityService(  890): Network NetworkAgentInfo [WIFI () - 105] was already satisfying request 1. No change.

D/ConnectivityService(  890): notifyType AVAILABLE for NetworkAgentInfo [WIFI () - 105]

D/ConnectivityService(  890):  sending notification for NetworkRequest [ id=1, legacyType=-1, [ Capabilities: INTERNET&NOT_RESTRICTED&TRUSTED&NOT_VPN] ]

D/ConnectivityService(  890):  sending notification for NetworkRequest [ id=2, legacyType=-1, [] ]

D/ConnectivityService(  890): sending notification AVAILABLE for NetworkRequest [ id=2, legacyType=-1, [] ]

D/ConnectivityService(  890): sending new Min Network Score(56): NetworkRequest [ id=1, legacyType=-1, [ Capabilities: INTERNET&NOT_RESTRICTED&TRUSTED&NOT_VPN] ], isSkipMobile=false

D/WIFI_ICON( 1112): updateWifiState: RSSI_CHANGED 3 -> 3

D/StatusBar.NetworkController( 1112): dumpIcon[(gone) (gone) stat_sys_wifi_signal_in_4 stat_sys_no_sim F]

D/WIFI_ICON( 1112): updateWifiState: RSSI_CHANGED 3 -> 3

D/StatusBar.NetworkController( 1112): dumpIcon[(gone) (gone) stat_sys_wifi_signal_in_4 stat_sys_no_sim F]

D/WIFI_ICON( 1112): updateWifiState: RSSI_CHANGED 3 -> 3

D/StatusBar.NetworkController( 1112): dumpIcon[(gone) (gone) stat_sys_wifi_signal_in_4 stat_sys_no_sim F]

D/WIFI_ICON( 1112): updateWifiState: RSSI_CHANGED 3 -> 3

D/StatusBar.NetworkController( 1112): dumpIcon[(gone) (gone) stat_sys_wifi_signal_in_4 stat_sys_no_sim F]

D/PMS     (  890): acquireWL(370cff8f): PARTIAL_WAKE_LOCK  BatteryServiceUpdateStats_3 0x1 890 1000 null

I/BatteryService(  890): n_update end

D/NotificationService(  890): plugged=true pluggin=true

D/WifiController(  890): battery changed pluggedType: 2

D/PowerUI ( 1112): closing low battery warning: level=100

D/PowerUI ( 1112): plugged = true, health = 2, mBatteryLevel = 100, mPluggedBatteryLevel = 100, mLowBatteryWarningLevel2 = 25, mshowLowChargingWarning2 = true

D/HtcPowerSaver(  890): updateBatteryInfo

D/PMS     (  890): runPSCheck

D/HtcPowerSaver(  890): Checking...

I/HtcPowerSaver(  890): >> updateStatus

I/HtcPowerSaver(  890): updateStatus (8000,100,-1,false,false,false,-1)

I/HtcPowerSaver(  890): << updateStatus

D/PMS     (  890): releaseWL(370cff8f): PARTIAL_WAKE_LOCK  BatteryServiceUpdateStats_3 0x1 null

D/PMS     (  890): acquireWL(1e00921c): PARTIAL_WAKE_LOCK  *alarm* 0x1 890 1000 WorkSource{10198}

V/AlarmManager(  890): sending alarm PendingIntent{106aee25: PendingIntentRecord{360e21ff com.alipay.m.portal broadcastIntent}}, i=com.alipay.m.portal.push.action.KEEPLIVE, t=0, cnt=1, w=1450257811110, Int=0

V/AlarmManager(  890): sending alarm PendingIntent{172f3f56: PendingIntentRecord{16ee5bd7 android broadcastIntent}}, i=com.android.server.WifiManager.action.START_SCAN, t=1, cnt=1, w=1450257801006, Int=20000

D/WifiDisplayAdapter(  890): getWifiDisplayStatusLocked: result=WifiDisplayStatus{featureState=2, scanState=0, activeDisplayState=0, activeDisplay=null, displays=[], sessionInfo=WifiDisplaySessionInfo:

D/WifiDisplayAdapter(  890):     Client/Owner: Client

D/WifiDisplayAdapter(  890):     GroupId: 

D/WifiDisplayAdapter(  890):     Passphrase: 

D/WifiDisplayAdapter(  890):     SessionId: 0

D/WifiDisplayAdapter(  890):     IP Address: }

D/PMS     (  890): releaseWL(1e00921c): PARTIAL_WAKE_LOCK  *alarm* 0x1 WorkSource{1000}

D/WIFI_ICON( 1112): WifiActivity: 3

D/StatusBar.NetworkController( 1112): dumpIcon[(gone) (gone) stat_sys_wifi_signal_inandout_4 stat_sys_no_sim F]

D/WIFI_ICON( 1112): WifiActivity: 1

D/StatusBar.NetworkController( 1112): dumpIcon[(gone) (gone) stat_sys_wifi_signal_in_4 stat_sys_no_sim F]

D/WIFI_ICON( 1112): updateWifiState: RSSI_CHANGED 3 -> 3

D/StatusBar.NetworkController( 1112): dumpIcon[(gone) (gone) stat_sys_wifi_signal_in_4 stat_sys_no_sim F]

D/WIFI_ICON( 1112): updateWifiState: RSSI_CHANGED 3 -> 3

D/StatusBar.NetworkController( 1112): dumpIcon[(gone) (gone) stat_sys_wifi_signal_in_4 stat_sys_no_sim F]

D/PMS     (  890): acquireWL(27b4dbfa): PARTIAL_WAKE_LOCK  *alarm* 0x1 890 1000 WorkSource{10185}

V/AlarmManager(  890): sending alarm PendingIntent{206405ab: PendingIntentRecord{38df06fc com.alibaba.android.security.activity broadcastIntent}}, i=alilang_action_heart, t=0, cnt=1, w=1450257819533, Int=0

D/PMS     (  890): releaseWL(27b4dbfa): PARTIAL_WAKE_LOCK  *alarm* 0x1 WorkSource{10185}

D/WIFI_ICON( 1112): updateWifiState: RSSI_CHANGED 3 -> 3

D/StatusBar.NetworkController( 1112): dumpIcon[(gone) (gone) stat_sys_wifi_signal_in_4 stat_sys_no_sim F]

D/WIFI_ICON( 1112): WifiActivity: 3

D/StatusBar.NetworkController( 1112): dumpIcon[(gone) (gone) stat_sys_wifi_signal_inandout_4 stat_sys_no_sim F]

D/PMS     (  890): acquireWL(1192b408): PARTIAL_WAKE_LOCK  *alarm* 0x1 890 1000 WorkSource{1000}

D/WifiDisplayAdapter(  890): getWifiDisplayStatusLocked: result=WifiDisplayStatus{featureState=2, scanState=0, activeDisplayState=0, activeDisplay=null, displays=[], sessionInfo=WifiDisplaySessionInfo:

D/WifiDisplayAdapter(  890):     Client/Owner: Client

D/WifiDisplayAdapter(  890):     GroupId: 

D/WifiDisplayAdapter(  890):     Passphrase: 

D/WifiDisplayAdapter(  890):     SessionId: 0

D/WifiDisplayAdapter(  890):     IP Address: }

V/AlarmManager(  890): sending alarm PendingIntent{172f3f56: PendingIntentRecord{16ee5bd7 android broadcastIntent}}, i=com.android.server.WifiManager.action.START_SCAN, t=1, cnt=1, w=1450257821006, Int=20000

D/PMS     (  890): releaseWL(1192b408): PARTIAL_WAKE_LOCK  *alarm* 0x1 WorkSource{1000}

D/WIFI_ICON( 1112): WifiActivity: 1

D/StatusBar.NetworkController( 1112): dumpIcon[(gone) (gone) stat_sys_wifi_signal_in_4 stat_sys_no_sim F]

D/ConnectivityService(  890): updateNetworkScore for NetworkAgentInfo [WIFI () - 105] to 60

D/ConnectivityService(  890): rematching NetworkAgentInfo [WIFI () - 105]

D/ConnectivityService(  890):  network has: [ Transports: WIFI Capabilities: INTERNET&NOT_RESTRICTED&TRUSTED&NOT_VPN LinkUpBandwidth>=1048576Kbps LinkDnBandwidth>=1048576Kbps]

D/ConnectivityService(  890):   checking if request is satisfied: NetworkRequest [ id=2, legacyType=-1, [] ]

D/ConnectivityService(  890): Network NetworkAgentInfo [WIFI () - 105] was already satisfying request 1. No change.

D/ConnectivityService(  890): notifyType AVAILABLE for NetworkAgentInfo [WIFI () - 105]

D/ConnectivityService(  890):  sending notification for NetworkRequest [ id=1, legacyType=-1, [ Capabilities: INTERNET&NOT_RESTRICTED&TRUSTED&NOT_VPN] ]

D/ConnectivityService(  890):  sending notification for NetworkRequest [ id=2, legacyType=-1, [] ]

D/ConnectivityService(  890): sending notification AVAILABLE for NetworkRequest [ id=2, legacyType=-1, [] ]

D/ConnectivityService(  890): sending new Min Network Score(60): NetworkRequest [ id=1, legacyType=-1, [ Capabilities: INTERNET&NOT_RESTRICTED&TRUSTED&NOT_VPN] ], isSkipMobile=false

D/WIFI_ICON( 1112): updateWifiState: RSSI_CHANGED 3 -> 3

D/StatusBar.NetworkController( 1112): dumpIcon[(gone) (gone) stat_sys_wifi_signal_in_4 stat_sys_no_sim F]

D/WIFI_ICON( 1112): updateWifiState: RSSI_CHANGED 3 -> 3

D/StatusBar.NetworkController( 1112): dumpIcon[(gone) (gone) stat_sys_wifi_signal_in_4 stat_sys_no_sim F]

D/WIFI_ICON( 1112): updateWifiState: RSSI_CHANGED 3 -> 3

D/StatusBar.NetworkController( 1112): dumpIcon[(gone) (gone) stat_sys_wifi_signal_in_4 stat_sys_no_sim F]

D/WIFI_ICON( 1112): updateWifiState: RSSI_CHANGED 3 -> 3

D/StatusBar.NetworkController( 1112): dumpIcon[(gone) (gone) stat_sys_wifi_signal_in_4 stat_sys_no_sim F]

D/WIFI_ICON( 1112): updateWifiState: RSSI_CHANGED 3 -> 3

D/StatusBar.NetworkController( 1112): dumpIcon[(gone) (gone) stat_sys_wifi_signal_in_4 stat_sys_no_sim F]

D/WIFI_ICON( 1112): updateWifiState: RSSI_CHANGED 3 -> 3

D/StatusBar.NetworkController( 1112): dumpIcon[(gone) (gone) stat_sys_wifi_signal_in_4 stat_sys_no_sim F]

D/PMS     (  890): acquireWL(348147a1): PARTIAL_WAKE_LOCK  *alarm* 0x40000001 890 1000 WorkSource{1000}

V/AlarmManager(  890): sending alarm PendingIntent{16018d88: PendingIntentRecord{16f8e321 android broadcastIntent}}, i=android.intent.action.TIME_TICK, t=3, cnt=1, w=546258003, Int=0

D/PMS     (  890): releaseWL(348147a1): PARTIAL_WAKE_LOCK  *alarm* 0x40000001 WorkSource{1000}

D/PMS     (  890): acquireWL(664bdc6): PARTIAL_WAKE_LOCK  *alarm* 0x1 890 1000 WorkSource{10198}

V/AlarmManager(  890): sending alarm PendingIntent{37db5187: PendingIntentRecord{360e21ff com.alipay.m.portal broadcastIntent}}, i=com.alipay.m.portal.push.action.KEEPLIVE, t=0, cnt=1, w=1450257841141, Int=0

V/AlarmManager(  890): sending alarm PendingIntent{172f3f56: PendingIntentRecord{16ee5bd7 android broadcastIntent}}, i=com.android.server.WifiManager.action.START_SCAN, t=1, cnt=1, w=1450257841006, Int=20000

D/WIFI_ICON( 1112): updateWifiState: RSSI_CHANGED 3 -> 3

D/StatusBar.NetworkController( 1112): dumpIcon[(gone) (gone) stat_sys_wifi_signal_in_4 stat_sys_no_sim F]

D/WifiDisplayAdapter(  890): getWifiDisplayStatusLocked: result=WifiDisplayStatus{featureState=2, scanState=0, activeDisplayState=0, activeDisplay=null, displays=[], sessionInfo=WifiDisplaySessionInfo:

D/WifiDisplayAdapter(  890):     Client/Owner: Client

D/WifiDisplayAdapter(  890):     GroupId: 

D/WifiDisplayAdapter(  890):     Passphrase: 

D/WifiDisplayAdapter(  890):     SessionId: 0

D/WifiDisplayAdapter(  890):     IP Address: }

D/PMS     (  890): releaseWL(664bdc6): PARTIAL_WAKE_LOCK  *alarm* 0x1 WorkSource{1000}

D/WIFI_ICON( 1112): WifiActivity: 3

D/StatusBar.NetworkController( 1112): dumpIcon[(gone) (gone) stat_sys_wifi_signal_inandout_4 stat_sys_no_sim F]

D/WIFI_ICON( 1112): WifiActivity: 1

D/StatusBar.NetworkController( 1112): dumpIcon[(gone) (gone) stat_sys_wifi_signal_in_4 stat_sys_no_sim F]

D/WIFI_ICON( 1112): updateWifiState: RSSI_CHANGED 3 -> 3

D/StatusBar.NetworkController( 1112): dumpIcon[(gone) (gone) stat_sys_wifi_signal_in_4 stat_sys_no_sim F]

D/ConnectivityService(  890): updateNetworkScore for NetworkAgentInfo [WIFI () - 105] to 56

D/ConnectivityService(  890): rematching NetworkAgentInfo [WIFI () - 105]

D/ConnectivityService(  890):  network has: [ Transports: WIFI Capabilities: INTERNET&NOT_RESTRICTED&TRUSTED&NOT_VPN LinkUpBandwidth>=1048576Kbps LinkDnBandwidth>=1048576Kbps]

D/ConnectivityService(  890):   checking if request is satisfied: NetworkRequest [ id=2, legacyType=-1, [] ]

D/ConnectivityService(  890): Network NetworkAgentInfo [WIFI () - 105] was already satisfying request 1. No change.

D/ConnectivityService(  890): notifyType AVAILABLE for NetworkAgentInfo [WIFI () - 105]

D/ConnectivityService(  890):  sending notification for NetworkRequest [ id=1, legacyType=-1, [ Capabilities: INTERNET&NOT_RESTRICTED&TRUSTED&NOT_VPN] ]

D/ConnectivityService(  890):  sending notification for NetworkRequest [ id=2, legacyType=-1, [] ]

D/ConnectivityService(  890): sending notification AVAILABLE for NetworkRequest [ id=2, legacyType=-1, [] ]

D/ConnectivityService(  890): sending new Min Network Score(56): NetworkRequest [ id=1, legacyType=-1, [ Capabilities: INTERNET&NOT_RESTRICTED&TRUSTED&NOT_VPN] ], isSkipMobile=false

D/WIFI_ICON( 1112): updateWifiState: RSSI_CHANGED 3 -> 3

D/StatusBar.NetworkController( 1112): dumpIcon[(gone) (gone) stat_sys_wifi_signal_in_4 stat_sys_no_sim F]

D/ConnectivityService(  890): updateNetworkScore for NetworkAgentInfo [WIFI () - 105] to 60

D/ConnectivityService(  890): rematching NetworkAgentInfo [WIFI () - 105]

D/ConnectivityService(  890):  network has: [ Transports: WIFI Capabilities: INTERNET&NOT_RESTRICTED&TRUSTED&NOT_VPN LinkUpBandwidth>=1048576Kbps LinkDnBandwidth>=1048576Kbps]

D/ConnectivityService(  890):   checking if request is satisfied: NetworkRequest [ id=2, legacyType=-1, [] ]

D/ConnectivityService(  890): Network NetworkAgentInfo [WIFI () - 105] was already satisfying request 1. No change.

D/ConnectivityService(  890): notifyType AVAILABLE for NetworkAgentInfo [WIFI () - 105]

D/ConnectivityService(  890):  sending notification for NetworkRequest [ id=1, legacyType=-1, [ Capabilities: INTERNET&NOT_RESTRICTED&TRUSTED&NOT_VPN] ]

D/ConnectivityService(  890):  sending notification for NetworkRequest [ id=2, legacyType=-1, [] ]

D/ConnectivityService(  890): sending notification AVAILABLE for NetworkRequest [ id=2, legacyType=-1, [] ]

D/ConnectivityService(  890): sending new Min Network Score(60): NetworkRequest [ id=1, legacyType=-1, [ Capabilities: INTERNET&NOT_RESTRICTED&TRUSTED&NOT_VPN] ], isSkipMobile=false

D/WIFI_ICON( 1112): updateWifiState: RSSI_CHANGED 3 -> 3

D/StatusBar.NetworkController( 1112): dumpIcon[(gone) (gone) stat_sys_wifi_signal_in_4 stat_sys_no_sim F]

D/WIFI_ICON( 1112): updateWifiState: RSSI_CHANGED 3 -> 3

D/StatusBar.NetworkController( 1112): dumpIcon[(gone) (gone) stat_sys_wifi_signal_in_4 stat_sys_no_sim F]

D/WIFI_ICON( 1112): updateWifiState: RSSI_CHANGED 3 -> 3

D/StatusBar.NetworkController( 1112): dumpIcon[(gone) (gone) stat_sys_wifi_signal_in_4 stat_sys_no_sim F]

D/WIFI_ICON( 1112): updateWifiState: RSSI_CHANGED 3 -> 3

D/StatusBar.NetworkController( 1112): dumpIcon[(gone) (gone) stat_sys_wifi_signal_in_4 stat_sys_no_sim F]

D/WIFI_ICON( 1112): updateWifiState: RSSI_CHANGED 3 -> 3

D/StatusBar.NetworkController( 1112): dumpIcon[(gone) (gone) stat_sys_wifi_signal_in_4 stat_sys_no_sim F]

D/WIFI_ICON( 1112): updateWifiState: RSSI_CHANGED 3 -> 3

D/StatusBar.NetworkController( 1112): dumpIcon[(gone) (gone) stat_sys_wifi_signal_in_4 stat_sys_no_sim F]

D/WIFI_ICON( 1112): updateWifiState: RSSI_CHANGED 3 -> 3

D/StatusBar.NetworkController( 1112): dumpIcon[(gone) (gone) stat_sys_wifi_signal_in_4 stat_sys_no_sim F]

W/ActivityManager(  890): getTasks: caller 10199 does not hold GET_TASKS; limiting output

D/WIFI_ICON( 1112): WifiActivity: 3

D/StatusBar.NetworkController( 1112): dumpIcon[(gone) (gone) stat_sys_wifi_signal_inandout_4 stat_sys_no_sim F]

D/PMS     (  890): acquireWL(30a308b4): PARTIAL_WAKE_LOCK  BatteryServiceUpdateStats_3 0x1 890 1000 null

I/BatteryService(  890): n_update end

D/PMS     (  890): releaseWL(30a308b4): PARTIAL_WAKE_LOCK  BatteryServiceUpdateStats_3 0x1 null

D/PMS     (  890): acquireWL(1149bcdd): PARTIAL_WAKE_LOCK  *alarm* 0x1 890 1000 WorkSource{10198}

V/AlarmManager(  890): sending alarm PendingIntent{3def052: PendingIntentRecord{360e21ff com.alipay.m.portal broadcastIntent}}, i=com.alipay.m.portal.push.action.KEEPLIVE, t=0, cnt=1, w=1450257871179, Int=0

V/AlarmManager(  890): sending alarm PendingIntent{172f3f56: PendingIntentRecord{16ee5bd7 android broadcastIntent}}, i=com.android.server.WifiManager.action.START_SCAN, t=1, cnt=1, w=1450257861006, Int=20000

D/WifiDisplayAdapter(  890): getWifiDisplayStatusLocked: result=WifiDisplayStatus{featureState=2, scanState=0, activeDisplayState=0, activeDisplay=null, displays=[], sessionInfo=WifiDisplaySessionInfo:

D/WifiDisplayAdapter(  890):     Client/Owner: Client

D/WifiDisplayAdapter(  890):     GroupId: 

D/WifiDisplayAdapter(  890):     Passphrase: 

D/WifiDisplayAdapter(  890):     SessionId: 0

D/WifiDisplayAdapter(  890):     IP Address: }

D/PMS     (  890): releaseWL(1149bcdd): PARTIAL_WAKE_LOCK  *alarm* 0x1 WorkSource{1000}

D/ConnectivityService(  890): updateNetworkScore for NetworkAgentInfo [WIFI () - 105] to 56

D/WIFI_ICON( 1112): updateWifiState: RSSI_CHANGED 3 -> 3

D/ConnectivityService(  890): rematching NetworkAgentInfo [WIFI () - 105]

D/StatusBar.NetworkController( 1112): dumpIcon[(gone) (gone) stat_sys_wifi_signal_inandout_4 stat_sys_no_sim F]

D/ConnectivityService(  890):  network has: [ Transports: WIFI Capabilities: INTERNET&NOT_RESTRICTED&TRUSTED&NOT_VPN LinkUpBandwidth>=1048576Kbps LinkDnBandwidth>=1048576Kbps]

D/ConnectivityService(  890):   checking if request is satisfied: NetworkRequest [ id=2, legacyType=-1, [] ]

D/ConnectivityService(  890): Network NetworkAgentInfo [WIFI () - 105] was already satisfying request 1. No change.

D/ConnectivityService(  890): notifyType AVAILABLE for NetworkAgentInfo [WIFI () - 105]

D/ConnectivityService(  890):  sending notification for NetworkRequest [ id=1, legacyType=-1, [ Capabilities: INTERNET&NOT_RESTRICTED&TRUSTED&NOT_VPN] ]

D/ConnectivityService(  890):  sending notification for NetworkRequest [ id=2, legacyType=-1, [] ]

D/ConnectivityService(  890): sending notification AVAILABLE for NetworkRequest [ id=2, legacyType=-1, [] ]

D/ConnectivityService(  890): sending new Min Network Score(56): NetworkRequest [ id=1, legacyType=-1, [ Capabilities: INTERNET&NOT_RESTRICTED&TRUSTED&NOT_VPN] ], isSkipMobile=false

D/WIFI_ICON( 1112): WifiActivity: 1

D/StatusBar.NetworkController( 1112): dumpIcon[(gone) (gone) stat_sys_wifi_signal_in_4 stat_sys_no_sim F]

D/WIFI_ICON( 1112): updateWifiState: RSSI_CHANGED 3 -> 3

D/StatusBar.NetworkController( 1112): dumpIcon[(gone) (gone) stat_sys_wifi_signal_in_4 stat_sys_no_sim F]

D/ConnectivityService(  890): updateNetworkScore for NetworkAgentInfo [WIFI () - 105] to 60

D/ConnectivityService(  890): rematching NetworkAgentInfo [WIFI () - 105]

D/ConnectivityService(  890):  network has: [ Transports: WIFI Capabilities: INTERNET&NOT_RESTRICTED&TRUSTED&NOT_VPN LinkUpBandwidth>=1048576Kbps LinkDnBandwidth>=1048576Kbps]

D/ConnectivityService(  890):   checking if request is satisfied: NetworkRequest [ id=2, legacyType=-1, [] ]

D/ConnectivityService(  890): Network NetworkAgentInfo [WIFI () - 105] was already satisfying request 1. No change.

D/ConnectivityService(  890): notifyType AVAILABLE for NetworkAgentInfo [WIFI () - 105]

D/ConnectivityService(  890):  sending notification for NetworkRequest [ id=1, legacyType=-1, [ Capabilities: INTERNET&NOT_RESTRICTED&TRUSTED&NOT_VPN] ]

D/ConnectivityService(  890):  sending notification for NetworkRequest [ id=2, legacyType=-1, [] ]

D/ConnectivityService(  890): sending notification AVAILABLE for NetworkRequest [ id=2, legacyType=-1, [] ]

D/ConnectivityService(  890): sending new Min Network Score(60): NetworkRequest [ id=1, legacyType=-1, [ Capabilities: INTERNET&NOT_RESTRICTED&TRUSTED&NOT_VPN] ], isSkipMobile=false

D/WIFI_ICON( 1112): updateWifiState: RSSI_CHANGED 3 -> 3

D/StatusBar.NetworkController( 1112): dumpIcon[(gone) (gone) stat_sys_wifi_signal_in_4 stat_sys_no_sim F]

D/WIFI_ICON( 1112): updateWifiState: RSSI_CHANGED 3 -> 3

D/StatusBar.NetworkController( 1112): dumpIcon[(gone) (gone) stat_sys_wifi_signal_in_4 stat_sys_no_sim F]

D/PMS     (  890): acquireWL(4917f23): PARTIAL_WAKE_LOCK  *alarm* 0x1 890 1000 WorkSource{1000}

D/WifiDisplayAdapter(  890): getWifiDisplayStatusLocked: result=WifiDisplayStatus{featureState=2, scanState=0, activeDisplayState=0, activeDisplay=null, displays=[], sessionInfo=WifiDisplaySessionInfo:

D/WifiDisplayAdapter(  890):     Client/Owner: Client

D/WifiDisplayAdapter(  890):     GroupId: 

D/WifiDisplayAdapter(  890):     Passphrase: 

D/WifiDisplayAdapter(  890):     SessionId: 0

D/WifiDisplayAdapter(  890):     IP Address: }

V/AlarmManager(  890): sending alarm PendingIntent{172f3f56: PendingIntentRecord{16ee5bd7 android broadcastIntent}}, i=com.android.server.WifiManager.action.START_SCAN, t=1, cnt=1, w=1450257881006, Int=20000

D/PMS     (  890): releaseWL(4917f23): PARTIAL_WAKE_LOCK  *alarm* 0x1 WorkSource{1000}

D/WIFI_ICON( 1112): updateWifiState: RSSI_CHANGED 3 -> 3

D/StatusBar.NetworkController( 1112): dumpIcon[(gone) (gone) stat_sys_wifi_signal_in_4 stat_sys_no_sim F]

D/WIFI_ICON( 1112): updateWifiState: RSSI_CHANGED 3 -> 3

D/StatusBar.NetworkController( 1112): dumpIcon[(gone) (gone) stat_sys_wifi_signal_in_4 stat_sys_no_sim F]

D/WIFI_ICON( 1112): updateWifiState: RSSI_CHANGED 3 -> 3

D/StatusBar.NetworkController( 1112): dumpIcon[(gone) (gone) stat_sys_wifi_signal_in_4 stat_sys_no_sim F]

D/WIFI_ICON( 1112): updateWifiState: RSSI_CHANGED 3 -> 3

D/StatusBar.NetworkController( 1112): dumpIcon[(gone) (gone) stat_sys_wifi_signal_in_4 stat_sys_no_sim F]

D/WIFI_ICON( 1112): updateWifiState: RSSI_CHANGED 3 -> 3

D/StatusBar.NetworkController( 1112): dumpIcon[(gone) (gone) stat_sys_wifi_signal_in_4 stat_sys_no_sim F]

D/WIFI_ICON( 1112): updateWifiState: RSSI_CHANGED 3 -> 3

D/StatusBar.NetworkController( 1112): dumpIcon[(gone) (gone) stat_sys_wifi_signal_in_4 stat_sys_no_sim F]

D/PMS     (  890): acquireWL(3ec1fc20): PARTIAL_WAKE_LOCK  *alarm* 0x40000001 890 1000 WorkSource{1000}

V/AlarmManager(  890): sending alarm PendingIntent{16018d88: PendingIntentRecord{16f8e321 android broadcastIntent}}, i=android.intent.action.TIME_TICK, t=3, cnt=1, w=546318002, Int=0

D/PMS     (  890): releaseWL(3ec1fc20): PARTIAL_WAKE_LOCK  *alarm* 0x40000001 WorkSource{1000}

D/PMS     (  890): acquireWL(342a49d9): PARTIAL_WAKE_LOCK  *alarm* 0x1 890 1000 WorkSource{10198}

V/AlarmManager(  890): sending alarm PendingIntent{f57bf9e: PendingIntentRecord{360e21ff com.alipay.m.portal broadcastIntent}}, i=com.alipay.m.portal.push.action.KEEPLIVE, t=0, cnt=1, w=1450257901208, Int=0

V/AlarmManager(  890): sending alarm PendingIntent{172f3f56: PendingIntentRecord{16ee5bd7 android broadcastIntent}}, i=com.android.server.WifiManager.action.START_SCAN, t=1, cnt=1, w=1450257901006, Int=20000

D/WifiDisplayAdapter(  890): getWifiDisplayStatusLocked: result=WifiDisplayStatus{featureState=2, scanState=0, activeDisplayState=0, activeDisplay=null, displays=[], sessionInfo=WifiDisplaySessionInfo:

D/WifiDisplayAdapter(  890):     Client/Owner: Client

D/WifiDisplayAdapter(  890):     GroupId: 

D/WifiDisplayAdapter(  890):     Passphrase: 

D/WifiDisplayAdapter(  890):     SessionId: 0

D/WifiDisplayAdapter(  890):     IP Address: }

D/PMS     (  890): releaseWL(342a49d9): PARTIAL_WAKE_LOCK  *alarm* 0x1 WorkSource{1000}

D/WIFI_ICON( 1112): WifiActivity: 3

D/StatusBar.NetworkController( 1112): dumpIcon[(gone) (gone) stat_sys_wifi_signal_inandout_4 stat_sys_no_sim F]

D/WIFI_ICON( 1112): updateWifiState: RSSI_CHANGED 3 -> 3

D/StatusBar.NetworkController( 1112): dumpIcon[(gone) (gone) stat_sys_wifi_signal_inandout_4 stat_sys_no_sim F]

D/WIFI_ICON( 1112): WifiActivity: 1

D/StatusBar.NetworkController( 1112): dumpIcon[(gone) (gone) stat_sys_wifi_signal_in_4 stat_sys_no_sim F]

D/WIFI_ICON( 1112): updateWifiState: RSSI_CHANGED 3 -> 3

D/StatusBar.NetworkController( 1112): dumpIcon[(gone) (gone) stat_sys_wifi_signal_in_4 stat_sys_no_sim F]

D/WIFI_ICON( 1112): updateWifiState: RSSI_CHANGED 3 -> 3

D/StatusBar.NetworkController( 1112): dumpIcon[(gone) (gone) stat_sys_wifi_signal_in_4 stat_sys_no_sim F]

D/WIFI_ICON( 1112): updateWifiState: RSSI_CHANGED 3 -> 3

D/StatusBar.NetworkController( 1112): dumpIcon[(gone) (gone) stat_sys_wifi_signal_in_4 stat_sys_no_sim F]

D/ConnectivityService(  890): updateNetworkScore for NetworkAgentInfo [WIFI () - 105] to 56

D/ConnectivityService(  890): rematching NetworkAgentInfo [WIFI () - 105]

D/ConnectivityService(  890):  network has: [ Transports: WIFI Capabilities: INTERNET&NOT_RESTRICTED&TRUSTED&NOT_VPN LinkUpBandwidth>=1048576Kbps LinkDnBandwidth>=1048576Kbps]

D/ConnectivityService(  890):   checking if request is satisfied: NetworkRequest [ id=2, legacyType=-1, [] ]

D/ConnectivityService(  890): Network NetworkAgentInfo [WIFI () - 105] was already satisfying request 1. No change.

D/ConnectivityService(  890): notifyType AVAILABLE for NetworkAgentInfo [WIFI () - 105]

D/ConnectivityService(  890):  sending notification for NetworkRequest [ id=1, legacyType=-1, [ Capabilities: INTERNET&NOT_RESTRICTED&TRUSTED&NOT_VPN] ]

D/ConnectivityService(  890):  sending notification for NetworkRequest [ id=2, legacyType=-1, [] ]

D/ConnectivityService(  890): sending notification AVAILABLE for NetworkRequest [ id=2, legacyType=-1, [] ]

D/ConnectivityService(  890): sending new Min Network Score(56): NetworkRequest [ id=1, legacyType=-1, [ Capabilities: INTERNET&NOT_RESTRICTED&TRUSTED&NOT_VPN] ], isSkipMobile=false

D/WIFI_ICON( 1112): updateWifiState: RSSI_CHANGED 3 -> 3

D/StatusBar.NetworkController( 1112): dumpIcon[(gone) (gone) stat_sys_wifi_signal_in_4 stat_sys_no_sim F]

D/WIFI_ICON( 1112): updateWifiState: RSSI_CHANGED 3 -> 3

D/StatusBar.NetworkController( 1112): dumpIcon[(gone) (gone) stat_sys_wifi_signal_in_4 stat_sys_no_sim F]

D/WIFI_ICON( 1112): updateWifiState: RSSI_CHANGED 3 -> 3

D/StatusBar.NetworkController( 1112): dumpIcon[(gone) (gone) stat_sys_wifi_signal_in_4 stat_sys_no_sim F]

D/WIFI_ICON( 1112): updateWifiState: RSSI_CHANGED 3 -> 3

D/StatusBar.NetworkController( 1112): dumpIcon[(gone) (gone) stat_sys_wifi_signal_in_4 stat_sys_no_sim F]

D/WIFI_ICON( 1112): updateWifiState: RSSI_CHANGED 3 -> 3

D/StatusBar.NetworkController( 1112): dumpIcon[(gone) (gone) stat_sys_wifi_signal_in_4 stat_sys_no_sim F]

D/WIFI_ICON( 1112): updateWifiState: RSSI_CHANGED 3 -> 3

D/StatusBar.NetworkController( 1112): dumpIcon[(gone) (gone) stat_sys_wifi_signal_in_4 stat_sys_no_sim F]

D/PMS     (  890): acquireWL(16f2ea7f): PARTIAL_WAKE_LOCK  BatteryServiceUpdateStats_3 0x1 890 1000 null

I/BatteryService(  890): n_update end

D/PMS     (  890): releaseWL(16f2ea7f): PARTIAL_WAKE_LOCK  BatteryServiceUpdateStats_3 0x1 null

D/PowerUI ( 1112): closing low battery warning: level=100

D/NotificationService(  890): plugged=true pluggin=true

D/WifiController(  890): battery changed pluggedType: 2

D/PowerUI ( 1112): plugged = true, health = 2, mBatteryLevel = 100, mPluggedBatteryLevel = 100, mLowBatteryWarningLevel2 = 25, mshowLowChargingWarning2 = true

D/HtcPowerSaver(  890): updateBatteryInfo

D/PMS     (  890): runPSCheck

D/HtcPowerSaver(  890): Checking...

I/HtcPowerSaver(  890): >> updateStatus

I/HtcPowerSaver(  890): updateStatus (8000,100,-1,false,false,false,-1)

I/HtcPowerSaver(  890): << updateStatus

D/PMS     (  890): acquireWL(261aba4c): PARTIAL_WAKE_LOCK  *alarm* 0x1 890 1000 WorkSource{10198}

V/AlarmManager(  890): sending alarm PendingIntent{ecaa95: PendingIntentRecord{360e21ff com.alipay.m.portal broadcastIntent}}, i=com.alipay.m.portal.push.action.KEEPLIVE, t=0, cnt=1, w=1450257931311, Int=0

V/AlarmManager(  890): sending alarm PendingIntent{172f3f56: PendingIntentRecord{16ee5bd7 android broadcastIntent}}, i=com.android.server.WifiManager.action.START_SCAN, t=1, cnt=1, w=1450257921006, Int=20000

D/WifiDisplayAdapter(  890): getWifiDisplayStatusLocked: result=WifiDisplayStatus{featureState=2, scanState=0, activeDisplayState=0, activeDisplay=null, displays=[], sessionInfo=WifiDisplaySessionInfo:

D/WifiDisplayAdapter(  890):     Client/Owner: Client

D/WifiDisplayAdapter(  890):     GroupId: 

D/WifiDisplayAdapter(  890):     Passphrase: 

D/WifiDisplayAdapter(  890):     SessionId: 0

D/WifiDisplayAdapter(  890):     IP Address: }

D/PMS     (  890): releaseWL(261aba4c): PARTIAL_WAKE_LOCK  *alarm* 0x1 WorkSource{1000}

D/WIFI_ICON( 1112): WifiActivity: 3

D/StatusBar.NetworkController( 1112): dumpIcon[(gone) (gone) stat_sys_wifi_signal_inandout_4 stat_sys_no_sim F]

D/WIFI_ICON( 1112): updateWifiState: RSSI_CHANGED 3 -> 3

D/StatusBar.NetworkController( 1112): dumpIcon[(gone) (gone) stat_sys_wifi_signal_inandout_4 stat_sys_no_sim F]

D/WIFI_ICON( 1112): WifiActivity: 1

D/StatusBar.NetworkController( 1112): dumpIcon[(gone) (gone) stat_sys_wifi_signal_in_4 stat_sys_no_sim F]

D/ConnectivityService(  890): updateNetworkScore for NetworkAgentInfo [WIFI () - 105] to 60

D/ConnectivityService(  890): rematching NetworkAgentInfo [WIFI () - 105]

D/ConnectivityService(  890):  network has: [ Transports: WIFI Capabilities: INTERNET&NOT_RESTRICTED&TRUSTED&NOT_VPN LinkUpBandwidth>=1048576Kbps LinkDnBandwidth>=1048576Kbps]

D/ConnectivityService(  890):   checking if request is satisfied: NetworkRequest [ id=2, legacyType=-1, [] ]

D/ConnectivityService(  890): Network NetworkAgentInfo [WIFI () - 105] was already satisfying request 1. No change.

D/ConnectivityService(  890): notifyType AVAILABLE for NetworkAgentInfo [WIFI () - 105]

D/ConnectivityService(  890):  sending notification for NetworkRequest [ id=1, legacyType=-1, [ Capabilities: INTERNET&NOT_RESTRICTED&TRUSTED&NOT_VPN] ]

D/ConnectivityService(  890):  sending notification for NetworkRequest [ id=2, legacyType=-1, [] ]

D/ConnectivityService(  890): sending notification AVAILABLE for NetworkRequest [ id=2, legacyType=-1, [] ]

D/ConnectivityService(  890): sending new Min Network Score(60): NetworkRequest [ id=1, legacyType=-1, [ Capabilities: INTERNET&NOT_RESTRICTED&TRUSTED&NOT_VPN] ], isSkipMobile=false

D/WIFI_ICON( 1112): updateWifiState: RSSI_CHANGED 3 -> 3

D/StatusBar.NetworkController( 1112): dumpIcon[(gone) (gone) stat_sys_wifi_signal_in_4 stat_sys_no_sim F]

D/WIFI_ICON( 1112): updateWifiState: RSSI_CHANGED 3 -> 3

D/StatusBar.NetworkController( 1112): dumpIcon[(gone) (gone) stat_sys_wifi_signal_in_4 stat_sys_no_sim F]

W/ActivityManager(  890): getTasks: caller 10199 does not hold GET_TASKS; limiting output

D/PMS     (  890): acquireWL(2fd5af9b): PARTIAL_WAKE_LOCK  *alarm* 0x1 890 1000 WorkSource{10053}

V/AlarmManager(  890): sending alarm PendingIntent{38577f79: PendingIntentRecord{a6a7634 com.htc.launcher startService}}, i=com.htc.BiLogClient.ACTION_SEND_LOG, t=3, cnt=1, w=546300000, Int=1800000

V/AlarmManager(  890): sending alarm PendingIntent{172f3f56: PendingIntentRecord{16ee5bd7 android broadcastIntent}}, i=com.android.server.WifiManager.action.START_SCAN, t=1, cnt=1, w=1450257941006, Int=20000

D/WifiDisplayAdapter(  890): getWifiDisplayStatusLocked: result=WifiDisplayStatus{featureState=2, scanState=0, activeDisplayState=0, activeDisplay=null, displays=[], sessionInfo=WifiDisplaySessionInfo:

D/WifiDisplayAdapter(  890):     Client/Owner: Client

D/WifiDisplayAdapter(  890):     GroupId: 

D/WifiDisplayAdapter(  890):     Passphrase: 

D/WifiDisplayAdapter(  890):     SessionId: 0

D/WifiDisplayAdapter(  890):     IP Address: }

D/PMS     (  890): releaseWL(2fd5af9b): PARTIAL_WAKE_LOCK  *alarm* 0x1 WorkSource{1000}

D/WIFI_ICON( 1112): WifiActivity: 3

D/StatusBar.NetworkController( 1112): dumpIcon[(gone) (gone) stat_sys_wifi_signal_inandout_4 stat_sys_no_sim F]

D/WIFI_ICON( 1112): updateWifiState: RSSI_CHANGED 3 -> 3

D/StatusBar.NetworkController( 1112): dumpIcon[(gone) (gone) stat_sys_wifi_signal_inandout_4 stat_sys_no_sim F]

D/WIFI_ICON( 1112): WifiActivity: 1

D/StatusBar.NetworkController( 1112): dumpIcon[(gone) (gone) stat_sys_wifi_signal_in_4 stat_sys_no_sim F]

D/WIFI_ICON( 1112): updateWifiState: RSSI_CHANGED 3 -> 3

D/StatusBar.NetworkController( 1112): dumpIcon[(gone) (gone) stat_sys_wifi_signal_in_4 stat_sys_no_sim F]

D/ConnectivityService(  890): updateNetworkScore for NetworkAgentInfo [WIFI () - 105] to 56

D/ConnectivityService(  890): rematching NetworkAgentInfo [WIFI () - 105]

D/ConnectivityService(  890):  network has: [ Transports: WIFI Capabilities: INTERNET&NOT_RESTRICTED&TRUSTED&NOT_VPN LinkUpBandwidth>=1048576Kbps LinkDnBandwidth>=1048576Kbps]

D/ConnectivityService(  890):   checking if request is satisfied: NetworkRequest [ id=2, legacyType=-1, [] ]

D/ConnectivityService(  890): Network NetworkAgentInfo [WIFI () - 105] was already satisfying request 1. No change.

D/ConnectivityService(  890): notifyType AVAILABLE for NetworkAgentInfo [WIFI () - 105]

D/ConnectivityService(  890):  sending notification for NetworkRequest [ id=1, legacyType=-1, [ Capabilities: INTERNET&NOT_RESTRICTED&TRUSTED&NOT_VPN] ]

D/ConnectivityService(  890):  sending notification for NetworkRequest [ id=2, legacyType=-1, [] ]

D/ConnectivityService(  890): sending notification AVAILABLE for NetworkRequest [ id=2, legacyType=-1, [] ]

D/ConnectivityService(  890): sending new Min Network Score(56): NetworkRequest [ id=1, legacyType=-1, [ Capabilities: INTERNET&NOT_RESTRICTED&TRUSTED&NOT_VPN] ], isSkipMobile=false

D/WIFI_ICON( 1112): updateWifiState: RSSI_CHANGED 3 -> 3

D/StatusBar.NetworkController( 1112): dumpIcon[(gone) (gone) stat_sys_wifi_signal_in_4 stat_sys_no_sim F]

D/ConnectivityService(  890): updateNetworkScore for NetworkAgentInfo [WIFI () - 105] to 60

D/WIFI_ICON( 1112): updateWifiState: RSSI_CHANGED 3 -> 3

D/ConnectivityService(  890): rematching NetworkAgentInfo [WIFI () - 105]

D/StatusBar.NetworkController( 1112): dumpIcon[(gone) (gone) stat_sys_wifi_signal_in_4 stat_sys_no_sim F]

D/ConnectivityService(  890):  network has: [ Transports: WIFI Capabilities: INTERNET&NOT_RESTRICTED&TRUSTED&NOT_VPN LinkUpBandwidth>=1048576Kbps LinkDnBandwidth>=1048576Kbps]

D/ConnectivityService(  890):   checking if request is satisfied: NetworkRequest [ id=2, legacyType=-1, [] ]

D/ConnectivityService(  890): Network NetworkAgentInfo [WIFI () - 105] was already satisfying request 1. No change.

D/ConnectivityService(  890): notifyType AVAILABLE for NetworkAgentInfo [WIFI () - 105]

D/ConnectivityService(  890):  sending notification for NetworkRequest [ id=1, legacyType=-1, [ Capabilities: INTERNET&NOT_RESTRICTED&TRUSTED&NOT_VPN] ]

D/ConnectivityService(  890):  sending notification for NetworkRequest [ id=2, legacyType=-1, [] ]

D/ConnectivityService(  890): sending notification AVAILABLE for NetworkRequest [ id=2, legacyType=-1, [] ]

D/ConnectivityService(  890): sending new Min Network Score(60): NetworkRequest [ id=1, legacyType=-1, [ Capabilities: INTERNET&NOT_RESTRICTED&TRUSTED&NOT_VPN] ], isSkipMobile=false

D/ConnectivityService(  890): updateNetworkScore for NetworkAgentInfo [WIFI () - 105] to 56

D/ConnectivityService(  890): rematching NetworkAgentInfo [WIFI () - 105]

D/ConnectivityService(  890):  network has: [ Transports: WIFI Capabilities: INTERNET&NOT_RESTRICTED&TRUSTED&NOT_VPN LinkUpBandwidth>=1048576Kbps LinkDnBandwidth>=1048576Kbps]

D/ConnectivityService(  890):   checking if request is satisfied: NetworkRequest [ id=2, legacyType=-1, [] ]

D/ConnectivityService(  890): Network NetworkAgentInfo [WIFI () - 105] was already satisfying request 1. No change.

D/ConnectivityService(  890): notifyType AVAILABLE for NetworkAgentInfo [WIFI () - 105]

D/ConnectivityService(  890):  sending notification for NetworkRequest [ id=1, legacyType=-1, [ Capabilities: INTERNET&NOT_RESTRICTED&TRUSTED&NOT_VPN] ]

D/ConnectivityService(  890):  sending notification for NetworkRequest [ id=2, legacyType=-1, [] ]

D/ConnectivityService(  890): sending notification AVAILABLE for NetworkRequest [ id=2, legacyType=-1, [] ]

D/ConnectivityService(  890): sending new Min Network Score(56): NetworkRequest [ id=1, legacyType=-1, [ Capabilities: INTERNET&NOT_RESTRICTED&TRUSTED&NOT_VPN] ], isSkipMobile=false

D/WIFI_ICON( 1112): updateWifiState: RSSI_CHANGED 3 -> 3

D/StatusBar.NetworkController( 1112): dumpIcon[(gone) (gone) stat_sys_wifi_signal_in_4 stat_sys_no_sim F]

D/WIFI_ICON( 1112): updateWifiState: RSSI_CHANGED 3 -> 3

D/StatusBar.NetworkController( 1112): dumpIcon[(gone) (gone) stat_sys_wifi_signal_in_4 stat_sys_no_sim F]

D/WIFI_ICON( 1112): updateWifiState: RSSI_CHANGED 3 -> 3

D/StatusBar.NetworkController( 1112): dumpIcon[(gone) (gone) stat_sys_wifi_signal_in_4 stat_sys_no_sim F]

D/PMS     (  890): acquireWL(265f2f38): PARTIAL_WAKE_LOCK  *alarm* 0x1 890 1000 WorkSource{10199}

V/AlarmManager(  890): sending alarm PendingIntent{143a5b11: PendingIntentRecord{29e119ee com.eg.android.AlipayGphone broadcastIntent}}, i=com.eg.android.AlipayGphone.push.action.CHECK, t=0, cnt=1, w=1450257959751, Int=0

W/ActivityManager(  890): getTasks: caller 10199 does not hold GET_TASKS; limiting output

D/PMS     (  890): releaseWL(265f2f38): PARTIAL_WAKE_LOCK  *alarm* 0x1 WorkSource{10199}

W/ActivityManager(  890): Unable to start service Intent { act=com.youku.pushsdk.pushservice.FRIEND cmp=com.youku.phone/com.youku.pushsdk.service.PushService } U=0: not found

W/ActivityManager(  890): Unable to start service Intent { act=org.agoo.android.intent.action.PING_V4 cmp=com.taobao.taobao/com.taobao.accs.ChannelService (has extras) } U=0: not found

W/ActivityManager(  890): getTasks: caller 10199 does not hold GET_TASKS; limiting output

W/ActivityManager(  890): Unable to start service Intent { cmp=com.sina.weibo/.push.PushServiceProxy (has extras) } U=0: not found

D/PMS     (  890): acquireWL(3d55aa77): PARTIAL_WAKE_LOCK  *alarm* 0x40000001 890 1000 WorkSource{1000}

V/AlarmManager(  890): sending alarm PendingIntent{16018d88: PendingIntentRecord{16f8e321 android broadcastIntent}}, i=android.intent.action.TIME_TICK, t=3, cnt=1, w=546378002, Int=0

D/PMS     (  890): releaseWL(3d55aa77): PARTIAL_WAKE_LOCK  *alarm* 0x40000001 WorkSource{1000}

D/WIFI_ICON( 1112): WifiActivity: 3

D/StatusBar.NetworkController( 1112): dumpIcon[(gone) (gone) stat_sys_wifi_signal_inandout_4 stat_sys_no_sim F]

D/PMS     (  890): acquireWL(67406e4): PARTIAL_WAKE_LOCK  *alarm* 0x1 890 1000 WorkSource{10198}

V/AlarmManager(  890): sending alarm PendingIntent{11d8974d: PendingIntentRecord{29c8e6fa com.alipay.m.portal broadcastIntent}}, i=com.alipay.m.portal.push.action.CHECK, t=0, cnt=1, w=1450257960249, Int=0

D/PMS     (  890): releaseWL(67406e4): PARTIAL_WAKE_LOCK  *alarm* 0x1 WorkSource{10198}

E/Vold    (  363): Failed to find mounted volume for /storage/ext_sd/Android/data/com.alipay.m.portal/files/applog/

W/Vold    (  363): Returning OperationFailed - no handler for errno 0

E/Vold    (  363): Failed to find mounted volume for /storage/ext_sd/Android/data/com.alipay.m.portal/files/applog/

W/Vold    (  363): Returning OperationFailed - no handler for errno 0

E/Vold    (  363): Failed to find mounted volume for /storage/ext_sd/Android/data/com.alipay.m.portal/files/applog/

W/Vold    (  363): Returning OperationFailed - no handler for errno 0

E/Vold    (  363): Failed to find mounted volume for /storage/ext_sd/Android/data/com.alipay.m.portal/files/applog/

W/Vold    (  363): Returning OperationFailed - no handler for errno 0

D/PMS     (  890): acquireWL(9707713): PARTIAL_WAKE_LOCK  *alarm* 0x1 890 1000 WorkSource{1000}

D/WifiDisplayAdapter(  890): getWifiDisplayStatusLocked: result=WifiDisplayStatus{featureState=2, scanState=0, activeDisplayState=0, activeDisplay=null, displays=[], sessionInfo=WifiDisplaySessionInfo:

D/WifiDisplayAdapter(  890):     Client/Owner: Client

D/WifiDisplayAdapter(  890):     GroupId: 

D/WifiDisplayAdapter(  890):     Passphrase: 

D/WifiDisplayAdapter(  890):     SessionId: 0

D/WifiDisplayAdapter(  890):     IP Address: }

V/AlarmManager(  890): sending alarm PendingIntent{172f3f56: PendingIntentRecord{16ee5bd7 android broadcastIntent}}, i=com.android.server.WifiManager.action.START_SCAN, t=1, cnt=1, w=1450257961006, Int=20000

D/PMS     (  890): releaseWL(9707713): PARTIAL_WAKE_LOCK  *alarm* 0x1 WorkSource{1000}

D/WIFI_ICON( 1112): WifiActivity: 1

D/StatusBar.NetworkController( 1112): dumpIcon[(gone) (gone) stat_sys_wifi_signal_in_4 stat_sys_no_sim F]

D/ConnectivityService(  890): updateNetworkScore for NetworkAgentInfo [WIFI () - 105] to 60

D/ConnectivityService(  890): rematching NetworkAgentInfo [WIFI () - 105]

D/ConnectivityService(  890):  network has: [ Transports: WIFI Capabilities: INTERNET&NOT_RESTRICTED&TRUSTED&NOT_VPN LinkUpBandwidth>=1048576Kbps LinkDnBandwidth>=1048576Kbps]

D/ConnectivityService(  890):   checking if request is satisfied: NetworkRequest [ id=2, legacyType=-1, [] ]

D/ConnectivityService(  890): Network NetworkAgentInfo [WIFI () - 105] was already satisfying request 1. No change.

D/ConnectivityService(  890): notifyType AVAILABLE for NetworkAgentInfo [WIFI () - 105]

D/ConnectivityService(  890):  sending notification for NetworkRequest [ id=1, legacyType=-1, [ Capabilities: INTERNET&NOT_RESTRICTED&TRUSTED&NOT_VPN] ]

D/ConnectivityService(  890):  sending notification for NetworkRequest [ id=2, legacyType=-1, [] ]

D/ConnectivityService(  890): sending notification AVAILABLE for NetworkRequest [ id=2, legacyType=-1, [] ]

D/ConnectivityService(  890): sending new Min Network Score(60): NetworkRequest [ id=1, legacyType=-1, [ Capabilities: INTERNET&NOT_RESTRICTED&TRUSTED&NOT_VPN] ], isSkipMobile=false

