D/StatusBar.NetworkController( 1112): dumpIcon[(gone) (gone) stat_sys_wifi_signal_in_4 stat_sys_no_sim F]

D/WIFI_ICON( 1112): updateWifiState: RSSI_CHANGED 3 -> 3

D/StatusBar.NetworkController( 1112): dumpIcon[(gone) (gone) stat_sys_wifi_signal_in_4 stat_sys_no_sim F]

D/WIFI_ICON( 1112): updateWifiState: RSSI_CHANGED 3 -> 3

D/StatusBar.NetworkController( 1112): dumpIcon[(gone) (gone) stat_sys_wifi_signal_in_4 stat_sys_no_sim F]

D/WIFI_ICON( 1112): updateWifiState: RSSI_CHANGED 3 -> 3

D/StatusBar.NetworkController( 1112): dumpIcon[(gone) (gone) stat_sys_wifi_signal_in_4 stat_sys_no_sim F]

D/WIFI_ICON( 1112): updateWifiState: RSSI_CHANGED 3 -> 3

D/StatusBar.NetworkController( 1112): dumpIcon[(gone) (gone) stat_sys_wifi_signal_in_4 stat_sys_no_sim F]

D/WIFI_ICON( 1112): updateWifiState: RSSI_CHANGED 3 -> 3

D/StatusBar.NetworkController( 1112): dumpIcon[(gone) (gone) stat_sys_wifi_signal_in_4 stat_sys_no_sim F]

D/PMS     (  890): acquireWL(1b23badc): PARTIAL_WAKE_LOCK  BatteryServiceUpdateStats_3 0x1 890 1000 null

I/BatteryService(  890): n_update end

D/PMS     (  890): releaseWL(1b23badc): PARTIAL_WAKE_LOCK  BatteryServiceUpdateStats_3 0x1 null

D/NotificationService(  890): plugged=true pluggin=true

D/WifiController(  890): battery changed pluggedType: 2

D/PowerUI ( 1112): closing low battery warning: level=100

D/PowerUI ( 1112): plugged = true, health = 2, mBatteryLevel = 100, mPluggedBatteryLevel = 100, mLowBatteryWarningLevel2 = 25, mshowLowChargingWarning2 = true

D/HtcPowerSaver(  890): updateBatteryInfo

D/PMS     (  890): runPSCheck

D/HtcPowerSaver(  890): Checking...

I/HtcPowerSaver(  890): >> updateStatus

I/HtcPowerSaver(  890): updateStatus (8000,100,-1,false,false,false,-1)

I/HtcPowerSaver(  890): << updateStatus

D/WIFI_ICON( 1112): updateWifiState: RSSI_CHANGED 3 -> 3

D/StatusBar.NetworkController( 1112): dumpIcon[(gone) (gone) stat_sys_wifi_signal_in_4 stat_sys_no_sim F]

D/PMS     (  890): acquireWL(134dc7e5): PARTIAL_WAKE_LOCK  *alarm* 0x1 890 1000 WorkSource{10198}

V/AlarmManager(  890): sending alarm PendingIntent{2b2412ba: PendingIntentRecord{360e21ff com.alipay.m.portal broadcastIntent}}, i=com.alipay.m.portal.push.action.KEEPLIVE, t=0, cnt=1, w=1450258234045, Int=0

V/AlarmManager(  890): sending alarm PendingIntent{172f3f56: PendingIntentRecord{16ee5bd7 android broadcastIntent}}, i=com.android.server.WifiManager.action.START_SCAN, t=1, cnt=1, w=1450258221006, Int=20000

D/WifiDisplayAdapter(  890): getWifiDisplayStatusLocked: result=WifiDisplayStatus{featureState=2, scanState=0, activeDisplayState=0, activeDisplay=null, displays=[], sessionInfo=WifiDisplaySessionInfo:

D/WifiDisplayAdapter(  890):     Client/Owner: Client

D/WifiDisplayAdapter(  890):     GroupId: 

D/WifiDisplayAdapter(  890):     Passphrase: 

D/WifiDisplayAdapter(  890):     SessionId: 0

D/WifiDisplayAdapter(  890):     IP Address: }

D/PMS     (  890): releaseWL(134dc7e5): PARTIAL_WAKE_LOCK  *alarm* 0x1 WorkSource{1000}

D/WIFI_ICON( 1112): WifiActivity: 3

D/StatusBar.NetworkController( 1112): dumpIcon[(gone) (gone) stat_sys_wifi_signal_inandout_4 stat_sys_no_sim F]

D/WIFI_ICON( 1112): WifiActivity: 1

D/StatusBar.NetworkController( 1112): dumpIcon[(gone) (gone) stat_sys_wifi_signal_in_4 stat_sys_no_sim F]

D/WIFI_ICON( 1112): updateWifiState: RSSI_CHANGED 3 -> 3

D/StatusBar.NetworkController( 1112): dumpIcon[(gone) (gone) stat_sys_wifi_signal_in_4 stat_sys_no_sim F]

D/WIFI_ICON( 1112): updateWifiState: RSSI_CHANGED 3 -> 3

D/StatusBar.NetworkController( 1112): dumpIcon[(gone) (gone) stat_sys_wifi_signal_in_4 stat_sys_no_sim F]

W/ActivityManager(  890): getTasks: caller 10199 does not hold GET_TASKS; limiting output

D/PMS     (  890): acquireWL(11ecd56b): PARTIAL_WAKE_LOCK  *alarm* 0x1 890 1000 WorkSource{1000}

D/WifiDisplayAdapter(  890): getWifiDisplayStatusLocked: result=WifiDisplayStatus{featureState=2, scanState=0, activeDisplayState=0, activeDisplay=null, displays=[], sessionInfo=WifiDisplaySessionInfo:

D/WifiDisplayAdapter(  890):     Client/Owner: Client

D/WifiDisplayAdapter(  890):     GroupId: 

D/WifiDisplayAdapter(  890):     Passphrase: 

D/WifiDisplayAdapter(  890):     SessionId: 0

D/WifiDisplayAdapter(  890):     IP Address: }

V/AlarmManager(  890): sending alarm PendingIntent{172f3f56: PendingIntentRecord{16ee5bd7 android broadcastIntent}}, i=com.android.server.WifiManager.action.START_SCAN, t=1, cnt=1, w=1450258241006, Int=20000

D/PMS     (  890): releaseWL(11ecd56b): PARTIAL_WAKE_LOCK  *alarm* 0x1 WorkSource{1000}

D/WIFI_ICON( 1112): WifiActivity: 3

D/StatusBar.NetworkController( 1112): dumpIcon[(gone) (gone) stat_sys_wifi_signal_inandout_4 stat_sys_no_sim F]

D/WIFI_ICON( 1112): WifiActivity: 1

D/StatusBar.NetworkController( 1112): dumpIcon[(gone) (gone) stat_sys_wifi_signal_in_4 stat_sys_no_sim F]

D/WIFI_ICON( 1112): updateWifiState: RSSI_CHANGED 3 -> 3

D/StatusBar.NetworkController( 1112): dumpIcon[(gone) (gone) stat_sys_wifi_signal_in_4 stat_sys_no_sim F]

D/WIFI_ICON( 1112): updateWifiState: RSSI_CHANGED 3 -> 3

D/StatusBar.NetworkController( 1112): dumpIcon[(gone) (gone) stat_sys_wifi_signal_in_4 stat_sys_no_sim F]

D/WIFI_ICON( 1112): updateWifiState: RSSI_CHANGED 3 -> 3

D/StatusBar.NetworkController( 1112): dumpIcon[(gone) (gone) stat_sys_wifi_signal_in_4 stat_sys_no_sim F]

D/WIFI_ICON( 1112): updateWifiState: RSSI_CHANGED 3 -> 3

D/StatusBar.NetworkController( 1112): dumpIcon[(gone) (gone) stat_sys_wifi_signal_in_4 stat_sys_no_sim F]

D/WIFI_ICON( 1112): updateWifiState: RSSI_CHANGED 3 -> 3

D/StatusBar.NetworkController( 1112): dumpIcon[(gone) (gone) stat_sys_wifi_signal_in_4 stat_sys_no_sim F]

D/WIFI_ICON( 1112): updateWifiState: RSSI_CHANGED 3 -> 3

D/StatusBar.NetworkController( 1112): dumpIcon[(gone) (gone) stat_sys_wifi_signal_in_4 stat_sys_no_sim F]

D/PMS     (  890): acquireWL(69fa8c8): PARTIAL_WAKE_LOCK  *alarm* 0x1 890 1000 WorkSource{10199}

V/AlarmManager(  890): sending alarm PendingIntent{a17fd61: PendingIntentRecord{29e119ee com.eg.android.AlipayGphone broadcastIntent}}, i=com.eg.android.AlipayGphone.push.action.CHECK, t=0, cnt=1, w=1450258259761, Int=0

W/ActivityManager(  890): getTasks: caller 10199 does not hold GET_TASKS; limiting output

D/PMS     (  890): releaseWL(69fa8c8): PARTIAL_WAKE_LOCK  *alarm* 0x1 WorkSource{10199}

W/ActivityManager(  890): Unable to start service Intent { act=org.agoo.android.intent.action.PING_V4 cmp=com.taobao.taobao/com.taobao.accs.ChannelService (has extras) } U=0: not found

W/ActivityManager(  890): Unable to start service Intent { cmp=com.sina.weibo/.push.PushServiceProxy (has extras) } U=0: not found

W/ActivityManager(  890): getTasks: caller 10199 does not hold GET_TASKS; limiting output

D/WIFI_ICON( 1112): WifiActivity: 3

D/StatusBar.NetworkController( 1112): dumpIcon[(gone) (gone) stat_sys_wifi_signal_inandout_4 stat_sys_no_sim F]

D/PMS     (  890): acquireWL(3f815d47): PARTIAL_WAKE_LOCK  *alarm* 0x40000001 890 1000 WorkSource{1000}

V/AlarmManager(  890): sending alarm PendingIntent{16018d88: PendingIntentRecord{16f8e321 android broadcastIntent}}, i=android.intent.action.TIME_TICK, t=3, cnt=1, w=546678003, Int=0

D/PMS     (  890): releaseWL(3f815d47): PARTIAL_WAKE_LOCK  *alarm* 0x40000001 WorkSource{1000}

D/PMS     (  890): acquireWL(206a8974): PARTIAL_WAKE_LOCK  *alarm* 0x1 890 1000 WorkSource{10198}

V/AlarmManager(  890): sending alarm PendingIntent{6f60e9d: PendingIntentRecord{29c8e6fa com.alipay.m.portal broadcastIntent}}, i=com.alipay.m.portal.push.action.CHECK, t=0, cnt=1, w=1450258260255, Int=0

D/PMS     (  890): releaseWL(206a8974): PARTIAL_WAKE_LOCK  *alarm* 0x1 WorkSource{10198}

D/WifiDisplayAdapter(  890): getWifiDisplayStatusLocked: result=WifiDisplayStatus{featureState=2, scanState=0, activeDisplayState=0, activeDisplay=null, displays=[], sessionInfo=WifiDisplaySessionInfo:

D/WifiDisplayAdapter(  890):     Client/Owner: Client

D/WifiDisplayAdapter(  890):     GroupId: 

D/WifiDisplayAdapter(  890):     Passphrase: 

D/WifiDisplayAdapter(  890):     SessionId: 0

D/WifiDisplayAdapter(  890):     IP Address: }

D/PMS     (  890): acquireWL(2cec86e3): PARTIAL_WAKE_LOCK  *alarm* 0x1 890 1000 WorkSource{1000}

V/AlarmManager(  890): sending alarm PendingIntent{172f3f56: PendingIntentRecord{16ee5bd7 android broadcastIntent}}, i=com.android.server.WifiManager.action.START_SCAN, t=1, cnt=1, w=1450258261006, Int=20000

D/PMS     (  890): releaseWL(2cec86e3): PARTIAL_WAKE_LOCK  *alarm* 0x1 WorkSource{1000}

D/WIFI_ICON( 1112): updateWifiState: RSSI_CHANGED 3 -> 3

D/StatusBar.NetworkController( 1112): dumpIcon[(gone) (gone) stat_sys_wifi_signal_inandout_4 stat_sys_no_sim F]

D/WIFI_ICON( 1112): WifiActivity: 1

D/StatusBar.NetworkController( 1112): dumpIcon[(gone) (gone) stat_sys_wifi_signal_in_4 stat_sys_no_sim F]

D/WIFI_ICON( 1112): updateWifiState: RSSI_CHANGED 3 -> 3

D/StatusBar.NetworkController( 1112): dumpIcon[(gone) (gone) stat_sys_wifi_signal_in_4 stat_sys_no_sim F]

D/WIFI_ICON( 1112): updateWifiState: RSSI_CHANGED 3 -> 3

D/StatusBar.NetworkController( 1112): dumpIcon[(gone) (gone) stat_sys_wifi_signal_in_4 stat_sys_no_sim F]

D/WIFI_ICON( 1112): updateWifiState: RSSI_CHANGED 3 -> 3

D/StatusBar.NetworkController( 1112): dumpIcon[(gone) (gone) stat_sys_wifi_signal_in_4 stat_sys_no_sim F]

D/WIFI_ICON( 1112): updateWifiState: RSSI_CHANGED 3 -> 3

D/StatusBar.NetworkController( 1112): dumpIcon[(gone) (gone) stat_sys_wifi_signal_in_4 stat_sys_no_sim F]

D/WIFI_ICON( 1112): updateWifiState: RSSI_CHANGED 3 -> 3

D/StatusBar.NetworkController( 1112): dumpIcon[(gone) (gone) stat_sys_wifi_signal_in_4 stat_sys_no_sim F]

D/WIFI_ICON( 1112): updateWifiState: RSSI_CHANGED 3 -> 3

D/StatusBar.NetworkController( 1112): dumpIcon[(gone) (gone) stat_sys_wifi_signal_in_4 stat_sys_no_sim F]

D/WIFI_ICON( 1112): updateWifiState: RSSI_CHANGED 3 -> 3

D/StatusBar.NetworkController( 1112): dumpIcon[(gone) (gone) stat_sys_wifi_signal_in_4 stat_sys_no_sim F]

D/WIFI_ICON( 1112): updateWifiState: RSSI_CHANGED 3 -> 3

D/StatusBar.NetworkController( 1112): dumpIcon[(gone) (gone) stat_sys_wifi_signal_in_4 stat_sys_no_sim F]

D/ConnectivityService(  890): updateNetworkScore for NetworkAgentInfo [WIFI () - 105] to 56

D/ConnectivityService(  890): rematching NetworkAgentInfo [WIFI () - 105]

D/ConnectivityService(  890):  network has: [ Transports: WIFI Capabilities: INTERNET&NOT_RESTRICTED&TRUSTED&NOT_VPN LinkUpBandwidth>=1048576Kbps LinkDnBandwidth>=1048576Kbps]

D/ConnectivityService(  890):   checking if request is satisfied: NetworkRequest [ id=2, legacyType=-1, [] ]

D/ConnectivityService(  890): Network NetworkAgentInfo [WIFI () - 105] was already satisfying request 1. No change.

D/ConnectivityService(  890): notifyType AVAILABLE for NetworkAgentInfo [WIFI () - 105]

D/ConnectivityService(  890):  sending notification for NetworkRequest [ id=1, legacyType=-1, [ Capabilities: INTERNET&NOT_RESTRICTED&TRUSTED&NOT_VPN] ]

D/ConnectivityService(  890):  sending notification for NetworkRequest [ id=2, legacyType=-1, [] ]

D/ConnectivityService(  890): sending notification AVAILABLE for NetworkRequest [ id=2, legacyType=-1, [] ]

D/ConnectivityService(  890): sending new Min Network Score(56): NetworkRequest [ id=1, legacyType=-1, [ Capabilities: INTERNET&NOT_RESTRICTED&TRUSTED&NOT_VPN] ], isSkipMobile=false

D/WIFI_ICON( 1112): updateWifiState: RSSI_CHANGED 3 -> 3

D/StatusBar.NetworkController( 1112): dumpIcon[(gone) (gone) stat_sys_wifi_signal_in_4 stat_sys_no_sim F]

D/PMS     (  890): acquireWL(2860c8e0): PARTIAL_WAKE_LOCK  *alarm* 0x1 890 1000 WorkSource{10198}

V/AlarmManager(  890): sending alarm PendingIntent{2ba9f799: PendingIntentRecord{360e21ff com.alipay.m.portal broadcastIntent}}, i=com.alipay.m.portal.push.action.KEEPLIVE, t=0, cnt=1, w=1450258290285, Int=0

V/AlarmManager(  890): sending alarm PendingIntent{172f3f56: PendingIntentRecord{16ee5bd7 android broadcastIntent}}, i=com.android.server.WifiManager.action.START_SCAN, t=1, cnt=1, w=1450258281006, Int=20000

D/WifiDisplayAdapter(  890): getWifiDisplayStatusLocked: result=WifiDisplayStatus{featureState=2, scanState=0, activeDisplayState=0, activeDisplay=null, displays=[], sessionInfo=WifiDisplaySessionInfo:

D/WifiDisplayAdapter(  890):     Client/Owner: Client

D/WifiDisplayAdapter(  890):     GroupId: 

D/WifiDisplayAdapter(  890):     Passphrase: 

D/WifiDisplayAdapter(  890):     SessionId: 0

D/WifiDisplayAdapter(  890):     IP Address: }

D/PMS     (  890): releaseWL(2860c8e0): PARTIAL_WAKE_LOCK  *alarm* 0x1 WorkSource{1000}

D/WIFI_ICON( 1112): WifiActivity: 3

D/StatusBar.NetworkController( 1112): dumpIcon[(gone) (gone) stat_sys_wifi_signal_inandout_4 stat_sys_no_sim F]

D/WIFI_ICON( 1112): updateWifiState: RSSI_CHANGED 3 -> 3

D/StatusBar.NetworkController( 1112): dumpIcon[(gone) (gone) stat_sys_wifi_signal_inandout_4 stat_sys_no_sim F]

D/WIFI_ICON( 1112): WifiActivity: 1

D/StatusBar.NetworkController( 1112): dumpIcon[(gone) (gone) stat_sys_wifi_signal_in_4 stat_sys_no_sim F]

D/PMS     (  890): acquireWL(3a253a5e): PARTIAL_WAKE_LOCK  BatteryServiceUpdateStats_3 0x1 890 1000 null

I/BatteryService(  890): n_update end

D/PMS     (  890): releaseWL(3a253a5e): PARTIAL_WAKE_LOCK  BatteryServiceUpdateStats_3 0x1 null

D/PowerUI ( 1112): closing low battery warning: level=100

D/NotificationService(  890): plugged=true pluggin=true

D/PowerUI ( 1112): plugged = true, health = 2, mBatteryLevel = 100, mPluggedBatteryLevel = 100, mLowBatteryWarningLevel2 = 25, mshowLowChargingWarning2 = true

D/WifiController(  890): battery changed pluggedType: 2

D/HtcPowerSaver(  890): updateBatteryInfo

D/PMS     (  890): runPSCheck

D/HtcPowerSaver(  890): Checking...

I/HtcPowerSaver(  890): >> updateStatus

I/HtcPowerSaver(  890): updateStatus (8000,100,-1,false,false,false,-1)

I/HtcPowerSaver(  890): << updateStatus

W/ContextImpl(17416): Calling a method in the system process without a qualified user: android.app.ContextImpl.startService:1798 android.content.ContextWrapper.startService:515 android.content.ContextWrapper.startService:515 com.htc.htcpowermanager.extremepowersaver.ExtremePowerSaverReceiver.onReceive:67 android.app.ActivityThread.handleReceiver:2712 

W/ContextImpl(22546): Calling a method in the system process without a qualified user: android.app.ContextImpl.stopService:1804 android.content.ContextWrapper.stopService:520 android.content.ContextWrapper.stopService:520 com.android.settings.NSReceiver.onReceive:192 android.app.ActivityThread.handleReceiver:2712 

W/ContextImpl(22546): Calling a method in the system process without a qualified user: android.app.ContextImpl.sendBroadcast:1433 android.content.ContextWrapper.sendBroadcast:376 android.content.ContextWrapper.sendBroadcast:376 com.android.settings.NSReceiver.onReceive:194 android.app.ActivityThread.handleReceiver:2712 

W/ContextImpl(22546): Calling a method in the system process without a qualified user: android.app.ContextImpl.startService:1798 android.content.ContextWrapper.startService:515 android.content.ContextWrapper.startService:515 com.android.settings.ChargeOnlyReceiver.onReceive:24 android.app.ActivityThread.handleReceiver:2712 

D/ConnectivityService(  890): updateNetworkScore for NetworkAgentInfo [WIFI () - 105] to 60

D/WIFI_ICON( 1112): updateWifiState: RSSI_CHANGED 3 -> 3

D/ConnectivityService(  890): rematching NetworkAgentInfo [WIFI () - 105]

D/StatusBar.NetworkController( 1112): dumpIcon[(gone) (gone) stat_sys_wifi_signal_in_4 stat_sys_no_sim F]

D/ConnectivityService(  890):  network has: [ Transports: WIFI Capabilities: INTERNET&NOT_RESTRICTED&TRUSTED&NOT_VPN LinkUpBandwidth>=1048576Kbps LinkDnBandwidth>=1048576Kbps]

D/ConnectivityService(  890):   checking if request is satisfied: NetworkRequest [ id=2, legacyType=-1, [] ]

D/ConnectivityService(  890): Network NetworkAgentInfo [WIFI () - 105] was already satisfying request 1. No change.

D/ConnectivityService(  890): notifyType AVAILABLE for NetworkAgentInfo [WIFI () - 105]

D/ConnectivityService(  890):  sending notification for NetworkRequest [ id=1, legacyType=-1, [ Capabilities: INTERNET&NOT_RESTRICTED&TRUSTED&NOT_VPN] ]

D/ConnectivityService(  890):  sending notification for NetworkRequest [ id=2, legacyType=-1, [] ]

D/ConnectivityService(  890): sending notification AVAILABLE for NetworkRequest [ id=2, legacyType=-1, [] ]

D/ConnectivityService(  890): sending new Min Network Score(60): NetworkRequest [ id=1, legacyType=-1, [ Capabilities: INTERNET&NOT_RESTRICTED&TRUSTED&NOT_VPN] ], isSkipMobile=false

D/WIFI_ICON( 1112): updateWifiState: RSSI_CHANGED 3 -> 3

D/StatusBar.NetworkController( 1112): dumpIcon[(gone) (gone) stat_sys_wifi_signal_in_4 stat_sys_no_sim F]

D/WIFI_ICON( 1112): updateWifiState: RSSI_CHANGED 3 -> 3

D/StatusBar.NetworkController( 1112): dumpIcon[(gone) (gone) stat_sys_wifi_signal_in_4 stat_sys_no_sim F]

D/PMS     (  890): acquireWL(1a197455): PARTIAL_WAKE_LOCK  *alarm* 0x1 890 1000 WorkSource{1000}

D/WifiDisplayAdapter(  890): getWifiDisplayStatusLocked: result=WifiDisplayStatus{featureState=2, scanState=0, activeDisplayState=0, activeDisplay=null, displays=[], sessionInfo=WifiDisplaySessionInfo:

D/WifiDisplayAdapter(  890):     Client/Owner: Client

D/WifiDisplayAdapter(  890):     GroupId: 

D/WifiDisplayAdapter(  890):     Passphrase: 

D/WifiDisplayAdapter(  890):     SessionId: 0

D/WifiDisplayAdapter(  890):     IP Address: }

V/AlarmManager(  890): sending alarm PendingIntent{172f3f56: PendingIntentRecord{16ee5bd7 android broadcastIntent}}, i=com.android.server.WifiManager.action.START_SCAN, t=1, cnt=1, w=1450258301006, Int=20000

D/PMS     (  890): releaseWL(1a197455): PARTIAL_WAKE_LOCK  *alarm* 0x1 WorkSource{1000}

D/WIFI_ICON( 1112): updateWifiState: RSSI_CHANGED 3 -> 3

D/StatusBar.NetworkController( 1112): dumpIcon[(gone) (gone) stat_sys_wifi_signal_in_4 stat_sys_no_sim F]

D/WIFI_ICON( 1112): updateWifiState: RSSI_CHANGED 3 -> 3

D/StatusBar.NetworkController( 1112): dumpIcon[(gone) (gone) stat_sys_wifi_signal_in_4 stat_sys_no_sim F]

D/ConnectivityService(  890): updateNetworkScore for NetworkAgentInfo [WIFI () - 105] to 56

D/ConnectivityService(  890): rematching NetworkAgentInfo [WIFI () - 105]

D/ConnectivityService(  890):  network has: [ Transports: WIFI Capabilities: INTERNET&NOT_RESTRICTED&TRUSTED&NOT_VPN LinkUpBandwidth>=1048576Kbps LinkDnBandwidth>=1048576Kbps]

D/ConnectivityService(  890):   checking if request is satisfied: NetworkRequest [ id=2, legacyType=-1, [] ]

D/ConnectivityService(  890): Network NetworkAgentInfo [WIFI () - 105] was already satisfying request 1. No change.

D/ConnectivityService(  890): notifyType AVAILABLE for NetworkAgentInfo [WIFI () - 105]

D/ConnectivityService(  890):  sending notification for NetworkRequest [ id=1, legacyType=-1, [ Capabilities: INTERNET&NOT_RESTRICTED&TRUSTED&NOT_VPN] ]

D/ConnectivityService(  890):  sending notification for NetworkRequest [ id=2, legacyType=-1, [] ]

D/ConnectivityService(  890): sending notification AVAILABLE for NetworkRequest [ id=2, legacyType=-1, [] ]

D/ConnectivityService(  890): sending new Min Network Score(56): NetworkRequest [ id=1, legacyType=-1, [ Capabilities: INTERNET&NOT_RESTRICTED&TRUSTED&NOT_VPN] ], isSkipMobile=false

D/WIFI_ICON( 1112): updateWifiState: RSSI_CHANGED 3 -> 3

D/StatusBar.NetworkController( 1112): dumpIcon[(gone) (gone) stat_sys_wifi_signal_in_4 stat_sys_no_sim F]

D/ConnectivityService(  890): updateNetworkScore for NetworkAgentInfo [WIFI () - 105] to 60

D/WIFI_ICON( 1112): updateWifiState: RSSI_CHANGED 3 -> 3

D/ConnectivityService(  890): rematching NetworkAgentInfo [WIFI () - 105]

D/StatusBar.NetworkController( 1112): dumpIcon[(gone) (gone) stat_sys_wifi_signal_in_4 stat_sys_no_sim F]

D/ConnectivityService(  890):  network has: [ Transports: WIFI Capabilities: INTERNET&NOT_RESTRICTED&TRUSTED&NOT_VPN LinkUpBandwidth>=1048576Kbps LinkDnBandwidth>=1048576Kbps]

D/ConnectivityService(  890):   checking if request is satisfied: NetworkRequest [ id=2, legacyType=-1, [] ]

D/ConnectivityService(  890): Network NetworkAgentInfo [WIFI () - 105] was already satisfying request 1. No change.

D/ConnectivityService(  890): notifyType AVAILABLE for NetworkAgentInfo [WIFI () - 105]

D/ConnectivityService(  890):  sending notification for NetworkRequest [ id=1, legacyType=-1, [ Capabilities: INTERNET&NOT_RESTRICTED&TRUSTED&NOT_VPN] ]

D/ConnectivityService(  890):  sending notification for NetworkRequest [ id=2, legacyType=-1, [] ]

D/ConnectivityService(  890): sending notification AVAILABLE for NetworkRequest [ id=2, legacyType=-1, [] ]

D/ConnectivityService(  890): sending new Min Network Score(60): NetworkRequest [ id=1, legacyType=-1, [ Capabilities: INTERNET&NOT_RESTRICTED&TRUSTED&NOT_VPN] ], isSkipMobile=false

D/WIFI_ICON( 1112): updateWifiState: RSSI_CHANGED 3 -> 3

D/StatusBar.NetworkController( 1112): dumpIcon[(gone) (gone) stat_sys_wifi_signal_in_4 stat_sys_no_sim F]

D/WIFI_ICON( 1112): updateWifiState: RSSI_CHANGED 3 -> 3

D/StatusBar.NetworkController( 1112): dumpIcon[(gone) (gone) stat_sys_wifi_signal_in_4 stat_sys_no_sim F]

D/PMS     (  890): acquireWL(2d069e6a): PARTIAL_WAKE_LOCK  *alarm* 0x40000001 890 1000 WorkSource{1000}

V/AlarmManager(  890): sending alarm PendingIntent{16018d88: PendingIntentRecord{16f8e321 android broadcastIntent}}, i=android.intent.action.TIME_TICK, t=3, cnt=1, w=546738003, Int=0

D/PMS     (  890): releaseWL(2d069e6a): PARTIAL_WAKE_LOCK  *alarm* 0x40000001 WorkSource{1000}

D/PMS     (  890): acquireWL(2011ef5b): PARTIAL_WAKE_LOCK  *alarm* 0x1 890 1000 WorkSource{10198}

V/AlarmManager(  890): sending alarm PendingIntent{19f2d3f8: PendingIntentRecord{360e21ff com.alipay.m.portal broadcastIntent}}, i=com.alipay.m.portal.push.action.KEEPLIVE, t=0, cnt=1, w=1450258320322, Int=0

V/AlarmManager(  890): sending alarm PendingIntent{172f3f56: PendingIntentRecord{16ee5bd7 android broadcastIntent}}, i=com.android.server.WifiManager.action.START_SCAN, t=1, cnt=1, w=1450258321006, Int=20000

D/WifiDisplayAdapter(  890): getWifiDisplayStatusLocked: result=WifiDisplayStatus{featureState=2, scanState=0, activeDisplayState=0, activeDisplay=null, displays=[], sessionInfo=WifiDisplaySessionInfo:

D/WifiDisplayAdapter(  890):     Client/Owner: Client

D/WifiDisplayAdapter(  890):     GroupId: 

D/WifiDisplayAdapter(  890):     Passphrase: 

D/WifiDisplayAdapter(  890):     SessionId: 0

D/WifiDisplayAdapter(  890):     IP Address: }

D/PMS     (  890): releaseWL(2011ef5b): PARTIAL_WAKE_LOCK  *alarm* 0x1 WorkSource{1000}

D/WIFI_ICON( 1112): WifiActivity: 3

D/StatusBar.NetworkController( 1112): dumpIcon[(gone) (gone) stat_sys_wifi_signal_inandout_4 stat_sys_no_sim F]

D/WIFI_ICON( 1112): updateWifiState: RSSI_CHANGED 3 -> 3

D/StatusBar.NetworkController( 1112): dumpIcon[(gone) (gone) stat_sys_wifi_signal_inandout_4 stat_sys_no_sim F]

D/WIFI_ICON( 1112): WifiActivity: 1

D/StatusBar.NetworkController( 1112): dumpIcon[(gone) (gone) stat_sys_wifi_signal_in_4 stat_sys_no_sim F]

D/WIFI_ICON( 1112): updateWifiState: RSSI_CHANGED 3 -> 3

D/StatusBar.NetworkController( 1112): dumpIcon[(gone) (gone) stat_sys_wifi_signal_in_4 stat_sys_no_sim F]

D/WIFI_ICON( 1112): updateWifiState: RSSI_CHANGED 3 -> 3

D/StatusBar.NetworkController( 1112): dumpIcon[(gone) (gone) stat_sys_wifi_signal_in_4 stat_sys_no_sim F]

W/ActivityManager(  890): getTasks: caller 10199 does not hold GET_TASKS; limiting output

D/WIFI_ICON( 1112): WifiActivity: 3

D/StatusBar.NetworkController( 1112): dumpIcon[(gone) (gone) stat_sys_wifi_signal_inandout_4 stat_sys_no_sim F]

D/WIFI_ICON( 1112): updateWifiState: RSSI_CHANGED 3 -> 3

D/StatusBar.NetworkController( 1112): dumpIcon[(gone) (gone) stat_sys_wifi_signal_inandout_4 stat_sys_no_sim F]

D/WIFI_ICON( 1112): WifiActivity: 1

D/StatusBar.NetworkController( 1112): dumpIcon[(gone) (gone) stat_sys_wifi_signal_in_4 stat_sys_no_sim F]

D/WIFI_ICON( 1112): updateWifiState: RSSI_CHANGED 3 -> 3

D/StatusBar.NetworkController( 1112): dumpIcon[(gone) (gone) stat_sys_wifi_signal_in_4 stat_sys_no_sim F]

D/WIFI_ICON( 1112): updateWifiState: RSSI_CHANGED 3 -> 3

D/StatusBar.NetworkController( 1112): dumpIcon[(gone) (gone) stat_sys_wifi_signal_in_4 stat_sys_no_sim F]

D/WIFI_ICON( 1112): updateWifiState: RSSI_CHANGED 3 -> 3

D/StatusBar.NetworkController( 1112): dumpIcon[(gone) (gone) stat_sys_wifi_signal_in_4 stat_sys_no_sim F]

D/WIFI_ICON( 1112): updateWifiState: RSSI_CHANGED 3 -> 3

D/StatusBar.NetworkController( 1112): dumpIcon[(gone) (gone) stat_sys_wifi_signal_in_4 stat_sys_no_sim F]

D/WIFI_ICON( 1112): updateWifiState: RSSI_CHANGED 3 -> 3

D/StatusBar.NetworkController( 1112): dumpIcon[(gone) (gone) stat_sys_wifi_signal_in_4 stat_sys_no_sim F]

D/WIFI_ICON( 1112): updateWifiState: RSSI_CHANGED 3 -> 3

D/StatusBar.NetworkController( 1112): dumpIcon[(gone) (gone) stat_sys_wifi_signal_in_4 stat_sys_no_sim F]

D/PMS     (  890): acquireWL(32ca00d1): PARTIAL_WAKE_LOCK  *alarm* 0x1 890 1000 WorkSource{10198}

V/AlarmManager(  890): sending alarm PendingIntent{1ee83736: PendingIntentRecord{360e21ff com.alipay.m.portal broadcastIntent}}, i=com.alipay.m.portal.push.action.KEEPLIVE, t=0, cnt=1, w=1450258351048, Int=0

V/AlarmManager(  890): sending alarm PendingIntent{172f3f56: PendingIntentRecord{16ee5bd7 android broadcastIntent}}, i=com.android.server.WifiManager.action.START_SCAN, t=1, cnt=1, w=1450258341006, Int=20000

D/WifiDisplayAdapter(  890): getWifiDisplayStatusLocked: result=WifiDisplayStatus{featureState=2, scanState=0, activeDisplayState=0, activeDisplay=null, displays=[], sessionInfo=WifiDisplaySessionInfo:

D/WifiDisplayAdapter(  890):     Client/Owner: Client

D/WifiDisplayAdapter(  890):     GroupId: 

D/WifiDisplayAdapter(  890):     Passphrase: 

D/WifiDisplayAdapter(  890):     SessionId: 0

D/WifiDisplayAdapter(  890):     IP Address: }

D/PMS     (  890): releaseWL(32ca00d1): PARTIAL_WAKE_LOCK  *alarm* 0x1 WorkSource{1000}

D/WIFI_ICON( 1112): WifiActivity: 3

D/StatusBar.NetworkController( 1112): dumpIcon[(gone) (gone) stat_sys_wifi_signal_inandout_4 stat_sys_no_sim F]

D/PMS     (  890): acquireWL(13762637): PARTIAL_WAKE_LOCK  BatteryServiceUpdateStats_3 0x1 890 1000 null

I/BatteryService(  890): n_update end

D/PMS     (  890): releaseWL(13762637): PARTIAL_WAKE_LOCK  BatteryServiceUpdateStats_3 0x1 null

D/PowerUI ( 1112): closing low battery warning: level=100

D/NotificationService(  890): plugged=true pluggin=true

D/PowerUI ( 1112): plugged = true, health = 2, mBatteryLevel = 100, mPluggedBatteryLevel = 100, mLowBatteryWarningLevel2 = 25, mshowLowChargingWarning2 = true

D/WifiController(  890): battery changed pluggedType: 2

D/HtcPowerSaver(  890): updateBatteryInfo

D/PMS     (  890): runPSCheck

D/HtcPowerSaver(  890): Checking...

I/HtcPowerSaver(  890): >> updateStatus

I/HtcPowerSaver(  890): updateStatus (8000,100,-1,false,false,false,-1)

I/HtcPowerSaver(  890): << updateStatus

D/WIFI_ICON( 1112): WifiActivity: 1

D/StatusBar.NetworkController( 1112): dumpIcon[(gone) (gone) stat_sys_wifi_signal_in_4 stat_sys_no_sim F]

D/WIFI_ICON( 1112): updateWifiState: RSSI_CHANGED 3 -> 3

D/StatusBar.NetworkController( 1112): dumpIcon[(gone) (gone) stat_sys_wifi_signal_in_4 stat_sys_no_sim F]

D/WIFI_ICON( 1112): updateWifiState: RSSI_CHANGED 3 -> 3

D/StatusBar.NetworkController( 1112): dumpIcon[(gone) (gone) stat_sys_wifi_signal_in_4 stat_sys_no_sim F]

D/WIFI_ICON( 1112): updateWifiState: RSSI_CHANGED 3 -> 3

D/StatusBar.NetworkController( 1112): dumpIcon[(gone) (gone) stat_sys_wifi_signal_in_4 stat_sys_no_sim F]

D/PMS     (  890): acquireWL(e7d37a4): PARTIAL_WAKE_LOCK  *alarm* 0x1 890 1000 WorkSource{1000}

D/WifiDisplayAdapter(  890): getWifiDisplayStatusLocked: result=WifiDisplayStatus{featureState=2, scanState=0, activeDisplayState=0, activeDisplay=null, displays=[], sessionInfo=WifiDisplaySessionInfo:

D/WifiDisplayAdapter(  890):     Client/Owner: Client

D/WifiDisplayAdapter(  890):     GroupId: 

D/WifiDisplayAdapter(  890):     Passphrase: 

D/WifiDisplayAdapter(  890):     SessionId: 0

D/WifiDisplayAdapter(  890):     IP Address: }

V/AlarmManager(  890): sending alarm PendingIntent{172f3f56: PendingIntentRecord{16ee5bd7 android broadcastIntent}}, i=com.android.server.WifiManager.action.START_SCAN, t=1, cnt=1, w=1450258361006, Int=20000

D/PMS     (  890): releaseWL(e7d37a4): PARTIAL_WAKE_LOCK  *alarm* 0x1 WorkSource{1000}

D/WIFI_ICON( 1112): updateWifiState: RSSI_CHANGED 3 -> 3

D/StatusBar.NetworkController( 1112): dumpIcon[(gone) (gone) stat_sys_wifi_signal_in_4 stat_sys_no_sim F]

D/WIFI_ICON( 1112): updateWifiState: RSSI_CHANGED 3 -> 3

D/StatusBar.NetworkController( 1112): dumpIcon[(gone) (gone) stat_sys_wifi_signal_in_4 stat_sys_no_sim F]

D/WIFI_ICON( 1112): updateWifiState: RSSI_CHANGED 3 -> 3

D/StatusBar.NetworkController( 1112): dumpIcon[(gone) (gone) stat_sys_wifi_signal_in_4 stat_sys_no_sim F]

D/WIFI_ICON( 1112): updateWifiState: RSSI_CHANGED 3 -> 3

D/StatusBar.NetworkController( 1112): dumpIcon[(gone) (gone) stat_sys_wifi_signal_in_4 stat_sys_no_sim F]

D/WIFI_ICON( 1112): updateWifiState: RSSI_CHANGED 3 -> 3

D/StatusBar.NetworkController( 1112): dumpIcon[(gone) (gone) stat_sys_wifi_signal_in_4 stat_sys_no_sim F]

D/WIFI_ICON( 1112): updateWifiState: RSSI_CHANGED 3 -> 3

D/StatusBar.NetworkController( 1112): dumpIcon[(gone) (gone) stat_sys_wifi_signal_in_4 stat_sys_no_sim F]

D/ConnectivityService(  890): updateNetworkScore for NetworkAgentInfo [WIFI () - 105] to 56

D/ConnectivityService(  890): rematching NetworkAgentInfo [WIFI () - 105]

D/ConnectivityService(  890):  network has: [ Transports: WIFI Capabilities: INTERNET&NOT_RESTRICTED&TRUSTED&NOT_VPN LinkUpBandwidth>=1048576Kbps LinkDnBandwidth>=1048576Kbps]

D/ConnectivityService(  890):   checking if request is satisfied: NetworkRequest [ id=2, legacyType=-1, [] ]

D/ConnectivityService(  890): Network NetworkAgentInfo [WIFI () - 105] was already satisfying request 1. No change.

D/ConnectivityService(  890): notifyType AVAILABLE for NetworkAgentInfo [WIFI () - 105]

D/ConnectivityService(  890):  sending notification for NetworkRequest [ id=1, legacyType=-1, [ Capabilities: INTERNET&NOT_RESTRICTED&TRUSTED&NOT_VPN] ]

D/ConnectivityService(  890):  sending notification for NetworkRequest [ id=2, legacyType=-1, [] ]

D/ConnectivityService(  890): sending notification AVAILABLE for NetworkRequest [ id=2, legacyType=-1, [] ]

D/ConnectivityService(  890): sending new Min Network Score(56): NetworkRequest [ id=1, legacyType=-1, [ Capabilities: INTERNET&NOT_RESTRICTED&TRUSTED&NOT_VPN] ], isSkipMobile=false

D/WIFI_ICON( 1112): updateWifiState: RSSI_CHANGED 3 -> 3

D/StatusBar.NetworkController( 1112): dumpIcon[(gone) (gone) stat_sys_wifi_signal_in_4 stat_sys_no_sim F]

D/PMS     (  890): acquireWL(3f1cd90d): PARTIAL_WAKE_LOCK  *alarm* 0x40000001 890 1000 WorkSource{1000}

V/AlarmManager(  890): sending alarm PendingIntent{16018d88: PendingIntentRecord{16f8e321 android broadcastIntent}}, i=android.intent.action.TIME_TICK, t=3, cnt=1, w=546798003, Int=0

D/PMS     (  890): releaseWL(3f1cd90d): PARTIAL_WAKE_LOCK  *alarm* 0x40000001 WorkSource{1000}

D/PMS     (  890): acquireWL(167890c2): PARTIAL_WAKE_LOCK  *alarm* 0x1 890 1000 WorkSource{10092}

V/AlarmManager(  890): sending alarm PendingIntent{57ceed3: PendingIntentRecord{31282a10 com.htc.zero broadcastIntent}}, i=com.htc.zero.ACTION_ALARM_TRIGGERED, t=0, cnt=1, w=1450258376130, Int=0

V/AlarmManager(  890): sending alarm PendingIntent{34af909: PendingIntentRecord{360e21ff com.alipay.m.portal broadcastIntent}}, i=com.alipay.m.portal.push.action.KEEPLIVE, t=0, cnt=1, w=1450258381134, Int=0

V/AlarmManager(  890): sending alarm PendingIntent{172f3f56: PendingIntentRecord{16ee5bd7 android broadcastIntent}}, i=com.android.server.WifiManager.action.START_SCAN, t=1, cnt=1, w=1450258381006, Int=20000

D/PMS     (  890): acquireWL(24c2f70e): PARTIAL_WAKE_LOCK  StartBackgroundProcessing 0x1 20638 10092 null

D/WifiDisplayAdapter(  890): getWifiDisplayStatusLocked: result=WifiDisplayStatus{featureState=2, scanState=0, activeDisplayState=0, activeDisplay=null, displays=[], sessionInfo=WifiDisplaySessionInfo:

D/WifiDisplayAdapter(  890):     Client/Owner: Client

D/WifiDisplayAdapter(  890):     GroupId: 

D/WifiDisplayAdapter(  890):     Passphrase: 

D/WifiDisplayAdapter(  890):     SessionId: 0

D/WifiDisplayAdapter(  890):     IP Address: }

D/PMS     (  890): releaseWL(167890c2): PARTIAL_WAKE_LOCK  *alarm* 0x1 WorkSource{1000}

D/PMS     (  890): acquireWL(1f69654b): PARTIAL_WAKE_LOCK  ShoeboxComputing 0x1 20638 10092 null

D/WIFI_ICON( 1112): WifiActivity: 3

D/StatusBar.NetworkController( 1112): dumpIcon[(gone) (gone) stat_sys_wifi_signal_inandout_4 stat_sys_no_sim F]

D/PMS     (  890): releaseWL(24c2f70e): PARTIAL_WAKE_LOCK  StartBackgroundProcessing 0x1 null

D/PMS     (  890): releaseWL(1f69654b): PARTIAL_WAKE_LOCK  ShoeboxComputing 0x1 null

D/WIFI_ICON( 1112): WifiActivity: 1

D/StatusBar.NetworkController( 1112): dumpIcon[(gone) (gone) stat_sys_wifi_signal_in_4 stat_sys_no_sim F]

D/ConnectivityService(  890): updateNetworkScore for NetworkAgentInfo [WIFI () - 105] to 60

D/ConnectivityService(  890): rematching NetworkAgentInfo [WIFI () - 105]

D/ConnectivityService(  890):  network has: [ Transports: WIFI Capabilities: INTERNET&NOT_RESTRICTED&TRUSTED&NOT_VPN LinkUpBandwidth>=1048576Kbps LinkDnBandwidth>=1048576Kbps]

D/ConnectivityService(  890):   checking if request is satisfied: NetworkRequest [ id=2, legacyType=-1, [] ]

D/ConnectivityService(  890): Network NetworkAgentInfo [WIFI () - 105] was already satisfying request 1. No change.

D/ConnectivityService(  890): notifyType AVAILABLE for NetworkAgentInfo [WIFI () - 105]

D/ConnectivityService(  890):  sending notification for NetworkRequest [ id=1, legacyType=-1, [ Capabilities: INTERNET&NOT_RESTRICTED&TRUSTED&NOT_VPN] ]

D/ConnectivityService(  890):  sending notification for NetworkRequest [ id=2, legacyType=-1, [] ]

D/ConnectivityService(  890): sending notification AVAILABLE for NetworkRequest [ id=2, legacyType=-1, [] ]

D/ConnectivityService(  890): sending new Min Network Score(60): NetworkRequest [ id=1, legacyType=-1, [ Capabilities: INTERNET&NOT_RESTRICTED&TRUSTED&NOT_VPN] ], isSkipMobile=false

D/WIFI_ICON( 1112): updateWifiState: RSSI_CHANGED 3 -> 3

D/StatusBar.NetworkController( 1112): dumpIcon[(gone) (gone) stat_sys_wifi_signal_in_4 stat_sys_no_sim F]

D/WIFI_ICON( 1112): updateWifiState: RSSI_CHANGED 3 -> 3

D/StatusBar.NetworkController( 1112): dumpIcon[(gone) (gone) stat_sys_wifi_signal_in_4 stat_sys_no_sim F]

D/WIFI_ICON( 1112): updateWifiState: RSSI_CHANGED 3 -> 3

D/StatusBar.NetworkController( 1112): dumpIcon[(gone) (gone) stat_sys_wifi_signal_in_4 stat_sys_no_sim F]

D/WIFI_ICON( 1112): updateWifiState: RSSI_CHANGED 3 -> 3

D/StatusBar.NetworkController( 1112): dumpIcon[(gone) (gone) stat_sys_wifi_signal_in_4 stat_sys_no_sim F]

D/WIFI_ICON( 1112): updateWifiState: RSSI_CHANGED 3 -> 3

D/StatusBar.NetworkController( 1112): dumpIcon[(gone) (gone) stat_sys_wifi_signal_in_4 stat_sys_no_sim F]

D/WIFI_ICON( 1112): updateWifiState: RSSI_CHANGED 3 -> 3

D/StatusBar.NetworkController( 1112): dumpIcon[(gone) (gone) stat_sys_wifi_signal_in_4 stat_sys_no_sim F]

W/ActivityManager(  890): getTasks: caller 10199 does not hold GET_TASKS; limiting output

D/WIFI_ICON( 1112): WifiActivity: 3

D/StatusBar.NetworkController( 1112): dumpIcon[(gone) (gone) stat_sys_wifi_signal_inandout_4 stat_sys_no_sim F]

D/WIFI_ICON( 1112): updateWifiState: RSSI_CHANGED 3 -> 3

D/StatusBar.NetworkController( 1112): dumpIcon[(gone) (gone) stat_sys_wifi_signal_inandout_4 stat_sys_no_sim F]

D/WIFI_ICON( 1112): WifiActivity: 1

D/StatusBar.NetworkController( 1112): dumpIcon[(gone) (gone) stat_sys_wifi_signal_in_4 stat_sys_no_sim F]

D/WIFI_ICON( 1112): updateWifiState: RSSI_CHANGED 3 -> 3

D/StatusBar.NetworkController( 1112): dumpIcon[(gone) (gone) stat_sys_wifi_signal_in_4 stat_sys_no_sim F]

D/WIFI_ICON( 1112): updateWifiState: RSSI_CHANGED 3 -> 3

D/StatusBar.NetworkController( 1112): dumpIcon[(gone) (gone) stat_sys_wifi_signal_in_4 stat_sys_no_sim F]

D/WIFI_ICON( 1112): updateWifiState: RSSI_CHANGED 3 -> 3

D/StatusBar.NetworkController( 1112): dumpIcon[(gone) (gone) stat_sys_wifi_signal_in_4 stat_sys_no_sim F]

D/PMS     (  890): acquireWL(1fbf2b28): PARTIAL_WAKE_LOCK  *alarm* 0x1 890 1000 WorkSource{10198}

V/AlarmManager(  890): sending alarm PendingIntent{c7bc041: PendingIntentRecord{360e21ff com.alipay.m.portal broadcastIntent}}, i=com.alipay.m.portal.push.action.KEEPLIVE, t=0, cnt=1, w=1450258411196, Int=0

V/AlarmManager(  890): sending alarm PendingIntent{172f3f56: PendingIntentRecord{16ee5bd7 android broadcastIntent}}, i=com.android.server.WifiManager.action.START_SCAN, t=1, cnt=1, w=1450258401006, Int=20000

D/WifiDisplayAdapter(  890): getWifiDisplayStatusLocked: result=WifiDisplayStatus{featureState=2, scanState=0, activeDisplayState=0, activeDisplay=null, displays=[], sessionInfo=WifiDisplaySessionInfo:

D/WifiDisplayAdapter(  890):     Client/Owner: Client

D/WifiDisplayAdapter(  890):     GroupId: 

D/WifiDisplayAdapter(  890):     Passphrase: 

D/WifiDisplayAdapter(  890):     SessionId: 0

D/WifiDisplayAdapter(  890):     IP Address: }

D/PMS     (  890): releaseWL(1fbf2b28): PARTIAL_WAKE_LOCK  *alarm* 0x1 WorkSource{1000}

D/WIFI_ICON( 1112): WifiActivity: 3

D/StatusBar.NetworkController( 1112): dumpIcon[(gone) (gone) stat_sys_wifi_signal_inandout_4 stat_sys_no_sim F]

D/PMS     (  890): acquireWL(388ad9e6): PARTIAL_WAKE_LOCK  BatteryServiceUpdateStats_3 0x1 890 1000 null

I/BatteryService(  890): n_update end

D/PMS     (  890): releaseWL(388ad9e6): PARTIAL_WAKE_LOCK  BatteryServiceUpdateStats_3 0x1 null

D/PowerUI ( 1112): closing low battery warning: level=100

D/NotificationService(  890): plugged=true pluggin=true

D/WifiController(  890): battery changed pluggedType: 2

D/PowerUI ( 1112): plugged = true, health = 2, mBatteryLevel = 100, mPluggedBatteryLevel = 100, mLowBatteryWarningLevel2 = 25, mshowLowChargingWarning2 = true

D/HtcPowerSaver(  890): updateBatteryInfo

D/PMS     (  890): runPSCheck

D/HtcPowerSaver(  890): Checking...

I/HtcPowerSaver(  890): >> updateStatus

I/HtcPowerSaver(  890): updateStatus (8000,100,-1,false,false,false,-1)

I/HtcPowerSaver(  890): << updateStatus

D/WIFI_ICON( 1112): WifiActivity: 1

D/StatusBar.NetworkController( 1112): dumpIcon[(gone) (gone) stat_sys_wifi_signal_in_4 stat_sys_no_sim F]

D/WIFI_ICON( 1112): updateWifiState: RSSI_CHANGED 3 -> 3

D/StatusBar.NetworkController( 1112): dumpIcon[(gone) (gone) stat_sys_wifi_signal_in_4 stat_sys_no_sim F]

D/WIFI_ICON( 1112): updateWifiState: RSSI_CHANGED 3 -> 3

D/StatusBar.NetworkController( 1112): dumpIcon[(gone) (gone) stat_sys_wifi_signal_in_4 stat_sys_no_sim F]

D/WIFI_ICON( 1112): updateWifiState: RSSI_CHANGED 3 -> 3

D/StatusBar.NetworkController( 1112): dumpIcon[(gone) (gone) stat_sys_wifi_signal_in_4 stat_sys_no_sim F]

D/PMS     (  890): acquireWL(f670b27): PARTIAL_WAKE_LOCK  *alarm* 0x1 890 1000 WorkSource{10185}

V/AlarmManager(  890): sending alarm PendingIntent{3b6fd1d4: PendingIntentRecord{38df06fc com.alibaba.android.security.activity broadcastIntent}}, i=alilang_action_heart, t=0, cnt=1, w=1450258419572, Int=0

D/PMS     (  890): releaseWL(f670b27): PARTIAL_WAKE_LOCK  *alarm* 0x1 WorkSource{10185}

D/WIFI_ICON( 1112): WifiActivity: 3

D/StatusBar.NetworkController( 1112): dumpIcon[(gone) (gone) stat_sys_wifi_signal_inandout_4 stat_sys_no_sim F]

D/WIFI_ICON( 1112): WifiActivity: 1

D/StatusBar.NetworkController( 1112): dumpIcon[(gone) (gone) stat_sys_wifi_signal_in_4 stat_sys_no_sim F]

D/PMS     (  890): acquireWL(3e831f7d): PARTIAL_WAKE_LOCK  *alarm* 0x1 890 1000 WorkSource{1000}

V/AlarmManager(  890): sending alarm PendingIntent{172f3f56: PendingIntentRecord{16ee5bd7 android broadcastIntent}}, i=com.android.server.WifiManager.action.START_SCAN, t=1, cnt=1, w=1450258421006, Int=20000

D/WifiDisplayAdapter(  890): getWifiDisplayStatusLocked: result=WifiDisplayStatus{featureState=2, scanState=0, activeDisplayState=0, activeDisplay=null, displays=[], sessionInfo=WifiDisplaySessionInfo:

D/WifiDisplayAdapter(  890):     Client/Owner: Client

D/WifiDisplayAdapter(  890):     GroupId: 

D/WifiDisplayAdapter(  890):     Passphrase: 

D/WifiDisplayAdapter(  890):     SessionId: 0

D/WifiDisplayAdapter(  890):     IP Address: }

D/PMS     (  890): releaseWL(3e831f7d): PARTIAL_WAKE_LOCK  *alarm* 0x1 WorkSource{1000}

D/WIFI_ICON( 1112): updateWifiState: RSSI_CHANGED 3 -> 3

D/StatusBar.NetworkController( 1112): dumpIcon[(gone) (gone) stat_sys_wifi_signal_in_4 stat_sys_no_sim F]

D/WIFI_ICON( 1112): updateWifiState: RSSI_CHANGED 3 -> 3

D/StatusBar.NetworkController( 1112): dumpIcon[(gone) (gone) stat_sys_wifi_signal_in_4 stat_sys_no_sim F]

D/WIFI_ICON( 1112): updateWifiState: RSSI_CHANGED 3 -> 3

D/StatusBar.NetworkController( 1112): dumpIcon[(gone) (gone) stat_sys_wifi_signal_in_4 stat_sys_no_sim F]

D/WIFI_ICON( 1112): updateWifiState: RSSI_CHANGED 3 -> 3

D/StatusBar.NetworkController( 1112): dumpIcon[(gone) (gone) stat_sys_wifi_signal_in_4 stat_sys_no_sim F]

D/WIFI_ICON( 1112): updateWifiState: RSSI_CHANGED 3 -> 3

D/StatusBar.NetworkController( 1112): dumpIcon[(gone) (gone) stat_sys_wifi_signal_in_4 stat_sys_no_sim F]

D/WIFI_ICON( 1112): updateWifiState: RSSI_CHANGED 3 -> 3

D/StatusBar.NetworkController( 1112): dumpIcon[(gone) (gone) stat_sys_wifi_signal_in_4 stat_sys_no_sim F]

D/PMS     (  890): acquireWL(291aae72): PARTIAL_WAKE_LOCK  *alarm* 0x40000001 890 1000 WorkSource{1000}

V/AlarmManager(  890): sending alarm PendingIntent{16018d88: PendingIntentRecord{16f8e321 android broadcastIntent}}, i=android.intent.action.TIME_TICK, t=3, cnt=1, w=546858003, Int=0

D/PMS     (  890): releaseWL(291aae72): PARTIAL_WAKE_LOCK  *alarm* 0x40000001 WorkSource{1000}

D/WIFI_ICON( 1112): updateWifiState: RSSI_CHANGED 3 -> 3

D/StatusBar.NetworkController( 1112): dumpIcon[(gone) (gone) stat_sys_wifi_signal_in_4 stat_sys_no_sim F]

D/WIFI_ICON( 1112): updateWifiState: RSSI_CHANGED 3 -> 3

D/StatusBar.NetworkController( 1112): dumpIcon[(gone) (gone) stat_sys_wifi_signal_in_4 stat_sys_no_sim F]

D/PMS     (  890): acquireWL(3faf32c3): PARTIAL_WAKE_LOCK  *alarm* 0x1 890 1000 WorkSource{10198}

V/AlarmManager(  890): sending alarm PendingIntent{4e23740: PendingIntentRecord{360e21ff com.alipay.m.portal broadcastIntent}}, i=com.alipay.m.portal.push.action.KEEPLIVE, t=0, cnt=1, w=1450258441293, Int=0

V/AlarmManager(  890): sending alarm PendingIntent{3ca73679: PendingIntentRecord{1bbf76ea com.alipay.m.portal broadcastIntent}}, i=com.alipay.m.portal.action.monitor.wakeup, t=0, cnt=1, w=1450258443837, Int=0

V/AlarmManager(  890): sending alarm PendingIntent{172f3f56: PendingIntentRecord{16ee5bd7 android broadcastIntent}}, i=com.android.server.WifiManager.action.START_SCAN, t=1, cnt=1, w=1450258441006, Int=20000

D/WifiDisplayAdapter(  890): getWifiDisplayStatusLocked: result=WifiDisplayStatus{featureState=2, scanState=0, activeDisplayState=0, activeDisplay=null, displays=[], sessionInfo=WifiDisplaySessionInfo:

D/WifiDisplayAdapter(  890):     Client/Owner: Client

D/WifiDisplayAdapter(  890):     GroupId: 

D/WifiDisplayAdapter(  890):     Passphrase: 

D/WifiDisplayAdapter(  890):     SessionId: 0

D/WifiDisplayAdapter(  890):     IP Address: }

D/PMS     (  890): releaseWL(3faf32c3): PARTIAL_WAKE_LOCK  *alarm* 0x1 WorkSource{1000}

D/WIFI_ICON( 1112): WifiActivity: 3

D/StatusBar.NetworkController( 1112): dumpIcon[(gone) (gone) stat_sys_wifi_signal_inandout_4 stat_sys_no_sim F]

D/WIFI_ICON( 1112): WifiActivity: 1

D/StatusBar.NetworkController( 1112): dumpIcon[(gone) (gone) stat_sys_wifi_signal_in_4 stat_sys_no_sim F]

D/WIFI_ICON( 1112): updateWifiState: RSSI_CHANGED 3 -> 3

D/StatusBar.NetworkController( 1112): dumpIcon[(gone) (gone) stat_sys_wifi_signal_in_4 stat_sys_no_sim F]

D/WIFI_ICON( 1112): updateWifiState: RSSI_CHANGED 3 -> 3

D/StatusBar.NetworkController( 1112): dumpIcon[(gone) (gone) stat_sys_wifi_signal_in_4 stat_sys_no_sim F]

D/WIFI_ICON( 1112): updateWifiState: RSSI_CHANGED 3 -> 3

D/StatusBar.NetworkController( 1112): dumpIcon[(gone) (gone) stat_sys_wifi_signal_in_4 stat_sys_no_sim F]

D/WIFI_ICON( 1112): updateWifiState: RSSI_CHANGED 3 -> 3

D/StatusBar.NetworkController( 1112): dumpIcon[(gone) (gone) stat_sys_wifi_signal_in_4 stat_sys_no_sim F]

D/WIFI_ICON( 1112): updateWifiState: RSSI_CHANGED 3 -> 3

D/StatusBar.NetworkController( 1112): dumpIcon[(gone) (gone) stat_sys_wifi_signal_in_4 stat_sys_no_sim F]

D/WIFI_ICON( 1112): updateWifiState: RSSI_CHANGED 3 -> 3

D/StatusBar.NetworkController( 1112): dumpIcon[(gone) (gone) stat_sys_wifi_signal_in_4 stat_sys_no_sim F]

D/WIFI_ICON( 1112): updateWifiState: RSSI_CHANGED 3 -> 3

D/StatusBar.NetworkController( 1112): dumpIcon[(gone) (gone) stat_sys_wifi_signal_in_4 stat_sys_no_sim F]

D/WIFI_ICON( 1112): updateWifiState: RSSI_CHANGED 3 -> 3

D/StatusBar.NetworkController( 1112): dumpIcon[(gone) (gone) stat_sys_wifi_signal_in_4 stat_sys_no_sim F]

W/ActivityManager(  890): getTasks: caller 10199 does not hold GET_TASKS; limiting output

D/WIFI_ICON( 1112): WifiActivity: 3

D/StatusBar.NetworkController( 1112): dumpIcon[(gone) (gone) stat_sys_wifi_signal_inandout_4 stat_sys_no_sim F]

D/WIFI_ICON( 1112): updateWifiState: RSSI_CHANGED 3 -> 3

D/StatusBar.NetworkController( 1112): dumpIcon[(gone) (gone) stat_sys_wifi_signal_inandout_4 stat_sys_no_sim F]

D/WIFI_ICON( 1112): WifiActivity: 1

D/StatusBar.NetworkController( 1112): dumpIcon[(gone) (gone) stat_sys_wifi_signal_in_4 stat_sys_no_sim F]

--------- beginning of main

D/WifiDataStallTracker(  890): onDataStallAlarm: Sent 0 pkts since last received, < watchdogTrigger=5

E/WifiTrafficPoller(  890): TRAFFIC_STATS_POLL true Token 194 num clients 15

E/WifiTrafficPoller(  890):  packet count Tx=88102 Rx=2731952

D/UsbnetService(  890): BroadcastReceiver::onReceive+

D/UsbnetService(  890): onReceive BATTERY_CHANGED

D/UsbnetService(  890):  --> pluggedType = 2, mPluggedType = 0, mScreenOff = false

D/UsbnetService(  890): BroadcastReceiver::onReceive-

D/WifiController(  890): handleMessage: E msg.what=155652

D/PMS     (  890): acquireWL(35c8381f): PARTIAL_WAKE_LOCK  BatteryServiceUpdateStats_3 0x1 890 1000 null

I/BatteryService(  890): n_update end

D/PMS     (  890): releaseWL(35c8381f): PARTIAL_WAKE_LOCK  BatteryServiceUpdateStats_3 0x1 null

D/NotificationService(  890): plugged=true pluggin=true

D/WifiController(  890): processMsg: DeviceActiveState

D/WifiController(  890): processMsg: StaEnabledState

D/WifiController(  890): processMsg: DefaultState

D/WifiController(  890): handleMessage: X

I/IntentController( 1112): receive(android.intent.action.BATTERY_CHANGED,1,false)

D/DotMatrix( 1214): [EventService] reorderCurrEventType, mCurrentEventType = 26, version:1.3

D/DotMatrix( 1214): [EventService] reorderCurrEventType, mCurrentEventType = 26, version:1.3

D/DotMatrix( 1214): [EventService] checkEventUpdateCondition, bCheckCondition:false, mCoverOn:false

D/WifiController(  890): battery changed pluggedType: 2

D/PowerUI ( 1112): closing low battery warning: level=100

D/PowerUI ( 1112): plugged = true, health = 2, mBatteryLevel = 100, mPluggedBatteryLevel = 100, mLowBatteryWarningLevel2 = 25, mshowLowChargingWarning2 = true

D/HtcPowerSaver(  890): updateBatteryInfo

D/PMS     (  890): runPSCheck

D/HtcPowerSaver(  890): Checking...

I/HtcPowerSaver(  890): >> updateStatus

I/HtcPowerSaver(  890): updateStatus (8000,100,-1,false,false,false,-1)

I/HtcPowerSaver(  890): << updateStatus

I/BatteryController( 1112): status:5 level:100 unsupport:false plugged:true

E/WifiTrafficPoller(  890): TRAFFIC_STATS_POLL true Token 194 num clients 15

E/WifiTrafficPoller(  890):  packet count Tx=88102 Rx=2731963

D/PMS     (  890): acquireWL(2e53876c): PARTIAL_WAKE_LOCK  *alarm* 0x1 890 1000 WorkSource{10198}

V/AlarmManager(  890): sending alarm PendingIntent{165bc135: PendingIntentRecord{360e21ff com.alipay.m.portal broadcastIntent}}, i=com.alipay.m.portal.push.action.KEEPLIVE, t=0, cnt=1, w=1450258473891, Int=0

I/AlipayPushS_ClientActionReceiver( 2395): onReceive() action=com.alipay.m.portal.push.action.KEEPLIVE

V/AlarmManager(  890): sending alarm PendingIntent{172f3f56: PendingIntentRecord{16ee5bd7 android broadcastIntent}}, i=com.android.server.WifiManager.action.START_SCAN, t=1, cnt=1, w=1450258461006, Int=20000

I/AlipayPushS_ClientActionReceiver( 2395): onReceive() networkInfo.isConnected()=true

D/AlipayPushS_d( 2395): isNetworkAvailable=true

V/AlipayPushS_e( 2395): getInstance() mInstance=577686300

V/AlipayPushS_e( 2395): getString() sharePrefs key=setting_notify_state, sdkLevel=21, pid=2395

V/AlipayPushS_e( 2395): done getString() sharePrefs key=setting_notify_state, val=null, pid=2395

D/AlipayPushS_ClientActionReceiver( 2395): isNotificationEnabled=true, isNetConnected=true

D/AlipayPushS_g( 2395): submitHeartBeatTask()...

D/AlipayPushS_g( 2395): addTask(runnable)...

D/AlipayPushS_NotificationService( 2395): Incremented task count to 2

D/AlipayPushS_g( 2395): addTask taskList=0

V/AlipayPushS_g( 2395): runTask()...

D/AlipayPushS_g( 2395): runTask() runnable is com.alipay.pushsdk.push.j

V/AlipayPushS_NotificationService( 2395): submit(runnable)...getExecutorService:495641888

V/AlipayPushS_NotificationService( 2395): isTerminated=false

V/AlipayPushS_NotificationService( 2395): isShutdown=false

D/AlipayPushS_g( 2395): ===== HeartBeatTask() Runnable=====

D/AlipayPushS_g( 2395): HeartBeatTask() heartBeat will be sent! length=0

V/AlipayPushS_g( 2395): getConnection()... called. connection:575620684

D/AlipayPushS_j( 2395): isConnected()...called=true, connection=575620684

D/AlipayPushS_j( 2395): sendPacket()... isConnected=true

D/AlipayPushS_j( 2395): isConnected()...called=true, connection=575620684

