E/WifiConfigStore(  967):         got known scan result 1c:aa:07:b0:26:bf key : "alibaba-inc"WPA_EAP num: 27 rssi=-78 freq=5745

E/WifiAutoJoinController (  967): alibaba-inc 1c:aa:07:f5:a1:0f rssi=-78 cap [WPA-EAP-CCMP+TKIP][WPA2-EAP-CCMP-preauth][ESS] is not scored

E/WifiConfigStore(  967): updateSavedNetworkHistory(): try "alibaba-inc"WPA_EAP SSID="alibaba-inc" alibaba-inc [WPA-EAP-CCMP+TKIP][WPA2-EAP-CCMP-preauth][ESS] ajst=0

E/WifiConfigStore(  967): updateSavedNetworkHistory: HTC improve mode

E/WifiConfigStore(  967):         got known scan result 1c:aa:07:f5:a1:0f key : "alibaba-inc"WPA_EAP num: 27 rssi=-78 freq=5825

E/WifiAutoJoinController (  967): CMCC-WEB 38:22:d6:4d:ea:50 rssi=-59 cap [ESS] is not scored

E/WifiAutoJoinController (  967): alilang-setup 1c:aa:07:f5:96:bd rssi=-57 cap [ESS] is not scored

E/WifiAutoJoinController (  967): alibaba-guest 1c:aa:07:f5:96:be rssi=-57 cap [ESS] is not scored

E/WifiAutoJoinController (  967): alilang-setup 1c:aa:07:b0:26:bd rssi=-78 cap [ESS] is not scored

E/WifiAutoJoinController (  967): alibaba-guest 1c:aa:07:b0:26:be rssi=-79 cap [ESS] is not scored

E/WifiAutoJoinController (  967): alilang-setup 1c:aa:07:f5:a1:0d rssi=-79 cap [ESS] is not scored

E/WifiAutoJoinController (  967): alibaba-guest 1c:aa:07:f5:a1:0e rssi=-78 cap [ESS] is not scored

E/WifiAutoJoinController (  967): CMCC-WEB 38:22:d6:4d:2d:b0 rssi=-82 cap [ESS] is not scored

E/WifiAutoJoinController (  967): CMCC-WEB 38:22:d6:4f:8a:00 rssi=-80 cap [ESS] is not scored

E/WifiAutoJoinController (  967): alilang-setup c0:7b:bc:36:f9:ad rssi=-85 cap [ESS] is not scored

E/WifiAutoJoinController (  967): alibaba-guest c0:7b:bc:36:f9:ae rssi=-84 cap [ESS] is not scored

E/WifiAutoJoinController (  967): alipay-pre 1c:aa:07:c6:de:33 rssi=-73 cap [WPA-EAP-CCMP+TKIP][WPA2-EAP-CCMP-preauth][ESS] is not scored

E/WifiAutoJoinController (  967): alibaba-test 1c:aa:07:c6:de:34 rssi=-79 cap [WPA-PSK-CCMP+TKIP][WPA2-PSK-CCMP-preauth][ESS] is not scored

E/WifiAutoJoinController (  967): alibaba-inc 1c:aa:07:c6:de:30 rssi=-82 cap [WPA-EAP-CCMP+TKIP][WPA2-EAP-CCMP-preauth][ESS] is not scored

E/WifiConfigStore(  967): updateSavedNetworkHistory(): try "alibaba-inc"WPA_EAP SSID="alibaba-inc" alibaba-inc [WPA-EAP-CCMP+TKIP][WPA2-EAP-CCMP-preauth][ESS] ajst=0

E/WifiConfigStore(  967): updateSavedNetworkHistory: HTC improve mode

E/WifiConfigStore(  967):         got known scan result 1c:aa:07:c6:de:30 key : "alibaba-inc"WPA_EAP num: 27 rssi=-82 freq=2447

E/WifiAutoJoinController (  967): alibaba-inc c0:7b:bc:36:f9:af rssi=-85 cap [WPA-EAP-CCMP+TKIP][WPA2-EAP-CCMP-preauth][ESS] is not scored

E/WifiConfigStore(  967): updateSavedNetworkHistory(): try "alibaba-inc"WPA_EAP SSID="alibaba-inc" alibaba-inc [WPA-EAP-CCMP+TKIP][WPA2-EAP-CCMP-preauth][ESS] ajst=0

E/WifiConfigStore(  967): updateSavedNetworkHistory: HTC improve mode

E/WifiConfigStore(  967):         got known scan result c0:7b:bc:36:f9:af key : "alibaba-inc"WPA_EAP num: 27 rssi=-85 freq=5785

E/WifiAutoJoinController (  967): alilang-setup 1c:aa:07:f5:96:b2 rssi=-52 cap [ESS] is not scored

E/WifiAutoJoinController (  967): alilang-setup 1c:aa:07:c6:de:32 rssi=-81 cap [ESS] is not scored

E/WifiAutoJoinController (  967): alibaba-guest 1c:aa:07:b0:26:b1 rssi=-72 cap [ESS] is not scored

E/WifiAutoJoinController (  967): alibaba-guest 1c:aa:07:c6:de:31 rssi=-73 cap [ESS] is not scored

E/WifiAutoJoinController (  967): FREECOMM d8:42:ac:05:3c:c8 rssi=-87 cap [WPA-PSK-TKIP][ESS] is not scored

E/WifiAutoJoinController (  967): alibaba-inc fc:5b:39:09:96:60 rssi=-82 cap [WPA-EAP-CCMP+TKIP][WPA2-EAP-CCMP-preauth][ESS] is not scored

E/WifiConfigStore(  967): updateSavedNetworkHistory(): try "alibaba-inc"WPA_EAP SSID="alibaba-inc" alibaba-inc [WPA-EAP-CCMP+TKIP][WPA2-EAP-CCMP-preauth][ESS] ajst=0

E/WifiConfigStore(  967): updateSavedNetworkHistory: HTC improve mode

E/WifiConfigStore(  967):         got known scan result fc:5b:39:09:96:60 key : "alibaba-inc"WPA_EAP num: 27 rssi=-82 freq=2472

E/WifiAutoJoinController (  967): alibaba-inc 1c:aa:07:f5:9b:e0 rssi=-86 cap [WPA-EAP-CCMP+TKIP][WPA2-EAP-CCMP-preauth][ESS] is not scored

E/WifiConfigStore(  967): updateSavedNetworkHistory(): try "alibaba-inc"WPA_EAP SSID="alibaba-inc" alibaba-inc [WPA-EAP-CCMP+TKIP][WPA2-EAP-CCMP-preauth][ESS] ajst=0

E/WifiConfigStore(  967): updateSavedNetworkHistory: HTC improve mode

E/WifiConfigStore(  967):         got known scan result 1c:aa:07:f5:9b:e0 key : "alibaba-inc"WPA_EAP num: 27 rssi=-86 freq=2447

E/WifiAutoJoinController (  967): alibaba-inc d0:c2:82:85:64:70 rssi=-89 cap [WPA-EAP-CCMP+TKIP][WPA2-EAP-CCMP-preauth][ESS] is not scored

E/WifiConfigStore(  967): updateSavedNetworkHistory(): try "alibaba-inc"WPA_EAP SSID="alibaba-inc" alibaba-inc [WPA-EAP-CCMP+TKIP][WPA2-EAP-CCMP-preauth][ESS] ajst=0

E/WifiConfigStore(  967): updateSavedNetworkHistory: HTC improve mode

E/WifiConfigStore(  967):         got known scan result d0:c2:82:85:64:70 key : "alibaba-inc"WPA_EAP num: 27 rssi=-89 freq=2447

E/WifiAutoJoinController (  967): alibaba-guest 1c:aa:07:f5:96:b1 rssi=-55 cap [ESS] is not scored

E/WifiAutoJoinController (  967): alilang-setup 1c:aa:07:f5:a1:02 rssi=-69 cap [ESS] is not scored

E/WifiAutoJoinController (  967): alibaba-test 84:b2:61:be:4c:00 rssi=-53 cap [WPA-PSK-CCMP+TKIP][WPA2-PSK-CCMP-preauth][ESS] is not scored

E/WifiAutoJoinController (  967): alipay-pre d0:c2:82:85:64:73 rssi=-87 cap [WPA-EAP-CCMP+TKIP][WPA2-EAP-CCMP-preauth][ESS] is not scored

E/WifiAutoJoinController (  967): alibaba-inc 1c:aa:07:f5:96:b0 rssi=-52 cap [WPA-EAP-CCMP+TKIP][WPA2-EAP-CCMP-preauth][ESS] is not scored

E/WifiConfigStore(  967): updateSavedNetworkHistory(): try "alibaba-inc"WPA_EAP SSID="alibaba-inc" alibaba-inc [WPA-EAP-CCMP+TKIP][WPA2-EAP-CCMP-preauth][ESS] ajst=0

E/WifiConfigStore(  967): updateSavedNetworkHistory: HTC improve mode

E/WifiConfigStore(  967):         got known scan result 1c:aa:07:f5:96:b0 key : "alibaba-inc"WPA_EAP num: 27 rssi=-52 freq=2422

E/WifiAutoJoinController (  967): alibaba-inc 1c:aa:07:f5:a1:00 rssi=-69 cap [WPA-EAP-CCMP+TKIP][WPA2-EAP-CCMP-preauth][ESS] is not scored

E/WifiConfigStore(  967): updateSavedNetworkHistory(): try "alibaba-inc"WPA_EAP SSID="alibaba-inc" alibaba-inc [WPA-EAP-CCMP+TKIP][WPA2-EAP-CCMP-preauth][ESS] ajst=0

E/WifiConfigStore(  967): updateSavedNetworkHistory: HTC improve mode

E/WifiConfigStore(  967):         got known scan result 1c:aa:07:f5:a1:00 key : "alibaba-inc"WPA_EAP num: 27 rssi=-69 freq=2472

E/WifiAutoJoinController (  967): alibaba-inc 1c:aa:07:b0:26:b0 rssi=-75 cap [WPA-EAP-CCMP+TKIP][WPA2-EAP-CCMP-preauth][ESS] is not scored

E/WifiConfigStore(  967): updateSavedNetworkHistory(): try "alibaba-inc"WPA_EAP SSID="alibaba-inc" alibaba-inc [WPA-EAP-CCMP+TKIP][WPA2-EAP-CCMP-preauth][ESS] ajst=0

E/WifiConfigStore(  967): updateSavedNetworkHistory: HTC improve mode

E/WifiConfigStore(  967):         got known scan result 1c:aa:07:b0:26:b0 key : "alibaba-inc"WPA_EAP num: 27 rssi=-75 freq=2422

E/WifiAutoJoinController (  967): alibaba-inc d0:c2:82:7e:e5:9f rssi=-85 cap [WPA-EAP-CCMP+TKIP][WPA2-EAP-CCMP-preauth][ESS] is not scored

E/WifiConfigStore(  967): updateSavedNetworkHistory(): try "alibaba-inc"WPA_EAP SSID="alibaba-inc" alibaba-inc [WPA-EAP-CCMP+TKIP][WPA2-EAP-CCMP-preauth][ESS] ajst=0

E/WifiConfigStore(  967): updateSavedNetworkHistory: HTC improve mode

E/WifiConfigStore(  967):         got known scan result d0:c2:82:7e:e5:9f key : "alibaba-inc"WPA_EAP num: 27 rssi=-85 freq=5805

E/WifiAutoJoinController (  967): alilang-setup d0:c2:82:7e:e5:9d rssi=-85 cap [ESS] is not scored

E/WifiAutoJoinController (  967): alibaba-guest d0:c2:82:7e:e5:9e rssi=-85 cap [ESS] is not scored

E/WifiAutoJoinController (  967): alibaba-test 84:b2:61:be:4e:90 rssi=-55 cap [WPA-PSK-CCMP+TKIP][WPA2-PSK-CCMP-preauth][ESS] is not scored

E/WifiAutoJoinController (  967): alibaba-inc c0:7b:bc:36:f9:a0 rssi=-79 cap [WPA-EAP-CCMP+TKIP][WPA2-EAP-CCMP-preauth][ESS] is not scored

E/WifiConfigStore(  967): updateSavedNetworkHistory(): try "alibaba-inc"WPA_EAP SSID="alibaba-inc" alibaba-inc [WPA-EAP-CCMP+TKIP][WPA2-EAP-CCMP-preauth][ESS] ajst=0

E/WifiConfigStore(  967): updateSavedNetworkHistory: HTC improve mode

E/WifiConfigStore(  967):         got known scan result c0:7b:bc:36:f9:a0 key : "alibaba-inc"WPA_EAP num: 27 rssi=-79 freq=2422 status=16

E/WifiAutoJoinController (  967): baomihua_wifi02_2.4G c2:61:18:04:50:df rssi=-75 cap [ESS] is not scored

E/WifiAutoJoinController (  967): alibaba-guest 1c:aa:07:f5:9f:41 rssi=-87 cap [ESS] is not scored

E/WifiAutoJoinController (  967): ageScanResultsOut delay 40000 size 49 now 1450259337001

E/WifiAutoJoinController (  967): newSupplicantResults size=42 known=13 true

W/WifiHW  (  967): QCOM Debug wifi_send_command "IFNAME=wlan0 STATUS-NO_EVENTS"

D/wpa_supplicant( 8936): wlan0: Control interface command 'STATUS-NO_EVENTS'

E/WifiAutoJoinController (  967): attemptAutoJoin() status=bssid=1c:aa:07:f5:96:bf

E/WifiAutoJoinController (  967): ssid=alibaba-inc

E/WifiAutoJoinController (  967): id=2

E/WifiAutoJoinController (  967): mode=station

E/WifiAutoJoinController (  967): pairwise_cipher=CCMP

E/WifiAutoJoinController (  967): group_cipher=TKIP

E/WifiAutoJoinController (  967): key_mgmt=WPA2/IEEE 802.1X/EAP

E/WifiAutoJoinController (  967): wpa_state=COMPLETED

E/WifiAutoJoinController (  967): ip_address=10.15.84.16

E/WifiAutoJoinController (  967): p2p_device_address=86:7a:88:7d:0f:a3

E/WifiAutoJoinController (  967): address=XX:XX:XX:XX:XX:XX

E/WifiAutoJoinController (  967): Supplicant PAE state=AUTHENTICATED

E/WifiAutoJoinController (  967): suppPortStatus=Authorized

E/WifiAutoJoinController (  967): EAP state=SUCCESS

E/WifiAutoJoinController (  967): selectedMethod=13 (EAP-TLS)

E/WifiAutoJoinController (  967): uuid=12345678-9abc-def0-1234-56789abcdef1 split=16

E/WifiAutoJoinController (  967): attemptAutoJoin() num recent config 1 current="alibaba-inc"WPA_EAP ---> suppNetId=2

E/WifiAutoJoinController (  967): attemptAutoJoin good candidate seen, bumped hard -> status=0 "alibaba-inc"WPA_EAP rssi=(-52,-53) num=(18,9)

E/WifiAutoJoinController (  967): attemptAutoJoin skip current candidate  2 key "alibaba-inc"WPA_EAP

E/WifiAutoJoinController (  967): attemptRoam scan cache size 27 --> bail

D/HtcWifiControlRoamOffload: (  967): roamCandidate: nullcurrentBSSID: 1c:aa:07:f5:96:bf

E/WifiStateMachine(  967): WiFiDisplay: getWifidisplayApEnabled=false

E/WifiAutoJoinController (  967): Done attemptAutoJoin status=0

E/WifiConfigStore(  967):  writeKnownNetworkHistory() num networks:7 needWrite=false

D/WifiManager( 2896): getScanResults: Base Package Name=android.htc.china.location.service, uid=10009

D/WifiManager(16648): getScanResults: Base Package Name=com.eg.android.AlipayGphone, uid=10324

D/WifiManager(22009): getScanResults: Base Package Name=com.sina.weibo, uid=10317

I/WifiMonitor(23907): mWifiReceiver SCAN_RESULTS_AVAILABLE_ACTION

D/WifiManager(23907): getScanResults: Base Package Name=com.sohu.inputmethod.sogou, uid=10172

D/WirelessDisplayService(  967): getDiscoveryDongleList

D/WifiManager(19183): getScanResults: Base Package Name=com.qiyi.video, uid=10005

E/WifiStateMachine(  967): handleMessage: X

D/WifiManager( 2896): getScanResults: Base Package Name=android.htc.china.location.service, uid=10009

E/WifiDataStallTracker(  967): DATA_MONITOR_POLL true Token 270

D/WifiDataStallTracker(  967): updateDataStallInfo: mDataStallTxRxSum={txSum=290258 rxSum=212541} preTxRxSum={txSum=290201 rxSum=212499}

D/WifiDataStallTracker(  967): updateDataStallInfo: IN/OUT

D/WifiDataStallTracker(  967): onDataStallAlarm: Sent 0 pkts since last received, < watchdogTrigger=5

E/WifiTrafficPoller(  967): TRAFFIC_STATS_POLL true Token 929 num clients 48

E/WifiTrafficPoller(  967):  packet count Tx=378686 Rx=496820

D/HtcWifiControlRoamOffload: (  967): Receive mPhoneStateListener

D/HtcWifiControlRoamOffload: (  967): Receive mPhoneStateListener, getGsmSignalStrength16

D/PMS     (  967): acquireWL(3a99f2da): PARTIAL_WAKE_LOCK  *alarm* 0x1 967 1000 WorkSource{10251}

V/AlarmManager(  967): sending alarm PendingIntent{a27030b: PendingIntentRecord{1b0bd5e8 com.tencent.mm broadcastIntent}}, i=ALARM_ACTION(9399), t=2, cnt=1, w=151681043, Int=0

V/AlarmManager(  967): sending alarm PendingIntent{2485fe45: PendingIntentRecord{ee4799a air.fyzb3 broadcastIntent}}, i=fyzb.alam.action, t=3, cnt=1, w=151663300, Int=60000

V/AlarmManager(  967): sending alarm PendingIntent{903b2a5: PendingIntentRecord{79f867a android broadcastIntent}}, i=com.android.server.WifiManager.action.START_SCAN, t=1, cnt=1, w=1450259327929, Int=20000

E/WifiStateMachine(  967): WiFiStateMachine SCAN ALARM

E/WifiStateMachine(  967): handleMessage: E msg.what=131143

E/WifiStateMachine(  967): processMsg: ConnectedState

E/WifiStateMachine(  967):  ConnectedState !CMD_START_SCAN -2 -2 ic=1011 proc(ms):0 dur:3531 rssi=-53 f=5785 sc=60 link=72 tx=51.9, 0.0, 0.0  rx=67.8 fiv=40000 [on:0 tx:0 rx:0 period:1474] from screen [on:0 period:-1439607798]

E/WifiStateMachine(  967): processMsg: L2ConnectedState

E/WifiStateMachine(  967):  L2ConnectedState !CMD_START_SCAN -2 -2 ic=1011 proc(ms):1 dur:3531 rssi=-53 f=5785 sc=60 link=72 tx=51.9, 0.0, 0.0  rx=67.8 fiv=40000 [on:0 tx:0 rx:0 period:1] from screen [on:0 period:-1439607797]

E/WifiStateMachine(  967): WifiStateMachine CMD_START_SCAN source -2 txSuccessRate=51.88 rxSuccessRate=67.75 targetRoamBSSID=1c:aa:07:f5:96:bf RSSI=-53

E/WifiStateMachine(  967): WifiStateMachine CMD_START_SCAN with age=595916 interval=40000 maxinterval=300000

E/WifiStateMachine(  967): WifiStateMachine CMD_START_SCAN try full band scan age=595916 interval=40000 maxinterval=300000

E/WifiStateMachine(  967): WifiStateMachine CMD_START_SCAN prevent full band scan due to pkt rate

E/WifiStateMachine(  967): WifiStateMachine CMD_START_SCAN source -2 ...and ignore scans tx=51.88 rx=67.75

E/WifiStateMachine(  967): handleMessage: X

D/PMS     (  967): acquireWL(38a6f401): PARTIAL_WAKE_LOCK  WakerLock:935169529 0x1 9399 10251 null

D/WifiDisplayAdapter(  967): getWifiDisplayStatusLocked: result=WifiDisplayStatus{featureState=3, scanState=0, activeDisplayState=0, activeDisplay=null, displays=[], sessionInfo=WifiDisplaySessionInfo:

D/WifiDisplayAdapter(  967):     Client/Owner: Client

D/WifiDisplayAdapter(  967):     GroupId: 

D/WifiDisplayAdapter(  967):     Passphrase: 

D/WifiDisplayAdapter(  967):     SessionId: 0

D/WifiDisplayAdapter(  967):     IP Address: }

D/PMS     (  967): releaseWL(3a99f2da): PARTIAL_WAKE_LOCK  *alarm* 0x1 WorkSource{1000}

D/PMS     (  967): acquireWL(373462a6): PARTIAL_WAKE_LOCK  WakerLock:39613258 0x1 9399 10251 null

D/PMS     (  967): acquireWL(373462a6): PARTIAL_WAKE_LOCK  WakerLock:39613258 0x1 9399 10251 null

I/nativeProcess(18972): iqiyi message: create--runOnSubprocess isProcessExist true

I/nativeProcess(18972): iqiyi message: ==== do something  executeCmd isProcessExist true =====

E/WifiTrafficPoller(  967): TRAFFIC_STATS_POLL true Token 929 num clients 48

E/WifiTrafficPoller(  967):  packet count Tx=378690 Rx=496839

D/PMS     (  967): releaseWL(38a6f401): PARTIAL_WAKE_LOCK  WakerLock:935169529 0x1 null

D/PMS     (  967): releaseWL(373462a6): PARTIAL_WAKE_LOCK  WakerLock:39613258 0x1 null

D/FyzbDownloadService(17801): clean download tasks, list size: 0

E/WifiTrafficPoller(  967): TRAFFIC_STATS_POLL true Token 929 num clients 48

E/WifiTrafficPoller(  967):  packet count Tx=378690 Rx=496851

E/WifiTrafficPoller(  967): notifying of data activity 1

E/WifiStateMachine(  967): handleMessage: E msg.what=131155

E/WifiStateMachine(  967): processMsg: ConnectedState

E/WifiStateMachine(  967):  ConnectedState !CMD_RSSI_POLL 228 0 "alibaba-inc" 1c:aa:07:f5:96:bf rssi=-53 f=5785 sc=60 link=72 tx=51.9, 0.0, 0.0  rx=67.8 bcn=0 [on:0 tx:0 rx:0 period:1524] from screen [on:0 period:-1439606272] gl rssi=-53 ag=0 hr ticks 1,2,12 ls-=0 [56,56,60,60,65] brc=0 lrc=0

E/WifiStateMachine(  967): processMsg: L2ConnectedState

E/WifiStateMachine(  967):  L2ConnectedState !CMD_RSSI_POLL 228 0 "alibaba-inc" 1c:aa:07:f5:96:bf rssi=-53 f=5785 sc=60 link=72 tx=51.9, 0.0, 0.0  rx=67.8 bcn=0 [on:0 tx:0 rx:0 period:1] from screen [on:0 period:-1439606271] gl rssi=-53 ag=0 hr ticks 1,2,12 ls-=0 [56,56,60,60,65] brc=0 lrc=0

E/WifiStateMachine(  967):  get link layer stats 0

W/WifiHW  (  967): QCOM Debug wifi_send_command "IFNAME=wlan0 SIGNAL_POLL"

D/wpa_supplicant( 8936): wlan0: Control interface command 'SIGNAL_POLL'

I/wpa_supplicant( 8936): environment dirty rate=37 [8][3][0]

E/WifiStateMachine(  967): fetchRssiLinkSpeedAndFrequencyNative RSSI = -53 abnormalRssiCnt = 0 newLinkSpeed = 65

E/WifiStateMachine(  967): fetchRssiLinkSpeedAndFrequencyNative rssi=-53 linkspeed=65

E/WifiConfigStore(  967): updateConfiguration freq=5785 BSSID=1c:aa:07:f5:96:bf RSSI=-53 "alibaba-inc"WPA_EAP

E/WifiStateMachine(  967): calculateWifiScore freq=5785 speed=65 score=60 highRSSI  -> txbadrate=0.00 txgoodrate=29.94 txretriesrate=0.00 rxrate=56.88 userTriggerdPenalty0

E/WifiStateMachine(  967):  good link -> stuck count =0

E/WifiStateMachine(  967):  badRSSI count0 lowRSSI count0 --> score 60

E/WifiStateMachine(  967):  isHighRSSI       ---> score=65

E/WifiStateMachine(  967): handleMessage: X

D/WifiWatchdogStateMachine(  967): RSSI current: 3 new: -53, 3

W/ActivityManager(  967): getTasks: caller 10183 does not hold GET_TASKS; limiting output

D/PMS     (  967): acquireWL(29c0c4e7): PARTIAL_WAKE_LOCK  *alarm* 0x40000001 967 1000 WorkSource{1000}

V/AlarmManager(  967): sending alarm PendingIntent{284a73eb: PendingIntentRecord{29c72548 android broadcastIntent}}, i=android.intent.action.TIME_TICK, t=3, cnt=1, w=151682805, Int=0

I/ClockController( 2788): schedule update now=1450259340005 next=59995

I/Clock   ( 2788): updateClock:17:49 Asia/Shanghai

I/Clock   ( 2788): updateClock:17:49 Asia/Shanghai

I/Clock   ( 2788): updateClock:17:49 Asia/Shanghai

D/PMS     (  967): releaseWL(29c0c4e7): PARTIAL_WAKE_LOCK  *alarm* 0x40000001 WorkSource{1000}

E/WifiTrafficPoller(  967): TRAFFIC_STATS_POLL true Token 929 num clients 48

E/WifiTrafficPoller(  967):  packet count Tx=378690 Rx=496866

D/HtcWifiControlRoamOffload: (  967): Receive mPhoneStateListener

D/HtcWifiControlRoamOffload: (  967): Receive mPhoneStateListener, getGsmSignalStrength18

W/ActivityManager(  967): getTasks: caller 10157 does not hold GET_TASKS; limiting output

W/ActivityManager(  967): getTasks: caller 10157 does not hold GET_TASKS; limiting output

W/ActivityManager(  967): getTasks: caller 10157 does not hold GET_TASKS; limiting output

W/ActivityManager(  967): getTasks: caller 10157 does not hold GET_TASKS; limiting output

D/AutoSetting( 3039): service - mRequestRunnable: screen on delay 10s, request NLP now

D/AutoSetting( 3039): service - requestNLP() to last request within 2hrs, don't request 365481

E/WifiTrafficPoller(  967): TRAFFIC_STATS_POLL true Token 929 num clients 48

E/WifiTrafficPoller(  967):  packet count Tx=378694 Rx=496884

E/WifiTrafficPoller(  967): notifying of data activity 3

E/WifiDataStallTracker(  967): DATA_MONITOR_POLL true Token 270

D/WifiDataStallTracker(  967): updateDataStallInfo: mDataStallTxRxSum={txSum=290264 rxSum=212543} preTxRxSum={txSum=290258 rxSum=212541}

D/WifiDataStallTracker(  967): updateDataStallInfo: IN/OUT

D/WifiDataStallTracker(  967): onDataStallAlarm: Sent 0 pkts since last received, < watchdogTrigger=5

E/WifiTrafficPoller(  967): TRAFFIC_STATS_POLL true Token 929 num clients 48

E/WifiTrafficPoller(  967):  packet count Tx=378694 Rx=496911

E/WifiTrafficPoller(  967): notifying of data activity 1

E/WifiStateMachine(  967): handleMessage: E msg.what=131155

E/WifiStateMachine(  967): processMsg: ConnectedState

E/WifiStateMachine(  967):  ConnectedState !CMD_RSSI_POLL 228 0 "alibaba-inc" 1c:aa:07:f5:96:bf rssi=-53 f=5785 sc=60 link=65 tx=29.9, 0.0, 0.0  rx=56.9 bcn=0 [on:0 tx:0 rx:0 period:3004] from screen [on:0 period:-1439603262] gl u24 rssi=-53 ag=0 hr ticks 1,2,12 ls-=0 [56,56,60,60,65] brc=0 lrc=0

E/WifiStateMachine(  967): processMsg: L2ConnectedState

E/WifiStateMachine(  967):  L2ConnectedState !CMD_RSSI_POLL 228 0 "alibaba-inc" 1c:aa:07:f5:96:bf rssi=-53 f=5785 sc=60 link=65 tx=29.9, 0.0, 0.0  rx=56.9 bcn=0 [on:0 tx:0 rx:0 period:1] from screen [on:0 period:-1439603261] gl u24 rssi=-53 ag=0 hr ticks 1,2,12 ls-=0 [56,56,60,60,65] brc=0 lrc=0

E/WifiStateMachine(  967):  get link layer stats 0

W/WifiHW  (  967): QCOM Debug wifi_send_command "IFNAME=wlan0 SIGNAL_POLL"

D/wpa_supplicant( 8936): wlan0: Control interface command 'SIGNAL_POLL'

I/wpa_supplicant( 8936): environment dirty rate=0 [4][0][0]

E/WifiStateMachine(  967): fetchRssiLinkSpeedAndFrequencyNative RSSI = -53 abnormalRssiCnt = 0 newLinkSpeed = 72

E/WifiStateMachine(  967): fetchRssiLinkSpeedAndFrequencyNative rssi=-53 linkspeed=72

E/WifiConfigStore(  967): updateConfiguration freq=5785 BSSID=1c:aa:07:f5:96:bf RSSI=-53 "alibaba-inc"WPA_EAP

E/WifiStateMachine(  967): calculateWifiScore freq=5785 speed=72 score=60 highRSSI  -> txbadrate=0.00 txgoodrate=16.97 txretriesrate=0.00 rxrate=56.94 userTriggerdPenalty0

E/WifiStateMachine(  967):  good link -> stuck count =0

E/WifiStateMachine(  967):  badRSSI count0 lowRSSI count0 --> score 60

E/WifiStateMachine(  967):  isHighRSSI       ---> score=65

D/WifiWatchdogStateMachine(  967): RSSI current: 3 new: -53, 3

E/WifiStateMachine(  967): handleMessage: X

I/nativeProcess(18972): iqiyi message: create--runOnSubprocess isProcessExist true

I/nativeProcess(18972): iqiyi message: ==== do something  executeCmd isProcessExist true =====

E/WifiTrafficPoller(  967): TRAFFIC_STATS_POLL true Token 929 num clients 48

E/WifiTrafficPoller(  967):  packet count Tx=378694 Rx=496929

D/PMS     (  967): acquireWL(34bc6894): PARTIAL_WAKE_LOCK  *alarm* 0x1 967 1000 WorkSource{10156}

V/AlarmManager(  967): sending alarm PendingIntent{128dcf3d: PendingIntentRecord{19dce91a com.cubic.autohome broadcastIntent}}, i=AlarmTaskSchedule.com.cubic.autohome, t=0, cnt=1, w=1450259344636, Int=0

V/AlarmManager(  967): sending alarm PendingIntent{1f6e3b88: PendingIntentRecord{b42f921 com.alibaba.work.android broadcastIntent}}, i=agoo_action_heart, t=1, cnt=1, w=1450259342085, Int=210000

D/PMS     (  967): releaseWL(34bc6894): PARTIAL_WAKE_LOCK  *alarm* 0x1 WorkSource{10304}

E/WifiTrafficPoller(  967): TRAFFIC_STATS_POLL true Token 929 num clients 48

E/WifiTrafficPoller(  967):  packet count Tx=378694 Rx=496947

E/WifiTrafficPoller(  967): TRAFFIC_STATS_POLL true Token 929 num clients 48

E/WifiTrafficPoller(  967):  packet count Tx=378694 Rx=496984

E/WifiStateMachine(  967): handleMessage: E msg.what=131155

E/WifiStateMachine(  967): processMsg: ConnectedState

E/WifiStateMachine(  967):  ConnectedState !CMD_RSSI_POLL 228 0 "alibaba-inc" 1c:aa:07:f5:96:bf rssi=-53 f=5785 sc=60 link=72 tx=17.0, 0.0, 0.0  rx=56.9 bcn=0 [on:0 tx:0 rx:0 period:2999] from screen [on:0 period:-1439600252] gl u24 rssi=-53 ag=0 hr ticks 1,2,12 ls-=0 [56,56,60,60,65] brc=0 lrc=0

E/WifiStateMachine(  967): processMsg: L2ConnectedState

E/WifiStateMachine(  967):  L2ConnectedState !CMD_RSSI_POLL 228 0 "alibaba-inc" 1c:aa:07:f5:96:bf rssi=-53 f=5785 sc=60 link=72 tx=17.0, 0.0, 0.0  rx=56.9 bcn=0 [on:0 tx:0 rx:0 period:2] from screen [on:0 period:-1439600250] gl u24 rssi=-53 ag=0 hr ticks 1,2,12 ls-=0 [56,56,60,60,65] brc=0 lrc=0

E/WifiStateMachine(  967):  get link layer stats 0

W/WifiHW  (  967): QCOM Debug wifi_send_command "IFNAME=wlan0 SIGNAL_POLL"

D/wpa_supplicant( 8936): wlan0: Control interface command 'SIGNAL_POLL'

I/wpa_supplicant( 8936): environment dirty rate=0 [0][0][0]

E/WifiStateMachine(  967): fetchRssiLinkSpeedAndFrequencyNative RSSI = -56 abnormalRssiCnt = 0 newLinkSpeed = 72

E/WifiStateMachine(  967): fetchRssiLinkSpeedAndFrequencyNative rssi=-56 linkspeed=72

E/WifiConfigStore(  967): updateConfiguration freq=5785 BSSID=1c:aa:07:f5:96:bf RSSI=-54 "alibaba-inc"WPA_EAP

E/WifiStateMachine(  967): calculateWifiScore freq=5785 speed=72 score=60 highRSSI  -> txbadrate=0.00 txgoodrate=8.48 txretriesrate=0.00 rxrate=64.97 userTriggerdPenalty0

E/WifiStateMachine(  967):  good link -> stuck count =0

E/WifiStateMachine(  967):  badRSSI count0 lowRSSI count0 --> score 60

E/WifiStateMachine(  967):  isHighRSSI       ---> score=65

D/WifiWatchdogStateMachine(  967): RSSI current: 3 new: -56, 3

E/WifiStateMachine(  967): handleMessage: X

D/PMS     (  967): acquireWL(21b40332): PARTIAL_WAKE_LOCK  *alarm* 0x1 967 1000 WorkSource{10156}

V/AlarmManager(  967): sending alarm PendingIntent{1d4ac883: PendingIntentRecord{1a417a00 com.cubic.autohome broadcastIntent}}, i=AlarmTaskScheduleBak.com.cubic.autohome, t=0, cnt=1, w=1450259346636, Int=0

D/PMS     (  967): releaseWL(21b40332): PARTIAL_WAKE_LOCK  *alarm* 0x1 WorkSource{10156}

E/WifiTrafficPoller(  967): TRAFFIC_STATS_POLL true Token 929 num clients 48

E/WifiTrafficPoller(  967):  packet count Tx=378694 Rx=497011

E/WifiDataStallTracker(  967): DATA_MONITOR_POLL true Token 270

D/WifiDataStallTracker(  967): updateDataStallInfo: mDataStallTxRxSum={txSum=290264 rxSum=212543} preTxRxSum={txSum=290264 rxSum=212543}

D/WifiDataStallTracker(  967): updateDataStallInfo: NONE

D/WifiDataStallTracker(  967): onDataStallAlarm: Sent 0 pkts since last received, < watchdogTrigger=5

E/WifiTrafficPoller(  967): TRAFFIC_STATS_POLL true Token 929 num clients 48

E/WifiTrafficPoller(  967):  packet count Tx=378694 Rx=497051

I/nativeProcess(18972): iqiyi message: create--runOnSubprocess isProcessExist true

I/nativeProcess(18972): iqiyi message: ==== do something  executeCmd isProcessExist true =====

I/UiAutomatorHarbour(23568): /127.0.0.1:43827 is connected

I/UiAutomatorHarbour(23568): receiced:{"command":"getSDKVersion","params":[{"no":"key"}]}

I/UiAutomatorHarbour(23568): response back:21

E/WifiTrafficPoller(  967): TRAFFIC_STATS_POLL true Token 929 num clients 48

E/WifiTrafficPoller(  967):  packet count Tx=378694 Rx=497078

E/WifiStateMachine(  967): handleMessage: E msg.what=131155

E/WifiStateMachine(  967): processMsg: ConnectedState

E/WifiStateMachine(  967):  ConnectedState !CMD_RSSI_POLL 228 0 "alibaba-inc" 1c:aa:07:f5:96:bf rssi=-56 f=5785 sc=60 link=72 tx=8.5, 0.0, 0.0  rx=65.0 bcn=0 [on:0 tx:0 rx:0 period:3003] from screen [on:0 period:-1439597236] gl u24 rssi=-56 ag=0 hr ticks 1,2,12 ls-=0 [56,56,60,60,65] brc=0 lrc=0

E/WifiStateMachine(  967): processMsg: L2ConnectedState

E/WifiStateMachine(  967):  L2ConnectedState !CMD_RSSI_POLL 228 0 "alibaba-inc" 1c:aa:07:f5:96:bf rssi=-56 f=5785 sc=60 link=72 tx=8.5, 0.0, 0.0  rx=65.0 bcn=0 [on:0 tx:0 rx:0 period:1] from screen [on:0 period:-1439597235] gl u24 rssi=-56 ag=0 hr ticks 1,2,12 ls-=0 [56,56,60,60,65] brc=0 lrc=0

E/WifiStateMachine(  967):  get link layer stats 0

W/WifiHW  (  967): QCOM Debug wifi_send_command "IFNAME=wlan0 SIGNAL_POLL"

D/wpa_supplicant( 8936): wlan0: Control interface command 'SIGNAL_POLL'

I/wpa_supplicant( 8936): environment dirty rate=0 [0][0][0]

E/WifiStateMachine(  967): fetchRssiLinkSpeedAndFrequencyNative RSSI = -57 abnormalRssiCnt = 0 newLinkSpeed = 72

E/WifiStateMachine(  967): fetchRssiLinkSpeedAndFrequencyNative rssi=-57 linkspeed=72

E/WifiConfigStore(  967): updateConfiguration freq=5785 BSSID=1c:aa:07:f5:96:bf RSSI=-55 "alibaba-inc"WPA_EAP

E/WifiStateMachine(  967): calculateWifiScore freq=5785 speed=72 score=60 highRSSI  -> txbadrate=0.00 txgoodrate=4.24 txretriesrate=0.00 rxrate=80.48 userTriggerdPenalty0

E/WifiStateMachine(  967):  good link -> stuck count =0

E/WifiStateMachine(  967):  badRSSI count0 lowRSSI count0 --> score 56

E/WifiStateMachine(  967):  isHighRSSI       ---> score=61

E/WifiStateMachine(  967): handleMessage: X

D/WifiWatchdogStateMachine(  967): RSSI current: 3 new: -57, 3

E/WifiTrafficPoller(  967): TRAFFIC_STATS_POLL true Token 929 num clients 48

E/WifiTrafficPoller(  967):  packet count Tx=378694 Rx=497117

D/HtcWifiControlRoamOffload: (  967): Receive mPhoneStateListener

D/HtcWifiControlRoamOffload: (  967): Receive mPhoneStateListener, getGsmSignalStrength17

E/WifiTrafficPoller(  967): TRAFFIC_STATS_POLL true Token 929 num clients 48

E/WifiTrafficPoller(  967):  packet count Tx=378694 Rx=497169

E/WifiTrafficPoller(  967): TRAFFIC_STATS_POLL true Token 929 num clients 48

E/WifiTrafficPoller(  967):  packet count Tx=378695 Rx=497215

E/WifiTrafficPoller(  967): notifying of data activity 3

E/WifiStateMachine(  967): handleMessage: E msg.what=131155

E/WifiStateMachine(  967): processMsg: ConnectedState

E/WifiStateMachine(  967):  ConnectedState !CMD_RSSI_POLL 228 0 "alibaba-inc" 1c:aa:07:f5:96:bf rssi=-57 f=5785 sc=60 link=72 tx=4.2, 0.0, 0.0  rx=80.5 bcn=0 [on:0 tx:0 rx:0 period:3003] from screen [on:0 period:-1439594223] gl u24 rssi=-57 ag=0 hr ticks 1,2,12 ls-=0 [56,56,56,56,61] brc=0 lrc=0

E/WifiStateMachine(  967): processMsg: L2ConnectedState

E/WifiStateMachine(  967):  L2ConnectedState !CMD_RSSI_POLL 228 0 "alibaba-inc" 1c:aa:07:f5:96:bf rssi=-57 f=5785 sc=60 link=72 tx=4.2, 0.0, 0.0  rx=80.5 bcn=0 [on:0 tx:0 rx:0 period:1] from screen [on:0 period:-1439594222] gl u24 rssi=-57 ag=0 hr ticks 1,2,12 ls-=0 [56,56,56,56,61] brc=0 lrc=0

E/WifiStateMachine(  967):  get link layer stats 0

W/WifiHW  (  967): QCOM Debug wifi_send_command "IFNAME=wlan0 SIGNAL_POLL"

D/wpa_supplicant( 8936): wlan0: Control interface command 'SIGNAL_POLL'

I/wpa_supplicant( 8936): environment dirty rate=0 [1][0][0]

E/WifiStateMachine(  967): fetchRssiLinkSpeedAndFrequencyNative RSSI = -54 abnormalRssiCnt = 0 newLinkSpeed = 72

E/WifiStateMachine(  967): fetchRssiLinkSpeedAndFrequencyNative rssi=-54 linkspeed=72

E/WifiConfigStore(  967): updateConfiguration freq=5785 BSSID=1c:aa:07:f5:96:bf RSSI=-54 "alibaba-inc"WPA_EAP

E/WifiStateMachine(  967): calculateWifiScore freq=5785 speed=72 score=60 highRSSI  -> txbadrate=0.00 txgoodrate=2.62 txretriesrate=0.00 rxrate=109.24 userTriggerdPenalty0

E/WifiStateMachine(  967):  good link -> stuck count =0

E/WifiStateMachine(  967):  badRSSI count0 lowRSSI count0 --> score 56

E/WifiStateMachine(  967):  isHighRSSI       ---> score=61

D/WifiWatchdogStateMachine(  967): RSSI current: 3 new: -54, 3

E/WifiStateMachine(  967): handleMessage: X

E/WifiDataStallTracker(  967): DATA_MONITOR_POLL true Token 270

D/WifiDataStallTracker(  967): updateDataStallInfo: mDataStallTxRxSum={txSum=290265 rxSum=212545} preTxRxSum={txSum=290264 rxSum=212543}

D/WifiDataStallTracker(  967): updateDataStallInfo: IN/OUT

D/WifiDataStallTracker(  967): onDataStallAlarm: Sent 0 pkts since last received, < watchdogTrigger=5

E/WifiTrafficPoller(  967): TRAFFIC_STATS_POLL true Token 929 num clients 48

E/WifiTrafficPoller(  967):  packet count Tx=378695 Rx=497230

E/WifiTrafficPoller(  967): notifying of data activity 1

D/PMS     (  967): acquireWL(3d0d2239): PARTIAL_WAKE_LOCK  *alarm* 0x1 967 1000 WorkSource{10300}

V/AlarmManager(  967): sending alarm PendingIntent{301b207e: PendingIntentRecord{c096e3f cmb.pb broadcastIntent}}, i=com.xiaomi.push.PING_TIMER, t=0, cnt=1, w=1450259353611, Int=0

D/PMS     (  967): releaseWL(3d0d2239): PARTIAL_WAKE_LOCK  *alarm* 0x1 WorkSource{10300}

I/nativeProcess(18972): iqiyi message: create--runOnSubprocess isProcessExist true

I/nativeProcess(18972): iqiyi message: ==== do something  executeCmd isProcessExist true =====

D/PMS     (  967): acquireWL(1ee769df): PARTIAL_WAKE_LOCK  *alarm* 0x1 967 1000 WorkSource{10157}

V/AlarmManager(  967): sending alarm PendingIntent{2c44362c: PendingIntentRecord{1d9ebd5e air.fyzb3 broadcastIntent}}, i=AlarmTaskSchedule.air.fyzb3, t=0, cnt=1, w=1450259350312, Int=0

V/AlarmManager(  967): sending alarm PendingIntent{3394a8f5: PendingIntentRecord{2a842c2f com.yiwang broadcastIntent}}, i=AlarmTaskSchedule.com.yiwang, t=0, cnt=1, w=1450259350382, Int=0

V/AlarmManager(  967): sending alarm PendingIntent{2444c68a: PendingIntentRecord{32e5eea com.hunantv.imgo.activity broadcastIntent}}, i=AlarmTaskSchedule.com.hunantv.imgo.activity, t=0, cnt=1, w=1450259351674, Int=0

V/AlarmManager(  967): sending alarm PendingIntent{3e82c4fb: PendingIntentRecord{35e68746 air.fyzb3 broadcastIntent}}, i=AlarmTaskScheduleBak.air.fyzb3, t=0, cnt=1, w=1450259352312, Int=0

V/AlarmManager(  967): sending alarm PendingIntent{ad48918: PendingIntentRecord{315ae34 com.yiwang broadcastIntent}}, i=AlarmTaskScheduleBak.com.yiwang, t=0, cnt=1, w=1450259352382, Int=0

V/AlarmManager(  967): sending alarm PendingIntent{3ed3df71: PendingIntentRecord{3ff9ea01 com.hunantv.imgo.activity broadcastIntent}}, i=AlarmTaskScheduleBak.com.hunantv.imgo.activity, t=0, cnt=1, w=1450259353674, Int=0

V/AlarmManager(  967): sending alarm PendingIntent{903b2a5: PendingIntentRecord{79f867a android broadcastIntent}}, i=com.android.server.WifiManager.action.START_SCAN, t=1, cnt=1, w=1450259347929, Int=20000

V/AlarmManager(  967): sending alarm PendingIntent{10b0c156: PendingIntentRecord{14aeb5d7 com.netease.newsreader.activity startService}}, i=netease.pomelo.news.push.messageservice_V1, t=1, cnt=1, w=1450259350988, Int=0

D/NetEasePushService_PushServiceNews_V1(18397): onStartCommand()...

D/NetEasePushService_PushServiceNews_V1(18397): prepareStart()...

D/NetEasePushService_PushServiceNews_V1(18397): Heartbeat receiver is running...

D/NetEasePushService_PushServiceNews_V1(18397): sendHeartBeat()...

D/NetEasePushService_PushServiceNews_V1(18397): send heat beat message to server.

D/NetEasePushService_PushServiceNews_V1(18397): setAlarm()...

D/NetEasePushService_PushServiceNews_V1(18397): send()...

D/NetEasePushService_PushServiceNews_V1(18397): send topic: ping domain: null message : {}

D/NetEasePushService_PushServiceNews_V1(18397): acquireWakeLock()...

D/NetEasePushService_PushServiceNews_V1(18397): Acquiring wake lock

D/PMS     (  967): acquireWL(5151ec4): PARTIAL_WAKE_LOCK  com.netease.pushservice.core.PushServiceNews_V1 0x1 18397 10299 null

D/NetEasePushService_PushServiceNews_V1(18397): releaseWakeLock()...

D/WifiDisplayAdapter(  967): getWifiDisplayStatusLocked: result=WifiDisplayStatus{featureState=3, scanState=0, activeDisplayState=0, activeDisplay=null, displays=[], sessionInfo=WifiDisplaySessionInfo:

D/WifiDisplayAdapter(  967):     Client/Owner: Client

D/WifiDisplayAdapter(  967):     GroupId: 

D/WifiDisplayAdapter(  967):     Passphrase: 

D/WifiDisplayAdapter(  967):     SessionId: 0

D/WifiDisplayAdapter(  967):     IP Address: }

E/WifiStateMachine(  967): WiFiStateMachine SCAN ALARM

D/PMS     (  967): releaseWL(5151ec4): PARTIAL_WAKE_LOCK  com.netease.pushservice.core.PushServiceNews_V1 0x1 null

E/WifiStateMachine(  967): handleMessage: E msg.what=131143

D/PMS     (  967): releaseWL(1ee769df): PARTIAL_WAKE_LOCK  *alarm* 0x1 WorkSource{1000}

E/WifiStateMachine(  967): processMsg: ConnectedState

E/WifiStateMachine(  967):  ConnectedState !CMD_START_SCAN -2 -2 ic=1012 proc(ms):1 dur:3531 rssi=-54 f=5785 sc=60 link=72 tx=2.6, 0.0, 0.0  rx=109.2 fiv=40000 [on:0 tx:0 rx:0 period:1858] from screen [on:0 period:-1439592359]

E/WifiStateMachine(  967): processMsg: L2ConnectedState

E/WifiStateMachine(  967):  L2ConnectedState !CMD_START_SCAN -2 -2 ic=1012 proc(ms):2 dur:3531 rssi=-54 f=5785 sc=60 link=72 tx=2.6, 0.0, 0.0  rx=109.2 fiv=40000 [on:0 tx:0 rx:0 period:1] from screen [on:0 period:-1439592358]

E/WifiStateMachine(  967): WifiStateMachine CMD_START_SCAN source -2 txSuccessRate=2.62 rxSuccessRate=109.24 targetRoamBSSID=1c:aa:07:f5:96:bf RSSI=-54

E/WifiStateMachine(  967): WifiStateMachine CMD_START_SCAN with age=611356 interval=40000 maxinterval=300000

E/WifiStateMachine(  967): WifiStateMachine CMD_START_SCAN try full band scan age=611356 interval=40000 maxinterval=300000

E/WifiStateMachine(  967): WifiStateMachine CMD_START_SCAN prevent full band scan due to pkt rate

E/WifiStateMachine(  967): WifiStateMachine CMD_START_SCAN source -2 ...and ignore scans tx=2.62 rx=109.24

E/WifiStateMachine(  967): handleMessage: X

D/NetEasePushService_PushServiceNews_V1(18397): setAlarm()...

D/NetEasePushService_PushServiceNews_V1(18397): heat beat has sent 1 round normally, heartbeat interval is now: 120000ms

D/NetEasePushService_PushServiceNews_V1(18397): publishArrived()...

D/NetEasePushService_PushServiceNews_V1(18397): topic : pong message: 

D/NetEasePushService_PushServiceNews_V1(18397): it is a heartbeat ack message

D/NetEasePushService_PushServiceNews_V1(18397): cancelAlarm()...

E/WifiTrafficPoller(  967): TRAFFIC_STATS_POLL true Token 929 num clients 48

E/WifiTrafficPoller(  967):  packet count Tx=378701 Rx=497248

E/WifiTrafficPoller(  967): notifying of data activity 3

D/HtcWifiControlRoamOffload: (  967): Receive mPhoneStateListener

D/HtcWifiControlRoamOffload: (  967): Receive mPhoneStateListener, getGsmSignalStrength19

D/FyzbDownloadService(17801): clean download tasks, list size: 0

W/ActivityManager(  967): getTasks: caller 10157 does not hold GET_TASKS; limiting output

E/WifiTrafficPoller(  967): TRAFFIC_STATS_POLL true Token 929 num clients 48

E/WifiTrafficPoller(  967):  packet count Tx=378702 Rx=497274

E/WifiStateMachine(  967): handleMessage: E msg.what=131155

E/WifiStateMachine(  967): processMsg: ConnectedState

E/WifiStateMachine(  967):  ConnectedState !CMD_RSSI_POLL 228 0 "alibaba-inc" 1c:aa:07:f5:96:bf rssi=-54 f=5785 sc=60 link=72 tx=2.6, 0.0, 0.0  rx=109.2 bcn=0 [on:0 tx:0 rx:0 period:1140] from screen [on:0 period:-1439591217] gl rssi=-54 ag=0 hr ticks 1,2,12 ls-=0 [56,56,56,56,61] brc=0 lrc=0

E/WifiStateMachine(  967): processMsg: L2ConnectedState

E/WifiStateMachine(  967):  L2ConnectedState !CMD_RSSI_POLL 228 0 "alibaba-inc" 1c:aa:07:f5:96:bf rssi=-54 f=5785 sc=60 link=72 tx=2.6, 0.0, 0.0  rx=109.2 bcn=0 [on:0 tx:0 rx:0 period:1] from screen [on:0 period:-1439591216] gl rssi=-54 ag=0 hr ticks 1,2,12 ls-=0 [56,56,56,56,61] brc=0 lrc=0

E/WifiStateMachine(  967):  get link layer stats 0

W/WifiHW  (  967): QCOM Debug wifi_send_command "IFNAME=wlan0 SIGNAL_POLL"

D/wpa_supplicant( 8936): wlan0: Control interface command 'SIGNAL_POLL'

I/wpa_supplicant( 8936): environment dirty rate=0 [7][0][0]

E/WifiStateMachine(  967): fetchRssiLinkSpeedAndFrequencyNative RSSI = -52 abnormalRssiCnt = 0 newLinkSpeed = 72

E/WifiStateMachine(  967): fetchRssiLinkSpeedAndFrequencyNative rssi=-52 linkspeed=72

E/WifiConfigStore(  967): updateConfiguration freq=5785 BSSID=1c:aa:07:f5:96:bf RSSI=-52 "alibaba-inc"WPA_EAP

E/WifiStateMachine(  967): calculateWifiScore freq=5785 speed=72 score=60 highRSSI  -> txbadrate=0.00 txgoodrate=4.81 txretriesrate=0.00 rxrate=83.12 userTriggerdPenalty0

E/WifiStateMachine(  967):  good link -> stuck count =0

E/WifiStateMachine(  967):  badRSSI count0 lowRSSI count0 --> score 56

E/WifiStateMachine(  967):  isHighRSSI       ---> score=61

D/WifiWatchdogStateMachine(  967): RSSI current: 3 new: -52, 3

E/WifiStateMachine(  967): handleMessage: X

E/WifiTrafficPoller(  967): TRAFFIC_STATS_POLL true Token 929 num clients 48

E/WifiTrafficPoller(  967):  packet count Tx=378702 Rx=497307

E/WifiTrafficPoller(  967): notifying of data activity 1

E/cutils-trace(25597): Error opening trace file: No such file or directory (2)

D/CustomizationManager(25597): ====startRecUseTime====

D/htc.customization.log.level(25597):  is 

W/CustomizationLogLevel(25597): Level value is invalid, use default level 2

E/WifiTrafficPoller(  967): TRAFFIC_STATS_POLL true Token 929 num clients 48

E/WifiTrafficPoller(  967):  packet count Tx=378702 Rx=497327

D/CustomizationManager(25597):  Read ACC file spent 0.116 (s)

V/CustomizationCIDLoader(25597): full path : /system/customize/CID/default.xml

I/CustomizationCIDLoader(25597): Parsing tag category name = system

I/CustomizationCIDLoader(25597): Parsing tag category name = application

I/CustomizationCIDLoader(25597): Parsing tag category name = SettingsProvider

I/CustomizationCIDLoader(25597): Parsing tag category name = Settings

I/CustomizationCIDLoader(25597): Parsing tag category name = AutomotiveHome

I/CustomizationCIDLoader(25597): Parsing tag category name = ACC

I/CustomizationCIDLoader(25597): add string-array item, value = com.htc.launcher/com.htc.feed.local.calendar.CalendarFeedProvider

D/CustomizationManager(25597):  Read CID file spent 0.211 (s)

D/CustomizationManager(25597):  All configurations done spent 0.211 (s)

E/memtrack(25597): Couldn't load memtrack module (No such file or directory)

E/android.os.Debug(25597): failed to load memtrack module: -2

E/ActTriggerJNI(25597): open library fail.

I/ActivityManager(  967): START u0 {act=android.intent.action.CALL dat=tel:xxxxx flg=0x10000000 cmp=android/com.android.internal.app.ResolverActivity} from uid 2000 pid 25597 on display 0

D/PMS     (  967): acquireHCC(28f601ad): CPU_MIN_NUM ActivityManager-MultiCore-Num 0x8000 967 1000 null

D/PMS     (  967): acquireHCC(1e0f9ce2): CPU_MIN_FREQ ActivityManager-MultiCore-Freq 0x2000 967 1000 null

D/PMS     (  967): acquireWL(399e0ba9): PARTIAL_WAKE_LOCK  ActivityManager-Launch 0x1 967 1000 null

W/HtcSystemUPManager(  967): HtcSystemUPHandler The policy is disabled. AppId: activity_history, category: launch

I/ActivityManager(  967): Start proc system:ui for activity android/com.android.internal.app.ResolverActivity: pid=25612 uid=1000 gids={41000, 9997, 3002, 3001, 3003, 1028, 1015, 5001, 5011, 3006, 1007, 1023, 5006} abi=armeabi-v7a

E/Typeface(25612): SANS_LOC file not found.

W/ResolverActivity(25612): onCreate +, intent=[Intent { act=android.intent.action.CALL dat=tel:xxxxx flg=0x10000000 }]

E/Typeface(25612): SANS_LOC file not found.

D/ResolverActivity(25612): sinceTime=1449049757092

W/ResolverActivity(25612): alwaysUseOption = true, count = 2

D/HtcWifiControlRoamOffload: (  967): Receive mPhoneStateListener

D/HtcWifiControlRoamOffload: (  967): Receive mPhoneStateListener, getGsmSignalStrength20

W/ResolverActivity(25612): onCreate -

D/StatusBarManagerService(  967): setSystemUiVisibility(0x40000000)

D/StatusBarManagerService(  967): manageDisableList userId=0 what=0x0 pkg=WindowManager.LayoutParams

D/StatusBarManagerService(  967): hiding MENU key

