D/WifiDisplayAdapter(  967):     SessionId: 0

D/WifiDisplayAdapter(  967):     IP Address: }

E/WifiStateMachine(  967):  ConnectedState CMD_START_SCAN 10009 3689 ic=1010 proc(ms):5 onGoing full started:1450259282463,3 rssi=-51 f=5785 sc=60 link=58 tx=0.0, 0.0, 0.0  rx=0.0 fiv=40000 [on:0 tx:0 rx:0 period:2] from screen [on:0 period:-1439663582]

E/WifiStateMachine(  967): processMsg: L2ConnectedState

E/WifiStateMachine(  967):  L2ConnectedState CMD_START_SCAN 10009 3689 ic=1010 proc(ms):6 onGoing full started:1450259282463,4 rssi=-51 f=5785 sc=60 link=58 tx=0.0, 0.0, 0.0  rx=0.0 fiv=40000 [on:0 tx:0 rx:0 period:2] from screen [on:0 period:-1439663580]

E/WifiStateMachine(  967): WifiStateMachine CMD_START_SCAN source 10009 txSuccessRate=0.00 rxSuccessRate=0.00 targetRoamBSSID=1c:aa:07:f5:96:bf RSSI=-51

W/WifiHW  (  967): QCOM Debug wifi_send_command "IFNAME=wlan0 SCAN TYPE=ONLY"

D/wpa_supplicant( 8936): wlan0: Control interface command 'SCAN TYPE=ONLY'

D/wpa_supplicant( 8936): Pending scan scheduled - reject new request

E/WifiStateMachine(  967): handleMessage: X

D/PMS     (  967): acquireWL(30fee9b0): PARTIAL_WAKE_LOCK  LocationManagerService 0x1 967 1000 WorkSource{1000 android}

D/GpsLocationProvider(  967): [handleMessage] SET_REQUEST

D/GpsLocationProvider(  967): setRequest ProviderRequest[OFF]

D/GpsLocationProvider(  967): stopNavigating

D/AutoSetting( 3039): service - onCreate()

I/IntentController( 2788): receive(android.location.GPS_ENABLED_CHANGE,1,false)

D/PMS     (  967): acquireWL(65dcfae): PARTIAL_WAKE_LOCK  LocationManagerService 0x1 967 1000 WorkSource{10056 com.htc.sense.hsp}

D/PMS     (  967): releaseWL(104bbf98): PARTIAL_WAKE_LOCK  GpsLocationProvider 0x1 null

D/GpsLocationProvider(  967):  write_WLD GPS ON com.yiwang

D/GpsLocationProvider(  967):  write_WLD  GPS OFF com.yiwang

D/QMI_FW  (  967): QCCI: QMUXD: xport_rx[1 <- 16]: 14 bytes on conn_id: 9

D/QMI_FW  (  967): QCCI: QMI_CCI_RX: cntl_flag - 02, txn_id - 13c2, msg_id - 004a, msg_len - 0007

D/PMS     (  967): releaseWL(30fee9b0): PARTIAL_WAKE_LOCK  LocationManagerService 0x1 WorkSource{1000 android}

D/PMS     (  967): releaseWL(65dcfae): PARTIAL_WAKE_LOCK  LocationManagerService 0x1 WorkSource{10056 com.htc.sense.hsp}

D/QMI_FW  (  967): QCCI: QMUXD: xport_rx[1 <- 16]: 14 bytes on conn_id: 9

D/QMI_FW  (  967): QCCI: QMI_CCI_RX: cntl_flag - 04, txn_id - 0000, msg_id - 004a, msg_len - 0007

D/QMI_FW  (  967): QCCI: QMI_CCI_TX: cntl_flag - 00, txn_id - 13c3, msg_id - 0022, msg_len - 0019

D/QMI_FW  (  967): QCCI: QMUXD: xport_send[1 -> 16]: 32 bytes on conn_id=9

D/QMI_FW  (  967): QCCI: QMUXD: xport_rx[1 <- 16]: 14 bytes on conn_id: 9

D/QMI_FW  (  967): QCCI: QMI_CCI_RX: cntl_flag - 02, txn_id - 13c3, msg_id - 0022, msg_len - 0007

V/GpsLocationProvider(  967): reportStatus status: 1

D/GpsLocationProvider(  967): [GICON] No GPS notify, mStarted: false mNavigating: true

D/AutoSetting( 3039): service - AddressCache: using context: com.htc.Weather

D/QMI_FW  (  967): QCCI: QMI_CCI_TX: cntl_flag - 00, txn_id - 13c4, msg_id - 0023, msg_len - 0004

D/QMI_FW  (  967): QCCI: QMUXD: xport_send[1 -> 16]: 11 bytes on conn_id=9

V/GpsLocationProvider(  967): reportStatus status: 2

D/GpsLocationProvider(  967): [GICON] ### GPS_ENABLED_CHANGE_ACTION ###  (false)

D/AutoSetting( 3039): service - onStartCommand() action: com.htc.app.autosetting.location

I/IntentController( 2788): receive(android.location.GPS_ENABLED_CHANGE,1,false)

D/AutoSetting( 3039): service - mLocationListener: onLocationChanged() fix time is 60s ago, leave it

D/LocationManagerService(  967): request 32613591 passive Request[POWER_NONE passive fastest=+5s0ms] from com.htc.sense.hsp(10056)

D/LocationManagerService(  967): provider request: passive ProviderRequest[ON interval=0]

D/QMI_FW  (  967): QCCI: QMUXD: xport_rx[1 <- 16]: 14 bytes on conn_id: 9

D/QMI_FW  (  967): QCCI: QMI_CCI_RX: cntl_flag - 02, txn_id - 13c4, msg_id - 0023, msg_len - 0007

D/QMI_FW  (  967): QCCI: QMI_CCI_TX: cntl_flag - 00, txn_id - 13c5, msg_id - 0039, msg_len - 0021

D/QMI_FW  (  967): QCCI: QMUXD: xport_send[1 -> 16]: 40 bytes on conn_id=9

D/QMI_FW  (  967): QCCI: QMUXD: xport_rx[1 <- 16]: 25 bytes on conn_id: 9

D/QMI_FW  (  967): QCCI: QMI_CCI_RX: cntl_flag - 04, txn_id - 0000, msg_id - 0024, msg_len - 0012

D/QMI_FW  (  967): QCCI: QMUXD: xport_rx[1 <- 16]: 14 bytes on conn_id: 9

D/QMI_FW  (  967): QCCI: QMI_CCI_RX: cntl_flag - 02, txn_id - 13c5, msg_id - 0039, msg_len - 0007

D/GpsLocationProvider(  967): [reportHTCStatus] eventMask = 2 , status = 0

D/GpsLocationProvider(  967): [reportHTCStatus] INJECT_LOCATION

D/QMI_FW  (  967): QCCI: QMUXD: xport_rx[1 <- 16]: 14 bytes on conn_id: 9

D/QMI_FW  (  967): QCCI: QMI_CCI_RX: cntl_flag - 04, txn_id - 0000, msg_id - 0039, msg_len - 0007

D/wpa_supplicant( 8936): nl80211: Event message available

D/wpa_supplicant( 8936): nl80211: Drv Event 34 (NL80211_CMD_NEW_SCAN_RESULTS) received for wlan0

D/wpa_supplicant( 8936): wlan0: nl80211: New scan results available

D/wpa_supplicant( 8936): nl80211: Scan included frequencies:

D/wpa_supplicant( 8936): wlan0: Event SCAN_RESULTS (3) received

I/wpa_supplicant( 8936): Got an original EVENT_SCAN_RESULTS

D/wpa_supplicant( 8936): wlan0: Scan completed in 3.775126 seconds

D/wpa_supplicant( 8936): nl80211: Associated on 5785 MHz

D/wpa_supplicant( 8936): nl80211: Associated with 1c:aa:07:f5:96:bf

D/wpa_supplicant( 8936): nl80211: Received scan results (38 BSSes)

D/wpa_supplicant( 8936): nl80211: Scan results indicate BSS status with 1c:aa:07:f5:96:bf as associated

D/wpa_supplicant( 8936): Sorted scan results

D/wpa_supplicant( 8936): 1c:aa:07:f5:96:bf freq=5785 qual=0 noise=0 level=-51 flags=0x2b age=0

I/wpa_supplicant( 8936): [NULL] 1c:aa:07:f5:96:bf freq=5785 level=-51

D/wpa_supplicant( 8936): IEs - hexdump(len=256): 00 0b 61 6c 69 62 61 62 61 2d 69 6e 63 01 06 98 24 30 48 60 6c 07 06 43 4e 20 95 05 1e 0b 05 22 ...

D/wpa_supplicant( 8936): 1c:aa:07:f5:96:b0 freq=2422 qual=0 noise=0 level=-52 flags=0xb age=0

I/wpa_supplicant( 8936): [NULL] 1c:aa:07:f5:96:b0 freq=2422 level=-52

D/wpa_supplicant( 8936): IEs - hexdump(len=268): 00 0b 61 6c 69 62 61 62 61 2d 69 6e 63 01 06 98 24 30 48 60 6c 03 01 03 05 04 00 01 00 00 07 06 ...

D/wpa_supplicant( 8936): 84:b2:61:be:4c:00 freq=2472 qual=0 noise=0 level=-53 flags=0xb age=0

I/wpa_supplicant( 8936): [NULL] 84:b2:61:be:4c:00 freq=2472 level=-53

D/wpa_supplicant( 8936): IEs - hexdump(len=276): 00 0c 61 6c 69 62 61 62 61 2d 74 65 73 74 01 06 98 24 30 48 60 6c 03 01 0d 05 04 00 01 00 00 07 ...

D/wpa_supplicant( 8936): 84:b2:61:be:4c:0f freq=5260 qual=0 noise=0 level=-61 flags=0xb age=0

I/wpa_supplicant( 8936): [NULL] 84:b2:61:be:4c:0f freq=5260 level=-61

D/wpa_supplicant( 8936): IEs - hexdump(len=315): 00 0c 61 6c 69 62 61 62 61 2d 74 65 73 74 01 06 98 24 30 48 60 6c 05 04 00 01 01 00 07 0c 43 4e ...

D/wpa_supplicant( 8936): 84:b2:61:be:4e:9f freq=5180 qual=0 noise=0 level=-62 flags=0xb age=0

I/wpa_supplicant( 8936): [NULL] 84:b2:61:be:4e:9f freq=5180 level=-62

D/wpa_supplicant( 8936): IEs - hexdump(len=309): 00 0c 61 6c 69 62 61 62 61 2d 74 65 73 74 01 06 98 24 30 48 60 6c 07 0c 43 4e 20 24 04 17 34 04 ...

D/wpa_supplicant( 8936): 1c:aa:07:f5:a1:00 freq=2472 qual=0 noise=0 level=-69 flags=0xb age=0

I/wpa_supplicant( 8936): [NULL] 1c:aa:07:f5:a1:00 freq=2472 level=-69

D/wpa_supplicant( 8936): IEs - hexdump(len=271): 00 0b 61 6c 69 62 61 62 61 2d 69 6e 63 01 06 98 24 30 48 60 6c 03 01 0d 05 07 00 01 0c 40 00 00 ...

D/wpa_supplicant( 8936): 1c:aa:07:f5:a1:0f freq=5825 qual=0 noise=0 level=-74 flags=0xb age=0

I/wpa_supplicant( 8936): [NULL] 1c:aa:07:f5:a1:0f freq=5825 level=-74

D/wpa_supplicant( 8936): IEs - hexdump(len=256): 00 0b 61 6c 69 62 61 62 61 2d 69 6e 63 01 06 98 24 30 48 60 6c 07 06 43 4e 20 95 05 1e 0b 05 21 ...

D/wpa_supplicant( 8936): 1c:aa:07:b0:26:bf freq=5745 qual=0 noise=0 level=-79 flags=0xb age=0

I/wpa_supplicant( 8936): [NULL] 1c:aa:07:b0:26:bf freq=5745 level=-79

D/wpa_supplicant( 8936): IEs - hexdump(len=256): 00 0b 61 6c 69 62 61 62 61 2d 69 6e 63 01 06 98 24 30 48 60 6c 07 06 43 4e 20 95 05 1e 0b 05 1e ...

D/wpa_supplicant( 8936): 1c:aa:07:b0:26:b0 freq=2422 qual=0 noise=0 level=-75 flags=0xb age=0

I/wpa_supplicant( 8936): [NULL] 1c:aa:07:b0:26:b0 freq=2422 level=-75

D/wpa_supplicant( 8936): IEs - hexdump(len=271): 00 0b 61 6c 69 62 61 62 61 2d 69 6e 63 01 06 98 24 30 48 60 6c 03 01 03 05 07 00 01 01 00 08 00 ...

D/wpa_supplicant( 8936): 1c:aa:07:c6:de:33 freq=2447 qual=0 noise=0 level=-77 flags=0xb age=0

I/wpa_supplicant( 8936): [NULL] 1c:aa:07:c6:de:33 freq=2447 level=-77

D/wpa_supplicant( 8936): IEs - hexdump(len=261): 00 0a 61 6c 69 70 61 79 2d 70 72 65 01 06 98 24 30 48 60 6c 03 01 08 07 06 43 4e 20 01 0d 14 0b ...

D/wpa_supplicant( 8936): 1c:aa:07:c6:de:34 freq=2447 qual=0 noise=0 level=-79 flags=0xb age=0

I/wpa_supplicant( 8936): [NULL] 1c:aa:07:c6:de:34 freq=2447 level=-79

D/wpa_supplicant( 8936): IEs - hexdump(len=270): 00 0c 61 6c 69 62 61 62 61 2d 74 65 73 74 01 06 98 24 30 48 60 6c 03 01 08 07 06 43 4e 20 01 0d ...

D/wpa_supplicant( 8936): c0:7b:bc:36:f9:af freq=5785 qual=0 noise=0 level=-85 flags=0xb age=0

I/wpa_supplicant( 8936): [NULL] c0:7b:bc:36:f9:af freq=5785 level=-85

D/wpa_supplicant( 8936): IEs - hexdump(len=256): 00 0b 61 6c 69 62 61 62 61 2d 69 6e 63 01 06 98 24 30 48 60 6c 07 06 43 4e 20 95 05 1e 0b 05 05 ...

D/wpa_supplicant( 8936): d0:c2:82:7e:e5:9f freq=5805 qual=0 noise=0 level=-85 flags=0xb age=0

I/wpa_supplicant( 8936): [NULL] d0:c2:82:7e:e5:9f freq=5805 level=-85

D/wpa_supplicant( 8936): IEs - hexdump(len=256): 00 0b 61 6c 69 62 61 62 61 2d 69 6e 63 01 06 98 24 30 48 60 6c 07 06 43 4e 20 95 05 1e 0b 05 32 ...

D/wpa_supplicant( 8936): 1c:aa:07:c6:de:30 freq=2447 qual=0 noise=0 level=-82 flags=0xb age=0

I/wpa_supplicant( 8936): [NULL] 1c:aa:07:c6:de:30 freq=2447 level=-82

D/wpa_supplicant( 8936): IEs - hexdump(len=262): 00 0b 61 6c 69 62 61 62 61 2d 69 6e 63 01 06 98 24 30 48 60 6c 03 01 08 07 06 43 4e 20 01 0d 14 ...

D/wpa_supplicant( 8936): fc:5b:39:09:96:60 freq=2472 qual=0 noise=0 level=-82 flags=0xb age=0

I/wpa_supplicant( 8936): [NULL] fc:5b:39:09:96:60 freq=2472 level=-82

D/wpa_supplicant( 8936): IEs - hexdump(len=271): 00 0b 61 6c 69 62 61 62 61 2d 69 6e 63 01 06 98 24 30 48 60 6c 03 01 0d 05 07 00 01 01 00 00 00 ...

D/wpa_supplicant( 8936): 1c:aa:07:f5:9b:e0 freq=2447 qual=0 noise=0 level=-86 flags=0xb age=0

I/wpa_supplicant( 8936): [NULL] 1c:aa:07:f5:9b:e0 freq=2447 level=-86

D/wpa_supplicant( 8936): IEs - hexdump(len=268): 00 0b 61 6c 69 62 61 62 61 2d 69 6e 63 01 06 98 24 30 48 60 6c 03 01 08 05 04 00 01 00 00 07 06 ...

D/wpa_supplicant( 8936): d8:42:ac:05:3c:c8 freq=2472 qual=0 noise=0 level=-87 flags=0xb age=0

I/wpa_supplicant( 8936): [NULL] d8:42:ac:05:3c:c8 freq=2472 level=-87

D/wpa_supplicant( 8936): IEs - hexdump(len=125): 00 08 46 52 45 45 43 4f 4d 4d 01 08 82 84 8b 96 12 24 48 6c 03 01 0d 32 04 0c 18 30 60 07 06 48 ...

D/wpa_supplicant( 8936): d0:c2:82:85:64:73 freq=2447 qual=0 noise=0 level=-87 flags=0xb age=0

I/wpa_supplicant( 8936): [NULL] d0:c2:82:85:64:73 freq=2447 level=-87

D/wpa_supplicant( 8936): IEs - hexdump(len=267): 00 0a 61 6c 69 70 61 79 2d 70 72 65 01 06 98 24 30 48 60 6c 03 01 08 05 04 00 01 00 00 07 06 43 ...

D/wpa_supplicant( 8936): d0:c2:82:85:64:70 freq=2447 qual=0 noise=0 level=-89 flags=0xb age=0

I/wpa_supplicant( 8936): [NULL] d0:c2:82:85:64:70 freq=2447 level=-89

D/wpa_supplicant( 8936): IEs - hexdump(len=271): 00 0b 61 6c 69 62 61 62 61 2d 69 6e 63 01 06 98 24 30 48 60 6c 03 01 08 05 07 00 01 00 00 00 00 ...

D/wpa_supplicant( 8936): 1c:aa:07:f5:96:be freq=5785 qual=0 noise=0 level=-55 flags=0xb age=0

I/wpa_supplicant( 8936): [NULL] 1c:aa:07:f5:96:be freq=5785 level=-55

D/wpa_supplicant( 8936): IEs - hexdump(len=206): 00 0d 61 6c 69 62 61 62 61 2d 67 75 65 73 74 01 06 98 24 30 48 60 6c 07 06 43 4e 20 95 05 1e 0b ...

D/wpa_supplicant( 8936): 1c:aa:07:f5:96:bd freq=5785 qual=0 noise=0 level=-55 flags=0xb age=0

I/wpa_supplicant( 8936): [NULL] 1c:aa:07:f5:96:bd freq=5785 level=-55

D/wpa_supplicant( 8936): IEs - hexdump(len=206): 00 0d 61 6c 69 6c 61 6e 67 2d 73 65 74 75 70 01 06 98 24 30 48 60 6c 07 06 43 4e 20 95 05 1e 0b ...

D/wpa_supplicant( 8936): 1c:aa:07:f5:96:b2 freq=2422 qual=0 noise=0 level=-52 flags=0xb age=0

I/wpa_supplicant( 8936): [NULL] 1c:aa:07:f5:96:b2 freq=2422 level=-52

D/wpa_supplicant( 8936): IEs - hexdump(len=218): 00 0d 61 6c 69 6c 61 6e 67 2d 73 65 74 75 70 01 06 98 24 30 48 60 6c 03 01 03 05 04 00 01 00 00 ...

D/wpa_supplicant( 8936): 1c:aa:07:f5:96:b1 freq=2422 qual=0 noise=0 level=-55 flags=0xb age=0

I/wpa_supplicant( 8936): [NULL] 1c:aa:07:f5:96:b1 freq=2422 level=-55

D/wpa_supplicant( 8936): IEs - hexdump(len=218): 00 0d 61 6c 69 62 61 62 61 2d 67 75 65 73 74 01 06 98 24 30 48 60 6c 03 01 03 05 04 00 01 00 00 ...

D/wpa_supplicant( 8936): 38:22:d6:4d:ea:50 freq=2437 qual=0 noise=0 level=-63 flags=0xb age=0

I/wpa_supplicant( 8936): [NULL] 38:22:d6:4d:ea:50 freq=2437 level=-63

D/wpa_supplicant( 8936): IEs - hexdump(len=72): 00 08 43 4d 43 43 2d 57 45 42 01 07 96 18 24 30 48 60 6c 03 01 06 07 06 43 4e 49 01 0d 1b 2a 01 ...

D/wpa_supplicant( 8936): 1c:aa:07:f5:a1:0e freq=5825 qual=0 noise=0 level=-73 flags=0xb age=0

I/wpa_supplicant( 8936): [NULL] 1c:aa:07:f5:a1:0e freq=5825 level=-73

D/wpa_supplicant( 8936): IEs - hexdump(len=206): 00 0d 61 6c 69 62 61 62 61 2d 67 75 65 73 74 01 06 98 24 30 48 60 6c 07 06 43 4e 20 95 05 1e 0b ...

D/wpa_supplicant( 8936): 1c:aa:07:f5:a1:0d freq=5825 qual=0 noise=0 level=-73 flags=0xb age=0

I/wpa_supplicant( 8936): [NULL] 1c:aa:07:f5:a1:0d freq=5825 level=-73

D/wpa_supplicant( 8936): IEs - hexdump(len=206): 00 0d 61 6c 69 6c 61 6e 67 2d 73 65 74 75 70 01 06 98 24 30 48 60 6c 07 06 43 4e 20 95 05 1e 0b ...

D/wpa_supplicant( 8936): 1c:aa:07:f5:a1:02 freq=2472 qual=0 noise=0 level=-69 flags=0xb age=0

I/wpa_supplicant( 8936): [NULL] 1c:aa:07:f5:a1:02 freq=2472 level=-69

D/wpa_supplicant( 8936): IEs - hexdump(len=229): 00 0d 61 6c 69 6c 61 6e 67 2d 73 65 74 75 70 01 06 98 24 30 48 60 6c 03 01 0d 05 0f 00 01 02 00 ...

D/wpa_supplicant( 8936): 1c:aa:07:b0:26:b1 freq=2422 qual=0 noise=0 level=-72 flags=0xb age=0

I/wpa_supplicant( 8936): [NULL] 1c:aa:07:b0:26:b1 freq=2422 level=-72

D/wpa_supplicant( 8936): IEs - hexdump(len=218): 00 0d 61 6c 69 62 61 62 61 2d 67 75 65 73 74 01 06 98 24 30 48 60 6c 03 01 03 05 04 00 01 00 00 ...

D/wpa_supplicant( 8936): 1c:aa:07:c6:de:31 freq=2447 qual=0 noise=0 level=-73 flags=0xb age=0

I/wpa_supplicant( 8936): [NULL] 1c:aa:07:c6:de:31 freq=2447 level=-73

D/wpa_supplicant( 8936): IEs - hexdump(len=221): 00 0d 61 6c 69 62 61 62 61 2d 67 75 65 73 74 01 06 98 24 30 48 60 6c 03 01 08 05 07 00 01 00 04 ...

D/wpa_supplicant( 8936): 1c:aa:07:b0:26:bd freq=5745 qual=0 noise=0 level=-78 flags=0xb age=0

I/wpa_supplicant( 8936): [NULL] 1c:aa:07:b0:26:bd freq=5745 level=-78

D/wpa_supplicant( 8936): IEs - hexdump(len=206): 00 0d 61 6c 69 6c 61 6e 67 2d 73 65 74 75 70 01 06 98 24 30 48 60 6c 07 06 43 4e 20 95 05 1e 0b ...

D/wpa_supplicant( 8936): 1c:aa:07:b0:26:be freq=5745 qual=0 noise=0 level=-79 flags=0xb age=0

I/wpa_supplicant( 8936): [NULL] 1c:aa:07:b0:26:be freq=5745 level=-79

D/wpa_supplicant( 8936): IEs - hexdump(len=206): 00 0d 61 6c 69 62 61 62 61 2d 67 75 65 73 74 01 06 98 24 30 48 60 6c 07 06 43 4e 20 95 05 1e 0b ...

D/wpa_supplicant( 8936): c0:7b:bc:36:f9:ae freq=5785 qual=0 noise=0 level=-84 flags=0xb age=0

I/wpa_supplicant( 8936): [NULL] c0:7b:bc:36:f9:ae freq=5785 level=-84

D/wpa_supplicant( 8936): IEs - hexdump(len=206): 00 0d 61 6c 69 62 61 62 61 2d 67 75 65 73 74 01 06 98 24 30 48 60 6c 07 06 43 4e 20 95 05 1e 0b ...

D/wpa_supplicant( 8936): 38:22:d6:4f:8a:00 freq=2412 qual=0 noise=0 level=-80 flags=0xb age=0

E/QC-NETMGR-LIB(  285): Received nl msg, recvmsg returned 56

E/QC-NETMGR-LIB(  285): Received command: ID=NETMGR_KIF_MSG_CMD, link=0

E/QC-NETMGR-LIB(  285): Process command: ID=NETMGR_KIF_MSG_CMD, link=0, state=1

E/QC-NETMGR-LIB(  285): Processing RTM_NEWLINK

E/QC-NETMGR-LIB(  285): Metainfo:  Index=23 Family=0 Type=0x1 Change=[0x0] Flags=[0x11043]UP BROADCAST RUNNING MULTICAST LOWER_UP 

E/QC-NETMGR-LIB(  285): Rcvd Netlink msg type [16]

E/QC-NETMGR-LIB(  285): Received RTM_NEWLINK

E/QC-NETMGR-LIB(  285): unrecognized ifindex 23, disable link

D/Tethering(  967): interfaceLinkStateChanged wlan0, true

D/Tethering(  967): interfaceStatusChanged wlan0, true

E/WifiStateMachine(  967): WiFiDisplay: getWifidisplayApEnabled=false

I/wpa_supplicant( 8936): [NULL] 38:22:d6:4f:8a:00 freq=2412 level=-80

D/wpa_supplicant( 8936): IEs - hexdump(len=72): 00 08 43 4d 43 43 2d 57 45 42 01 07 96 18 24 30 48 60 6c 03 01 01 07 06 43 4e 49 01 0d 1b 2a 01 ...

D/wpa_supplicant( 8936): d0:c2:82:7e:e5:9d freq=5805 qual=0 noise=0 level=-85 flags=0xb age=0

I/wpa_supplicant( 8936): [NULL] d0:c2:82:7e:e5:9d freq=5805 level=-85

D/wpa_supplicant( 8936): IEs - hexdump(len=206): 00 0d 61 6c 69 6c 61 6e 67 2d 73 65 74 75 70 01 06 98 24 30 48 60 6c 07 06 43 4e 20 95 05 1e 0b ...

D/wpa_supplicant( 8936): c0:7b:bc:36:f9:ad freq=5785 qual=0 noise=0 level=-85 flags=0xb age=0

I/wpa_supplicant( 8936): [NULL] c0:7b:bc:36:f9:ad freq=5785 level=-85

D/wpa_supplicant( 8936): IEs - hexdump(len=206): 00 0d 61 6c 69 6c 61 6e 67 2d 73 65 74 75 70 01 06 98 24 30 48 60 6c 07 06 43 4e 20 95 05 1e 0b ...

D/wpa_supplicant( 8936): d0:c2:82:7e:e5:9e freq=5805 qual=0 noise=0 level=-85 flags=0xb age=0

I/wpa_supplicant( 8936): [NULL] d0:c2:82:7e:e5:9e freq=5805 level=-85

D/wpa_supplicant( 8936): IEs - hexdump(len=206): 00 0d 61 6c 69 62 61 62 61 2d 67 75 65 73 74 01 06 98 24 30 48 60 6c 07 06 43 4e 20 95 05 1e 0b ...

D/wpa_supplicant( 8936): 1c:aa:07:c6:de:32 freq=2447 qual=0 noise=0 level=-81 flags=0xb age=0

I/wpa_supplicant( 8936): [NULL] 1c:aa:07:c6:de:32 freq=2447 level=-81

D/wpa_supplicant( 8936): IEs - hexdump(len=212): 00 0d 61 6c 69 6c 61 6e 67 2d 73 65 74 75 70 01 06 98 24 30 48 60 6c 03 01 08 07 06 43 4e 20 01 ...

D/wpa_supplicant( 8936): 38:22:d6:4d:2d:b0 freq=2437 qual=0 noise=0 level=-84 flags=0xb age=0

I/wpa_supplicant( 8936): [NULL] 38:22:d6:4d:2d:b0 freq=2437 level=-84

D/wpa_supplicant( 8936): IEs - hexdump(len=72): 00 08 43 4d 43 43 2d 57 45 42 01 07 96 18 24 30 48 60 6c 03 01 06 07 06 43 4e 49 01 0d 1b 2a 01 ...

D/wpa_supplicant( 8936): wlan0: BSS: Start scan result update 1228

D/wpa_supplicant( 8936): wlan0: BSS: Add new id 3768 BSSID 1c:aa:07:f5:96:b0 SSID 'alibaba-inc'

D/wpa_supplicant( 8936): CTRL_IFACE monitor sent successfully to /data/misc/wifi/sockets/wpa_ctrl_967-9\x00

D/wpa_supplicant( 8936): wlan0: BSS: Add new id 3769 BSSID 1c:aa:07:f5:a1:00 SSID 'alibaba-inc'

D/wpa_supplicant( 8936): CTRL_IFACE monitor sent successfully to /data/misc/wifi/sockets/wpa_ctrl_967-9\x00

D/wpa_supplicant( 8936): wlan0: BSS: Add new id 3770 BSSID 1c:aa:07:b0:26:b0 SSID 'alibaba-inc'

D/wpa_supplicant( 8936): CTRL_IFACE monitor sent successfully to /data/misc/wifi/sockets/wpa_ctrl_967-9\x00

D/wpa_supplicant( 8936): wlan0: BSS: Add new id 3771 BSSID d0:c2:82:7e:e5:9f SSID 'alibaba-inc'

D/wpa_supplicant( 8936): CTRL_IFACE monitor sent successfully to /data/misc/wifi/sockets/wpa_ctrl_967-9\x00

D/wpa_supplicant( 8936): wlan0: BSS: Add new id 3772 BSSID d0:c2:82:7e:e5:9d SSID 'alilang-setup'

D/wpa_supplicant( 8936): CTRL_IFACE monitor sent successfully to /data/misc/wifi/sockets/wpa_ctrl_967-9\x00

D/wpa_supplicant( 8936): wlan0: BSS: Add new id 3773 BSSID d0:c2:82:7e:e5:9e SSID 'alibaba-guest'

D/wpa_supplicant( 8936): CTRL_IFACE monitor sent successfully to /data/misc/wifi/sockets/wpa_ctrl_967-9\x00

D/wpa_supplicant( 8936): wlan0: BSS: Remove id 3710 BSSID fc:5b:39:09:96:6f SSID 'alibaba-inc' due to no match in scan

D/wpa_supplicant( 8936): CTRL_IFACE monitor sent successfully to /data/misc/wifi/sockets/wpa_ctrl_967-9\x00

D/wpa_supplicant( 8936): wlan0: BSS: Remove id 3750 BSSID 02:08:22:15:12:53 SSID '' due to no match in scan

D/wpa_supplicant( 8936): CTRL_IFACE monitor sent successfully to /data/misc/wifi/sockets/wpa_ctrl_967-9\x00

D/wpa_supplicant( 8936): wlan0: BSS: Remove id 3751 BSSID 1c:aa:07:f5:a1:01 SSID 'alibaba-guest' due to no match in scan

D/wpa_supplicant( 8936): CTRL_IFACE monitor sent successfully to /data/misc/wifi/sockets/wpa_ctrl_967-9\x00

D/wpa_supplicant( 8936): wlan0: BSS: Remove id 3702 BSSID fc:5b:39:09:96:6d SSID 'alilang-setup' due to no match in scan

D/wpa_supplicant( 8936): CTRL_IFACE monitor sent successfully to /data/misc/wifi/sockets/wpa_ctrl_967-9\x00

D/wpa_supplicant( 8936): wlan0: BSS: Remove id 3755 BSSID fc:5b:39:09:96:6e SSID 'alibaba-guest' due to no match in scan

D/wpa_supplicant( 8936): CTRL_IFACE monitor sent successfully to /data/misc/wifi/sockets/wpa_ctrl_967-9\x00

D/wpa_supplicant( 8936): BSS: last_scan_res_used=38/128

D/wpa_supplicant( 8936): wlan0: Scan-only results received

D/wpa_supplicant( 8936): CTRL_IFACE monitor sent successfully to /data/misc/wifi/sockets/wpa_ctrl_967-9\x00

D/wpa_supplicant( 8936): wlan0: Radio work 'scan'@0xb81926d8 done in 3.796093 seconds

D/wpa_supplicant( 8936): Wireless event: cmd=0x8b19 len=8

D/wpa_supplicant( 8936): RTM_NEWLINK: ifi_index=23 ifname=wlan0 wext ifi_flags=0x11043 ([UP][RUNNING][LOWER_UP])

D/WifiMonitor(  967): Event [IFNAME=wlan0 CTRL-EVENT-BSS-ADDED 3768 1c:aa:07:f5:96:b0]

D/WifiMonitor(  967): Event [IFNAME=wlan0 CTRL-EVENT-BSS-ADDED 3769 1c:aa:07:f5:a1:00]

D/WifiMonitor(  967): Event [IFNAME=wlan0 CTRL-EVENT-BSS-ADDED 3770 1c:aa:07:b0:26:b0]

D/WifiMonitor(  967): Event [IFNAME=wlan0 CTRL-EVENT-BSS-ADDED 3771 d0:c2:82:7e:e5:9f]

D/WifiMonitor(  967): Event [IFNAME=wlan0 CTRL-EVENT-BSS-ADDED 3772 d0:c2:82:7e:e5:9d]

D/WifiMonitor(  967): Event [IFNAME=wlan0 CTRL-EVENT-BSS-ADDED 3773 d0:c2:82:7e:e5:9e]

D/WifiMonitor(  967): Event [IFNAME=wlan0 CTRL-EVENT-BSS-REMOVED 3710 fc:5b:39:09:96:6f]

E/WifiMonitor(  967): WifiMonitor:wlan0 cnt=24838 dispatchEvent: CTRL-EVENT-BSS-REMOVED 3710 fc:5b:39:09:96:6f

D/WifiMonitor(  967): Event [IFNAME=wlan0 CTRL-EVENT-BSS-REMOVED 3750 02:08:22:15:12:53]

E/WifiMonitor(  967): WifiMonitor:wlan0 cnt=24839 dispatchEvent: CTRL-EVENT-BSS-REMOVED 3750 02:08:22:15:12:53

D/WifiMonitor(  967): Event [IFNAME=wlan0 CTRL-EVENT-BSS-REMOVED 3751 1c:aa:07:f5:a1:01]

E/WifiMonitor(  967): WifiMonitor:wlan0 cnt=24840 dispatchEvent: CTRL-EVENT-BSS-REMOVED 3751 1c:aa:07:f5:a1:01

D/WifiMonitor(  967): Event [IFNAME=wlan0 CTRL-EVENT-BSS-REMOVED 3702 fc:5b:39:09:96:6d]

E/WifiMonitor(  967): WifiMonitor:wlan0 cnt=24841 dispatchEvent: CTRL-EVENT-BSS-REMOVED 3702 fc:5b:39:09:96:6d

D/WifiMonitor(  967): Event [IFNAME=wlan0 CTRL-EVENT-BSS-REMOVED 3755 fc:5b:39:09:96:6e]

E/WifiMonitor(  967): WifiMonitor:wlan0 cnt=24842 dispatchEvent: CTRL-EVENT-BSS-REMOVED 3755 fc:5b:39:09:96:6e

E/WifiMonitor(  967): WifiMonitor:wlan0 cnt=24843 dispatchEvent: CTRL-EVENT-SCAN-RESULTS 

E/WifiMonitor(  967): handleEvent 4  CTRL-EVENT-SCAN-RESULTS 

E/WifiStateMachine(  967): handleMessage: E msg.what=147461

E/WifiStateMachine(  967): processMsg: ConnectedState

E/WifiStateMachine(  967):  ConnectedState SCAN_RESULTS_EVENT 0 0 found=44 known=10 got=44 bcn=0

E/WifiStateMachine(  967): processMsg: L2ConnectedState

E/WifiStateMachine(  967):  L2ConnectedState SCAN_RESULTS_EVENT 0 0 found=44 known=10 got=44 bcn=0

E/WifiStateMachine(  967): processMsg: ConnectModeState

E/WifiStateMachine(  967):  ConnectModeState SCAN_RESULTS_EVENT 0 0 found=44 known=10 got=44 bcn=0

E/WifiStateMachine(  967): processMsg: DriverStartedState

E/WifiStateMachine(  967):  DriverStartedState SCAN_RESULTS_EVENT 0 0 found=44 known=10 got=44 bcn=0

E/WifiStateMachine(  967): processMsg: SupplicantStartedState

E/WifiStateMachine(  967):  SupplicantStartedState SCAN_RESULTS_EVENT 0 0 found=44 known=10 got=44 bcn=0

D/WifiStateMachine(  967): [MLHD] enter handleMediaLinkEvent SupplicantStartedState

W/WifiHW  (  967): QCOM Debug wifi_send_command "IFNAME=wlan0 LIST_DONGLES"

D/wpa_supplicant( 8936): wlan0: Control interface command 'LIST_DONGLES'

D/WirelessDisplayService(  967): getDiscoveryDongleList

W/ContextImpl(  967): Calling a method in the system process without a qualified user: android.app.ContextImpl.sendBroadcast:1459 com.android.server.wifi.WifiStateMachine.sendDongleScanResultsAvailableBroadcast:14114 com.android.server.wifi.WifiStateMachine.handleMediaLinkEvent:14279 com.android.server.wifi.WifiStateMachine.access$5800:265 com.android.server.wifi.WifiStateMachine$SupplicantStartedState.processMessage:8070 

E/WifiStateMachine(  967): [1,450,259,286,275 ms] noteScanEnd WorkSource{10009}

W/WifiHW  (  967): QCOM Debug wifi_send_command "IFNAME=wlan0 BSS RANGE=0- MASK=0x21987"

D/wpa_supplicant( 8936): wlan0: Control interface command 'BSS RANGE=0- MASK=0x21987'

E/WifiStateMachine(  967): wifi setScanResults statecom.android.server.wifi.WifiStateMachine$ConnectedState@14b2f9f8 sup_state=COMPLETED debouncing=false

E/WifiAutoJoinController (  967): alibaba-inc 1c:aa:07:f5:96:bf rssi=-51 cap [WPA-EAP-CCMP+TKIP][WPA2-EAP-CCMP-preauth][ESS] is not scored

E/WifiConfigStore(  967): updateSavedNetworkHistory(): try "alibaba-inc"WPA_EAP SSID="alibaba-inc" alibaba-inc [WPA-EAP-CCMP+TKIP][WPA2-EAP-CCMP-preauth][ESS] ajst=0

E/WifiConfigStore(  967): updateSavedNetworkHistory: HTC improve mode

E/WifiConfigStore(  967):         got known scan result 1c:aa:07:f5:96:bf key : "alibaba-inc"WPA_EAP num: 27 rssi=-51 freq=5785

E/WifiAutoJoinController (  967): alibaba-test 84:b2:61:be:4c:0f rssi=-61 cap [WPA-PSK-CCMP+TKIP][WPA2-PSK-CCMP-preauth][ESS] is not scored

E/WifiAutoJoinController (  967): alibaba-test 84:b2:61:be:4e:9f rssi=-62 cap [WPA-PSK-CCMP+TKIP][WPA2-PSK-CCMP-preauth][ESS] is not scored

E/WifiAutoJoinController (  967): alibaba-inc 1c:aa:07:b0:26:bf rssi=-79 cap [WPA-EAP-CCMP+TKIP][WPA2-EAP-CCMP-preauth][ESS] is not scored

E/WifiConfigStore(  967): updateSavedNetworkHistory(): try "alibaba-inc"WPA_EAP SSID="alibaba-inc" alibaba-inc [WPA-EAP-CCMP+TKIP][WPA2-EAP-CCMP-preauth][ESS] ajst=0

E/WifiConfigStore(  967): updateSavedNetworkHistory: HTC improve mode

E/WifiConfigStore(  967):         got known scan result 1c:aa:07:b0:26:bf key : "alibaba-inc"WPA_EAP num: 27 rssi=-79 freq=5745

E/WifiAutoJoinController (  967): alibaba-inc 1c:aa:07:f5:a1:0f rssi=-74 cap [WPA-EAP-CCMP+TKIP][WPA2-EAP-CCMP-preauth][ESS] is not scored

E/WifiConfigStore(  967): updateSavedNetworkHistory(): try "alibaba-inc"WPA_EAP SSID="alibaba-inc" alibaba-inc [WPA-EAP-CCMP+TKIP][WPA2-EAP-CCMP-preauth][ESS] ajst=0

E/WifiConfigStore(  967): updateSavedNetworkHistory: HTC improve mode

E/WifiConfigStore(  967):         got known scan result 1c:aa:07:f5:a1:0f key : "alibaba-inc"WPA_EAP num: 27 rssi=-74 freq=5825

E/WifiAutoJoinController (  967): CMCC-WEB 38:22:d6:4d:ea:50 rssi=-63 cap [ESS] is not scored

E/WifiAutoJoinController (  967): alilang-setup 1c:aa:07:f5:96:bd rssi=-55 cap [ESS] is not scored

E/WifiAutoJoinController (  967): alibaba-guest 1c:aa:07:f5:96:be rssi=-55 cap [ESS] is not scored

E/WifiAutoJoinController (  967): alilang-setup 1c:aa:07:b0:26:bd rssi=-78 cap [ESS] is not scored

E/WifiAutoJoinController (  967): alibaba-guest 1c:aa:07:b0:26:be rssi=-79 cap [ESS] is not scored

E/WifiAutoJoinController (  967): alilang-setup 1c:aa:07:f5:a1:0d rssi=-73 cap [ESS] is not scored

E/WifiAutoJoinController (  967): alibaba-guest 1c:aa:07:f5:a1:0e rssi=-73 cap [ESS] is not scored

E/WifiAutoJoinController (  967): CMCC-WEB 38:22:d6:4d:2d:b0 rssi=-84 cap [ESS] is not scored

E/WifiAutoJoinController (  967): CMCC-WEB 38:22:d6:4f:8a:00 rssi=-80 cap [ESS] is not scored

E/WifiAutoJoinController (  967): alilang-setup 1c:aa:07:f5:9b:ed rssi=-85 cap [ESS] is not scored

E/WifiAutoJoinController (  967): alilang-setup c0:7b:bc:36:f9:ad rssi=-85 cap [ESS] is not scored

E/WifiAutoJoinController (  967): alibaba-guest c0:7b:bc:36:f9:ae rssi=-84 cap [ESS] is not scored

E/WifiAutoJoinController (  967): alibaba-inc 1c:aa:07:f5:9b:ef rssi=-85 cap [WPA-EAP-CCMP+TKIP][WPA2-EAP-CCMP-preauth][ESS] is not scored

E/WifiConfigStore(  967): updateSavedNetworkHistory(): try "alibaba-inc"WPA_EAP SSID="alibaba-inc" alibaba-inc [WPA-EAP-CCMP+TKIP][WPA2-EAP-CCMP-preauth][ESS] ajst=0

E/WifiConfigStore(  967): updateSavedNetworkHistory: HTC improve mode

E/WifiConfigStore(  967):         got known scan result 1c:aa:07:f5:9b:ef key : "alibaba-inc"WPA_EAP num: 27 rssi=-85 freq=5765

E/WifiAutoJoinController (  967): alibaba-guest 1c:aa:07:f5:9b:ee rssi=-85 cap [ESS] is not scored

E/WifiAutoJoinController (  967): alipay-pre 1c:aa:07:c6:de:33 rssi=-77 cap [WPA-EAP-CCMP+TKIP][WPA2-EAP-CCMP-preauth][ESS] is not scored

E/WifiAutoJoinController (  967): alibaba-test 1c:aa:07:c6:de:34 rssi=-79 cap [WPA-PSK-CCMP+TKIP][WPA2-PSK-CCMP-preauth][ESS] is not scored

E/WifiAutoJoinController (  967): alibaba-inc 1c:aa:07:c6:de:30 rssi=-82 cap [WPA-EAP-CCMP+TKIP][WPA2-EAP-CCMP-preauth][ESS] is not scored

E/WifiConfigStore(  967): updateSavedNetworkHistory(): try "alibaba-inc"WPA_EAP SSID="alibaba-inc" alibaba-inc [WPA-EAP-CCMP+TKIP][WPA2-EAP-CCMP-preauth][ESS] ajst=0

E/WifiConfigStore(  967): updateSavedNetworkHistory: HTC improve mode

E/WifiConfigStore(  967):         got known scan result 1c:aa:07:c6:de:30 key : "alibaba-inc"WPA_EAP num: 27 rssi=-82 freq=2447

E/WifiAutoJoinController (  967): alibaba-inc c0:7b:bc:36:f9:af rssi=-85 cap [WPA-EAP-CCMP+TKIP][WPA2-EAP-CCMP-preauth][ESS] is not scored

E/WifiConfigStore(  967): updateSavedNetworkHistory(): try "alibaba-inc"WPA_EAP SSID="alibaba-inc" alibaba-inc [WPA-EAP-CCMP+TKIP][WPA2-EAP-CCMP-preauth][ESS] ajst=0

E/WifiConfigStore(  967): updateSavedNetworkHistory: HTC improve mode

E/WifiConfigStore(  967):         got known scan result c0:7b:bc:36:f9:af key : "alibaba-inc"WPA_EAP num: 27 rssi=-85 freq=5785

E/WifiAutoJoinController (  967): alilang-setup 1c:aa:07:f5:96:b2 rssi=-52 cap [ESS] is not scored

E/WifiAutoJoinController (  967): alilang-setup 1c:aa:07:c6:de:32 rssi=-81 cap [ESS] is not scored

E/WifiAutoJoinController (  967): alibaba-guest 1c:aa:07:b0:26:b1 rssi=-72 cap [ESS] is not scored

E/WifiAutoJoinController (  967): alibaba-guest 1c:aa:07:c6:de:31 rssi=-73 cap [ESS] is not scored

E/WifiAutoJoinController (  967): FREECOMM d8:42:ac:05:3c:c8 rssi=-87 cap [WPA-PSK-TKIP][ESS] is not scored

E/WifiAutoJoinController (  967): alilang-setup 1c:aa:07:b0:26:b2 rssi=-72 cap [ESS] is not scored

E/WifiAutoJoinController (  967): alibaba-guest fc:5b:39:09:96:61 rssi=-80 cap [ESS] is not scored

E/WifiAutoJoinController (  967): alibaba-guest c0:7b:bc:36:f9:a1 rssi=-82 cap [ESS] is not scored

E/WifiAutoJoinController (  967): alibaba-guest 1c:aa:07:f5:9b:e1 rssi=-87 cap [ESS] is not scored

E/WifiAutoJoinController (  967): alibaba-inc fc:5b:39:09:96:60 rssi=-82 cap [WPA-EAP-CCMP+TKIP][WPA2-EAP-CCMP-preauth][ESS] is not scored

E/WifiConfigStore(  967): updateSavedNetworkHistory(): try "alibaba-inc"WPA_EAP SSID="alibaba-inc" alibaba-inc [WPA-EAP-CCMP+TKIP][WPA2-EAP-CCMP-preauth][ESS] ajst=0

E/WifiConfigStore(  967): updateSavedNetworkHistory: HTC improve mode

E/WifiConfigStore(  967):         got known scan result fc:5b:39:09:96:60 key : "alibaba-inc"WPA_EAP num: 27 rssi=-82 freq=2472

E/WifiAutoJoinController (  967): alibaba-inc 1c:aa:07:f5:9b:e0 rssi=-86 cap [WPA-EAP-CCMP+TKIP][WPA2-EAP-CCMP-preauth][ESS] is not scored

E/WifiConfigStore(  967): updateSavedNetworkHistory(): try "alibaba-inc"WPA_EAP SSID="alibaba-inc" alibaba-inc [WPA-EAP-CCMP+TKIP][WPA2-EAP-CCMP-preauth][ESS] ajst=0

E/WifiConfigStore(  967): updateSavedNetworkHistory: HTC improve mode

E/WifiConfigStore(  967):         got known scan result 1c:aa:07:f5:9b:e0 key : "alibaba-inc"WPA_EAP num: 27 rssi=-86 freq=2447

E/WifiAutoJoinController (  967): alibaba-inc d0:c2:82:85:64:70 rssi=-89 cap [WPA-EAP-CCMP+TKIP][WPA2-EAP-CCMP-preauth][ESS] is not scored

E/WifiConfigStore(  967): updateSavedNetworkHistory(): try "alibaba-inc"WPA_EAP SSID="alibaba-inc" alibaba-inc [WPA-EAP-CCMP+TKIP][WPA2-EAP-CCMP-preauth][ESS] ajst=0

E/WifiConfigStore(  967): updateSavedNetworkHistory: HTC improve mode

E/WifiConfigStore(  967):         got known scan result d0:c2:82:85:64:70 key : "alibaba-inc"WPA_EAP num: 27 rssi=-89 freq=2447

E/WifiAutoJoinController (  967): alibaba-guest 1c:aa:07:f5:96:b1 rssi=-55 cap [ESS] is not scored

E/WifiAutoJoinController (  967): alilang-setup 1c:aa:07:f5:a1:02 rssi=-69 cap [ESS] is not scored

E/WifiAutoJoinController (  967): alibaba-test 84:b2:61:be:4c:00 rssi=-53 cap [WPA-PSK-CCMP+TKIP][WPA2-PSK-CCMP-preauth][ESS] is not scored

E/WifiAutoJoinController (  967): alipay-pre d0:c2:82:85:64:73 rssi=-87 cap [WPA-EAP-CCMP+TKIP][WPA2-EAP-CCMP-preauth][ESS] is not scored

E/WifiAutoJoinController (  967): alibaba-inc 1c:aa:07:f5:96:b0 rssi=-52 cap [WPA-EAP-CCMP+TKIP][WPA2-EAP-CCMP-preauth][ESS] is not scored

E/WifiConfigStore(  967): updateSavedNetworkHistory(): try "alibaba-inc"WPA_EAP SSID="alibaba-inc" alibaba-inc [WPA-EAP-CCMP+TKIP][WPA2-EAP-CCMP-preauth][ESS] ajst=0

E/WifiConfigStore(  967): updateSavedNetworkHistory: HTC improve mode

E/WifiConfigStore(  967):         got known scan result 1c:aa:07:f5:96:b0 key : "alibaba-inc"WPA_EAP num: 27 rssi=-52 freq=2422

E/WifiAutoJoinController (  967): alibaba-inc 1c:aa:07:f5:a1:00 rssi=-69 cap [WPA-EAP-CCMP+TKIP][WPA2-EAP-CCMP-preauth][ESS] is not scored

E/WifiConfigStore(  967): updateSavedNetworkHistory(): try "alibaba-inc"WPA_EAP SSID="alibaba-inc" alibaba-inc [WPA-EAP-CCMP+TKIP][WPA2-EAP-CCMP-preauth][ESS] ajst=0

E/WifiConfigStore(  967): updateSavedNetworkHistory: HTC improve mode

E/WifiConfigStore(  967):         got known scan result 1c:aa:07:f5:a1:00 key : "alibaba-inc"WPA_EAP num: 27 rssi=-69 freq=2472

E/WifiAutoJoinController (  967): alibaba-inc 1c:aa:07:b0:26:b0 rssi=-75 cap [WPA-EAP-CCMP+TKIP][WPA2-EAP-CCMP-preauth][ESS] is not scored

E/WifiConfigStore(  967): updateSavedNetworkHistory(): try "alibaba-inc"WPA_EAP SSID="alibaba-inc" alibaba-inc [WPA-EAP-CCMP+TKIP][WPA2-EAP-CCMP-preauth][ESS] ajst=0

E/WifiConfigStore(  967): updateSavedNetworkHistory: HTC improve mode

E/WifiConfigStore(  967):         got known scan result 1c:aa:07:b0:26:b0 key : "alibaba-inc"WPA_EAP num: 27 rssi=-75 freq=2422

E/WifiAutoJoinController (  967): alibaba-inc d0:c2:82:7e:e5:9f rssi=-85 cap [WPA-EAP-CCMP+TKIP][WPA2-EAP-CCMP-preauth][ESS] is not scored

E/WifiConfigStore(  967): updateSavedNetworkHistory(): try "alibaba-inc"WPA_EAP SSID="alibaba-inc" alibaba-inc [WPA-EAP-CCMP+TKIP][WPA2-EAP-CCMP-preauth][ESS] ajst=0

E/WifiConfigStore(  967): updateSavedNetworkHistory: HTC improve mode

E/WifiConfigStore(  967):         got known scan result d0:c2:82:7e:e5:9f key : "alibaba-inc"WPA_EAP num: 27 rssi=-85 freq=5805

E/WifiAutoJoinController (  967): alilang-setup d0:c2:82:7e:e5:9d rssi=-85 cap [ESS] is not scored

E/WifiAutoJoinController (  967): alibaba-guest d0:c2:82:7e:e5:9e rssi=-85 cap [ESS] is not scored

E/WifiAutoJoinController (  967): ageScanResultsOut delay 40000 size 50 now 1450259286319

E/WifiAutoJoinController (  967): newSupplicantResults size=45 known=13 true

W/WifiHW  (  967): QCOM Debug wifi_send_command "IFNAME=wlan0 STATUS-NO_EVENTS"

D/wpa_supplicant( 8936): wlan0: Control interface command 'STATUS-NO_EVENTS'

E/WifiAutoJoinController (  967): attemptAutoJoin() status=bssid=1c:aa:07:f5:96:bf

E/WifiAutoJoinController (  967): ssid=alibaba-inc

E/WifiAutoJoinController (  967): id=2

E/WifiAutoJoinController (  967): mode=station

E/WifiAutoJoinController (  967): pairwise_cipher=CCMP

E/WifiAutoJoinController (  967): group_cipher=TKIP

E/WifiAutoJoinController (  967): key_mgmt=WPA2/IEEE 802.1X/EAP

E/WifiAutoJoinController (  967): wpa_state=COMPLETED

E/WifiAutoJoinController (  967): ip_address=10.15.84.16

E/WifiAutoJoinController (  967): p2p_device_address=86:7a:88:7d:0f:a3

E/WifiAutoJoinController (  967): address=XX:XX:XX:XX:XX:XX

E/WifiAutoJoinController (  967): Supplicant PAE state=AUTHENTICATED

E/WifiAutoJoinController (  967): suppPortStatus=Authorized

E/WifiAutoJoinController (  967): EAP state=SUCCESS

E/WifiAutoJoinController (  967): selectedMethod=13 (EAP-TLS)

E/WifiAutoJoinController (  967): uuid=12345678-9abc-def0-1234-56789abcdef1 split=16

E/WifiAutoJoinController (  967): attemptAutoJoin() num recent config 1 current="alibaba-inc"WPA_EAP ---> suppNetId=2

E/WifiAutoJoinController (  967): attemptAutoJoin good candidate seen, bumped hard -> status=0 "alibaba-inc"WPA_EAP rssi=(-52,-51) num=(18,9)

E/WifiAutoJoinController (  967): attemptAutoJoin skip current candidate  2 key "alibaba-inc"WPA_EAP

E/WifiAutoJoinController (  967): attemptRoam scan cache size 27 --> bail

D/HtcWifiControlRoamOffload: (  967): roamCandidate: nullcurrentBSSID: 1c:aa:07:f5:96:bf

E/WifiStateMachine(  967): WiFiDisplay: getWifidisplayApEnabled=false

E/WifiAutoJoinController (  967): Done attemptAutoJoin status=0

E/WifiConfigStore(  967):  writeKnownNetworkHistory() num networks:7 needWrite=false

D/WirelessDisplayService(  967): getDiscoveryDongleList

D/WifiManager(16648): getScanResults: Base Package Name=com.eg.android.AlipayGphone, uid=10324

D/WifiManager(19183): getScanResults: Base Package Name=com.qiyi.video, uid=10005

E/WifiStateMachine(  967): handleMessage: X

D/WifiManager( 2896): getScanResults: Base Package Name=android.htc.china.location.service, uid=10009

I/WifiMonitor(23907): mWifiReceiver SCAN_RESULTS_AVAILABLE_ACTION

D/WifiManager(23907): getScanResults: Base Package Name=com.sohu.inputmethod.sogou, uid=10172

D/WifiManager( 2896): getScanResults: Base Package Name=android.htc.china.location.service, uid=10009

I/nativeProcess(18972): iqiyi message: create--runOnSubprocess isProcessExist true

I/nativeProcess(18972): iqiyi message: ==== do something  executeCmd isProcessExist true =====

I/art     (30091): Explicit concurrent mark sweep GC freed 14689(697KB) AllocSpace objects, 2(32KB) LOS objects, 86% free, 662KB/4MB, paused 1.190ms total 68.609ms

I/nativeProcess(18972): iqiyi message: create--runOnSubprocess isProcessExist true

I/nativeProcess(18972): iqiyi message: ==== do something  executeCmd isProcessExist true =====

D/FyzbDownloadService(17801): clean download tasks, list size: 0

W/ActivityManager(  967): getTasks: caller 10157 does not hold GET_TASKS; limiting output

I/art     (  967): Explicit concurrent mark sweep GC freed 32341(1730KB) AllocSpace objects, 1(16KB) LOS objects, 31% free, 34MB/50MB, paused 1.617ms total 219.899ms

D/PMS     (  967): acquireWL(2ebb38ba): PARTIAL_WAKE_LOCK  encrypted_tag 0x1 19658 10145 null

D/PMS     (  967): releaseWL(2ebb38ba): PARTIAL_WAKE_LOCK  encrypted_tag 0x1 null

D/PMS     (  967): acquireWL(adc036b): PARTIAL_WAKE_LOCK  encrypted_tag 0x1 19658 10145 null

D/PMS     (  967): releaseWL(adc036b): PARTIAL_WAKE_LOCK  encrypted_tag 0x1 null

D/PMS     (  967): acquireWL(387a3ec8): PARTIAL_WAKE_LOCK  encrypted_tag 0x1 19658 10145 null

D/PMS     (  967): releaseWL(387a3ec8): PARTIAL_WAKE_LOCK  encrypted_tag 0x1 null

D/PMS     (  967): acquireWL(21dddb61): PARTIAL_WAKE_LOCK  encrypted_tag 0x1 19658 10145 null

D/PMS     (  967): releaseWL(21dddb61): PARTIAL_WAKE_LOCK  encrypted_tag 0x1 null

D/PMS     (  967): acquireWL(12542686): PARTIAL_WAKE_LOCK  encrypted_tag 0x1 19658 10145 null

D/WifiManager(19658): getScanResults: Base Package Name=com.yiwang, uid=10145

D/PMS     (  967): releaseWL(12542686): PARTIAL_WAKE_LOCK  encrypted_tag 0x1 null

D/PMS     (  967): acquireWL(3356b47): PARTIAL_WAKE_LOCK  encrypted_tag 0x1 19658 10145 null

D/PMS     (  967): releaseWL(3356b47): PARTIAL_WAKE_LOCK  encrypted_tag 0x1 null

D/LocationManagerService(  967): getLastLocation: Request[POWER_LOW network requested=0 fastest=0 num=1]

I/art     ( 4306): Explicit concurrent mark sweep GC freed 47583(3MB) AllocSpace objects, 2(1714KB) LOS objects, 39% free, 6MB/11MB, paused 1.342ms total 111.124ms

I/Metrics:BatchTransmitte(20095): QueuePusher.sendBatches - Drained batch queue.; Number of HIGH queue batches sent: 0

D/PMS     (  967): acquireWL(24587f74): PARTIAL_WAKE_LOCK  *alarm* 0x1 967 1000 WorkSource{10143}

V/AlarmManager(  967): sending alarm PendingIntent{383bcc9d: PendingIntentRecord{32e5eea com.hunantv.imgo.activity broadcastIntent}}, i=AlarmTaskSchedule.com.hunantv.imgo.activity, t=0, cnt=1, w=1450259297221, Int=0

D/PMS     (  967): releaseWL(24587f74): PARTIAL_WAKE_LOCK  *alarm* 0x1 WorkSource{10143}

D/PMS     (  967): acquireWL(83c2512): PARTIAL_WAKE_LOCK  encrypted_tag 0x1 20076 10143 null

D/PMS     (  967): releaseWL(83c2512): PARTIAL_WAKE_LOCK  encrypted_tag 0x1 null

D/PMS     (  967): acquireWL(12d374e3): PARTIAL_WAKE_LOCK  encrypted_tag 0x1 20076 10143 null

D/PMS     (  967): releaseWL(12d374e3): PARTIAL_WAKE_LOCK  encrypted_tag 0x1 null

D/PMS     (  967): acquireWL(3c381ee0): PARTIAL_WAKE_LOCK  encrypted_tag 0x1 20076 10143 null

D/PMS     (  967): releaseWL(3c381ee0): PARTIAL_WAKE_LOCK  encrypted_tag 0x1 null

D/PMS     (  967): acquireWL(3e8d9599): PARTIAL_WAKE_LOCK  encrypted_tag 0x1 20076 10143 null

D/PMS     (  967): releaseWL(3e8d9599): PARTIAL_WAKE_LOCK  encrypted_tag 0x1 null

D/PMS     (  967): acquireWL(1333805e): PARTIAL_WAKE_LOCK  encrypted_tag 0x1 20076 10143 null

D/PMS     (  967): releaseWL(1333805e): PARTIAL_WAKE_LOCK  encrypted_tag 0x1 null

D/PMS     (  967): acquireWL(4be7c3f): PARTIAL_WAKE_LOCK  encrypted_tag 0x1 20076 10143 null

D/PMS     (  967): releaseWL(4be7c3f): PARTIAL_WAKE_LOCK  encrypted_tag 0x1 null

D/Process (  967): killProcessQuiet, pid=23622

D/Process (  967): com.android.server.am.ProcessRecord.kill:573 com.android.server.am.ActivityManagerService.updateOomAdjLocked:18850 com.android.server.am.ActivityManagerService.updateOomAdjLocked:18693 

I/ActivityManager(  967): Killing 23622:com.android.settings/1000 (adj 15): empty #17

I/ActivityManager(  967): Recipient 23622

D/libc    (20076): [NET] android_getaddrinfofornet+,hn 25(0x73646b2e6f7065),sn(),hints(known),family 0,flags 4

D/libc    (20076): [NET] android_getaddrinfofornet-, err=8

D/libc    (20076): [NET] android_getaddrinfofornet+,hn 25(0x73646b2e6f7065),sn(),hints(known),family 0,flags 1024

D/libc    (20076): [NET] android_getaddrinfofornet-, pass to proxy

D/libc    (20076): [NET] android_getaddrinfo_proxy+

D/libc    (20076): [NET] android_getaddrinfo_proxy get netid:0

D/libc    (  291): [NET] android_getaddrinfofornet+,hn 25(0x73646b2e6f7065),sn(),hints(known),family 0,flags 1024

D/libc    (  291): [NET] _dns_getaddrinfo+, netid:287, mark:917791

D/libc    (  291): [NET] _dns_getaddrinfo-, (NS_SUCCESS)

D/libc    (  291): [NET] android_getaddrinfofornet-, SUCCESS

D/libc    (20076): [NET] android_getaddrinfo_proxy-, success

D/libc    (20076): [NET] android_getaddrinfofornet+,hn 14(0x3138332e313239),sn(),hints(known),family 0,flags 4

D/libc    (20076): [NET] android_getaddrinfofornet-, SUCCESS

I/nativeProcess(18972): iqiyi message: create--runOnSubprocess isProcessExist true

I/nativeProcess(18972): iqiyi message: ==== do something  executeCmd isProcessExist true =====

D/WifiManager(20076): getScanResults: Base Package Name=com.hunantv.imgo.activity, uid=10143

D/libc    (20076): [NET] android_getaddrinfofornet+,hn 25(0x73646b2e6f7065),sn(),hints(known),family 0,flags 4

D/libc    (20076): [NET] android_getaddrinfofornet-, err=8

D/libc    (20076): [NET] android_getaddrinfofornet+,hn 14(0x3138332e313239),sn(),hints(known),family 0,flags 4

D/libc    (20076): [NET] android_getaddrinfofornet-, SUCCESS

D/LocationManagerService(  967): getLastLocation: Request[POWER_LOW network requested=0 fastest=0 num=1]

I/art     (15467): Explicit concurrent mark sweep GC freed 5727(246KB) AllocSpace objects, 0(0B) LOS objects, 71% free, 1663KB/5MB, paused 1.342ms total 70.135ms

I/nativeProcess(18972): iqiyi message: create--runOnSubprocess isProcessExist true

I/nativeProcess(18972): iqiyi message: ==== do something  executeCmd isProcessExist true =====

D/libc    (18875): [NET] android_getaddrinfofornet+,hn 13(0x707573682e6163),sn(),hints(known),family 0,flags 4

I/art     (30460): Explicit concurrent mark sweep GC freed 22224(1941KB) AllocSpace objects, 73(1341KB) LOS objects, 55% free, 3MB/7MB, paused 1.739ms total 138.989ms

D/libc    (18875): [NET] android_getaddrinfofornet-, err=8

D/libc    (18875): [NET] android_getaddrinfofornet+,hn 13(0x707573682e6163),sn(),hints(known),family 0,flags 1024

D/libc    (18875): [NET] android_getaddrinfofornet-, pass to proxy

D/libc    (18875): [NET] android_getaddrinfo_proxy+

D/libc    (18875): [NET] android_getaddrinfo_proxy get netid:0

D/libc    (  291): [NET] android_getaddrinfofornet+,hn 13(0x707573682e6163),sn(),hints(known),family 0,flags 1024

D/libc    (  291): [NET] _dns_getaddrinfo+, netid:287, mark:917791

D/libc    (  291): [NET] _dns_getaddrinfo-, (NS_SUCCESS)

D/libc    (  291): [NET] android_getaddrinfofornet-, SUCCESS

D/libc    (18875): [NET] android_getaddrinfo_proxy-, success

E/WifiStateMachine(  967): handleMessage: E msg.what=131156

E/WifiStateMachine(  967): processMsg: ConnectedState

E/WifiStateMachine(  967):  ConnectedState CMD_START_PACKET_FILTERING 0 0

E/WifiStateMachine(  967): processMsg: L2ConnectedState

E/WifiStateMachine(  967):  L2ConnectedState CMD_START_PACKET_FILTERING 0 0

E/WifiStateMachine(  967): processMsg: ConnectModeState

E/WifiStateMachine(  967):  ConnectModeState CMD_START_PACKET_FILTERING 0 0

E/WifiStateMachine(  967): processMsg: DriverStartedState

E/WifiStateMachine(  967):  DriverStartedState CMD_START_PACKET_FILTERING 0 0

W/WifiHW  (  967): QCOM Debug wifi_send_command "IFNAME=wlan0 DRIVER RXFILTER-STOP"

D/wpa_supplicant( 8936): wlan0: Control interface command 'DRIVER RXFILTER-STOP'

D/wpa_supplicant( 8936): wpa_driver_nl80211_driver_cmd RXFILTER-STOP len = 0, 8192

W/WifiHW  (  967): QCOM Debug wifi_send_command "IFNAME=wlan0 DRIVER RXFILTER-REMOVE 2"

D/wpa_supplicant( 8936): wlan0: Control interface command 'DRIVER RXFILTER-REMOVE 2'

D/wpa_supplicant( 8936): wpa_driver_nl80211_driver_cmd RXFILTER-REMOVE 2 len = 0, 8192

D/WifiService(  967): releaseMulticastLock pid=18875, uid=10128

D/WifiService(  967): removeMulticasterLocked

W/WifiHW  (  967): QCOM Debug wifi_send_command "IFNAME=wlan0 DRIVER RXFILTER-START"

D/wpa_supplicant( 8936): wlan0: Control interface command 'DRIVER RXFILTER-START'

D/wpa_supplicant( 8936): wpa_driver_nl80211_driver_cmd RXFILTER-START len = 0, 8192

E/WifiStateMachine(  967): handleMessage: X

E/WifiStateMachine(  967): handleMessage: E msg.what=131157

E/WifiStateMachine(  967): processMsg: ConnectedState

E/WifiStateMachine(  967):  ConnectedState CMD_STOP_PACKET_FILTERING 0 0

E/WifiStateMachine(  967): processMsg: L2ConnectedState

E/WifiStateMachine(  967):  L2ConnectedState CMD_STOP_PACKET_FILTERING 0 0

E/WifiStateMachine(  967): processMsg: ConnectModeState

E/WifiStateMachine(  967):  ConnectModeState CMD_STOP_PACKET_FILTERING 0 0

E/WifiStateMachine(  967): processMsg: DriverStartedState

E/WifiStateMachine(  967):  DriverStartedState CMD_STOP_PACKET_FILTERING 0 0

W/WifiHW  (  967): QCOM Debug wifi_send_command "IFNAME=wlan0 DRIVER RXFILTER-STOP"

D/wpa_supplicant( 8936): wlan0: Control interface command 'DRIVER RXFILTER-STOP'

D/wpa_supplicant( 8936): wpa_driver_nl80211_driver_cmd RXFILTER-STOP len = 0, 8192

W/WifiHW  (  967): QCOM Debug wifi_send_command "IFNAME=wlan0 DRIVER RXFILTER-ADD 2"

D/wpa_supplicant( 8936): wlan0: Control interface command 'DRIVER RXFILTER-ADD 2'

D/wpa_supplicant( 8936): wpa_driver_nl80211_driver_cmd RXFILTER-ADD 2 len = 0, 8192

W/WifiHW  (  967): QCOM Debug wifi_send_command "IFNAME=wlan0 DRIVER RXFILTER-START"

D/wpa_supplicant( 8936): wlan0: Control interface command 'DRIVER RXFILTER-START'

D/wpa_supplicant( 8936): wpa_driver_nl80211_driver_cmd RXFILTER-START len = 0, 8192

E/WifiStateMachine(  967): handleMessage: X

D/WifiService(  967): acquireMulticastLock pid=18875, uid=10128

I/nativeProcess(18972): iqiyi message: create--runOnSubprocess isProcessExist true

I/nativeProcess(18972): iqiyi message: ==== do something  executeCmd isProcessExist true =====

D/FyzbDownloadService(17801): clean download tasks, list size: 0

D/PMS     (  967): acquireWL(26b0490c): PARTIAL_WAKE_LOCK  *alarm* 0x1 967 1000 WorkSource{10311}

V/AlarmManager(  967): sending alarm PendingIntent{3a98f255: PendingIntentRecord{72b221e com.tongbanjie.android broadcastIntent}}, i=AlarmTaskSchedule.com.tongbanjie.android, t=0, cnt=1, w=1450259309787, Int=0

D/PMS     (  967): releaseWL(26b0490c): PARTIAL_WAKE_LOCK  *alarm* 0x1 WorkSource{10311}

D/HOTCHAT (19144): [HC][PING]  Current state: STATE:INIT

D/AutoSetting( 3039): service - handleMessage() stop self

D/AutoSetting( 3039): service - onDestroy() END

D/AutoSetting( 3039): service - handleMessage() quit looper

I/nativeProcess(18972): iqiyi message: create--runOnSubprocess isProcessExist true

I/nativeProcess(18972): iqiyi message: ==== do something  executeCmd isProcessExist true =====

I/art     (16648): Explicit concurrent mark sweep GC freed 151091(8MB) AllocSpace objects, 88(2MB) LOS objects, 29% free, 39MB/55MB, paused 2.289ms total 272.363ms

I/nativeProcess(18972): iqiyi message: create--runOnSubprocess isProcessExist true

I/nativeProcess(18972): iqiyi message: ==== do something  executeCmd isProcessExist true =====

I/art     (21400): Explicit concurrent mark sweep GC freed 387(18KB) AllocSpace objects, 1(900KB) LOS objects, 24% free, 8MB/11MB, paused 488us total 79.261ms

I/libpush (22559): TimerRetry {3abab5ee}: run(): Try register on timer ticks.

I/libpush (22559): PnsModel {2a6ab08c}: register(): Registration caused by: TimerRetry$RetryRegistrationTask

I/PackageManager(  967):  setEnabledSetting(), pkgName=com.htc.zero, clsName=com.baidu.android.pushservice.PushService, state=2, flag=1, pid=22559, uid=10053, userID:0

