D/QMI_FW  (  967): QCCI: QMI_CCI_TX: cntl_flag - 00, txn_id - 13bb, msg_id - 0039, msg_len - 0021

D/QMI_FW  (  967): QCCI: QMUXD: xport_send[1 -> 16]: 40 bytes on conn_id=9

D/PMS     (  967): releaseWL(b5a1086): PARTIAL_WAKE_LOCK  LocationManagerService 0x1 WorkSource{1000 android}

D/PMS     (  967): releaseWL(2a897974): PARTIAL_WAKE_LOCK  LocationManagerService 0x1 WorkSource{10056 com.htc.sense.hsp}

D/QMI_FW  (  967): QCCI: QMUXD: xport_rx[1 <- 16]: 25 bytes on conn_id: 9

D/QMI_FW  (  967): QCCI: QMI_CCI_RX: cntl_flag - 04, txn_id - 0000, msg_id - 0024, msg_len - 0012

D/PMS     (  967): acquireWL(3d0c36e3): PARTIAL_WAKE_LOCK  *alarm* 0x1 967 1000 WorkSource{10018}

V/AlarmManager(  967): sending alarm PendingIntent{d7eb8e0: PendingIntentRecord{3be15c8c me.ele broadcastIntent}}, i=AlarmTaskSchedule.me.ele, t=0, cnt=1, w=1450259102300, Int=0

D/PMS     (  967): releaseWL(3d0c36e3): PARTIAL_WAKE_LOCK  *alarm* 0x1 WorkSource{10018}

D/QMI_FW  (  967): QCCI: QMUXD: xport_rx[1 <- 16]: 14 bytes on conn_id: 9

D/QMI_FW  (  967): QCCI: QMI_CCI_RX: cntl_flag - 02, txn_id - 13bb, msg_id - 0039, msg_len - 0007

D/QMI_FW  (  967): QCCI: QMUXD: xport_rx[1 <- 16]: 14 bytes on conn_id: 9

D/QMI_FW  (  967): QCCI: QMI_CCI_RX: cntl_flag - 04, txn_id - 0000, msg_id - 0039, msg_len - 0007

D/WifiDisplayAdapter(  967): getWifiDisplayStatusLocked: result=WifiDisplayStatus{featureState=3, scanState=0, activeDisplayState=0, activeDisplay=null, displays=[], sessionInfo=WifiDisplaySessionInfo:

D/WifiDisplayAdapter(  967):     Client/Owner: Client

D/WifiDisplayAdapter(  967):     GroupId: 

D/WifiDisplayAdapter(  967):     Passphrase: 

D/WifiDisplayAdapter(  967):     SessionId: 0

D/WifiDisplayAdapter(  967):     IP Address: }

D/PMS     (  967): releaseWL(23423e9d): PARTIAL_WAKE_LOCK  LocationManagerService 0x1 WorkSource{10172 com.sohu.inputmethod.sogou}

D/PMS     (  967): releaseWL(3cb6af12): PARTIAL_WAKE_LOCK  LocationManagerService 0x1 WorkSource{10172 com.sohu.inputmethod.sogou}

W/ActivityManager(  967): getTasks: caller 10158 does not hold GET_TASKS; limiting output

D/PMS     (  967): acquireWL(365f30d1): PARTIAL_WAKE_LOCK  GpsLocationProvider 0x1 967 1000 null

D/WifiDisplayAdapter(  967): getWifiDisplayStatusLocked: result=WifiDisplayStatus{featureState=3, scanState=0, activeDisplayState=0, activeDisplay=null, displays=[], sessionInfo=WifiDisplaySessionInfo:

D/WifiDisplayAdapter(  967):     Client/Owner: Client

D/WifiDisplayAdapter(  967):     GroupId: 

D/WifiDisplayAdapter(  967):     Passphrase: 

D/WifiDisplayAdapter(  967):     SessionId: 0

D/WifiDisplayAdapter(  967):     IP Address: }

D/QMI_FW  (  967): QCCI: QMI_CCI_TX: cntl_flag - 00, txn_id - 13bc, msg_id - 004a, msg_len - 0007

D/QMI_FW  (  967): QCCI: QMUXD: xport_send[1 -> 16]: 14 bytes on conn_id=9

D/PMS     (  967): releaseWL(365f30d1): PARTIAL_WAKE_LOCK  GpsLocationProvider 0x1 null

D/QMI_FW  (  967): QCCI: QMUXD: xport_rx[1 <- 16]: 14 bytes on conn_id: 9

D/QMI_FW  (  967): QCCI: QMI_CCI_RX: cntl_flag - 02, txn_id - 13bc, msg_id - 004a, msg_len - 0007

D/QMI_FW  (  967): QCCI: QMUXD: xport_rx[1 <- 16]: 14 bytes on conn_id: 9

D/QMI_FW  (  967): QCCI: QMI_CCI_RX: cntl_flag - 04, txn_id - 0000, msg_id - 004a, msg_len - 0007

D/QMI_FW  (  967): QCCI: QMI_CCI_TX: cntl_flag - 00, txn_id - 13bd, msg_id - 0022, msg_len - 0019

D/QMI_FW  (  967): QCCI: QMUXD: xport_send[1 -> 16]: 32 bytes on conn_id=9

D/WifiDisplayAdapter(  967): getWifiDisplayStatusLocked: result=WifiDisplayStatus{featureState=3, scanState=0, activeDisplayState=0, activeDisplay=null, displays=[], sessionInfo=WifiDisplaySessionInfo:

D/WifiDisplayAdapter(  967):     Client/Owner: Client

D/WifiDisplayAdapter(  967):     GroupId: 

D/WifiDisplayAdapter(  967):     Passphrase: 

D/WifiDisplayAdapter(  967):     SessionId: 0

D/WifiDisplayAdapter(  967):     IP Address: }

D/QMI_FW  (  967): QCCI: QMUXD: xport_rx[1 <- 16]: 14 bytes on conn_id: 9

D/QMI_FW  (  967): QCCI: QMI_CCI_RX: cntl_flag - 02, txn_id - 13bd, msg_id - 0022, msg_len - 0007

D/PMS     (  967): acquireWL(1ed5090d): PARTIAL_WAKE_LOCK  LocationManagerService 0x1 967 1000 WorkSource{10092 com.dianping.v1}

D/PMS     (  967): releaseWL(1ed5090d): PARTIAL_WAKE_LOCK  LocationManagerService 0x1 WorkSource{10092 com.dianping.v1}

D/PMS     (  967): acquireWL(168500c2): PARTIAL_WAKE_LOCK  LocationManagerService 0x1 967 1000 WorkSource{1000 android}

D/PMS     (  967): acquireWL(34e89ed3): PARTIAL_WAKE_LOCK  LocationManagerService 0x1 967 1000 WorkSource{10009 android.htc.china.location.service}

D/PMS     (  967): acquireWL(11a21a10): PARTIAL_WAKE_LOCK  LocationManagerService 0x1 967 1000 WorkSource{10009 android.htc.china.location.service}

D/PMS     (  967): acquireWL(1e562909): PARTIAL_WAKE_LOCK  LocationManagerService 0x1 967 1000 WorkSource{10172 com.sohu.inputmethod.sogou}

D/PMS     (  967): acquireWL(3126670e): PARTIAL_WAKE_LOCK  LocationManagerService 0x1 967 1000 WorkSource{10172 com.sohu.inputmethod.sogou}

D/PMS     (  967): acquireWL(2394552f): PARTIAL_WAKE_LOCK  LocationManagerService 0x1 967 1000 WorkSource{10056 com.htc.sense.hsp}

D/PMS     (  967): releaseWL(34e89ed3): PARTIAL_WAKE_LOCK  LocationManagerService 0x1 WorkSource{10009 android.htc.china.location.service}

D/PMS     (  967): releaseWL(1e562909): PARTIAL_WAKE_LOCK  LocationManagerService 0x1 WorkSource{10172 com.sohu.inputmethod.sogou}

D/PMS     (  967): releaseWL(11a21a10): PARTIAL_WAKE_LOCK  LocationManagerService 0x1 WorkSource{10009 android.htc.china.location.service}

D/PMS     (  967): releaseWL(3126670e): PARTIAL_WAKE_LOCK  LocationManagerService 0x1 WorkSource{10172 com.sohu.inputmethod.sogou}

D/QMI_FW  (  967): QCCI: QMI_CCI_TX: cntl_flag - 00, txn_id - 13be, msg_id - 0039, msg_len - 0021

D/QMI_FW  (  967): QCCI: QMUXD: xport_send[1 -> 16]: 40 bytes on conn_id=9

D/PMS     (  967): releaseWL(168500c2): PARTIAL_WAKE_LOCK  LocationManagerService 0x1 WorkSource{1000 android}

D/PMS     (  967): releaseWL(2394552f): PARTIAL_WAKE_LOCK  LocationManagerService 0x1 WorkSource{10056 com.htc.sense.hsp}

D/QMI_FW  (  967): QCCI: QMUXD: xport_rx[1 <- 16]: 14 bytes on conn_id: 9

D/QMI_FW  (  967): QCCI: QMI_CCI_RX: cntl_flag - 02, txn_id - 13be, msg_id - 0039, msg_len - 0007

D/QMI_FW  (  967): QCCI: QMUXD: xport_rx[1 <- 16]: 14 bytes on conn_id: 9

D/QMI_FW  (  967): QCCI: QMI_CCI_RX: cntl_flag - 04, txn_id - 0000, msg_id - 0039, msg_len - 0007

D/QMI_FW  (  967): QCCI: QMUXD: xport_rx[1 <- 16]: 28 bytes on conn_id: 9

D/QMI_FW  (  967): QCCI: QMI_CCI_RX: cntl_flag - 04, txn_id - 0000, msg_id - 0031, msg_len - 0015

D/ConnectivityService(  967): isNetworkSignaturePermitted=true, action=0

D/ConnectivityService(  967): requestNetwork for NetworkRequest [ id=206, legacyType=3, [ Transports: CELLULAR Capabilities: SUPL&NOT_RESTRICTED&TRUSTED&NOT_VPN] ] called by uid/pid=1000/967

D/ConnectivityService(  967): handleRegisterNetworkRequest checking NetworkAgentInfo [WIFI () - 287]

D/ConnectivityService(  967): sending new NetworkRequest to factories

D/WifiService(  967): >>>>>>>>ACTION_ANY_DATA_CONNECTION_STATE_CHANGED<<<<<<<<iSlotNum=0 sReason=dataEnabled sApnType=supl

D/WifiService(  967): >>>>>>>>ACTION_ANY_DATA_CONNECTION_STATE_CHANGED<<<<<<<<iSlotNum=0 sReason=dataEnabled sApnType=httpproxy

D/WifiService(  967): >>>>>>>>ACTION_ANY_DATA_CONNECTION_STATE_CHANGED<<<<<<<<iSlotNum=0 sReason=dataEnabled sApnType=callernameid

I/ActivityManager(  967): Start proc com.htc.mobiledata for content provider com.htc.mobiledata/.MobileDataProvider: pid=24022 uid=10070 gids={50070, 9997, 3003} abi=armeabi-v7a

D/WifiService(  967): >>>>>>>>ACTION_ANY_DATA_CONNECTION_STATE_CHANGED<<<<<<<<iSlotNum=0 sReason=dataEnabled sApnType=verizon

D/WifiService(  967): >>>>>>>>ACTION_ANY_DATA_CONNECTION_STATE_CHANGED<<<<<<<<iSlotNum=0 sReason=dataEnabled sApnType=fota

D/WifiService(  967): >>>>>>>>ACTION_ANY_DATA_CONNECTION_STATE_CHANGED<<<<<<<<iSlotNum=0 sReason=dataEnabled sApnType=emergency

D/WifiService(  967): >>>>>>>>ACTION_ANY_DATA_CONNECTION_STATE_CHANGED<<<<<<<<iSlotNum=0 sReason=dataEnabled sApnType=verizon800

D/WifiService(  967): >>>>>>>>ACTION_ANY_DATA_CONNECTION_STATE_CHANGED<<<<<<<<iSlotNum=0 sReason=dataEnabled sApnType=hipri

D/WifiService(  967): >>>>>>>>ACTION_ANY_DATA_CONNECTION_STATE_CHANGED<<<<<<<<iSlotNum=0 sReason=dataEnabled sApnType=ims

D/WifiService(  967): >>>>>>>>ACTION_ANY_DATA_CONNECTION_STATE_CHANGED<<<<<<<<iSlotNum=0 sReason=dataEnabled sApnType=default

D/WifiService(  967): >>>>>>>>ACTION_ANY_DATA_CONNECTION_STATE_CHANGED<<<<<<<<iSlotNum=0 sReason=dataEnabled sApnType=mms

D/WifiService(  967): >>>>>>>>ACTION_ANY_DATA_CONNECTION_STATE_CHANGED<<<<<<<<iSlotNum=0 sReason=dataEnabled sApnType=cbs

D/WifiService(  967): >>>>>>>>ACTION_ANY_DATA_CONNECTION_STATE_CHANGED<<<<<<<<iSlotNum=0 sReason=dataEnabled sApnType=ia

D/WifiService(  967): >>>>>>>>ACTION_ANY_DATA_CONNECTION_STATE_CHANGED<<<<<<<<iSlotNum=0 sReason=dataEnabled sApnType=dun

D/WifiService(  967): >>>>>>>>ACTION_ANY_DATA_CONNECTION_STATE_CHANGED<<<<<<<<iSlotNum=0 sReason=dataEnabled sApnType=internet

I/ActivityManager(  967): Start proc com.htc.mobiledata:remote for service com.htc.mobiledata/.MobileDataService: pid=24041 uid=10070 gids={50070, 9997, 3003} abi=armeabi-v7a

I/ActivityManager(  967): Killing 22892:com.htc.widget.hmsproc1/u0a27 (adj 15): empty #17

I/ActivityManager(  967): Recipient 22892

D/QMI_FW  (  967): QCCI: QMUXD: xport_rx[1 <- 16]: 14 bytes on conn_id: 9

D/QMI_FW  (  967): QCCI: QMI_CCI_RX: cntl_flag - 04, txn_id - 0000, msg_id - 002b, msg_len - 0007

D/PMS     (  967): acquireWL(8de6679): PARTIAL_WAKE_LOCK  GpsLocationProvider 0x1 967 1000 null

D/QMI_FW  (  967): QCCI: QMI_CCI_TX: cntl_flag - 00, txn_id - 13bf, msg_id - 0023, msg_len - 0004

D/QMI_FW  (  967): QCCI: QMUXD: xport_send[1 -> 16]: 11 bytes on conn_id=9

D/QMI_FW  (  967): QCCI: QMUXD: xport_rx[1 <- 16]: 14 bytes on conn_id: 9

D/QMI_FW  (  967): QCCI: QMI_CCI_RX: cntl_flag - 02, txn_id - 13bf, msg_id - 0023, msg_len - 0007

D/PMS     (  967): releaseWL(8de6679): PARTIAL_WAKE_LOCK  GpsLocationProvider 0x1 null

D/QMI_FW  (  967): QCCI: QMUXD: xport_rx[1 <- 16]: 25 bytes on conn_id: 9

D/QMI_FW  (  967): QCCI: QMI_CCI_RX: cntl_flag - 04, txn_id - 0000, msg_id - 0024, msg_len - 0012

D/QMI_FW  (  967): QCCI: QMUXD: xport_rx[1 <- 16]: 28 bytes on conn_id: 9

D/QMI_FW  (  967): QCCI: QMI_CCI_RX: cntl_flag - 04, txn_id - 0000, msg_id - 0031, msg_len - 0015

D/QMI_FW  (  967): QCCI: QMI_CCI_TX: cntl_flag - 00, txn_id - 13c0, msg_id - 0053, msg_len - 0015

D/QMI_FW  (  967): QCCI: QMUXD: xport_send[1 -> 16]: 28 bytes on conn_id=9

D/QMI_FW  (  967): QCCI: QMUXD: xport_rx[1 <- 16]: 14 bytes on conn_id: 9

D/QMI_FW  (  967): QCCI: QMI_CCI_RX: cntl_flag - 02, txn_id - 13c0, msg_id - 0053, msg_len - 0007

D/QMI_FW  (  967): QCCI: QMUXD: xport_rx[1 <- 16]: 14 bytes on conn_id: 9

D/QMI_FW  (  967): QCCI: QMI_CCI_RX: cntl_flag - 04, txn_id - 0000, msg_id - 0053, msg_len - 0007

D/ConnectivityService(  967): isNetworkSignaturePermitted=true, action=0

D/ConnectivityService(  967): releaseNetworkRequest for NetworkRequest [ id=206, legacyType=3, [ Transports: CELLULAR Capabilities: SUPL&NOT_RESTRICTED&TRUSTED&NOT_VPN] ] called by uid/pid=1000/967

D/ConnectivityService(  967): releasing NetworkRequest NetworkRequest [ id=206, legacyType=3, [ Transports: CELLULAR Capabilities: SUPL&NOT_RESTRICTED&TRUSTED&NOT_VPN] ]

D/ConnectivityService(  967): sending notification RELEASED for NetworkRequest [ id=206, legacyType=3, [ Transports: CELLULAR Capabilities: SUPL&NOT_RESTRICTED&TRUSTED&NOT_VPN] ]

D/QMI_FW  (  967): QCCI: QMUXD: xport_rx[1 <- 16]: 14 bytes on conn_id: 9

D/QMI_FW  (  967): QCCI: QMI_CCI_RX: cntl_flag - 04, txn_id - 0000, msg_id - 002b, msg_len - 0007

W/ContextImpl(  967): Calling a method in the system process without a qualified user: android.app.ContextImpl.sendBroadcast:1459 com.android.server.wifi.WifiStateMachine.sendDongleScanResultsAvailableBroadcast:14114 com.android.server.wifi.WifiStateMachine.handleMediaLinkEvent:14279 com.android.server.wifi.WifiStateMachine.access$5800:265 com.android.server.wifi.WifiStateMachine$SupplicantStartedState.processMessage:8070 

I/ActivityManager(  967): Killing 22740:cn.amazon.mShop.android/u0a135 (adj 15): empty #17

I/ActivityManager(  967): Recipient 22740

D/WifiService(  967): Client connection lost with reason: 4

E/libprocessgroup(  967): failed to kill 1 processes for processgroup 22740

D/WifiService(  967): releaseMulticastLock pid=18875, uid=10128

D/WifiService(  967): removeMulticasterLocked

D/WifiService(  967): acquireMulticastLock pid=18875, uid=10128

E/NetlinkEvent(  291): NetlinkEvent::FindParam(): Parameter 'TIME_NS' not found

D/ConnectivityService(  967): setProvNotificationVisible: E visible=false networkType=0 action=com.android.internal.telephony.PROVISION0

D/ConnectivityService(  967): setProvNotificationVisibleIntent: E visible=false networkType=0 extraInfo=null

D/ConnectivityService(  967): registerNetworkAgent NetworkAgentInfo{ ni{[type: MOBILE[HSDPA], state: CONNECTED/CONNECTED, reason: connected, extra: cmnet, roaming: false, failover: false, isAvailable: true, isConnectedToProvisioningNetwork: false]}  network{null}  lp{{InterfaceName: rmnet_usb0 LinkAddresses: [10.99.95.162/30,]  Routes: [0.0.0.0/0 -> 10.99.95.161 rmnet_usb0,] DnsAddresses: [211.140.11.66,211.140.13.188,] Domains: null MTU: 1420 TcpBufferSizes: 288768,288768,1572864,4096,225280,1220608}}  nc{[ Transports: CELLULAR Capabilities: SUPL&NOT_RESTRICTED&TRUSTED&NOT_VPN LinkUpBandwidth>=2048Kbps LinkDnBandwidth>=14336Kbps Specifier: <3>]}  Score{10} validated{false} created{false} explicitlySelected{false} }

D/ConnectivityService(  967): Got NetworkAgent Messenger

D/ConnectivityService(  967): NetworkAgentInfo [MOBILE (HSDPA) - 317] EVENT_NETWORK_INFO_CHANGED, going from null to CONNECTED

D/WifiService(  967): >>>>>>>>ACTION_ANY_DATA_CONNECTION_STATE_CHANGED<<<<<<<<iSlotNum=0 sReason=connected sApnType=supl

D/ConnectivityService(  967): Adding iface rmnet_usb0 to network 317

D/ConnectivityService(  967): Setting MTU size: rmnet_usb0, 1420

D/ConnectivityService(  967): Adding Route [0.0.0.0/0 -> 10.99.95.161 rmnet_usb0] to network 317

D/ConnectivityService(  967): Setting Dns servers for network 317 to [/211.140.11.66, /211.140.13.188]

D/Nat464Xlat(  967): requiresClat: netType=0, connected=true, mIsClatEnabled=true, hasIPv4Address=true

D/ConnectivityService(  967): notifyType IP_CHANGED for NetworkAgentInfo [MOBILE (HSDPA) - 317]

D/ConnectivityService(  967): notifyType PRECHECK for NetworkAgentInfo [MOBILE (HSDPA) - 317]

D/ConnectivityService(  967): rematching NetworkAgentInfo [MOBILE (HSDPA) - 317]

D/ConnectivityService(  967):  network has: [ Transports: CELLULAR Capabilities: SUPL&NOT_RESTRICTED&TRUSTED&NOT_VPN LinkUpBandwidth>=2048Kbps LinkDnBandwidth>=14336Kbps Specifier: <3>]

D/ConnectivityService(  967):   checking if request is satisfied: NetworkRequest [ id=2, legacyType=-1, [] ]

D/ConnectivityService(  967):   checking if request is satisfied: NetworkRequest [ id=1, legacyType=-1, [ Capabilities: INTERNET&NOT_RESTRICTED&TRUSTED&NOT_VPN] ]

D/ConnectivityService(  967): NetworkAgent connected

D/ConnectivityService(  967): Validated NetworkAgentInfo [MOBILE (HSDPA) - 317]

D/ConnectivityService(  967): rematching NetworkAgentInfo [MOBILE (HSDPA) - 317]

D/ConnectivityService(  967):  network has: [ Transports: CELLULAR Capabilities: SUPL&NOT_RESTRICTED&TRUSTED&NOT_VPN LinkUpBandwidth>=2048Kbps LinkDnBandwidth>=14336Kbps Specifier: <3>]

D/ConnectivityService(  967):   checking if request is satisfied: NetworkRequest [ id=2, legacyType=-1, [] ]

D/ConnectivityService(  967):   checking if request is satisfied: NetworkRequest [ id=1, legacyType=-1, [ Capabilities: INTERNET&NOT_RESTRICTED&TRUSTED&NOT_VPN] ]

D/ConnectivityService(  967): Validated network turns out to be unwanted.  Tear it down.

D/ConnectivityService(  967): NetworkAgentInfo [MOBILE (HSDPA) - 317] got DISCONNECTED, was satisfying 1

D/ConnectivityService(  967): handleAsyncChannelDisconnected userEnableNotify=false, isWiFiDefaultNetwork=true, mobiledata=true, netType=0, mIsNotifying=false, airplaneOn=false

D/ConnectivityService(  967): notifyType LOST for NetworkAgentInfo [MOBILE (HSDPA) - 317]

D/ConnectivityService(  967):  sending notification for NetworkRequest [ id=2, legacyType=-1, [] ]

D/ConnectivityService(  967): sending notification LOST for NetworkRequest [ id=2, legacyType=-1, [] ]

D/Nat464Xlat(  967): requiresClat: netType=0, connected=false, mIsClatEnabled=true, hasIPv4Address=true

E/ConnectivityService(  967): EVENT_NETWORK_INFO_CHANGED from unknown NetworkAgent

D/WifiService(  967): >>>>>>>>ACTION_ANY_DATA_CONNECTION_STATE_CHANGED<<<<<<<<iSlotNum=0 sReason=connected sApnType=supl

D/PMS     (  967): acquireWL(22add907): PARTIAL_WAKE_LOCK  *alarm* 0x1 967 1000 WorkSource{1000}

D/WifiDisplayAdapter(  967): getWifiDisplayStatusLocked: result=WifiDisplayStatus{featureState=3, scanState=0, activeDisplayState=0, activeDisplay=null, displays=[], sessionInfo=WifiDisplaySessionInfo:

D/WifiDisplayAdapter(  967):     Client/Owner: Client

D/WifiDisplayAdapter(  967):     GroupId: 

D/WifiDisplayAdapter(  967):     Passphrase: 

D/WifiDisplayAdapter(  967):     SessionId: 0

D/WifiDisplayAdapter(  967):     IP Address: }

V/AlarmManager(  967): sending alarm PendingIntent{903b2a5: PendingIntentRecord{79f867a android broadcastIntent}}, i=com.android.server.WifiManager.action.START_SCAN, t=1, cnt=1, w=1450259099698, Int=20000

V/AlarmManager(  967): sending alarm PendingIntent{1e8fba34: PendingIntentRecord{626505d com.netease.newsreader.activity startService}}, i=netease.pomelo.news.push.messageservice_V1, t=1, cnt=1, w=1450259110911, Int=0

D/PMS     (  967): releaseWL(22add907): PARTIAL_WAKE_LOCK  *alarm* 0x1 WorkSource{1000}

D/PMS     (  967): acquireWL(fbabdd2): PARTIAL_WAKE_LOCK  com.netease.pushservice.core.PushServiceNews_V1 0x1 18397 10299 null

D/PMS     (  967): releaseWL(fbabdd2): PARTIAL_WAKE_LOCK  com.netease.pushservice.core.PushServiceNews_V1 0x1 null

D/PMS     (  967): acquireWL(3ac4fea3): PARTIAL_WAKE_LOCK  *alarm* 0x1 967 1000 WorkSource{10183}

V/AlarmManager(  967): sending alarm PendingIntent{208845a0: PendingIntentRecord{efa91e com.taobao.taobao broadcastIntent}}, i=anetwork.channel.intent.action.COMMAND, t=3, cnt=1, w=151453885, Int=0

D/PMS     (  967): releaseWL(3ac4fea3): PARTIAL_WAKE_LOCK  *alarm* 0x1 WorkSource{10183}

W/ActivityManager(  967): getTasks: caller 10183 does not hold GET_TASKS; limiting output

W/ActivityManager(  967): getTasks: caller 10183 does not hold GET_TASKS; limiting output

W/ActivityManager(  967): getTasks: caller 10183 does not hold GET_TASKS; limiting output

W/ActivityManager(  967): getTasks: caller 10183 does not hold GET_TASKS; limiting output

E/NetlinkEvent(  291): NetlinkEvent::FindParam(): Parameter 'TIME_NS' not found

W/ActivityManager(  967): getTasks: caller 10157 does not hold GET_TASKS; limiting output

D/PMS     (  967): acquireWL(18fc9559): PARTIAL_WAKE_LOCK  *alarm* 0x1 967 1000 WorkSource{10157}

V/AlarmManager(  967): sending alarm PendingIntent{34e2e51e: PendingIntentRecord{1d9ebd5e air.fyzb3 broadcastIntent}}, i=AlarmTaskSchedule.air.fyzb3, t=0, cnt=1, w=1450259118569, Int=0

D/PMS     (  967): releaseWL(18fc9559): PARTIAL_WAKE_LOCK  *alarm* 0x1 WorkSource{10157}

D/PMS     (  967): acquireWL(399ee1ff): PARTIAL_WAKE_LOCK  *alarm* 0x1 967 1000 WorkSource{10145}

V/AlarmManager(  967): sending alarm PendingIntent{3bbc1bcc: PendingIntentRecord{2a842c2f com.yiwang broadcastIntent}}, i=AlarmTaskSchedule.com.yiwang, t=0, cnt=1, w=1450259118973, Int=0

D/PMS     (  967): releaseWL(399ee1ff): PARTIAL_WAKE_LOCK  *alarm* 0x1 WorkSource{10145}

D/PMS     (  967): acquireWL(b582e15): PARTIAL_WAKE_LOCK  *alarm* 0x1 967 1000 WorkSource{10156}

V/AlarmManager(  967): sending alarm PendingIntent{2bd4352a: PendingIntentRecord{19dce91a com.cubic.autohome broadcastIntent}}, i=AlarmTaskSchedule.com.cubic.autohome, t=0, cnt=1, w=1450259118985, Int=0

D/PMS     (  967): releaseWL(b582e15): PARTIAL_WAKE_LOCK  *alarm* 0x1 WorkSource{10156}

D/WifiDisplayAdapter(  967): getWifiDisplayStatusLocked: result=WifiDisplayStatus{featureState=3, scanState=0, activeDisplayState=0, activeDisplay=null, displays=[], sessionInfo=WifiDisplaySessionInfo:

D/WifiDisplayAdapter(  967):     Client/Owner: Client

D/WifiDisplayAdapter(  967):     GroupId: 

D/WifiDisplayAdapter(  967):     Passphrase: 

D/WifiDisplayAdapter(  967):     SessionId: 0

D/WifiDisplayAdapter(  967):     IP Address: }

D/PMS     (  967): acquireWL(10d879f6): PARTIAL_WAKE_LOCK  *alarm* 0x1 967 1000 WorkSource{10156}

V/AlarmManager(  967): sending alarm PendingIntent{2b9911f7: PendingIntentRecord{19dce91a com.cubic.autohome broadcastIntent}}, i=AlarmTaskSchedule.com.cubic.autohome, t=0, cnt=1, w=1450259123329, Int=0

V/AlarmManager(  967): sending alarm PendingIntent{903b2a5: PendingIntentRecord{79f867a android broadcastIntent}}, i=com.android.server.WifiManager.action.START_SCAN, t=1, cnt=1, w=1450259119698, Int=20000

D/WifiDisplayAdapter(  967): getWifiDisplayStatusLocked: result=WifiDisplayStatus{featureState=3, scanState=0, activeDisplayState=0, activeDisplay=null, displays=[], sessionInfo=WifiDisplaySessionInfo:

D/WifiDisplayAdapter(  967):     Client/Owner: Client

D/WifiDisplayAdapter(  967):     GroupId: 

D/WifiDisplayAdapter(  967):     Passphrase: 

D/WifiDisplayAdapter(  967):     SessionId: 0

D/WifiDisplayAdapter(  967):     IP Address: }

D/PMS     (  967): releaseWL(10d879f6): PARTIAL_WAKE_LOCK  *alarm* 0x1 WorkSource{1000}

D/PMS     (  967): acquireWL(fb01864): PARTIAL_WAKE_LOCK  *alarm* 0x1 967 1000 WorkSource{10157}

V/AlarmManager(  967): sending alarm PendingIntent{16c10acd: PendingIntentRecord{1d9ebd5e air.fyzb3 broadcastIntent}}, i=AlarmTaskSchedule.air.fyzb3, t=0, cnt=1, w=1450259123358, Int=0

D/PMS     (  967): releaseWL(fb01864): PARTIAL_WAKE_LOCK  *alarm* 0x1 WorkSource{10157}

D/PMS     (  967): acquireWL(290a3f82): PARTIAL_WAKE_LOCK  *alarm* 0x1 967 1000 WorkSource{10143}

V/AlarmManager(  967): sending alarm PendingIntent{3942d693: PendingIntentRecord{32e5eea com.hunantv.imgo.activity broadcastIntent}}, i=AlarmTaskSchedule.com.hunantv.imgo.activity, t=0, cnt=1, w=1450259123380, Int=0

D/PMS     (  967): releaseWL(290a3f82): PARTIAL_WAKE_LOCK  *alarm* 0x1 WorkSource{10143}

D/PMS     (  967): acquireWL(3ea0d1ce): PARTIAL_WAKE_LOCK  *alarm* 0x1 967 1000 WorkSource{10092}

V/AlarmManager(  967): sending alarm PendingIntent{3dba48ef: PendingIntentRecord{285b30b0 com.dianping.v1 broadcastIntent}}, i=wns.heartbeat, t=2, cnt=1, w=151466953, Int=0

D/PMS     (  967): acquireWL(22640ffc): PARTIAL_WAKE_LOCK  WakeLockManager 0x1 20491 10092 null

D/PMS     (  967): releaseWL(3ea0d1ce): PARTIAL_WAKE_LOCK  *alarm* 0x1 WorkSource{10092}

D/PMS     (  967): releaseWL(22640ffc): PARTIAL_WAKE_LOCK  WakeLockManager 0x1 null

D/PMS     (  967): acquireWL(3a61c685): PARTIAL_WAKE_LOCK  WakeLockManager 0x1 20491 10092 null

D/PMS     (  967): releaseWL(3a61c685): PARTIAL_WAKE_LOCK  WakeLockManager 0x1 null

W/ContextImpl(  967): Calling a method in the system process without a qualified user: android.app.ContextImpl.sendBroadcast:1459 com.android.server.wifi.WifiStateMachine.sendDongleScanResultsAvailableBroadcast:14114 com.android.server.wifi.WifiStateMachine.handleMediaLinkEvent:14279 com.android.server.wifi.WifiStateMachine.access$5800:265 com.android.server.wifi.WifiStateMachine$SupplicantStartedState.processMessage:8070 

D/PMS     (  967): acquireWL(1ea7a6e2): PARTIAL_WAKE_LOCK  BatteryServiceUpdateStats_3 0x1 967 1000 null

I/BatteryService(  967): n_update end

D/PMS     (  967): releaseWL(1ea7a6e2): PARTIAL_WAKE_LOCK  BatteryServiceUpdateStats_3 0x1 null

D/HtcPowerSaver(  967): updateBatteryInfo

D/PowerUI ( 2788): closing low battery warning: level=80

D/NotificationService(  967): plugged=true pluggin=true

D/PMS     (  967): runPSCheck

D/HtcPowerSaver(  967): Checking...

I/HtcPowerSaver(  967): >> updateStatus

D/WifiController(  967): battery changed pluggedType: 2

D/PowerUI ( 2788): plugged = true, health = 2, mBatteryLevel = 80, mPluggedBatteryLevel = 80, mLowBatteryWarningLevel2 = 25, mshowLowChargingWarning2 = true

I/HtcPowerSaver(  967): updateStatus (8000,80,-1,false,false,false,-1)

I/HtcPowerSaver(  967): << updateStatus

D/PMS     (  967): acquireWL(17071a73): PARTIAL_WAKE_LOCK  *alarm* 0x1 967 1000 WorkSource{10143}

V/AlarmManager(  967): sending alarm PendingIntent{20077d30: PendingIntentRecord{32e5eea com.hunantv.imgo.activity broadcastIntent}}, i=AlarmTaskSchedule.com.hunantv.imgo.activity, t=0, cnt=1, w=1450259127603, Int=0

D/PMS     (  967): releaseWL(17071a73): PARTIAL_WAKE_LOCK  *alarm* 0x1 WorkSource{10143}

D/PMS     (  967): acquireWL(109d4f2e): PARTIAL_WAKE_LOCK  *alarm* 0x1 967 1000 WorkSource{10174}

V/AlarmManager(  967): sending alarm PendingIntent{2caeeacf: PendingIntentRecord{526e650 com.thestore.main broadcastIntent}}, i=AlarmTaskSchedule.com.thestore.main, t=0, cnt=1, w=1450259128362, Int=0

D/PMS     (  967): releaseWL(109d4f2e): PARTIAL_WAKE_LOCK  *alarm* 0x1 WorkSource{10174}

D/PMS     (  967): acquireWL(1e4c9260): PARTIAL_WAKE_LOCK  *alarm* 0x1 967 1000 WorkSource{1000}

V/AlarmManager(  967): sending alarm PendingIntent{249fd70b: PendingIntentRecord{291619e8 android broadcastIntent}}, i=com.android.server.task.controllers.BatteryController.ACTION_CHARGING_STABLE, t=2, cnt=1, w=151473366, Int=0

D/PMS     (  967): releaseWL(1e4c9260): PARTIAL_WAKE_LOCK  *alarm* 0x1 WorkSource{1000}

D/PMS     (  967): acquireWL(224c3e42): PARTIAL_WAKE_LOCK  *alarm* 0x1 967 1000 WorkSource{10174}

V/AlarmManager(  967): sending alarm PendingIntent{3e7ace53: PendingIntentRecord{526e650 com.thestore.main broadcastIntent}}, i=AlarmTaskSchedule.com.thestore.main, t=0, cnt=1, w=1450259134560, Int=0

V/AlarmManager(  967): sending alarm PendingIntent{1f6e3b88: PendingIntentRecord{b42f921 com.alibaba.work.android broadcastIntent}}, i=agoo_action_heart, t=1, cnt=1, w=1450259132085, Int=210000

D/PMS     (  967): releaseWL(224c3e42): PARTIAL_WAKE_LOCK  *alarm* 0x1 WorkSource{10304}

D/WifiDisplayAdapter(  967): getWifiDisplayStatusLocked: result=WifiDisplayStatus{featureState=3, scanState=0, activeDisplayState=0, activeDisplay=null, displays=[], sessionInfo=WifiDisplaySessionInfo:

D/WifiDisplayAdapter(  967):     Client/Owner: Client

D/WifiDisplayAdapter(  967):     GroupId: 

D/WifiDisplayAdapter(  967):     Passphrase: 

D/WifiDisplayAdapter(  967):     SessionId: 0

D/WifiDisplayAdapter(  967):     IP Address: }

D/PMS     (  967): acquireWL(adea489): PARTIAL_WAKE_LOCK  LocationManagerService 0x1 967 1000 WorkSource{10092 com.dianping.v1}

D/PMS     (  967): releaseWL(adea489): PARTIAL_WAKE_LOCK  LocationManagerService 0x1 WorkSource{10092 com.dianping.v1}

D/PMS     (  967): acquireWL(1e3fc8e): PARTIAL_WAKE_LOCK  LocationManagerService 0x1 967 1000 WorkSource{1000 android}

D/PMS     (  967): acquireWL(28d9fcaf): PARTIAL_WAKE_LOCK  LocationManagerService 0x1 967 1000 WorkSource{10009 android.htc.china.location.service}

D/PMS     (  967): acquireWL(2e2818bc): PARTIAL_WAKE_LOCK  LocationManagerService 0x1 967 1000 WorkSource{10009 android.htc.china.location.service}

D/PMS     (  967): acquireWL(3c040045): PARTIAL_WAKE_LOCK  LocationManagerService 0x1 967 1000 WorkSource{10172 com.sohu.inputmethod.sogou}

D/PMS     (  967): acquireWL(27539a): PARTIAL_WAKE_LOCK  LocationManagerService 0x1 967 1000 WorkSource{10172 com.sohu.inputmethod.sogou}

D/PMS     (  967): acquireWL(27bc04a8): PARTIAL_WAKE_LOCK  LocationManagerService 0x1 967 1000 WorkSource{10056 com.htc.sense.hsp}

D/PMS     (  967): releaseWL(28d9fcaf): PARTIAL_WAKE_LOCK  LocationManagerService 0x1 WorkSource{10009 android.htc.china.location.service}

D/PMS     (  967): releaseWL(2e2818bc): PARTIAL_WAKE_LOCK  LocationManagerService 0x1 WorkSource{10009 android.htc.china.location.service}

D/QMI_FW  (  967): QCCI: QMI_CCI_TX: cntl_flag - 00, txn_id - 13c1, msg_id - 0039, msg_len - 0021

D/QMI_FW  (  967): QCCI: QMUXD: xport_send[1 -> 16]: 40 bytes on conn_id=9

D/PMS     (  967): releaseWL(1e3fc8e): PARTIAL_WAKE_LOCK  LocationManagerService 0x1 WorkSource{1000 android}

D/PMS     (  967): releaseWL(27bc04a8): PARTIAL_WAKE_LOCK  LocationManagerService 0x1 WorkSource{10056 com.htc.sense.hsp}

D/QMI_FW  (  967): QCCI: QMUXD: xport_rx[1 <- 16]: 14 bytes on conn_id: 9

D/QMI_FW  (  967): QCCI: QMI_CCI_RX: cntl_flag - 02, txn_id - 13c1, msg_id - 0039, msg_len - 0007

D/QMI_FW  (  967): QCCI: QMUXD: xport_rx[1 <- 16]: 14 bytes on conn_id: 9

D/QMI_FW  (  967): QCCI: QMI_CCI_RX: cntl_flag - 04, txn_id - 0000, msg_id - 0039, msg_len - 0007

D/WifiDisplayAdapter(  967): getWifiDisplayStatusLocked: result=WifiDisplayStatus{featureState=3, scanState=0, activeDisplayState=0, activeDisplay=null, displays=[], sessionInfo=WifiDisplaySessionInfo:

D/WifiDisplayAdapter(  967):     Client/Owner: Client

D/WifiDisplayAdapter(  967):     GroupId: 

D/WifiDisplayAdapter(  967):     Passphrase: 

D/WifiDisplayAdapter(  967):     SessionId: 0

D/WifiDisplayAdapter(  967):     IP Address: }

D/PMS     (  967): releaseWL(3c040045): PARTIAL_WAKE_LOCK  LocationManagerService 0x1 WorkSource{10172 com.sohu.inputmethod.sogou}

D/PMS     (  967): releaseWL(27539a): PARTIAL_WAKE_LOCK  LocationManagerService 0x1 WorkSource{10172 com.sohu.inputmethod.sogou}

W/ContextImpl(  967): Calling a method in the system process without a qualified user: android.app.ContextImpl.sendBroadcast:1459 com.android.server.wifi.WifiStateMachine.sendDongleScanResultsAvailableBroadcast:14114 com.android.server.wifi.WifiStateMachine.handleMediaLinkEvent:14279 com.android.server.wifi.WifiStateMachine.access$5800:265 com.android.server.wifi.WifiStateMachine$SupplicantStartedState.processMessage:8070 

I/PackageManager(  967):  setEnabledSetting(), pkgName=com.htc.zero, clsName=com.baidu.android.pushservice.PushService, state=2, flag=1, pid=22559, uid=10053, userID:0

I/PackageManager(  967):  setEnabledSetting(), pkgName=com.htc.zero, clsName=com.baidu.android.pushservice.PushServiceReceiver, state=2, flag=1, pid=22559, uid=10053, userID:0

I/PackageManager(  967):  setEnabledSetting(), pkgName=com.htc.zero, clsName=com.baidu.android.pushservice.RegistrationReceiver, state=2, flag=1, pid=22559, uid=10053, userID:0

D/PMS     (  967): acquireWL(359b0525): PARTIAL_WAKE_LOCK  *alarm* 0x1 967 1000 WorkSource{10092}

V/AlarmManager(  967): sending alarm PendingIntent{651f657: PendingIntentRecord{14f42491 com.dianping.v1 startService}}, i=com.dianping.push.KEEP_ALIVE, t=0, cnt=1, w=1450259153713, Int=240000

V/AlarmManager(  967): sending alarm PendingIntent{903b2a5: PendingIntentRecord{79f867a android broadcastIntent}}, i=com.android.server.WifiManager.action.START_SCAN, t=1, cnt=1, w=1450259139698, Int=20000

V/AlarmManager(  967): sending alarm PendingIntent{2485fe45: PendingIntentRecord{ee4799a air.fyzb3 broadcastIntent}}, i=fyzb.alam.action, t=3, cnt=1, w=151483300, Int=60000

D/WifiDisplayAdapter(  967): getWifiDisplayStatusLocked: result=WifiDisplayStatus{featureState=3, scanState=0, activeDisplayState=0, activeDisplay=null, displays=[], sessionInfo=WifiDisplaySessionInfo:

D/WifiDisplayAdapter(  967):     Client/Owner: Client

D/WifiDisplayAdapter(  967):     GroupId: 

D/WifiDisplayAdapter(  967):     Passphrase: 

D/WifiDisplayAdapter(  967):     SessionId: 0

D/WifiDisplayAdapter(  967):     IP Address: }

D/PMS     (  967): releaseWL(359b0525): PARTIAL_WAKE_LOCK  *alarm* 0x1 WorkSource{10157}

W/ActivityManager(  967): getTasks: caller 10005 does not hold GET_TASKS; limiting output

D/PMS     (  967): acquireWL(2e30a6fa): PARTIAL_WAKE_LOCK  *alarm* 0x1 967 1000 WorkSource{10295}

V/AlarmManager(  967): sending alarm PendingIntent{1cf374ab: PendingIntentRecord{ff4c37a com.kingsoft broadcastIntent}}, i=com.xiaomi.push.PING_TIMER, t=2, cnt=1, w=151500000, Int=0

I/ActivityManager(  967): Start proc com.kingsoft:pushservice for broadcast com.kingsoft/com.xiaomi.push.service.receivers.PingReceiver: pid=24291 uid=10295 gids={50295, 9997, 3003, 1028, 1015} abi=armeabi-v7a

V/AlarmManager(  967): sending alarm PendingIntent{2876f708: PendingIntentRecord{1a3b3b38 com.dangdang.buy2 broadcastIntent}}, i=com.xiaomi.push.PING_TIMER, t=2, cnt=1, w=151500000, Int=0

D/PMS     (  967): releaseWL(2e30a6fa): PARTIAL_WAKE_LOCK  *alarm* 0x1 WorkSource{10139}

D/PMS     (  967): acquireWL(17bfce23): PARTIAL_WAKE_LOCK  *alarm* 0x1 967 1000 WorkSource{10295}

V/AlarmManager(  967): sending alarm PendingIntent{1f8b9f20: PendingIntentRecord{ff4c37a com.kingsoft broadcastIntent}}, i=com.xiaomi.push.PING_TIMER, t=2, cnt=1, w=151500705, Int=0

D/PMS     (  967): releaseWL(17bfce23): PARTIAL_WAKE_LOCK  *alarm* 0x1 WorkSource{10295}

D/WifiDisplayAdapter(  967): getWifiDisplayStatusLocked: result=WifiDisplayStatus{featureState=3, scanState=0, activeDisplayState=0, activeDisplay=null, displays=[], sessionInfo=WifiDisplaySessionInfo:

D/WifiDisplayAdapter(  967):     Client/Owner: Client

D/WifiDisplayAdapter(  967):     GroupId: 

D/WifiDisplayAdapter(  967):     Passphrase: 

D/WifiDisplayAdapter(  967):     SessionId: 0

D/WifiDisplayAdapter(  967):     IP Address: }

W/ActivityManager(  967): getTasks: caller 10183 does not hold GET_TASKS; limiting output

D/PMS     (  967): acquireWL(2baeb0d9): PARTIAL_WAKE_LOCK  *alarm* 0x40000001 967 1000 WorkSource{1000}

V/AlarmManager(  967): sending alarm PendingIntent{284a73eb: PendingIntentRecord{29c72548 android broadcastIntent}}, i=android.intent.action.TIME_TICK, t=3, cnt=1, w=151502805, Int=0

D/PMS     (  967): releaseWL(2baeb0d9): PARTIAL_WAKE_LOCK  *alarm* 0x40000001 WorkSource{1000}

W/ActivityManager(  967): getTasks: caller 10183 does not hold GET_TASKS; limiting output

W/ActivityManager(  967): getTasks: caller 10183 does not hold GET_TASKS; limiting output

W/ActivityManager(  967): getTasks: caller 10157 does not hold GET_TASKS; limiting output

W/ActivityManager(  967): getTasks: caller 10157 does not hold GET_TASKS; limiting output

W/ActivityManager(  967): getTasks: caller 10157 does not hold GET_TASKS; limiting output

W/ActivityManager(  967): getTasks: caller 10157 does not hold GET_TASKS; limiting output

W/ContextImpl(  967): Calling a method in the system process without a qualified user: android.app.ContextImpl.sendBroadcast:1459 com.android.server.wifi.WifiStateMachine.sendDongleScanResultsAvailableBroadcast:14114 com.android.server.wifi.WifiStateMachine.handleMediaLinkEvent:14279 com.android.server.wifi.WifiStateMachine.access$5800:265 com.android.server.wifi.WifiStateMachine$SupplicantStartedState.processMessage:8070 

D/WifiDisplayAdapter(  967): getWifiDisplayStatusLocked: result=WifiDisplayStatus{featureState=3, scanState=0, activeDisplayState=0, activeDisplay=null, displays=[], sessionInfo=WifiDisplaySessionInfo:

D/WifiDisplayAdapter(  967):     Client/Owner: Client

D/WifiDisplayAdapter(  967):     GroupId: 

D/WifiDisplayAdapter(  967):     Passphrase: 

D/WifiDisplayAdapter(  967):     SessionId: 0

D/WifiDisplayAdapter(  967):     IP Address: }

D/PMS     (  967): acquireWL(54e64bd): PARTIAL_WAKE_LOCK  *alarm* 0x1 967 1000 WorkSource{10018}

V/AlarmManager(  967): sending alarm PendingIntent{c40aab2: PendingIntentRecord{3be15c8c me.ele broadcastIntent}}, i=AlarmTaskSchedule.me.ele, t=0, cnt=1, w=1450259165608, Int=0

D/PMS     (  967): releaseWL(54e64bd): PARTIAL_WAKE_LOCK  *alarm* 0x1 WorkSource{10018}

D/PMS     (  967): acquireWL(23371a03): PARTIAL_WAKE_LOCK  encrypted_tag 0x1 19314 10018 null

D/PMS     (  967): releaseWL(23371a03): PARTIAL_WAKE_LOCK  encrypted_tag 0x1 null

D/PMS     (  967): acquireWL(29b52d80): PARTIAL_WAKE_LOCK  encrypted_tag 0x1 19314 10018 null

D/PMS     (  967): releaseWL(29b52d80): PARTIAL_WAKE_LOCK  encrypted_tag 0x1 null

D/PMS     (  967): acquireWL(27018fb9): PARTIAL_WAKE_LOCK  encrypted_tag 0x1 19314 10018 null

D/PMS     (  967): releaseWL(27018fb9): PARTIAL_WAKE_LOCK  encrypted_tag 0x1 null

D/PMS     (  967): acquireWL(378abffe): PARTIAL_WAKE_LOCK  encrypted_tag 0x1 19314 10018 null

D/PMS     (  967): releaseWL(378abffe): PARTIAL_WAKE_LOCK  encrypted_tag 0x1 null

D/PMS     (  967): acquireWL(2907535f): PARTIAL_WAKE_LOCK  encrypted_tag 0x1 19314 10018 null

D/PMS     (  967): releaseWL(2907535f): PARTIAL_WAKE_LOCK  encrypted_tag 0x1 null

D/PMS     (  967): acquireWL(dffa1ac): PARTIAL_WAKE_LOCK  encrypted_tag 0x1 19314 10018 null

D/PMS     (  967): releaseWL(dffa1ac): PARTIAL_WAKE_LOCK  encrypted_tag 0x1 null

W/ContextImpl(  967): Calling a method in the system process without a qualified user: android.app.ContextImpl.sendBroadcast:1459 com.android.server.wifi.WifiStateMachine.sendDongleScanResultsAvailableBroadcast:14114 com.android.server.wifi.WifiStateMachine.handleMediaLinkEvent:14279 com.android.server.wifi.WifiStateMachine.access$5800:265 com.android.server.wifi.WifiStateMachine$SupplicantStartedState.processMessage:8070 

W/ActivityManager(  967): getTasks: caller 10183 does not hold GET_TASKS; limiting output

D/PMS     (  967): acquireWL(10226e75): PARTIAL_WAKE_LOCK  *alarm* 0x1 967 1000 WorkSource{1000}

D/WifiDisplayAdapter(  967): getWifiDisplayStatusLocked: result=WifiDisplayStatus{featureState=3, scanState=0, activeDisplayState=0, activeDisplay=null, displays=[], sessionInfo=WifiDisplaySessionInfo:

D/WifiDisplayAdapter(  967):     Client/Owner: Client

D/WifiDisplayAdapter(  967):     GroupId: 

D/WifiDisplayAdapter(  967):     Passphrase: 

D/WifiDisplayAdapter(  967):     SessionId: 0

D/WifiDisplayAdapter(  967):     IP Address: }

V/AlarmManager(  967): sending alarm PendingIntent{903b2a5: PendingIntentRecord{79f867a android broadcastIntent}}, i=com.android.server.WifiManager.action.START_SCAN, t=1, cnt=1, w=1450259159698, Int=20000

V/AlarmManager(  967): sending alarm PendingIntent{3fcede0a: PendingIntentRecord{3877c67b com.netease.newsreader.activity startService}}, i=netease.pomelo.news.push.messageservice_V1, t=1, cnt=1, w=1450259170931, Int=0

D/PMS     (  967): releaseWL(10226e75): PARTIAL_WAKE_LOCK  *alarm* 0x1 WorkSource{10299}

D/PMS     (  967): acquireWL(79b2c98): PARTIAL_WAKE_LOCK  com.netease.pushservice.core.PushServiceNews_V1 0x1 18397 10299 null

D/PMS     (  967): releaseWL(79b2c98): PARTIAL_WAKE_LOCK  com.netease.pushservice.core.PushServiceNews_V1 0x1 null

W/ActivityManager(  967): getTasks: caller 10157 does not hold GET_TASKS; limiting output

D/PMS     (  967): acquireWL(2981059d): PARTIAL_WAKE_LOCK  encrypted_tag 0x1 20095 10135 null

D/PMS     (  967): releaseWL(2981059d): PARTIAL_WAKE_LOCK  encrypted_tag 0x1 null

D/PMS     (  967): acquireWL(30136a12): PARTIAL_WAKE_LOCK  encrypted_tag 0x1 20095 10135 null

D/PMS     (  967): releaseWL(30136a12): PARTIAL_WAKE_LOCK  encrypted_tag 0x1 null

D/PMS     (  967): acquireWL(3e81d5e3): PARTIAL_WAKE_LOCK  encrypted_tag 0x1 20095 10135 null

D/PMS     (  967): releaseWL(3e81d5e3): PARTIAL_WAKE_LOCK  encrypted_tag 0x1 null

D/PMS     (  967): acquireWL(3d056be0): PARTIAL_WAKE_LOCK  encrypted_tag 0x1 20095 10135 null

D/PMS     (  967): releaseWL(3d056be0): PARTIAL_WAKE_LOCK  encrypted_tag 0x1 null

D/PMS     (  967): acquireWL(316d5e99): PARTIAL_WAKE_LOCK  encrypted_tag 0x1 20095 10135 null

D/PMS     (  967): releaseWL(316d5e99): PARTIAL_WAKE_LOCK  encrypted_tag 0x1 null

D/PMS     (  967): acquireWL(21ba155e): PARTIAL_WAKE_LOCK  encrypted_tag 0x1 20095 10135 null

D/PMS     (  967): releaseWL(21ba155e): PARTIAL_WAKE_LOCK  encrypted_tag 0x1 null

D/PMS     (  967): acquireWL(3371ed3f): PARTIAL_WAKE_LOCK  *alarm* 0x1 967 1000 WorkSource{1000}

D/WifiDisplayAdapter(  967): getWifiDisplayStatusLocked: result=WifiDisplayStatus{featureState=3, scanState=0, activeDisplayState=0, activeDisplay=null, displays=[], sessionInfo=WifiDisplaySessionInfo:

D/WifiDisplayAdapter(  967):     Client/Owner: Client

D/WifiDisplayAdapter(  967):     GroupId: 

D/WifiDisplayAdapter(  967):     Passphrase: 

D/WifiDisplayAdapter(  967):     SessionId: 0

D/WifiDisplayAdapter(  967):     IP Address: }

V/AlarmManager(  967): sending alarm PendingIntent{903b2a5: PendingIntentRecord{79f867a android broadcastIntent}}, i=com.android.server.WifiManager.action.START_SCAN, t=1, cnt=1, w=1450259179698, Int=20000

D/PMS     (  967): releaseWL(3371ed3f): PARTIAL_WAKE_LOCK  *alarm* 0x1 WorkSource{1000}

D/PMS     (  967): acquireWL(1b85660c): PARTIAL_WAKE_LOCK  BatteryServiceUpdateStats_3 0x1 967 1000 null

I/BatteryService(  967): n_update end

D/PMS     (  967): releaseWL(1b85660c): PARTIAL_WAKE_LOCK  BatteryServiceUpdateStats_3 0x1 null

D/PowerUI ( 2788): closing low battery warning: level=80

D/NotificationService(  967): plugged=true pluggin=true

D/PowerUI ( 2788): plugged = true, health = 2, mBatteryLevel = 80, mPluggedBatteryLevel = 80, mLowBatteryWarningLevel2 = 25, mshowLowChargingWarning2 = true

D/HtcPowerSaver(  967): updateBatteryInfo

D/PMS     (  967): runPSCheck

D/HtcPowerSaver(  967): Checking...

I/HtcPowerSaver(  967): >> updateStatus

D/WifiController(  967): battery changed pluggedType: 2

I/HtcPowerSaver(  967): updateStatus (8000,80,-1,false,false,false,-1)

I/HtcPowerSaver(  967): << updateStatus

D/PMS     (  967): acquireWL(8c4c741): PARTIAL_WAKE_LOCK  encrypted_tag 0x1 18483 10311 null

D/PMS     (  967): releaseWL(8c4c741): PARTIAL_WAKE_LOCK  encrypted_tag 0x1 null

D/PMS     (  967): acquireWL(dc4d4e6): PARTIAL_WAKE_LOCK  encrypted_tag 0x1 18483 10311 null

D/PMS     (  967): releaseWL(dc4d4e6): PARTIAL_WAKE_LOCK  encrypted_tag 0x1 null

D/PMS     (  967): acquireWL(2590ea27): PARTIAL_WAKE_LOCK  encrypted_tag 0x1 18483 10311 null

D/PMS     (  967): releaseWL(2590ea27): PARTIAL_WAKE_LOCK  encrypted_tag 0x1 null

D/PMS     (  967): acquireWL(2735c4d4): PARTIAL_WAKE_LOCK  encrypted_tag 0x1 18483 10311 null

D/PMS     (  967): releaseWL(2735c4d4): PARTIAL_WAKE_LOCK  encrypted_tag 0x1 null

D/PMS     (  967): acquireWL(23d5967d): PARTIAL_WAKE_LOCK  encrypted_tag 0x1 18483 10311 null

D/PMS     (  967): releaseWL(23d5967d): PARTIAL_WAKE_LOCK  encrypted_tag 0x1 null

D/PMS     (  967): acquireWL(37795972): PARTIAL_WAKE_LOCK  encrypted_tag 0x1 18483 10311 null

D/PMS     (  967): releaseWL(37795972): PARTIAL_WAKE_LOCK  encrypted_tag 0x1 null

I/PackageManager(  967):  setEnabledSetting(), pkgName=com.htc.zero, clsName=com.baidu.android.pushservice.PushService, state=2, flag=1, pid=22559, uid=10053, userID:0

I/PackageManager(  967):  setEnabledSetting(), pkgName=com.htc.zero, clsName=com.baidu.android.pushservice.PushServiceReceiver, state=2, flag=1, pid=22559, uid=10053, userID:0

I/PackageManager(  967):  setEnabledSetting(), pkgName=com.htc.zero, clsName=com.baidu.android.pushservice.RegistrationReceiver, state=2, flag=1, pid=22559, uid=10053, userID:0

D/PMS     (  967): acquireWL(792fa21): PARTIAL_WAKE_LOCK  *alarm* 0x1 967 1000 WorkSource{1000}

D/WifiDisplayAdapter(  967): getWifiDisplayStatusLocked: result=WifiDisplayStatus{featureState=3, scanState=0, activeDisplayState=0, activeDisplay=null, displays=[], sessionInfo=WifiDisplaySessionInfo:

D/WifiDisplayAdapter(  967):     Client/Owner: Client

D/WifiDisplayAdapter(  967):     GroupId: 

D/WifiDisplayAdapter(  967):     Passphrase: 

D/WifiDisplayAdapter(  967):     SessionId: 0

D/WifiDisplayAdapter(  967):     IP Address: }

V/AlarmManager(  967): sending alarm PendingIntent{903b2a5: PendingIntentRecord{79f867a android broadcastIntent}}, i=com.android.server.WifiManager.action.START_SCAN, t=1, cnt=1, w=1450259199698, Int=20000

V/AlarmManager(  967): sending alarm PendingIntent{2485fe45: PendingIntentRecord{ee4799a air.fyzb3 broadcastIntent}}, i=fyzb.alam.action, t=3, cnt=1, w=151543300, Int=60000

V/AlarmManager(  967): sending alarm PendingIntent{1850be46: PendingIntentRecord{3f9def9c com.dangdang.buy2 broadcastIntent}}, i=io.rong.push.HeartBeat, t=3, cnt=1, w=151543833, Int=0

D/PMS     (  967): acquireWL(247e8807): PARTIAL_WAKE_LOCK  wake:com.dangdang.buy2/io.rong.push.PushService 0x1 15350 10139 null

D/PMS     (  967): releaseWL(792fa21): PARTIAL_WAKE_LOCK  *alarm* 0x1 WorkSource{10139}

D/ActivityManager(  967): deliveredStarts size = 302, ServiceRecord{3c937711 u0 com.dangdang.buy2/io.rong.push.PushService}

D/PMS     (  967): releaseWL(247e8807): PARTIAL_WAKE_LOCK  wake:com.dangdang.buy2/io.rong.push.PushService 0x1 null

D/WifiService(  967): releaseMulticastLock pid=18875, uid=10128

D/WifiService(  967): removeMulticasterLocked

D/WifiService(  967): acquireMulticastLock pid=18875, uid=10128

W/ActivityManager(  967): getTasks: caller 10183 does not hold GET_TASKS; limiting output

W/ActivityManager(  967): getTasks: caller 10183 does not hold GET_TASKS; limiting output

D/WifiDisplayAdapter(  967): getWifiDisplayStatusLocked: result=WifiDisplayStatus{featureState=3, scanState=0, activeDisplayState=0, activeDisplay=null, displays=[], sessionInfo=WifiDisplaySessionInfo:

D/WifiDisplayAdapter(  967):     Client/Owner: Client

D/WifiDisplayAdapter(  967):     GroupId: 

D/WifiDisplayAdapter(  967):     Passphrase: 

D/WifiDisplayAdapter(  967):     SessionId: 0

D/WifiDisplayAdapter(  967):     IP Address: }

W/ActivityManager(  967): getTasks: caller 10005 does not hold GET_TASKS; limiting output

W/ContextImpl(  967): Calling a method in the system process without a qualified user: android.app.ContextImpl.sendBroadcast:1459 com.android.server.wifi.WifiStateMachine.sendDongleScanResultsAvailableBroadcast:14114 com.android.server.wifi.WifiStateMachine.handleMediaLinkEvent:14279 com.android.server.wifi.WifiStateMachine.access$5800:265 com.android.server.wifi.WifiStateMachine$SupplicantStartedState.processMessage:8070 

I/PMS     (  967): Going to sleep due to screen timeout (uid 1000)...

I/PMS     (  967): Sleeping (uid 1000)...

D/XAN-DPS (  967): prepareColorFade 1

W/PMN     (  967): goingToSleep

D/ActivityManager(  967): getTaskThumbnailLocked mainThumbnail is null, TaskRecord{33cf0cae #8883 A=.Prism U=0 sz=1}

D/PMS     (  967): acquireWL(2c6fcc59): PARTIAL_WAKE_LOCK  ActivityManager-Sleep 0x1 967 1000 null

D/PMS     (  967): acquireWL(10f670ff): PARTIAL_WAKE_LOCK  show keyguard 0x1 2788 10196 null

W/PMN     (  967): goingToSleep done

D/PMS     (  967): releaseWL(2c6fcc59): PARTIAL_WAKE_LOCK  ActivityManager-Sleep 0x1 null

D/AlarmManager(  967): ACTION_SCREEN_OFF

I/AlarmManager(  967): [AlarmQueuing] screen off now: 

I/AlarmManager(  967): [AlarmQueuing] data connection: true

I/AlarmManager(  967): [AlarmQueuing] wifi connection: true

D/XAN-DPS (  967): prepareColorFade done

D/XAN-DPS (  967): setBrightness to 0

W/ContextImpl(22348): Calling a method in the system process without a qualified user: android.app.ContextImpl.startService:1824 android.content.ContextWrapper.startService:515 android.content.ContextWrapper.startService:515 com.htc.htcpowermanager.battery.PowerUsageReceiver.onReceive:13 android.app.ActivityThread.handleReceiver:2712 

D/PMS     (  967): acquireWL(cc0502a): PARTIAL_WAKE_LOCK  WifiSuspend 0x1 967 1000 null

I/DisplayManagerService(  967): Display device changed: DisplayDeviceInfo{"内置屏幕": 1080 x 1920, 60.0 fps, supportedRefreshRates [60.0], density 480, 472.965 x 473.475 dpi, appVsyncOff 0, presDeadline 17666667, touch INTERNAL, rotation 0, type BUILT_IN, state OFF, FLAG_DEFAULT_DISPLAY, FLAG_ROTATES_WITH_CONTENT, FLAG_SECURE, FLAG_SUPPORTS_PROTECTED_BUFFERS}

D/WifiDisplayAdapter(  967): getWifiDisplayStatusLocked: result=WifiDisplayStatus{featureState=3, scanState=0, activeDisplayState=0, activeDisplay=null, displays=[], sessionInfo=WifiDisplaySessionInfo:

D/WifiDisplayAdapter(  967):     Client/Owner: Client

D/WifiDisplayAdapter(  967):     GroupId: 

D/WifiDisplayAdapter(  967):     Passphrase: 

D/WifiDisplayAdapter(  967):     SessionId: 0

D/WifiDisplayAdapter(  967):     IP Address: }

V/ActivityManager(  967): Display changed displayId=0

D/NetworkPolicy(  967): updateScreenOn: false

V/NetworkPolicy(  967): updateIfacesLocked()

E/NetworkTemplate(  967): matches unknown network template

E/NetworkTemplate(  967): matches unknown network template

E/NetworkTemplate(  967): matches unknown network template

E/NetworkTemplate(  967): matches unknown network template

E/NetworkTemplate(  967): matches unknown network template

W/ContextImpl(22348): Calling a method in the system process without a qualified user: android.app.ContextImpl.startService:1824 android.content.ContextWrapper.startService:515 android.content.ContextWrapper.startService:515 com.htc.htcpowermanager.smartsync.SmartSyncDataLinkTurnOffReceiver.onReceive:22 android.app.ActivityThread.handleReceiver:2712 

D/NetworkManagementService(  967): isBandwidthControlEnabled: doneSignal.getCount()= 0

D/PMS     (  967): releaseWL(cc0502a): PARTIAL_WAKE_LOCK  WifiSuspend 0x1 null

D/PMS     (  967): acquireWL(d8a3bb8): PARTIAL_WAKE_LOCK  SmartSyncScreenOnOffTimeReceiver_3 0x1 22348 1000 null

D/PMS     (  967): Setting HAL interactive mode to false

D/PMS     (  967): Setting HAL interactive mode to false done

D/PMS     (  967): Setting HAL auto-suspend mode to true

D/PMS     (  967): Setting HAL auto-suspend mode done

D/HABCtrl (  967): TPE algorithm. remove timeout.

I/InputMethodManagerService(  967): screenObserver, isScreenOn=false

D/StatusBarManagerService(  967): swetImeWindowStatus vis=0 backDisposition=0

I/InputMethodManagerService(  967): Disable input method client, pid=3397

D/PMS     (  967): OOBE c monitor 11

