I/nativeProcess(18972): iqiyi message: ==== do something  executeCmd isProcessExist true =====

E/MediaProvider(15467): [recoverParentNodes] file not exist 

E/MediaProvider(15467): [recoverParentNodes] file not exist 

D/MediaProvider(15467): [recoverParentNodes] - 0

D/MediaProvider(15467): [update][579]

D/MediaScannerServiceEx(15467): [scan] Recover Parent Node is finished!

D/MediaScannerServiceEx(15467): [updateImage]+

D/MediaScannerServiceEx(15467): [updateImage]-0

I/SoundPicker(24629): SoundPickerReceiver [onReceive] action = android.intent.action.MEDIA_SCANNER_FINISHED

D/MediaScannerServiceEx(15467): [4] scan finished

I/SoundPicker(24629): SoundPickerReceiver [onReceive] startService

D/PMS     (  967): releaseWL(3d1ed652): PARTIAL_WAKE_LOCK  MediaScannerService 0x1 null

I/SoundPicker(24629): TurnFileToMediaUriService onHandleIntent - Intent { act=com.htc.sdm.TurnFileToMediaUriService cmp=com.htc.sdm/.service.TurnFileToMediaUriService (has extras) }

D/DFPI.PIReciver(24653): onReceiver action:android.intent.action.MEDIA_SCANNER_FINISHED

V/SoundPicker(24629): TurnFileToMediaUriService fromMediaScanned = true

I/SoundPicker(24629): TurnFileToMediaUriService [turnFileUriIntoMediaUri]

D/RingtoneManager(24629): getActualDefaultRingtoneUri(context, 1, mode_gsm)

I/SoundPicker(24629): SoundPickerUtil [getRingtone] uri=content://media/internal/audio/media/424 type=1

W/SoundPicker(24629): TurnFileToMediaUriService [type] = 1 [turnFileUriIntoMediaUri] already converted uri = content://media/internal/audio/media/424

D/RingtoneManager(24629): getActualDefaultRingtoneUri(context, 1, mode_cdma)

I/SoundPicker(24629): SoundPickerUtil [getRingtone] uri=content://media/internal/audio/media/424 type=2

W/SoundPicker(24629): TurnFileToMediaUriService [type] = 2 [turnFileUriIntoMediaUri] already converted uri = content://media/internal/audio/media/424

D/RingtoneManager(24629): getActualDefaultRingtoneUri(context, 1, mode_wcdma)

I/SoundPicker(24629): SoundPickerUtil [getRingtone] uri=content://media/internal/audio/media/424 type=3

W/SoundPicker(24629): TurnFileToMediaUriService [type] = 3 [turnFileUriIntoMediaUri] already converted uri = content://media/internal/audio/media/424

D/RingtoneManager(24629): getActualDefaultRingtoneUri(context, 2)

I/SoundPicker(24629): SoundPickerUtil [getRingtone] uri=content://media/internal/audio/media/400 type=4

W/SoundPicker(24629): TurnFileToMediaUriService [type] = 4 [turnFileUriIntoMediaUri] already converted uri = content://media/internal/audio/media/400

D/RingtoneManager(24629): getActualDefaultRingtoneUri(context, 4)

I/SoundPicker(24629): SoundPickerUtil [getRingtone] uri=content://media/internal/audio/media/370 type=5

W/SoundPicker(24629): TurnFileToMediaUriService [type] = 5 [turnFileUriIntoMediaUri] already converted uri = content://media/internal/audio/media/370

I/SoundPicker(24629): SoundPickerUtil [getRingtone] uri=content://media/internal/audio/media/398 type=6

W/SoundPicker(24629): TurnFileToMediaUriService [type] = 6 [turnFileUriIntoMediaUri] already converted uri = content://media/internal/audio/media/398

I/SoundPicker(24629): SoundPickerUtil [getRingtone] uri=content://media/internal/audio/media/404 type=7

W/SoundPicker(24629): TurnFileToMediaUriService [type] = 7 [turnFileUriIntoMediaUri] already converted uri = content://media/internal/audio/media/404

I/SoundPicker(24629): SoundPickerUtil [getRingtone] uri=content://media/internal/audio/media/406 type=8

W/SoundPicker(24629): TurnFileToMediaUriService [type] = 8 [turnFileUriIntoMediaUri] already converted uri = content://media/internal/audio/media/406

I/SoundPicker(24629): SoundPickerUtil [getRingtone] uri=content://media/internal/audio/media/400 type=9

W/SoundPicker(24629): TurnFileToMediaUriService [type] = 9 [turnFileUriIntoMediaUri] already converted uri = content://media/internal/audio/media/400

I/SoundPicker(24629): TurnFileToMediaUriService [checkFileExistence]

D/RingtoneManager(24629): getActualDefaultRingtoneUri(context, 1, mode_gsm)

I/SoundPicker(24629): SoundPickerUtil [getRingtone] uri=content://media/internal/audio/media/424 type=1

I/SoundPicker(24629): TurnFileToMediaUriService [type] = 1 [checkFileExistence] get current setting uri = content://media/internal/audio/media/424

D/MediaScannerServiceEx(15467): [ServiceHandler][handleMessage] , action: android.intent.action.MEDIA_MOUNTED, Id: 0, path: /storage/emulated/0/Android/data/com.genshuixue.student/cache/p_cache

D/PMS     (  967): acquireWL(36535220): PARTIAL_WAKE_LOCK  *alarm* 0x1 967 1000 WorkSource{10157}

V/AlarmManager(  967): sending alarm PendingIntent{293fe7d9: PendingIntentRecord{1d9ebd5e air.fyzb3 broadcastIntent}}, i=AlarmTaskSchedule.air.fyzb3, t=0, cnt=1, w=1450259247572, Int=0

D/MediaProviderUtils(15467): calcVolumeId: /storage/emulated/0

D/MediaProviderUtils(15467): calcVolumeId: /storage/ext_sd

D/MediaProviderUtils(15467): calcVolumeId: /storage/usb

D/MediaScannerServiceEx(15467): [handleExternalVolume] android.intent.action.MEDIA_MOUNTED : [vol] 11223344 : #0

D/MediaScannerServiceEx(15467): [AliveExtStorageRows]+65537, 11223344

I/SoundPicker(24629): SoundPickerUtil [getFilePathByAudioContentUri] filePath = /system/media/audio/ringtones/Dahlia.flac

I/SoundPicker(24629): TurnFileToMediaUriService [type] = 1 [checkFileExistence] get original file path = /system/media/audio/ringtones/Dahlia.flac

I/SoundPicker(24629): TurnFileToMediaUriService [type] = 1 [checkFileExistence] fileExisted = /system/media/audio/ringtones/Dahlia.flac

D/RingtoneManager(24629): getActualDefaultRingtoneUri(context, 1, mode_cdma)

I/SoundPicker(24629): SoundPickerUtil [getRingtone] uri=content://media/internal/audio/media/424 type=2

I/SoundPicker(24629): TurnFileToMediaUriService [type] = 2 [checkFileExistence] get current setting uri = content://media/internal/audio/media/424

I/DFPI.ApkInstallService(24653): onHandleIntent

I/DFPI.ApkInstallService(24653): Media Scan Finished Case 

D/PMS     (  967): acquireWL(19dcb87f): PARTIAL_WAKE_LOCK  encrypted_tag 0x1 19700 10157 null

D/PMS     (  967): releaseWL(19dcb87f): PARTIAL_WAKE_LOCK  encrypted_tag 0x1 null

D/PMS     (  967): acquireWL(346b704c): PARTIAL_WAKE_LOCK  encrypted_tag 0x1 19700 10157 null

D/PMS     (  967): releaseWL(346b704c): PARTIAL_WAKE_LOCK  encrypted_tag 0x1 null

D/PMS     (  967): acquireWL(34be2895): PARTIAL_WAKE_LOCK  encrypted_tag 0x1 19700 10157 null

D/PMS     (  967): releaseWL(34be2895): PARTIAL_WAKE_LOCK  encrypted_tag 0x1 null

D/PMS     (  967): acquireWL(1d92ddaa): PARTIAL_WAKE_LOCK  encrypted_tag 0x1 19700 10157 null

D/PMS     (  967): releaseWL(1d92ddaa): PARTIAL_WAKE_LOCK  encrypted_tag 0x1 null

I/art     (15467): Explicit concurrent mark sweep GC freed 162977(6MB) AllocSpace objects, 0(0B) LOS objects, 70% free, 1733KB/5MB, paused 4.089ms total 80.787ms

D/DFPI.ApkInstallService(24653): check CID = HTCCN704

D/PMS     (  967): acquireWL(328e5d9b): PARTIAL_WAKE_LOCK  encrypted_tag 0x1 19700 10157 null

I/DFPI.ApkInstallService(24653): There is no Demo.apk in sd card or phone storage

D/PMS     (  967): releaseWL(36535220): PARTIAL_WAKE_LOCK  *alarm* 0x1 WorkSource{10157}

I/SoundPicker(24629): SoundPickerUtil [getFilePathByAudioContentUri] filePath = /system/media/audio/ringtones/Dahlia.flac

I/SoundPicker(24629): TurnFileToMediaUriService [type] = 2 [checkFileExistence] get original file path = /system/media/audio/ringtones/Dahlia.flac

I/SoundPicker(24629): TurnFileToMediaUriService [type] = 2 [checkFileExistence] fileExisted = /system/media/audio/ringtones/Dahlia.flac

D/RingtoneManager(24629): getActualDefaultRingtoneUri(context, 1, mode_wcdma)

I/SoundPicker(24629): SoundPickerUtil [getRingtone] uri=content://media/internal/audio/media/424 type=3

I/SoundPicker(24629): TurnFileToMediaUriService [type] = 3 [checkFileExistence] get current setting uri = content://media/internal/audio/media/424

D/PMS     (  967): releaseWL(328e5d9b): PARTIAL_WAKE_LOCK  encrypted_tag 0x1 null

I/SoundPicker(24629): SoundPickerUtil [getFilePathByAudioContentUri] filePath = /system/media/audio/ringtones/Dahlia.flac

I/SoundPicker(24629): TurnFileToMediaUriService [type] = 3 [checkFileExistence] get original file path = /system/media/audio/ringtones/Dahlia.flac

I/SoundPicker(24629): TurnFileToMediaUriService [type] = 3 [checkFileExistence] fileExisted = /system/media/audio/ringtones/Dahlia.flac

D/RingtoneManager(24629): getActualDefaultRingtoneUri(context, 2)

I/SoundPicker(24629): SoundPickerUtil [getRingtone] uri=content://media/internal/audio/media/400 type=4

I/SoundPicker(24629): TurnFileToMediaUriService [type] = 4 [checkFileExistence] get current setting uri = content://media/internal/audio/media/400

I/SoundPicker(24629): SoundPickerUtil [getFilePathByAudioContentUri] filePath = /system/media/audio/notifications/Lotus.flac

I/SoundPicker(24629): TurnFileToMediaUriService [type] = 4 [checkFileExistence] get original file path = /system/media/audio/notifications/Lotus.flac

I/SoundPicker(24629): TurnFileToMediaUriService [type] = 4 [checkFileExistence] fileExisted = /system/media/audio/notifications/Lotus.flac

D/RingtoneManager(24629): getActualDefaultRingtoneUri(context, 4)

I/SoundPicker(24629): SoundPickerUtil [getRingtone] uri=content://media/internal/audio/media/370 type=5

I/SoundPicker(24629): TurnFileToMediaUriService [type] = 5 [checkFileExistence] get current setting uri = content://media/internal/audio/media/370

I/SoundPicker(24629): SoundPickerUtil [getFilePathByAudioContentUri] filePath = /system/media/audio/alarms/Foxglove.flac

I/SoundPicker(24629): TurnFileToMediaUriService [type] = 5 [checkFileExistence] get original file path = /system/media/audio/alarms/Foxglove.flac

I/SoundPicker(24629): TurnFileToMediaUriService [type] = 5 [checkFileExistence] fileExisted = /system/media/audio/alarms/Foxglove.flac

I/SoundPicker(24629): SoundPickerUtil [getRingtone] uri=content://media/internal/audio/media/398 type=6

I/SoundPicker(24629): TurnFileToMediaUriService [type] = 6 [checkFileExistence] get current setting uri = content://media/internal/audio/media/398

I/SoundPicker(24629): SoundPickerUtil [getFilePathByAudioContentUri] filePath = /system/media/audio/notifications/Lilac.flac

I/SoundPicker(24629): TurnFileToMediaUriService [type] = 6 [checkFileExistence] get original file path = /system/media/audio/notifications/Lilac.flac

I/SoundPicker(24629): TurnFileToMediaUriService [type] = 6 [checkFileExistence] fileExisted = /system/media/audio/notifications/Lilac.flac

I/SoundPicker(24629): SoundPickerUtil [getRingtone] uri=content://media/internal/audio/media/404 type=7

I/SoundPicker(24629): TurnFileToMediaUriService [type] = 7 [checkFileExistence] get current setting uri = content://media/internal/audio/media/404

I/SoundPicker(24629): SoundPickerUtil [getFilePathByAudioContentUri] filePath = /system/media/audio/notifications/Orchid.flac

I/SoundPicker(24629): TurnFileToMediaUriService [type] = 7 [checkFileExistence] get original file path = /system/media/audio/notifications/Orchid.flac

I/SoundPicker(24629): TurnFileToMediaUriService [type] = 7 [checkFileExistence] fileExisted = /system/media/audio/notifications/Orchid.flac

I/SoundPicker(24629): SoundPickerUtil [getRingtone] uri=content://media/internal/audio/media/406 type=8

I/SoundPicker(24629): TurnFileToMediaUriService [type] = 8 [checkFileExistence] get current setting uri = content://media/internal/audio/media/406

I/SoundPicker(24629): SoundPickerUtil [getFilePathByAudioContentUri] filePath = /system/media/audio/notifications/Sage.flac

I/SoundPicker(24629): TurnFileToMediaUriService [type] = 8 [checkFileExistence] get original file path = /system/media/audio/notifications/Sage.flac

I/SoundPicker(24629): TurnFileToMediaUriService [type] = 8 [checkFileExistence] fileExisted = /system/media/audio/notifications/Sage.flac

I/SoundPicker(24629): SoundPickerUtil [getRingtone] uri=content://media/internal/audio/media/400 type=9

I/SoundPicker(24629): TurnFileToMediaUriService [type] = 9 [checkFileExistence] get current setting uri = content://media/internal/audio/media/400

I/SoundPicker(24629): SoundPickerUtil [getFilePathByAudioContentUri] filePath = /system/media/audio/notifications/Lotus.flac

I/SoundPicker(24629): TurnFileToMediaUriService [type] = 9 [checkFileExistence] get original file path = /system/media/audio/notifications/Lotus.flac

I/SoundPicker(24629): TurnFileToMediaUriService [type] = 9 [checkFileExistence] fileExisted = /system/media/audio/notifications/Lotus.flac

D/libc    (19700): [NET] android_getaddrinfofornet+,hn 25(0x73646b2e6f7065),sn(),hints(known),family 0,flags 4

D/libc    (19700): [NET] android_getaddrinfofornet-, err=8

D/libc    (19700): [NET] android_getaddrinfofornet+,hn 25(0x73646b2e6f7065),sn(),hints(known),family 0,flags 1024

D/libc    (19700): [NET] android_getaddrinfofornet-, pass to proxy

D/libc    (19700): [NET] android_getaddrinfo_proxy+

D/libc    (19700): [NET] android_getaddrinfo_proxy get netid:0

D/libc    (  291): [NET] android_getaddrinfofornet+,hn 25(0x73646b2e6f7065),sn(),hints(known),family 0,flags 1024

D/libc    (  291): [NET] _dns_getaddrinfo+, netid:287, mark:917791

D/libc    (  291): [NET] _dns_getaddrinfo-, (NS_SUCCESS)

D/libc    (  291): [NET] android_getaddrinfofornet-, SUCCESS

D/libc    (19700): [NET] android_getaddrinfo_proxy-, success

D/libc    (19700): [NET] android_getaddrinfofornet+,hn 13(0x3138332e313331),sn(),hints(known),family 0,flags 4

D/libc    (19700): [NET] android_getaddrinfofornet-, SUCCESS

I/art     (  967): Explicit concurrent mark sweep GC freed 23383(1235KB) AllocSpace objects, 0(0B) LOS objects, 31% free, 34MB/50MB, paused 1.709ms total 145.154ms

D/libc    (19700): [NET] android_getaddrinfofornet+,hn 25(0x73646b2e6f7065),sn(),hints(known),family 0,flags 4

D/libc    (19700): [NET] android_getaddrinfofornet-, err=8

D/PMS     (  967): acquireWL(28054538): PARTIAL_WAKE_LOCK  encrypted_tag 0x1 19700 10157 null

D/PMS     (  967): releaseWL(28054538): PARTIAL_WAKE_LOCK  encrypted_tag 0x1 null

D/WifiManager(19700): getScanResults: Base Package Name=air.fyzb3, uid=10157

D/libc    (19700): [NET] android_getaddrinfofornet+,hn 13(0x3138332e313331),sn(),hints(known),family 0,flags 4

D/libc    (19700): [NET] android_getaddrinfofornet-, SUCCESS

D/libc    (19700): [NET] android_getaddrinfofornet+,hn 25(0x73646b2e6f7065),sn(),hints(known),family 0,flags 4

D/libc    (19700): [NET] android_getaddrinfofornet-, err=8

D/libc    (19700): [NET] android_getaddrinfofornet+,hn 13(0x3138332e313331),sn(),hints(known),family 0,flags 4

D/libc    (19700): [NET] android_getaddrinfofornet-, SUCCESS

D/LocationManagerService(  967): getLastLocation: Request[POWER_LOW network requested=0 fastest=0 num=1]

D/MediaProvider(15467): [update][482]#0#

D/MediaProvider(15467): [update][1]#0#

D/MediaProvider(15467): [sendStorageAddedIfNeed]: /storage/emulated/0 : mounted

D/MtpService(15467): [sendStorageAdded] Already send to MTP: /storage/emulated/0

D/MediaProvider(15467): [update][7]#1#

D/MediaScannerServiceEx(15467): [AliveExtStorageRows]-0, 0

D/PMS     (  967): acquireWL(26a5b911): PARTIAL_WAKE_LOCK  MediaScannerService 0x1 15467 10034 null

D/MediaScanner(15467): =====scanDirectories===== volumeName = external , scanAllFile = true , layer = -1

W/MediaScanner(15467): Error opening directory '/storage/emulated/0/Android/data/com.genshuixue.student/cache/p_cache/', skipping: No such file or directory.

W/MediaScanner(15467): Error opening directory '/storage/emulated/0/Android/data/com.genshuixue.student/cache/p_cache/', skipping: No such file or directory.

D/MediaScanner(15467):  prescan time: 9ms

D/MediaScanner(15467):     scan time: 1ms

D/MediaScanner(15467): postscan time: 2ms

D/MediaScanner(15467):    total time: 12ms

D/MediaScanner(15467): -----------------------------------------------------------------

D/MediaScanner(15467): firstscan(media) time: 1ms

D/MediaScanner(15467): secondscan(non-media) time: 0ms

D/MediaScanner(15467):  [Update]   Image: 0 Video: 0 Audio: 0 Other: 0

D/MediaScanner(15467):  [Insert]   Image: 0 Video: 0 Audio: 0 Other: 0

D/MediaScanner(15467):  [Delete]   Image: 0 Video: 0 Audio: 0 Other: 0

D/MediaScanner(15467):  [Total]    File(Image+Video+Audio+Others) in database : 0

D/MediaProvider(15467): [delete][10]

D/MediaProvider(15467): [recoverParentNodes] + parent != 0 and parent not in (SELECT DISTINCT _id from files where format = 12289)

E/MediaProvider(15467): [recoverParentNodes] file not exist 

E/MediaProvider(15467): [recoverParentNodes] file not exist 

D/MediaProvider(15467): [recoverParentNodes] - 0

D/MediaProvider(15467): [update][528]

D/MediaScannerServiceEx(15467): [scan] Recover Parent Node is finished!

D/MediaScannerServiceEx(15467): [updateImage]+

D/FyzbDownloadService(17801): clean download tasks, list size: 0

D/MediaScannerServiceEx(15467): [updateImage]-0

D/PMS     (  967): releaseWL(26a5b911): PARTIAL_WAKE_LOCK  MediaScannerService 0x1 null

D/MediaScannerServiceEx(15467): [5] scan finished

I/SoundPicker(24629): SoundPickerReceiver [onReceive] action = android.intent.action.MEDIA_SCANNER_FINISHED

I/SoundPicker(24629): SoundPickerReceiver [onReceive] startService

D/DFPI.PIReciver(24653): onReceiver action:android.intent.action.MEDIA_SCANNER_FINISHED

I/SoundPicker(24629): TurnFileToMediaUriService onHandleIntent - Intent { act=com.htc.sdm.TurnFileToMediaUriService cmp=com.htc.sdm/.service.TurnFileToMediaUriService (has extras) }

V/SoundPicker(24629): TurnFileToMediaUriService fromMediaScanned = true

I/SoundPicker(24629): TurnFileToMediaUriService [turnFileUriIntoMediaUri]

D/RingtoneManager(24629): getActualDefaultRingtoneUri(context, 1, mode_gsm)

I/SoundPicker(24629): SoundPickerUtil [getRingtone] uri=content://media/internal/audio/media/424 type=1

W/SoundPicker(24629): TurnFileToMediaUriService [type] = 1 [turnFileUriIntoMediaUri] already converted uri = content://media/internal/audio/media/424

D/RingtoneManager(24629): getActualDefaultRingtoneUri(context, 1, mode_cdma)

I/SoundPicker(24629): SoundPickerUtil [getRingtone] uri=content://media/internal/audio/media/424 type=2

W/SoundPicker(24629): TurnFileToMediaUriService [type] = 2 [turnFileUriIntoMediaUri] already converted uri = content://media/internal/audio/media/424

D/RingtoneManager(24629): getActualDefaultRingtoneUri(context, 1, mode_wcdma)

I/SoundPicker(24629): SoundPickerUtil [getRingtone] uri=content://media/internal/audio/media/424 type=3

W/SoundPicker(24629): TurnFileToMediaUriService [type] = 3 [turnFileUriIntoMediaUri] already converted uri = content://media/internal/audio/media/424

D/RingtoneManager(24629): getActualDefaultRingtoneUri(context, 2)

I/SoundPicker(24629): SoundPickerUtil [getRingtone] uri=content://media/internal/audio/media/400 type=4

W/SoundPicker(24629): TurnFileToMediaUriService [type] = 4 [turnFileUriIntoMediaUri] already converted uri = content://media/internal/audio/media/400

D/RingtoneManager(24629): getActualDefaultRingtoneUri(context, 4)

I/SoundPicker(24629): SoundPickerUtil [getRingtone] uri=content://media/internal/audio/media/370 type=5

W/SoundPicker(24629): TurnFileToMediaUriService [type] = 5 [turnFileUriIntoMediaUri] already converted uri = content://media/internal/audio/media/370

I/SoundPicker(24629): SoundPickerUtil [getRingtone] uri=content://media/internal/audio/media/398 type=6

W/SoundPicker(24629): TurnFileToMediaUriService [type] = 6 [turnFileUriIntoMediaUri] already converted uri = content://media/internal/audio/media/398

I/SoundPicker(24629): SoundPickerUtil [getRingtone] uri=content://media/internal/audio/media/404 type=7

W/SoundPicker(24629): TurnFileToMediaUriService [type] = 7 [turnFileUriIntoMediaUri] already converted uri = content://media/internal/audio/media/404

I/SoundPicker(24629): SoundPickerUtil [getRingtone] uri=content://media/internal/audio/media/406 type=8

W/SoundPicker(24629): TurnFileToMediaUriService [type] = 8 [turnFileUriIntoMediaUri] already converted uri = content://media/internal/audio/media/406

I/SoundPicker(24629): SoundPickerUtil [getRingtone] uri=content://media/internal/audio/media/400 type=9

W/SoundPicker(24629): TurnFileToMediaUriService [type] = 9 [turnFileUriIntoMediaUri] already converted uri = content://media/internal/audio/media/400

I/SoundPicker(24629): TurnFileToMediaUriService [checkFileExistence]

D/RingtoneManager(24629): getActualDefaultRingtoneUri(context, 1, mode_gsm)

I/SoundPicker(24629): SoundPickerUtil [getRingtone] uri=content://media/internal/audio/media/424 type=1

I/SoundPicker(24629): TurnFileToMediaUriService [type] = 1 [checkFileExistence] get current setting uri = content://media/internal/audio/media/424

I/DFPI.ApkInstallService(24653): onHandleIntent

I/DFPI.ApkInstallService(24653): Media Scan Finished Case 

D/DFPI.ApkInstallService(24653): check CID = HTCCN704

I/DFPI.ApkInstallService(24653): There is no Demo.apk in sd card or phone storage

I/SoundPicker(24629): SoundPickerUtil [getFilePathByAudioContentUri] filePath = /system/media/audio/ringtones/Dahlia.flac

I/SoundPicker(24629): TurnFileToMediaUriService [type] = 1 [checkFileExistence] get original file path = /system/media/audio/ringtones/Dahlia.flac

I/SoundPicker(24629): TurnFileToMediaUriService [type] = 1 [checkFileExistence] fileExisted = /system/media/audio/ringtones/Dahlia.flac

D/RingtoneManager(24629): getActualDefaultRingtoneUri(context, 1, mode_cdma)

I/SoundPicker(24629): SoundPickerUtil [getRingtone] uri=content://media/internal/audio/media/424 type=2

I/SoundPicker(24629): TurnFileToMediaUriService [type] = 2 [checkFileExistence] get current setting uri = content://media/internal/audio/media/424

I/SoundPicker(24629): SoundPickerUtil [getFilePathByAudioContentUri] filePath = /system/media/audio/ringtones/Dahlia.flac

I/SoundPicker(24629): TurnFileToMediaUriService [type] = 2 [checkFileExistence] get original file path = /system/media/audio/ringtones/Dahlia.flac

I/SoundPicker(24629): TurnFileToMediaUriService [type] = 2 [checkFileExistence] fileExisted = /system/media/audio/ringtones/Dahlia.flac

D/RingtoneManager(24629): getActualDefaultRingtoneUri(context, 1, mode_wcdma)

I/SoundPicker(24629): SoundPickerUtil [getRingtone] uri=content://media/internal/audio/media/424 type=3

I/SoundPicker(24629): TurnFileToMediaUriService [type] = 3 [checkFileExistence] get current setting uri = content://media/internal/audio/media/424

I/SoundPicker(24629): SoundPickerUtil [getFilePathByAudioContentUri] filePath = /system/media/audio/ringtones/Dahlia.flac

I/SoundPicker(24629): TurnFileToMediaUriService [type] = 3 [checkFileExistence] get original file path = /system/media/audio/ringtones/Dahlia.flac

I/SoundPicker(24629): TurnFileToMediaUriService [type] = 3 [checkFileExistence] fileExisted = /system/media/audio/ringtones/Dahlia.flac

D/RingtoneManager(24629): getActualDefaultRingtoneUri(context, 2)

I/SoundPicker(24629): SoundPickerUtil [getRingtone] uri=content://media/internal/audio/media/400 type=4

I/SoundPicker(24629): TurnFileToMediaUriService [type] = 4 [checkFileExistence] get current setting uri = content://media/internal/audio/media/400

I/SoundPicker(24629): SoundPickerUtil [getFilePathByAudioContentUri] filePath = /system/media/audio/notifications/Lotus.flac

I/SoundPicker(24629): TurnFileToMediaUriService [type] = 4 [checkFileExistence] get original file path = /system/media/audio/notifications/Lotus.flac

I/SoundPicker(24629): TurnFileToMediaUriService [type] = 4 [checkFileExistence] fileExisted = /system/media/audio/notifications/Lotus.flac

D/RingtoneManager(24629): getActualDefaultRingtoneUri(context, 4)

I/SoundPicker(24629): SoundPickerUtil [getRingtone] uri=content://media/internal/audio/media/370 type=5

I/SoundPicker(24629): TurnFileToMediaUriService [type] = 5 [checkFileExistence] get current setting uri = content://media/internal/audio/media/370

I/SoundPicker(24629): SoundPickerUtil [getFilePathByAudioContentUri] filePath = /system/media/audio/alarms/Foxglove.flac

I/SoundPicker(24629): TurnFileToMediaUriService [type] = 5 [checkFileExistence] get original file path = /system/media/audio/alarms/Foxglove.flac

I/SoundPicker(24629): TurnFileToMediaUriService [type] = 5 [checkFileExistence] fileExisted = /system/media/audio/alarms/Foxglove.flac

I/SoundPicker(24629): SoundPickerUtil [getRingtone] uri=content://media/internal/audio/media/398 type=6

I/SoundPicker(24629): TurnFileToMediaUriService [type] = 6 [checkFileExistence] get current setting uri = content://media/internal/audio/media/398

I/SoundPicker(24629): SoundPickerUtil [getFilePathByAudioContentUri] filePath = /system/media/audio/notifications/Lilac.flac

I/SoundPicker(24629): TurnFileToMediaUriService [type] = 6 [checkFileExistence] get original file path = /system/media/audio/notifications/Lilac.flac

I/SoundPicker(24629): TurnFileToMediaUriService [type] = 6 [checkFileExistence] fileExisted = /system/media/audio/notifications/Lilac.flac

I/SoundPicker(24629): SoundPickerUtil [getRingtone] uri=content://media/internal/audio/media/404 type=7

I/SoundPicker(24629): TurnFileToMediaUriService [type] = 7 [checkFileExistence] get current setting uri = content://media/internal/audio/media/404

I/SoundPicker(24629): SoundPickerUtil [getFilePathByAudioContentUri] filePath = /system/media/audio/notifications/Orchid.flac

I/SoundPicker(24629): TurnFileToMediaUriService [type] = 7 [checkFileExistence] get original file path = /system/media/audio/notifications/Orchid.flac

I/SoundPicker(24629): TurnFileToMediaUriService [type] = 7 [checkFileExistence] fileExisted = /system/media/audio/notifications/Orchid.flac

I/SoundPicker(24629): SoundPickerUtil [getRingtone] uri=content://media/internal/audio/media/406 type=8

I/SoundPicker(24629): TurnFileToMediaUriService [type] = 8 [checkFileExistence] get current setting uri = content://media/internal/audio/media/406

I/SoundPicker(24629): SoundPickerUtil [getFilePathByAudioContentUri] filePath = /system/media/audio/notifications/Sage.flac

I/SoundPicker(24629): TurnFileToMediaUriService [type] = 8 [checkFileExistence] get original file path = /system/media/audio/notifications/Sage.flac

I/SoundPicker(24629): TurnFileToMediaUriService [type] = 8 [checkFileExistence] fileExisted = /system/media/audio/notifications/Sage.flac

I/SoundPicker(24629): SoundPickerUtil [getRingtone] uri=content://media/internal/audio/media/400 type=9

I/SoundPicker(24629): TurnFileToMediaUriService [type] = 9 [checkFileExistence] get current setting uri = content://media/internal/audio/media/400

I/SoundPicker(24629): SoundPickerUtil [getFilePathByAudioContentUri] filePath = /system/media/audio/notifications/Lotus.flac

I/SoundPicker(24629): TurnFileToMediaUriService [type] = 9 [checkFileExistence] get original file path = /system/media/audio/notifications/Lotus.flac

I/SoundPicker(24629): TurnFileToMediaUriService [type] = 9 [checkFileExistence] fileExisted = /system/media/audio/notifications/Lotus.flac

I/nativeProcess(18972): iqiyi message: create--runOnSubprocess isProcessExist true

I/nativeProcess(18972): iqiyi message: ==== do something  executeCmd isProcessExist true =====

W/MediaManager(22529): [DualLensScanUtil]	mmpCursor count is 0

I/ActivityManager(  967): Waited long enough for: ServiceRecord{35cffa2e u0 com.htc.musicenhancer/.EnhancerService}

I/nativeProcess(18972): iqiyi message: create--runOnSubprocess isProcessExist true

I/nativeProcess(18972): iqiyi message: ==== do something  executeCmd isProcessExist true =====

D/SystemUIService( 2788): low memory trim event

I/RecentsTaskLoader( 2788): trim:RUNNING_CRITICAL/COMPLETE

I/art     ( 2788): Explicit concurrent mark sweep GC freed 16376(1029KB) AllocSpace objects, 15(1383KB) LOS objects, 40% free, 20MB/34MB, paused 1.251ms total 103.494ms

D/PMS     (  967): acquireWL(29bd54d): PARTIAL_WAKE_LOCK  *alarm* 0x1 967 1000 WorkSource{10174}

V/AlarmManager(  967): sending alarm PendingIntent{1de57802: PendingIntentRecord{526e650 com.thestore.main broadcastIntent}}, i=AlarmTaskSchedule.com.thestore.main, t=0, cnt=1, w=1450259257239, Int=0

D/PMS     (  967): releaseWL(29bd54d): PARTIAL_WAKE_LOCK  *alarm* 0x1 WorkSource{10174}

D/PMS     (  967): acquireWL(38d0e513): PARTIAL_WAKE_LOCK  encrypted_tag 0x1 20223 10174 null

D/PMS     (  967): releaseWL(38d0e513): PARTIAL_WAKE_LOCK  encrypted_tag 0x1 null

D/PMS     (  967): acquireWL(166f8350): PARTIAL_WAKE_LOCK  encrypted_tag 0x1 20223 10174 null

D/PMS     (  967): releaseWL(166f8350): PARTIAL_WAKE_LOCK  encrypted_tag 0x1 null

D/PMS     (  967): acquireWL(275d7949): PARTIAL_WAKE_LOCK  encrypted_tag 0x1 20223 10174 null

D/PMS     (  967): releaseWL(275d7949): PARTIAL_WAKE_LOCK  encrypted_tag 0x1 null

D/PMS     (  967): acquireWL(1537124e): PARTIAL_WAKE_LOCK  encrypted_tag 0x1 20223 10174 null

D/PMS     (  967): releaseWL(1537124e): PARTIAL_WAKE_LOCK  encrypted_tag 0x1 null

D/PMS     (  967): acquireWL(65abf6f): PARTIAL_WAKE_LOCK  encrypted_tag 0x1 20223 10174 null

D/PMS     (  967): releaseWL(65abf6f): PARTIAL_WAKE_LOCK  encrypted_tag 0x1 null

D/PMS     (  967): acquireWL(19d1847c): PARTIAL_WAKE_LOCK  encrypted_tag 0x1 20223 10174 null

D/PMS     (  967): releaseWL(19d1847c): PARTIAL_WAKE_LOCK  encrypted_tag 0x1 null

D/WifiManager(20223): getScanResults: Base Package Name=com.thestore.main, uid=10174

D/LocationManagerService(  967): getLastLocation: Request[POWER_LOW network requested=0 fastest=0 num=1]

W/ActivityManager(  967): getTasks: caller 10324 does not hold GET_TASKS; limiting output

D/HtcUPManager( 2788): HtcUPServiceProxy onTrimMemory() has been called. Memory Level: 60

I/RecentsTaskLoader( 2788): trim:RUNNING_LOW/MODERATE

I/libpush (22559): TimerRetry {3abab5ee}: run(): Try register on timer ticks.

I/libpush (22559): PnsModel {2a6ab08c}: register(): Registration caused by: TimerRetry$RetryRegistrationTask

I/PackageManager(  967):  setEnabledSetting(), pkgName=com.htc.zero, clsName=com.baidu.android.pushservice.PushService, state=2, flag=1, pid=22559, uid=10053, userID:0

I/PackageManager(  967):  setEnabledSetting(), pkgName=com.htc.zero, clsName=com.baidu.android.pushservice.PushServiceReceiver, state=2, flag=1, pid=22559, uid=10053, userID:0

I/PackageManager(  967):  setEnabledSetting(), pkgName=com.htc.zero, clsName=com.baidu.android.pushservice.RegistrationReceiver, state=2, flag=1, pid=22559, uid=10053, userID:0

I/MyHTC   (22666): IdentityAuthenticatorHelper {1549f218}: getAuthToken(): Getting authToken.

D/libc    (22666): [NET] android_getaddrinfofornet+,hn 16(0x7777772e687463),sn(),hints(known),family 0,flags 4

D/libc    (22666): [NET] android_getaddrinfofornet-, err=8

D/libc    (22666): [NET] android_getaddrinfofornet+,hn 16(0x7777772e687463),sn(),hints(known),family 0,flags 1024

D/libc    (22666): [NET] android_getaddrinfofornet-, pass to proxy

D/libc    (22666): [NET] android_getaddrinfo_proxy+

D/libc    (22666): [NET] android_getaddrinfo_proxy get netid:0

D/libc    (  291): [NET] android_getaddrinfofornet+,hn 16(0x7777772e687463),sn(),hints(known),family 0,flags 1024

D/libc    (  291): [NET] _dns_getaddrinfo+, netid:287, mark:917791

D/libc    (  291): [NET] _dns_getaddrinfo-, (NS_SUCCESS)

D/libc    (  291): [NET] android_getaddrinfofornet-, SUCCESS

D/libc    (22666): [NET] android_getaddrinfo_proxy-, success

I/MyHTC   (22666): SinaAccountAuthenticationHandler {ef1d62e}: isSignInWithSinaAccount(): com.htc.cs.identity.exception.MissingUserDataException: Missing user data: virtualAccountSubType

I/MyHTC   (22666):   	at com.htc.cs.identity.userdata.UserDataHelper.getUserData(UserDataHelper.java:178)

I/MyHTC   (22666):   	at com.htc.cs.identity.userdata.UserDataHelper.getVirtualAccountSubType(UserDataHelper.java:334)

I/MyHTC   (22666):   	at com.htc.cs.identity.sinaweibo.SinaAccountAuthenticationHandler.isSignInWithSinaAccount(SinaAccountAuthenticationHandler.java:201)

I/MyHTC   (22666):   	at com.htc.cs.identity.sinaweibo.SinaAccountAuthenticationHandler.getAuthToken(SinaAccountAuthenticationHandler.java:46)

I/MyHTC   (22666):   	at com.htc.cs.identity.IdentityAuthenticatorHelper.getAuthToken(IdentityAuthenticatorHelper.java:327)

I/MyHTC   (22666):   	at com.htc.cs.identity.authenticator.IdentityAuthenticator.getAuthToken(IdentityAuthenticator.java:163)

I/MyHTC   (22666):   	at android.accounts.AbstractAccountAuthenticator$Transport.getAuthToken(AbstractAccountAuthenticator.java:196)

I/MyHTC   (22666):   	at android.accounts.IAccountAuthenticator$Stub.onTransact(IAccountAuthenticator.java:113)

I/MyHTC   (22666):   	at android.os.Binder.execTransact(Binder.java:454)

I/MyHTC   (22666):   

I/MyHTC   (22666): QQAccountAuthenticationHandler {25c05e65}: getAuthToken(): com.htc.cs.identity.exception.MissingUserDataException: Missing user data: virtualAccountSubType

I/MyHTC   (22666):   	at com.htc.cs.identity.userdata.UserDataHelper.getUserData(UserDataHelper.java:178)

I/MyHTC   (22666):   	at com.htc.cs.identity.userdata.UserDataHelper.getVirtualAccountSubType(UserDataHelper.java:334)

I/MyHTC   (22666):   	at com.htc.cs.identity.qq.QQAccountAuthenticationHandler.getAuthToken(QQAccountAuthenticationHandler.java:50)

I/MyHTC   (22666):   	at com.htc.cs.identity.IdentityAuthenticatorHelper.getAuthToken(IdentityAuthenticatorHelper.java:327)

I/MyHTC   (22666):   	at com.htc.cs.identity.authenticator.IdentityAuthenticator.getAuthToken(IdentityAuthenticator.java:163)

I/MyHTC   (22666):   	at android.accounts.AbstractAccountAuthenticator$Transport.getAuthToken(AbstractAccountAuthenticator.java:196)

I/MyHTC   (22666):   	at android.accounts.IAccountAuthenticator$Stub.onTransact(IAccountAuthenticator.java:113)

I/MyHTC   (22666):   	at android.os.Binder.execTransact(Binder.java:454)

I/MyHTC   (22666):   

I/MyHTC   (22666): HtcAccountAuthenticationHandler {34aa1148}: getAuthToken(): Getting authtoken from regular HTC Account...

W/MyHTC   (22666): HtcAccountAuthenticationHandler {34aa1148}: getAuthToken(): com.htc.cs.identity.exception.InvalidCredentialsException: Invalid credentials.

W/MyHTC   (22666):   	at com.htc.cs.identity.workflow.ReSignInWorkflow.execute(ReSignInWorkflow.java:185)

W/MyHTC   (22666):   	at com.htc.cs.identity.authenticator.HtcAccountAuthenticationHandler.getAuthToken(HtcAccountAuthenticationHandler.java:76)

W/MyHTC   (22666):   	at com.htc.cs.identity.IdentityAuthenticatorHelper.getAuthToken(IdentityAuthenticatorHelper.java:327)

W/MyHTC   (22666):   	at com.htc.cs.identity.authenticator.IdentityAuthenticator.getAuthToken(IdentityAuthenticator.java:163)

W/MyHTC   (22666):   	at android.accounts.AbstractAccountAuthenticator$Transport.getAuthToken(AbstractAccountAuthenticator.java:196)

W/MyHTC   (22666):   	at android.accounts.IAccountAuthenticator$Stub.onTransact(IAccountAuthenticator.java:113)

W/MyHTC   (22666):   	at android.os.Binder.execTransact(Binder.java:454)

W/MyHTC   (22666):   

E/libpush (22559): PnsModel {2a6ab08c}: register(): com.htc.lib1.cs.push.exception.RegistrationFailedException: User interaction required to recover.

E/libpush (22559):   	at com.htc.lib1.cs.push.registrator.GCMRegistrator.register(GCMRegistrator.java:73)

E/libpush (22559):   	at com.htc.lib1.cs.push.PnsModel.register(PnsModel.java:134)

E/libpush (22559):   	at com.htc.lib1.cs.push.service.RegistrationService.onHandleIntent(RegistrationService.java:55)

E/libpush (22559):   	at android.app.IntentService$ServiceHandler.handleMessage(IntentService.java:65)

E/libpush (22559):   	at android.os.Handler.dispatchMessage(Handler.java:102)

E/libpush (22559):   	at android.os.Looper.loop(Looper.java:155)

E/libpush (22559):   	at android.os.HandlerThread.run(HandlerThread.java:61)

E/libpush (22559):   Caused by: com.htc.lib1.cs.account.RecoverableAuthenticationFailureException: User interaction required to recover.

E/libpush (22559):   	at com.htc.lib1.cs.account.HtcAccountHelper.getAuthToken(HtcAccountHelper.java:240)

E/libpush (22559):   	at com.htc.lib1.cs.account.HtcAccountHelper.getAuthToken(HtcAccountHelper.java:269)

E/libpush (22559):   	at com.htc.lib1.cs.push.registrator.GCMRegistrator.register(GCMRegistrator.java:66)

E/libpush (22559):   	... 6 more

E/libpush (22559):   

I/RemoteViews( 2788): reapply : com.htc.cs.identity 65 38

I/libpush (22559): TimerRetry {3abab5ee}: scheduleTimerRetry(): Schedule timer try in 60000 ms.

I/nativeProcess(18972): iqiyi message: create--runOnSubprocess isProcessExist true

I/nativeProcess(18972): iqiyi message: ==== do something  executeCmd isProcessExist true =====

I/art     (29999): Explicit concurrent mark sweep GC freed 54495(2MB) AllocSpace objects, 7(112KB) LOS objects, 75% free, 1356KB/5MB, paused 1.281ms total 69.647ms

D/FyzbDownloadService(17801): clean download tasks, list size: 0

I/nativeProcess(18972): iqiyi message: create--runOnSubprocess isProcessExist true

I/nativeProcess(18972): iqiyi message: ==== do something  executeCmd isProcessExist true =====

I/art     ( 2934): Explicit concurrent mark sweep GC freed 24039(2MB) AllocSpace objects, 159(6MB) LOS objects, 40% free, 9MB/16MB, paused 1.587ms total 104.623ms

E/iQiyiPushService(18946): Paopao timer task running

E/iQiyiPushService(18946): startPaopao +++

E/iQiyiPushService(18946): startMethod.invoke

E/iQiyiPushService(18946): startPaopao ---

I/nativeProcess(18972): iqiyi message: create--runOnSubprocess isProcessExist true

I/nativeProcess(18972): iqiyi message: ==== do something  executeCmd isProcessExist true =====

I/art     ( 2896): Explicit concurrent mark sweep GC freed 29065(1472KB) AllocSpace objects, 0(0B) LOS objects, 59% free, 1419KB/3MB, paused 1.190ms total 110.483ms

W/ActivityManager(  967): getTasks: caller 10005 does not hold GET_TASKS; limiting output

I/nativeProcess(18972): iqiyi message: create--runOnSubprocess isProcessExist true

I/nativeProcess(18972): iqiyi message: ==== do something  executeCmd isProcessExist true =====

I/art     (19554): Explicit concurrent mark sweep GC freed 48056(3MB) AllocSpace objects, 9(202KB) LOS objects, 59% free, 2MB/6MB, paused 1.403ms total 147.718ms

D/PMS     (  967): acquireWL(217f1d26): PARTIAL_WAKE_LOCK  *alarm* 0x1 967 1000 WorkSource{10018}

V/AlarmManager(  967): sending alarm PendingIntent{2f652d67: PendingIntentRecord{3be15c8c me.ele broadcastIntent}}, i=AlarmTaskSchedule.me.ele, t=0, cnt=1, w=1450259278420, Int=0

D/PMS     (  967): releaseWL(217f1d26): PARTIAL_WAKE_LOCK  *alarm* 0x1 WorkSource{10018}

D/PMS     (  967): acquireWL(693e714): PARTIAL_WAKE_LOCK  BatteryServiceUpdateStats_3 0x1 967 1000 null

I/BatteryService(  967): n_update end

I/IntentController( 2788): receive(android.intent.action.BATTERY_CHANGED,1,false)

D/UsbnetService(  967): BroadcastReceiver::onReceive+

D/UsbnetService(  967): onReceive BATTERY_CHANGED

D/UsbnetService(  967):  --> pluggedType = 2, mPluggedType = 0, mScreenOff = false

D/UsbnetService(  967): BroadcastReceiver::onReceive-

D/WifiController(  967): handleMessage: E msg.what=155652

D/WifiController(  967): processMsg: DeviceActiveState

D/WifiController(  967): processMsg: StaEnabledState

D/WifiController(  967): processMsg: DefaultState

D/WifiController(  967): handleMessage: X

D/PowerUI ( 2788): closing low battery warning: level=80

D/NotificationService(  967): plugged=true pluggin=true

D/WifiController(  967): battery changed pluggedType: 2

D/PowerUI ( 2788): plugged = true, health = 2, mBatteryLevel = 80, mPluggedBatteryLevel = 80, mLowBatteryWarningLevel2 = 25, mshowLowChargingWarning2 = true

D/HtcPowerSaver(  967): updateBatteryInfo

D/PMS     (  967): runPSCheck

D/HtcPowerSaver(  967): Checking...

I/HtcPowerSaver(  967): >> updateStatus

I/HtcPowerSaver(  967): updateStatus (8000,80,-1,false,false,false,-1)

I/HtcPowerSaver(  967): << updateStatus

D/PMS     (  967): releaseWL(693e714): PARTIAL_WAKE_LOCK  BatteryServiceUpdateStats_3 0x1 null

I/BatteryController( 2788): status:2 level:80 unsupport:false plugged:true

D/FyzbDownloadService(17801): clean download tasks, list size: 0

W/ActivityManager(  967): getTasks: caller 10183 does not hold GET_TASKS; limiting output

W/ActivityManager(  967): getTasks: caller 10157 does not hold GET_TASKS; limiting output

W/ActivityManager(  967): getTasks: caller 10157 does not hold GET_TASKS; limiting output

W/ActivityManager(  967): getTasks: caller 10157 does not hold GET_TASKS; limiting output

W/ActivityManager(  967): getTasks: caller 10157 does not hold GET_TASKS; limiting output

D/PMS     (  967): acquireWL(2ad9abbd): PARTIAL_WAKE_LOCK  *alarm* 0x40000001 967 1000 WorkSource{1000}

V/AlarmManager(  967): sending alarm PendingIntent{284a73eb: PendingIntentRecord{29c72548 android broadcastIntent}}, i=android.intent.action.TIME_TICK, t=3, cnt=1, w=151622805, Int=0

V/AlarmManager(  967): sending alarm PendingIntent{2485fe45: PendingIntentRecord{ee4799a air.fyzb3 broadcastIntent}}, i=fyzb.alam.action, t=3, cnt=1, w=151603300, Int=60000

I/ActivityManager(  967): Start proc com.htc.android.mail:sync for service com.htc.android.mail/.mailservice.MailService: pid=24997 uid=10111 gids={50111, 9997, 3003, 1023, 1028, 1015} abi=armeabi-v7a

V/AlarmManager(  967): sending alarm PendingIntent{222fe5b2: PendingIntentRecord{293893fb com.htc.android.mail startService}}, i=com.htc.android.mail.intent.action.MAIL_SERVICE_WAKEUP, t=3, cnt=1, w=151624511, Int=0

D/PMS     (  967): releaseWL(2ad9abbd): PARTIAL_WAKE_LOCK  *alarm* 0x40000001 WorkSource{1000}

E/Typeface(24997): SANS_LOC file not found.

E/WifiTrafficPoller(  967): ADD_CLIENT: 45

D/WifiService(  967): New client listening to asynchronous messages

D/PMS     (  967): acquireWL(24bd04ac): PARTIAL_WAKE_LOCK  MailServicePowerLock_0 0x1 24997 10111 null

D/HtcAdjCursorFactory(24997): Set CursorWindow size to: 4194304 KB, Tid: 25023

D/updateFetchTime(24997):  nonce is :152525001, delta is 900000, mPollMinutes:15

I/nativeProcess(18972): iqiyi message: create--runOnSubprocess isProcessExist true

I/nativeProcess(18972): iqiyi message: ==== do something  executeCmd isProcessExist true =====

D/Process (  967): killProcessQuiet, pid=23592

D/Process (  967): com.android.server.am.ProcessRecord.kill:573 com.android.server.am.ActivityManagerService.updateOomAdjLocked:18850 com.android.server.am.ActivityManagerService.updateOomAdjLocked:18693 

D/PMS     (  967): releaseWL(24bd04ac): PARTIAL_WAKE_LOCK  MailServicePowerLock_0 0x1 null

I/ActivityManager(  967): Killing 23592:com.htc.sense.socialplugins/u0a61 (adj 15): empty #17

I/ActivityManager(  967): Recipient 23592

D/LocationManagerService(  967): getProviders()=[passive, gps, network]

D/LocationManagerService(  967): getLastLocation: Request[POWER_NONE passive fastest=0 num=1]

D/LocationManagerService(  967): request 270a790a passive Request[POWER_NONE passive fastest=+5m0s0ms] from com.yiwang(10145)

D/LocationManagerService(  967): provider request: passive ProviderRequest[ON interval=0]

I/LocationManagerService(  967): remove com.yiwang 270a790a

D/LocationManagerService(  967): provider request: passive ProviderRequest[ON interval=0]

D/LocationManagerService(  967): getLastLocation: Request[ACCURACY_FINE gps requested=0 fastest=0 num=1]

D/LocationManagerService(  967): request 3812c57b gps Request[ACCURACY_FINE gps requested=+5m0s0ms fastest=+5m0s0ms] from com.yiwang(10145)

D/LocationManagerService(  967): provider request: gps ProviderRequest[ON interval=+5m0s0ms]

D/GpsLocationProvider(  967): [handleMessage] SET_REQUEST

D/GpsLocationProvider(  967): setRequest ProviderRequest[ON interval=+5m0s0ms]

I/LocationManagerService(  967): remove com.yiwang 3812c57b

D/PMS     (  967): acquireWL(104bbf98): PARTIAL_WAKE_LOCK  GpsLocationProvider 0x1 967 1000 null

D/LocationManagerService(  967): provider request: gps ProviderRequest[OFF]

D/LocationManagerService(  967): getLastLocation: Request[POWER_LOW network requested=0 fastest=0 num=1]

D/GpsLocationProvider(  967): startNavigating, singleShot is false

D/LocationManagerService(  967): request c3113f1 network Request[POWER_LOW network requested=+5m0s0ms fastest=+5m0s0ms] from com.yiwang(10145)

D/LocationManagerService(  967): provider request: network ProviderRequest[ON interval=+5m0s0ms]

D/AMap NetworkLocationProvider( 2896): onSetRequest calling pid: 967 calling uid: 1000 nlp used by: [com.yiwang(10145)] nlp enabled: true

D/AMap NetworkLocationProvider( 2896): onSetRequest interval = 300000

I/LocationManagerService(  967): remove com.yiwang c3113f1

D/AMap NetworkLocationProvider( 2896): onSetRequest reportLocation: Location[network 30.274926,120.120701 acc=50 et=+1d18h4m37s954ms {Bundle[{amap=1}]}]

D/LocationManagerService(  967): provider request: network ProviderRequest[ON interval=+24h0m0s0ms]

D/AMap NetworkLocationProvider( 2896): onSetRequest calling pid: 967 calling uid: 1000 nlp used by: [android(1000)] nlp enabled: true

D/AMap NetworkLocationProvider( 2896): onSetRequest interval = 86400000

V/GpsLocationProvider(  967): startNavigating: set_agps_qos_time_out complete

D/GpsLocationProvider(  967): setting position_mode to MS_BASED

D/LocationManagerService(  967): incoming location from: network

D/QMI_FW  (  967): QCCI: QMI_CCI_TX: cntl_flag - 00, txn_id - 13c2, msg_id - 004a, msg_len - 0007

D/QMI_FW  (  967): QCCI: QMUXD: xport_send[1 -> 16]: 14 bytes on conn_id=9

E/WifiStateMachine(  967): handleMessage: E msg.what=131143

E/WifiStateMachine(  967): processMsg: ConnectedState

D/WifiDisplayAdapter(  967): getWifiDisplayStatusLocked: result=WifiDisplayStatus{featureState=3, scanState=0, activeDisplayState=0, activeDisplay=null, displays=[], sessionInfo=WifiDisplaySessionInfo:

D/WifiDisplayAdapter(  967):     Client/Owner: Client

D/WifiDisplayAdapter(  967):     GroupId: 

D/WifiDisplayAdapter(  967):     Passphrase: 

D/WifiDisplayAdapter(  967):     SessionId: 0

D/WifiDisplayAdapter(  967):     IP Address: }

E/WifiStateMachine(  967):  ConnectedState CMD_START_SCAN 10009 3688 ic=1010 proc(ms):4 dur:3684 rssi=-51 f=5785 sc=60 link=58 tx=0.0, 0.0, 0.0  rx=0.0 fiv=40000 [on:0 tx:0 rx:0 period:63166] from screen [on:0 period:-1439663593]

E/WifiStateMachine(  967): processMsg: L2ConnectedState

E/WifiStateMachine(  967):  L2ConnectedState CMD_START_SCAN 10009 3688 ic=1010 proc(ms):10 dur:3684 rssi=-51 f=5785 sc=60 link=58 tx=0.0, 0.0, 0.0  rx=0.0 fiv=40000 [on:0 tx:0 rx:0 period:4] from screen [on:0 period:-1439663589]

E/WifiStateMachine(  967): WifiStateMachine CMD_START_SCAN source 10009 txSuccessRate=0.00 rxSuccessRate=0.00 targetRoamBSSID=1c:aa:07:f5:96:bf RSSI=-51

W/WifiHW  (  967): QCOM Debug wifi_send_command "IFNAME=wlan0 SCAN TYPE=ONLY"

D/wpa_supplicant( 8936): wlan0: Control interface command 'SCAN TYPE=ONLY'

D/wpa_supplicant( 8936): wlan0: Setting scan request: 0.000000 sec

I/wpa_supplicant( 8936): wpa_supplicant_scan enter

D/wpa_supplicant( 8936): wlan0: Starting AP scan for wildcard SSID

D/wpa_supplicant( 8936): WPS: Building WPS IE for Probe Request

D/wpa_supplicant( 8936): WPS:  * Version (hardcoded 0x10)

D/wpa_supplicant( 8936): WPS:  * Request Type

D/wpa_supplicant( 8936): WPS:  * Config Methods (4288)

D/wpa_supplicant( 8936): WPS:  * UUID-E

D/wpa_supplicant( 8936): WPS:  * Primary Device Type

D/wpa_supplicant( 8936): WPS:  * RF Bands (3)

D/wpa_supplicant( 8936): WPS:  * Association State

D/wpa_supplicant( 8936): WPS:  * Configuration Error (0)

D/wpa_supplicant( 8936): WPS:  * Device Password ID (0)

D/wpa_supplicant( 8936): WPS:  * Manufacturer

D/wpa_supplicant( 8936): WPS:  * Model Name

D/wpa_supplicant( 8936): WPS:  * Model Number

D/wpa_supplicant( 8936): WPS:  * Device Name

D/wpa_supplicant( 8936): WPS:  * Version2 (0x20)

D/wpa_supplicant( 8936): P2P: * P2P IE header

D/wpa_supplicant( 8936): P2P: * Capability dev=25 group=00

D/wpa_supplicant( 8936): P2P: * Listen Channel: Regulatory Class 81 Channel 11

D/wpa_supplicant( 8936): wlan0: Add radio work 'scan'@0xb81926d8

D/wpa_supplicant( 8936): wlan0: First radio work item in the queue - schedule start immediately

D/wpa_supplicant( 8936): wlan0: Starting radio work 'scan'@0xb81926d8 after 0.000123 second wait

D/wpa_supplicant( 8936): wlan0: nl80211: scan request

D/wpa_supplicant( 8936): nl80211: Scan SSID - hexdump(len=0): [NULL]

D/wpa_supplicant( 8936): nl80211: Scan extra IEs - hexdump(len=170): dd 86 00 50 f2 04 10 4a 00 01 10 10 3a 00 01 00 10 08 00 02 42 88 10 47 00 10 12 34 56 78 9a bc ...

D/wpa_supplicant( 8936): Scan requested (ret=0) - scan timeout 30 seconds

D/wpa_supplicant( 8936): nl80211: Event message available

D/wpa_supplicant( 8936): nl80211: Drv Event 33 (NL80211_CMD_TRIGGER_SCAN) received for wlan0

D/wpa_supplicant( 8936): wlan0: nl80211: Scan trigger

D/wpa_supplicant( 8936): wlan0: Event SCAN_STARTED (49) received

D/wpa_supplicant( 8936): wlan0: Own scan request started a scan in 0.000244 seconds

I/wpa_supplicant( 8936): wlan0: CTRL-EVENT-SCAN-STARTED 

D/wpa_supplicant( 8936): CTRL_IFACE monitor sent successfully to /data/misc/wifi/sockets/wpa_ctrl_967-9\x00

D/WifiMonitor(  967): Event [IFNAME=wlan0 CTRL-EVENT-SCAN-STARTED ]

E/WifiMonitor(  967): WifiMonitor:wlan0 cnt=24831 dispatchEvent: CTRL-EVENT-SCAN-STARTED 

E/WifiMonitor(  967): handleEvent 14  CTRL-EVENT-SCAN-STARTED 

E/WifiMonitor(  967): handleEvent unknown: 14  CTRL-EVENT-SCAN-STARTED 

E/WifiStateMachine(  967): [1,450,259,282,463 ms] noteScanstart no scan source

E/WifiStateMachine(  967): handleMessage: X

E/WifiStateMachine(  967): handleMessage: E msg.what=131143

E/WifiStateMachine(  967): processMsg: ConnectedState

D/WifiDisplayAdapter(  967): getWifiDisplayStatusLocked: result=WifiDisplayStatus{featureState=3, scanState=0, activeDisplayState=0, activeDisplay=null, displays=[], sessionInfo=WifiDisplaySessionInfo:

D/WifiDisplayAdapter(  967):     Client/Owner: Client

D/WifiDisplayAdapter(  967):     GroupId: 

D/WifiDisplayAdapter(  967):     Passphrase: 

