D/daemonapp( 7741): [MSC_Cmaweather_Daemon]>>> CCP:387 [0:0] Provider query : content://cmaweatherprovider/current_weatherinfo

D/daemonapp( 7741): [MSC_Cmaweather_Daemon]>>> CWDS:127 [0:0] SerStus:true,TmpS:1,AtRfr:0

D/daemonapp( 7741): [MSC_Cmaweather_Daemon]>>> CWDS:682 [0:0] ====ACTION_SEC_CHANGE_ICON_OF_DAEMON===

D/daemonapp( 7741): [MSC_Cmaweather_Daemon]>>> U:1341 [0:0] cDayONight() ::: sunrise is null 

D/daemonapp( 7741): [MSC_Cmaweather_Daemon]>>> U:1357 [0:0] cDayONight() ::: sunset is null 

D/daemonapp( 7741): [MSC_Cmaweather_Daemon]>>> CWDS:685 [0:0] checkDay:true, UtilgetIsDay():false

D/daemonapp( 7741): [MSC_Cmaweather_Daemon]>>> CCP:387 [0:0] Provider query : content://cmaweatherprovider/weatherinfo

D/cmaweather( 1544): [Cmaweather J]>>> SWW:686 [0:0] =============== BR act = androidintentactionTIME_TICK

D/cmaweather( 1544): [Cmaweather J]>>> SWW:723 [0:0] renderUpdateTime : [0] = 1

D/cmaweather( 1544): [Cmaweather J]>>> WR:471 [0:0] =============== updateTime = 1

D/cmaweather( 1544): [Cmaweather J]>>> SM:1120 [0:0] updateCurrentCityTime : [1]0/1

D/cmaweather( 1544): [Cmaweather J]>>> SM:1135 [0:0] updateCurrentCityTime , ConditionLayerWidth = 852, mConditionLayerHeight = 532

D/cmaweather( 1544): [Cmaweather J]>>> SM:1972 [0:0] drw 1nd Tm dt = 6月 30日 星期二

D/cmaweather( 1544): [Cmaweather J]>>> SM:2005 [0:0] makeTimeText[1] time :6月 30日 星期二 10:09 , new :6月 30日 星期二 10:10 

D/cmaweather( 1544): [Cmaweather J]>>> SM:2089 [0:0] uCCV : msg = -1, oT = true

D/dalvikvm( 1544): GC_FOR_ALLOC freed 1815K, 33% free 23418K/34636K, paused 48ms, total 48ms

E/JavaBinder(  910): !!! FAILED BINDER TRANSACTION !!!

D/cell strength( 1228): ===== cell singal strength changed : 99

D/dalvikvm(  910): GC_CONCURRENT freed 8159K, 48% free 93188K/176128K, paused 20ms+18ms, total 261ms

D/cell strength( 1228): ===== cell singal strength changed : 99

D/cell strength( 1228): ===== cell singal strength changed : 99

E/JavaBinder(  910): !!! FAILED BINDER TRANSACTION !!!

E/JavaBinder(  910): !!! FAILED BINDER TRANSACTION !!!

D/cell strength( 1228): ===== cell singal strength changed : 99

D/dalvikvm(  910): GC_CONCURRENT freed 8194K, 48% free 93185K/176128K, paused 29ms+20ms, total 273ms

D/dalvikvm(  910): WAIT_FOR_CONCURRENT_GC blocked 100ms

D/dalvikvm( 2199): GC_CONCURRENT freed 1941K, 30% free 19061K/26880K, paused 12ms+4ms, total 67ms

D/cell strength( 1228): ===== cell singal strength changed : 99

D/cell strength( 1228): ===== cell singal strength changed : 99

E/JavaBinder(  910): !!! FAILED BINDER TRANSACTION !!!

I/AlipayPush_ClientActionReceiver( 5189): onReceive() action=com.eg.android.AlipayGphoneRC.push.action.KEEPLIVE

I/AlipayPush_ClientActionReceiver( 5189): onReceive() networkInfo.isConnected()=true

D/pushtrack_TrackWorker_queue_51( 5189): level:Normal user:2088812469041456 tag:ClientActionReceiver_onReceive content:action=com.eg.android.AlipayGphoneRC.push.action.KEEPLIVE

I/Monitor ( 5189): [main]onReceive at: com.alipay.pushsdk.push.ClientActionReceiver, Intent: Intent { act=com.eg.android.AlipayGphoneRC.push.action.KEEPLIVE flg=0x14 pkg=com.eg.android.AlipayGphoneRC (has extras) }, cost:4 ms.

I/AlipayPush_k( 5189): sendPacket()... packet.id=3

D/pushtrack_TrackWorker_queue_51( 5189): level:Normal user:2088812469041456 tag:PacketReader_push_heart_beat content:start:1435630220418

I/AlipayPush_b( 5189): processPacket() got one HeartBeatPacket from Server!

I/AlipayPush_l( 5189): getPushKeepAliveInterval() keepAliveTime=45

D/KeyguardUpdateMonitor( 1110): received broadcast android.intent.action.BATTERY_CHANGED

D/KeyguardUpdateMonitor( 1110): handleBatteryUpdate

D/Brightness(24535): mIntentReceiver.onReceive: action=android.intent.action.BATTERY_CHANGED, intent=Intent { act=android.intent.action.BATTERY_CHANGED flg=0x60000010 (has extras) }

D/MainActivityBaseUi.java(24535): in brightness disabled on critical battery low

I/Monitor ( 5056): [main]onReceive at: com.aps.a$a, Intent: Intent { act=android.intent.action.BATTERY_CHANGED flg=0x60000010 (has extras) }, cost:0 ms.

I/chromium(24535): [INFO:top_sites_impl.cc(926)]  VLOG NotifyTopSitesChanged

E/JavaBinder(  910): !!! FAILED BINDER TRANSACTION !!!

D/cell strength( 1228): ===== cell singal strength changed : 99

D/dalvikvm(  910): GC_CONCURRENT freed 8181K, 48% free 93195K/176128K, paused 23ms+20ms, total 263ms

D/dalvikvm(  910): WAIT_FOR_CONCURRENT_GC blocked 151ms

D/dalvikvm(  910): WAIT_FOR_CONCURRENT_GC blocked 162ms

D/cell strength( 1228): ===== cell singal strength changed : 99

D/cell strength( 1228): ===== cell singal strength changed : 99

D/dalvikvm(32392): GC_CONCURRENT freed 1921K, 22% free 21176K/26876K, paused 8ms+1ms, total 68ms

E/JavaBinder(  910): !!! FAILED BINDER TRANSACTION !!!

E/JavaBinder(  910): !!! FAILED BINDER TRANSACTION !!!

D/cell strength( 1228): ===== cell singal strength changed : 99

D/dalvikvm(  910): GC_CONCURRENT freed 8206K, 48% free 93180K/176128K, paused 21ms+20ms, total 308ms

D/dalvikvm(  910): WAIT_FOR_CONCURRENT_GC blocked 190ms

D/cell strength( 1228): ===== cell singal strength changed : 99

D/cell strength( 1228): ===== cell singal strength changed : 99

D/KeyguardUpdateMonitor( 1110): received broadcast android.intent.action.BATTERY_CHANGED

D/KeyguardUpdateMonitor( 1110): handleBatteryUpdate

D/Brightness(24535): mIntentReceiver.onReceive: action=android.intent.action.BATTERY_CHANGED, intent=Intent { act=android.intent.action.BATTERY_CHANGED flg=0x60000010 (has extras) }

D/MainActivityBaseUi.java(24535): in brightness disabled on critical battery low

I/Monitor ( 5056): [main]onReceive at: com.aps.a$a, Intent: Intent { act=android.intent.action.BATTERY_CHANGED flg=0x60000010 (has extras) }, cost:0 ms.

D/NtpTrustedTime(  910): currentTimeMillis() cache hit

D/NtpTrustedTime(  910): currentTimeMillis() cache hit

D/NtpTrustedTime(  910): currentTimeMillis() cache hit

D/NtpTrustedTime(  910): currentTimeMillis() cache hit

V/xiaomi  ( 5471): Service called on timer

W/eChannelUpstreamHandler(18052): EXCEPTION, please implement com.alibaba.device.tcpclient.handler.XProtocolHandler.exceptionCaught() for proper handling.

W/eChannelUpstreamHandler(18052): java.net.SocketException: recvfrom failed: ECONNRESET (Connection reset by peer)

W/eChannelUpstreamHandler(18052): 	at libcore.io.IoBridge.maybeThrowAfterRecvfrom(IoBridge.java:545)

W/eChannelUpstreamHandler(18052): 	at libcore.io.IoBridge.recvfrom(IoBridge.java:521)

W/eChannelUpstreamHandler(18052): 	at java.nio.SocketChannelImpl.readImpl(SocketChannelImpl.java:327)

W/eChannelUpstreamHandler(18052): 	at java.nio.SocketChannelImpl.read(SocketChannelImpl.java:289)

W/eChannelUpstreamHandler(18052): 	at org.jboss.netty.channel.socket.nio.NioWorker.read(NioWorker.java:64)

W/eChannelUpstreamHandler(18052): 	at org.jboss.netty.channel.socket.nio.AbstractNioWorker.process(AbstractNioWorker.java:108)

W/eChannelUpstreamHandler(18052): 	at org.jboss.netty.channel.socket.nio.AbstractNioSelector.run(AbstractNioSelector.java:337)

W/eChannelUpstreamHandler(18052): 	at org.jboss.netty.channel.socket.nio.AbstractNioWorker.run(AbstractNioWorker.java:89)

W/eChannelUpstreamHandler(18052): 	at org.jboss.netty.channel.socket.nio.NioWorker.run(NioWorker.java:178)

W/eChannelUpstreamHandler(18052): 	at org.jboss.netty.util.ThreadRenamingRunnable.run(ThreadRenamingRunnable.java:108)

W/eChannelUpstreamHandler(18052): 	at org.jboss.netty.util.internal.DeadLockProofWorker$1.run(DeadLockProofWorker.java:42)

W/eChannelUpstreamHandler(18052): 	at java.util.concurrent.ThreadPoolExecutor.runWorker(ThreadPoolExecutor.java:1112)

W/eChannelUpstreamHandler(18052): 	at java.util.concurrent.ThreadPoolExecutor$Worker.run(ThreadPoolExecutor.java:587)

W/eChannelUpstreamHandler(18052): 	at java.lang.Thread.run(Thread.java:841)

W/eChannelUpstreamHandler(18052): Caused by: libcore.io.ErrnoException: recvfrom failed: ECONNRESET (Connection reset by peer)

W/eChannelUpstreamHandler(18052): 	at libcore.io.Posix.recvfromBytes(Native Method)

W/eChannelUpstreamHandler(18052): 	at libcore.io.Posix.recvfrom(Posix.java:134)

W/eChannelUpstreamHandler(18052): 	at libcore.io.BlockGuardOs.recvfrom(BlockGuardOs.java:159)

W/eChannelUpstreamHandler(18052): 	at libcore.io.IoBridge.recvfrom(IoBridge.java:518)

W/eChannelUpstreamHandler(18052): 	... 12 more

D/alilang_tcpClientService(18052): TcpClientService receive: com.alibaba.device.tcp.disconnected

I/Monitor ( 5189): [main]onReceive at: com.alipay.android.phone.nfd.nfdservice.ui.app.NfdReceiver, Intent: Intent { act=com.eg.android.AlipayGphoneRC.push.action.CHECK flg=0x14 pkg=com.eg.android.AlipayGphoneRC cmp=com.eg.android.AlipayGphoneRC/com.alipay.android.phone.nfd.nfdservice.ui.app.NfdReceiver (has extras) }, cost:5 ms.

I/Monitor ( 5189): [main]onStartCommand at: com.alipay.android.phone.nfd.nfdservice.ui.app.NfdService, Intent: Intent { act=com.eg.android.AlipayGphone.nfd.action.NfdService cmp=com.eg.android.AlipayGphoneRC/com.alipay.android.phone.nfd.nfdservice.ui.app.NfdService }

E/cutils  (  324): Failed to mkdirat(/storage/extSdCard/Android): Read-only file system

W/ContextImpl( 5189): Failed to ensure directory: /storage/extSdCard/Android/data/com.eg.android.AlipayGphoneRC/files/com.alipay.android.phone.nfd

I/AlipayPush_ClientActionReceiver( 5189): onReceive() action=com.eg.android.AlipayGphoneRC.push.action.CHECK

I/AlipayPush_ClientActionReceiver( 5189): onReceive() networkInfo.isConnected()=true

E/cutils  (  324): Failed to mkdirat(/storage/extSdCard/Android): Read-only file system

D/pushtrack_TrackWorker_queue_51( 5189): level:Normal user:2088812469041456 tag:ClientActionReceiver_onReceive content:action=com.eg.android.AlipayGphoneRC.push.action.CHECK

I/AlipayPush_NotificationService( 5189): startAlarmTimer ELAPSED_REALTIME_WAKEUP! nextTime=300000

W/ContextImpl( 5189): Failed to ensure directory: /storage/extSdCard/Android/data/com.eg.android.AlipayGphoneRC/files/com.alipay.android.phone.nfd

E/cutils  (  324): Failed to mkdirat(/storage/extSdCard/Android): Read-only file system

W/ContextImpl( 5189): Failed to ensure directory: /storage/extSdCard/Android/data/com.eg.android.AlipayGphoneRC/files/com.alipay.android.phone.nfd

W/SharedPreferencesManager( 5189): putInt() : name = nfdwifi_wifi_update_key : key = wifiCount : value = 0

W/SharedPreferencesManager( 5189): putInt() : name = nfdwifi_wifi_update_key : key = mobileCount : value = 0

W/SharedPreferencesManager( 5189): putInt() : name = nfdwifi_wifi_update_key : key = syncLevel : value = 0

W/SharedPreferencesManager( 5189): getInt() : name = nfdwifi_wifi_update_key : key = lastTime : defValue = 0

E/cutils  (  324): Failed to mkdirat(/storage/extSdCard/Android): Read-only file system

W/ContextImpl( 5189): Failed to ensure directory: /storage/extSdCard/Android/data/com.eg.android.AlipayGphoneRC/files/com.alipay.android.phone.nfd

E/cutils  (  324): Failed to mkdirat(/storage/extSdCard/Android): Read-only file system

W/ContextImpl( 5189): Failed to ensure directory: /storage/extSdCard/Android/data/com.eg.android.AlipayGphoneRC/files/com.alipay.android.phone.nfd

W/SharedPreferencesManager( 5189): getInt() : name = nfdwifi_wifi_lbs_key : key = lbs_last_time : defValue = 1435629734074

E/cutils  (  324): Failed to mkdirat(/storage/extSdCard/Android): Read-only file system

W/ContextImpl( 5189): Failed to ensure directory: /storage/extSdCard/Android/data/com.eg.android.AlipayGphoneRC/files/com.alipay.android.phone.nfd

E/cutils  (  324): Failed to mkdirat(/storage/extSdCard/Android): Read-only file system

W/ContextImpl( 5189): Failed to ensure directory: /storage/extSdCard/Android/data/com.eg.android.AlipayGphoneRC/files/com.alipay.android.phone.nfd

E/cutils  (  324): Failed to mkdirat(/storage/extSdCard/Android): Read-only file system

W/ContextImpl( 5189): Failed to ensure directory: /storage/extSdCard/Android/data/com.eg.android.AlipayGphoneRC/files/com.alipay.android.phone.nfd

E/cutils  (  324): Failed to mkdirat(/storage/extSdCard/Android): Read-only file system

W/ContextImpl( 5189): Failed to ensure directory: /storage/extSdCard/Android/data/com.eg.android.AlipayGphoneRC/files/com.alipay.android.phone.nfd

E/cutils  (  324): Failed to mkdirat(/storage/extSdCard/Android): Read-only file system

W/ContextImpl( 5189): Failed to ensure directory: /storage/extSdCard/Android/data/com.eg.android.AlipayGphoneRC/files/com.alipay.android.phone.nfd

E/cutils  (  324): Failed to mkdirat(/storage/extSdCard/Android): Read-only file system

W/ContextImpl( 5189): Failed to ensure directory: /storage/extSdCard/Android/data/com.eg.android.AlipayGphoneRC/files/com.alipay.android.phone.nfd

I/AlipayPush_ClientActionReceiver( 5189): checkPushStatus linkStatus=true, settingStatus=true

D/pushtrack_TrackWorker_queue_51( 5189): level:Normal user:2088812469041456 tag:ClientActionReceiver_checkTimer content:curStatus=0

I/AlipayPush_l( 5189): getPushKeepAliveInterval() keepAliveTime=45

I/Monitor ( 5189): [main]onReceive at: com.alipay.pushsdk.push.ClientActionReceiver, Intent: Intent { act=com.eg.android.AlipayGphoneRC.push.action.CHECK flg=0x14 pkg=com.eg.android.AlipayGphoneRC (has extras) }, cost:92 ms.

I/AlipayPush_k( 5189): sendPacket()... packet.id=3

D/ClientMonitorWakeupReceiver( 5189): [main]ClientMonitorWakeupReceiver.onReceiveIntent { act=com.eg.android.AlipayGphoneRC.push.action.CHECK flg=0x14 pkg=com.eg.android.AlipayGphoneRC cmp=com.eg.android.AlipayGphoneRC/com.alipay.mobile.logmonitor.ClientMonitorWakeupReceiver (has extras) }

D/pushtrack_TrackWorker_queue_51( 5189): level:Normal user:2088812469041456 tag:PacketReader_push_heart_beat content:start:1435630238470

W/ClientMonitorService( 5189): [IntentService[ClientMonitorService]]syncInterval=1435630238480,lastSyncTime=0

I/AlipayPush_b( 5189): processPacket() got one HeartBeatPacket from Server!

I/AlipayPush_l( 5189): getPushKeepAliveInterval() keepAliveTime=45

E/JavaBinder(  910): !!! FAILED BINDER TRANSACTION !!!

E/JavaBinder(  910): !!! FAILED BINDER TRANSACTION !!!

D/cell strength( 1228): ===== cell singal strength changed : 99

I/System.out(18052): Thread-20582 calls detatch()

D/dalvikvm(18052): GC_CONCURRENT freed 1930K, 32% free 18376K/26876K, paused 3ms+1ms, total 21ms

D/dalvikvm(  910): GC_CONCURRENT freed 8170K, 48% free 93202K/176128K, paused 25ms+19ms, total 268ms

D/dalvikvm(  910): WAIT_FOR_CONCURRENT_GC blocked 178ms

D/dalvikvm(  910): WAIT_FOR_CONCURRENT_GC blocked 89ms

D/dalvikvm(  910): WAIT_FOR_CONCURRENT_GC blocked 173ms

E/JavaBinder(  910): !!! FAILED BINDER TRANSACTION !!!

D/cell strength( 1228): ===== cell singal strength changed : 99

E/JavaBinder(  910): !!! FAILED BINDER TRANSACTION !!!

D/cell strength( 1228): ===== cell singal strength changed : 99

D/KeyguardUpdateMonitor( 1110): received broadcast android.intent.action.BATTERY_CHANGED

D/KeyguardUpdateMonitor( 1110): handleBatteryUpdate

D/Brightness(24535): mIntentReceiver.onReceive: action=android.intent.action.BATTERY_CHANGED, intent=Intent { act=android.intent.action.BATTERY_CHANGED flg=0x60000010 (has extras) }

D/MainActivityBaseUi.java(24535): in brightness disabled on critical battery low

I/Monitor ( 5056): [main]onReceive at: com.aps.a$a, Intent: Intent { act=android.intent.action.BATTERY_CHANGED flg=0x60000010 (has extras) }, cost:1 ms.

E/JavaBinder(  910): !!! FAILED BINDER TRANSACTION !!!

E/JavaBinder(  910): !!! FAILED BINDER TRANSACTION !!!

E/JavaBinder(  910): !!! FAILED BINDER TRANSACTION !!!

D/cell strength( 1228): ===== cell singal strength changed : 99

I/chromium(24535): [INFO:top_sites_impl.cc(926)]  VLOG NotifyTopSitesChanged

E/JavaBinder(  910): !!! FAILED BINDER TRANSACTION !!!

D/cell strength( 1228): ===== cell singal strength changed : 99

D/dalvikvm(  910): GC_CONCURRENT freed 8187K, 48% free 93213K/176128K, paused 20ms+19ms, total 275ms

D/cell strength( 1228): ===== cell singal strength changed : 99

E/JavaBinder(  910): !!! FAILED BINDER TRANSACTION !!!

D/dalvikvm( 2199): GC_CONCURRENT freed 1926K, 30% free 19069K/26880K, paused 7ms+2ms, total 42ms

D/KeyguardUpdateMonitor( 1110): received broadcast android.intent.action.BATTERY_CHANGED

D/KeyguardUpdateMonitor( 1110): handleBatteryUpdate

D/Brightness(24535): mIntentReceiver.onReceive: action=android.intent.action.BATTERY_CHANGED, intent=Intent { act=android.intent.action.BATTERY_CHANGED flg=0x60000010 (has extras) }

D/MainActivityBaseUi.java(24535): in brightness disabled on critical battery low

I/Monitor ( 5056): [main]onReceive at: com.aps.a$a, Intent: Intent { act=android.intent.action.BATTERY_CHANGED flg=0x60000010 (has extras) }, cost:0 ms.

E/JavaBinder(  910): !!! FAILED BINDER TRANSACTION !!!

E/JavaBinder(  910): !!! FAILED BINDER TRANSACTION !!!

D/dalvikvm( 2057): GC_CONCURRENT freed 1698K, 34% free 17845K/26876K, paused 7ms+3ms, total 38ms

D/dalvikvm( 2057): WAIT_FOR_CONCURRENT_GC blocked 24ms

D/dalvikvm( 2057): GC_CONCURRENT freed 2063K, 34% free 17829K/26876K, paused 7ms+2ms, total 46ms

D/dalvikvm( 2057): WAIT_FOR_CONCURRENT_GC blocked 15ms

D/KeyguardUpdateMonitor( 1110): received broadcast android.intent.action.TIME_TICK

D/KeyguardUpdateMonitor( 1110): handleTimeUpdate

E/JavaBinder(  910): !!! FAILED BINDER TRANSACTION !!!

D/daemonapp( 7741): [MSC_Cmaweather_Daemon]>>> U:1341 [0:0] cDayONight() ::: sunrise is null 

D/daemonapp( 7741): [MSC_Cmaweather_Daemon]>>> U:1357 [0:0] cDayONight() ::: sunset is null 

D/daemonapp( 7741): [MSC_Cmaweather_Daemon]>>> WCS:90 [0:0] action:androidintentactionTIME_TICK

D/daemonapp( 7741): [MSC_Cmaweather_Daemon]>>> CWDS:83 [0:0] Act : widgetappapaccuweatherdaemonactionCHANGE_ICON_OF_DAEMON

D/comsamsunglog( 7741): [MSC_Cmaweather_Daemon]>>> ====================================================================================================================

D/comsamsunglog( 7741): [MSC_Cmaweather_Daemon]>>> daemonapp [Version : 14070101 ] [ 1 ] 

D/comsamsunglog( 7741): [MSC_Cmaweather_Daemon]>>> Header set to : ===> "daemonapp" <===

D/comsamsunglog( 7741): [MSC_Cmaweather_Daemon]>>> ====================================================================================================================

D/daemonapp( 7741): [MSC_Cmaweather_Daemon]>>> CCP:387 [0:0] Provider query : content://cmaweatherprovider/packagename

D/daemonapp( 7741): [MSC_Cmaweather_Daemon]>>> CWDS:1112 [0:0] PakNme size = 1

D/daemonapp( 7741): [MSC_Cmaweather_Daemon]>>> CCP:387 [0:0] Provider query : content://cmaweatherprovider/current_weatherinfo

D/daemonapp( 7741): [MSC_Cmaweather_Daemon]>>> CCP:387 [0:0] Provider query : content://cmaweatherprovider/current_weatherinfo

D/daemonapp( 7741): [MSC_Cmaweather_Daemon]>>> CCP:387 [0:0] Provider query : content://cmaweatherprovider/current_weatherinfo

D/daemonapp( 7741): [MSC_Cmaweather_Daemon]>>> CWDS:127 [0:0] SerStus:true,TmpS:1,AtRfr:0

D/daemonapp( 7741): [MSC_Cmaweather_Daemon]>>> CWDS:682 [0:0] ====ACTION_SEC_CHANGE_ICON_OF_DAEMON===

D/daemonapp( 7741): [MSC_Cmaweather_Daemon]>>> U:1341 [0:0] cDayONight() ::: sunrise is null 

D/daemonapp( 7741): [MSC_Cmaweather_Daemon]>>> U:1357 [0:0] cDayONight() ::: sunset is null 

D/daemonapp( 7741): [MSC_Cmaweather_Daemon]>>> CWDS:685 [0:0] checkDay:true, UtilgetIsDay():false

D/daemonapp( 7741): [MSC_Cmaweather_Daemon]>>> CCP:387 [0:0] Provider query : content://cmaweatherprovider/weatherinfo

D/cmaweather( 1544): [Cmaweather J]>>> SWW:686 [0:0] =============== BR act = androidintentactionTIME_TICK

D/cmaweather( 1544): [Cmaweather J]>>> SWW:723 [0:0] renderUpdateTime : [0] = 1

D/cmaweather( 1544): [Cmaweather J]>>> WR:471 [0:0] =============== updateTime = 1

D/cmaweather( 1544): [Cmaweather J]>>> SM:1120 [0:0] updateCurrentCityTime : [1]0/1

D/cmaweather( 1544): [Cmaweather J]>>> SM:1135 [0:0] updateCurrentCityTime , ConditionLayerWidth = 852, mConditionLayerHeight = 532

D/cmaweather( 1544): [Cmaweather J]>>> SM:1972 [0:0] drw 1nd Tm dt = 6月 30日 星期二

D/cmaweather( 1544): [Cmaweather J]>>> SM:2005 [0:0] makeTimeText[1] time :6月 30日 星期二 10:10 , new :6月 30日 星期二 10:11 

D/cmaweather( 1544): [Cmaweather J]>>> SM:2089 [0:0] uCCV : msg = -1, oT = true

D/dalvikvm( 1544): GC_FOR_ALLOC freed 1814K, 33% free 23418K/34636K, paused 38ms, total 38ms

D/dalvikvm(  910): GC_CONCURRENT freed 8166K, 48% free 93212K/176128K, paused 25ms+20ms, total 280ms

D/cell strength( 1228): ===== cell singal strength changed : 99

D/KeyguardUpdateMonitor( 1110): received broadcast android.intent.action.BATTERY_CHANGED

D/KeyguardUpdateMonitor( 1110): handleBatteryUpdate

D/Brightness(24535): mIntentReceiver.onReceive: action=android.intent.action.BATTERY_CHANGED, intent=Intent { act=android.intent.action.BATTERY_CHANGED flg=0x60000010 (has extras) }

D/MainActivityBaseUi.java(24535): in brightness disabled on critical battery low

I/Monitor ( 5056): [main]onReceive at: com.aps.a$a, Intent: Intent { act=android.intent.action.BATTERY_CHANGED flg=0x60000010 (has extras) }, cost:1 ms.

E/JavaBinder(  910): !!! FAILED BINDER TRANSACTION !!!

D/cell strength( 1228): ===== cell singal strength changed : 99

E/JavaBinder(  910): !!! FAILED BINDER TRANSACTION !!!

E/JavaBinder(  910): !!! FAILED BINDER TRANSACTION !!!

E/JavaBinder(  910): !!! FAILED BINDER TRANSACTION !!!

D/cell strength( 1228): ===== cell singal strength changed : 99

D/dalvikvm(  910): GC_CONCURRENT freed 8199K, 48% free 93201K/176128K, paused 27ms+20ms, total 284ms

D/cell strength( 1228): ===== cell singal strength changed : 99

E/JavaBinder(  910): !!! FAILED BINDER TRANSACTION !!!

E/JavaBinder(  910): !!! FAILED BINDER TRANSACTION !!!

I/chromium(24535): [INFO:top_sites_impl.cc(926)]  VLOG NotifyTopSitesChanged

D/KeyguardUpdateMonitor( 1110): received broadcast android.intent.action.BATTERY_CHANGED

D/KeyguardUpdateMonitor( 1110): handleBatteryUpdate

D/Brightness(24535): mIntentReceiver.onReceive: action=android.intent.action.BATTERY_CHANGED, intent=Intent { act=android.intent.action.BATTERY_CHANGED flg=0x60000010 (has extras) }

D/MainActivityBaseUi.java(24535): in brightness disabled on critical battery low

I/Monitor ( 5056): [main]onReceive at: com.aps.a$a, Intent: Intent { act=android.intent.action.BATTERY_CHANGED flg=0x60000010 (has extras) }, cost:0 ms.

I/Monitor ( 5056): [main]onStartCommand at: com.alipay.mobile.command.engine.TaskExeService, Intent: Intent { flg=0x4 cmp=com.eg.android.AlipayGphoneRC/com.alipay.mobile.command.engine.TaskExeService (has extras) }

D/Alipay_cmdcentertrigger( 5056): [main][1]triger action_type:TIME

D/SensorMonitorReceiver( 5056): [main]doCheckTask, startTime=1435629982369,flag=null,pid=5056

D/Alipay_cmdcenterutil( 5056): [CmdCenter-service_triger-pool-1][19818]网络状况:1#0

D/Alipay_cmdcentertrigger( 5056): [CmdCenter-service_triger-pool-1][19818]startTime:23925940,spendTime:1240,i each:TaskMeta [uuid=334d1b2cd379426795a38e39ffdf7c62, name=PollPopTask, cronExpress=[1#10I], scriptName=PollPopTask.js, commandDependency=[dedb59ab5b9147cfa85060f259e6ebe9], md5=e66f30026b757bd8e4c9cb4c8f8d957f, signature=]

D/Alipay_cmdcentermanager( 5056): [CmdCenter-service_triger-pool-1][19818]Task--334d1b2cd379426795a38e39ffdf7c62,taskName--PollPopTask,进入队列

D/Alipay_cmdcentermanager( 5056): [CmdCenter-service_triger-pool-1][19818]do TIMEtrigger  finish!

I/Monitor ( 5056): [main]onReceive at: com.alipay.mobile.base.receiver.SensorMonitorReceiver, Intent: Intent { act=com.alipay.mobile.TIMER_AUTO_WAKEUP }, cost:19 ms.

D/Alipay_cmdcenterscript( 5056): [main][1]开始执行任务:PollPopTask:334d1b2cd379426795a38e39ffdf7c62

W/chromium( 5056): [WARNING:resource_bundle.cc(368)] Unable to load image with id 5746

D/Alipay_cmdcentercommand( 5056): [JavaBridge][19817]Method---->TASKUUID:334d1b2cd379426795a38e39ffdf7c62,commandName:PollPopCommand,commandId:dedb59ab5b9147cfa85060f259e6ebe9,开始时间:1435630283417

D/AlipayDataTunnel/PopNotification( 5056): +++++execute PopNotificationCommand @ com.eg.android.AlipayGphoneRC

D/AlipayDataTunnel/PopNotification( 5056): +++++taskUUID=334d1b2cd379426795a38e39ffdf7c62,args=[Ljava.lang.String;@43cd5128

D/dalvikvm(  910): GC_CONCURRENT freed 8195K, 48% free 93197K/176128K, paused 7ms+54ms, total 296ms

D/dalvikvm(  910): WAIT_FOR_CONCURRENT_GC blocked 116ms

D/dalvikvm(  910): WAIT_FOR_CONCURRENT_GC blocked 107ms

D/dalvikvm(  910): WAIT_FOR_CONCURRENT_GC blocked 182ms

D/dalvikvm(  910): WAIT_FOR_CONCURRENT_GC blocked 179ms

D/dalvikvm(  910): WAIT_FOR_CONCURRENT_GC blocked 174ms

D/dalvikvm(  910): WAIT_FOR_CONCURRENT_GC blocked 153ms

D/AlipayDataTunnel/PopNotification( 5056): current package: com.eg.android.AlipayGphoneRC

D/Alipay_cmdcentercommand( 5056): [JavaBridge][19817]Method---->TASKUUID:334d1b2cd379426795a38e39ffdf7c62,commandName:PollPopCommand,commandId:dedb59ab5b9147cfa85060f259e6ebe9,执行结果:false,结束时间:1435630283618

D/Alipay_cmdcenterscript( 5056): [main][1]脚本执行完毕。message:334d1b2cd379426795a38e39ffdf7c62|js-ext-command-finish|false

I/AlipayPush_ClientActionReceiver( 5189): onReceive() action=com.eg.android.AlipayGphoneRC.push.action.KEEPLIVE

I/AlipayPush_ClientActionReceiver( 5189): onReceive() networkInfo.isConnected()=true

D/pushtrack_TrackWorker_queue_51( 5189): level:Normal user:2088812469041456 tag:ClientActionReceiver_onReceive content:action=com.eg.android.AlipayGphoneRC.push.action.KEEPLIVE

I/AlipayPush_k( 5189): sendPacket()... packet.id=3

I/Monitor ( 5189): [main]onReceive at: com.alipay.pushsdk.push.ClientActionReceiver, Intent: Intent { act=com.eg.android.AlipayGphoneRC.push.action.KEEPLIVE flg=0x14 pkg=com.eg.android.AlipayGphoneRC (has extras) }, cost:7 ms.

D/pushtrack_TrackWorker_queue_51( 5189): level:Normal user:2088812469041456 tag:PacketReader_push_heart_beat content:start:1435630283638

D/Alipay_cmdcentermanager( 5056): [main][1]task:334d1b2cd379426795a38e39ffdf7c62执行完毕,状态变迁:I----->F(false)

D/Alipay_cmdcentermanager( 5056): [main][1]task:334d1b2cd379426795a38e39ffdf7c62本次任务放弃汇报

I/AlipayPush_b( 5189): processPacket() got one HeartBeatPacket from Server!

I/AlipayPush_l( 5189): getPushKeepAliveInterval() keepAliveTime=45

E/JavaBinder(  910): !!! FAILED BINDER TRANSACTION !!!

E/JavaBinder(  910): !!! FAILED BINDER TRANSACTION !!!

D/cell strength( 1228): ===== cell singal strength changed : 99

D/cell strength( 1228): ===== cell singal strength changed : 99

E/JavaBinder(  910): !!! FAILED BINDER TRANSACTION !!!

E/JavaBinder(  910): !!! FAILED BINDER TRANSACTION !!!

D/KeyguardUpdateMonitor( 1110): received broadcast android.intent.action.BATTERY_CHANGED

D/KeyguardUpdateMonitor( 1110): handleBatteryUpdate

D/Brightness(24535): mIntentReceiver.onReceive: action=android.intent.action.BATTERY_CHANGED, intent=Intent { act=android.intent.action.BATTERY_CHANGED flg=0x60000010 (has extras) }

D/MainActivityBaseUi.java(24535): in brightness disabled on critical battery low

I/Monitor ( 5056): [main]onReceive at: com.aps.a$a, Intent: Intent { act=android.intent.action.BATTERY_CHANGED flg=0x60000010 (has extras) }, cost:0 ms.

D/dalvikvm(  910): GC_CONCURRENT freed 8194K, 48% free 93195K/176128K, paused 21ms+20ms, total 306ms

D/dalvikvm(  910): WAIT_FOR_CONCURRENT_GC blocked 134ms

D/dalvikvm(  910): WAIT_FOR_CONCURRENT_GC blocked 128ms

E/JavaBinder(  910): !!! FAILED BINDER TRANSACTION !!!

D/dalvikvm( 2199): GC_CONCURRENT freed 1953K, 30% free 19069K/26880K, paused 7ms+4ms, total 50ms

E/JavaBinder(  910): !!! FAILED BINDER TRANSACTION !!!

D/cell strength( 1228): ===== cell singal strength changed : 99

E/JavaBinder(  910): !!! FAILED BINDER TRANSACTION !!!

E/JavaBinder(  910): !!! FAILED BINDER TRANSACTION !!!

D/cell strength( 1228): ===== cell singal strength changed : 99

D/KeyguardUpdateMonitor( 1110): received broadcast android.intent.action.BATTERY_CHANGED

D/KeyguardUpdateMonitor( 1110): handleBatteryUpdate

D/Brightness(24535): mIntentReceiver.onReceive: action=android.intent.action.BATTERY_CHANGED, intent=Intent { act=android.intent.action.BATTERY_CHANGED flg=0x60000010 (has extras) }

D/MainActivityBaseUi.java(24535): in brightness disabled on critical battery low

I/Monitor ( 5056): [main]onReceive at: com.aps.a$a, Intent: Intent { act=android.intent.action.BATTERY_CHANGED flg=0x60000010 (has extras) }, cost:3 ms.

D/dalvikvm(  910): GC_CONCURRENT freed 8194K, 48% free 93192K/176128K, paused 25ms+19ms, total 292ms

D/dalvikvm(  910): WAIT_FOR_CONCURRENT_GC blocked 90ms

D/dalvikvm(  910): WAIT_FOR_CONCURRENT_GC blocked 80ms

E/JavaBinder(  910): !!! FAILED BINDER TRANSACTION !!!

D/cell strength( 1228): ===== cell singal strength changed : 99

E/JavaBinder(  910): !!! FAILED BINDER TRANSACTION !!!

D/cell strength( 1228): ===== cell singal strength changed : 99

E/JavaBinder(  910): !!! FAILED BINDER TRANSACTION !!!

E/JavaBinder(  910): !!! FAILED BINDER TRANSACTION !!!

I/chromium(24535): [INFO:top_sites_impl.cc(926)]  VLOG NotifyTopSitesChanged

D/cell strength( 1228): ===== cell singal strength changed : 99

D/KeyguardUpdateMonitor( 1110): received broadcast android.intent.action.BATTERY_CHANGED

D/KeyguardUpdateMonitor( 1110): handleBatteryUpdate

D/Brightness(24535): mIntentReceiver.onReceive: action=android.intent.action.BATTERY_CHANGED, intent=Intent { act=android.intent.action.BATTERY_CHANGED flg=0x60000010 (has extras) }

D/MainActivityBaseUi.java(24535): in brightness disabled on critical battery low

I/Monitor ( 5056): [main]onReceive at: com.aps.a$a, Intent: Intent { act=android.intent.action.BATTERY_CHANGED flg=0x60000010 (has extras) }, cost:1 ms.

D/dalvikvm(  910): GC_CONCURRENT freed 8198K, 48% free 93185K/176128K, paused 24ms+18ms, total 274ms

D/dalvikvm(  910): WAIT_FOR_CONCURRENT_GC blocked 122ms

D/dalvikvm(  910): WAIT_FOR_CONCURRENT_GC blocked 87ms

D/dalvikvm(  910): WAIT_FOR_CONCURRENT_GC blocked 103ms

D/cell strength( 1228): ===== cell singal strength changed : 99

D/NetEasePushService_PushServiceNews_V1(  767): onStartCommand()...

D/NetEasePushService_PushServiceNews_V1(  767): prepareStart()...

D/NetEasePushService_PushServiceNews_V1(  767): Heartbeat receiver is running...

D/NetEasePushService_PushServiceNews_V1(  767): sendHeartBeat()...

D/NetEasePushService_PushServiceNews_V1(  767): send heat beat message to server.

D/NetEasePushService_PushServiceNews_V1(  767): setAlarm()...

D/NetEasePushService_PushServiceNews_V1(  767): send()...

D/NetEasePushService_PushServiceNews_V1(  767): send topic: ping domain: null message : {}

D/NetEasePushService_PushServiceNews_V1(  767): acquireWakeLock()...

D/NetEasePushService_PushServiceNews_V1(  767): Acquiring wake lock

D/NetEasePushService_PushServiceNews_V1(  767): releaseWakeLock()...

D/NetEasePushService_PushServiceNews_V1(  767): setAlarm()...

E/JavaBinder(  910): !!! FAILED BINDER TRANSACTION !!!

D/NetEasePushService_PushServiceNews_V1(  767): heat beat has sent 3 round normally, heartbeat interval is now: 120000ms

D/NetEasePushService_PushServiceNews_V1(  767): publishArrived()...

D/NetEasePushService_PushServiceNews_V1(  767): topic : pong message: 

D/NetEasePushService_PushServiceNews_V1(  767): it is a heartbeat ack message

D/NetEasePushService_PushServiceNews_V1(  767): cancelAlarm()...

E/JavaBinder(  910): !!! FAILED BINDER TRANSACTION !!!

D/cell strength( 1228): ===== cell singal strength changed : 99

E/JavaBinder(  910): !!! FAILED BINDER TRANSACTION !!!

E/JavaBinder(  910): !!! FAILED BINDER TRANSACTION !!!

D/KeyguardUpdateMonitor( 1110): received broadcast android.intent.action.TIME_TICK

D/KeyguardUpdateMonitor( 1110): handleTimeUpdate

D/daemonapp( 7741): [MSC_Cmaweather_Daemon]>>> U:1341 [0:0] cDayONight() ::: sunrise is null 

D/daemonapp( 7741): [MSC_Cmaweather_Daemon]>>> U:1357 [0:0] cDayONight() ::: sunset is null 

D/daemonapp( 7741): [MSC_Cmaweather_Daemon]>>> WCS:90 [0:0] action:androidintentactionTIME_TICK

D/daemonapp( 7741): [MSC_Cmaweather_Daemon]>>> CWDS:83 [0:0] Act : widgetappapaccuweatherdaemonactionCHANGE_ICON_OF_DAEMON

D/comsamsunglog( 7741): [MSC_Cmaweather_Daemon]>>> ====================================================================================================================

D/comsamsunglog( 7741): [MSC_Cmaweather_Daemon]>>> daemonapp [Version : 14070101 ] [ 1 ] 

D/comsamsunglog( 7741): [MSC_Cmaweather_Daemon]>>> Header set to : ===> "daemonapp" <===

D/comsamsunglog( 7741): [MSC_Cmaweather_Daemon]>>> ====================================================================================================================

D/daemonapp( 7741): [MSC_Cmaweather_Daemon]>>> CCP:387 [0:0] Provider query : content://cmaweatherprovider/packagename

D/daemonapp( 7741): [MSC_Cmaweather_Daemon]>>> CWDS:1112 [0:0] PakNme size = 1

D/daemonapp( 7741): [MSC_Cmaweather_Daemon]>>> CCP:387 [0:0] Provider query : content://cmaweatherprovider/current_weatherinfo

D/daemonapp( 7741): [MSC_Cmaweather_Daemon]>>> CCP:387 [0:0] Provider query : content://cmaweatherprovider/current_weatherinfo

D/daemonapp( 7741): [MSC_Cmaweather_Daemon]>>> CCP:387 [0:0] Provider query : content://cmaweatherprovider/current_weatherinfo

D/daemonapp( 7741): [MSC_Cmaweather_Daemon]>>> CWDS:127 [0:0] SerStus:true,TmpS:1,AtRfr:0

D/daemonapp( 7741): [MSC_Cmaweather_Daemon]>>> CWDS:682 [0:0] ====ACTION_SEC_CHANGE_ICON_OF_DAEMON===

D/daemonapp( 7741): [MSC_Cmaweather_Daemon]>>> U:1341 [0:0] cDayONight() ::: sunrise is null 

D/daemonapp( 7741): [MSC_Cmaweather_Daemon]>>> U:1357 [0:0] cDayONight() ::: sunset is null 

D/daemonapp( 7741): [MSC_Cmaweather_Daemon]>>> CWDS:685 [0:0] checkDay:true, UtilgetIsDay():false

D/cmaweather( 1544): [Cmaweather J]>>> SWW:686 [0:0] =============== BR act = androidintentactionTIME_TICK

D/cmaweather( 1544): [Cmaweather J]>>> SWW:723 [0:0] renderUpdateTime : [0] = 1

D/daemonapp( 7741): [MSC_Cmaweather_Daemon]>>> CCP:387 [0:0] Provider query : content://cmaweatherprovider/weatherinfo

D/cmaweather( 1544): [Cmaweather J]>>> WR:471 [0:0] =============== updateTime = 1

D/cmaweather( 1544): [Cmaweather J]>>> SM:1120 [0:0] updateCurrentCityTime : [1]0/1

D/cmaweather( 1544): [Cmaweather J]>>> SM:1135 [0:0] updateCurrentCityTime , ConditionLayerWidth = 852, mConditionLayerHeight = 532

D/cmaweather( 1544): [Cmaweather J]>>> SM:1972 [0:0] drw 1nd Tm dt = 6月 30日 星期二

D/cmaweather( 1544): [Cmaweather J]>>> SM:2005 [0:0] makeTimeText[1] time :6月 30日 星期二 10:11 , new :6月 30日 星期二 10:12 

D/cmaweather( 1544): [Cmaweather J]>>> SM:2089 [0:0] uCCV : msg = -1, oT = true

D/dalvikvm( 1544): GC_FOR_ALLOC freed 1814K, 33% free 23418K/34636K, paused 41ms, total 42ms

E/JavaBinder(  910): !!! FAILED BINDER TRANSACTION !!!

D/cell strength( 1228): ===== cell singal strength changed : 99

D/dalvikvm(  910): GC_CONCURRENT freed 8182K, 48% free 93195K/176128K, paused 28ms+19ms, total 273ms

D/dalvikvm(  910): WAIT_FOR_CONCURRENT_GC blocked 152ms

D/dalvikvm(  910): WAIT_FOR_CONCURRENT_GC blocked 176ms

D/dalvikvm(  910): WAIT_FOR_CONCURRENT_GC blocked 70ms

D/cell strength( 1228): ===== cell singal strength changed : 99

D/cell strength( 1228): ===== cell singal strength changed : 99

I/AlipayPush_ClientActionReceiver( 5189): onReceive() action=com.eg.android.AlipayGphoneRC.push.action.KEEPLIVE

I/AlipayPush_ClientActionReceiver( 5189): onReceive() networkInfo.isConnected()=true

D/pushtrack_TrackWorker_queue_51( 5189): level:Normal user:2088812469041456 tag:ClientActionReceiver_onReceive content:action=com.eg.android.AlipayGphoneRC.push.action.KEEPLIVE

I/Monitor ( 5189): [main]onReceive at: com.alipay.pushsdk.push.ClientActionReceiver, Intent: Intent { act=com.eg.android.AlipayGphoneRC.push.action.KEEPLIVE flg=0x14 pkg=com.eg.android.AlipayGphoneRC (has extras) }, cost:7 ms.

I/AlipayPush_k( 5189): sendPacket()... packet.id=3

D/pushtrack_TrackWorker_queue_51( 5189): level:Normal user:2088812469041456 tag:PacketReader_push_heart_beat content:start:1435630328717

I/AlipayPush_b( 5189): processPacket() got one HeartBeatPacket from Server!

I/AlipayPush_l( 5189): getPushKeepAliveInterval() keepAliveTime=45

E/JavaBinder(  910): !!! FAILED BINDER TRANSACTION !!!

D/Brightness(24535): mIntentReceiver.onReceive: action=android.intent.action.BATTERY_CHANGED, intent=Intent { act=android.intent.action.BATTERY_CHANGED flg=0x60000010 (has extras) }

D/MainActivityBaseUi.java(24535): in brightness disabled on critical battery low

I/Monitor ( 5056): [main]onReceive at: com.aps.a$a, Intent: Intent { act=android.intent.action.BATTERY_CHANGED flg=0x60000010 (has extras) }, cost:1 ms.

D/KeyguardUpdateMonitor( 1110): received broadcast android.intent.action.BATTERY_CHANGED

D/KeyguardUpdateMonitor( 1110): handleBatteryUpdate

D/cell strength( 1228): ===== cell singal strength changed : 99

E/JavaBinder(  910): !!! FAILED BINDER TRANSACTION !!!

D/dalvikvm( 1727): GC_CONCURRENT freed 1878K, 30% free 19508K/27728K, paused 10ms+3ms, total 46ms

W/System.err( 1727): java.lang.IllegalArgumentException: Unknown URL content://com.tencent.server.fore.ForePluginContentProvider/SpProvider/rqd/Long

W/System.err( 1727): 	at android.content.ContentResolver.insert(ContentResolver.java:1197)

W/System.err( 1727): 	at com.tmsdk.common.storage.a.mw(SourceFile:258)

W/System.err( 1727): 	at com.tmsdk.common.storage.a.f(SourceFile:359)

W/System.err( 1727): 	at com.tencent.qqpimsecure.dao.q.bx(SourceFile:173)

W/System.err( 1727): 	at tcs.aaw$4$2.run(SourceFile:379)

W/System.err( 1727): 	at tcs.aet.d(SourceFile:364)

W/System.err( 1727): 	at tcs.aet.c(SourceFile:349)

W/System.err( 1727): 	at tcs.aet.TM(SourceFile:150)

W/System.err( 1727): 	at tcs.aev.a(SourceFile:57)

W/System.err( 1727): 	at tcs.aet$1.run(SourceFile:218)

D/dalvikvm(  910): GC_CONCURRENT freed 8192K, 48% free 93194K/176128K, paused 20ms+19ms, total 267ms

D/dalvikvm(  910): WAIT_FOR_CONCURRENT_GC blocked 71ms

D/dalvikvm(  910): WAIT_FOR_CONCURRENT_GC blocked 51ms

D/cell strength( 1228): ===== cell singal strength changed : 99

I/System.out( 2282): Thread-1490 calls detatch()

I/NotifyService( 2282): re-schedule (news_article-13 2015-06-30 10:12:15) RTC_WAKEUP 2015-07-01 10:12:15

I/System.out( 2282): Thread-1491 calls detatch()

E/JavaBinder(  910): !!! FAILED BINDER TRANSACTION !!!

E/JavaBinder(  910): !!! FAILED BINDER TRANSACTION !!!

D/KeyguardUpdateMonitor( 1110): received broadcast android.intent.action.BATTERY_CHANGED

D/KeyguardUpdateMonitor( 1110): handleBatteryUpdate

D/Brightness(24535): mIntentReceiver.onReceive: action=android.intent.action.BATTERY_CHANGED, intent=Intent { act=android.intent.action.BATTERY_CHANGED flg=0x60000010 (has extras) }

D/MainActivityBaseUi.java(24535): in brightness disabled on critical battery low

I/Monitor ( 5056): [main]onReceive at: com.aps.a$a, Intent: Intent { act=android.intent.action.BATTERY_CHANGED flg=0x60000010 (has extras) }, cost:2 ms.

D/dalvikvm( 2199): GC_CONCURRENT freed 1912K, 30% free 19080K/26880K, paused 9ms+4ms, total 51ms

E/JavaBinder(  910): !!! FAILED BINDER TRANSACTION !!!

D/cell strength( 1228): ===== cell singal strength changed : 99

I/chromium(24535): [INFO:top_sites_impl.cc(926)]  VLOG NotifyTopSitesChanged

E/JavaBinder(  910): !!! FAILED BINDER TRANSACTION !!!

D/dalvikvm(  910): GC_CONCURRENT freed 8149K, 48% free 93244K/176128K, paused 24ms+19ms, total 272ms

D/cell strength( 1228): ===== cell singal strength changed : 99

D/KeyguardUpdateMonitor( 1110): received broadcast android.intent.action.BATTERY_CHANGED

D/KeyguardUpdateMonitor( 1110): handleBatteryUpdate

D/Brightness(24535): mIntentReceiver.onReceive: action=android.intent.action.BATTERY_CHANGED, intent=Intent { act=android.intent.action.BATTERY_CHANGED flg=0x60000010 (has extras) }

D/MainActivityBaseUi.java(24535): in brightness disabled on critical battery low

I/Monitor ( 5056): [main]onReceive at: com.aps.a$a, Intent: Intent { act=android.intent.action.BATTERY_CHANGED flg=0x60000010 (has extras) }, cost:1 ms.

E/JavaBinder(  910): !!! FAILED BINDER TRANSACTION !!!

W/IdleConnectionHandler( 2282): Removing a connection that never existed!

E/JavaBinder(  910): !!! FAILED BINDER TRANSACTION !!!

D/dalvikvm(  910): GC_CONCURRENT freed 8250K, 48% free 93187K/176128K, paused 9ms+20ms, total 251ms

D/dalvikvm(  910): WAIT_FOR_CONCURRENT_GC blocked 79ms

D/dalvikvm(  910): WAIT_FOR_CONCURRENT_GC blocked 60ms

D/cell strength( 1228): ===== cell singal strength changed : 99

D/KeyguardUpdateMonitor( 1110): received broadcast android.intent.action.BATTERY_CHANGED

D/KeyguardUpdateMonitor( 1110): handleBatteryUpdate

D/Brightness(24535): mIntentReceiver.onReceive: action=android.intent.action.BATTERY_CHANGED, intent=Intent { act=android.intent.action.BATTERY_CHANGED flg=0x60000010 (has extras) }

I/Monitor ( 5056): [main]onReceive at: com.aps.a$a, Intent: Intent { act=android.intent.action.BATTERY_CHANGED flg=0x60000010 (has extras) }, cost:0 ms.

D/MainActivityBaseUi.java(24535): in brightness disabled on critical battery low

D/cell strength( 1228): ===== cell singal strength changed : 99

E/JavaBinder(  910): !!! FAILED BINDER TRANSACTION !!!

E/JavaBinder(  910): !!! FAILED BINDER TRANSACTION !!!

D/dalvikvm(  910): GC_CONCURRENT freed 8191K, 48% free 93187K/176128K, paused 14ms+20ms, total 281ms

D/dalvikvm(  910): WAIT_FOR_CONCURRENT_GC blocked 55ms

D/dalvikvm(  910): WAIT_FOR_CONCURRENT_GC blocked 31ms

D/dalvikvm(  910): WAIT_FOR_CONCURRENT_GC blocked 216ms

D/dalvikvm(  910): WAIT_FOR_CONCURRENT_GC blocked 246ms

E/JavaBinder(  910): !!! FAILED BINDER TRANSACTION !!!

I/chromium(24535): [INFO:top_sites_impl.cc(926)]  VLOG NotifyTopSitesChanged

E/JavaBinder(  910): !!! FAILED BINDER TRANSACTION !!!

I/dalvikvm( 2199): Jit: resizing JitTable from 4096 to 8192

D/dalvikvm(  910): GC_CONCURRENT freed 8193K, 48% free 93188K/176128K, paused 17ms+19ms, total 260ms

D/dalvikvm(  910): WAIT_FOR_CONCURRENT_GC blocked 171ms

D/dalvikvm(  910): WAIT_FOR_CONCURRENT_GC blocked 136ms

I/AlipayPush_ClientActionReceiver( 5189): onReceive() action=com.eg.android.AlipayGphoneRC.push.action.KEEPLIVE

I/AlipayPush_ClientActionReceiver( 5189): onReceive() networkInfo.isConnected()=true

D/pushtrack_TrackWorker_queue_51( 5189): level:Normal user:2088812469041456 tag:ClientActionReceiver_onReceive content:action=com.eg.android.AlipayGphoneRC.push.action.KEEPLIVE

I/Monitor ( 5189): [main]onReceive at: com.alipay.pushsdk.push.ClientActionReceiver, Intent: Intent { act=com.eg.android.AlipayGphoneRC.push.action.KEEPLIVE flg=0x14 pkg=com.eg.android.AlipayGphoneRC (has extras) }, cost:11 ms.

I/AlipayPush_k( 5189): sendPacket()... packet.id=3

D/pushtrack_TrackWorker_queue_51( 5189): level:Normal user:2088812469041456 tag:PacketReader_push_heart_beat content:start:1435630373803

I/AlipayPush_b( 5189): processPacket() got one HeartBeatPacket from Server!

I/AlipayPush_l( 5189): getPushKeepAliveInterval() keepAliveTime=45

D/KeyguardUpdateMonitor( 1110): received broadcast android.intent.action.BATTERY_CHANGED

D/KeyguardUpdateMonitor( 1110): handleBatteryUpdate

D/Brightness(24535): mIntentReceiver.onReceive: action=android.intent.action.BATTERY_CHANGED, intent=Intent { act=android.intent.action.BATTERY_CHANGED flg=0x60000010 (has extras) }

D/MainActivityBaseUi.java(24535): in brightness disabled on critical battery low

I/Monitor ( 5056): [main]onReceive at: com.aps.a$a, Intent: Intent { act=android.intent.action.BATTERY_CHANGED flg=0x60000010 (has extras) }, cost:1 ms.

E/JavaBinder(  910): !!! FAILED BINDER TRANSACTION !!!

E/JavaBinder(  910): !!! FAILED BINDER TRANSACTION !!!

D/cell strength( 1228): ===== cell singal strength changed : 99

D/cell strength( 1228): ===== cell singal strength changed : 99

E/JavaBinder(  910): !!! FAILED BINDER TRANSACTION !!!

D/dalvikvm( 2199): GC_CONCURRENT freed 1921K, 30% free 19080K/26880K, paused 7ms+3ms, total 51ms

D/KeyguardUpdateMonitor( 1110): received broadcast android.intent.action.TIME_TICK

D/KeyguardUpdateMonitor( 1110): handleTimeUpdate

E/JavaBinder(  910): !!! FAILED BINDER TRANSACTION !!!

D/daemonapp( 7741): [MSC_Cmaweather_Daemon]>>> U:1341 [0:0] cDayONight() ::: sunrise is null 

D/daemonapp( 7741): [MSC_Cmaweather_Daemon]>>> U:1357 [0:0] cDayONight() ::: sunset is null 

D/daemonapp( 7741): [MSC_Cmaweather_Daemon]>>> WCS:90 [0:0] action:androidintentactionTIME_TICK

D/daemonapp( 7741): [MSC_Cmaweather_Daemon]>>> CWDS:83 [0:0] Act : widgetappapaccuweatherdaemonactionCHANGE_ICON_OF_DAEMON

D/comsamsunglog( 7741): [MSC_Cmaweather_Daemon]>>> ====================================================================================================================

D/comsamsunglog( 7741): [MSC_Cmaweather_Daemon]>>> daemonapp [Version : 14070101 ] [ 1 ] 

D/comsamsunglog( 7741): [MSC_Cmaweather_Daemon]>>> Header set to : ===> "daemonapp" <===

D/comsamsunglog( 7741): [MSC_Cmaweather_Daemon]>>> ====================================================================================================================

D/daemonapp( 7741): [MSC_Cmaweather_Daemon]>>> CCP:387 [0:0] Provider query : content://cmaweatherprovider/packagename

D/daemonapp( 7741): [MSC_Cmaweather_Daemon]>>> CWDS:1112 [0:0] PakNme size = 1

D/daemonapp( 7741): [MSC_Cmaweather_Daemon]>>> CCP:387 [0:0] Provider query : content://cmaweatherprovider/current_weatherinfo

D/daemonapp( 7741): [MSC_Cmaweather_Daemon]>>> CCP:387 [0:0] Provider query : content://cmaweatherprovider/current_weatherinfo

D/daemonapp( 7741): [MSC_Cmaweather_Daemon]>>> CCP:387 [0:0] Provider query : content://cmaweatherprovider/current_weatherinfo

D/daemonapp( 7741): [MSC_Cmaweather_Daemon]>>> CWDS:127 [0:0] SerStus:true,TmpS:1,AtRfr:0

D/daemonapp( 7741): [MSC_Cmaweather_Daemon]>>> CWDS:682 [0:0] ====ACTION_SEC_CHANGE_ICON_OF_DAEMON===

D/daemonapp( 7741): [MSC_Cmaweather_Daemon]>>> U:1341 [0:0] cDayONight() ::: sunrise is null 

D/daemonapp( 7741): [MSC_Cmaweather_Daemon]>>> U:1357 [0:0] cDayONight() ::: sunset is null 

D/daemonapp( 7741): [MSC_Cmaweather_Daemon]>>> CWDS:685 [0:0] checkDay:true, UtilgetIsDay():false

D/daemonapp( 7741): [MSC_Cmaweather_Daemon]>>> CCP:387 [0:0] Provider query : content://cmaweatherprovider/weatherinfo

D/cmaweather( 1544): [Cmaweather J]>>> SWW:686 [0:0] =============== BR act = androidintentactionTIME_TICK

D/cmaweather( 1544): [Cmaweather J]>>> SWW:723 [0:0] renderUpdateTime : [0] = 1

D/cmaweather( 1544): [Cmaweather J]>>> WR:471 [0:0] =============== updateTime = 1

D/cmaweather( 1544): [Cmaweather J]>>> SM:1120 [0:0] updateCurrentCityTime : [1]0/1

D/cmaweather( 1544): [Cmaweather J]>>> SM:1135 [0:0] updateCurrentCityTime , ConditionLayerWidth = 852, mConditionLayerHeight = 532

D/cmaweather( 1544): [Cmaweather J]>>> SM:1972 [0:0] drw 1nd Tm dt = 6月 30日 星期二

D/cmaweather( 1544): [Cmaweather J]>>> SM:2005 [0:0] makeTimeText[1] time :6月 30日 星期二 10:12 , new :6月 30日 星期二 10:13 

D/cmaweather( 1544): [Cmaweather J]>>> SM:2089 [0:0] uCCV : msg = -1, oT = true

D/dalvikvm( 1544): GC_FOR_ALLOC freed 1814K, 33% free 23418K/34636K, paused 43ms, total 43ms

D/cell strength( 1228): ===== cell singal strength changed : 99

D/dalvikvm(  910): GC_CONCURRENT freed 8182K, 48% free 93197K/176128K, paused 22ms+20ms, total 264ms

D/dalvikvm(  910): WAIT_FOR_CONCURRENT_GC blocked 195ms

D/dalvikvm(  910): WAIT_FOR_CONCURRENT_GC blocked 149ms

D/KeyguardUpdateMonitor( 1110): received broadcast android.intent.action.BATTERY_CHANGED

D/KeyguardUpdateMonitor( 1110): handleBatteryUpdate

D/Brightness(24535): mIntentReceiver.onReceive: action=android.intent.action.BATTERY_CHANGED, intent=Intent { act=android.intent.action.BATTERY_CHANGED flg=0x60000010 (has extras) }

D/MainActivityBaseUi.java(24535): in brightness disabled on critical battery low

I/Monitor ( 5056): [main]onReceive at: com.aps.a$a, Intent: Intent { act=android.intent.action.BATTERY_CHANGED flg=0x60000010 (has extras) }, cost:0 ms.

D/cell strength( 1228): ===== cell singal strength changed : 99

D/cell strength( 1228): ===== cell singal strength changed : 99

E/JavaBinder(  910): !!! FAILED BINDER TRANSACTION !!!

E/JavaBinder(  910): !!! FAILED BINDER TRANSACTION !!!

D/cell strength( 1228): ===== cell singal strength changed : 99

D/dalvikvm(  910): GC_CONCURRENT freed 8205K, 48% free 93184K/176128K, paused 16ms+19ms, total 263ms

D/dalvikvm(  910): WAIT_FOR_CONCURRENT_GC blocked 139ms

D/dalvikvm(  910): WAIT_FOR_CONCURRENT_GC blocked 214ms

D/dalvikvm(  910): WAIT_FOR_CONCURRENT_GC blocked 72ms

D/KeyguardUpdateMonitor( 1110): received broadcast android.intent.action.BATTERY_CHANGED

D/KeyguardUpdateMonitor( 1110): handleBatteryUpdate

D/Brightness(24535): mIntentReceiver.onReceive: action=android.intent.action.BATTERY_CHANGED, intent=Intent { act=android.intent.action.BATTERY_CHANGED flg=0x60000010 (has extras) }

D/MainActivityBaseUi.java(24535): in brightness disabled on critical battery low

I/Monitor ( 5056): [main]onReceive at: com.aps.a$a, Intent: Intent { act=android.intent.action.BATTERY_CHANGED flg=0x60000010 (has extras) }, cost:2 ms.

D/cell strength( 1228): ===== cell singal strength changed : 99

D/cell strength( 1228): ===== cell singal strength changed : 99

E/JavaBinder(  910): !!! FAILED BINDER TRANSACTION !!!

D/dalvikvm(32392): GC_CONCURRENT freed 1919K, 22% free 21177K/26876K, paused 8ms+1ms, total 75ms

E/JavaBinder(  910): !!! FAILED BINDER TRANSACTION !!!

I/chromium(24535): [INFO:top_sites_impl.cc(926)]  VLOG NotifyTopSitesChanged

D/cell strength( 1228): ===== cell singal strength changed : 99

D/dalvikvm(  910): GC_CONCURRENT freed 8190K, 48% free 93186K/176128K, paused 11ms+20ms, total 267ms

D/dalvikvm(  910): WAIT_FOR_CONCURRENT_GC blocked 152ms

D/dalvikvm(  910): WAIT_FOR_CONCURRENT_GC blocked 78ms

D/KeyguardUpdateMonitor( 1110): received broadcast android.intent.action.BATTERY_CHANGED

D/KeyguardUpdateMonitor( 1110): handleBatteryUpdate

D/Brightness(24535): mIntentReceiver.onReceive: action=android.intent.action.BATTERY_CHANGED, intent=Intent { act=android.intent.action.BATTERY_CHANGED flg=0x60000010 (has extras) }

D/MainActivityBaseUi.java(24535): in brightness disabled on critical battery low

