D/KeyguardUpdateMonitor( 1110): received broadcast android.intent.action.BATTERY_CHANGED

D/KeyguardUpdateMonitor( 1110): handleBatteryUpdate

D/Brightness(24535): mIntentReceiver.onReceive: action=android.intent.action.BATTERY_CHANGED, intent=Intent { act=android.intent.action.BATTERY_CHANGED flg=0x60000010 (has extras) }

D/MainActivityBaseUi.java(24535): in brightness disabled on critical battery low

I/Monitor ( 5056): [main]onReceive at: com.aps.a$a, Intent: Intent { act=android.intent.action.BATTERY_CHANGED flg=0x60000010 (has extras) }, cost:1 ms.

E/JavaBinder(  910): !!! FAILED BINDER TRANSACTION !!!

E/JavaBinder(  910): !!! FAILED BINDER TRANSACTION !!!

D/cell strength( 1228): ===== cell singal strength changed : 99

D/cell strength( 1228): ===== cell singal strength changed : 99

D/dalvikvm(  910): GC_CONCURRENT freed 8192K, 48% free 93169K/176128K, paused 20ms+18ms, total 260ms

D/dalvikvm(  910): WAIT_FOR_CONCURRENT_GC blocked 103ms

E/JavaBinder(  910): !!! FAILED BINDER TRANSACTION !!!

E/JavaBinder(  910): !!! FAILED BINDER TRANSACTION !!!

D/cell strength( 1228): ===== cell singal strength changed : 99

D/cell strength( 1228): ===== cell singal strength changed : 99

I/AlipayPush_ClientActionReceiver( 5189): onReceive() action=com.eg.android.AlipayGphoneRC.push.action.KEEPLIVE

I/AlipayPush_ClientActionReceiver( 5189): onReceive() networkInfo.isConnected()=true

D/pushtrack_TrackWorker_queue_51( 5189): level:Normal user:2088812469041456 tag:ClientActionReceiver_onReceive content:action=com.eg.android.AlipayGphoneRC.push.action.KEEPLIVE

I/AlipayPush_k( 5189): sendPacket()... packet.id=3

I/Monitor ( 5189): [main]onReceive at: com.alipay.pushsdk.push.ClientActionReceiver, Intent: Intent { act=com.eg.android.AlipayGphoneRC.push.action.KEEPLIVE flg=0x14 pkg=com.eg.android.AlipayGphoneRC (has extras) }, cost:13 ms.

D/pushtrack_TrackWorker_queue_51( 5189): level:Normal user:2088812469041456 tag:PacketReader_push_heart_beat content:start:1435631018507

I/AlipayPush_b( 5189): processPacket() got one HeartBeatPacket from Server!

I/AlipayPush_l( 5189): getPushKeepAliveInterval() keepAliveTime=45

D/KeyguardUpdateMonitor( 1110): received broadcast android.intent.action.BATTERY_CHANGED

D/KeyguardUpdateMonitor( 1110): handleBatteryUpdate

I/Monitor ( 5056): [main]onReceive at: com.aps.a$a, Intent: Intent { act=android.intent.action.BATTERY_CHANGED flg=0x60000010 (has extras) }, cost:0 ms.

D/Brightness(24535): mIntentReceiver.onReceive: action=android.intent.action.BATTERY_CHANGED, intent=Intent { act=android.intent.action.BATTERY_CHANGED flg=0x60000010 (has extras) }

D/MainActivityBaseUi.java(24535): in brightness disabled on critical battery low

D/cell strength( 1228): ===== cell singal strength changed : 99

E/JavaBinder(  910): !!! FAILED BINDER TRANSACTION !!!

D/dalvikvm(  910): GC_CONCURRENT freed 8193K, 48% free 93168K/176128K, paused 24ms+19ms, total 286ms

D/dalvikvm(  910): WAIT_FOR_CONCURRENT_GC blocked 106ms

D/dalvikvm(  910): WAIT_FOR_CONCURRENT_GC blocked 79ms

E/JavaBinder(  910): !!! FAILED BINDER TRANSACTION !!!

D/KeyguardUpdateMonitor( 1110): received broadcast android.intent.action.BATTERY_CHANGED

D/KeyguardUpdateMonitor( 1110): handleBatteryUpdate

D/Brightness(24535): mIntentReceiver.onReceive: action=android.intent.action.BATTERY_CHANGED, intent=Intent { act=android.intent.action.BATTERY_CHANGED flg=0x60000010 (has extras) }

D/MainActivityBaseUi.java(24535): in brightness disabled on critical battery low

I/Monitor ( 5056): [main]onReceive at: com.aps.a$a, Intent: Intent { act=android.intent.action.BATTERY_CHANGED flg=0x60000010 (has extras) }, cost:1 ms.

E/JavaBinder(  910): !!! FAILED BINDER TRANSACTION !!!

D/        ( 1110): DFactory start

D/        ( 1110): isQmage : stream is not a Qmage file

D/dalvikvm(  910): GC_CONCURRENT freed 8193K, 48% free 93166K/176128K, paused 22ms+20ms, total 298ms

D/dalvikvm(  910): WAIT_FOR_CONCURRENT_GC blocked 102ms

E/JavaBinder(  910): !!! FAILED BINDER TRANSACTION !!!

I/chromium(24535): [INFO:top_sites_impl.cc(926)]  VLOG NotifyTopSitesChanged

E/JavaBinder(  910): !!! FAILED BINDER TRANSACTION !!!

D/cell strength( 1228): ===== cell singal strength changed : 99

D/cell strength( 1228): ===== cell singal strength changed : 99

D/cell strength( 1228): ===== cell singal strength changed : 99

D/KeyguardUpdateMonitor( 1110): received broadcast android.intent.action.BATTERY_CHANGED

D/KeyguardUpdateMonitor( 1110): handleBatteryUpdate

D/Brightness(24535): mIntentReceiver.onReceive: action=android.intent.action.BATTERY_CHANGED, intent=Intent { act=android.intent.action.BATTERY_CHANGED flg=0x60000010 (has extras) }

D/MainActivityBaseUi.java(24535): in brightness disabled on critical battery low

I/Monitor ( 5056): [main]onReceive at: com.aps.a$a, Intent: Intent { act=android.intent.action.BATTERY_CHANGED flg=0x60000010 (has extras) }, cost:0 ms.

E/JavaBinder(  910): !!! FAILED BINDER TRANSACTION !!!

D/dalvikvm(  910): GC_CONCURRENT freed 8187K, 48% free 93171K/176128K, paused 26ms+19ms, total 298ms

D/dalvikvm(  910): WAIT_FOR_CONCURRENT_GC blocked 167ms

D/KeyguardUpdateMonitor( 1110): received broadcast android.intent.action.TIME_TICK

D/KeyguardUpdateMonitor( 1110): handleTimeUpdate

D/daemonapp( 7741): [MSC_Cmaweather_Daemon]>>> U:1341 [0:0] cDayONight() ::: sunrise is null 

D/daemonapp( 7741): [MSC_Cmaweather_Daemon]>>> U:1357 [0:0] cDayONight() ::: sunset is null 

D/daemonapp( 7741): [MSC_Cmaweather_Daemon]>>> WCS:90 [0:0] action:androidintentactionTIME_TICK

D/daemonapp( 7741): [MSC_Cmaweather_Daemon]>>> CWDS:83 [0:0] Act : widgetappapaccuweatherdaemonactionCHANGE_ICON_OF_DAEMON

D/comsamsunglog( 7741): [MSC_Cmaweather_Daemon]>>> ====================================================================================================================

D/comsamsunglog( 7741): [MSC_Cmaweather_Daemon]>>> daemonapp [Version : 14070101 ] [ 1 ] 

D/comsamsunglog( 7741): [MSC_Cmaweather_Daemon]>>> Header set to : ===> "daemonapp" <===

D/comsamsunglog( 7741): [MSC_Cmaweather_Daemon]>>> ====================================================================================================================

D/daemonapp( 7741): [MSC_Cmaweather_Daemon]>>> CCP:387 [0:0] Provider query : content://cmaweatherprovider/packagename

D/daemonapp( 7741): [MSC_Cmaweather_Daemon]>>> CWDS:1112 [0:0] PakNme size = 1

D/daemonapp( 7741): [MSC_Cmaweather_Daemon]>>> CCP:387 [0:0] Provider query : content://cmaweatherprovider/current_weatherinfo

D/daemonapp( 7741): [MSC_Cmaweather_Daemon]>>> CCP:387 [0:0] Provider query : content://cmaweatherprovider/current_weatherinfo

D/daemonapp( 7741): [MSC_Cmaweather_Daemon]>>> CCP:387 [0:0] Provider query : content://cmaweatherprovider/current_weatherinfo

D/daemonapp( 7741): [MSC_Cmaweather_Daemon]>>> CWDS:127 [0:0] SerStus:true,TmpS:1,AtRfr:0

D/daemonapp( 7741): [MSC_Cmaweather_Daemon]>>> CWDS:682 [0:0] ====ACTION_SEC_CHANGE_ICON_OF_DAEMON===

D/cmaweather( 1544): [Cmaweather J]>>> SWW:686 [0:0] =============== BR act = androidintentactionTIME_TICK

D/daemonapp( 7741): [MSC_Cmaweather_Daemon]>>> U:1341 [0:0] cDayONight() ::: sunrise is null 

D/daemonapp( 7741): [MSC_Cmaweather_Daemon]>>> U:1357 [0:0] cDayONight() ::: sunset is null 

D/daemonapp( 7741): [MSC_Cmaweather_Daemon]>>> CWDS:685 [0:0] checkDay:true, UtilgetIsDay():false

D/cmaweather( 1544): [Cmaweather J]>>> SWW:723 [0:0] renderUpdateTime : [0] = 1

D/daemonapp( 7741): [MSC_Cmaweather_Daemon]>>> CCP:387 [0:0] Provider query : content://cmaweatherprovider/weatherinfo

D/cmaweather( 1544): [Cmaweather J]>>> WR:471 [0:0] =============== updateTime = 1

D/cmaweather( 1544): [Cmaweather J]>>> SM:1120 [0:0] updateCurrentCityTime : [1]0/1

D/cmaweather( 1544): [Cmaweather J]>>> SM:1135 [0:0] updateCurrentCityTime , ConditionLayerWidth = 852, mConditionLayerHeight = 532

D/cmaweather( 1544): [Cmaweather J]>>> SM:1972 [0:0] drw 1nd Tm dt = 6月 30日 星期二

D/cmaweather( 1544): [Cmaweather J]>>> SM:2005 [0:0] makeTimeText[1] time :6月 30日 星期二 10:23 , new :6月 30日 星期二 10:24 

D/cmaweather( 1544): [Cmaweather J]>>> SM:2089 [0:0] uCCV : msg = -1, oT = true

D/dalvikvm( 1544): GC_FOR_ALLOC freed 1814K, 33% free 23418K/34636K, paused 37ms, total 37ms

E/JavaBinder(  910): !!! FAILED BINDER TRANSACTION !!!

D/dalvikvm( 2199): GC_CONCURRENT freed 1921K, 29% free 19197K/26880K, paused 8ms+3ms, total 40ms

D/cell strength( 1228): ===== cell singal strength changed : 99

D/cell strength( 1228): ===== cell singal strength changed : 99

D/cell strength( 1228): ===== cell singal strength changed : 99

D/KeyguardUpdateMonitor( 1110): received broadcast android.intent.action.BATTERY_CHANGED

D/KeyguardUpdateMonitor( 1110): handleBatteryUpdate

I/Monitor ( 5056): [main]onReceive at: com.aps.a$a, Intent: Intent { act=android.intent.action.BATTERY_CHANGED flg=0x60000010 (has extras) }, cost:0 ms.

D/Brightness(24535): mIntentReceiver.onReceive: action=android.intent.action.BATTERY_CHANGED, intent=Intent { act=android.intent.action.BATTERY_CHANGED flg=0x60000010 (has extras) }

D/MainActivityBaseUi.java(24535): in brightness disabled on critical battery low

D/dalvikvm( 1727): GC_CONCURRENT freed 1927K, 30% free 19450K/27728K, paused 4ms+4ms, total 41ms

D/dalvikvm(  910): GC_CONCURRENT freed 8187K, 48% free 93175K/176128K, paused 27ms+20ms, total 272ms

D/dalvikvm(  910): WAIT_FOR_CONCURRENT_GC blocked 30ms

D/dalvikvm(  910): WAIT_FOR_CONCURRENT_GC blocked 142ms

D/dalvikvm(  910): WAIT_FOR_CONCURRENT_GC blocked 111ms

E/JavaBinder(  910): !!! FAILED BINDER TRANSACTION !!!

E/JavaBinder(  910): !!! FAILED BINDER TRANSACTION !!!

D/cell strength( 1228): ===== cell singal strength changed : 99

D/cell strength( 1228): ===== cell singal strength changed : 99

D/cell strength( 1228): ===== cell singal strength changed : 99

E/JavaBinder(  910): !!! FAILED BINDER TRANSACTION !!!

D/dalvikvm(  910): GC_CONCURRENT freed 8203K, 48% free 93164K/176128K, paused 26ms+18ms, total 305ms

D/dalvikvm(  910): WAIT_FOR_CONCURRENT_GC blocked 100ms

D/cell strength( 1228): ===== cell singal strength changed : 99

E/JavaBinder(  910): !!! FAILED BINDER TRANSACTION !!!

I/chromium(24535): [INFO:top_sites_impl.cc(926)]  VLOG NotifyTopSitesChanged

I/AlipayPush_ClientActionReceiver( 5189): onReceive() action=com.eg.android.AlipayGphoneRC.push.action.KEEPLIVE

I/AlipayPush_ClientActionReceiver( 5189): onReceive() networkInfo.isConnected()=true

D/pushtrack_TrackWorker_queue_51( 5189): level:Normal user:2088812469041456 tag:ClientActionReceiver_onReceive content:action=com.eg.android.AlipayGphoneRC.push.action.KEEPLIVE

I/AlipayPush_k( 5189): sendPacket()... packet.id=3

I/Monitor ( 5189): [main]onReceive at: com.alipay.pushsdk.push.ClientActionReceiver, Intent: Intent { act=com.eg.android.AlipayGphoneRC.push.action.KEEPLIVE flg=0x14 pkg=com.eg.android.AlipayGphoneRC (has extras) }, cost:8 ms.

D/pushtrack_TrackWorker_queue_51( 5189): level:Normal user:2088812469041456 tag:PacketReader_push_heart_beat content:start:1435631063589

I/AlipayPush_b( 5189): processPacket() got one HeartBeatPacket from Server!

I/AlipayPush_l( 5189): getPushKeepAliveInterval() keepAliveTime=45

E/JavaBinder(  910): !!! FAILED BINDER TRANSACTION !!!

D/KeyguardUpdateMonitor( 1110): received broadcast android.intent.action.BATTERY_CHANGED

D/KeyguardUpdateMonitor( 1110): handleBatteryUpdate

D/Brightness(24535): mIntentReceiver.onReceive: action=android.intent.action.BATTERY_CHANGED, intent=Intent { act=android.intent.action.BATTERY_CHANGED flg=0x60000010 (has extras) }

D/MainActivityBaseUi.java(24535): in brightness disabled on critical battery low

I/Monitor ( 5056): [main]onReceive at: com.aps.a$a, Intent: Intent { act=android.intent.action.BATTERY_CHANGED flg=0x60000010 (has extras) }, cost:1 ms.

E/JavaBinder(  910): !!! FAILED BINDER TRANSACTION !!!

D/cell strength( 1228): ===== cell singal strength changed : 99

D/dalvikvm(  910): GC_CONCURRENT freed 8148K, 48% free 93196K/176128K, paused 27ms+20ms, total 280ms

E/JavaBinder(  910): !!! FAILED BINDER TRANSACTION !!!

D/cell strength( 1228): ===== cell singal strength changed : 99

D/        (  910): TIMA: tima-pkm-check event req_len=8272,resp_len=4104!

D/        (  910): TIMA: tima-pkm-check event call to open backend shared_mem_len=8272!

D/        (  910): TAL: TIMA_backend_open--int8_t TIMA_backend_open(void**, appID, uint32_t, uint32_t)

D/        (  910): TIMA: QCOM_backend_open--int8_t QCOM_backend_open(void**, appID, uint32_t, uint32_t)

D/QSEECOMAPI: (  910): App is already loaded QSEE and app id = 5

D/        (  910): TIMA: tima-pkm--TZAPPS is already loaded!

D/        (  910): TAL: TIMA_PKM_measure_kernel--int8_t TIMA_PKM_measure_kernel(TIMA_handle_t, void*, uint32_t, void*, uint32_t, uint32_t)

D/        (  910): TIMA: QCOM_send_command--int8_t QCOM_send_command(TIMA_handle_t, void*, uint32_t, void*, uint32_t, uint32_t)

D/        (  910): rsp_len = 1008 rcvd_data_len = 1040, self_calculate_len=1040

D/        (  910): TIMA: QCOM_send_command result--0

D/        (  910): TIMA_PKM_measure_kernel returns with resp..ret=512!

D/        (  910): TAL: TIMA_PKM_measure_kernel--int8_t TIMA_PKM_measure_kernel(TIMA_handle_t, void*, uint32_t, void*, uint32_t, uint32_t)

D/        (  910): TIMA: QCOM_send_command--int8_t QCOM_send_command(TIMA_handle_t, void*, uint32_t, void*, uint32_t, uint32_t)

D/        (  910): rsp_len = 1008 rcvd_data_len = 1040, self_calculate_len=1040

D/        (  910): TIMA: QCOM_send_command result--0

D/        (  910): TIMA_PKM_measure_kernel returns with resp..ret=512!

D/        (  910): TAL: TIMA_PKM_measure_kernel--int8_t TIMA_PKM_measure_kernel(TIMA_handle_t, void*, uint32_t, void*, uint32_t, uint32_t)

D/        (  910): TIMA: QCOM_send_command--int8_t QCOM_send_command(TIMA_handle_t, void*, uint32_t, void*, uint32_t, uint32_t)

D/        (  910): rsp_len = 1008 rcvd_data_len = 1040, self_calculate_len=1040

D/        (  910): TIMA: QCOM_send_command result--0

D/        (  910): TIMA_PKM_measure_kernel returns with resp..ret=512!

D/        (  910): TAL: TIMA_PKM_measure_kernel--int8_t TIMA_PKM_measure_kernel(TIMA_handle_t, void*, uint32_t, void*, uint32_t, uint32_t)

D/        (  910): TIMA: QCOM_send_command--int8_t QCOM_send_command(TIMA_handle_t, void*, uint32_t, void*, uint32_t, uint32_t)

D/        (  910): rsp_len = 1008 rcvd_data_len = 1040, self_calculate_len=1040

D/        (  910): TIMA: QCOM_send_command result--0

D/        (  910): TIMA_PKM_measure_kernel returns with resp..ret=512!

D/        (  910): TAL: TIMA_PKM_measure_kernel--int8_t TIMA_PKM_measure_kernel(TIMA_handle_t, void*, uint32_t, void*, uint32_t, uint32_t)

D/        (  910): TIMA: QCOM_send_command--int8_t QCOM_send_command(TIMA_handle_t, void*, uint32_t, void*, uint32_t, uint32_t)

D/        (  910): rsp_len = 1008 rcvd_data_len = 1040, self_calculate_len=1040

D/        (  910): TIMA: QCOM_send_command result--0

D/        (  910): TIMA_PKM_measure_kernel returns with resp..ret=512!

D/        (  910): TAL: TIMA_PKM_measure_kernel--int8_t TIMA_PKM_measure_kernel(TIMA_handle_t, void*, uint32_t, void*, uint32_t, uint32_t)

D/        (  910): TIMA: QCOM_send_command--int8_t QCOM_send_command(TIMA_handle_t, void*, uint32_t, void*, uint32_t, uint32_t)

D/        (  910): rsp_len = 1008 rcvd_data_len = 1040, self_calculate_len=1040

D/        (  910): TIMA: QCOM_send_command result--0

D/        (  910): TIMA_PKM_measure_kernel returns with resp..ret=512!

D/        (  910): TAL: TIMA_PKM_measure_kernel--int8_t TIMA_PKM_measure_kernel(TIMA_handle_t, void*, uint32_t, void*, uint32_t, uint32_t)

D/        (  910): TIMA: QCOM_send_command--int8_t QCOM_send_command(TIMA_handle_t, void*, uint32_t, void*, uint32_t, uint32_t)

D/        (  910): rsp_len = 1008 rcvd_data_len = 1040, self_calculate_len=1040

D/        (  910): TIMA: QCOM_send_command result--0

D/        (  910): TIMA_PKM_measure_kernel returns with resp..ret=512!

D/        (  910): TAL: TIMA_PKM_measure_kernel--int8_t TIMA_PKM_measure_kernel(TIMA_handle_t, void*, uint32_t, void*, uint32_t, uint32_t)

D/        (  910): TIMA: QCOM_send_command--int8_t QCOM_send_command(TIMA_handle_t, void*, uint32_t, void*, uint32_t, uint32_t)

D/        (  910): rsp_len = 1008 rcvd_data_len = 1040, self_calculate_len=1040

D/        (  910): TIMA: QCOM_send_command result--0

D/        (  910): TIMA_PKM_measure_kernel returns with resp..ret=512!

D/        (  910): TAL: TIMA_PKM_measure_kernel--int8_t TIMA_PKM_measure_kernel(TIMA_handle_t, void*, uint32_t, void*, uint32_t, uint32_t)

D/        (  910): TIMA: QCOM_send_command--int8_t QCOM_send_command(TIMA_handle_t, void*, uint32_t, void*, uint32_t, uint32_t)

D/        (  910): rsp_len = 1008 rcvd_data_len = 1040, self_calculate_len=1040

D/        (  910): TIMA: QCOM_send_command result--0

D/        (  910): TIMA_PKM_measure_kernel returns with resp..ret=512!

D/        (  910): TAL: TIMA_PKM_measure_kernel--int8_t TIMA_PKM_measure_kernel(TIMA_handle_t, void*, uint32_t, void*, uint32_t, uint32_t)

D/        (  910): TIMA: QCOM_send_command--int8_t QCOM_send_command(TIMA_handle_t, void*, uint32_t, void*, uint32_t, uint32_t)

D/        (  910): rsp_len = 1008 rcvd_data_len = 1040, self_calculate_len=1040

D/        (  910): TIMA: QCOM_send_command result--0

D/        (  910): TIMA_PKM_measure_kernel returns with resp..ret=512!

D/        (  910): TAL: TIMA_PKM_measure_kernel--int8_t TIMA_PKM_measure_kernel(TIMA_handle_t, void*, uint32_t, void*, uint32_t, uint32_t)

D/        (  910): TIMA: QCOM_send_command--int8_t QCOM_send_command(TIMA_handle_t, void*, uint32_t, void*, uint32_t, uint32_t)

D/        (  910): rsp_len = 1008 rcvd_data_len = 1040, self_calculate_len=1040

D/        (  910): TIMA: QCOM_send_command result--0

D/        (  910): TIMA_PKM_measure_kernel returns with resp..ret=512!

D/        (  910): TAL: TIMA_PKM_measure_kernel--int8_t TIMA_PKM_measure_kernel(TIMA_handle_t, void*, uint32_t, void*, uint32_t, uint32_t)

D/        (  910): TIMA: QCOM_send_command--int8_t QCOM_send_command(TIMA_handle_t, void*, uint32_t, void*, uint32_t, uint32_t)

D/        (  910): rsp_len = 1008 rcvd_data_len = 1040, self_calculate_len=1040

D/        (  910): TIMA: QCOM_send_command result--0

D/        (  910): TIMA_PKM_measure_kernel returns with resp..ret=512!

D/        (  910): TAL: TIMA_PKM_measure_kernel--int8_t TIMA_PKM_measure_kernel(TIMA_handle_t, void*, uint32_t, void*, uint32_t, uint32_t)

D/        (  910): TIMA: QCOM_send_command--int8_t QCOM_send_command(TIMA_handle_t, void*, uint32_t, void*, uint32_t, uint32_t)

D/        (  910): rsp_len = 1008 rcvd_data_len = 1040, self_calculate_len=1040

D/        (  910): TIMA: QCOM_send_command result--0

D/        (  910): TIMA_PKM_measure_kernel returns with resp..ret=512!

D/        (  910): TAL: TIMA_PKM_measure_kernel--int8_t TIMA_PKM_measure_kernel(TIMA_handle_t, void*, uint32_t, void*, uint32_t, uint32_t)

D/        (  910): TIMA: QCOM_send_command--int8_t QCOM_send_command(TIMA_handle_t, void*, uint32_t, void*, uint32_t, uint32_t)

D/        (  910): rsp_len = 1008 rcvd_data_len = 1040, self_calculate_len=1040

D/        (  910): TIMA: QCOM_send_command result--0

D/        (  910): TIMA_PKM_measure_kernel returns with resp..ret=512!

D/        (  910): TAL: TIMA_PKM_measure_kernel--int8_t TIMA_PKM_measure_kernel(TIMA_handle_t, void*, uint32_t, void*, uint32_t, uint32_t)

D/        (  910): TIMA: QCOM_send_command--int8_t QCOM_send_command(TIMA_handle_t, void*, uint32_t, void*, uint32_t, uint32_t)

D/        (  910): rsp_len = 1008 rcvd_data_len = 1040, self_calculate_len=1040

D/        (  910): TIMA: QCOM_send_command result--0

D/        (  910): TIMA_PKM_measure_kernel returns with resp..ret=512!

D/        (  910): TAL: TIMA_PKM_measure_kernel--int8_t TIMA_PKM_measure_kernel(TIMA_handle_t, void*, uint32_t, void*, uint32_t, uint32_t)

D/        (  910): TIMA: QCOM_send_command--int8_t QCOM_send_command(TIMA_handle_t, void*, uint32_t, void*, uint32_t, uint32_t)

D/        (  910): rsp_len = 1008 rcvd_data_len = 1040, self_calculate_len=1040

D/        (  910): TIMA: QCOM_send_command result--0

D/        (  910): TIMA_PKM_measure_kernel returns with resp..ret=512!

D/        (  910): TAL: TIMA_PKM_measure_kernel--int8_t TIMA_PKM_measure_kernel(TIMA_handle_t, void*, uint32_t, void*, uint32_t, uint32_t)

D/        (  910): TIMA: QCOM_send_command--int8_t QCOM_send_command(TIMA_handle_t, void*, uint32_t, void*, uint32_t, uint32_t)

D/        (  910): rsp_len = 1008 rcvd_data_len = 1040, self_calculate_len=1040

D/        (  910): TIMA: QCOM_send_command result--0

D/        (  910): TIMA_PKM_measure_kernel returns with resp..ret=512!

D/        (  910): TAL: TIMA_PKM_measure_kernel--int8_t TIMA_PKM_measure_kernel(TIMA_handle_t, void*, uint32_t, void*, uint32_t, uint32_t)

D/        (  910): TIMA: QCOM_send_command--int8_t QCOM_send_command(TIMA_handle_t, void*, uint32_t, void*, uint32_t, uint32_t)

D/        (  910): rsp_len = 1008 rcvd_data_len = 1040, self_calculate_len=1040

D/        (  910): TIMA: QCOM_send_command result--0

D/        (  910): TIMA_PKM_measure_kernel returns with resp..ret=512!

D/        (  910): TAL: TIMA_PKM_measure_kernel--int8_t TIMA_PKM_measure_kernel(TIMA_handle_t, void*, uint32_t, void*, uint32_t, uint32_t)

D/        (  910): TIMA: QCOM_send_command--int8_t QCOM_send_command(TIMA_handle_t, void*, uint32_t, void*, uint32_t, uint32_t)

D/        (  910): rsp_len = 1008 rcvd_data_len = 1040, self_calculate_len=1040

E/JavaBinder(  910): !!! FAILED BINDER TRANSACTION !!!

D/        (  910): TIMA: QCOM_send_command result--0

D/        (  910): TIMA_PKM_measure_kernel returns with resp..ret=512!

D/        (  910): TAL: TIMA_PKM_measure_kernel--int8_t TIMA_PKM_measure_kernel(TIMA_handle_t, void*, uint32_t, void*, uint32_t, uint32_t)

D/        (  910): TIMA: QCOM_send_command--int8_t QCOM_send_command(TIMA_handle_t, void*, uint32_t, void*, uint32_t, uint32_t)

D/        (  910): rsp_len = 1008 rcvd_data_len = 1040, self_calculate_len=1040

D/        (  910): TIMA: QCOM_send_command result--0

D/        (  910): TIMA_PKM_measure_kernel returns with resp..ret=512!

D/        (  910): TAL: TIMA_PKM_measure_kernel--int8_t TIMA_PKM_measure_kernel(TIMA_handle_t, void*, uint32_t, void*, uint32_t, uint32_t)

D/        (  910): TIMA: QCOM_send_command--int8_t QCOM_send_command(TIMA_handle_t, void*, uint32_t, void*, uint32_t, uint32_t)

D/        (  910): rsp_len = 1008 rcvd_data_len = 1040, self_calculate_len=1040

D/        (  910): TIMA: QCOM_send_command result--0

D/        (  910): TIMA_PKM_measure_kernel returns with resp..ret=512!

D/        (  910): TAL: TIMA_PKM_measure_kernel--int8_t TIMA_PKM_measure_kernel(TIMA_handle_t, void*, uint32_t, void*, uint32_t, uint32_t)

D/        (  910): TIMA: QCOM_send_command--int8_t QCOM_send_command(TIMA_handle_t, void*, uint32_t, void*, uint32_t, uint32_t)

D/        (  910): rsp_len = 1008 rcvd_data_len = 1040, self_calculate_len=1040

D/        (  910): TIMA: QCOM_send_command result--0

D/        (  910): TIMA_PKM_measure_kernel returns with resp..ret=512!

D/        (  910): TAL: TIMA_PKM_measure_kernel--int8_t TIMA_PKM_measure_kernel(TIMA_handle_t, void*, uint32_t, void*, uint32_t, uint32_t)

D/        (  910): TIMA: QCOM_send_command--int8_t QCOM_send_command(TIMA_handle_t, void*, uint32_t, void*, uint32_t, uint32_t)

D/        (  910): rsp_len = 1008 rcvd_data_len = 1040, self_calculate_len=1040

D/        (  910): TIMA: QCOM_send_command result--0

D/        (  910): TIMA_PKM_measure_kernel returns with resp..ret=512!

D/        (  910): TAL: TIMA_PKM_measure_kernel--int8_t TIMA_PKM_measure_kernel(TIMA_handle_t, void*, uint32_t, void*, uint32_t, uint32_t)

D/        (  910): TIMA: QCOM_send_command--int8_t QCOM_send_command(TIMA_handle_t, void*, uint32_t, void*, uint32_t, uint32_t)

D/        (  910): rsp_len = 1008 rcvd_data_len = 1040, self_calculate_len=1040

D/        (  910): TIMA: QCOM_send_command result--0

D/        (  910): TIMA_PKM_measure_kernel returns with resp..ret=512!

D/        (  910): TAL: TIMA_PKM_measure_kernel--int8_t TIMA_PKM_measure_kernel(TIMA_handle_t, void*, uint32_t, void*, uint32_t, uint32_t)

D/        (  910): TIMA: QCOM_send_command--int8_t QCOM_send_command(TIMA_handle_t, void*, uint32_t, void*, uint32_t, uint32_t)

D/        (  910): rsp_len = 1008 rcvd_data_len = 1040, self_calculate_len=1040

D/        (  910): TIMA: QCOM_send_command result--0

D/        (  910): TIMA_PKM_measure_kernel returns with resp..ret=512!

D/        (  910): TAL: TIMA_PKM_measure_kernel--int8_t TIMA_PKM_measure_kernel(TIMA_handle_t, void*, uint32_t, void*, uint32_t, uint32_t)

D/        (  910): TIMA: QCOM_send_command--int8_t QCOM_send_command(TIMA_handle_t, void*, uint32_t, void*, uint32_t, uint32_t)

D/        (  910): rsp_len = 1008 rcvd_data_len = 1040, self_calculate_len=1040

D/        (  910): TIMA: QCOM_send_command result--0

D/        (  910): TIMA_PKM_measure_kernel returns with resp..ret=512!

D/        (  910): TAL: TIMA_PKM_measure_kernel--int8_t TIMA_PKM_measure_kernel(TIMA_handle_t, void*, uint32_t, void*, uint32_t, uint32_t)

D/        (  910): TIMA: QCOM_send_command--int8_t QCOM_send_command(TIMA_handle_t, void*, uint32_t, void*, uint32_t, uint32_t)

D/        (  910): rsp_len = 1008 rcvd_data_len = 1040, self_calculate_len=1040

D/        (  910): TIMA: QCOM_send_command result--0

D/        (  910): TIMA_PKM_measure_kernel returns with resp..ret=512!

D/        (  910): TAL: TIMA_PKM_measure_kernel--int8_t TIMA_PKM_measure_kernel(TIMA_handle_t, void*, uint32_t, void*, uint32_t, uint32_t)

D/        (  910): TIMA: QCOM_send_command--int8_t QCOM_send_command(TIMA_handle_t, void*, uint32_t, void*, uint32_t, uint32_t)

D/        (  910): rsp_len = 1008 rcvd_data_len = 1040, self_calculate_len=1040

D/        (  910): TIMA: QCOM_send_command result--0

D/        (  910): TIMA_PKM_measure_kernel returns with resp..ret=512!

D/        (  910): TAL: TIMA_PKM_measure_kernel--int8_t TIMA_PKM_measure_kernel(TIMA_handle_t, void*, uint32_t, void*, uint32_t, uint32_t)

D/        (  910): TIMA: QCOM_send_command--int8_t QCOM_send_command(TIMA_handle_t, void*, uint32_t, void*, uint32_t, uint32_t)

D/        (  910): rsp_len = 1008 rcvd_data_len = 1040, self_calculate_len=1040

D/        (  910): TIMA: QCOM_send_command result--0

D/        (  910): TIMA_PKM_measure_kernel returns with resp..ret=512!

D/        (  910): TAL: TIMA_PKM_measure_kernel--int8_t TIMA_PKM_measure_kernel(TIMA_handle_t, void*, uint32_t, void*, uint32_t, uint32_t)

D/        (  910): TIMA: QCOM_send_command--int8_t QCOM_send_command(TIMA_handle_t, void*, uint32_t, void*, uint32_t, uint32_t)

D/        (  910): rsp_len = 1008 rcvd_data_len = 1040, self_calculate_len=1040

D/        (  910): TIMA: QCOM_send_command result--0

D/        (  910): TIMA_PKM_measure_kernel returns with resp..ret=512!

D/        (  910): TAL: TIMA_PKM_measure_kernel--int8_t TIMA_PKM_measure_kernel(TIMA_handle_t, void*, uint32_t, void*, uint32_t, uint32_t)

D/        (  910): TIMA: QCOM_send_command--int8_t QCOM_send_command(TIMA_handle_t, void*, uint32_t, void*, uint32_t, uint32_t)

D/        (  910): rsp_len = 1008 rcvd_data_len = 1040, self_calculate_len=1040

D/        (  910): TIMA: QCOM_send_command result--0

D/        (  910): TIMA_PKM_measure_kernel returns with resp..ret=512!

D/        (  910): TAL: TIMA_PKM_measure_kernel--int8_t TIMA_PKM_measure_kernel(TIMA_handle_t, void*, uint32_t, void*, uint32_t, uint32_t)

D/        (  910): TIMA: QCOM_send_command--int8_t QCOM_send_command(TIMA_handle_t, void*, uint32_t, void*, uint32_t, uint32_t)

D/        (  910): rsp_len = 1008 rcvd_data_len = 1040, self_calculate_len=1040

D/        (  910): TIMA: QCOM_send_command result--0

D/        (  910): TIMA_PKM_measure_kernel returns with resp..ret=512!

D/        (  910): TAL: TIMA_PKM_measure_kernel--int8_t TIMA_PKM_measure_kernel(TIMA_handle_t, void*, uint32_t, void*, uint32_t, uint32_t)

D/        (  910): TIMA: QCOM_send_command--int8_t QCOM_send_command(TIMA_handle_t, void*, uint32_t, void*, uint32_t, uint32_t)

D/        (  910): rsp_len = 1008 rcvd_data_len = 1040, self_calculate_len=1040

D/        (  910): TIMA: QCOM_send_command result--0

D/        (  910): TIMA_PKM_measure_kernel returns with resp..ret=512!

D/        (  910): TAL: TIMA_PKM_measure_kernel--int8_t TIMA_PKM_measure_kernel(TIMA_handle_t, void*, uint32_t, void*, uint32_t, uint32_t)

D/        (  910): TIMA: QCOM_send_command--int8_t QCOM_send_command(TIMA_handle_t, void*, uint32_t, void*, uint32_t, uint32_t)

D/        (  910): rsp_len = 1008 rcvd_data_len = 1040, self_calculate_len=1040

D/        (  910): TIMA: QCOM_send_command result--0

D/        (  910): TIMA_PKM_measure_kernel returns with resp..ret=512!

D/        (  910): TAL: TIMA_PKM_measure_kernel--int8_t TIMA_PKM_measure_kernel(TIMA_handle_t, void*, uint32_t, void*, uint32_t, uint32_t)

D/        (  910): TIMA: QCOM_send_command--int8_t QCOM_send_command(TIMA_handle_t, void*, uint32_t, void*, uint32_t, uint32_t)

D/        (  910): rsp_len = 1008 rcvd_data_len = 1040, self_calculate_len=1040

D/        (  910): TIMA: QCOM_send_command result--0

D/        (  910): TIMA_PKM_measure_kernel returns with resp..ret=512!

D/        (  910): TAL: TIMA_PKM_measure_kernel--int8_t TIMA_PKM_measure_kernel(TIMA_handle_t, void*, uint32_t, void*, uint32_t, uint32_t)

D/        (  910): TIMA: QCOM_send_command--int8_t QCOM_send_command(TIMA_handle_t, void*, uint32_t, void*, uint32_t, uint32_t)

D/        (  910): rsp_len = 1008 rcvd_data_len = 1040, self_calculate_len=1040

D/        (  910): TIMA: QCOM_send_command result--0

D/        (  910): TIMA_PKM_measure_kernel returns with resp..ret=512!

D/        (  910): TAL: TIMA_PKM_measure_kernel--int8_t TIMA_PKM_measure_kernel(TIMA_handle_t, void*, uint32_t, void*, uint32_t, uint32_t)

D/        (  910): TIMA: QCOM_send_command--int8_t QCOM_send_command(TIMA_handle_t, void*, uint32_t, void*, uint32_t, uint32_t)

D/        (  910): rsp_len = 1008 rcvd_data_len = 1040, self_calculate_len=1040

D/        (  910): TIMA: QCOM_send_command result--0

D/        (  910): TIMA_PKM_measure_kernel returns with resp..ret=512!

D/        (  910): TAL: TIMA_PKM_measure_kernel--int8_t TIMA_PKM_measure_kernel(TIMA_handle_t, void*, uint32_t, void*, uint32_t, uint32_t)

D/        (  910): TIMA: QCOM_send_command--int8_t QCOM_send_command(TIMA_handle_t, void*, uint32_t, void*, uint32_t, uint32_t)

D/        (  910): rsp_len = 1008 rcvd_data_len = 1040, self_calculate_len=1040

D/        (  910): TIMA: QCOM_send_command result--0

D/        (  910): TIMA_PKM_measure_kernel returns with resp..ret=512!

D/        (  910): TAL: TIMA_PKM_measure_kernel--int8_t TIMA_PKM_measure_kernel(TIMA_handle_t, void*, uint32_t, void*, uint32_t, uint32_t)

D/        (  910): TIMA: QCOM_send_command--int8_t QCOM_send_command(TIMA_handle_t, void*, uint32_t, void*, uint32_t, uint32_t)

D/        (  910): rsp_len = 1008 rcvd_data_len = 1040, self_calculate_len=1040

D/        (  910): TIMA: QCOM_send_command result--0

D/        (  910): TIMA_PKM_measure_kernel returns with resp..ret=512!

D/        (  910): TAL: TIMA_PKM_measure_kernel--int8_t TIMA_PKM_measure_kernel(TIMA_handle_t, void*, uint32_t, void*, uint32_t, uint32_t)

D/        (  910): TIMA: QCOM_send_command--int8_t QCOM_send_command(TIMA_handle_t, void*, uint32_t, void*, uint32_t, uint32_t)

D/        (  910): rsp_len = 1008 rcvd_data_len = 1040, self_calculate_len=1040

D/        (  910): TIMA: QCOM_send_command result--0

D/        (  910): TIMA_PKM_measure_kernel returns with resp..ret=512!

D/        (  910): TAL: TIMA_PKM_measure_kernel--int8_t TIMA_PKM_measure_kernel(TIMA_handle_t, void*, uint32_t, void*, uint32_t, uint32_t)

D/        (  910): TIMA: QCOM_send_command--int8_t QCOM_send_command(TIMA_handle_t, void*, uint32_t, void*, uint32_t, uint32_t)

D/        (  910): rsp_len = 1008 rcvd_data_len = 1040, self_calculate_len=1040

D/        (  910): TIMA: QCOM_send_command result--0

D/        (  910): TIMA_PKM_measure_kernel returns with resp..ret=512!

D/        (  910): TAL: TIMA_PKM_measure_kernel--int8_t TIMA_PKM_measure_kernel(TIMA_handle_t, void*, uint32_t, void*, uint32_t, uint32_t)

D/        (  910): TIMA: QCOM_send_command--int8_t QCOM_send_command(TIMA_handle_t, void*, uint32_t, void*, uint32_t, uint32_t)

D/        (  910): rsp_len = 1008 rcvd_data_len = 1040, self_calculate_len=1040

D/        (  910): TIMA: QCOM_send_command result--0

D/        (  910): TIMA_PKM_measure_kernel returns with resp..ret=512!

D/        (  910): TAL: TIMA_PKM_measure_kernel--int8_t TIMA_PKM_measure_kernel(TIMA_handle_t, void*, uint32_t, void*, uint32_t, uint32_t)

D/        (  910): TIMA: QCOM_send_command--int8_t QCOM_send_command(TIMA_handle_t, void*, uint32_t, void*, uint32_t, uint32_t)

D/        (  910): rsp_len = 1008 rcvd_data_len = 1040, self_calculate_len=1040

D/        (  910): TIMA: QCOM_send_command result--0

D/        (  910): TIMA_PKM_measure_kernel returns with resp..ret=512!

D/        (  910): TAL: TIMA_PKM_measure_kernel--int8_t TIMA_PKM_measure_kernel(TIMA_handle_t, void*, uint32_t, void*, uint32_t, uint32_t)

D/        (  910): TIMA: QCOM_send_command--int8_t QCOM_send_command(TIMA_handle_t, void*, uint32_t, void*, uint32_t, uint32_t)

D/        (  910): rsp_len = 1008 rcvd_data_len = 1040, self_calculate_len=1040

D/        (  910): TIMA: QCOM_send_command result--0

D/        (  910): TIMA_PKM_measure_kernel returns with resp..ret=512!

D/        (  910): TAL: TIMA_PKM_measure_kernel--int8_t TIMA_PKM_measure_kernel(TIMA_handle_t, void*, uint32_t, void*, uint32_t, uint32_t)

D/        (  910): TIMA: QCOM_send_command--int8_t QCOM_send_command(TIMA_handle_t, void*, uint32_t, void*, uint32_t, uint32_t)

D/        (  910): rsp_len = 1008 rcvd_data_len = 1040, self_calculate_len=1040

D/        (  910): TIMA: QCOM_send_command result--0

D/        (  910): TIMA_PKM_measure_kernel returns with resp..ret=512!

D/        (  910): TAL: TIMA_PKM_measure_kernel--int8_t TIMA_PKM_measure_kernel(TIMA_handle_t, void*, uint32_t, void*, uint32_t, uint32_t)

D/        (  910): TIMA: QCOM_send_command--int8_t QCOM_send_command(TIMA_handle_t, void*, uint32_t, void*, uint32_t, uint32_t)

D/        (  910): rsp_len = 1008 rcvd_data_len = 1040, self_calculate_len=1040

D/        (  910): TIMA: QCOM_send_command result--0

D/        (  910): TIMA_PKM_measure_kernel returns with resp..ret=512!

D/        (  910): TAL: TIMA_PKM_measure_kernel--int8_t TIMA_PKM_measure_kernel(TIMA_handle_t, void*, uint32_t, void*, uint32_t, uint32_t)

D/        (  910): TIMA: QCOM_send_command--int8_t QCOM_send_command(TIMA_handle_t, void*, uint32_t, void*, uint32_t, uint32_t)

D/        (  910): rsp_len = 1008 rcvd_data_len = 1040, self_calculate_len=1040

D/        (  910): TIMA: QCOM_send_command result--0

D/        (  910): TIMA_PKM_measure_kernel returns with resp..ret=512!

D/        (  910): TAL: TIMA_PKM_measure_kernel--int8_t TIMA_PKM_measure_kernel(TIMA_handle_t, void*, uint32_t, void*, uint32_t, uint32_t)

D/        (  910): TIMA: QCOM_send_command--int8_t QCOM_send_command(TIMA_handle_t, void*, uint32_t, void*, uint32_t, uint32_t)

D/        (  910): rsp_len = 1008 rcvd_data_len = 1040, self_calculate_len=1040

D/        (  910): TIMA: QCOM_send_command result--0

D/        (  910): TIMA_PKM_measure_kernel returns with resp..ret=512!

D/        (  910): TAL: TIMA_PKM_measure_kernel--int8_t TIMA_PKM_measure_kernel(TIMA_handle_t, void*, uint32_t, void*, uint32_t, uint32_t)

D/        (  910): TIMA: QCOM_send_command--int8_t QCOM_send_command(TIMA_handle_t, void*, uint32_t, void*, uint32_t, uint32_t)

D/        (  910): rsp_len = 1008 rcvd_data_len = 1040, self_calculate_len=1040

D/        (  910): TIMA: QCOM_send_command result--0

D/        (  910): TIMA_PKM_measure_kernel returns with resp..ret=512!

D/        (  910): TAL: TIMA_PKM_measure_kernel--int8_t TIMA_PKM_measure_kernel(TIMA_handle_t, void*, uint32_t, void*, uint32_t, uint32_t)

D/        (  910): TIMA: QCOM_send_command--int8_t QCOM_send_command(TIMA_handle_t, void*, uint32_t, void*, uint32_t, uint32_t)

D/        (  910): rsp_len = 1008 rcvd_data_len = 1040, self_calculate_len=1040

D/        (  910): TIMA: QCOM_send_command result--0

D/        (  910): TIMA_PKM_measure_kernel returns with resp..ret=512!

D/        (  910): TAL: TIMA_PKM_measure_kernel--int8_t TIMA_PKM_measure_kernel(TIMA_handle_t, void*, uint32_t, void*, uint32_t, uint32_t)

D/        (  910): TIMA: QCOM_send_command--int8_t QCOM_send_command(TIMA_handle_t, void*, uint32_t, void*, uint32_t, uint32_t)

D/        (  910): rsp_len = 1008 rcvd_data_len = 1040, self_calculate_len=1040

D/        (  910): TIMA: QCOM_send_command result--0

D/        (  910): TIMA_PKM_measure_kernel returns with resp..ret=512!

D/        (  910): TAL: TIMA_PKM_measure_kernel--int8_t TIMA_PKM_measure_kernel(TIMA_handle_t, void*, uint32_t, void*, uint32_t, uint32_t)

D/        (  910): TIMA: QCOM_send_command--int8_t QCOM_send_command(TIMA_handle_t, void*, uint32_t, void*, uint32_t, uint32_t)

D/        (  910): rsp_len = 1008 rcvd_data_len = 1040, self_calculate_len=1040

D/        (  910): TIMA: QCOM_send_command result--0

D/        (  910): TIMA_PKM_measure_kernel returns with resp..ret=512!

D/        (  910): TAL: TIMA_PKM_measure_kernel--int8_t TIMA_PKM_measure_kernel(TIMA_handle_t, void*, uint32_t, void*, uint32_t, uint32_t)

D/        (  910): TIMA: QCOM_send_command--int8_t QCOM_send_command(TIMA_handle_t, void*, uint32_t, void*, uint32_t, uint32_t)

D/        (  910): rsp_len = 1008 rcvd_data_len = 1040, self_calculate_len=1040

D/        (  910): TIMA: QCOM_send_command result--0

D/        (  910): TIMA_PKM_measure_kernel returns with resp..ret=512!

D/        (  910): TAL: TIMA_PKM_measure_kernel--int8_t TIMA_PKM_measure_kernel(TIMA_handle_t, void*, uint32_t, void*, uint32_t, uint32_t)

D/        (  910): TIMA: QCOM_send_command--int8_t QCOM_send_command(TIMA_handle_t, void*, uint32_t, void*, uint32_t, uint32_t)

D/        (  910): rsp_len = 1008 rcvd_data_len = 1040, self_calculate_len=1040

D/        (  910): TIMA: QCOM_send_command result--0

D/        (  910): TIMA_PKM_measure_kernel returns with resp..ret=512!

D/        (  910): TAL: TIMA_PKM_measure_kernel--int8_t TIMA_PKM_measure_kernel(TIMA_handle_t, void*, uint32_t, void*, uint32_t, uint32_t)

D/        (  910): TIMA: QCOM_send_command--int8_t QCOM_send_command(TIMA_handle_t, void*, uint32_t, void*, uint32_t, uint32_t)

D/        (  910): rsp_len = 1008 rcvd_data_len = 1040, self_calculate_len=1040

D/        (  910): TIMA: QCOM_send_command result--0

D/        (  910): TIMA_PKM_measure_kernel returns with resp..ret=512!

D/        (  910): TAL: TIMA_PKM_measure_kernel--int8_t TIMA_PKM_measure_kernel(TIMA_handle_t, void*, uint32_t, void*, uint32_t, uint32_t)

D/        (  910): TIMA: QCOM_send_command--int8_t QCOM_send_command(TIMA_handle_t, void*, uint32_t, void*, uint32_t, uint32_t)

D/        (  910): rsp_len = 1008 rcvd_data_len = 1040, self_calculate_len=1040

D/        (  910): TIMA: QCOM_send_command result--0

D/        (  910): TIMA_PKM_measure_kernel returns with resp..ret=512!

D/        (  910): TAL: TIMA_PKM_measure_kernel--int8_t TIMA_PKM_measure_kernel(TIMA_handle_t, void*, uint32_t, void*, uint32_t, uint32_t)

D/        (  910): TIMA: QCOM_send_command--int8_t QCOM_send_command(TIMA_handle_t, void*, uint32_t, void*, uint32_t, uint32_t)

D/        (  910): rsp_len = 1008 rcvd_data_len = 1040, self_calculate_len=1040

D/        (  910): TIMA: QCOM_send_command result--0

D/        (  910): TIMA_PKM_measure_kernel returns with resp..ret=512!

D/        (  910): TAL: TIMA_PKM_measure_kernel--int8_t TIMA_PKM_measure_kernel(TIMA_handle_t, void*, uint32_t, void*, uint32_t, uint32_t)

D/        (  910): TIMA: QCOM_send_command--int8_t QCOM_send_command(TIMA_handle_t, void*, uint32_t, void*, uint32_t, uint32_t)

D/        (  910): rsp_len = 1008 rcvd_data_len = 1040, self_calculate_len=1040

D/        (  910): TIMA: QCOM_send_command result--0

D/        (  910): TIMA_PKM_measure_kernel returns with resp..ret=512!

D/        (  910): TAL: TIMA_PKM_measure_kernel--int8_t TIMA_PKM_measure_kernel(TIMA_handle_t, void*, uint32_t, void*, uint32_t, uint32_t)

D/        (  910): TIMA: QCOM_send_command--int8_t QCOM_send_command(TIMA_handle_t, void*, uint32_t, void*, uint32_t, uint32_t)

D/        (  910): rsp_len = 1008 rcvd_data_len = 1040, self_calculate_len=1040

D/        (  910): TIMA: QCOM_send_command result--0

D/        (  910): TIMA_PKM_measure_kernel returns with resp..ret=512!

D/        (  910): TAL: TIMA_PKM_measure_kernel--int8_t TIMA_PKM_measure_kernel(TIMA_handle_t, void*, uint32_t, void*, uint32_t, uint32_t)

D/        (  910): TIMA: QCOM_send_command--int8_t QCOM_send_command(TIMA_handle_t, void*, uint32_t, void*, uint32_t, uint32_t)

D/        (  910): rsp_len = 1008 rcvd_data_len = 1040, self_calculate_len=1040

D/        (  910): TIMA: QCOM_send_command result--0

D/        (  910): TIMA_PKM_measure_kernel returns with resp..ret=512!

D/        (  910): TAL: TIMA_PKM_measure_kernel--int8_t TIMA_PKM_measure_kernel(TIMA_handle_t, void*, uint32_t, void*, uint32_t, uint32_t)

D/        (  910): TIMA: QCOM_send_command--int8_t QCOM_send_command(TIMA_handle_t, void*, uint32_t, void*, uint32_t, uint32_t)

D/        (  910): rsp_len = 1008 rcvd_data_len = 1040, self_calculate_len=1040

D/        (  910): TIMA: QCOM_send_command result--0

D/        (  910): TIMA_PKM_measure_kernel returns with resp..ret=512!

D/        (  910): TAL: TIMA_PKM_measure_kernel--int8_t TIMA_PKM_measure_kernel(TIMA_handle_t, void*, uint32_t, void*, uint32_t, uint32_t)

D/        (  910): TIMA: QCOM_send_command--int8_t QCOM_send_command(TIMA_handle_t, void*, uint32_t, void*, uint32_t, uint32_t)

D/        (  910): rsp_len = 1008 rcvd_data_len = 1040, self_calculate_len=1040

D/        (  910): TIMA: QCOM_send_command result--0

D/        (  910): TIMA_PKM_measure_kernel returns with resp..ret=512!

D/        (  910): TAL: TIMA_PKM_measure_kernel--int8_t TIMA_PKM_measure_kernel(TIMA_handle_t, void*, uint32_t, void*, uint32_t, uint32_t)

D/        (  910): TIMA: QCOM_send_command--int8_t QCOM_send_command(TIMA_handle_t, void*, uint32_t, void*, uint32_t, uint32_t)

D/        (  910): rsp_len = 1008 rcvd_data_len = 1040, self_calculate_len=1040

D/        (  910): TIMA: QCOM_send_command result--0

D/        (  910): TIMA_PKM_measure_kernel returns with resp..ret=512!

D/        (  910): TAL: TIMA_PKM_measure_kernel--int8_t TIMA_PKM_measure_kernel(TIMA_handle_t, void*, uint32_t, void*, uint32_t, uint32_t)

D/        (  910): TIMA: QCOM_send_command--int8_t QCOM_send_command(TIMA_handle_t, void*, uint32_t, void*, uint32_t, uint32_t)

D/        (  910): rsp_len = 1008 rcvd_data_len = 1040, self_calculate_len=1040

D/        (  910): TIMA: QCOM_send_command result--0

D/        (  910): TIMA_PKM_measure_kernel returns with resp..ret=512!

D/        (  910): TAL: TIMA_PKM_measure_kernel--int8_t TIMA_PKM_measure_kernel(TIMA_handle_t, void*, uint32_t, void*, uint32_t, uint32_t)

D/        (  910): TIMA: QCOM_send_command--int8_t QCOM_send_command(TIMA_handle_t, void*, uint32_t, void*, uint32_t, uint32_t)

D/        (  910): rsp_len = 1008 rcvd_data_len = 1040, self_calculate_len=1040

D/        (  910): TIMA: QCOM_send_command result--0

D/        (  910): TIMA_PKM_measure_kernel returns with resp..ret=0!

D/        (  910): TIMA: final string =TIMA_STATUS=0;MSG=Kernel Verification Success;!

D/cell strength( 1228): ===== cell singal strength changed : 99

D/KeyguardUpdateMonitor( 1110): received broadcast android.intent.action.BATTERY_CHANGED

D/KeyguardUpdateMonitor( 1110): handleBatteryUpdate

D/Brightness(24535): mIntentReceiver.onReceive: action=android.intent.action.BATTERY_CHANGED, intent=Intent { act=android.intent.action.BATTERY_CHANGED flg=0x60000010 (has extras) }

D/MainActivityBaseUi.java(24535): in brightness disabled on critical battery low

I/Monitor ( 5056): [main]onReceive at: com.aps.a$a, Intent: Intent { act=android.intent.action.BATTERY_CHANGED flg=0x60000010 (has extras) }, cost:3 ms.

D/cell strength( 1228): ===== cell singal strength changed : 99

D/dalvikvm(32392): GC_CONCURRENT freed 1922K, 22% free 21176K/26876K, paused 7ms+2ms, total 59ms

D/dalvikvm(  910): GC_CONCURRENT freed 8218K, 48% free 93170K/176128K, paused 29ms+19ms, total 265ms

D/dalvikvm(  910): WAIT_FOR_CONCURRENT_GC blocked 108ms

D/dalvikvm(  910): WAIT_FOR_CONCURRENT_GC blocked 120ms

D/cell strength( 1228): ===== cell singal strength changed : 99

E/JavaBinder(  910): !!! FAILED BINDER TRANSACTION !!!

E/JavaBinder(  910): !!! FAILED BINDER TRANSACTION !!!

D/dalvikvm( 2199): GC_CONCURRENT freed 1924K, 29% free 19197K/26880K, paused 22ms+3ms, total 70ms

D/KeyguardUpdateMonitor( 1110): received broadcast android.intent.action.BATTERY_CHANGED

D/KeyguardUpdateMonitor( 1110): handleBatteryUpdate

D/Brightness(24535): mIntentReceiver.onReceive: action=android.intent.action.BATTERY_CHANGED, intent=Intent { act=android.intent.action.BATTERY_CHANGED flg=0x60000010 (has extras) }

D/MainActivityBaseUi.java(24535): in brightness disabled on critical battery low

I/Monitor ( 5056): [main]onReceive at: com.aps.a$a, Intent: Intent { act=android.intent.action.BATTERY_CHANGED flg=0x60000010 (has extras) }, cost:0 ms.

D/dalvikvm(  910): GC_CONCURRENT freed 8191K, 48% free 93170K/176128K, paused 19ms+21ms, total 269ms

D/dalvikvm(  910): WAIT_FOR_CONCURRENT_GC blocked 131ms

D/dalvikvm(  910): WAIT_FOR_CONCURRENT_GC blocked 61ms

E/JavaBinder(  910): !!! FAILED BINDER TRANSACTION !!!

E/JavaBinder(  910): !!! FAILED BINDER TRANSACTION !!!

I/chromium(24535): [INFO:top_sites_impl.cc(926)]  VLOG NotifyTopSitesChanged

D/KeyguardUpdateMonitor( 1110): received broadcast android.intent.action.BATTERY_CHANGED

D/KeyguardUpdateMonitor( 1110): handleBatteryUpdate

I/Monitor ( 5056): [main]onReceive at: com.aps.a$a, Intent: Intent { act=android.intent.action.BATTERY_CHANGED flg=0x60000010 (has extras) }, cost:0 ms.

D/Brightness(24535): mIntentReceiver.onReceive: action=android.intent.action.BATTERY_CHANGED, intent=Intent { act=android.intent.action.BATTERY_CHANGED flg=0x60000010 (has extras) }

D/MainActivityBaseUi.java(24535): in brightness disabled on critical battery low

D/cell strength( 1228): ===== cell singal strength changed : 99

D/cell strength( 1228): ===== cell singal strength changed : 99

D/dalvikvm(  910): GC_CONCURRENT freed 8196K, 48% free 93165K/176128K, paused 29ms+19ms, total 282ms

D/dalvikvm(  910): WAIT_FOR_CONCURRENT_GC blocked 172ms

D/dalvikvm(  910): WAIT_FOR_CONCURRENT_GC blocked 238ms

E/JavaBinder(  910): !!! FAILED BINDER TRANSACTION !!!

D/KeyguardUpdateMonitor( 1110): received broadcast android.intent.action.TIME_TICK

D/KeyguardUpdateMonitor( 1110): handleTimeUpdate

D/daemonapp( 7741): [MSC_Cmaweather_Daemon]>>> U:1341 [0:0] cDayONight() ::: sunrise is null 

D/daemonapp( 7741): [MSC_Cmaweather_Daemon]>>> U:1357 [0:0] cDayONight() ::: sunset is null 

D/daemonapp( 7741): [MSC_Cmaweather_Daemon]>>> WCS:90 [0:0] action:androidintentactionTIME_TICK

D/daemonapp( 7741): [MSC_Cmaweather_Daemon]>>> CWDS:83 [0:0] Act : widgetappapaccuweatherdaemonactionCHANGE_ICON_OF_DAEMON

D/comsamsunglog( 7741): [MSC_Cmaweather_Daemon]>>> ====================================================================================================================

D/comsamsunglog( 7741): [MSC_Cmaweather_Daemon]>>> daemonapp [Version : 14070101 ] [ 1 ] 

D/comsamsunglog( 7741): [MSC_Cmaweather_Daemon]>>> Header set to : ===> "daemonapp" <===

D/comsamsunglog( 7741): [MSC_Cmaweather_Daemon]>>> ====================================================================================================================

D/daemonapp( 7741): [MSC_Cmaweather_Daemon]>>> CCP:387 [0:0] Provider query : content://cmaweatherprovider/packagename

D/daemonapp( 7741): [MSC_Cmaweather_Daemon]>>> CWDS:1112 [0:0] PakNme size = 1

D/daemonapp( 7741): [MSC_Cmaweather_Daemon]>>> CCP:387 [0:0] Provider query : content://cmaweatherprovider/current_weatherinfo

D/daemonapp( 7741): [MSC_Cmaweather_Daemon]>>> CCP:387 [0:0] Provider query : content://cmaweatherprovider/current_weatherinfo

D/daemonapp( 7741): [MSC_Cmaweather_Daemon]>>> CCP:387 [0:0] Provider query : content://cmaweatherprovider/current_weatherinfo

D/daemonapp( 7741): [MSC_Cmaweather_Daemon]>>> CWDS:127 [0:0] SerStus:true,TmpS:1,AtRfr:0

D/daemonapp( 7741): [MSC_Cmaweather_Daemon]>>> CWDS:682 [0:0] ====ACTION_SEC_CHANGE_ICON_OF_DAEMON===

D/daemonapp( 7741): [MSC_Cmaweather_Daemon]>>> U:1341 [0:0] cDayONight() ::: sunrise is null 

D/daemonapp( 7741): [MSC_Cmaweather_Daemon]>>> U:1357 [0:0] cDayONight() ::: sunset is null 

D/daemonapp( 7741): [MSC_Cmaweather_Daemon]>>> CWDS:685 [0:0] checkDay:true, UtilgetIsDay():false

D/daemonapp( 7741): [MSC_Cmaweather_Daemon]>>> CCP:387 [0:0] Provider query : content://cmaweatherprovider/weatherinfo

D/cmaweather( 1544): [Cmaweather J]>>> SWW:686 [0:0] =============== BR act = androidintentactionTIME_TICK

D/cmaweather( 1544): [Cmaweather J]>>> SWW:723 [0:0] renderUpdateTime : [0] = 1

D/cmaweather( 1544): [Cmaweather J]>>> WR:471 [0:0] =============== updateTime = 1

D/cmaweather( 1544): [Cmaweather J]>>> SM:1120 [0:0] updateCurrentCityTime : [1]0/1

D/cmaweather( 1544): [Cmaweather J]>>> SM:1135 [0:0] updateCurrentCityTime , ConditionLayerWidth = 852, mConditionLayerHeight = 532

D/cmaweather( 1544): [Cmaweather J]>>> SM:1972 [0:0] drw 1nd Tm dt = 6月 30日 星期二

D/cmaweather( 1544): [Cmaweather J]>>> SM:2005 [0:0] makeTimeText[1] time :6月 30日 星期二 10:24 , new :6月 30日 星期二 10:25 

D/cmaweather( 1544): [Cmaweather J]>>> SM:2089 [0:0] uCCV : msg = -1, oT = true

