--------- beginning of /dev/log/main

D/NetEasePushService_PushServiceNews_V1(  767): acquireWakeLock()...

D/NetEasePushService_PushServiceNews_V1(  767): Acquiring wake lock

D/NetEasePushService_PushServiceNews_V1(  767): releaseWakeLock()...

D/NetEasePushService_PushServiceNews_V1(  767): setAlarm()...

D/NetEasePushService_PushServiceNews_V1(  767): heat beat has sent 1 round normally, heartbeat interval is now: 120000ms

D/ViewRootImpl( 1274): [ViewRootImpl] action cancel - 1, s:44 s(atmel):-1.0 eccen:-1.0

D/ViewRootImpl( 1274): [ViewRootImpl] action cancel - 1, s:45 s(atmel):-1.0 eccen:-1.0

D/ViewRootImpl( 1274): [ViewRootImpl] action cancel - 1, s:48 s(atmel):-1.0 eccen:-1.0

D/ViewRootImpl( 1274): [ViewRootImpl] action cancel - 1, s:50 s(atmel):-1.0 eccen:-1.0

D/GestureDetector( 1274): [Surface touch Event] Palm swipe start, x:101.0 m:162.0 s:51.0 TILT_TO_ZOOM_XVAR: 216.0

D/ViewRootImpl( 1274): [ViewRootImpl] action cancel - 1, s:51 s(atmel):-1.0 eccen:-1.0

D/ViewRootImpl( 1274): [ViewRootImpl] action cancel - 1, s:47 s(atmel):-1.0 eccen:-1.0

D/NetEasePushService_PushServiceNews_V1(  767): publishArrived()...

D/NetEasePushService_PushServiceNews_V1(  767): topic : pong message: 

D/NetEasePushService_PushServiceNews_V1(  767): it is a heartbeat ack message

D/NetEasePushService_PushServiceNews_V1(  767): cancelAlarm()...

D/ViewRootImpl( 1274): [ViewRootImpl] action cancel - 1, s:47 s(atmel):-1.0 eccen:-1.0

D/ViewRootImpl( 1274): [ViewRootImpl] action cancel - 1, s:44 s(atmel):-1.0 eccen:-1.0

D/ViewRootImpl( 1274): [ViewRootImpl] action cancel - 1, s:35 s(atmel):-1.0 eccen:-1.0

D/ViewRootImpl( 1274): [ViewRootImpl] action cancel - 1, s:35 s(atmel):-1.0 eccen:-1.0

D/ViewRootImpl( 1274): [ViewRootImpl] action cancel - 1, s:32 s(atmel):-1.0 eccen:-1.0

E/JavaBinder(  910): !!! FAILED BINDER TRANSACTION !!!

D/InputReader(  910): Input event: value=0

I/InputReader(  910): Touch event's action is 0x1 (deviceType=0) [pCnt=1, s=] when=2768582173114000

I/InputDispatcher(  910): Delivering touch to (1274): action: 0x1, toolType: 1

D/GestureDetector( 1274): [Surface Touch Event] Palm Swipe Fail 2 - max s:51.0 s1:2 s2:0 s3:0 s4:0 dist:38.0 mVarXBig:false validMajorCount:1

E/JavaBinder(  910): !!! FAILED BINDER TRANSACTION !!!

D/cell strength( 1228): ===== cell singal strength changed : 99

E/JavaBinder(  910): !!! FAILED BINDER TRANSACTION !!!

E/MWALLET_SPDY_LOG( 5056): [Spdy Reader mobilegw.alipay.com]Spdy3#Reader#nextFrame Exception.::javax.net.ssl.SSLException: Read error: ssl=0x7f582cd8: I/O error during system call, Connection reset by peer

E/MWALLET_SPDY_LOG( 5056): 	at com.android.org.conscrypt.NativeCrypto.SSL_read(Native Method)

E/MWALLET_SPDY_LOG( 5056): 	at com.android.org.conscrypt.OpenSSLSocketImpl$SSLInputStream.read(OpenSSLSocketImpl.java:746)

E/MWALLET_SPDY_LOG( 5056): 	at libcore.io.Streams.readFully(Streams.java:81)

E/MWALLET_SPDY_LOG( 5056): 	at java.io.DataInputStream.readInt(DataInputStream.java:103)

E/MWALLET_SPDY_LOG( 5056): 	at com.alipay.mobile.common.transport.spdy.internal.spdy.Spdy3$Reader.nextFrame(Spdy3.java:134)

E/MWALLET_SPDY_LOG( 5056): 	at com.alipay.mobile.common.transport.spdy.internal.spdy.SpdyConnection$Reader.run(SpdyConnection.java:499)

E/MWALLET_SPDY_LOG( 5056): 	at java.lang.Thread.run(Thread.java:841)

D/KeyguardUpdateMonitor( 1110): received broadcast android.intent.action.TIME_TICK

D/KeyguardUpdateMonitor( 1110): handleTimeUpdate

D/daemonapp( 7741): [MSC_Cmaweather_Daemon]>>> U:1341 [0:0] cDayONight() ::: sunrise is null 

D/daemonapp( 7741): [MSC_Cmaweather_Daemon]>>> U:1357 [0:0] cDayONight() ::: sunset is null 

D/daemonapp( 7741): [MSC_Cmaweather_Daemon]>>> WCS:90 [0:0] action:androidintentactionTIME_TICK

D/daemonapp( 7741): [MSC_Cmaweather_Daemon]>>> CWDS:83 [0:0] Act : widgetappapaccuweatherdaemonactionCHANGE_ICON_OF_DAEMON

D/comsamsunglog( 7741): [MSC_Cmaweather_Daemon]>>> ====================================================================================================================

D/comsamsunglog( 7741): [MSC_Cmaweather_Daemon]>>> daemonapp [Version : 14070101 ] [ 1 ] 

D/comsamsunglog( 7741): [MSC_Cmaweather_Daemon]>>> Header set to : ===> "daemonapp" <===

D/comsamsunglog( 7741): [MSC_Cmaweather_Daemon]>>> ====================================================================================================================

D/daemonapp( 7741): [MSC_Cmaweather_Daemon]>>> CCP:387 [0:0] Provider query : content://cmaweatherprovider/packagename

D/daemonapp( 7741): [MSC_Cmaweather_Daemon]>>> CWDS:1112 [0:0] PakNme size = 1

D/daemonapp( 7741): [MSC_Cmaweather_Daemon]>>> CCP:387 [0:0] Provider query : content://cmaweatherprovider/current_weatherinfo

D/daemonapp( 7741): [MSC_Cmaweather_Daemon]>>> CCP:387 [0:0] Provider query : content://cmaweatherprovider/current_weatherinfo

D/daemonapp( 7741): [MSC_Cmaweather_Daemon]>>> CCP:387 [0:0] Provider query : content://cmaweatherprovider/current_weatherinfo

D/daemonapp( 7741): [MSC_Cmaweather_Daemon]>>> CWDS:127 [0:0] SerStus:true,TmpS:1,AtRfr:0

D/cmaweather( 1544): [Cmaweather J]>>> SWW:686 [0:0] =============== BR act = androidintentactionTIME_TICK

D/daemonapp( 7741): [MSC_Cmaweather_Daemon]>>> CWDS:682 [0:0] ====ACTION_SEC_CHANGE_ICON_OF_DAEMON===

D/cmaweather( 1544): [Cmaweather J]>>> SWW:723 [0:0] renderUpdateTime : [0] = 1

D/daemonapp( 7741): [MSC_Cmaweather_Daemon]>>> U:1341 [0:0] cDayONight() ::: sunrise is null 

D/cmaweather( 1544): [Cmaweather J]>>> WR:471 [0:0] =============== updateTime = 1

D/daemonapp( 7741): [MSC_Cmaweather_Daemon]>>> U:1357 [0:0] cDayONight() ::: sunset is null 

D/daemonapp( 7741): [MSC_Cmaweather_Daemon]>>> CWDS:685 [0:0] checkDay:true, UtilgetIsDay():false

D/daemonapp( 7741): [MSC_Cmaweather_Daemon]>>> CCP:387 [0:0] Provider query : content://cmaweatherprovider/weatherinfo

D/cmaweather( 1544): [Cmaweather J]>>> SM:1120 [0:0] updateCurrentCityTime : [1]0/1

D/cmaweather( 1544): [Cmaweather J]>>> SM:1135 [0:0] updateCurrentCityTime , ConditionLayerWidth = 852, mConditionLayerHeight = 532

D/cmaweather( 1544): [Cmaweather J]>>> SM:1972 [0:0] drw 1nd Tm dt = 6月 30日 星期二

D/cmaweather( 1544): [Cmaweather J]>>> SM:2005 [0:0] makeTimeText[1] time :6月 30日 星期二 10:07 , new :6月 30日 星期二 10:08 

D/cmaweather( 1544): [Cmaweather J]>>> SM:2089 [0:0] uCCV : msg = -1, oT = true

D/dalvikvm( 1544): GC_FOR_ALLOC freed 1831K, 33% free 23422K/34636K, paused 39ms, total 39ms

E/JavaBinder(  910): !!! FAILED BINDER TRANSACTION !!!

D/        ( 1110): DFactory start

D/        ( 1110): isQmage : stream is not a Qmage file

D/cell strength( 1228): ===== cell singal strength changed : 99

E/JavaBinder(  910): !!! FAILED BINDER TRANSACTION !!!

D/cell strength( 1228): ===== cell singal strength changed : 99

I/AlipayPush_ClientActionReceiver( 5189): onReceive() action=com.eg.android.AlipayGphoneRC.push.action.KEEPLIVE

I/AlipayPush_ClientActionReceiver( 5189): onReceive() networkInfo.isConnected()=true

D/dalvikvm(  910): GC_CONCURRENT freed 8166K, 48% free 93205K/176128K, paused 26ms+34ms, total 339ms

D/dalvikvm(  910): WAIT_FOR_CONCURRENT_GC blocked 173ms

D/dalvikvm(  910): WAIT_FOR_CONCURRENT_GC blocked 178ms

D/dalvikvm(  910): WAIT_FOR_CONCURRENT_GC blocked 164ms

D/dalvikvm(  910): WAIT_FOR_CONCURRENT_GC blocked 194ms

D/dalvikvm(  910): WAIT_FOR_CONCURRENT_GC blocked 102ms

D/dalvikvm(  910): WAIT_FOR_CONCURRENT_GC blocked 213ms

D/pushtrack_TrackWorker_queue_51( 5189): level:Normal user:2088812469041456 tag:ClientActionReceiver_onReceive content:action=com.eg.android.AlipayGphoneRC.push.action.KEEPLIVE

I/Monitor ( 5189): [main]onReceive at: com.alipay.pushsdk.push.ClientActionReceiver, Intent: Intent { act=com.eg.android.AlipayGphoneRC.push.action.KEEPLIVE flg=0x14 pkg=com.eg.android.AlipayGphoneRC (has extras) }, cost:216 ms.

I/AlipayPush_k( 5189): sendPacket()... packet.id=3

D/KeyguardUpdateMonitor( 1110): received broadcast android.intent.action.BATTERY_CHANGED

D/KeyguardUpdateMonitor( 1110): handleBatteryUpdate

D/Brightness(24535): mIntentReceiver.onReceive: action=android.intent.action.BATTERY_CHANGED, intent=Intent { act=android.intent.action.BATTERY_CHANGED flg=0x60000010 (has extras) }

D/MainActivityBaseUi.java(24535): in brightness disabled on critical battery low

I/Monitor ( 5056): [main]onReceive at: com.aps.a$a, Intent: Intent { act=android.intent.action.BATTERY_CHANGED flg=0x60000010 (has extras) }, cost:0 ms.

D/pushtrack_TrackWorker_queue_51( 5189): level:Normal user:2088812469041456 tag:PacketReader_push_heart_beat content:start:1435630085179

I/AlipayPush_b( 5189): processPacket() got one HeartBeatPacket from Server!

I/AlipayPush_l( 5189): getPushKeepAliveInterval() keepAliveTime=45

E/JavaBinder(  910): !!! FAILED BINDER TRANSACTION !!!

E/JavaBinder(  910): !!! FAILED BINDER TRANSACTION !!!

D/cell strength( 1228): ===== cell singal strength changed : 99

E/JavaBinder(  910): !!! FAILED BINDER TRANSACTION !!!

D/dalvikvm( 2199): GC_CONCURRENT freed 1932K, 30% free 19040K/26880K, paused 3ms+3ms, total 35ms

D/cell strength( 1228): ===== cell singal strength changed : 99

E/JavaBinder(  910): !!! FAILED BINDER TRANSACTION !!!

D/cell strength( 1228): ===== cell singal strength changed : 99

D/dalvikvm(  910): GC_CONCURRENT freed 8195K, 48% free 93179K/176128K, paused 17ms+20ms, total 283ms

D/KeyguardUpdateMonitor( 1110): received broadcast android.intent.action.BATTERY_CHANGED

D/KeyguardUpdateMonitor( 1110): handleBatteryUpdate

D/Brightness(24535): mIntentReceiver.onReceive: action=android.intent.action.BATTERY_CHANGED, intent=Intent { act=android.intent.action.BATTERY_CHANGED flg=0x60000010 (has extras) }

D/MainActivityBaseUi.java(24535): in brightness disabled on critical battery low

I/Monitor ( 5056): [main]onReceive at: com.aps.a$a, Intent: Intent { act=android.intent.action.BATTERY_CHANGED flg=0x60000010 (has extras) }, cost:1 ms.

D/cell strength( 1228): ===== cell singal strength changed : 99

E/JavaBinder(  910): !!! FAILED BINDER TRANSACTION !!!

D/lights  (  910): lcd : 246 +

D/lights  (  910): lcd : 246 -

D/lights  (  910): lcd : 213 +

D/lights  (  910): lcd : 213 -

D/lights  (  910): lcd : 180 +

D/lights  (  910): lcd : 180 -

D/lights  (  910): lcd : 146 +

D/lights  (  910): lcd : 146 -

D/lights  (  910): lcd : 113 +

D/lights  (  910): lcd : 113 -

D/lights  (  910): lcd : 80 +

D/lights  (  910): lcd : 80 -

D/lights  (  910): lcd : 46 +

D/lights  (  910): lcd : 46 -

D/lights  (  910): lcd : 20 +

D/lights  (  910): lcd : 20 -

E/JavaBinder(  910): !!! FAILED BINDER TRANSACTION !!!

I/chromium(24535): [INFO:top_sites_impl.cc(926)]  VLOG NotifyTopSitesChanged

E/JavaBinder(  910): !!! FAILED BINDER TRANSACTION !!!

D/dalvikvm(  910): GC_CONCURRENT freed 8199K, 48% free 93171K/176128K, paused 19ms+19ms, total 280ms

D/dalvikvm(  910): WAIT_FOR_CONCURRENT_GC blocked 80ms

E/JavaBinder(  910): !!! FAILED BINDER TRANSACTION !!!

D/KeyguardUpdateMonitor( 1110): received broadcast android.intent.action.BATTERY_CHANGED

D/KeyguardUpdateMonitor( 1110): handleBatteryUpdate

D/Brightness(24535): mIntentReceiver.onReceive: action=android.intent.action.BATTERY_CHANGED, intent=Intent { act=android.intent.action.BATTERY_CHANGED flg=0x60000010 (has extras) }

D/MainActivityBaseUi.java(24535): in brightness disabled on critical battery low

I/Monitor ( 5056): [main]onReceive at: com.aps.a$a, Intent: Intent { act=android.intent.action.BATTERY_CHANGED flg=0x60000010 (has extras) }, cost:0 ms.

E/JavaBinder(  910): !!! FAILED BINDER TRANSACTION !!!

E/JavaBinder(  910): !!! FAILED BINDER TRANSACTION !!!

D/dalvikvm(  910): GC_CONCURRENT freed 8183K, 48% free 93180K/176128K, paused 34ms+22ms, total 353ms

D/dalvikvm(  910): WAIT_FOR_CONCURRENT_GC blocked 133ms

D/dalvikvm(  910): WAIT_FOR_CONCURRENT_GC blocked 161ms

D/dalvikvm(  910): WAIT_FOR_CONCURRENT_GC blocked 206ms

D/dalvikvm(  910): WAIT_FOR_CONCURRENT_GC blocked 135ms

D/cell strength( 1228): ===== cell singal strength changed : 99

D/KeyguardUpdateMonitor( 1110): received broadcast android.intent.action.BATTERY_CHANGED

D/KeyguardUpdateMonitor( 1110): handleBatteryUpdate

D/Brightness(24535): mIntentReceiver.onReceive: action=android.intent.action.BATTERY_CHANGED, intent=Intent { act=android.intent.action.BATTERY_CHANGED flg=0x60000010 (has extras) }

D/MainActivityBaseUi.java(24535): in brightness disabled on critical battery low

I/Monitor ( 5056): [main]onReceive at: com.aps.a$a, Intent: Intent { act=android.intent.action.BATTERY_CHANGED flg=0x60000010 (has extras) }, cost:9 ms.

D/cell strength( 1228): ===== cell singal strength changed : 99

E/JavaBinder(  910): !!! FAILED BINDER TRANSACTION !!!

E/JavaBinder(  910): !!! FAILED BINDER TRANSACTION !!!

D/dalvikvm(  910): GC_CONCURRENT freed 8193K, 48% free 93178K/176128K, paused 25ms+19ms, total 267ms

D/dalvikvm(  910): WAIT_FOR_CONCURRENT_GC blocked 121ms

D/dalvikvm(  910): WAIT_FOR_CONCURRENT_GC blocked 52ms

D/cell strength( 1228): ===== cell singal strength changed : 99

E/JavaBinder(  910): !!! FAILED BINDER TRANSACTION !!!

E/JavaBinder(  910): !!! FAILED BINDER TRANSACTION !!!

I/AlipayPush_ClientActionReceiver( 5189): onReceive() action=com.eg.android.AlipayGphoneRC.push.action.KEEPLIVE

I/AlipayPush_ClientActionReceiver( 5189): onReceive() networkInfo.isConnected()=true

D/pushtrack_TrackWorker_queue_51( 5189): level:Normal user:2088812469041456 tag:ClientActionReceiver_onReceive content:action=com.eg.android.AlipayGphoneRC.push.action.KEEPLIVE

I/AlipayPush_k( 5189): sendPacket()... packet.id=3

I/Monitor ( 5189): [main]onReceive at: com.alipay.pushsdk.push.ClientActionReceiver, Intent: Intent { act=com.eg.android.AlipayGphoneRC.push.action.KEEPLIVE flg=0x14 pkg=com.eg.android.AlipayGphoneRC (has extras) }, cost:8 ms.

D/pushtrack_TrackWorker_queue_51( 5189): level:Normal user:2088812469041456 tag:PacketReader_push_heart_beat content:start:1435630130232

I/AlipayPush_b( 5189): processPacket() got one HeartBeatPacket from Server!

I/AlipayPush_l( 5189): getPushKeepAliveInterval() keepAliveTime=45

D/KeyguardUpdateMonitor( 1110): received broadcast android.intent.action.BATTERY_CHANGED

D/Brightness(24535): mIntentReceiver.onReceive: action=android.intent.action.BATTERY_CHANGED, intent=Intent { act=android.intent.action.BATTERY_CHANGED flg=0x60000010 (has extras) }

D/MainActivityBaseUi.java(24535): in brightness disabled on critical battery low

D/KeyguardUpdateMonitor( 1110): handleBatteryUpdate

I/Monitor ( 5056): [main]onReceive at: com.aps.a$a, Intent: Intent { act=android.intent.action.BATTERY_CHANGED flg=0x60000010 (has extras) }, cost:2 ms.

I/chromium(24535): [INFO:top_sites_impl.cc(926)]  VLOG NotifyTopSitesChanged

E/JavaBinder(  910): !!! FAILED BINDER TRANSACTION !!!

D/dalvikvm( 2199): GC_CONCURRENT freed 1951K, 30% free 19061K/26880K, paused 4ms+3ms, total 41ms

E/JavaBinder(  910): !!! FAILED BINDER TRANSACTION !!!

D/cell strength( 1228): ===== cell singal strength changed : 99

D/dalvikvm(  910): GC_CONCURRENT freed 8175K, 48% free 93195K/176128K, paused 18ms+20ms, total 236ms

D/dalvikvm(  910): WAIT_FOR_CONCURRENT_GC blocked 128ms

D/dalvikvm(  910): WAIT_FOR_CONCURRENT_GC blocked 63ms

D/dalvikvm(  910): WAIT_FOR_CONCURRENT_GC blocked 124ms

D/cell strength( 1228): ===== cell singal strength changed : 99

D/cell strength( 1228): ===== cell singal strength changed : 99

E/JavaBinder(  910): !!! FAILED BINDER TRANSACTION !!!

D/KeyguardUpdateMonitor( 1110): received broadcast android.intent.action.TIME_TICK

D/KeyguardUpdateMonitor( 1110): handleTimeUpdate

D/daemonapp( 7741): [MSC_Cmaweather_Daemon]>>> U:1341 [0:0] cDayONight() ::: sunrise is null 

D/daemonapp( 7741): [MSC_Cmaweather_Daemon]>>> U:1357 [0:0] cDayONight() ::: sunset is null 

D/daemonapp( 7741): [MSC_Cmaweather_Daemon]>>> WCS:90 [0:0] action:androidintentactionTIME_TICK

D/daemonapp( 7741): [MSC_Cmaweather_Daemon]>>> CWDS:83 [0:0] Act : widgetappapaccuweatherdaemonactionCHANGE_ICON_OF_DAEMON

D/comsamsunglog( 7741): [MSC_Cmaweather_Daemon]>>> ====================================================================================================================

D/comsamsunglog( 7741): [MSC_Cmaweather_Daemon]>>> daemonapp [Version : 14070101 ] [ 1 ] 

D/comsamsunglog( 7741): [MSC_Cmaweather_Daemon]>>> Header set to : ===> "daemonapp" <===

D/comsamsunglog( 7741): [MSC_Cmaweather_Daemon]>>> ====================================================================================================================

D/daemonapp( 7741): [MSC_Cmaweather_Daemon]>>> CCP:387 [0:0] Provider query : content://cmaweatherprovider/packagename

D/daemonapp( 7741): [MSC_Cmaweather_Daemon]>>> CWDS:1112 [0:0] PakNme size = 1

D/daemonapp( 7741): [MSC_Cmaweather_Daemon]>>> CCP:387 [0:0] Provider query : content://cmaweatherprovider/current_weatherinfo

D/daemonapp( 7741): [MSC_Cmaweather_Daemon]>>> CCP:387 [0:0] Provider query : content://cmaweatherprovider/current_weatherinfo

D/daemonapp( 7741): [MSC_Cmaweather_Daemon]>>> CCP:387 [0:0] Provider query : content://cmaweatherprovider/current_weatherinfo

D/daemonapp( 7741): [MSC_Cmaweather_Daemon]>>> CWDS:127 [0:0] SerStus:true,TmpS:1,AtRfr:0

D/daemonapp( 7741): [MSC_Cmaweather_Daemon]>>> CWDS:682 [0:0] ====ACTION_SEC_CHANGE_ICON_OF_DAEMON===

D/daemonapp( 7741): [MSC_Cmaweather_Daemon]>>> U:1341 [0:0] cDayONight() ::: sunrise is null 

D/daemonapp( 7741): [MSC_Cmaweather_Daemon]>>> U:1357 [0:0] cDayONight() ::: sunset is null 

D/daemonapp( 7741): [MSC_Cmaweather_Daemon]>>> CWDS:685 [0:0] checkDay:true, UtilgetIsDay():false

D/daemonapp( 7741): [MSC_Cmaweather_Daemon]>>> CCP:387 [0:0] Provider query : content://cmaweatherprovider/weatherinfo

D/cmaweather( 1544): [Cmaweather J]>>> SWW:686 [0:0] =============== BR act = androidintentactionTIME_TICK

D/cmaweather( 1544): [Cmaweather J]>>> SWW:723 [0:0] renderUpdateTime : [0] = 1

D/cmaweather( 1544): [Cmaweather J]>>> WR:471 [0:0] =============== updateTime = 1

D/cmaweather( 1544): [Cmaweather J]>>> SM:1120 [0:0] updateCurrentCityTime : [1]0/1

D/cmaweather( 1544): [Cmaweather J]>>> SM:1135 [0:0] updateCurrentCityTime , ConditionLayerWidth = 852, mConditionLayerHeight = 532

D/cmaweather( 1544): [Cmaweather J]>>> SM:1972 [0:0] drw 1nd Tm dt = 6月 30日 星期二

D/cmaweather( 1544): [Cmaweather J]>>> SM:2005 [0:0] makeTimeText[1] time :6月 30日 星期二 10:08 , new :6月 30日 星期二 10:09 

D/cmaweather( 1544): [Cmaweather J]>>> SM:2089 [0:0] uCCV : msg = -1, oT = true

E/JavaBinder(  910): !!! FAILED BINDER TRANSACTION !!!

D/dalvikvm( 1544): GC_FOR_ALLOC freed 1818K, 33% free 23418K/34636K, paused 47ms, total 48ms

D/KeyguardUpdateMonitor( 1110): received broadcast android.intent.action.BATTERY_CHANGED

D/KeyguardUpdateMonitor( 1110): handleBatteryUpdate

D/Brightness(24535): mIntentReceiver.onReceive: action=android.intent.action.BATTERY_CHANGED, intent=Intent { act=android.intent.action.BATTERY_CHANGED flg=0x60000010 (has extras) }

D/MainActivityBaseUi.java(24535): in brightness disabled on critical battery low

I/Monitor ( 5056): [main]onReceive at: com.aps.a$a, Intent: Intent { act=android.intent.action.BATTERY_CHANGED flg=0x60000010 (has extras) }, cost:3 ms.

D/cell strength( 1228): ===== cell singal strength changed : 99

D/dalvikvm(  910): GC_CONCURRENT freed 8208K, 48% free 93178K/176128K, paused 28ms+19ms, total 286ms

D/dalvikvm(  910): WAIT_FOR_CONCURRENT_GC blocked 73ms

D/dalvikvm(  910): WAIT_FOR_CONCURRENT_GC blocked 153ms

D/dalvikvm(  910): WAIT_FOR_CONCURRENT_GC blocked 146ms

D/cell strength( 1228): ===== cell singal strength changed : 99

D/cell strength( 1228): ===== cell singal strength changed : 99

E/JavaBinder(  910): !!! FAILED BINDER TRANSACTION !!!

E/JavaBinder(  910): !!! FAILED BINDER TRANSACTION !!!

D/KeyguardUpdateMonitor( 1110): received broadcast android.intent.action.BATTERY_CHANGED

D/KeyguardUpdateMonitor( 1110): handleBatteryUpdate

D/Brightness(24535): mIntentReceiver.onReceive: action=android.intent.action.BATTERY_CHANGED, intent=Intent { act=android.intent.action.BATTERY_CHANGED flg=0x60000010 (has extras) }

D/MainActivityBaseUi.java(24535): in brightness disabled on critical battery low

I/Monitor ( 5056): [main]onReceive at: com.aps.a$a, Intent: Intent { act=android.intent.action.BATTERY_CHANGED flg=0x60000010 (has extras) }, cost:1 ms.

D/cell strength( 1228): ===== cell singal strength changed : 99

D/cell strength( 1228): ===== cell singal strength changed : 99

D/dalvikvm(  910): GC_CONCURRENT freed 8192K, 48% free 93177K/176128K, paused 17ms+18ms, total 256ms

D/dalvikvm(  910): WAIT_FOR_CONCURRENT_GC blocked 64ms

D/cell strength( 1228): ===== cell singal strength changed : 99

E/JavaBinder(  910): !!! FAILED BINDER TRANSACTION !!!

E/JavaBinder(  910): !!! FAILED BINDER TRANSACTION !!!

I/chromium(24535): [INFO:top_sites_impl.cc(926)]  VLOG NotifyTopSitesChanged

D/cell strength( 1228): ===== cell singal strength changed : 99

D/dalvikvm(  910): GC_CONCURRENT freed 8189K, 48% free 93180K/176128K, paused 15ms+20ms, total 256ms

D/dalvikvm(  910): WAIT_FOR_CONCURRENT_GC blocked 122ms

D/PushService(32287): -- onStartCommand -- Intent { flg=0x4 cmp=com.baidu.shucheng/com.baidu.android.pushservice.PushService (has extras) }

D/PushSDK (32287): handleOnStart intent action = null

I/PushSDK (32287): -- handleOnStart -- Intent { flg=0x4 cmp=com.baidu.shucheng/com.baidu.android.pushservice.PushService (has extras) }

D/PushSDK (32287): heartbeat networkConnected :true

I/MessageHandler(32287): sendHeartbeatMessage 

I/PushConnection(32287): sendHeartbeatMessage

D/RegistrationService(32287): RegistrationSerice handleIntent : Intent { act=com.baidu.android.pushservice.action.METHOD cmp=com.baidu.shucheng/com.baidu.android.pushservice.PushService (has extras) }

D/PushConnection(32287): SendThread send msg :id : 0, version: 0, needReply: true

D/KeyguardUpdateMonitor( 1110): received broadcast android.intent.action.BATTERY_CHANGED

D/KeyguardUpdateMonitor( 1110): handleBatteryUpdate

I/Monitor ( 5056): [main]onReceive at: com.aps.a$a, Intent: Intent { act=android.intent.action.BATTERY_CHANGED flg=0x60000010 (has extras) }, cost:1 ms.

D/Brightness(24535): mIntentReceiver.onReceive: action=android.intent.action.BATTERY_CHANGED, intent=Intent { act=android.intent.action.BATTERY_CHANGED flg=0x60000010 (has extras) }

D/MainActivityBaseUi.java(24535): in brightness disabled on critical battery low

I/AudioService(  910): getStreamVolume 0 index 40

I/AudioService(  910): getStreamVolume 0 index 40

I/AudioService(  910): getStreamVolume 0 index 40

I/dalvikvm(32287): Total arena pages for JIT: 11

I/dalvikvm(32287): Total arena pages for JIT: 12

I/dalvikvm(32287): Total arena pages for JIT: 13

I/dalvikvm(32287): Total arena pages for JIT: 14

I/System.out(32287): Thread-19792(ApacheHTTPLog):Reading from variable values from setDefaultValuesToVariables

I/socket  (32287): msgid:5

D/PushConnection(32287): RTC stat update from 600 to 600

I/MessageHandler(32287): readMessage tiny heart beat from server, msgId:5

D/PushConnection(32287): ReadThread receive msg :id : 5, version: 0, needReply: false

I/MessageHandler(32287): handleMessage MSG_ID_TIMY_HEARTBEAT_CLIENT

I/System.out(32287): Thread-19792(ApacheHTTPLog):isShipBuild true

I/System.out(32287): Thread-19792(ApacheHTTPLog):SmartBonding Enabling is false, SHIP_BUILD is true, log to file is false, DBG is false

I/AudioService(  910): getStreamVolume 0 index 40

I/AudioService(  910): getStreamVolume 0 index 40

I/AudioService(  910): getStreamVolume 0 index 40

I/System.out(32287): Push_UpdateWorker calls detatch()

E/JavaBinder(  910): !!! FAILED BINDER TRANSACTION !!!

E/JavaBinder(  910): !!! FAILED BINDER TRANSACTION !!!

D/cell strength( 1228): ===== cell singal strength changed : 99

E/JavaBinder(  910): !!! FAILED BINDER TRANSACTION !!!

D/        (  910): TIMA: tima-pkm-check event req_len=8272,resp_len=4104!

D/        (  910): TIMA: tima-pkm-check event call to open backend shared_mem_len=8272!

D/        (  910): TAL: TIMA_backend_open--int8_t TIMA_backend_open(void**, appID, uint32_t, uint32_t)

D/        (  910): TIMA: QCOM_backend_open--int8_t QCOM_backend_open(void**, appID, uint32_t, uint32_t)

D/QSEECOMAPI: (  910): App is already loaded QSEE and app id = 5

D/        (  910): TIMA: tima-pkm--TZAPPS is already loaded!

D/        (  910): TAL: TIMA_PKM_measure_kernel--int8_t TIMA_PKM_measure_kernel(TIMA_handle_t, void*, uint32_t, void*, uint32_t, uint32_t)

D/        (  910): TIMA: QCOM_send_command--int8_t QCOM_send_command(TIMA_handle_t, void*, uint32_t, void*, uint32_t, uint32_t)

D/        (  910): rsp_len = 1008 rcvd_data_len = 1040, self_calculate_len=1040

D/        (  910): TIMA: QCOM_send_command result--0

D/        (  910): TIMA_PKM_measure_kernel returns with resp..ret=512!

D/        (  910): TAL: TIMA_PKM_measure_kernel--int8_t TIMA_PKM_measure_kernel(TIMA_handle_t, void*, uint32_t, void*, uint32_t, uint32_t)

D/        (  910): TIMA: QCOM_send_command--int8_t QCOM_send_command(TIMA_handle_t, void*, uint32_t, void*, uint32_t, uint32_t)

D/        (  910): rsp_len = 1008 rcvd_data_len = 1040, self_calculate_len=1040

D/        (  910): TIMA: QCOM_send_command result--0

D/        (  910): TIMA_PKM_measure_kernel returns with resp..ret=512!

D/        (  910): TAL: TIMA_PKM_measure_kernel--int8_t TIMA_PKM_measure_kernel(TIMA_handle_t, void*, uint32_t, void*, uint32_t, uint32_t)

D/        (  910): TIMA: QCOM_send_command--int8_t QCOM_send_command(TIMA_handle_t, void*, uint32_t, void*, uint32_t, uint32_t)

D/        (  910): rsp_len = 1008 rcvd_data_len = 1040, self_calculate_len=1040

D/        (  910): TIMA: QCOM_send_command result--0

D/        (  910): TIMA_PKM_measure_kernel returns with resp..ret=512!

D/        (  910): TAL: TIMA_PKM_measure_kernel--int8_t TIMA_PKM_measure_kernel(TIMA_handle_t, void*, uint32_t, void*, uint32_t, uint32_t)

D/        (  910): TIMA: QCOM_send_command--int8_t QCOM_send_command(TIMA_handle_t, void*, uint32_t, void*, uint32_t, uint32_t)

D/        (  910): rsp_len = 1008 rcvd_data_len = 1040, self_calculate_len=1040

D/        (  910): TIMA: QCOM_send_command result--0

D/        (  910): TIMA_PKM_measure_kernel returns with resp..ret=512!

D/        (  910): TAL: TIMA_PKM_measure_kernel--int8_t TIMA_PKM_measure_kernel(TIMA_handle_t, void*, uint32_t, void*, uint32_t, uint32_t)

D/        (  910): TIMA: QCOM_send_command--int8_t QCOM_send_command(TIMA_handle_t, void*, uint32_t, void*, uint32_t, uint32_t)

D/        (  910): rsp_len = 1008 rcvd_data_len = 1040, self_calculate_len=1040

E/JavaBinder(  910): !!! FAILED BINDER TRANSACTION !!!

D/        (  910): TIMA: QCOM_send_command result--0

D/        (  910): TIMA_PKM_measure_kernel returns with resp..ret=512!

D/        (  910): TAL: TIMA_PKM_measure_kernel--int8_t TIMA_PKM_measure_kernel(TIMA_handle_t, void*, uint32_t, void*, uint32_t, uint32_t)

D/        (  910): TIMA: QCOM_send_command--int8_t QCOM_send_command(TIMA_handle_t, void*, uint32_t, void*, uint32_t, uint32_t)

D/        (  910): rsp_len = 1008 rcvd_data_len = 1040, self_calculate_len=1040

D/        (  910): TIMA: QCOM_send_command result--0

D/        (  910): TIMA_PKM_measure_kernel returns with resp..ret=512!

D/        (  910): TAL: TIMA_PKM_measure_kernel--int8_t TIMA_PKM_measure_kernel(TIMA_handle_t, void*, uint32_t, void*, uint32_t, uint32_t)

D/        (  910): TIMA: QCOM_send_command--int8_t QCOM_send_command(TIMA_handle_t, void*, uint32_t, void*, uint32_t, uint32_t)

D/        (  910): rsp_len = 1008 rcvd_data_len = 1040, self_calculate_len=1040

D/        (  910): TIMA: QCOM_send_command result--0

D/        (  910): TIMA_PKM_measure_kernel returns with resp..ret=512!

D/        (  910): TAL: TIMA_PKM_measure_kernel--int8_t TIMA_PKM_measure_kernel(TIMA_handle_t, void*, uint32_t, void*, uint32_t, uint32_t)

D/        (  910): TIMA: QCOM_send_command--int8_t QCOM_send_command(TIMA_handle_t, void*, uint32_t, void*, uint32_t, uint32_t)

D/        (  910): rsp_len = 1008 rcvd_data_len = 1040, self_calculate_len=1040

D/        (  910): TIMA: QCOM_send_command result--0

D/        (  910): TIMA_PKM_measure_kernel returns with resp..ret=512!

D/        (  910): TAL: TIMA_PKM_measure_kernel--int8_t TIMA_PKM_measure_kernel(TIMA_handle_t, void*, uint32_t, void*, uint32_t, uint32_t)

D/        (  910): TIMA: QCOM_send_command--int8_t QCOM_send_command(TIMA_handle_t, void*, uint32_t, void*, uint32_t, uint32_t)

D/        (  910): rsp_len = 1008 rcvd_data_len = 1040, self_calculate_len=1040

D/        (  910): TIMA: QCOM_send_command result--0

D/        (  910): TIMA_PKM_measure_kernel returns with resp..ret=512!

D/        (  910): TAL: TIMA_PKM_measure_kernel--int8_t TIMA_PKM_measure_kernel(TIMA_handle_t, void*, uint32_t, void*, uint32_t, uint32_t)

D/        (  910): TIMA: QCOM_send_command--int8_t QCOM_send_command(TIMA_handle_t, void*, uint32_t, void*, uint32_t, uint32_t)

D/        (  910): rsp_len = 1008 rcvd_data_len = 1040, self_calculate_len=1040

D/        (  910): TIMA: QCOM_send_command result--0

D/        (  910): TIMA_PKM_measure_kernel returns with resp..ret=512!

D/        (  910): TAL: TIMA_PKM_measure_kernel--int8_t TIMA_PKM_measure_kernel(TIMA_handle_t, void*, uint32_t, void*, uint32_t, uint32_t)

D/        (  910): TIMA: QCOM_send_command--int8_t QCOM_send_command(TIMA_handle_t, void*, uint32_t, void*, uint32_t, uint32_t)

D/        (  910): rsp_len = 1008 rcvd_data_len = 1040, self_calculate_len=1040

D/        (  910): TIMA: QCOM_send_command result--0

D/        (  910): TIMA_PKM_measure_kernel returns with resp..ret=512!

D/        (  910): TAL: TIMA_PKM_measure_kernel--int8_t TIMA_PKM_measure_kernel(TIMA_handle_t, void*, uint32_t, void*, uint32_t, uint32_t)

D/        (  910): TIMA: QCOM_send_command--int8_t QCOM_send_command(TIMA_handle_t, void*, uint32_t, void*, uint32_t, uint32_t)

D/        (  910): rsp_len = 1008 rcvd_data_len = 1040, self_calculate_len=1040

D/        (  910): TIMA: QCOM_send_command result--0

D/        (  910): TIMA_PKM_measure_kernel returns with resp..ret=512!

D/        (  910): TAL: TIMA_PKM_measure_kernel--int8_t TIMA_PKM_measure_kernel(TIMA_handle_t, void*, uint32_t, void*, uint32_t, uint32_t)

D/        (  910): TIMA: QCOM_send_command--int8_t QCOM_send_command(TIMA_handle_t, void*, uint32_t, void*, uint32_t, uint32_t)

D/        (  910): rsp_len = 1008 rcvd_data_len = 1040, self_calculate_len=1040

D/        (  910): TIMA: QCOM_send_command result--0

D/        (  910): TIMA_PKM_measure_kernel returns with resp..ret=512!

D/        (  910): TAL: TIMA_PKM_measure_kernel--int8_t TIMA_PKM_measure_kernel(TIMA_handle_t, void*, uint32_t, void*, uint32_t, uint32_t)

D/        (  910): TIMA: QCOM_send_command--int8_t QCOM_send_command(TIMA_handle_t, void*, uint32_t, void*, uint32_t, uint32_t)

D/        (  910): rsp_len = 1008 rcvd_data_len = 1040, self_calculate_len=1040

D/        (  910): TIMA: QCOM_send_command result--0

D/        (  910): TIMA_PKM_measure_kernel returns with resp..ret=512!

D/        (  910): TAL: TIMA_PKM_measure_kernel--int8_t TIMA_PKM_measure_kernel(TIMA_handle_t, void*, uint32_t, void*, uint32_t, uint32_t)

D/        (  910): TIMA: QCOM_send_command--int8_t QCOM_send_command(TIMA_handle_t, void*, uint32_t, void*, uint32_t, uint32_t)

D/        (  910): rsp_len = 1008 rcvd_data_len = 1040, self_calculate_len=1040

D/        (  910): TIMA: QCOM_send_command result--0

D/        (  910): TIMA_PKM_measure_kernel returns with resp..ret=512!

D/        (  910): TAL: TIMA_PKM_measure_kernel--int8_t TIMA_PKM_measure_kernel(TIMA_handle_t, void*, uint32_t, void*, uint32_t, uint32_t)

D/        (  910): TIMA: QCOM_send_command--int8_t QCOM_send_command(TIMA_handle_t, void*, uint32_t, void*, uint32_t, uint32_t)

D/        (  910): rsp_len = 1008 rcvd_data_len = 1040, self_calculate_len=1040

D/        (  910): TIMA: QCOM_send_command result--0

D/        (  910): TIMA_PKM_measure_kernel returns with resp..ret=512!

D/        (  910): TAL: TIMA_PKM_measure_kernel--int8_t TIMA_PKM_measure_kernel(TIMA_handle_t, void*, uint32_t, void*, uint32_t, uint32_t)

D/        (  910): TIMA: QCOM_send_command--int8_t QCOM_send_command(TIMA_handle_t, void*, uint32_t, void*, uint32_t, uint32_t)

D/        (  910): rsp_len = 1008 rcvd_data_len = 1040, self_calculate_len=1040

D/        (  910): TIMA: QCOM_send_command result--0

D/        (  910): TIMA_PKM_measure_kernel returns with resp..ret=512!

D/        (  910): TAL: TIMA_PKM_measure_kernel--int8_t TIMA_PKM_measure_kernel(TIMA_handle_t, void*, uint32_t, void*, uint32_t, uint32_t)

D/        (  910): TIMA: QCOM_send_command--int8_t QCOM_send_command(TIMA_handle_t, void*, uint32_t, void*, uint32_t, uint32_t)

D/        (  910): rsp_len = 1008 rcvd_data_len = 1040, self_calculate_len=1040

D/        (  910): TIMA: QCOM_send_command result--0

D/        (  910): TIMA_PKM_measure_kernel returns with resp..ret=512!

D/        (  910): TAL: TIMA_PKM_measure_kernel--int8_t TIMA_PKM_measure_kernel(TIMA_handle_t, void*, uint32_t, void*, uint32_t, uint32_t)

D/        (  910): TIMA: QCOM_send_command--int8_t QCOM_send_command(TIMA_handle_t, void*, uint32_t, void*, uint32_t, uint32_t)

D/        (  910): rsp_len = 1008 rcvd_data_len = 1040, self_calculate_len=1040

D/        (  910): TIMA: QCOM_send_command result--0

D/        (  910): TIMA_PKM_measure_kernel returns with resp..ret=512!

D/        (  910): TAL: TIMA_PKM_measure_kernel--int8_t TIMA_PKM_measure_kernel(TIMA_handle_t, void*, uint32_t, void*, uint32_t, uint32_t)

D/        (  910): TIMA: QCOM_send_command--int8_t QCOM_send_command(TIMA_handle_t, void*, uint32_t, void*, uint32_t, uint32_t)

D/        (  910): rsp_len = 1008 rcvd_data_len = 1040, self_calculate_len=1040

D/        (  910): TIMA: QCOM_send_command result--0

D/        (  910): TIMA_PKM_measure_kernel returns with resp..ret=512!

D/        (  910): TAL: TIMA_PKM_measure_kernel--int8_t TIMA_PKM_measure_kernel(TIMA_handle_t, void*, uint32_t, void*, uint32_t, uint32_t)

D/        (  910): TIMA: QCOM_send_command--int8_t QCOM_send_command(TIMA_handle_t, void*, uint32_t, void*, uint32_t, uint32_t)

D/        (  910): rsp_len = 1008 rcvd_data_len = 1040, self_calculate_len=1040

D/        (  910): TIMA: QCOM_send_command result--0

D/        (  910): TIMA_PKM_measure_kernel returns with resp..ret=512!

D/        (  910): TAL: TIMA_PKM_measure_kernel--int8_t TIMA_PKM_measure_kernel(TIMA_handle_t, void*, uint32_t, void*, uint32_t, uint32_t)

D/        (  910): TIMA: QCOM_send_command--int8_t QCOM_send_command(TIMA_handle_t, void*, uint32_t, void*, uint32_t, uint32_t)

D/        (  910): rsp_len = 1008 rcvd_data_len = 1040, self_calculate_len=1040

D/cell strength( 1228): ===== cell singal strength changed : 99

D/        (  910): TIMA: QCOM_send_command result--0

D/        (  910): TIMA_PKM_measure_kernel returns with resp..ret=512!

D/        (  910): TAL: TIMA_PKM_measure_kernel--int8_t TIMA_PKM_measure_kernel(TIMA_handle_t, void*, uint32_t, void*, uint32_t, uint32_t)

D/        (  910): TIMA: QCOM_send_command--int8_t QCOM_send_command(TIMA_handle_t, void*, uint32_t, void*, uint32_t, uint32_t)

D/        (  910): rsp_len = 1008 rcvd_data_len = 1040, self_calculate_len=1040

D/        (  910): TIMA: QCOM_send_command result--0

D/        (  910): TIMA_PKM_measure_kernel returns with resp..ret=512!

D/        (  910): TAL: TIMA_PKM_measure_kernel--int8_t TIMA_PKM_measure_kernel(TIMA_handle_t, void*, uint32_t, void*, uint32_t, uint32_t)

D/        (  910): TIMA: QCOM_send_command--int8_t QCOM_send_command(TIMA_handle_t, void*, uint32_t, void*, uint32_t, uint32_t)

D/        (  910): rsp_len = 1008 rcvd_data_len = 1040, self_calculate_len=1040

D/        (  910): TIMA: QCOM_send_command result--0

D/        (  910): TIMA_PKM_measure_kernel returns with resp..ret=512!

D/        (  910): TAL: TIMA_PKM_measure_kernel--int8_t TIMA_PKM_measure_kernel(TIMA_handle_t, void*, uint32_t, void*, uint32_t, uint32_t)

D/        (  910): TIMA: QCOM_send_command--int8_t QCOM_send_command(TIMA_handle_t, void*, uint32_t, void*, uint32_t, uint32_t)

D/        (  910): rsp_len = 1008 rcvd_data_len = 1040, self_calculate_len=1040

D/        (  910): TIMA: QCOM_send_command result--0

D/        (  910): TIMA_PKM_measure_kernel returns with resp..ret=512!

D/        (  910): TAL: TIMA_PKM_measure_kernel--int8_t TIMA_PKM_measure_kernel(TIMA_handle_t, void*, uint32_t, void*, uint32_t, uint32_t)

D/        (  910): TIMA: QCOM_send_command--int8_t QCOM_send_command(TIMA_handle_t, void*, uint32_t, void*, uint32_t, uint32_t)

D/        (  910): rsp_len = 1008 rcvd_data_len = 1040, self_calculate_len=1040

D/        (  910): TIMA: QCOM_send_command result--0

D/        (  910): TIMA_PKM_measure_kernel returns with resp..ret=512!

D/        (  910): TAL: TIMA_PKM_measure_kernel--int8_t TIMA_PKM_measure_kernel(TIMA_handle_t, void*, uint32_t, void*, uint32_t, uint32_t)

D/        (  910): TIMA: QCOM_send_command--int8_t QCOM_send_command(TIMA_handle_t, void*, uint32_t, void*, uint32_t, uint32_t)

D/        (  910): rsp_len = 1008 rcvd_data_len = 1040, self_calculate_len=1040

D/        (  910): TIMA: QCOM_send_command result--0

D/        (  910): TIMA_PKM_measure_kernel returns with resp..ret=512!

D/        (  910): TAL: TIMA_PKM_measure_kernel--int8_t TIMA_PKM_measure_kernel(TIMA_handle_t, void*, uint32_t, void*, uint32_t, uint32_t)

D/        (  910): TIMA: QCOM_send_command--int8_t QCOM_send_command(TIMA_handle_t, void*, uint32_t, void*, uint32_t, uint32_t)

D/        (  910): rsp_len = 1008 rcvd_data_len = 1040, self_calculate_len=1040

D/        (  910): TIMA: QCOM_send_command result--0

D/        (  910): TIMA_PKM_measure_kernel returns with resp..ret=512!

D/        (  910): TAL: TIMA_PKM_measure_kernel--int8_t TIMA_PKM_measure_kernel(TIMA_handle_t, void*, uint32_t, void*, uint32_t, uint32_t)

D/        (  910): TIMA: QCOM_send_command--int8_t QCOM_send_command(TIMA_handle_t, void*, uint32_t, void*, uint32_t, uint32_t)

D/        (  910): rsp_len = 1008 rcvd_data_len = 1040, self_calculate_len=1040

D/        (  910): TIMA: QCOM_send_command result--0

D/        (  910): TIMA_PKM_measure_kernel returns with resp..ret=512!

D/        (  910): TAL: TIMA_PKM_measure_kernel--int8_t TIMA_PKM_measure_kernel(TIMA_handle_t, void*, uint32_t, void*, uint32_t, uint32_t)

D/        (  910): TIMA: QCOM_send_command--int8_t QCOM_send_command(TIMA_handle_t, void*, uint32_t, void*, uint32_t, uint32_t)

D/        (  910): rsp_len = 1008 rcvd_data_len = 1040, self_calculate_len=1040

D/        (  910): TIMA: QCOM_send_command result--0

D/        (  910): TIMA_PKM_measure_kernel returns with resp..ret=512!

D/        (  910): TAL: TIMA_PKM_measure_kernel--int8_t TIMA_PKM_measure_kernel(TIMA_handle_t, void*, uint32_t, void*, uint32_t, uint32_t)

D/        (  910): TIMA: QCOM_send_command--int8_t QCOM_send_command(TIMA_handle_t, void*, uint32_t, void*, uint32_t, uint32_t)

D/        (  910): rsp_len = 1008 rcvd_data_len = 1040, self_calculate_len=1040

D/        (  910): TIMA: QCOM_send_command result--0

D/        (  910): TIMA_PKM_measure_kernel returns with resp..ret=512!

D/        (  910): TAL: TIMA_PKM_measure_kernel--int8_t TIMA_PKM_measure_kernel(TIMA_handle_t, void*, uint32_t, void*, uint32_t, uint32_t)

D/        (  910): TIMA: QCOM_send_command--int8_t QCOM_send_command(TIMA_handle_t, void*, uint32_t, void*, uint32_t, uint32_t)

D/        (  910): rsp_len = 1008 rcvd_data_len = 1040, self_calculate_len=1040

D/        (  910): TIMA: QCOM_send_command result--0

D/        (  910): TIMA_PKM_measure_kernel returns with resp..ret=512!

D/        (  910): TAL: TIMA_PKM_measure_kernel--int8_t TIMA_PKM_measure_kernel(TIMA_handle_t, void*, uint32_t, void*, uint32_t, uint32_t)

D/        (  910): TIMA: QCOM_send_command--int8_t QCOM_send_command(TIMA_handle_t, void*, uint32_t, void*, uint32_t, uint32_t)

D/        (  910): rsp_len = 1008 rcvd_data_len = 1040, self_calculate_len=1040

D/        (  910): TIMA: QCOM_send_command result--0

D/        (  910): TIMA_PKM_measure_kernel returns with resp..ret=512!

D/        (  910): TAL: TIMA_PKM_measure_kernel--int8_t TIMA_PKM_measure_kernel(TIMA_handle_t, void*, uint32_t, void*, uint32_t, uint32_t)

D/        (  910): TIMA: QCOM_send_command--int8_t QCOM_send_command(TIMA_handle_t, void*, uint32_t, void*, uint32_t, uint32_t)

D/        (  910): rsp_len = 1008 rcvd_data_len = 1040, self_calculate_len=1040

D/        (  910): TIMA: QCOM_send_command result--0

D/        (  910): TIMA_PKM_measure_kernel returns with resp..ret=512!

D/        (  910): TAL: TIMA_PKM_measure_kernel--int8_t TIMA_PKM_measure_kernel(TIMA_handle_t, void*, uint32_t, void*, uint32_t, uint32_t)

D/        (  910): TIMA: QCOM_send_command--int8_t QCOM_send_command(TIMA_handle_t, void*, uint32_t, void*, uint32_t, uint32_t)

D/        (  910): rsp_len = 1008 rcvd_data_len = 1040, self_calculate_len=1040

D/        (  910): TIMA: QCOM_send_command result--0

D/        (  910): TIMA_PKM_measure_kernel returns with resp..ret=512!

D/        (  910): TAL: TIMA_PKM_measure_kernel--int8_t TIMA_PKM_measure_kernel(TIMA_handle_t, void*, uint32_t, void*, uint32_t, uint32_t)

D/        (  910): TIMA: QCOM_send_command--int8_t QCOM_send_command(TIMA_handle_t, void*, uint32_t, void*, uint32_t, uint32_t)

D/        (  910): rsp_len = 1008 rcvd_data_len = 1040, self_calculate_len=1040

D/        (  910): TIMA: QCOM_send_command result--0

D/        (  910): TIMA_PKM_measure_kernel returns with resp..ret=512!

D/        (  910): TAL: TIMA_PKM_measure_kernel--int8_t TIMA_PKM_measure_kernel(TIMA_handle_t, void*, uint32_t, void*, uint32_t, uint32_t)

D/        (  910): TIMA: QCOM_send_command--int8_t QCOM_send_command(TIMA_handle_t, void*, uint32_t, void*, uint32_t, uint32_t)

D/        (  910): rsp_len = 1008 rcvd_data_len = 1040, self_calculate_len=1040

D/        (  910): TIMA: QCOM_send_command result--0

D/        (  910): TIMA_PKM_measure_kernel returns with resp..ret=512!

D/        (  910): TAL: TIMA_PKM_measure_kernel--int8_t TIMA_PKM_measure_kernel(TIMA_handle_t, void*, uint32_t, void*, uint32_t, uint32_t)

D/        (  910): TIMA: QCOM_send_command--int8_t QCOM_send_command(TIMA_handle_t, void*, uint32_t, void*, uint32_t, uint32_t)

D/        (  910): rsp_len = 1008 rcvd_data_len = 1040, self_calculate_len=1040

D/        (  910): TIMA: QCOM_send_command result--0

D/        (  910): TIMA_PKM_measure_kernel returns with resp..ret=512!

D/        (  910): TAL: TIMA_PKM_measure_kernel--int8_t TIMA_PKM_measure_kernel(TIMA_handle_t, void*, uint32_t, void*, uint32_t, uint32_t)

D/        (  910): TIMA: QCOM_send_command--int8_t QCOM_send_command(TIMA_handle_t, void*, uint32_t, void*, uint32_t, uint32_t)

D/        (  910): rsp_len = 1008 rcvd_data_len = 1040, self_calculate_len=1040

D/        (  910): TIMA: QCOM_send_command result--0

D/        (  910): TIMA_PKM_measure_kernel returns with resp..ret=512!

D/        (  910): TAL: TIMA_PKM_measure_kernel--int8_t TIMA_PKM_measure_kernel(TIMA_handle_t, void*, uint32_t, void*, uint32_t, uint32_t)

D/        (  910): TIMA: QCOM_send_command--int8_t QCOM_send_command(TIMA_handle_t, void*, uint32_t, void*, uint32_t, uint32_t)

D/        (  910): rsp_len = 1008 rcvd_data_len = 1040, self_calculate_len=1040

D/        (  910): TIMA: QCOM_send_command result--0

D/        (  910): TIMA_PKM_measure_kernel returns with resp..ret=512!

D/        (  910): TAL: TIMA_PKM_measure_kernel--int8_t TIMA_PKM_measure_kernel(TIMA_handle_t, void*, uint32_t, void*, uint32_t, uint32_t)

D/        (  910): TIMA: QCOM_send_command--int8_t QCOM_send_command(TIMA_handle_t, void*, uint32_t, void*, uint32_t, uint32_t)

D/        (  910): rsp_len = 1008 rcvd_data_len = 1040, self_calculate_len=1040

D/        (  910): TIMA: QCOM_send_command result--0

D/        (  910): TIMA_PKM_measure_kernel returns with resp..ret=512!

D/        (  910): TAL: TIMA_PKM_measure_kernel--int8_t TIMA_PKM_measure_kernel(TIMA_handle_t, void*, uint32_t, void*, uint32_t, uint32_t)

D/        (  910): TIMA: QCOM_send_command--int8_t QCOM_send_command(TIMA_handle_t, void*, uint32_t, void*, uint32_t, uint32_t)

D/        (  910): rsp_len = 1008 rcvd_data_len = 1040, self_calculate_len=1040

D/        (  910): TIMA: QCOM_send_command result--0

D/        (  910): TIMA_PKM_measure_kernel returns with resp..ret=512!

D/        (  910): TAL: TIMA_PKM_measure_kernel--int8_t TIMA_PKM_measure_kernel(TIMA_handle_t, void*, uint32_t, void*, uint32_t, uint32_t)

D/        (  910): TIMA: QCOM_send_command--int8_t QCOM_send_command(TIMA_handle_t, void*, uint32_t, void*, uint32_t, uint32_t)

D/        (  910): rsp_len = 1008 rcvd_data_len = 1040, self_calculate_len=1040

D/        (  910): TIMA: QCOM_send_command result--0

D/        (  910): TIMA_PKM_measure_kernel returns with resp..ret=512!

D/        (  910): TAL: TIMA_PKM_measure_kernel--int8_t TIMA_PKM_measure_kernel(TIMA_handle_t, void*, uint32_t, void*, uint32_t, uint32_t)

D/        (  910): TIMA: QCOM_send_command--int8_t QCOM_send_command(TIMA_handle_t, void*, uint32_t, void*, uint32_t, uint32_t)

D/        (  910): rsp_len = 1008 rcvd_data_len = 1040, self_calculate_len=1040

D/        (  910): TIMA: QCOM_send_command result--0

D/        (  910): TIMA_PKM_measure_kernel returns with resp..ret=512!

D/        (  910): TAL: TIMA_PKM_measure_kernel--int8_t TIMA_PKM_measure_kernel(TIMA_handle_t, void*, uint32_t, void*, uint32_t, uint32_t)

D/        (  910): TIMA: QCOM_send_command--int8_t QCOM_send_command(TIMA_handle_t, void*, uint32_t, void*, uint32_t, uint32_t)

D/        (  910): rsp_len = 1008 rcvd_data_len = 1040, self_calculate_len=1040

D/        (  910): TIMA: QCOM_send_command result--0

D/        (  910): TIMA_PKM_measure_kernel returns with resp..ret=512!

D/        (  910): TAL: TIMA_PKM_measure_kernel--int8_t TIMA_PKM_measure_kernel(TIMA_handle_t, void*, uint32_t, void*, uint32_t, uint32_t)

D/        (  910): TIMA: QCOM_send_command--int8_t QCOM_send_command(TIMA_handle_t, void*, uint32_t, void*, uint32_t, uint32_t)

D/        (  910): rsp_len = 1008 rcvd_data_len = 1040, self_calculate_len=1040

D/        (  910): TIMA: QCOM_send_command result--0

D/        (  910): TIMA_PKM_measure_kernel returns with resp..ret=512!

D/        (  910): TAL: TIMA_PKM_measure_kernel--int8_t TIMA_PKM_measure_kernel(TIMA_handle_t, void*, uint32_t, void*, uint32_t, uint32_t)

D/        (  910): TIMA: QCOM_send_command--int8_t QCOM_send_command(TIMA_handle_t, void*, uint32_t, void*, uint32_t, uint32_t)

D/        (  910): rsp_len = 1008 rcvd_data_len = 1040, self_calculate_len=1040

D/        (  910): TIMA: QCOM_send_command result--0

D/        (  910): TIMA_PKM_measure_kernel returns with resp..ret=512!

D/        (  910): TAL: TIMA_PKM_measure_kernel--int8_t TIMA_PKM_measure_kernel(TIMA_handle_t, void*, uint32_t, void*, uint32_t, uint32_t)

D/        (  910): TIMA: QCOM_send_command--int8_t QCOM_send_command(TIMA_handle_t, void*, uint32_t, void*, uint32_t, uint32_t)

D/        (  910): rsp_len = 1008 rcvd_data_len = 1040, self_calculate_len=1040

D/        (  910): TIMA: QCOM_send_command result--0

D/        (  910): TIMA_PKM_measure_kernel returns with resp..ret=512!

D/        (  910): TAL: TIMA_PKM_measure_kernel--int8_t TIMA_PKM_measure_kernel(TIMA_handle_t, void*, uint32_t, void*, uint32_t, uint32_t)

D/        (  910): TIMA: QCOM_send_command--int8_t QCOM_send_command(TIMA_handle_t, void*, uint32_t, void*, uint32_t, uint32_t)

D/        (  910): rsp_len = 1008 rcvd_data_len = 1040, self_calculate_len=1040

D/        (  910): TIMA: QCOM_send_command result--0

D/        (  910): TIMA_PKM_measure_kernel returns with resp..ret=512!

D/        (  910): TAL: TIMA_PKM_measure_kernel--int8_t TIMA_PKM_measure_kernel(TIMA_handle_t, void*, uint32_t, void*, uint32_t, uint32_t)

D/        (  910): TIMA: QCOM_send_command--int8_t QCOM_send_command(TIMA_handle_t, void*, uint32_t, void*, uint32_t, uint32_t)

D/        (  910): rsp_len = 1008 rcvd_data_len = 1040, self_calculate_len=1040

D/        (  910): TIMA: QCOM_send_command result--0

D/        (  910): TIMA_PKM_measure_kernel returns with resp..ret=512!

D/        (  910): TAL: TIMA_PKM_measure_kernel--int8_t TIMA_PKM_measure_kernel(TIMA_handle_t, void*, uint32_t, void*, uint32_t, uint32_t)

D/        (  910): TIMA: QCOM_send_command--int8_t QCOM_send_command(TIMA_handle_t, void*, uint32_t, void*, uint32_t, uint32_t)

D/        (  910): rsp_len = 1008 rcvd_data_len = 1040, self_calculate_len=1040

D/        (  910): TIMA: QCOM_send_command result--0

D/        (  910): TIMA_PKM_measure_kernel returns with resp..ret=512!

D/        (  910): TAL: TIMA_PKM_measure_kernel--int8_t TIMA_PKM_measure_kernel(TIMA_handle_t, void*, uint32_t, void*, uint32_t, uint32_t)

D/        (  910): TIMA: QCOM_send_command--int8_t QCOM_send_command(TIMA_handle_t, void*, uint32_t, void*, uint32_t, uint32_t)

D/        (  910): rsp_len = 1008 rcvd_data_len = 1040, self_calculate_len=1040

D/        (  910): TIMA: QCOM_send_command result--0

D/        (  910): TIMA_PKM_measure_kernel returns with resp..ret=512!

D/        (  910): TAL: TIMA_PKM_measure_kernel--int8_t TIMA_PKM_measure_kernel(TIMA_handle_t, void*, uint32_t, void*, uint32_t, uint32_t)

D/        (  910): TIMA: QCOM_send_command--int8_t QCOM_send_command(TIMA_handle_t, void*, uint32_t, void*, uint32_t, uint32_t)

D/        (  910): rsp_len = 1008 rcvd_data_len = 1040, self_calculate_len=1040

D/        (  910): TIMA: QCOM_send_command result--0

D/        (  910): TIMA_PKM_measure_kernel returns with resp..ret=512!

D/        (  910): TAL: TIMA_PKM_measure_kernel--int8_t TIMA_PKM_measure_kernel(TIMA_handle_t, void*, uint32_t, void*, uint32_t, uint32_t)

D/        (  910): TIMA: QCOM_send_command--int8_t QCOM_send_command(TIMA_handle_t, void*, uint32_t, void*, uint32_t, uint32_t)

