D/daemonapp( 7741): [MSC_Cmaweather_Daemon]>>> U:1357 [0:0] cDayONight() ::: sunset is null 

D/daemonapp( 7741): [MSC_Cmaweather_Daemon]>>> CWDS:685 [0:0] checkDay:true, UtilgetIsDay():false

D/daemonapp( 7741): [MSC_Cmaweather_Daemon]>>> CCP:387 [0:0] Provider query : content://cmaweatherprovider/weatherinfo

D/cmaweather( 1544): [Cmaweather J]>>> SWW:686 [0:0] =============== BR act = androidintentactionTIME_TICK

D/cmaweather( 1544): [Cmaweather J]>>> SWW:723 [0:0] renderUpdateTime : [0] = 1

D/cmaweather( 1544): [Cmaweather J]>>> WR:471 [0:0] =============== updateTime = 1

D/cmaweather( 1544): [Cmaweather J]>>> SM:1120 [0:0] updateCurrentCityTime : [1]0/1

D/cmaweather( 1544): [Cmaweather J]>>> SM:1135 [0:0] updateCurrentCityTime , ConditionLayerWidth = 852, mConditionLayerHeight = 532

D/cmaweather( 1544): [Cmaweather J]>>> SM:1972 [0:0] drw 1nd Tm dt = 6月 30日 星期二

D/cmaweather( 1544): [Cmaweather J]>>> SM:2005 [0:0] makeTimeText[1] time :6月 30日 星期二 10:14 , new :6月 30日 星期二 10:15 

D/cmaweather( 1544): [Cmaweather J]>>> SM:2089 [0:0] uCCV : msg = -1, oT = true

D/cell strength( 1228): ===== cell singal strength changed : 99

D/dalvikvm( 1544): GC_FOR_ALLOC freed 1815K, 33% free 23418K/34636K, paused 49ms, total 49ms

E/JavaBinder(  910): !!! FAILED BINDER TRANSACTION !!!

D/dalvikvm(  910): GC_CONCURRENT freed 8181K, 48% free 93200K/176128K, paused 23ms+19ms, total 261ms

D/dalvikvm(  910): WAIT_FOR_CONCURRENT_GC blocked 206ms

D/dalvikvm(  910): WAIT_FOR_CONCURRENT_GC blocked 149ms

D/cell strength( 1228): ===== cell singal strength changed : 99

D/dalvikvm( 2199): GC_CONCURRENT freed 1934K, 29% free 19118K/26880K, paused 7ms+9ms, total 57ms

D/cell strength( 1228): ===== cell singal strength changed : 99

D/dalvikvm( 5471): GC_CONCURRENT freed 1953K, 30% free 19081K/26876K, paused 14ms+3ms, total 57ms

I/AlipayPush_ClientActionReceiver( 5189): onReceive() action=com.eg.android.AlipayGphoneRC.push.action.KEEPLIVE

I/AlipayPush_ClientActionReceiver( 5189): onReceive() networkInfo.isConnected()=true

D/pushtrack_TrackWorker_queue_51( 5189): level:Normal user:2088812469041456 tag:ClientActionReceiver_onReceive content:action=com.eg.android.AlipayGphoneRC.push.action.KEEPLIVE

I/AlipayPush_k( 5189): sendPacket()... packet.id=3

I/Monitor ( 5189): [main]onReceive at: com.alipay.pushsdk.push.ClientActionReceiver, Intent: Intent { act=com.eg.android.AlipayGphoneRC.push.action.KEEPLIVE flg=0x14 pkg=com.eg.android.AlipayGphoneRC (has extras) }, cost:11 ms.

D/KeyguardUpdateMonitor( 1110): received broadcast android.intent.action.BATTERY_CHANGED

D/KeyguardUpdateMonitor( 1110): handleBatteryUpdate

D/Brightness(24535): mIntentReceiver.onReceive: action=android.intent.action.BATTERY_CHANGED, intent=Intent { act=android.intent.action.BATTERY_CHANGED flg=0x60000010 (has extras) }

D/MainActivityBaseUi.java(24535): in brightness disabled on critical battery low

D/pushtrack_TrackWorker_queue_51( 5189): level:Normal user:2088812469041456 tag:PacketReader_push_heart_beat content:start:1435630509111

I/Monitor ( 5056): [main]onReceive at: com.aps.a$a, Intent: Intent { act=android.intent.action.BATTERY_CHANGED flg=0x60000010 (has extras) }, cost:1 ms.

I/AlipayPush_b( 5189): processPacket() got one HeartBeatPacket from Server!

I/AlipayPush_l( 5189): getPushKeepAliveInterval() keepAliveTime=45

D/cell strength( 1228): ===== cell singal strength changed : 99

E/JavaBinder(  910): !!! FAILED BINDER TRANSACTION !!!

E/JavaBinder(  910): !!! FAILED BINDER TRANSACTION !!!

D/dalvikvm(  910): GC_CONCURRENT freed 8189K, 48% free 93203K/176128K, paused 28ms+18ms, total 309ms

D/dalvikvm(  910): WAIT_FOR_CONCURRENT_GC blocked 176ms

D/dalvikvm(  910): WAIT_FOR_CONCURRENT_GC blocked 177ms

D/cell strength( 1228): ===== cell singal strength changed : 99

D/cell strength( 1228): ===== cell singal strength changed : 99

E/JavaBinder(  910): !!! FAILED BINDER TRANSACTION !!!

D/cell strength( 1228): ===== cell singal strength changed : 99

E/JavaBinder(  910): !!! FAILED BINDER TRANSACTION !!!

I/chromium(24535): [INFO:top_sites_impl.cc(926)]  VLOG NotifyTopSitesChanged

E/JavaBinder(  910): !!! FAILED BINDER TRANSACTION !!!

D/cell strength( 1228): ===== cell singal strength changed : 99

D/dalvikvm(  910): GC_CONCURRENT freed 8205K, 48% free 93196K/176128K, paused 27ms+21ms, total 284ms

D/dalvikvm(  910): WAIT_FOR_CONCURRENT_GC blocked 121ms

D/dalvikvm(  910): WAIT_FOR_CONCURRENT_GC blocked 76ms

D/KeyguardUpdateMonitor( 1110): received broadcast android.intent.action.BATTERY_CHANGED

D/KeyguardUpdateMonitor( 1110): handleBatteryUpdate

D/Brightness(24535): mIntentReceiver.onReceive: action=android.intent.action.BATTERY_CHANGED, intent=Intent { act=android.intent.action.BATTERY_CHANGED flg=0x60000010 (has extras) }

D/MainActivityBaseUi.java(24535): in brightness disabled on critical battery low

I/Monitor ( 5056): [main]onReceive at: com.aps.a$a, Intent: Intent { act=android.intent.action.BATTERY_CHANGED flg=0x60000010 (has extras) }, cost:0 ms.

E/JavaBinder(  910): !!! FAILED BINDER TRANSACTION !!!

E/JavaBinder(  910): !!! FAILED BINDER TRANSACTION !!!

D/cell strength( 1228): ===== cell singal strength changed : 99

D/cell strength( 1228): ===== cell singal strength changed : 99

E/JavaBinder(  910): !!! FAILED BINDER TRANSACTION !!!

E/JavaBinder(  910): !!! FAILED BINDER TRANSACTION !!!

D/cell strength( 1228): ===== cell singal strength changed : 99

D/dalvikvm(  910): GC_CONCURRENT freed 8190K, 48% free 93197K/176128K, paused 19ms+19ms, total 254ms

D/dalvikvm(  910): WAIT_FOR_CONCURRENT_GC blocked 49ms

D/dalvikvm(  910): WAIT_FOR_CONCURRENT_GC blocked 57ms

D/dalvikvm(  910): WAIT_FOR_CONCURRENT_GC blocked 85ms

D/dalvikvm(  910): WAIT_FOR_CONCURRENT_GC blocked 59ms

D/cell strength( 1228): ===== cell singal strength changed : 99

V/xiaomi  ( 5471): Service called on timer

D/KeyguardUpdateMonitor( 1110): received broadcast android.intent.action.BATTERY_CHANGED

D/KeyguardUpdateMonitor( 1110): handleBatteryUpdate

D/Brightness(24535): mIntentReceiver.onReceive: action=android.intent.action.BATTERY_CHANGED, intent=Intent { act=android.intent.action.BATTERY_CHANGED flg=0x60000010 (has extras) }

D/MainActivityBaseUi.java(24535): in brightness disabled on critical battery low

I/Monitor ( 5056): [main]onReceive at: com.aps.a$a, Intent: Intent { act=android.intent.action.BATTERY_CHANGED flg=0x60000010 (has extras) }, cost:0 ms.

I/Monitor ( 5189): [main]onReceive at: com.alipay.android.phone.nfd.nfdservice.ui.app.NfdReceiver, Intent: Intent { act=com.eg.android.AlipayGphoneRC.push.action.CHECK flg=0x14 pkg=com.eg.android.AlipayGphoneRC cmp=com.eg.android.AlipayGphoneRC/com.alipay.android.phone.nfd.nfdservice.ui.app.NfdReceiver (has extras) }, cost:5 ms.

E/cutils  (  324): Failed to mkdirat(/storage/extSdCard/Android): Read-only file system

W/ContextImpl( 5189): Failed to ensure directory: /storage/extSdCard/Android/data/com.eg.android.AlipayGphoneRC/files/com.alipay.android.phone.nfd

I/Monitor ( 5189): [main]onStartCommand at: com.alipay.android.phone.nfd.nfdservice.ui.app.NfdService, Intent: Intent { act=com.eg.android.AlipayGphone.nfd.action.NfdService cmp=com.eg.android.AlipayGphoneRC/com.alipay.android.phone.nfd.nfdservice.ui.app.NfdService }

E/cutils  (  324): Failed to mkdirat(/storage/extSdCard/Android): Read-only file system

I/AlipayPush_ClientActionReceiver( 5189): onReceive() action=com.eg.android.AlipayGphoneRC.push.action.CHECK

I/AlipayPush_ClientActionReceiver( 5189): onReceive() networkInfo.isConnected()=true

W/ContextImpl( 5189): Failed to ensure directory: /storage/extSdCard/Android/data/com.eg.android.AlipayGphoneRC/files/com.alipay.android.phone.nfd

W/SharedPreferencesManager( 5189): putInt() : name = nfdwifi_wifi_update_key : key = wifiCount : value = 0

W/SharedPreferencesManager( 5189): putInt() : name = nfdwifi_wifi_update_key : key = mobileCount : value = 0

W/SharedPreferencesManager( 5189): putInt() : name = nfdwifi_wifi_update_key : key = syncLevel : value = 0

W/SharedPreferencesManager( 5189): getInt() : name = nfdwifi_wifi_update_key : key = lastTime : defValue = 0

D/pushtrack_TrackWorker_queue_51( 5189): level:Normal user:2088812469041456 tag:ClientActionReceiver_onReceive content:action=com.eg.android.AlipayGphoneRC.push.action.CHECK

I/AlipayPush_NotificationService( 5189): startAlarmTimer ELAPSED_REALTIME_WAKEUP! nextTime=300000

E/cutils  (  324): Failed to mkdirat(/storage/extSdCard/Android): Read-only file system

W/ContextImpl( 5189): Failed to ensure directory: /storage/extSdCard/Android/data/com.eg.android.AlipayGphoneRC/files/com.alipay.android.phone.nfd

W/SharedPreferencesManager( 5189): getInt() : name = nfdwifi_wifi_lbs_key : key = lbs_last_time : defValue = 1435629734074

E/cutils  (  324): Failed to mkdirat(/storage/extSdCard/Android): Read-only file system

W/ContextImpl( 5189): Failed to ensure directory: /storage/extSdCard/Android/data/com.eg.android.AlipayGphoneRC/files/com.alipay.android.phone.nfd

E/cutils  (  324): Failed to mkdirat(/storage/extSdCard/Android): Read-only file system

W/ContextImpl( 5189): Failed to ensure directory: /storage/extSdCard/Android/data/com.eg.android.AlipayGphoneRC/files/com.alipay.android.phone.nfd

E/cutils  (  324): Failed to mkdirat(/storage/extSdCard/Android): Read-only file system

W/ContextImpl( 5189): Failed to ensure directory: /storage/extSdCard/Android/data/com.eg.android.AlipayGphoneRC/files/com.alipay.android.phone.nfd

E/cutils  (  324): Failed to mkdirat(/storage/extSdCard/Android): Read-only file system

W/ContextImpl( 5189): Failed to ensure directory: /storage/extSdCard/Android/data/com.eg.android.AlipayGphoneRC/files/com.alipay.android.phone.nfd

E/cutils  (  324): Failed to mkdirat(/storage/extSdCard/Android): Read-only file system

W/ContextImpl( 5189): Failed to ensure directory: /storage/extSdCard/Android/data/com.eg.android.AlipayGphoneRC/files/com.alipay.android.phone.nfd

E/cutils  (  324): Failed to mkdirat(/storage/extSdCard/Android): Read-only file system

W/ContextImpl( 5189): Failed to ensure directory: /storage/extSdCard/Android/data/com.eg.android.AlipayGphoneRC/files/com.alipay.android.phone.nfd

E/cutils  (  324): Failed to mkdirat(/storage/extSdCard/Android): Read-only file system

W/ContextImpl( 5189): Failed to ensure directory: /storage/extSdCard/Android/data/com.eg.android.AlipayGphoneRC/files/com.alipay.android.phone.nfd

E/cutils  (  324): Failed to mkdirat(/storage/extSdCard/Android): Read-only file system

W/ContextImpl( 5189): Failed to ensure directory: /storage/extSdCard/Android/data/com.eg.android.AlipayGphoneRC/files/com.alipay.android.phone.nfd

I/AlipayPush_ClientActionReceiver( 5189): checkPushStatus linkStatus=true, settingStatus=true

D/pushtrack_TrackWorker_queue_51( 5189): level:Normal user:2088812469041456 tag:ClientActionReceiver_checkTimer content:curStatus=0

I/AlipayPush_l( 5189): getPushKeepAliveInterval() keepAliveTime=45

I/Monitor ( 5189): [main]onReceive at: com.alipay.pushsdk.push.ClientActionReceiver, Intent: Intent { act=com.eg.android.AlipayGphoneRC.push.action.CHECK flg=0x14 pkg=com.eg.android.AlipayGphoneRC (has extras) }, cost:64 ms.

I/AlipayPush_k( 5189): sendPacket()... packet.id=3

D/ClientMonitorWakeupReceiver( 5189): [main]ClientMonitorWakeupReceiver.onReceiveIntent { act=com.eg.android.AlipayGphoneRC.push.action.CHECK flg=0x14 pkg=com.eg.android.AlipayGphoneRC cmp=com.eg.android.AlipayGphoneRC/com.alipay.mobile.logmonitor.ClientMonitorWakeupReceiver (has extras) }

D/pushtrack_TrackWorker_queue_51( 5189): level:Normal user:2088812469041456 tag:PacketReader_push_heart_beat content:start:1435630538137

W/ClientMonitorService( 5189): [IntentService[ClientMonitorService]]syncInterval=1435630538136,lastSyncTime=0

I/AlipayPush_b( 5189): processPacket() got one HeartBeatPacket from Server!

I/AlipayPush_l( 5189): getPushKeepAliveInterval() keepAliveTime=45

E/JavaBinder(  910): !!! FAILED BINDER TRANSACTION !!!

D/cell strength( 1228): ===== cell singal strength changed : 99

E/JavaBinder(  910): !!! FAILED BINDER TRANSACTION !!!

D/cell strength( 1228): ===== cell singal strength changed : 99

D/dalvikvm(  910): GC_CONCURRENT freed 8181K, 48% free 93209K/176128K, paused 27ms+19ms, total 293ms

D/dalvikvm(  910): WAIT_FOR_CONCURRENT_GC blocked 85ms

D/dalvikvm( 2199): GC_CONCURRENT freed 1933K, 29% free 19115K/26880K, paused 3ms+4ms, total 45ms

D/cell strength( 1228): ===== cell singal strength changed : 99

D/KeyguardUpdateMonitor( 1110): received broadcast android.intent.action.BATTERY_CHANGED

D/KeyguardUpdateMonitor( 1110): handleBatteryUpdate

D/Brightness(24535): mIntentReceiver.onReceive: action=android.intent.action.BATTERY_CHANGED, intent=Intent { act=android.intent.action.BATTERY_CHANGED flg=0x60000010 (has extras) }

D/MainActivityBaseUi.java(24535): in brightness disabled on critical battery low

I/Monitor ( 5056): [main]onReceive at: com.aps.a$a, Intent: Intent { act=android.intent.action.BATTERY_CHANGED flg=0x60000010 (has extras) }, cost:1 ms.

D/cell strength( 1228): ===== cell singal strength changed : 99

E/JavaBinder(  910): !!! FAILED BINDER TRANSACTION !!!

E/JavaBinder(  910): !!! FAILED BINDER TRANSACTION !!!

I/chromium(24535): [INFO:top_sites_impl.cc(926)]  VLOG NotifyTopSitesChanged

D/cell strength( 1228): ===== cell singal strength changed : 99

D/dalvikvm(  910): GC_CONCURRENT freed 8198K, 48% free 93202K/176128K, paused 26ms+19ms, total 287ms

D/dalvikvm(  910): WAIT_FOR_CONCURRENT_GC blocked 84ms

D/dalvikvm(  910): WAIT_FOR_CONCURRENT_GC blocked 146ms

D/cell strength( 1228): ===== cell singal strength changed : 99

D/NetEasePushService_PushServiceNews_V1(  767): onStartCommand()...

D/NetEasePushService_PushServiceNews_V1(  767): prepareStart()...

D/NetEasePushService_PushServiceNews_V1(  767): Heartbeat receiver is running...

D/NetEasePushService_PushServiceNews_V1(  767): sendHeartBeat()...

D/NetEasePushService_PushServiceNews_V1(  767): send heat beat message to server.

D/NetEasePushService_PushServiceNews_V1(  767): setAlarm()...

D/NetEasePushService_PushServiceNews_V1(  767): send()...

D/NetEasePushService_PushServiceNews_V1(  767): send topic: ping domain: null message : {}

D/NetEasePushService_PushServiceNews_V1(  767): acquireWakeLock()...

D/NetEasePushService_PushServiceNews_V1(  767): Acquiring wake lock

D/NetEasePushService_PushServiceNews_V1(  767): releaseWakeLock()...

D/NetEasePushService_PushServiceNews_V1(  767): setAlarm()...

D/NetEasePushService_PushServiceNews_V1(  767): heat beat has sent 5 round normally, heartbeat interval is now: 120000ms

D/NetEasePushService_PushServiceNews_V1(  767): publishArrived()...

D/NetEasePushService_PushServiceNews_V1(  767): topic : pong message: 

D/NetEasePushService_PushServiceNews_V1(  767): it is a heartbeat ack message

D/NetEasePushService_PushServiceNews_V1(  767): cancelAlarm()...

E/JavaBinder(  910): !!! FAILED BINDER TRANSACTION !!!

D/cell strength( 1228): ===== cell singal strength changed : 99

E/JavaBinder(  910): !!! FAILED BINDER TRANSACTION !!!

E/JavaBinder(  910): !!! FAILED BINDER TRANSACTION !!!

D/KeyguardUpdateMonitor( 1110): received broadcast android.intent.action.TIME_TICK

D/KeyguardUpdateMonitor( 1110): handleTimeUpdate

D/daemonapp( 7741): [MSC_Cmaweather_Daemon]>>> U:1341 [0:0] cDayONight() ::: sunrise is null 

D/daemonapp( 7741): [MSC_Cmaweather_Daemon]>>> U:1357 [0:0] cDayONight() ::: sunset is null 

D/daemonapp( 7741): [MSC_Cmaweather_Daemon]>>> WCS:90 [0:0] action:androidintentactionTIME_TICK

D/daemonapp( 7741): [MSC_Cmaweather_Daemon]>>> CWDS:83 [0:0] Act : widgetappapaccuweatherdaemonactionCHANGE_ICON_OF_DAEMON

D/comsamsunglog( 7741): [MSC_Cmaweather_Daemon]>>> ====================================================================================================================

D/comsamsunglog( 7741): [MSC_Cmaweather_Daemon]>>> daemonapp [Version : 14070101 ] [ 1 ] 

D/comsamsunglog( 7741): [MSC_Cmaweather_Daemon]>>> Header set to : ===> "daemonapp" <===

D/comsamsunglog( 7741): [MSC_Cmaweather_Daemon]>>> ====================================================================================================================

D/daemonapp( 7741): [MSC_Cmaweather_Daemon]>>> CCP:387 [0:0] Provider query : content://cmaweatherprovider/packagename

D/daemonapp( 7741): [MSC_Cmaweather_Daemon]>>> CWDS:1112 [0:0] PakNme size = 1

D/daemonapp( 7741): [MSC_Cmaweather_Daemon]>>> CCP:387 [0:0] Provider query : content://cmaweatherprovider/current_weatherinfo

D/daemonapp( 7741): [MSC_Cmaweather_Daemon]>>> CCP:387 [0:0] Provider query : content://cmaweatherprovider/current_weatherinfo

D/daemonapp( 7741): [MSC_Cmaweather_Daemon]>>> CCP:387 [0:0] Provider query : content://cmaweatherprovider/current_weatherinfo

D/daemonapp( 7741): [MSC_Cmaweather_Daemon]>>> CWDS:127 [0:0] SerStus:true,TmpS:1,AtRfr:0

D/daemonapp( 7741): [MSC_Cmaweather_Daemon]>>> CWDS:682 [0:0] ====ACTION_SEC_CHANGE_ICON_OF_DAEMON===

D/daemonapp( 7741): [MSC_Cmaweather_Daemon]>>> U:1341 [0:0] cDayONight() ::: sunrise is null 

D/daemonapp( 7741): [MSC_Cmaweather_Daemon]>>> U:1357 [0:0] cDayONight() ::: sunset is null 

D/daemonapp( 7741): [MSC_Cmaweather_Daemon]>>> CWDS:685 [0:0] checkDay:true, UtilgetIsDay():false

D/daemonapp( 7741): [MSC_Cmaweather_Daemon]>>> CCP:387 [0:0] Provider query : content://cmaweatherprovider/weatherinfo

D/cmaweather( 1544): [Cmaweather J]>>> SWW:686 [0:0] =============== BR act = androidintentactionTIME_TICK

D/cmaweather( 1544): [Cmaweather J]>>> SWW:723 [0:0] renderUpdateTime : [0] = 1

D/cmaweather( 1544): [Cmaweather J]>>> WR:471 [0:0] =============== updateTime = 1

D/cmaweather( 1544): [Cmaweather J]>>> SM:1120 [0:0] updateCurrentCityTime : [1]0/1

D/cmaweather( 1544): [Cmaweather J]>>> SM:1135 [0:0] updateCurrentCityTime , ConditionLayerWidth = 852, mConditionLayerHeight = 532

D/cmaweather( 1544): [Cmaweather J]>>> SM:1972 [0:0] drw 1nd Tm dt = 6月 30日 星期二

D/cmaweather( 1544): [Cmaweather J]>>> SM:2005 [0:0] makeTimeText[1] time :6月 30日 星期二 10:15 , new :6月 30日 星期二 10:16 

D/cmaweather( 1544): [Cmaweather J]>>> SM:2089 [0:0] uCCV : msg = -1, oT = true

D/dalvikvm( 1544): GC_FOR_ALLOC freed 1815K, 33% free 23418K/34636K, paused 48ms, total 48ms

E/JavaBinder(  910): !!! FAILED BINDER TRANSACTION !!!

D/cell strength( 1228): ===== cell singal strength changed : 99

D/dalvikvm(  910): GC_CONCURRENT freed 8191K, 48% free 93203K/176128K, paused 20ms+20ms, total 292ms

D/dalvikvm(  910): WAIT_FOR_CONCURRENT_GC blocked 162ms

D/cell strength( 1228): ===== cell singal strength changed : 99

D/cell strength( 1228): ===== cell singal strength changed : 99

D/KeyguardUpdateMonitor( 1110): received broadcast android.intent.action.BATTERY_CHANGED

D/KeyguardUpdateMonitor( 1110): handleBatteryUpdate

D/Brightness(24535): mIntentReceiver.onReceive: action=android.intent.action.BATTERY_CHANGED, intent=Intent { act=android.intent.action.BATTERY_CHANGED flg=0x60000010 (has extras) }

D/MainActivityBaseUi.java(24535): in brightness disabled on critical battery low

I/Monitor ( 5056): [main]onReceive at: com.aps.a$a, Intent: Intent { act=android.intent.action.BATTERY_CHANGED flg=0x60000010 (has extras) }, cost:1 ms.

D/dalvikvm(32392): GC_CONCURRENT freed 1920K, 22% free 21177K/26876K, paused 9ms+2ms, total 74ms

E/JavaBinder(  910): !!! FAILED BINDER TRANSACTION !!!

E/JavaBinder(  910): !!! FAILED BINDER TRANSACTION !!!

D/cell strength( 1228): ===== cell singal strength changed : 99

D/dalvikvm(  910): GC_CONCURRENT freed 8187K, 48% free 93213K/176128K, paused 33ms+20ms, total 297ms

D/cell strength( 1228): ===== cell singal strength changed : 99

D/cell strength( 1228): ===== cell singal strength changed : 99

E/JavaBinder(  910): !!! FAILED BINDER TRANSACTION !!!

D/cell strength( 1228): ===== cell singal strength changed : 99

E/JavaBinder(  910): !!! FAILED BINDER TRANSACTION !!!

I/chromium(24535): [INFO:top_sites_impl.cc(926)]  VLOG NotifyTopSitesChanged

D/dalvikvm(  910): GC_CONCURRENT freed 8205K, 48% free 93199K/176128K, paused 19ms+19ms, total 253ms

D/dalvikvm(  910): WAIT_FOR_CONCURRENT_GC blocked 117ms

I/AlipayPush_ClientActionReceiver( 5189): onReceive() action=com.eg.android.AlipayGphoneRC.push.action.KEEPLIVE

I/AlipayPush_ClientActionReceiver( 5189): onReceive() networkInfo.isConnected()=true

D/pushtrack_TrackWorker_queue_51( 5189): level:Normal user:2088812469041456 tag:ClientActionReceiver_onReceive content:action=com.eg.android.AlipayGphoneRC.push.action.KEEPLIVE

I/AlipayPush_k( 5189): sendPacket()... packet.id=3

I/Monitor ( 5189): [main]onReceive at: com.alipay.pushsdk.push.ClientActionReceiver, Intent: Intent { act=com.eg.android.AlipayGphoneRC.push.action.KEEPLIVE flg=0x14 pkg=com.eg.android.AlipayGphoneRC (has extras) }, cost:11 ms.

D/pushtrack_TrackWorker_queue_51( 5189): level:Normal user:2088812469041456 tag:PacketReader_push_heart_beat content:start:1435630583258

I/AlipayPush_b( 5189): processPacket() got one HeartBeatPacket from Server!

I/AlipayPush_l( 5189): getPushKeepAliveInterval() keepAliveTime=45

D/dalvikvm( 2057): GC_CONCURRENT freed 2274K, 35% free 17516K/26876K, paused 7ms+2ms, total 48ms

D/KeyguardUpdateMonitor( 1110): received broadcast android.intent.action.BATTERY_CHANGED

D/KeyguardUpdateMonitor( 1110): handleBatteryUpdate

I/Monitor ( 5056): [main]onReceive at: com.aps.a$a, Intent: Intent { act=android.intent.action.BATTERY_CHANGED flg=0x60000010 (has extras) }, cost:0 ms.

D/Brightness(24535): mIntentReceiver.onReceive: action=android.intent.action.BATTERY_CHANGED, intent=Intent { act=android.intent.action.BATTERY_CHANGED flg=0x60000010 (has extras) }

D/MainActivityBaseUi.java(24535): in brightness disabled on critical battery low

D/cell strength( 1228): ===== cell singal strength changed : 99

E/JavaBinder(  910): !!! FAILED BINDER TRANSACTION !!!

E/JavaBinder(  910): !!! FAILED BINDER TRANSACTION !!!

D/dalvikvm( 2199): GC_CONCURRENT freed 1925K, 29% free 19113K/26880K, paused 9ms+2ms, total 68ms

E/JavaBinder(  910): !!! FAILED BINDER TRANSACTION !!!

D/cell strength( 1228): ===== cell singal strength changed : 99

E/JavaBinder(  910): !!! FAILED BINDER TRANSACTION !!!

E/JavaBinder(  910): !!! FAILED BINDER TRANSACTION !!!

D/dalvikvm(  910): GC_CONCURRENT freed 8177K, 48% free 93213K/176128K, paused 28ms+20ms, total 298ms

D/dalvikvm(  910): WAIT_FOR_CONCURRENT_GC blocked 61ms

D/dalvikvm(  910): WAIT_FOR_CONCURRENT_GC blocked 176ms

D/dalvikvm(  910): WAIT_FOR_CONCURRENT_GC blocked 67ms

E/JavaBinder(  910): !!! FAILED BINDER TRANSACTION !!!

D/cell strength( 1228): ===== cell singal strength changed : 99

D/KeyguardUpdateMonitor( 1110): received broadcast android.intent.action.BATTERY_CHANGED

D/KeyguardUpdateMonitor( 1110): handleBatteryUpdate

D/Brightness(24535): mIntentReceiver.onReceive: action=android.intent.action.BATTERY_CHANGED, intent=Intent { act=android.intent.action.BATTERY_CHANGED flg=0x60000010 (has extras) }

D/MainActivityBaseUi.java(24535): in brightness disabled on critical battery low

I/Monitor ( 5056): [main]onReceive at: com.aps.a$a, Intent: Intent { act=android.intent.action.BATTERY_CHANGED flg=0x60000010 (has extras) }, cost:1 ms.

D/cell strength( 1228): ===== cell singal strength changed : 99

E/JavaBinder(  910): !!! FAILED BINDER TRANSACTION !!!

D/dalvikvm( 1110): GC_CONCURRENT freed 7176K, 28% free 67703K/92924K, paused 9ms+20ms, total 139ms

V/MediaPlayer-JNI( 1110): native_finalize

V/MediaPlayer-JNI( 1110): release

V/MediaPlayer-JNI( 1110): native_finalize

V/MediaPlayer-JNI( 1110): release

V/MediaPlayer-JNI( 1110): native_finalize

V/MediaPlayer-JNI( 1110): release

E/JavaBinder(  910): !!! FAILED BINDER TRANSACTION !!!

D/        ( 1110): DFactory start

D/        ( 1110): isQmage : stream is not a Qmage file

E/JavaBinder(  910): !!! FAILED BINDER TRANSACTION !!!

I/System.out(32525): log-sender-thread-0 calls detatch()

D/dalvikvm(  910): GC_CONCURRENT freed 8211K, 48% free 93194K/176128K, paused 19ms+20ms, total 272ms

D/dalvikvm(  910): WAIT_FOR_CONCURRENT_GC blocked 164ms

D/cell strength( 1228): ===== cell singal strength changed : 99

E/JavaBinder(  910): !!! FAILED BINDER TRANSACTION !!!

D/cell strength( 1228): ===== cell singal strength changed : 99

D/cell strength( 1228): ===== cell singal strength changed : 99

E/JavaBinder(  910): !!! FAILED BINDER TRANSACTION !!!

E/JavaBinder(  910): !!! FAILED BINDER TRANSACTION !!!

I/chromium(24535): [INFO:top_sites_impl.cc(926)]  VLOG NotifyTopSitesChanged

D/dalvikvm(  910): GC_CONCURRENT freed 8191K, 48% free 93194K/176128K, paused 33ms+19ms, total 318ms

D/dalvikvm(  910): WAIT_FOR_CONCURRENT_GC blocked 161ms

D/dalvikvm(  910): WAIT_FOR_CONCURRENT_GC blocked 113ms

D/cell strength( 1228): ===== cell singal strength changed : 99

D/KeyguardUpdateMonitor( 1110): received broadcast android.intent.action.BATTERY_CHANGED

D/KeyguardUpdateMonitor( 1110): handleBatteryUpdate

D/Brightness(24535): mIntentReceiver.onReceive: action=android.intent.action.BATTERY_CHANGED, intent=Intent { act=android.intent.action.BATTERY_CHANGED flg=0x60000010 (has extras) }

D/MainActivityBaseUi.java(24535): in brightness disabled on critical battery low

I/Monitor ( 5056): [main]onReceive at: com.aps.a$a, Intent: Intent { act=android.intent.action.BATTERY_CHANGED flg=0x60000010 (has extras) }, cost:5 ms.

D/cell strength( 1228): ===== cell singal strength changed : 99

D/cell strength( 1228): ===== cell singal strength changed : 99

E/JavaBinder(  910): !!! FAILED BINDER TRANSACTION !!!

D/KeyguardUpdateMonitor( 1110): received broadcast android.intent.action.TIME_TICK

D/KeyguardUpdateMonitor( 1110): handleTimeUpdate

D/daemonapp( 7741): [MSC_Cmaweather_Daemon]>>> U:1341 [0:0] cDayONight() ::: sunrise is null 

D/daemonapp( 7741): [MSC_Cmaweather_Daemon]>>> U:1357 [0:0] cDayONight() ::: sunset is null 

D/daemonapp( 7741): [MSC_Cmaweather_Daemon]>>> WCS:90 [0:0] action:androidintentactionTIME_TICK

D/daemonapp( 7741): [MSC_Cmaweather_Daemon]>>> CWDS:83 [0:0] Act : widgetappapaccuweatherdaemonactionCHANGE_ICON_OF_DAEMON

D/comsamsunglog( 7741): [MSC_Cmaweather_Daemon]>>> ====================================================================================================================

D/comsamsunglog( 7741): [MSC_Cmaweather_Daemon]>>> daemonapp [Version : 14070101 ] [ 1 ] 

D/comsamsunglog( 7741): [MSC_Cmaweather_Daemon]>>> Header set to : ===> "daemonapp" <===

D/comsamsunglog( 7741): [MSC_Cmaweather_Daemon]>>> ====================================================================================================================

D/daemonapp( 7741): [MSC_Cmaweather_Daemon]>>> CCP:387 [0:0] Provider query : content://cmaweatherprovider/packagename

D/daemonapp( 7741): [MSC_Cmaweather_Daemon]>>> CWDS:1112 [0:0] PakNme size = 1

D/daemonapp( 7741): [MSC_Cmaweather_Daemon]>>> CCP:387 [0:0] Provider query : content://cmaweatherprovider/current_weatherinfo

D/daemonapp( 7741): [MSC_Cmaweather_Daemon]>>> CCP:387 [0:0] Provider query : content://cmaweatherprovider/current_weatherinfo

D/daemonapp( 7741): [MSC_Cmaweather_Daemon]>>> CCP:387 [0:0] Provider query : content://cmaweatherprovider/current_weatherinfo

D/daemonapp( 7741): [MSC_Cmaweather_Daemon]>>> CWDS:127 [0:0] SerStus:true,TmpS:1,AtRfr:0

D/daemonapp( 7741): [MSC_Cmaweather_Daemon]>>> CWDS:682 [0:0] ====ACTION_SEC_CHANGE_ICON_OF_DAEMON===

D/daemonapp( 7741): [MSC_Cmaweather_Daemon]>>> U:1341 [0:0] cDayONight() ::: sunrise is null 

D/daemonapp( 7741): [MSC_Cmaweather_Daemon]>>> U:1357 [0:0] cDayONight() ::: sunset is null 

D/daemonapp( 7741): [MSC_Cmaweather_Daemon]>>> CWDS:685 [0:0] checkDay:true, UtilgetIsDay():false

D/daemonapp( 7741): [MSC_Cmaweather_Daemon]>>> CCP:387 [0:0] Provider query : content://cmaweatherprovider/weatherinfo

D/cmaweather( 1544): [Cmaweather J]>>> SWW:686 [0:0] =============== BR act = androidintentactionTIME_TICK

D/cmaweather( 1544): [Cmaweather J]>>> SWW:723 [0:0] renderUpdateTime : [0] = 1

D/cmaweather( 1544): [Cmaweather J]>>> WR:471 [0:0] =============== updateTime = 1

D/cmaweather( 1544): [Cmaweather J]>>> SM:1120 [0:0] updateCurrentCityTime : [1]0/1

D/cmaweather( 1544): [Cmaweather J]>>> SM:1135 [0:0] updateCurrentCityTime , ConditionLayerWidth = 852, mConditionLayerHeight = 532

D/cmaweather( 1544): [Cmaweather J]>>> SM:1972 [0:0] drw 1nd Tm dt = 6月 30日 星期二

D/cmaweather( 1544): [Cmaweather J]>>> SM:2005 [0:0] makeTimeText[1] time :6月 30日 星期二 10:16 , new :6月 30日 星期二 10:17 

D/cmaweather( 1544): [Cmaweather J]>>> SM:2089 [0:0] uCCV : msg = -1, oT = true

D/dalvikvm( 1544): GC_FOR_ALLOC freed 1814K, 33% free 23418K/34636K, paused 39ms, total 39ms

E/JavaBinder(  910): !!! FAILED BINDER TRANSACTION !!!

D/dalvikvm(  910): GC_CONCURRENT freed 8186K, 48% free 93200K/176128K, paused 25ms+19ms, total 268ms

D/dalvikvm(  910): WAIT_FOR_CONCURRENT_GC blocked 123ms

D/dalvikvm(  910): WAIT_FOR_CONCURRENT_GC blocked 140ms

D/cell strength( 1228): ===== cell singal strength changed : 99

D/cell strength( 1228): ===== cell singal strength changed : 99

D/cell strength( 1228): ===== cell singal strength changed : 99

I/AlipayPush_ClientActionReceiver( 5189): onReceive() action=com.eg.android.AlipayGphoneRC.push.action.KEEPLIVE

I/AlipayPush_ClientActionReceiver( 5189): onReceive() networkInfo.isConnected()=true

D/pushtrack_TrackWorker_queue_51( 5189): level:Normal user:2088812469041456 tag:ClientActionReceiver_onReceive content:action=com.eg.android.AlipayGphoneRC.push.action.KEEPLIVE

I/AlipayPush_k( 5189): sendPacket()... packet.id=3

I/Monitor ( 5189): [main]onReceive at: com.alipay.pushsdk.push.ClientActionReceiver, Intent: Intent { act=com.eg.android.AlipayGphoneRC.push.action.KEEPLIVE flg=0x14 pkg=com.eg.android.AlipayGphoneRC (has extras) }, cost:7 ms.

D/pushtrack_TrackWorker_queue_51( 5189): level:Normal user:2088812469041456 tag:PacketReader_push_heart_beat content:start:1435630628350

I/AlipayPush_b( 5189): processPacket() got one HeartBeatPacket from Server!

I/AlipayPush_l( 5189): getPushKeepAliveInterval() keepAliveTime=45

D/KeyguardUpdateMonitor( 1110): received broadcast android.intent.action.BATTERY_CHANGED

D/Brightness(24535): mIntentReceiver.onReceive: action=android.intent.action.BATTERY_CHANGED, intent=Intent { act=android.intent.action.BATTERY_CHANGED flg=0x60000010 (has extras) }

D/MainActivityBaseUi.java(24535): in brightness disabled on critical battery low

I/Monitor ( 5056): [main]onReceive at: com.aps.a$a, Intent: Intent { act=android.intent.action.BATTERY_CHANGED flg=0x60000010 (has extras) }, cost:0 ms.

D/KeyguardUpdateMonitor( 1110): handleBatteryUpdate

E/JavaBinder(  910): !!! FAILED BINDER TRANSACTION !!!

D/dalvikvm( 2199): GC_CONCURRENT freed 1914K, 29% free 19132K/26880K, paused 7ms+3ms, total 68ms

D/InputReader(  910): Input event: value=1

V/Vibrator(  910): vibrateImmVibe - PUID: 1000, PackageName: android, type: 14, magType: TouchMagnitude

I/AudioPolicyManagerBase(  349): getSituationVolume: isBTConnected:0 isHeadConnected:0

V/AudioPolicyManagerBase(  349): getParamFromPolicy  deviceInt = 0, situationInt = 1, situationVolume = 0.500000

D/lights  (  910): button : 1 +

V/AudioPolicyManagerBase(  349): getOutput() device 2, stream 1, samplingRate 0, format 0, channelMask 3, flags 0

V/AudioPolicyManagerBase(  349): getOutputsForDevice device 0002 -> 0002

V/AudioPolicyManagerBase(  349): getOutput() returns output 2

V/AudioPolicyManagerBase(  349): getOutput() device 2, stream 1, samplingRate 0, format 0, channelMask 3, flags 0

V/AudioPolicyManagerBase(  349): getOutputsForDevice device 0002 -> 0002

V/AudioPolicyManagerBase(  349): getOutput() returns output 2

D/PersonaManagerService(  910):  handle back called for user 0 back true

V/AudioPolicyManagerBase(  349): getOutput() device 2, stream 1, samplingRate 48000, format 1, channelMask 1, flags 4

V/AudioPolicyManagerBase(  349): getOutputsForDevice device 0002 -> 0002

V/AudioPolicyManagerBase(  349): getOutput() returns output 2

I/InputDispatcher(  910): Delivering key to (1274): action: 0x0 (0)

V/AudioPolicyManagerBase(  349): startOutput() output 2, stream 1, session 3194

V/AudioPolicyManagerBase(  349): changeRefCount() stream 1, count 1

V/AudioPolicyManagerBase(  349): getNewDevice() selected device 2

V/AudioPolicyManagerBase(  349): setOutputDevice() output 2 device 0002 force 0 delayMs 0 

V/AudioPolicyManagerBase(  349): setOutputDevice() prevDevice (0002)

V/AudioPolicyManagerBase(  349): setOutputDevice() setting same device 0002 or null device for output 2

V/audio_hw_primary(  349): start_output_stream: enter: usecase(0: deep-buffer-playback) devices(0x2)

V/audio_hw_primary(  349): select_devices: ENTER

V/audio_hw_primary(  349): select_devices: usecase(normal)

V/audio_hw_primary(  349): select_devices: usecase(PCM_PLAYBACK)

V/msm8974_platform(  349): platform_get_output_snd_device: enter: output devices(0x2)

V/msm8974_platform(  349): get_OUTPUT_snd_device: for Normal Playback

V/msm8974_platform(  349): platform_get_output_snd_device: exit: snd_device(speaker)

D/audio_hw_primary(  349): select_devices: out_snd_device(2: speaker)

D/audio_hw_primary(  349): select_devices: in_snd_device(0: dummy)

D/ACDB-LOADER(  349): ACDB -> send_audio_cal, acdb_id = 15, path =  0

D/ACDB-LOADER(  349): ACDB -> send_adm_topology

D/ACDB-LOADER(  349): ACDB -> ACDB_CMD_GET_AUDPROC_COMMON_TOPOLOGY_ID

D/ACDB-LOADER(  349): ACDB -> send_audtable

D/ACDB-LOADER(  349): ACDB -> ACDB_CMD_GET_AUDPROC_COMMON_TABLE

D/ACDB-LOADER(  349): ACDB -> AUDIO_SET_AUDPROC_CAL

D/ACDB-LOADER(  349): ACDB -> send_audvoltable

D/ACDB-LOADER(  349): ACDB -> ACDB_CMD_GET_AUDPROC_GAIN_DEP_STEP_TABLE

D/ACDB-LOADER(  349): ACDB -> AUDIO_SET_AUDPROC_VOL_CAL

D/ACDB-LOADER(  349): ACDB -> send_afe_cal

D/ACDB-LOADER(  349): ACDB -> ACDB_CMD_GET_AFE_COMMON_TABLE

D/ACDB-LOADER(  349): ACDB -> AUDIO_SET_AFE_CAL

V/audio_hw_primary(  349): enable_snd_device: snd_device(2: speaker, speaker)

D/audio_route(  349): ++++ audio_route_update_mixer ==============

D/audio_route(  349): Setting mixer control: SPK DRV Volume, value: 8

V/AudioPolicyManagerBase(  349): releaseOutput() 2

D/audio_route(  349): Setting mixer control: RX7 Digital Volume, value: 81

D/audio_route(  349): Setting mixer control: COMP0 Switch, value: 1

D/audio_route(  349): Setting mixer control: RX7 MIX1 INP1, value: 5

D/audio_route(  349): Setting mixer control: DAC1 Switch, value: 1

D/audio_route(  349): Setting mixer control: SPK Status, value: 1

D/audio_route(  349): ------ audio_route_update_mixer ==============

V/audio_hw_primary(  349): enable_audio_route: enter: usecase(0)

V/audio_hw_primary(  349): enable_audio_route: apply mixer path: deep-buffer-playback

D/audio_route(  349): ++++ audio_route_update_mixer ==============

D/audio_route(  349): Setting mixer control: SLIMBUS_0_RX Audio Mixer MultiMedia1, value: 1

D/audio_route(  349): ------ audio_route_update_mixer ==============

V/audio_hw_primary(  349): enable_audio_route: exit

V/audio_hw_primary(  349): start_output_stream: Opening PCM device card_id(0) device_id(0)

D/lights  (  910): button : 1 -

D/lights  (  910): lcd : 26 +

V/audio_hw_primary(  349): start_output_stream: exit

D/lights  (  910): lcd : 26 -

D/lights  (  910): lcd : 92 +

D/lights  (  910): lcd : 92 -

D/lights  (  910): lcd : 126 +

D/lights  (  910): lcd : 126 -

D/lights  (  910): lcd : 159 +

D/InputReader(  910): Input event: value=0

I/InputDispatcher(  910): Delivering key to (1274): action: 0x1 (0)

D/lights  (  910): lcd : 159 -

D/lights  (  910): lcd : 192 +

D/AbsListView( 1274): onDetachedFromWindow

I/SpenGestureManager(  910): setFocusWindow21020

D/lights  (  910): lcd : 192 -

D/lights  (  910): lcd : 226 +

D/KeyguardUpdateMonitor( 1110): sendKeyguardVisibilityChanged(true)

D/KeyguardUpdateMonitor( 1110): handleKeyguardVisibilityChanged(1)

D/PointerIcon(  910): setMouseIconStyle1 pointerType: 1001iconType:101 flag:0

D/PointerIcon(  910): setMouseCustomIcon IconType is same.101

D/PointerIcon(  910): setHoveringSpenIconStyle1 pointerType: 10001iconType:1 flag:0

D/PointerIcon(  910): setHoveringSpenCustomIcon IconType is same.1

I/Keyboard.Facilitator( 6051): onFinishInput()

E/ViewRootImpl( 1274): sendUserActionEvent() mView == null

D/lights  (  910): lcd : 226 -

D/lights  (  910): lcd : 255 +

D/lights  (  910): lcd : 255 -

D/KeyguardUpdateMonitor( 1110): sendKeyguardVisibilityChanged(true)

D/KeyguardUpdateMonitor( 1110): handleKeyguardVisibilityChanged(1)

I/SurfaceFlinger(  345): id=10214 Removed Mauncher (13/45)

I/SurfaceFlinger(  345): id=10214 Removed Mauncher (-2/45)

D/KeyguardUpdateMonitor( 1110): sendKeyguardVisibilityChanged(true)

D/KeyguardUpdateMonitor( 1110): handleKeyguardVisibilityChanged(1)

E/JavaBinder(  910): !!! FAILED BINDER TRANSACTION !!!

V/AudioPolicyManagerBase(  349): stopOutput() output 2, stream 1, session 3194

V/AudioPolicyManagerBase(  349): changeRefCount() stream 1, count 0

V/AudioPolicyManagerBase(  349): getNewDevice() selected device 0

V/AudioPolicyManagerBase(  349): setOutputDevice() output 2 device 0000 force 0 delayMs 160 

V/AudioPolicyManagerBase(  349): setOutputDevice() prevDevice (0002)

V/AudioPolicyManagerBase(  349): setOutputDevice() setting same device 0000 or null device for output 2

D/lights  (  910): button : 0 +

D/lights  (  910): button : 0 -

D/dalvikvm(  910): GC_CONCURRENT freed 8199K, 48% free 93251K/176128K, paused 28ms+19ms, total 312ms

E/JavaBinder(  910): !!! FAILED BINDER TRANSACTION !!!

E/JavaBinder(  910): !!! FAILED BINDER TRANSACTION !!!

V/audio_hw_primary(  349): out_standby: enter: usecase(0: deep-buffer-playback)

V/audio_hw_primary(  349): stop_output_stream: enter: usecase(0: deep-buffer-playback)

V/audio_hw_primary(  349): disable_audio_route: enter: usecase(0)

V/audio_hw_primary(  349): disable_audio_route: reset mixer path: deep-buffer-playback

D/audio_route(  349): ++++ audio_route_update_mixer ==============

D/audio_route(  349): Setting mixer control: SLIMBUS_0_RX Audio Mixer MultiMedia1, value: 0

D/audio_route(  349): ------ audio_route_update_mixer ==============

V/audio_hw_primary(  349): disable_audio_route: exit

V/audio_hw_primary(  349): disable_snd_device: snd_device(2: speaker)

D/audio_route(  349): ++++ audio_route_update_mixer ==============

D/audio_route(  349): Setting mixer control: SPK DRV Volume, value: 0

D/audio_route(  349): Setting mixer control: RX7 Digital Volume, value: 0

D/audio_route(  349): Setting mixer control: COMP0 Switch, value: 0

D/audio_route(  349): Setting mixer control: RX7 MIX1 INP1, value: 0

D/audio_route(  349): Setting mixer control: DAC1 Switch, value: 0

D/audio_route(  349): Setting mixer control: SPK Status, value: 0

D/audio_route(  349): ------ audio_route_update_mixer ==============

V/audio_hw_primary(  349): stop_output_stream: exit: status(0)

V/audio_hw_primary(  349): out_standby: exit

D/cell strength( 1228): ===== cell singal strength changed : 99

D/cell strength( 1228): ===== cell singal strength changed : 99

D/KeyguardUpdateMonitor( 1110): received broadcast android.intent.action.BATTERY_CHANGED

D/KeyguardUpdateMonitor( 1110): handleBatteryUpdate

D/Brightness(24535): mIntentReceiver.onReceive: action=android.intent.action.BATTERY_CHANGED, intent=Intent { act=android.intent.action.BATTERY_CHANGED flg=0x60000010 (has extras) }

D/MainActivityBaseUi.java(24535): in brightness disabled on critical battery low

I/Monitor ( 5056): [main]onReceive at: com.aps.a$a, Intent: Intent { act=android.intent.action.BATTERY_CHANGED flg=0x60000010 (has extras) }, cost:1 ms.

E/JavaBinder(  910): !!! FAILED BINDER TRANSACTION !!!

E/JavaBinder(  910): !!! FAILED BINDER TRANSACTION !!!

I/chromium(24535): [INFO:top_sites_impl.cc(926)]  VLOG NotifyTopSitesChanged

D/dalvikvm(  910): GC_CONCURRENT freed 8284K, 48% free 93159K/176128K, paused 25ms+19ms, total 264ms

D/dalvikvm(  910): WAIT_FOR_CONCURRENT_GC blocked 51ms

D/cell strength( 1228): ===== cell singal strength changed : 99

D/cell strength( 1228): ===== cell singal strength changed : 99

D/KeyguardUpdateMonitor( 1110): received broadcast android.intent.action.BATTERY_CHANGED

D/KeyguardUpdateMonitor( 1110): handleBatteryUpdate

I/Monitor ( 5056): [main]onReceive at: com.aps.a$a, Intent: Intent { act=android.intent.action.BATTERY_CHANGED flg=0x60000010 (has extras) }, cost:0 ms.

D/Brightness(24535): mIntentReceiver.onReceive: action=android.intent.action.BATTERY_CHANGED, intent=Intent { act=android.intent.action.BATTERY_CHANGED flg=0x60000010 (has extras) }

D/MainActivityBaseUi.java(24535): in brightness disabled on critical battery low

E/JavaBinder(  910): !!! FAILED BINDER TRANSACTION !!!

E/JavaBinder(  910): !!! FAILED BINDER TRANSACTION !!!

D/dalvikvm(  910): GC_CONCURRENT freed 8186K, 48% free 93164K/176128K, paused 28ms+19ms, total 271ms

D/dalvikvm(  910): WAIT_FOR_CONCURRENT_GC blocked 121ms

D/cell strength( 1228): ===== cell singal strength changed : 99

D/lights  (  910): lcd : 223 +

D/lights  (  910): lcd : 223 -

D/lights  (  910): lcd : 190 +

D/lights  (  910): lcd : 190 -

D/lights  (  910): lcd : 157 +

D/lights  (  910): lcd : 157 -

D/lights  (  910): lcd : 123 +

D/lights  (  910): lcd : 123 -

D/lights  (  910): lcd : 90 +

D/lights  (  910): lcd : 90 -

D/lights  (  910): lcd : 57 +

D/lights  (  910): lcd : 57 -

D/lights  (  910): lcd : 23 +

D/lights  (  910): lcd : 23 -

D/lights  (  910): lcd : 20 +

D/lights  (  910): lcd : 20 -

E/JavaBinder(  910): !!! FAILED BINDER TRANSACTION !!!

E/JavaBinder(  910): !!! FAILED BINDER TRANSACTION !!!

D/cell strength( 1228): ===== cell singal strength changed : 99

D/KeyguardUpdateMonitor( 1110): received broadcast android.intent.action.BATTERY_CHANGED

D/KeyguardUpdateMonitor( 1110): handleBatteryUpdate

D/Brightness(24535): mIntentReceiver.onReceive: action=android.intent.action.BATTERY_CHANGED, intent=Intent { act=android.intent.action.BATTERY_CHANGED flg=0x60000010 (has extras) }

D/MainActivityBaseUi.java(24535): in brightness disabled on critical battery low

I/Monitor ( 5056): [main]onReceive at: com.aps.a$a, Intent: Intent { act=android.intent.action.BATTERY_CHANGED flg=0x60000010 (has extras) }, cost:0 ms.

E/JavaBinder(  910): !!! FAILED BINDER TRANSACTION !!!

E/JavaBinder(  910): !!! FAILED BINDER TRANSACTION !!!

D/dalvikvm(  910): GC_CONCURRENT freed 8193K, 48% free 93163K/176128K, paused 7ms+21ms, total 316ms

D/dalvikvm(  910): WAIT_FOR_CONCURRENT_GC blocked 131ms

D/dalvikvm(  910): WAIT_FOR_CONCURRENT_GC blocked 151ms

D/cell strength( 1228): ===== cell singal strength changed : 99

D/cell strength( 1228): ===== cell singal strength changed : 99

E/JavaBinder(  910): !!! FAILED BINDER TRANSACTION !!!

D/dalvikvm( 2199): GC_CONCURRENT freed 1924K, 29% free 19130K/26880K, paused 7ms+2ms, total 52ms

E/JavaBinder(  910): !!! FAILED BINDER TRANSACTION !!!

I/chromium(24535): [INFO:top_sites_impl.cc(926)]  VLOG NotifyTopSitesChanged

D/dalvikvm(  910): GC_CONCURRENT freed 8187K, 48% free 93167K/176128K, paused 20ms+20ms, total 269ms

D/dalvikvm(  910): WAIT_FOR_CONCURRENT_GC blocked 168ms

D/dalvikvm(  910): WAIT_FOR_CONCURRENT_GC blocked 86ms

D/cell strength( 1228): ===== cell singal strength changed : 99

I/AlipayPush_ClientActionReceiver( 5189): onReceive() action=com.eg.android.AlipayGphoneRC.push.action.KEEPLIVE

I/AlipayPush_ClientActionReceiver( 5189): onReceive() networkInfo.isConnected()=true

D/pushtrack_TrackWorker_queue_51( 5189): level:Normal user:2088812469041456 tag:ClientActionReceiver_onReceive content:action=com.eg.android.AlipayGphoneRC.push.action.KEEPLIVE

I/Monitor ( 5189): [main]onReceive at: com.alipay.pushsdk.push.ClientActionReceiver, Intent: Intent { act=com.eg.android.AlipayGphoneRC.push.action.KEEPLIVE flg=0x14 pkg=com.eg.android.AlipayGphoneRC (has extras) }, cost:6 ms.

I/AlipayPush_k( 5189): sendPacket()... packet.id=3

D/pushtrack_TrackWorker_queue_51( 5189): level:Normal user:2088812469041456 tag:PacketReader_push_heart_beat content:start:1435630673419

I/AlipayPush_b( 5189): processPacket() got one HeartBeatPacket from Server!

I/AlipayPush_l( 5189): getPushKeepAliveInterval() keepAliveTime=45

D/KeyguardUpdateMonitor( 1110): received broadcast android.intent.action.BATTERY_CHANGED

I/Monitor ( 5056): [main]onReceive at: com.aps.a$a, Intent: Intent { act=android.intent.action.BATTERY_CHANGED flg=0x60000010 (has extras) }, cost:0 ms.

D/KeyguardUpdateMonitor( 1110): handleBatteryUpdate

D/Brightness(24535): mIntentReceiver.onReceive: action=android.intent.action.BATTERY_CHANGED, intent=Intent { act=android.intent.action.BATTERY_CHANGED flg=0x60000010 (has extras) }

D/MainActivityBaseUi.java(24535): in brightness disabled on critical battery low

E/JavaBinder(  910): !!! FAILED BINDER TRANSACTION !!!

E/JavaBinder(  910): !!! FAILED BINDER TRANSACTION !!!

D/cell strength( 1228): ===== cell singal strength changed : 99

D/NetEasePushService_PushServiceNews_V1(  767): onStartCommand()...

D/NetEasePushService_PushServiceNews_V1(  767): prepareStart()...

D/NetEasePushService_PushServiceNews_V1(  767): Heartbeat receiver is running...

D/NetEasePushService_PushServiceNews_V1(  767): sendHeartBeat()...

D/NetEasePushService_PushServiceNews_V1(  767): send heat beat message to server.

D/NetEasePushService_PushServiceNews_V1(  767): setAlarm()...

D/NetEasePushService_PushServiceNews_V1(  767): send()...

D/NetEasePushService_PushServiceNews_V1(  767): send topic: ping domain: null message : {}

D/NetEasePushService_PushServiceNews_V1(  767): acquireWakeLock()...

D/NetEasePushService_PushServiceNews_V1(  767): Acquiring wake lock

D/NetEasePushService_PushServiceNews_V1(  767): releaseWakeLock()...

I/NetEasePushService_PushServiceNews_V1(  767): heart beat interval is now: 240000ms

D/NetEasePushService_PushServiceNews_V1(  767): setAlarm()...

D/NetEasePushService_PushServiceNews_V1(  767): heat beat has sent 0 round normally, heartbeat interval is now: 240000ms

D/NetEasePushService_PushServiceNews_V1(  767): publishArrived()...

D/NetEasePushService_PushServiceNews_V1(  767): topic : pong message: 

D/NetEasePushService_PushServiceNews_V1(  767): it is a heartbeat ack message

D/NetEasePushService_PushServiceNews_V1(  767): cancelAlarm()...

E/JavaBinder(  910): !!! FAILED BINDER TRANSACTION !!!

E/JavaBinder(  910): !!! FAILED BINDER TRANSACTION !!!

D/KeyguardUpdateMonitor( 1110): received broadcast android.intent.action.TIME_TICK

D/KeyguardUpdateMonitor( 1110): handleTimeUpdate

D/daemonapp( 7741): [MSC_Cmaweather_Daemon]>>> U:1341 [0:0] cDayONight() ::: sunrise is null 

D/daemonapp( 7741): [MSC_Cmaweather_Daemon]>>> U:1357 [0:0] cDayONight() ::: sunset is null 

D/daemonapp( 7741): [MSC_Cmaweather_Daemon]>>> WCS:90 [0:0] action:androidintentactionTIME_TICK

D/daemonapp( 7741): [MSC_Cmaweather_Daemon]>>> CWDS:83 [0:0] Act : widgetappapaccuweatherdaemonactionCHANGE_ICON_OF_DAEMON

D/comsamsunglog( 7741): [MSC_Cmaweather_Daemon]>>> ====================================================================================================================

D/comsamsunglog( 7741): [MSC_Cmaweather_Daemon]>>> daemonapp [Version : 14070101 ] [ 1 ] 

D/comsamsunglog( 7741): [MSC_Cmaweather_Daemon]>>> Header set to : ===> "daemonapp" <===

D/comsamsunglog( 7741): [MSC_Cmaweather_Daemon]>>> ====================================================================================================================

D/daemonapp( 7741): [MSC_Cmaweather_Daemon]>>> CCP:387 [0:0] Provider query : content://cmaweatherprovider/packagename

D/daemonapp( 7741): [MSC_Cmaweather_Daemon]>>> CWDS:1112 [0:0] PakNme size = 1

D/daemonapp( 7741): [MSC_Cmaweather_Daemon]>>> CCP:387 [0:0] Provider query : content://cmaweatherprovider/current_weatherinfo

D/daemonapp( 7741): [MSC_Cmaweather_Daemon]>>> CCP:387 [0:0] Provider query : content://cmaweatherprovider/current_weatherinfo

D/daemonapp( 7741): [MSC_Cmaweather_Daemon]>>> CCP:387 [0:0] Provider query : content://cmaweatherprovider/current_weatherinfo

D/daemonapp( 7741): [MSC_Cmaweather_Daemon]>>> CWDS:127 [0:0] SerStus:true,TmpS:1,AtRfr:0

D/daemonapp( 7741): [MSC_Cmaweather_Daemon]>>> CWDS:682 [0:0] ====ACTION_SEC_CHANGE_ICON_OF_DAEMON===

D/daemonapp( 7741): [MSC_Cmaweather_Daemon]>>> U:1341 [0:0] cDayONight() ::: sunrise is null 

D/daemonapp( 7741): [MSC_Cmaweather_Daemon]>>> U:1357 [0:0] cDayONight() ::: sunset is null 

D/daemonapp( 7741): [MSC_Cmaweather_Daemon]>>> CWDS:685 [0:0] checkDay:true, UtilgetIsDay():false

D/daemonapp( 7741): [MSC_Cmaweather_Daemon]>>> CCP:387 [0:0] Provider query : content://cmaweatherprovider/weatherinfo

D/cmaweather( 1544): [Cmaweather J]>>> SWW:686 [0:0] =============== BR act = androidintentactionTIME_TICK

D/cmaweather( 1544): [Cmaweather J]>>> SWW:723 [0:0] renderUpdateTime : [0] = 1

D/cmaweather( 1544): [Cmaweather J]>>> WR:471 [0:0] =============== updateTime = 1

D/cmaweather( 1544): [Cmaweather J]>>> SM:1120 [0:0] updateCurrentCityTime : [1]0/1

D/cmaweather( 1544): [Cmaweather J]>>> SM:1135 [0:0] updateCurrentCityTime , ConditionLayerWidth = 852, mConditionLayerHeight = 532

D/cmaweather( 1544): [Cmaweather J]>>> SM:1972 [0:0] drw 1nd Tm dt = 6月 30日 星期二

D/cmaweather( 1544): [Cmaweather J]>>> SM:2005 [0:0] makeTimeText[1] time :6月 30日 星期二 10:17 , new :6月 30日 星期二 10:18 

D/cmaweather( 1544): [Cmaweather J]>>> SM:2089 [0:0] uCCV : msg = -1, oT = true

E/JavaBinder(  910): !!! FAILED BINDER TRANSACTION !!!

D/dalvikvm( 1544): GC_FOR_ALLOC freed 1815K, 33% free 23418K/34636K, paused 38ms, total 38ms

D/dalvikvm(  910): GC_CONCURRENT freed 8189K, 48% free 93170K/176128K, paused 24ms+20ms, total 261ms

D/dalvikvm(  910): WAIT_FOR_CONCURRENT_GC blocked 51ms

D/dalvikvm(  910): WAIT_FOR_CONCURRENT_GC blocked 56ms

E/JavaBinder(  910): !!! FAILED BINDER TRANSACTION !!!

D/cell strength( 1228): ===== cell singal strength changed : 99

