--------- beginning of /dev/log/main

I/AnalyticsThread( 9490): REPORT_STRATEGY_START

I/emmlog  ( 9490): ---zyp test debug start---

I/emmlog  ( 9490): getST: from LocalStorage---4cafc6940cf3f0f9979c2a3a03a3441a

I/emmlog  ( 9490): ---zyp test debug end---

I/emmAnalytics( 9490): url = http://mumobile30.ceair.com/appIn//anEvent/byFile/4cafc6940cf3f0f9979c2a3a03a3441a

I/emmAnalytics( 9490): data == 2;LOGIN;2015-6-30 11:14:25;[loginDN:联合办公,pfName:android]

I/emmAnalytics( 9490): 0;index.html;login_content.html;2015-6-30 11:14:26;2015-6-30 11:14:26;0;0;1

I/emmAnalytics( 9490): 0;index.html;login_content.html;2015-6-30 11:14:26;2015-6-30 11:14:26;0;0;1

I/emmAnalytics( 9490): 0;index.html;login_content.html;2015-6-30 11:14:26;2015-6-30 11:14:26;0;0;1

I/emmAnalytics( 9490): 0;application;index.html;2015-6-30 11:14:22;2015-6-30 11:14:52;0;2;0

I/emmAnalytics( 9490): 0;index.html;login_content.html;2015-6-30 11:14:26;2015-6-30 11:14:52;0;0;1

I/emmAnalytics( 9490): responesCode == 200

I/System.out( 9490): AppCan-Analytics calls detatch()

I/emmAnalytics( 9490): res == {"status":"success","info":"","content":""}

D/debug   ( 9490): REPORT_STRATEGY_START res == {"status":"success","info":"","content":""}

I/EMMLog  ( 9490): getAccessTokenByAppId success

D/zyp     ( 9490): EMMEngineEventListener onPopupOpen

I/emmlog  ( 9490): AnalyticsFrequency High: 200

D/EMMAnalysis( 9490): setStartView == index.html==login_content.html

V/audio_hw_primary(  349): out_standby: enter: usecase(0: deep-buffer-playback)

D/EUExInfoCenter( 9490): EUExInfoCenter()

D/zyp     ( 9490): EMMEngineEventListener onPopupOpen

I/emmlog  ( 9490): AnalyticsFrequency High: 200

D/EMMAnalysis( 9490): setStartView == index.html==login_content.html

D/zyp     ( 9490): EMMEngineEventListener onPopupClose

I/emmlog  ( 9490): AnalyticsFrequency High: 200

D/EMMAnalysis( 9490): setEndView == login_content.html

D/zyp     ( 9490): EMMEngineEventListener onPopupOpen

D/EMMAnalysis( 9490): setStartView == index.html==login_content.html

D/debug   ( 9490): oldData + data == 0;index.html;login_content.html;2015-6-30 11:16:39;2015-6-30 11:16:39;0;0;1


I/emmlog  ( 9490): AnalyticsFrequency High: 200

D/dalvikvm( 9490): GC_FOR_ALLOC freed 2136K, 17% free 42464K/50868K, paused 26ms, total 26ms

I/dalvikvm-heap( 9490): Grow heap (frag case) to 52.844MB for 7970416-byte allocation

W/AwContents( 9490): nativeOnDraw failed; clearing to background color.

W/chromium( 9490): [WARNING:resource_bundle.cc(368)] Unable to load image with id 5746

W/chromium( 9490): [WARNING:resource_bundle.cc(368)] Unable to load image with id 5746

I/System.out( 9490): clean

I/System.out( 9490): FileBrowser==clean

I/System.out( 9490): window removed

I/System.out( 9490): FileBrowser==closeorg.zywx.wbpalmstar.plugin.uexfilebrowser.EUExFileBrowser@42e41908

I/System.out( 9490): clean

I/System.out( 9490): FileBrowser==clean

I/System.out( 9490): window removed

I/System.out( 9490): FileBrowser==closeorg.zywx.wbpalmstar.plugin.uexfilebrowser.EUExFileBrowser@42e41908

V/audio_hw_primary(  349): stop_output_stream: enter: usecase(0: deep-buffer-playback)

V/audio_hw_primary(  349): disable_audio_route: enter: usecase(0)

V/audio_hw_primary(  349): disable_audio_route: reset mixer path: deep-buffer-playback

D/audio_route(  349): ++++ audio_route_update_mixer ==============

D/audio_route(  349): Setting mixer control: SLIMBUS_0_RX Audio Mixer MultiMedia1, value: 0

D/audio_route(  349): ------ audio_route_update_mixer ==============

V/audio_hw_primary(  349): disable_audio_route: exit

V/audio_hw_primary(  349): disable_snd_device: snd_device(2: speaker)

D/audio_route(  349): ++++ audio_route_update_mixer ==============

D/audio_route(  349): Setting mixer control: SPK DRV Volume, value: 0

D/audio_route(  349): Setting mixer control: RX7 Digital Volume, value: 0

D/audio_route(  349): Setting mixer control: COMP0 Switch, value: 0

D/audio_route(  349): Setting mixer control: RX7 MIX1 INP1, value: 0

D/audio_route(  349): Setting mixer control: DAC1 Switch, value: 0

D/audio_route(  349): Setting mixer control: SPK Status, value: 0

D/audio_route(  349): ------ audio_route_update_mixer ==============

V/audio_hw_primary(  349): stop_output_stream: exit: status(0)

V/audio_hw_primary(  349): out_standby: exit

I/chromium( 9490): [INFO:CONSOLE(7)] "The key "target-densitydpi" is not supported.", source: file:///data/data/org.zywx.wbpalmstar.widgetone.uexsdk10098/files/widget/login_content.html (7)

I/EMMAnalyticsThread( 9490): initProgressDialog

I/EMMAnalyticsThread( 9490): closeProgressDialog

W/WebView ( 9490): java.lang.Throwable: A WebView method was called on thread 'JavaBridge'. All WebView methods must be called on the same thread. (Expected Looper Looper (main, tid 1) {42b95740} called on Looper (JavaBridge, tid 20113) {42ca3208}, FYI main Looper is Looper (main, tid 1) {42b95740})

W/WebView ( 9490): 	at android.webkit.WebView.checkThread(WebView.java:2085)

W/WebView ( 9490): 	at android.webkit.WebView.getUrl(WebView.java:1237)

W/WebView ( 9490): 	at org.zywx.wbpalmstar.engine.EBrowserWindow.q(Unknown Source)

W/WebView ( 9490): 	at org.zywx.wbpalmstar.engine.EBrowserView.getCurrentUrl(Unknown Source)

W/WebView ( 9490): 	at org.zywx.wbpalmstar.plugin.uexfilemgr.EUExFileMgr.getFileRealPath(EUExFileMgr.java:889)

W/WebView ( 9490): 	at com.android.org.chromium.base.SystemMessageHandler.nativeDoRunLoopOnce(Native Method)

W/WebView ( 9490): 	at com.android.org.chromium.base.SystemMessageHandler.handleMessage(SystemMessageHandler.java:24)

W/WebView ( 9490): 	at android.os.Handler.dispatchMessage(Handler.java:102)

W/WebView ( 9490): 	at android.os.Looper.loop(Looper.java:146)

W/WebView ( 9490): 	at android.os.HandlerThread.run(HandlerThread.java:61)

D/        ( 9490): DFactory start

D/        ( 9490): isQmage : stream is not a Qmage file

D/        ( 9490): DFactory start

D/        ( 9490): isQmage : stream is not a Qmage file

D/        ( 9490): DFactory start

D/        ( 9490): isQmage : stream is not a Qmage file

D/AbsListView( 9490): Get MotionRecognitionManager

E/JavaBinder(  910): !!! FAILED BINDER TRANSACTION !!!

E/cutils  (  324): Failed to mkdirat(/storage/extSdCard/Android): Read-only file system

W/ContextImpl( 9490): Failed to ensure directory: /storage/extSdCard/Android/data/org.zywx.wbpalmstar.widgetone.uexsdk10098/cache

E/cutils  (  324): Failed to mkdirat(/storage/extSdCard/Android): Read-only file system

W/ContextImpl( 9490): Failed to ensure directory: /storage/extSdCard/Android/data/org.zywx.wbpalmstar.widgetone.uexsdk10098/cache

W/ResourceType( 9490): No known package when getting value for resource number 0xffffffff

D/ImageCache( 9490): Memory cache created (size = 32768)

D/ImageWorker( 9490): doInBackground - starting work

D/ImageCache( 9490): Disk cache initialized

D/ImageFetcher( 9490): HTTP cache initialized

D/ImageFetcher( 9490): processBitmap - [{"icon":"http:\/\/mumobile30.ceair.com\/ceair\/lianhe.png","item":"联合办公"},{"icon":"http:\/\/mumobile30.ceair.com\/ceair\/feixing.png","item":"飞行"},{"icon":"http:\/\/mumobile30.ceair.com\/ceair\/yingxiao.png","item":"营销"},{"icon":"http:\/\/mumobile30.ceair.com\/ceair\/chengwu.png","item":"乘务"},{"icon":"http:\/\/mumobile30.ceair.com\/ceair\/jiwu.png","item":"机务"},{"icon":"http:\/\/mumobile30.ceair.com\/ceair\/difu.png","item":"地服"},{"icon":"http:\/\/mumobile30.ceair.com\/ceair\/yunxing.png","item":"空保"}]

D/ImageFetcher( 9490): processBitmap, not found in http cache, downloading...

E/ImageFetcher( 9490): Error in downloadBitmap - java.net.MalformedURLException: Protocol not found: [{"icon":"http:\/\/mumobile30.ceair.com\/ceair\/lianhe.png","item":"联合办公"},{"icon":"http:\/\/mumobile30.ceair.com\/ceair\/feixing.png","item":"飞行"},{"icon":"http:\/\/mumobile30.ceair.com\/ceair\/yingxiao.png","item":"营销"},{"icon":"http:\/\/mumobile30.ceair.com\/ceair\/chengwu.png","item":"乘务"},{"icon":"http:\/\/mumobile30.ceair.com\/ceair\/jiwu.png","item":"机务"},{"icon":"http:\/\/mumobile30.ceair.com\/ceair\/difu.png","item":"地服"},{"icon":"http:\/\/mumobile30.ceair.com\/ceair\/yunxing.png","item":"空保"}]

D/dalvikvm( 9490): GC_CONCURRENT freed 16476K, 42% free 34210K/58652K, paused 5ms+3ms, total 33ms

D/ImageWorker( 9490): doInBackground - finished work

D/        ( 9490): DFactory start

D/        ( 9490): isQmage : stream is not a Qmage file

D/ImageWorker( 9490): doInBackground - starting work

D/ImageCache( 9490): Disk cache hit

D/        ( 9490): DFactory start

D/        ( 9490): isQmage : stream is not a Qmage file

D/        ( 9490): DFactory start

D/        ( 9490): isQmage : stream is not a Qmage file

D/ImageWorker( 9490): doInBackground - finished work

D/ImageWorker( 9490): doInBackground - starting work

D/ImageCache( 9490): Disk cache hit

D/        ( 9490): DFactory start

D/        ( 9490): isQmage : stream is not a Qmage file

D/        ( 9490): DFactory start

D/        ( 9490): isQmage : stream is not a Qmage file

D/ImageWorker( 9490): doInBackground - finished work

D/ImageWorker( 9490): doInBackground - starting work

D/ImageCache( 9490): Disk cache hit

D/ImageWorker( 9490): doInBackground - starting work

D/        ( 9490): DFactory start

D/        ( 9490): isQmage : stream is not a Qmage file

D/        ( 9490): DFactory start

D/        ( 9490): isQmage : stream is not a Qmage file

D/ImageCache( 9490): Disk cache hit

D/        ( 9490): DFactory start

D/        ( 9490): isQmage : stream is not a Qmage file

D/        ( 9490): DFactory start

D/        ( 9490): isQmage : stream is not a Qmage file

D/ImageWorker( 9490): doInBackground - finished work

D/ImageWorker( 9490): doInBackground - starting work

D/ImageWorker( 9490): doInBackground - finished work

D/ImageWorker( 9490): doInBackground - starting work

D/ImageCache( 9490): Disk cache hit

D/        ( 9490): DFactory start

D/        ( 9490): isQmage : stream is not a Qmage file

D/        ( 9490): DFactory start

D/        ( 9490): isQmage : stream is not a Qmage file

D/ImageCache( 9490): Disk cache hit

D/        ( 9490): DFactory start

D/        ( 9490): isQmage : stream is not a Qmage file

D/        ( 9490): DFactory start

D/        ( 9490): isQmage : stream is not a Qmage file

D/ImageWorker( 9490): doInBackground - finished work

D/ImageWorker( 9490): doInBackground - starting work

D/ImageWorker( 9490): doInBackground - finished work

D/ImageFetcher( 9490): processBitmap - http://mumobile30.ceair.com/ceair/yunxing.png

D/ImageFetcher( 9490): processBitmap, not found in http cache, downloading...

D/ImageWorker( 9490): onPostExecute - setting bitmap

D/ImageWorker( 9490): onPostExecute - setting bitmap

D/ImageWorker( 9490): onPostExecute - setting bitmap

D/ImageWorker( 9490): onPostExecute - setting bitmap

D/ImageWorker( 9490): onPostExecute - setting bitmap

D/ImageWorker( 9490): onPostExecute - setting bitmap

D/        ( 9490): DFactory start

D/        ( 9490): isQmage : stream is not a Qmage file

D/        ( 9490): DFactory start

D/        ( 9490): isQmage : stream is not a Qmage file

D/ImageWorker( 9490): doInBackground - finished work

D/ImageWorker( 9490): onPostExecute - setting bitmap

D/dalvikvm( 2199): GC_CONCURRENT freed 1936K, 27% free 19641K/26880K, paused 3ms+3ms, total 44ms

E/JavaBinder(  910): !!! FAILED BINDER TRANSACTION !!!

D/dalvikvm(  910): GC_CONCURRENT freed 17164K, 49% free 90117K/176128K, paused 26ms+21ms, total 314ms

D/dalvikvm(  910): WAIT_FOR_CONCURRENT_GC blocked 219ms

D/dalvikvm(  910): WAIT_FOR_CONCURRENT_GC blocked 111ms

D/dalvikvm(  910): WAIT_FOR_CONCURRENT_GC blocked 173ms

D/cell strength( 1228): ===== cell singal strength changed : 99

E/JavaBinder(  910): !!! FAILED BINDER TRANSACTION !!!

D/cell strength( 1228): ===== cell singal strength changed : 99

D/KeyguardUpdateMonitor( 1110): received broadcast android.intent.action.BATTERY_CHANGED

D/KeyguardUpdateMonitor( 1110): handleBatteryUpdate

D/Brightness(24535): mIntentReceiver.onReceive: action=android.intent.action.BATTERY_CHANGED, intent=Intent { act=android.intent.action.BATTERY_CHANGED flg=0x60000010 (has extras) }

D/MainActivityBaseUi.java(24535): in brightness disabled on critical battery low

I/Monitor ( 5056): [main]onReceive at: com.aps.a$a, Intent: Intent { act=android.intent.action.BATTERY_CHANGED flg=0x60000010 (has extras) }, cost:0 ms.

D/dalvikvm( 5471): GC_CONCURRENT freed 3031K, 28% free 19488K/26876K, paused 3ms+4ms, total 63ms

E/JavaBinder(  910): !!! FAILED BINDER TRANSACTION !!!

E/JavaBinder(  910): !!! FAILED BINDER TRANSACTION !!!

D/dalvikvm(  910): GC_CONCURRENT freed 8251K, 49% free 90057K/176128K, paused 19ms+20ms, total 258ms

D/dalvikvm(  910): WAIT_FOR_CONCURRENT_GC blocked 153ms

D/dalvikvm( 7827): GC_CONCURRENT freed 2348K, 22% free 21145K/26876K, paused 7ms+1ms, total 78ms

E/JavaBinder(  910): !!! FAILED BINDER TRANSACTION !!!

D/cell strength( 1228): ===== cell singal strength changed : 99

I/chromium(24535): [INFO:top_sites_impl.cc(926)]  VLOG NotifyTopSitesChanged

E/JavaBinder(  910): !!! FAILED BINDER TRANSACTION !!!

I/emmlog  ( 9490): AnalyticsFrequency Low: 5000

D/cell strength( 1228): ===== cell singal strength changed : 99

D/KeyguardUpdateMonitor( 1110): received broadcast android.intent.action.BATTERY_CHANGED

D/KeyguardUpdateMonitor( 1110): handleBatteryUpdate

D/Brightness(24535): mIntentReceiver.onReceive: action=android.intent.action.BATTERY_CHANGED, intent=Intent { act=android.intent.action.BATTERY_CHANGED flg=0x60000010 (has extras) }

D/MainActivityBaseUi.java(24535): in brightness disabled on critical battery low

I/Monitor ( 5056): [main]onReceive at: com.aps.a$a, Intent: Intent { act=android.intent.action.BATTERY_CHANGED flg=0x60000010 (has extras) }, cost:1 ms.

D/lights  (  910): lcd : 223 +

D/lights  (  910): lcd : 223 -

D/lights  (  910): lcd : 190 +

D/lights  (  910): lcd : 190 -

D/lights  (  910): lcd : 156 +

D/lights  (  910): lcd : 156 -

D/lights  (  910): lcd : 123 +

D/lights  (  910): lcd : 123 -

D/lights  (  910): lcd : 90 +

D/lights  (  910): lcd : 90 -

D/lights  (  910): lcd : 56 +

D/lights  (  910): lcd : 56 -

D/lights  (  910): lcd : 23 +

D/lights  (  910): lcd : 23 -

D/lights  (  910): lcd : 20 +

D/lights  (  910): lcd : 20 -

D/KeyguardUpdateMonitor( 1110): received broadcast android.intent.action.TIME_TICK

D/KeyguardUpdateMonitor( 1110): handleTimeUpdate

D/daemonapp( 9256): [MSC_Cmaweather_Daemon]>>> U:1341 [0:0] cDayONight() ::: sunrise is null 

D/daemonapp( 9256): [MSC_Cmaweather_Daemon]>>> U:1357 [0:0] cDayONight() ::: sunset is null 

D/daemonapp( 9256): [MSC_Cmaweather_Daemon]>>> WCS:90 [0:0] action:androidintentactionTIME_TICK

D/daemonapp( 9256): [MSC_Cmaweather_Daemon]>>> CWDS:83 [0:0] Act : widgetappapaccuweatherdaemonactionCHANGE_ICON_OF_DAEMON

D/comsamsunglog( 9256): [MSC_Cmaweather_Daemon]>>> ====================================================================================================================

D/comsamsunglog( 9256): [MSC_Cmaweather_Daemon]>>> daemonapp [Version : 14070101 ] [ 1 ] 

D/comsamsunglog( 9256): [MSC_Cmaweather_Daemon]>>> Header set to : ===> "daemonapp" <===

D/comsamsunglog( 9256): [MSC_Cmaweather_Daemon]>>> ====================================================================================================================

D/daemonapp( 9256): [MSC_Cmaweather_Daemon]>>> CCP:387 [0:0] Provider query : content://cmaweatherprovider/packagename

D/daemonapp( 9256): [MSC_Cmaweather_Daemon]>>> CWDS:1112 [0:0] PakNme size = 1

D/daemonapp( 9256): [MSC_Cmaweather_Daemon]>>> CCP:387 [0:0] Provider query : content://cmaweatherprovider/current_weatherinfo

D/daemonapp( 9256): [MSC_Cmaweather_Daemon]>>> CCP:387 [0:0] Provider query : content://cmaweatherprovider/current_weatherinfo

D/daemonapp( 9256): [MSC_Cmaweather_Daemon]>>> CCP:387 [0:0] Provider query : content://cmaweatherprovider/current_weatherinfo

D/daemonapp( 9256): [MSC_Cmaweather_Daemon]>>> CWDS:127 [0:0] SerStus:true,TmpS:1,AtRfr:0

D/daemonapp( 9256): [MSC_Cmaweather_Daemon]>>> CWDS:682 [0:0] ====ACTION_SEC_CHANGE_ICON_OF_DAEMON===

D/daemonapp( 9256): [MSC_Cmaweather_Daemon]>>> U:1341 [0:0] cDayONight() ::: sunrise is null 

D/daemonapp( 9256): [MSC_Cmaweather_Daemon]>>> U:1357 [0:0] cDayONight() ::: sunset is null 

D/daemonapp( 9256): [MSC_Cmaweather_Daemon]>>> CWDS:685 [0:0] checkDay:true, UtilgetIsDay():false

D/daemonapp( 9256): [MSC_Cmaweather_Daemon]>>> CCP:387 [0:0] Provider query : content://cmaweatherprovider/weatherinfo

D/dalvikvm(  910): GC_CONCURRENT freed 8223K, 49% free 90026K/176128K, paused 28ms+20ms, total 276ms

D/dalvikvm(  910): WAIT_FOR_CONCURRENT_GC blocked 97ms

E/JavaBinder(  910): !!! FAILED BINDER TRANSACTION !!!

E/JavaBinder(  910): !!! FAILED BINDER TRANSACTION !!!

D/cell strength( 1228): ===== cell singal strength changed : 99

D/dalvikvm(  910): GC_CONCURRENT freed 8194K, 49% free 90024K/176128K, paused 22ms+20ms, total 266ms

D/dalvikvm(  910): WAIT_FOR_CONCURRENT_GC blocked 132ms

D/dalvikvm(  910): WAIT_FOR_CONCURRENT_GC blocked 75ms

E/JavaBinder(  910): !!! FAILED BINDER TRANSACTION !!!

D/cell strength( 1228): ===== cell singal strength changed : 99

E/JavaBinder(  910): !!! FAILED BINDER TRANSACTION !!!

D/KeyguardUpdateMonitor( 1110): received broadcast android.intent.action.BATTERY_CHANGED

D/KeyguardUpdateMonitor( 1110): handleBatteryUpdate

D/Brightness(24535): mIntentReceiver.onReceive: action=android.intent.action.BATTERY_CHANGED, intent=Intent { act=android.intent.action.BATTERY_CHANGED flg=0x60000010 (has extras) }

D/MainActivityBaseUi.java(24535): in brightness disabled on critical battery low

I/Monitor ( 5056): [main]onReceive at: com.aps.a$a, Intent: Intent { act=android.intent.action.BATTERY_CHANGED flg=0x60000010 (has extras) }, cost:1 ms.

D/dalvikvm(  910): GC_CONCURRENT freed 8189K, 49% free 90027K/176128K, paused 24ms+19ms, total 267ms

D/dalvikvm(  910): WAIT_FOR_CONCURRENT_GC blocked 156ms

D/cell strength( 1228): ===== cell singal strength changed : 99

D/dalvikvm( 2199): GC_CONCURRENT freed 1924K, 27% free 19666K/26880K, paused 7ms+3ms, total 51ms

E/JavaBinder(  910): !!! FAILED BINDER TRANSACTION !!!

I/chromium(24535): [INFO:top_sites_impl.cc(926)]  VLOG NotifyTopSitesChanged

E/JavaBinder(  910): !!! FAILED BINDER TRANSACTION !!!

D/cell strength( 1228): ===== cell singal strength changed : 99

D/KeyguardUpdateMonitor( 1110): received broadcast android.intent.action.BATTERY_CHANGED

D/KeyguardUpdateMonitor( 1110): handleBatteryUpdate

D/Brightness(24535): mIntentReceiver.onReceive: action=android.intent.action.BATTERY_CHANGED, intent=Intent { act=android.intent.action.BATTERY_CHANGED flg=0x60000010 (has extras) }

D/MainActivityBaseUi.java(24535): in brightness disabled on critical battery low

I/Monitor ( 5056): [main]onReceive at: com.aps.a$a, Intent: Intent { act=android.intent.action.BATTERY_CHANGED flg=0x60000010 (has extras) }, cost:0 ms.

D/cell strength( 1228): ===== cell singal strength changed : 99

D/dalvikvm(  910): GC_CONCURRENT freed 8188K, 49% free 90030K/176128K, paused 21ms+19ms, total 265ms

D/dalvikvm(  910): WAIT_FOR_CONCURRENT_GC blocked 61ms

D/cell strength( 1228): ===== cell singal strength changed : 99

E/JavaBinder(  910): !!! FAILED BINDER TRANSACTION !!!

E/JavaBinder(  910): !!! FAILED BINDER TRANSACTION !!!

D/cell strength( 1228): ===== cell singal strength changed : 99

D/KeyguardUpdateMonitor( 1110): received broadcast android.intent.action.BATTERY_CHANGED

D/KeyguardUpdateMonitor( 1110): handleBatteryUpdate

D/Brightness(24535): mIntentReceiver.onReceive: action=android.intent.action.BATTERY_CHANGED, intent=Intent { act=android.intent.action.BATTERY_CHANGED flg=0x60000010 (has extras) }

D/MainActivityBaseUi.java(24535): in brightness disabled on critical battery low

I/Monitor ( 5056): [main]onReceive at: com.aps.a$a, Intent: Intent { act=android.intent.action.BATTERY_CHANGED flg=0x60000010 (has extras) }, cost:1 ms.

D/cell strength( 1228): ===== cell singal strength changed : 99

I/Keyboard.Facilitator.LanguageModelFlusher( 6051): run()

I/Keyboard.Facilitator( 6051): flushDynamicLanguageModels()

W/GooglePlayServicesUtil( 6051): Google Play services is missing.

W/DecoderFlagGetter( 6051): Cannot get gconfig value, GMS not available

E/JavaBinder(  910): !!! FAILED BINDER TRANSACTION !!!

D/dalvikvm(  910): GC_CONCURRENT freed 8197K, 49% free 90025K/176128K, paused 22ms+19ms, total 269ms

D/dalvikvm(  910): WAIT_FOR_CONCURRENT_GC blocked 154ms

D/dalvikvm(  910): WAIT_FOR_CONCURRENT_GC blocked 209ms

E/JavaBinder(  910): !!! FAILED BINDER TRANSACTION !!!

D/cell strength( 1228): ===== cell singal strength changed : 99

E/JavaBinder(  910): !!! FAILED BINDER TRANSACTION !!!

E/JavaBinder(  910): !!! FAILED BINDER TRANSACTION !!!

D/cell strength( 1228): ===== cell singal strength changed : 99

E/JavaBinder(  910): !!! FAILED BINDER TRANSACTION !!!

E/JavaBinder(  910): !!! FAILED BINDER TRANSACTION !!!

E/JavaBinder(  910): !!! FAILED BINDER TRANSACTION !!!

E/JavaBinder(  910): !!! FAILED BINDER TRANSACTION !!!

D/KeyguardUpdateMonitor( 1110): received broadcast android.intent.action.BATTERY_CHANGED

D/KeyguardUpdateMonitor( 1110): handleBatteryUpdate

I/Monitor ( 5056): [main]onReceive at: com.aps.a$a, Intent: Intent { act=android.intent.action.BATTERY_CHANGED flg=0x60000010 (has extras) }, cost:1 ms.

D/Brightness(24535): mIntentReceiver.onReceive: action=android.intent.action.BATTERY_CHANGED, intent=Intent { act=android.intent.action.BATTERY_CHANGED flg=0x60000010 (has extras) }

D/MainActivityBaseUi.java(24535): in brightness disabled on critical battery low

D/dalvikvm(  910): GC_CONCURRENT freed 8189K, 49% free 90028K/176128K, paused 25ms+27ms, total 325ms

D/dalvikvm(  910): WAIT_FOR_CONCURRENT_GC blocked 199ms

D/dalvikvm(  910): WAIT_FOR_CONCURRENT_GC blocked 87ms

E/JavaBinder(  910): !!! FAILED BINDER TRANSACTION !!!

I/chromium(24535): [INFO:top_sites_impl.cc(926)]  VLOG NotifyTopSitesChanged

E/JavaBinder(  910): !!! FAILED BINDER TRANSACTION !!!

E/JavaBinder(  910): !!! FAILED BINDER TRANSACTION !!!

E/JavaBinder(  910): !!! FAILED BINDER TRANSACTION !!!

D/KeyguardUpdateMonitor( 1110): received broadcast android.intent.action.BATTERY_CHANGED

D/KeyguardUpdateMonitor( 1110): handleBatteryUpdate

D/Brightness(24535): mIntentReceiver.onReceive: action=android.intent.action.BATTERY_CHANGED, intent=Intent { act=android.intent.action.BATTERY_CHANGED flg=0x60000010 (has extras) }

D/MainActivityBaseUi.java(24535): in brightness disabled on critical battery low

I/Monitor ( 5056): [main]onReceive at: com.aps.a$a, Intent: Intent { act=android.intent.action.BATTERY_CHANGED flg=0x60000010 (has extras) }, cost:3 ms.

D/dalvikvm(  910): GC_CONCURRENT freed 8190K, 49% free 90029K/176128K, paused 26ms+19ms, total 280ms

D/dalvikvm(  910): WAIT_FOR_CONCURRENT_GC blocked 76ms

D/dalvikvm(  910): WAIT_FOR_CONCURRENT_GC blocked 114ms

D/KeyguardUpdateMonitor( 1110): received broadcast android.intent.action.TIME_TICK

D/KeyguardUpdateMonitor( 1110): handleTimeUpdate

D/daemonapp( 9256): [MSC_Cmaweather_Daemon]>>> U:1341 [0:0] cDayONight() ::: sunrise is null 

D/daemonapp( 9256): [MSC_Cmaweather_Daemon]>>> U:1357 [0:0] cDayONight() ::: sunset is null 

D/daemonapp( 9256): [MSC_Cmaweather_Daemon]>>> WCS:90 [0:0] action:androidintentactionTIME_TICK

D/daemonapp( 9256): [MSC_Cmaweather_Daemon]>>> CWDS:83 [0:0] Act : widgetappapaccuweatherdaemonactionCHANGE_ICON_OF_DAEMON

D/comsamsunglog( 9256): [MSC_Cmaweather_Daemon]>>> ====================================================================================================================

D/comsamsunglog( 9256): [MSC_Cmaweather_Daemon]>>> daemonapp [Version : 14070101 ] [ 1 ] 

D/comsamsunglog( 9256): [MSC_Cmaweather_Daemon]>>> Header set to : ===> "daemonapp" <===

D/comsamsunglog( 9256): [MSC_Cmaweather_Daemon]>>> ====================================================================================================================

D/daemonapp( 9256): [MSC_Cmaweather_Daemon]>>> CCP:387 [0:0] Provider query : content://cmaweatherprovider/packagename

D/daemonapp( 9256): [MSC_Cmaweather_Daemon]>>> CWDS:1112 [0:0] PakNme size = 1

D/daemonapp( 9256): [MSC_Cmaweather_Daemon]>>> CCP:387 [0:0] Provider query : content://cmaweatherprovider/current_weatherinfo

D/daemonapp( 9256): [MSC_Cmaweather_Daemon]>>> CCP:387 [0:0] Provider query : content://cmaweatherprovider/current_weatherinfo

D/daemonapp( 9256): [MSC_Cmaweather_Daemon]>>> CCP:387 [0:0] Provider query : content://cmaweatherprovider/current_weatherinfo

D/daemonapp( 9256): [MSC_Cmaweather_Daemon]>>> CWDS:127 [0:0] SerStus:true,TmpS:1,AtRfr:0

D/daemonapp( 9256): [MSC_Cmaweather_Daemon]>>> CWDS:682 [0:0] ====ACTION_SEC_CHANGE_ICON_OF_DAEMON===

D/daemonapp( 9256): [MSC_Cmaweather_Daemon]>>> U:1341 [0:0] cDayONight() ::: sunrise is null 

D/daemonapp( 9256): [MSC_Cmaweather_Daemon]>>> U:1357 [0:0] cDayONight() ::: sunset is null 

D/daemonapp( 9256): [MSC_Cmaweather_Daemon]>>> CWDS:685 [0:0] checkDay:true, UtilgetIsDay():false

D/daemonapp( 9256): [MSC_Cmaweather_Daemon]>>> CCP:387 [0:0] Provider query : content://cmaweatherprovider/weatherinfo

E/JavaBinder(  910): !!! FAILED BINDER TRANSACTION !!!

E/JavaBinder(  910): !!! FAILED BINDER TRANSACTION !!!

D/dalvikvm( 2199): GC_CONCURRENT freed 1954K, 27% free 19670K/26880K, paused 9ms+2ms, total 51ms

D/dalvikvm( 1727): GC_CONCURRENT freed 2157K, 30% free 19421K/27728K, paused 11ms+3ms, total 100ms

D/dalvikvm(  910): GC_CONCURRENT freed 8185K, 49% free 90063K/176128K, paused 28ms+20ms, total 293ms

D/cell strength( 1228): ===== cell singal strength changed : 99

E/JavaBinder(  910): !!! FAILED BINDER TRANSACTION !!!

D/cell strength( 1228): ===== cell singal strength changed : 99

E/JavaBinder(  910): !!! FAILED BINDER TRANSACTION !!!

D/KeyguardUpdateMonitor( 1110): received broadcast android.intent.action.BATTERY_CHANGED

D/KeyguardUpdateMonitor( 1110): handleBatteryUpdate

D/Brightness(24535): mIntentReceiver.onReceive: action=android.intent.action.BATTERY_CHANGED, intent=Intent { act=android.intent.action.BATTERY_CHANGED flg=0x60000010 (has extras) }

D/MainActivityBaseUi.java(24535): in brightness disabled on critical battery low

I/Monitor ( 5056): [main]onReceive at: com.aps.a$a, Intent: Intent { act=android.intent.action.BATTERY_CHANGED flg=0x60000010 (has extras) }, cost:0 ms.

D/dalvikvm(  910): GC_CONCURRENT freed 8226K, 49% free 90025K/176128K, paused 23ms+19ms, total 278ms

E/JavaBinder(  910): !!! FAILED BINDER TRANSACTION !!!

I/chromium(24535): [INFO:top_sites_impl.cc(926)]  VLOG NotifyTopSitesChanged

E/JavaBinder(  910): !!! FAILED BINDER TRANSACTION !!!

D/cell strength( 1228): ===== cell singal strength changed : 99

D/KeyguardUpdateMonitor( 1110): received broadcast android.intent.action.BATTERY_CHANGED

D/KeyguardUpdateMonitor( 1110): handleBatteryUpdate

D/Brightness(24535): mIntentReceiver.onReceive: action=android.intent.action.BATTERY_CHANGED, intent=Intent { act=android.intent.action.BATTERY_CHANGED flg=0x60000010 (has extras) }

D/MainActivityBaseUi.java(24535): in brightness disabled on critical battery low

I/Monitor ( 5056): [main]onReceive at: com.aps.a$a, Intent: Intent { act=android.intent.action.BATTERY_CHANGED flg=0x60000010 (has extras) }, cost:1 ms.

D/InputReader(  910): Input event: value=1

I/InputReader(  910): Touch event's action is 0x0 (deviceType=0) [pCnt=1, s=0.1904 ] when=2772812552590000

I/InputDispatcher(  910): Delivering touch to (1110): action: 0x4, toolType: 1

I/InputDispatcher(  910): Delivering touch to (9490): action: 0x0, toolType: 1

D/ldx     ( 9490): hasFocus: true

D/ldx     ( 9490): isFocused: true

D/ldx     ( 9490): -------------- view out: content

D/lights  (  910): lcd : 53 +

D/lights  (  910): lcd : 53 -

D/lights  (  910): lcd : 87 +

D/lights  (  910): lcd : 87 -

D/lights  (  910): lcd : 120 +

I/Keyboard.Facilitator( 6051): onFinishInput()

D/lights  (  910): lcd : 120 -

D/InputReader(  910): Input event: value=0

I/InputReader(  910): Touch event's action is 0x1 (deviceType=0) [pCnt=1, s=] when=2772812623773000

D/lights  (  910): lcd : 153 +

I/InputDispatcher(  910): Delivering touch to (9490): action: 0x1, toolType: 1

D/lights  (  910): lcd : 153 -

I/uexEMM  ( 9490): setEvent

I/emmlog  ( 9490): AnalyticsFrequency High: 200

D/lights  (  910): lcd : 187 +

D/debug   ( 9490): oldData + data == 0;index.html;login_content.html;2015-6-30 11:16:39;2015-6-30 11:16:39;0;0;1
2;LOGIN;2015-6-30 11:18:27;[loginDN:联合办公,pfName:android]


D/lights  (  910): lcd : 187 -

D/lights  (  910): lcd : 220 +

D/dalvikvm( 9490): GC_FOR_ALLOC freed 504K, 42% free 34554K/58644K, paused 16ms, total 16ms

I/dalvikvm-heap( 9490): Grow heap (frag case) to 43.668MB for 6448696-byte allocation

D/lights  (  910): lcd : 220 -

D/lights  (  910): lcd : 253 +

D/lights  (  910): lcd : 253 -

D/lights  (  910): lcd : 255 +

D/dalvikvm( 9490): GC_CONCURRENT freed 46K, 31% free 40809K/58644K, paused 3ms+2ms, total 19ms

D/lights  (  910): lcd : 255 -

D/        ( 9490): DFactory start

D/        ( 9490): isQmage : stream is not a Qmage file

D/ImageCache( 9490): Memory cache hit

D/ImageCache( 9490): Memory cache hit

D/ImageCache( 9490): Memory cache hit

D/ImageCache( 9490): Memory cache hit

D/ImageCache( 9490): Memory cache hit

D/ImageCache( 9490): Memory cache hit

D/ImageCache( 9490): Memory cache hit

D/dalvikvm(  910): GC_CONCURRENT freed 8188K, 49% free 90029K/176128K, paused 21ms+19ms, total 264ms

D/dalvikvm(  910): WAIT_FOR_CONCURRENT_GC blocked 112ms

D/dalvikvm(  910): WAIT_FOR_CONCURRENT_GC blocked 68ms

D/cell strength( 1228): ===== cell singal strength changed : 99

D/InputReader(  910): Input event: value=1

V/Vibrator(  910): vibrateImmVibe - PUID: 1000, PackageName: android, type: 14, magType: TouchMagnitude

I/AudioPolicyManagerBase(  349): getSituationVolume: isBTConnected:0 isHeadConnected:0

V/AudioPolicyManagerBase(  349): getParamFromPolicy  deviceInt = 0, situationInt = 1, situationVolume = 0.500000

D/lights  (  910): button : 1 +

V/AudioPolicyManagerBase(  349): getOutput() device 2, stream 1, samplingRate 0, format 0, channelMask 3, flags 0

V/AudioPolicyManagerBase(  349): getOutputsForDevice device 0002 -> 0002

V/AudioPolicyManagerBase(  349): getOutput() returns output 2

V/AudioPolicyManagerBase(  349): getOutput() device 2, stream 1, samplingRate 0, format 0, channelMask 3, flags 0

V/AudioPolicyManagerBase(  349): getOutputsForDevice device 0002 -> 0002

V/AudioPolicyManagerBase(  349): getOutput() returns output 2

V/AudioPolicyManagerBase(  349): getOutput() device 2, stream 1, samplingRate 48000, format 1, channelMask 1, flags 4

V/AudioPolicyManagerBase(  349): getOutputsForDevice device 0002 -> 0002

V/AudioPolicyManagerBase(  349): getOutput() returns output 2

V/AudioPolicyManagerBase(  349): startOutput() output 2, stream 1, session 3200

V/AudioPolicyManagerBase(  349): changeRefCount() stream 1, count 1

V/AudioPolicyManagerBase(  349): getNewDevice() selected device 2

V/AudioPolicyManagerBase(  349): setOutputDevice() output 2 device 0002 force 0 delayMs 0 

V/AudioPolicyManagerBase(  349): setOutputDevice() prevDevice (0002)

V/AudioPolicyManagerBase(  349): setOutputDevice() setting same device 0002 or null device for output 2

V/AudioPolicyManagerBase(  349): releaseOutput() 2

V/audio_hw_primary(  349): start_output_stream: enter: usecase(0: deep-buffer-playback) devices(0x2)

V/audio_hw_primary(  349): select_devices: ENTER

V/audio_hw_primary(  349): select_devices: usecase(normal)

V/audio_hw_primary(  349): select_devices: usecase(PCM_PLAYBACK)

V/msm8974_platform(  349): platform_get_output_snd_device: enter: output devices(0x2)

V/msm8974_platform(  349): get_OUTPUT_snd_device: for Normal Playback

V/msm8974_platform(  349): platform_get_output_snd_device: exit: snd_device(speaker)

D/audio_hw_primary(  349): select_devices: out_snd_device(2: speaker)

D/audio_hw_primary(  349): select_devices: in_snd_device(0: dummy)

D/ACDB-LOADER(  349): ACDB -> send_audio_cal, acdb_id = 15, path =  0

D/ACDB-LOADER(  349): ACDB -> send_adm_topology

D/ACDB-LOADER(  349): ACDB -> ACDB_CMD_GET_AUDPROC_COMMON_TOPOLOGY_ID

D/ACDB-LOADER(  349): ACDB -> send_audtable

D/ACDB-LOADER(  349): ACDB -> ACDB_CMD_GET_AUDPROC_COMMON_TABLE

D/ACDB-LOADER(  349): ACDB -> AUDIO_SET_AUDPROC_CAL

D/ACDB-LOADER(  349): ACDB -> send_audvoltable

D/ACDB-LOADER(  349): ACDB -> ACDB_CMD_GET_AUDPROC_GAIN_DEP_STEP_TABLE

D/ACDB-LOADER(  349): ACDB -> AUDIO_SET_AUDPROC_VOL_CAL

D/ACDB-LOADER(  349): ACDB -> send_afe_cal

D/ACDB-LOADER(  349): ACDB -> ACDB_CMD_GET_AFE_COMMON_TABLE

D/ACDB-LOADER(  349): ACDB -> AUDIO_SET_AFE_CAL

V/audio_hw_primary(  349): enable_snd_device: snd_device(2: speaker, speaker)

D/audio_route(  349): ++++ audio_route_update_mixer ==============

D/audio_route(  349): Setting mixer control: SPK DRV Volume, value: 8

D/audio_route(  349): Setting mixer control: RX7 Digital Volume, value: 81

D/audio_route(  349): Setting mixer control: COMP0 Switch, value: 1

D/audio_route(  349): Setting mixer control: RX7 MIX1 INP1, value: 5

D/audio_route(  349): Setting mixer control: DAC1 Switch, value: 1

D/PersonaManagerService(  910):  handle back called for user 0 back true

D/audio_route(  349): Setting mixer control: SPK Status, value: 1

D/audio_route(  349): ------ audio_route_update_mixer ==============

V/audio_hw_primary(  349): enable_audio_route: enter: usecase(0)

V/audio_hw_primary(  349): enable_audio_route: apply mixer path: deep-buffer-playback

D/audio_route(  349): ++++ audio_route_update_mixer ==============

D/audio_route(  349): Setting mixer control: SLIMBUS_0_RX Audio Mixer MultiMedia1, value: 1

I/InputDispatcher(  910): Delivering key to (9490): action: 0x0 (0)

D/audio_route(  349): ------ audio_route_update_mixer ==============

V/audio_hw_primary(  349): enable_audio_route: exit

V/audio_hw_primary(  349): start_output_stream: Opening PCM device card_id(0) device_id(0)

V/audio_hw_primary(  349): start_output_stream: exit

W/UnimplementedWebViewApi( 9490): Unimplemented WebView method onKeyDown called from: android.webkit.WebView.onKeyDown(WebView.java:2206)

D/InputReader(  910): Input event: value=0

I/InputDispatcher(  910): Delivering key to (9490): action: 0x1 (0)

D/lights  (  910): button : 1 -

D/        ( 9490): DFactory start

D/        ( 9490): isQmage : stream is not a Qmage file

D/        ( 9490): DFactory start

D/        ( 9490): isQmage : stream is not a Qmage file

D/        ( 9490): DFactory start

D/        ( 9490): isQmage : stream is not a Qmage file

D/        ( 9490): DFactory start

D/        ( 9490): isQmage : stream is not a Qmage file

D/        ( 9490): DFactory start

D/        ( 9490): isQmage : stream is not a Qmage file

D/        ( 9490): DFactory start

D/        ( 9490): isQmage : stream is not a Qmage file

D/        ( 9490): DFactory start

D/        ( 9490): isQmage : stream is not a Qmage file

D/        ( 9490): DFactory start

D/        ( 9490): isQmage : stream is not a Qmage file

D/        ( 9490): DFactory start

D/        ( 9490): isQmage : stream is not a Qmage file

D/        ( 9490): DFactory start

D/        ( 9490): isQmage : stream is not a Qmage file

D/        ( 9490): DFactory start

D/        ( 9490): isQmage : stream is not a Qmage file

D/        ( 9490): DFactory start

D/        ( 9490): isQmage : stream is not a Qmage file

D/        ( 9490): DFactory start

D/        ( 9490): isQmage : stream is not a Qmage file

I/SpenGestureManager(  910): setFocusWindow0

D/PointerIcon(  910): setMouseIconStyle1 pointerType: 1001iconType:101 flag:0

D/PointerIcon(  910): setMouseCustomIcon IconType is same.101

D/PointerIcon(  910): setHoveringSpenIconStyle1 pointerType: 10001iconType:1 flag:0

D/PointerIcon(  910): setHoveringSpenCustomIcon IconType is same.1

I/SurfaceFlinger(  345): id=10238 createSurf (1x1),1 flag=4, FBrowserAct

D/KeyguardUpdateMonitor( 1110): sendKeyguardVisibilityChanged(true)

D/KeyguardUpdateMonitor( 1110): handleKeyguardVisibilityChanged(1)

D/KeyguardUpdateMonitor( 1110): sendKeyguardVisibilityChanged(true)

D/KeyguardUpdateMonitor( 1110): handleKeyguardVisibilityChanged(1)

D/KeyguardUpdateMonitor( 1110): sendKeyguardVisibilityChanged(true)

D/KeyguardUpdateMonitor( 1110): handleKeyguardVisibilityChanged(1)

D/KeyguardUpdateMonitor( 1110): sendKeyguardVisibilityChanged(true)

D/KeyguardUpdateMonitor( 1110): handleKeyguardVisibilityChanged(1)

D/KeyguardUpdateMonitor( 1110): sendKeyguardVisibilityChanged(true)

D/KeyguardUpdateMonitor( 1110): handleKeyguardVisibilityChanged(1)

V/AudioPolicyManagerBase(  349): stopOutput() output 2, stream 1, session 3200

V/AudioPolicyManagerBase(  349): changeRefCount() stream 1, count 0

V/AudioPolicyManagerBase(  349): getNewDevice() selected device 0

V/AudioPolicyManagerBase(  349): setOutputDevice() output 2 device 0000 force 0 delayMs 160 

V/AudioPolicyManagerBase(  349): setOutputDevice() prevDevice (0002)

V/AudioPolicyManagerBase(  349): setOutputDevice() setting same device 0000 or null device for output 2

D/cell strength( 1228): ===== cell singal strength changed : 99

D/InputReader(  910): Input event: value=1

I/InputReader(  910): Touch event's action is 0x0 (deviceType=0) [pCnt=1, s=0.1905 ] when=2772817201114000

I/InputDispatcher(  910): Delivering touch to (1110): action: 0x4, toolType: 1

I/InputDispatcher(  910): Delivering touch to (9490): action: 0x0, toolType: 1

D/InputReader(  910): Input event: value=0

I/InputReader(  910): Touch event's action is 0x1 (deviceType=0) [pCnt=1, s=] when=2772817261089000

I/InputDispatcher(  910): Delivering touch to (9490): action: 0x1, toolType: 1

I/AudioPolicyManagerBase(  349): getSituationVolume: isBTConnected:0 isHeadConnected:0

V/AudioPolicyManagerBase(  349): getParamFromPolicy  deviceInt = 0, situationInt = 1, situationVolume = 0.500000

V/AudioPolicyManagerBase(  349): getOutput() device 2, stream 1, samplingRate 0, format 0, channelMask 3, flags 0

V/AudioPolicyManagerBase(  349): getOutputsForDevice device 0002 -> 0002

V/AudioPolicyManagerBase(  349): getOutput() returns output 2

V/AudioPolicyManagerBase(  349): getOutput() device 2, stream 1, samplingRate 0, format 0, channelMask 3, flags 0

V/AudioPolicyManagerBase(  349): getOutputsForDevice device 0002 -> 0002

V/AudioPolicyManagerBase(  349): getOutput() returns output 2

V/AudioPolicyManagerBase(  349): getOutput() device 2, stream 1, samplingRate 48000, format 1, channelMask 1, flags 4

V/AudioPolicyManagerBase(  349): getOutputsForDevice device 0002 -> 0002

V/AudioPolicyManagerBase(  349): getOutput() returns output 2

V/AudioPolicyManagerBase(  349): startOutput() output 2, stream 1, session 3201

V/AudioPolicyManagerBase(  349): changeRefCount() stream 1, count 1

V/AudioPolicyManagerBase(  349): getNewDevice() selected device 2

V/AudioPolicyManagerBase(  349): setOutputDevice() output 2 device 0002 force 0 delayMs 0 

V/AudioPolicyManagerBase(  349): setOutputDevice() prevDevice (0002)

V/AudioPolicyManagerBase(  349): setOutputDevice() setting same device 0002 or null device for output 2

V/AudioPolicyManagerBase(  349): releaseOutput() 2

I/SpenGestureManager(  910): setFocusWindow21025

D/KeyguardUpdateMonitor( 1110): sendKeyguardVisibilityChanged(true)

D/KeyguardUpdateMonitor( 1110): handleKeyguardVisibilityChanged(1)

D/PointerIcon(  910): setMouseIconStyle1 pointerType: 1001iconType:101 flag:0

D/PointerIcon(  910): setMouseCustomIcon IconType is same.101

D/PointerIcon(  910): setHoveringSpenIconStyle1 pointerType: 10001iconType:1 flag:0

D/PointerIcon(  910): setHoveringSpenCustomIcon IconType is same.1

E/ViewRootImpl( 9490): sendUserActionEvent() mView == null

D/lights  (  910): button : 0 +

D/lights  (  910): button : 0 -

E/JavaBinder(  910): !!! FAILED BINDER TRANSACTION !!!

D/KeyguardUpdateMonitor( 1110): sendKeyguardVisibilityChanged(true)

D/KeyguardUpdateMonitor( 1110): handleKeyguardVisibilityChanged(1)

I/SurfaceFlinger(  345): id=10238 Removed FBrowserAct (19/47)

I/SurfaceFlinger(  345): id=10238 Removed FBrowserAct (-2/47)

D/KeyguardUpdateMonitor( 1110): sendKeyguardVisibilityChanged(true)

D/KeyguardUpdateMonitor( 1110): handleKeyguardVisibilityChanged(1)

D/InputReader(  910): Input event: value=1

I/InputReader(  910): Touch event's action is 0x0 (deviceType=0) [pCnt=1, s=0.1906 ] when=2772818027770000

I/InputDispatcher(  910): Delivering touch to (1110): action: 0x4, toolType: 1

I/InputDispatcher(  910): Delivering touch to (9490): action: 0x0, toolType: 1

D/InputReader(  910): Input event: value=0

I/InputReader(  910): Touch event's action is 0x1 (deviceType=0) [pCnt=1, s=] when=2772818087738000

I/InputDispatcher(  910): Delivering touch to (9490): action: 0x1, toolType: 1

I/AudioPolicyManagerBase(  349): getSituationVolume: isBTConnected:0 isHeadConnected:0

V/AudioPolicyManagerBase(  349): getParamFromPolicy  deviceInt = 0, situationInt = 1, situationVolume = 0.500000

V/AudioPolicyManagerBase(  349): getOutput() device 2, stream 1, samplingRate 0, format 0, channelMask 3, flags 0

V/AudioPolicyManagerBase(  349): getOutputsForDevice device 0002 -> 0002

V/AudioPolicyManagerBase(  349): getOutput() returns output 2

V/AudioPolicyManagerBase(  349): getOutput() device 2, stream 1, samplingRate 0, format 0, channelMask 3, flags 0

V/AudioPolicyManagerBase(  349): getOutputsForDevice device 0002 -> 0002

V/AudioPolicyManagerBase(  349): getOutput() returns output 2

V/AudioPolicyManagerBase(  349): getOutput() device 2, stream 1, samplingRate 48000, format 1, channelMask 1, flags 4

V/AudioPolicyManagerBase(  349): getOutputsForDevice device 0002 -> 0002

V/AudioPolicyManagerBase(  349): getOutput() returns output 2

V/AudioPolicyManagerBase(  349): startOutput() output 2, stream 1, session 3202

V/AudioPolicyManagerBase(  349): changeRefCount() stream 1, count 2

V/AudioPolicyManagerBase(  349): releaseOutput() 2

D/ImageCache( 9490): Memory cache hit

D/ImageCache( 9490): Memory cache hit

D/ImageCache( 9490): Memory cache hit

D/ImageCache( 9490): Memory cache hit

D/ImageCache( 9490): Memory cache hit

D/ImageCache( 9490): Memory cache hit

D/ImageCache( 9490): Memory cache hit

E/JavaBinder(  910): !!! FAILED BINDER TRANSACTION !!!

V/AudioPolicyManagerBase(  349): stopOutput() output 2, stream 1, session 3201

V/AudioPolicyManagerBase(  349): changeRefCount() stream 1, count 1

V/AudioPolicyManagerBase(  349): stopOutput() output 2, stream 1, session 3202

V/AudioPolicyManagerBase(  349): changeRefCount() stream 1, count 0

V/AudioPolicyManagerBase(  349): getNewDevice() selected device 0

V/AudioPolicyManagerBase(  349): setOutputDevice() output 2 device 0000 force 0 delayMs 160 

V/AudioPolicyManagerBase(  349): setOutputDevice() prevDevice (0002)

V/AudioPolicyManagerBase(  349): setOutputDevice() setting same device 0000 or null device for output 2

D/cell strength( 1228): ===== cell singal strength changed : 99

V/audio_hw_primary(  349): out_standby: enter: usecase(0: deep-buffer-playback)

V/audio_hw_primary(  349): stop_output_stream: enter: usecase(0: deep-buffer-playback)

V/audio_hw_primary(  349): disable_audio_route: enter: usecase(0)

V/audio_hw_primary(  349): disable_audio_route: reset mixer path: deep-buffer-playback

D/audio_route(  349): ++++ audio_route_update_mixer ==============

D/audio_route(  349): Setting mixer control: SLIMBUS_0_RX Audio Mixer MultiMedia1, value: 0

D/audio_route(  349): ------ audio_route_update_mixer ==============

V/audio_hw_primary(  349): disable_audio_route: exit

V/audio_hw_primary(  349): disable_snd_device: snd_device(2: speaker)

D/audio_route(  349): ++++ audio_route_update_mixer ==============

D/audio_route(  349): Setting mixer control: SPK DRV Volume, value: 0

D/audio_route(  349): Setting mixer control: RX7 Digital Volume, value: 0

D/audio_route(  349): Setting mixer control: COMP0 Switch, value: 0

D/audio_route(  349): Setting mixer control: RX7 MIX1 INP1, value: 0

D/audio_route(  349): Setting mixer control: DAC1 Switch, value: 0

D/audio_route(  349): Setting mixer control: SPK Status, value: 0

D/audio_route(  349): ------ audio_route_update_mixer ==============

V/audio_hw_primary(  349): stop_output_stream: exit: status(0)

V/audio_hw_primary(  349): out_standby: exit

D/KeyguardUpdateMonitor( 1110): received broadcast android.intent.action.BATTERY_CHANGED

D/KeyguardUpdateMonitor( 1110): handleBatteryUpdate

D/Brightness(24535): mIntentReceiver.onReceive: action=android.intent.action.BATTERY_CHANGED, intent=Intent { act=android.intent.action.BATTERY_CHANGED flg=0x60000010 (has extras) }

D/MainActivityBaseUi.java(24535): in brightness disabled on critical battery low

I/Monitor ( 5056): [main]onReceive at: com.aps.a$a, Intent: Intent { act=android.intent.action.BATTERY_CHANGED flg=0x60000010 (has extras) }, cost:1 ms.

D/dalvikvm(  910): GC_CONCURRENT freed 8161K, 49% free 90082K/176128K, paused 16ms+22ms, total 277ms

D/cell strength( 1228): ===== cell singal strength changed : 99

D/pushtrack_TrackWorker_queue_51( 5189): level:Normal user:2088812469041456 tag:PacketReader_push_heart_beat content:start:1435634318280

I/AlipayPush_b( 5189): processPacket() got one HeartBeatPacket from Server!

I/AlipayPush_k( 5189): sendPacket()... packet.id=3

I/AlipayPush_l( 5189): getPushKeepAliveInterval() keepAliveTime=300

E/JavaBinder(  910): !!! FAILED BINDER TRANSACTION !!!

E/JavaBinder(  910): !!! FAILED BINDER TRANSACTION !!!

D/cell strength( 1228): ===== cell singal strength changed : 99

E/JavaBinder(  910): !!! FAILED BINDER TRANSACTION !!!

I/emmlog  ( 9490): AnalyticsFrequency Low: 5000

E/JavaBinder(  910): !!! FAILED BINDER TRANSACTION !!!

D/dalvikvm( 2199): GC_CONCURRENT freed 1940K, 27% free 19671K/26880K, paused 8ms+3ms, total 59ms

D/cell strength( 1228): ===== cell singal strength changed : 99

D/dalvikvm(  910): GC_CONCURRENT freed 8230K, 49% free 90043K/176128K, paused 27ms+20ms, total 280ms

D/dalvikvm(  910): WAIT_FOR_CONCURRENT_GC blocked 108ms

D/dalvikvm(  910): WAIT_FOR_CONCURRENT_GC blocked 85ms

D/dalvikvm(  910): WAIT_FOR_CONCURRENT_GC blocked 161ms

D/KeyguardUpdateMonitor( 1110): received broadcast android.intent.action.BATTERY_CHANGED

D/KeyguardUpdateMonitor( 1110): handleBatteryUpdate

I/Monitor ( 5056): [main]onReceive at: com.aps.a$a, Intent: Intent { act=android.intent.action.BATTERY_CHANGED flg=0x60000010 (has extras) }, cost:0 ms.

D/Brightness(24535): mIntentReceiver.onReceive: action=android.intent.action.BATTERY_CHANGED, intent=Intent { act=android.intent.action.BATTERY_CHANGED flg=0x60000010 (has extras) }

D/MainActivityBaseUi.java(24535): in brightness disabled on critical battery low

D/cell strength( 1228): ===== cell singal strength changed : 99

D/cell strength( 1228): ===== cell singal strength changed : 99

E/JavaBinder(  910): !!! FAILED BINDER TRANSACTION !!!

I/chromium(24535): [INFO:top_sites_impl.cc(926)]  VLOG NotifyTopSitesChanged

E/JavaBinder(  910): !!! FAILED BINDER TRANSACTION !!!

D/cell strength( 1228): ===== cell singal strength changed : 99

D/dalvikvm( 7827): GC_CONCURRENT freed 1932K, 22% free 21134K/26876K, paused 6ms+1ms, total 80ms

D/lights  (  910): lcd : 230 +

D/dalvikvm(  910): GC_CONCURRENT freed 8188K, 49% free 90030K/176128K, paused 24ms+20ms, total 273ms

D/lights  (  910): lcd : 230 -

D/lights  (  910): lcd : 197 +

D/lights  (  910): lcd : 197 -

D/lights  (  910): lcd : 163 +

D/lights  (  910): lcd : 163 -

D/lights  (  910): lcd : 130 +

D/lights  (  910): lcd : 130 -

D/lights  (  910): lcd : 97 +

D/lights  (  910): lcd : 97 -

D/lights  (  910): lcd : 63 +

D/lights  (  910): lcd : 63 -

D/lights  (  910): lcd : 30 +

D/lights  (  910): lcd : 30 -

D/lights  (  910): lcd : 20 +

D/lights  (  910): lcd : 20 -

D/KeyguardUpdateMonitor( 1110): received broadcast android.intent.action.BATTERY_CHANGED

D/KeyguardUpdateMonitor( 1110): handleBatteryUpdate

D/Brightness(24535): mIntentReceiver.onReceive: action=android.intent.action.BATTERY_CHANGED, intent=Intent { act=android.intent.action.BATTERY_CHANGED flg=0x60000010 (has extras) }

D/MainActivityBaseUi.java(24535): in brightness disabled on critical battery low

I/Monitor ( 5056): [main]onReceive at: com.aps.a$a, Intent: Intent { act=android.intent.action.BATTERY_CHANGED flg=0x60000010 (has extras) }, cost:0 ms.

D/cell strength( 1228): ===== cell singal strength changed : 99

D/KeyguardUpdateMonitor( 1110): received broadcast android.intent.action.TIME_TICK

D/KeyguardUpdateMonitor( 1110): handleTimeUpdate

D/daemonapp( 9256): [MSC_Cmaweather_Daemon]>>> U:1341 [0:0] cDayONight() ::: sunrise is null 

D/daemonapp( 9256): [MSC_Cmaweather_Daemon]>>> U:1357 [0:0] cDayONight() ::: sunset is null 

D/daemonapp( 9256): [MSC_Cmaweather_Daemon]>>> WCS:90 [0:0] action:androidintentactionTIME_TICK

D/daemonapp( 9256): [MSC_Cmaweather_Daemon]>>> CWDS:83 [0:0] Act : widgetappapaccuweatherdaemonactionCHANGE_ICON_OF_DAEMON

D/comsamsunglog( 9256): [MSC_Cmaweather_Daemon]>>> ====================================================================================================================

D/comsamsunglog( 9256): [MSC_Cmaweather_Daemon]>>> daemonapp [Version : 14070101 ] [ 1 ] 

D/comsamsunglog( 9256): [MSC_Cmaweather_Daemon]>>> Header set to : ===> "daemonapp" <===

D/comsamsunglog( 9256): [MSC_Cmaweather_Daemon]>>> ====================================================================================================================

D/daemonapp( 9256): [MSC_Cmaweather_Daemon]>>> CCP:387 [0:0] Provider query : content://cmaweatherprovider/packagename

D/daemonapp( 9256): [MSC_Cmaweather_Daemon]>>> CWDS:1112 [0:0] PakNme size = 1

D/daemonapp( 9256): [MSC_Cmaweather_Daemon]>>> CCP:387 [0:0] Provider query : content://cmaweatherprovider/current_weatherinfo

