D/dalvikvm( 2057): GC_CONCURRENT freed 2242K, 35% free 17502K/26876K, paused 9ms+2ms, total 49ms

E/JavaBinder(  910): !!! FAILED BINDER TRANSACTION !!!

D/KeyguardUpdateMonitor( 1110): received broadcast android.intent.action.BATTERY_CHANGED

D/KeyguardUpdateMonitor( 1110): handleBatteryUpdate

D/Brightness(24535): mIntentReceiver.onReceive: action=android.intent.action.BATTERY_CHANGED, intent=Intent { act=android.intent.action.BATTERY_CHANGED flg=0x60000010 (has extras) }

D/MainActivityBaseUi.java(24535): in brightness disabled on critical battery low

I/Monitor ( 5056): [main]onReceive at: com.aps.a$a, Intent: Intent { act=android.intent.action.BATTERY_CHANGED flg=0x60000010 (has extras) }, cost:0 ms.

D/cell strength( 1228): ===== cell singal strength changed : 99

E/JavaBinder(  910): !!! FAILED BINDER TRANSACTION !!!

E/JavaBinder(  910): !!! FAILED BINDER TRANSACTION !!!

E/JavaBinder(  910): !!! FAILED BINDER TRANSACTION !!!

D/dalvikvm(  910): GC_CONCURRENT freed 8188K, 49% free 90026K/176128K, paused 17ms+20ms, total 268ms

D/dalvikvm(  910): WAIT_FOR_CONCURRENT_GC blocked 66ms

D/dalvikvm(  910): WAIT_FOR_CONCURRENT_GC blocked 106ms

E/JavaBinder(  910): !!! FAILED BINDER TRANSACTION !!!

E/JavaBinder(  910): !!! FAILED BINDER TRANSACTION !!!

E/JavaBinder(  910): !!! FAILED BINDER TRANSACTION !!!

E/JavaBinder(  910): !!! FAILED BINDER TRANSACTION !!!

D/cell strength( 1228): ===== cell singal strength changed : 99

E/JavaBinder(  910): !!! FAILED BINDER TRANSACTION !!!

E/JavaBinder(  910): !!! FAILED BINDER TRANSACTION !!!

D/KeyguardUpdateMonitor( 1110): received broadcast android.intent.action.BATTERY_CHANGED

D/KeyguardUpdateMonitor( 1110): handleBatteryUpdate

D/Brightness(24535): mIntentReceiver.onReceive: action=android.intent.action.BATTERY_CHANGED, intent=Intent { act=android.intent.action.BATTERY_CHANGED flg=0x60000010 (has extras) }

D/MainActivityBaseUi.java(24535): in brightness disabled on critical battery low

I/Monitor ( 5056): [main]onReceive at: com.aps.a$a, Intent: Intent { act=android.intent.action.BATTERY_CHANGED flg=0x60000010 (has extras) }, cost:0 ms.

D/dalvikvm(  910): GC_CONCURRENT freed 8202K, 49% free 90015K/176128K, paused 16ms+20ms, total 255ms

D/dalvikvm(  910): WAIT_FOR_CONCURRENT_GC blocked 66ms

D/cell strength( 1228): ===== cell singal strength changed : 99

E/JavaBinder(  910): !!! FAILED BINDER TRANSACTION !!!

D/PublicHomeWidgetGroup( 5056): [main]public home widget group receivercom.alipay.mobile.intent.action.UPDATETODOLIST

I/Monitor ( 5056): [main]onReceive at: com.alipay.android.phone.publicplatform.home.n, Intent: Intent { act=com.alipay.mobile.intent.action.UPDATETODOLIST (has extras) }, cost:2 ms.

I/chromium(24535): [INFO:top_sites_impl.cc(926)]  VLOG NotifyTopSitesChanged

E/JavaBinder(  910): !!! FAILED BINDER TRANSACTION !!!

D/KeyguardUpdateMonitor( 1110): received broadcast android.intent.action.BATTERY_CHANGED

D/KeyguardUpdateMonitor( 1110): handleBatteryUpdate

D/Brightness(24535): mIntentReceiver.onReceive: action=android.intent.action.BATTERY_CHANGED, intent=Intent { act=android.intent.action.BATTERY_CHANGED flg=0x60000010 (has extras) }

D/MainActivityBaseUi.java(24535): in brightness disabled on critical battery low

I/Monitor ( 5056): [main]onReceive at: com.aps.a$a, Intent: Intent { act=android.intent.action.BATTERY_CHANGED flg=0x60000010 (has extras) }, cost:0 ms.

D/NetEasePushService_PushServiceNews_V1(  767): onStartCommand()...

D/NetEasePushService_PushServiceNews_V1(  767): prepareStart()...

D/NetEasePushService_PushServiceNews_V1(  767): Heartbeat receiver is running...

D/NetEasePushService_PushServiceNews_V1(  767): sendHeartBeat()...

D/NetEasePushService_PushServiceNews_V1(  767): send heat beat message to server.

D/NetEasePushService_PushServiceNews_V1(  767): setAlarm()...

D/NetEasePushService_PushServiceNews_V1(  767): send()...

D/NetEasePushService_PushServiceNews_V1(  767): send topic: ping domain: null message : {}

D/NetEasePushService_PushServiceNews_V1(  767): acquireWakeLock()...

D/NetEasePushService_PushServiceNews_V1(  767): Acquiring wake lock

D/NetEasePushService_PushServiceNews_V1(  767): releaseWakeLock()...

D/NetEasePushService_PushServiceNews_V1(  767): setAlarm()...

D/NetEasePushService_PushServiceNews_V1(  767): heat beat has sent 5 round normally, heartbeat interval is now: 480000ms

D/NetEasePushService_PushServiceNews_V1(  767): publishArrived()...

D/NetEasePushService_PushServiceNews_V1(  767): topic : pong message: 

D/NetEasePushService_PushServiceNews_V1(  767): it is a heartbeat ack message

D/NetEasePushService_PushServiceNews_V1(  767): cancelAlarm()...

E/JavaBinder(  910): !!! FAILED BINDER TRANSACTION !!!

D/dalvikvm(  910): GC_CONCURRENT freed 8185K, 49% free 90022K/176128K, paused 7ms+21ms, total 332ms

D/dalvikvm(  910): WAIT_FOR_CONCURRENT_GC blocked 183ms

E/JavaBinder(  910): !!! FAILED BINDER TRANSACTION !!!

D/KeyguardUpdateMonitor( 1110): received broadcast android.intent.action.TIME_TICK

D/KeyguardUpdateMonitor( 1110): handleTimeUpdate

D/daemonapp( 9256): [MSC_Cmaweather_Daemon]>>> U:1341 [0:0] cDayONight() ::: sunrise is null 

D/daemonapp( 9256): [MSC_Cmaweather_Daemon]>>> U:1357 [0:0] cDayONight() ::: sunset is null 

D/daemonapp( 9256): [MSC_Cmaweather_Daemon]>>> WCS:90 [0:0] action:androidintentactionTIME_TICK

D/daemonapp( 9256): [MSC_Cmaweather_Daemon]>>> CWDS:83 [0:0] Act : widgetappapaccuweatherdaemonactionCHANGE_ICON_OF_DAEMON

D/comsamsunglog( 9256): [MSC_Cmaweather_Daemon]>>> ====================================================================================================================

D/comsamsunglog( 9256): [MSC_Cmaweather_Daemon]>>> daemonapp [Version : 14070101 ] [ 1 ] 

D/comsamsunglog( 9256): [MSC_Cmaweather_Daemon]>>> Header set to : ===> "daemonapp" <===

D/comsamsunglog( 9256): [MSC_Cmaweather_Daemon]>>> ====================================================================================================================

D/daemonapp( 9256): [MSC_Cmaweather_Daemon]>>> CCP:387 [0:0] Provider query : content://cmaweatherprovider/packagename

D/daemonapp( 9256): [MSC_Cmaweather_Daemon]>>> CWDS:1112 [0:0] PakNme size = 1

D/daemonapp( 9256): [MSC_Cmaweather_Daemon]>>> CCP:387 [0:0] Provider query : content://cmaweatherprovider/current_weatherinfo

D/daemonapp( 9256): [MSC_Cmaweather_Daemon]>>> CCP:387 [0:0] Provider query : content://cmaweatherprovider/current_weatherinfo

D/daemonapp( 9256): [MSC_Cmaweather_Daemon]>>> CCP:387 [0:0] Provider query : content://cmaweatherprovider/current_weatherinfo

D/daemonapp( 9256): [MSC_Cmaweather_Daemon]>>> CWDS:127 [0:0] SerStus:true,TmpS:1,AtRfr:0

D/daemonapp( 9256): [MSC_Cmaweather_Daemon]>>> CWDS:682 [0:0] ====ACTION_SEC_CHANGE_ICON_OF_DAEMON===

D/daemonapp( 9256): [MSC_Cmaweather_Daemon]>>> U:1341 [0:0] cDayONight() ::: sunrise is null 

D/daemonapp( 9256): [MSC_Cmaweather_Daemon]>>> U:1357 [0:0] cDayONight() ::: sunset is null 

D/daemonapp( 9256): [MSC_Cmaweather_Daemon]>>> CWDS:685 [0:0] checkDay:true, UtilgetIsDay():false

D/daemonapp( 9256): [MSC_Cmaweather_Daemon]>>> CCP:387 [0:0] Provider query : content://cmaweatherprovider/weatherinfo

E/JavaBinder(  910): !!! FAILED BINDER TRANSACTION !!!

E/JavaBinder(  910): !!! FAILED BINDER TRANSACTION !!!

D/cell strength( 1228): ===== cell singal strength changed : 99

D/cell strength( 1228): ===== cell singal strength changed : 99

D/KeyguardUpdateMonitor( 1110): received broadcast android.intent.action.BATTERY_CHANGED

D/KeyguardUpdateMonitor( 1110): handleBatteryUpdate

D/Brightness(24535): mIntentReceiver.onReceive: action=android.intent.action.BATTERY_CHANGED, intent=Intent { act=android.intent.action.BATTERY_CHANGED flg=0x60000010 (has extras) }

D/MainActivityBaseUi.java(24535): in brightness disabled on critical battery low

I/Monitor ( 5056): [main]onReceive at: com.aps.a$a, Intent: Intent { act=android.intent.action.BATTERY_CHANGED flg=0x60000010 (has extras) }, cost:0 ms.

D/dalvikvm(  910): GC_CONCURRENT freed 8167K, 49% free 90044K/176128K, paused 18ms+20ms, total 276ms

D/cell strength( 1228): ===== cell singal strength changed : 99

E/JavaBinder(  910): !!! FAILED BINDER TRANSACTION !!!

D/dalvikvm( 2199): GC_CONCURRENT freed 1932K, 27% free 19697K/26880K, paused 7ms+3ms, total 53ms

D/cell strength( 1228): ===== cell singal strength changed : 99

E/JavaBinder(  910): !!! FAILED BINDER TRANSACTION !!!

D/cell strength( 1228): ===== cell singal strength changed : 99

D/dalvikvm(  910): GC_CONCURRENT freed 8213K, 49% free 90023K/176128K, paused 21ms+19ms, total 261ms

D/dalvikvm(  910): WAIT_FOR_CONCURRENT_GC blocked 107ms

D/dalvikvm(  910): WAIT_FOR_CONCURRENT_GC blocked 100ms

D/dalvikvm(  910): WAIT_FOR_CONCURRENT_GC blocked 92ms

D/dalvikvm(  910): WAIT_FOR_CONCURRENT_GC blocked 63ms

D/cell strength( 1228): ===== cell singal strength changed : 99

D/KeyguardUpdateMonitor( 1110): received broadcast android.intent.action.BATTERY_CHANGED

D/KeyguardUpdateMonitor( 1110): handleBatteryUpdate

I/Monitor ( 5056): [main]onReceive at: com.aps.a$a, Intent: Intent { act=android.intent.action.BATTERY_CHANGED flg=0x60000010 (has extras) }, cost:0 ms.

D/Brightness(24535): mIntentReceiver.onReceive: action=android.intent.action.BATTERY_CHANGED, intent=Intent { act=android.intent.action.BATTERY_CHANGED flg=0x60000010 (has extras) }

D/MainActivityBaseUi.java(24535): in brightness disabled on critical battery low

W/System.err( 1727): java.lang.IllegalArgumentException: Unknown URL content://com.tencent.server.fore.ForePluginContentProvider/SpProvider/actionStats/String

W/System.err( 1727): 	at android.content.ContentResolver.insert(ContentResolver.java:1197)

W/System.err( 1727): 	at com.tmsdk.common.storage.a.mw(SourceFile:258)

W/System.err( 1727): 	at com.tmsdk.common.storage.a.V(SourceFile:275)

W/System.err( 1727): 	at tcs.aij.F(SourceFile:146)

W/System.err( 1727): 	at tcs.aij.u(SourceFile:105)

W/System.err( 1727): 	at com.tencent.qqpimsecure.storage.b.a(SourceFile:394)

W/System.err( 1727): 	at com.tencent.qqpimsecure.storage.b.a(SourceFile:87)

W/System.err( 1727): 	at tcs.ahr.a(SourceFile:44)

W/System.err( 1727): 	at tcs.ahr.b(SourceFile:75)

W/System.err( 1727): 	at tcs.ahj.T(SourceFile:96)

W/System.err( 1727): 	at tcs.ahj.a(SourceFile:20)

W/System.err( 1727): 	at tcs.ahj$1.run(SourceFile:69)

W/System.err( 1727): 	at tcs.np$a.run(SourceFile:846)

W/System.err( 1727): 	at java.util.concurrent.ThreadPoolExecutor.runWorker(ThreadPoolExecutor.java:1112)

W/System.err( 1727): 	at java.util.concurrent.ThreadPoolExecutor$Worker.run(ThreadPoolExecutor.java:587)

W/System.err( 1727): 	at java.lang.Thread.run(Thread.java:841)

W/System.err( 1727): java.lang.IllegalArgumentException: Unknown URL content://com.tencent.server.fore.ForePluginContentProvider/SpProvider/actionStats/String

W/System.err( 1727): 	at android.content.ContentResolver.insert(ContentResolver.java:1197)

W/System.err( 1727): 	at com.tmsdk.common.storage.a.mw(SourceFile:258)

W/System.err( 1727): 	at com.tmsdk.common.storage.a.V(SourceFile:275)

W/System.err( 1727): 	at tcs.aij.F(SourceFile:146)

W/System.err( 1727): 	at tcs.aij.u(SourceFile:105)

W/System.err( 1727): 	at com.tencent.qqpimsecure.storage.b.a(SourceFile:394)

W/System.err( 1727): 	at com.tencent.qqpimsecure.storage.b.a(SourceFile:87)

W/System.err( 1727): 	at tcs.ahr.a(SourceFile:44)

W/System.err( 1727): 	at tcs.ahr.b(SourceFile:75)

W/System.err( 1727): 	at tcs.ahj.T(SourceFile:96)

W/System.err( 1727): 	at tcs.ahj.a(SourceFile:20)

W/System.err( 1727): 	at tcs.ahj$1.run(SourceFile:69)

W/System.err( 1727): 	at tcs.np$a.run(SourceFile:846)

W/System.err( 1727): 	at java.util.concurrent.ThreadPoolExecutor.runWorker(ThreadPoolExecutor.java:1112)

W/System.err( 1727): 	at java.util.concurrent.ThreadPoolExecutor$Worker.run(ThreadPoolExecutor.java:587)

W/System.err( 1727): 	at java.lang.Thread.run(Thread.java:841)

W/System.err( 1727): java.lang.IllegalArgumentException: Unknown URL content://com.tencent.server.fore.ForePluginContentProvider/SpProvider/actionStats/String

W/System.err( 1727): 	at android.content.ContentResolver.insert(ContentResolver.java:1197)

W/System.err( 1727): 	at com.tmsdk.common.storage.a.mw(SourceFile:258)

W/System.err( 1727): 	at com.tmsdk.common.storage.a.V(SourceFile:275)

W/System.err( 1727): 	at tcs.aij.F(SourceFile:146)

W/System.err( 1727): 	at tcs.aij.u(SourceFile:105)

W/System.err( 1727): 	at com.tencent.qqpimsecure.storage.b.a(SourceFile:394)

W/System.err( 1727): 	at com.tencent.qqpimsecure.storage.b.a(SourceFile:87)

W/System.err( 1727): 	at tcs.ahr.a(SourceFile:44)

W/System.err( 1727): 	at tcs.ahr.b(SourceFile:75)

W/System.err( 1727): 	at tcs.ahj.T(SourceFile:96)

W/System.err( 1727): 	at tcs.ahj.a(SourceFile:20)

W/System.err( 1727): 	at tcs.ahj$1.run(SourceFile:69)

W/System.err( 1727): 	at tcs.np$a.run(SourceFile:846)

W/System.err( 1727): 	at java.util.concurrent.ThreadPoolExecutor.runWorker(ThreadPoolExecutor.java:1112)

W/System.err( 1727): 	at java.util.concurrent.ThreadPoolExecutor$Worker.run(ThreadPoolExecutor.java:587)

W/System.err( 1727): 	at java.lang.Thread.run(Thread.java:841)

W/System.err( 1727): java.lang.IllegalArgumentException: Unknown URL content://com.tencent.server.fore.ForePluginContentProvider/SpProvider/actionStats/String

W/System.err( 1727): 	at android.content.ContentResolver.insert(ContentResolver.java:1197)

W/System.err( 1727): 	at com.tmsdk.common.storage.a.mw(SourceFile:258)

W/System.err( 1727): 	at com.tmsdk.common.storage.a.V(SourceFile:275)

W/System.err( 1727): 	at tcs.aij.F(SourceFile:146)

W/System.err( 1727): 	at tcs.aij.u(SourceFile:105)

W/System.err( 1727): 	at com.tencent.qqpimsecure.storage.b.a(SourceFile:394)

W/System.err( 1727): 	at com.tencent.qqpimsecure.storage.b.a(SourceFile:87)

W/System.err( 1727): 	at tcs.ahr.a(SourceFile:44)

W/System.err( 1727): 	at tcs.ahr.b(SourceFile:75)

W/System.err( 1727): 	at tcs.ahj.T(SourceFile:96)

W/System.err( 1727): 	at tcs.ahj.a(SourceFile:20)

W/System.err( 1727): 	at tcs.ahj$1.run(SourceFile:69)

W/System.err( 1727): 	at tcs.np$a.run(SourceFile:846)

W/System.err( 1727): 	at java.util.concurrent.ThreadPoolExecutor.runWorker(ThreadPoolExecutor.java:1112)

W/System.err( 1727): 	at java.util.concurrent.ThreadPoolExecutor$Worker.run(ThreadPoolExecutor.java:587)

W/System.err( 1727): 	at java.lang.Thread.run(Thread.java:841)

W/System.err( 1727): java.lang.IllegalArgumentException: Unknown URL content://com.tencent.server.fore.ForePluginContentProvider/SpProvider/sk/String

W/System.err( 1727): 	at android.content.ContentResolver.insert(ContentResolver.java:1197)

W/System.err( 1727): 	at com.tmsdk.common.storage.a.mw(SourceFile:258)

W/System.err( 1727): 	at com.tmsdk.common.storage.a.V(SourceFile:275)

W/System.err( 1727): 	at com.tencent.qqpimsecure.dao.r.ba(SourceFile:211)

W/System.err( 1727): 	at com.tencent.qqpimsecure.model.w.bU(SourceFile:527)

W/System.err( 1727): 	at tcs.agi.fC(SourceFile:253)

W/System.err( 1727): 	at tcs.agi.fB(SourceFile:212)

W/System.err( 1727): 	at tcs.agp.a(SourceFile:667)

W/System.err( 1727): 	at tcs.agq$e.run(SourceFile:555)

W/System.err( 1727): 	at java.util.concurrent.Executors$RunnableAdapter.call(Executors.java:422)

W/System.err( 1727): 	at java.util.concurrent.FutureTask.run(FutureTask.java:237)

W/System.err( 1727): 	at java.util.concurrent.ThreadPoolExecutor.runWorker(ThreadPoolExecutor.java:1112)

W/System.err( 1727): 	at java.util.concurrent.ThreadPoolExecutor$Worker.run(ThreadPoolExecutor.java:587)

W/System.err( 1727): 	at java.lang.Thread.run(Thread.java:841)

W/System.err( 1727): java.lang.IllegalArgumentException: Unknown URL content://com.tencent.server.fore.ForePluginContentProvider/SpProvider/actionStats/String

W/System.err( 1727): 	at android.content.ContentResolver.insert(ContentResolver.java:1197)

W/System.err( 1727): 	at com.tmsdk.common.storage.a.mw(SourceFile:258)

W/System.err( 1727): 	at com.tmsdk.common.storage.a.V(SourceFile:275)

W/System.err( 1727): 	at tcs.aij.F(SourceFile:146)

W/System.err( 1727): 	at tcs.aij.u(SourceFile:105)

W/System.err( 1727): 	at com.tencent.qqpimsecure.storage.b.a(SourceFile:394)

W/System.err( 1727): 	at com.tencent.qqpimsecure.storage.b.a(SourceFile:87)

W/System.err( 1727): 	at tcs.ahr.a(SourceFile:44)

W/System.err( 1727): 	at tcs.ahr.b(SourceFile:75)

W/System.err( 1727): 	at tcs.ahj.T(SourceFile:96)

W/System.err( 1727): 	at tcs.ahj.a(SourceFile:20)

W/System.err( 1727): 	at tcs.ahj$1.run(SourceFile:69)

W/System.err( 1727): 	at tcs.np$a.run(SourceFile:846)

W/System.err( 1727): 	at java.util.concurrent.ThreadPoolExecutor.runWorker(ThreadPoolExecutor.java:1112)

W/System.err( 1727): 	at java.util.concurrent.ThreadPoolExecutor$Worker.run(ThreadPoolExecutor.java:587)

W/System.err( 1727): 	at java.lang.Thread.run(Thread.java:841)

W/System.err( 1727): java.lang.IllegalArgumentException: Unknown URL content://com.tencent.server.fore.ForePluginContentProvider/SpProvider/actionStats/String

W/System.err( 1727): 	at android.content.ContentResolver.insert(ContentResolver.java:1197)

W/System.err( 1727): 	at com.tmsdk.common.storage.a.mw(SourceFile:258)

W/System.err( 1727): 	at com.tmsdk.common.storage.a.V(SourceFile:275)

W/System.err( 1727): 	at tcs.aij.F(SourceFile:146)

W/System.err( 1727): 	at tcs.aij.u(SourceFile:105)

W/System.err( 1727): 	at com.tencent.qqpimsecure.storage.b.a(SourceFile:394)

W/System.err( 1727): 	at com.tencent.qqpimsecure.storage.b.a(SourceFile:87)

W/System.err( 1727): 	at tcs.ahr.a(SourceFile:44)

W/System.err( 1727): 	at tcs.ahr.b(SourceFile:75)

W/System.err( 1727): 	at tcs.ahj.T(SourceFile:96)

W/System.err( 1727): 	at tcs.ahj.a(SourceFile:20)

W/System.err( 1727): 	at tcs.ahj$1.run(SourceFile:69)

W/System.err( 1727): 	at tcs.np$a.run(SourceFile:846)

W/System.err( 1727): 	at java.util.concurrent.ThreadPoolExecutor.runWorker(ThreadPoolExecutor.java:1112)

W/System.err( 1727): 	at java.util.concurrent.ThreadPoolExecutor$Worker.run(ThreadPoolExecutor.java:587)

W/System.err( 1727): 	at java.lang.Thread.run(Thread.java:841)

W/System.err( 1727): java.lang.IllegalArgumentException: Unknown URL content://com.tencent.server.fore.ForePluginContentProvider/SpProvider/actionStats/String

W/System.err( 1727): 	at android.content.ContentResolver.insert(ContentResolver.java:1197)

W/System.err( 1727): 	at com.tmsdk.common.storage.a.mw(SourceFile:258)

W/System.err( 1727): 	at com.tmsdk.common.storage.a.V(SourceFile:275)

W/System.err( 1727): 	at tcs.aij.F(SourceFile:146)

W/System.err( 1727): 	at tcs.aij.u(SourceFile:105)

W/System.err( 1727): 	at com.tencent.qqpimsecure.storage.b.a(SourceFile:394)

W/System.err( 1727): 	at com.tencent.qqpimsecure.storage.b.a(SourceFile:87)

W/System.err( 1727): 	at tcs.ahr.a(SourceFile:44)

W/System.err( 1727): 	at tcs.ahr.b(SourceFile:75)

W/System.err( 1727): 	at tcs.ahj.T(SourceFile:96)

W/System.err( 1727): 	at tcs.ahj.a(SourceFile:20)

W/System.err( 1727): 	at tcs.ahj$1.run(SourceFile:69)

W/System.err( 1727): 	at tcs.np$a.run(SourceFile:846)

W/System.err( 1727): 	at java.util.concurrent.ThreadPoolExecutor.runWorker(ThreadPoolExecutor.java:1112)

W/System.err( 1727): 	at java.util.concurrent.ThreadPoolExecutor$Worker.run(ThreadPoolExecutor.java:587)

W/System.err( 1727): 	at java.lang.Thread.run(Thread.java:841)

W/System.err( 1727): java.lang.IllegalArgumentException: Unknown URL content://com.tencent.server.fore.ForePluginContentProvider/SpProvider/actionStats/String

W/System.err( 1727): 	at android.content.ContentResolver.insert(ContentResolver.java:1197)

W/System.err( 1727): 	at com.tmsdk.common.storage.a.mw(SourceFile:258)

W/System.err( 1727): 	at com.tmsdk.common.storage.a.V(SourceFile:275)

W/System.err( 1727): 	at tcs.aij.F(SourceFile:146)

W/System.err( 1727): 	at tcs.aij.u(SourceFile:105)

W/System.err( 1727): 	at com.tencent.qqpimsecure.storage.b.a(SourceFile:394)

W/System.err( 1727): 	at com.tencent.qqpimsecure.storage.b.a(SourceFile:87)

W/System.err( 1727): 	at tcs.ahr.a(SourceFile:44)

W/System.err( 1727): 	at tcs.ahr.b(SourceFile:75)

W/System.err( 1727): 	at tcs.ahj.T(SourceFile:96)

W/System.err( 1727): 	at tcs.ahj.a(SourceFile:20)

W/System.err( 1727): 	at tcs.ahj$1.run(SourceFile:69)

W/System.err( 1727): 	at tcs.np$a.run(SourceFile:846)

W/System.err( 1727): 	at java.util.concurrent.ThreadPoolExecutor.runWorker(ThreadPoolExecutor.java:1112)

W/System.err( 1727): 	at java.util.concurrent.ThreadPoolExecutor$Worker.run(ThreadPoolExecutor.java:587)

W/System.err( 1727): 	at java.lang.Thread.run(Thread.java:841)

W/System.err( 1727): java.lang.IllegalArgumentException: Unknown URL content://com.tencent.server.fore.ForePluginContentProvider/SpProvider/actionStats/String

W/System.err( 1727): 	at android.content.ContentResolver.insert(ContentResolver.java:1197)

W/System.err( 1727): 	at com.tmsdk.common.storage.a.mw(SourceFile:258)

W/System.err( 1727): 	at com.tmsdk.common.storage.a.V(SourceFile:275)

W/System.err( 1727): 	at tcs.aij.F(SourceFile:146)

W/System.err( 1727): 	at tcs.aij.u(SourceFile:105)

W/System.err( 1727): 	at com.tencent.qqpimsecure.storage.b.a(SourceFile:394)

W/System.err( 1727): 	at com.tencent.qqpimsecure.storage.b.a(SourceFile:87)

W/System.err( 1727): 	at tcs.ahr.a(SourceFile:44)

W/System.err( 1727): 	at tcs.ahr.b(SourceFile:75)

W/System.err( 1727): 	at tcs.ahj.T(SourceFile:96)

W/System.err( 1727): 	at tcs.ahj.a(SourceFile:20)

W/System.err( 1727): 	at tcs.ahj$1.run(SourceFile:69)

W/System.err( 1727): 	at tcs.np$a.run(SourceFile:846)

W/System.err( 1727): 	at java.util.concurrent.ThreadPoolExecutor.runWorker(ThreadPoolExecutor.java:1112)

W/System.err( 1727): 	at java.util.concurrent.ThreadPoolExecutor$Worker.run(ThreadPoolExecutor.java:587)

W/System.err( 1727): 	at java.lang.Thread.run(Thread.java:841)

W/System.err( 1727): java.lang.IllegalArgumentException: Unknown URL content://com.tencent.server.fore.ForePluginContentProvider/SpProvider/actionStats/String

W/System.err( 1727): 	at android.content.ContentResolver.insert(ContentResolver.java:1197)

W/System.err( 1727): 	at com.tmsdk.common.storage.a.mw(SourceFile:258)

W/System.err( 1727): 	at com.tmsdk.common.storage.a.V(SourceFile:275)

W/System.err( 1727): 	at tcs.aij.F(SourceFile:146)

W/System.err( 1727): 	at tcs.aij.u(SourceFile:105)

W/System.err( 1727): 	at com.tencent.qqpimsecure.storage.b.a(SourceFile:394)

W/System.err( 1727): 	at com.tencent.qqpimsecure.storage.b.a(SourceFile:87)

W/System.err( 1727): 	at tcs.ahr.a(SourceFile:44)

W/System.err( 1727): 	at tcs.ahr.b(SourceFile:75)

W/System.err( 1727): 	at tcs.ahj.T(SourceFile:96)

W/System.err( 1727): 	at tcs.ahj.a(SourceFile:20)

W/System.err( 1727): 	at tcs.ahj$1.run(SourceFile:69)

W/System.err( 1727): 	at tcs.np$a.run(SourceFile:846)

W/System.err( 1727): 	at java.util.concurrent.ThreadPoolExecutor.runWorker(ThreadPoolExecutor.java:1112)

W/System.err( 1727): 	at java.util.concurrent.ThreadPoolExecutor$Worker.run(ThreadPoolExecutor.java:587)

W/System.err( 1727): 	at java.lang.Thread.run(Thread.java:841)

E/JavaBinder(  910): !!! FAILED BINDER TRANSACTION !!!

E/JavaBinder(  910): !!! FAILED BINDER TRANSACTION !!!

E/JavaBinder(  910): !!! FAILED BINDER TRANSACTION !!!

D/cell strength( 1228): ===== cell singal strength changed : 99

I/chromium(24535): [INFO:top_sites_impl.cc(926)]  VLOG NotifyTopSitesChanged

E/JavaBinder(  910): !!! FAILED BINDER TRANSACTION !!!

D/dalvikvm(  910): GC_CONCURRENT freed 8185K, 49% free 90030K/176128K, paused 31ms+20ms, total 273ms

D/dalvikvm(  910): WAIT_FOR_CONCURRENT_GC blocked 148ms

D/dalvikvm(  910): WAIT_FOR_CONCURRENT_GC blocked 118ms

D/dalvikvm( 1727): GC_CONCURRENT freed 1917K, 30% free 19425K/27728K, paused 7ms+2ms, total 57ms

D/KeyguardUpdateMonitor( 1110): received broadcast android.intent.action.BATTERY_CHANGED

D/KeyguardUpdateMonitor( 1110): handleBatteryUpdate

D/Brightness(24535): mIntentReceiver.onReceive: action=android.intent.action.BATTERY_CHANGED, intent=Intent { act=android.intent.action.BATTERY_CHANGED flg=0x60000010 (has extras) }

D/MainActivityBaseUi.java(24535): in brightness disabled on critical battery low

I/Monitor ( 5056): [main]onReceive at: com.aps.a$a, Intent: Intent { act=android.intent.action.BATTERY_CHANGED flg=0x60000010 (has extras) }, cost:1 ms.

W/System.err( 1727): java.lang.IllegalArgumentException: Unknown URL content://com.tencent.server.fore.ForePluginContentProvider/SpProvider/actionStats/String

W/System.err( 1727): 	at android.content.ContentResolver.insert(ContentResolver.java:1197)

W/System.err( 1727): 	at com.tmsdk.common.storage.a.mw(SourceFile:258)

W/System.err( 1727): 	at com.tmsdk.common.storage.a.V(SourceFile:275)

W/System.err( 1727): 	at tcs.aij.F(SourceFile:146)

W/System.err( 1727): 	at tcs.aij.u(SourceFile:105)

W/System.err( 1727): 	at com.tencent.qqpimsecure.storage.b.a(SourceFile:394)

W/System.err( 1727): 	at com.tencent.qqpimsecure.storage.b.a(SourceFile:87)

W/System.err( 1727): 	at com.tencent.qqpimsecure.dao.l.a(SourceFile:129)

W/System.err( 1727): 	at com.tencent.qqpimsecure.dao.l.b(SourceFile:157)

W/System.err( 1727): 	at com.tencent.qqpimsecure.dao.l.a(SourceFile:35)

W/System.err( 1727): 	at com.tencent.qqpimsecure.dao.l$1$1.run(SourceFile:113)

W/System.err( 1727): 	at tcs.np$a.run(SourceFile:846)

W/System.err( 1727): 	at java.util.concurrent.ThreadPoolExecutor.runWorker(ThreadPoolExecutor.java:1112)

W/System.err( 1727): 	at java.util.concurrent.ThreadPoolExecutor$Worker.run(ThreadPoolExecutor.java:587)

W/System.err( 1727): 	at java.lang.Thread.run(Thread.java:841)

E/JavaBinder(  910): !!! FAILED BINDER TRANSACTION !!!

E/JavaBinder(  910): !!! FAILED BINDER TRANSACTION !!!

D/cell strength( 1228): ===== cell singal strength changed : 99

D/NtpTrustedTime(  910): currentTimeMillis() cache hit

D/NtpTrustedTime(  910): currentTimeMillis() cache hit

D/NtpTrustedTime(  910): currentTimeMillis() cache hit

D/NtpTrustedTime(  910): currentTimeMillis() cache hit

D/dalvikvm(  910): GC_CONCURRENT freed 8191K, 49% free 90031K/176128K, paused 27ms+20ms, total 268ms

D/dalvikvm(  910): WAIT_FOR_CONCURRENT_GC blocked 153ms

D/dalvikvm(  910): WAIT_FOR_CONCURRENT_GC blocked 207ms

D/cell strength( 1228): ===== cell singal strength changed : 99

E/JavaBinder(  910): !!! FAILED BINDER TRANSACTION !!!

D/KeyguardUpdateMonitor( 1110): received broadcast android.intent.action.BATTERY_CHANGED

D/Brightness(24535): mIntentReceiver.onReceive: action=android.intent.action.BATTERY_CHANGED, intent=Intent { act=android.intent.action.BATTERY_CHANGED flg=0x60000010 (has extras) }

D/MainActivityBaseUi.java(24535): in brightness disabled on critical battery low

I/Monitor ( 5056): [main]onReceive at: com.aps.a$a, Intent: Intent { act=android.intent.action.BATTERY_CHANGED flg=0x60000010 (has extras) }, cost:1 ms.

D/KeyguardUpdateMonitor( 1110): handleBatteryUpdate

E/JavaBinder(  910): !!! FAILED BINDER TRANSACTION !!!

D/cell strength( 1228): ===== cell singal strength changed : 99

E/JavaBinder(  910): !!! FAILED BINDER TRANSACTION !!!

E/JavaBinder(  910): !!! FAILED BINDER TRANSACTION !!!

D/cell strength( 1228): ===== cell singal strength changed : 99

D/dalvikvm(  910): GC_CONCURRENT freed 8167K, 49% free 90055K/176128K, paused 9ms+20ms, total 274ms

D/dalvikvm(  910): WAIT_FOR_CONCURRENT_GC blocked 142ms

D/dalvikvm(  910): WAIT_FOR_CONCURRENT_GC blocked 172ms

D/cell strength( 1228): ===== cell singal strength changed : 99

D/KeyguardUpdateMonitor( 1110): received broadcast android.intent.action.BATTERY_CHANGED

D/KeyguardUpdateMonitor( 1110): handleBatteryUpdate

D/Brightness(24535): mIntentReceiver.onReceive: action=android.intent.action.BATTERY_CHANGED, intent=Intent { act=android.intent.action.BATTERY_CHANGED flg=0x60000010 (has extras) }

D/MainActivityBaseUi.java(24535): in brightness disabled on critical battery low

I/Monitor ( 5056): [main]onReceive at: com.aps.a$a, Intent: Intent { act=android.intent.action.BATTERY_CHANGED flg=0x60000010 (has extras) }, cost:0 ms.

D/cell strength( 1228): ===== cell singal strength changed : 99

E/JavaBinder(  910): !!! FAILED BINDER TRANSACTION !!!

I/chromium(24535): [INFO:top_sites_impl.cc(926)]  VLOG NotifyTopSitesChanged

E/JavaBinder(  910): !!! FAILED BINDER TRANSACTION !!!

D/dalvikvm( 2199): GC_CONCURRENT freed 1973K, 27% free 19717K/26880K, paused 6ms+3ms, total 63ms

D/cell strength( 1228): ===== cell singal strength changed : 99

D/dalvikvm(  910): GC_CONCURRENT freed 8216K, 49% free 90031K/176128K, paused 20ms+20ms, total 263ms

D/dalvikvm(  910): WAIT_FOR_CONCURRENT_GC blocked 161ms

D/dalvikvm(  910): WAIT_FOR_CONCURRENT_GC blocked 219ms

D/dalvikvm(  910): WAIT_FOR_CONCURRENT_GC blocked 58ms

D/cell strength( 1228): ===== cell singal strength changed : 99

D/KeyguardUpdateMonitor( 1110): received broadcast android.intent.action.BATTERY_CHANGED

D/KeyguardUpdateMonitor( 1110): handleBatteryUpdate

I/Monitor ( 5056): [main]onReceive at: com.aps.a$a, Intent: Intent { act=android.intent.action.BATTERY_CHANGED flg=0x60000010 (has extras) }, cost:0 ms.

D/Brightness(24535): mIntentReceiver.onReceive: action=android.intent.action.BATTERY_CHANGED, intent=Intent { act=android.intent.action.BATTERY_CHANGED flg=0x60000010 (has extras) }

D/MainActivityBaseUi.java(24535): in brightness disabled on critical battery low

D/KeyguardUpdateMonitor( 1110): received broadcast android.intent.action.TIME_TICK

D/KeyguardUpdateMonitor( 1110): handleTimeUpdate

D/daemonapp( 9256): [MSC_Cmaweather_Daemon]>>> U:1341 [0:0] cDayONight() ::: sunrise is null 

D/daemonapp( 9256): [MSC_Cmaweather_Daemon]>>> U:1357 [0:0] cDayONight() ::: sunset is null 

D/daemonapp( 9256): [MSC_Cmaweather_Daemon]>>> WCS:90 [0:0] action:androidintentactionTIME_TICK

D/daemonapp( 9256): [MSC_Cmaweather_Daemon]>>> CWDS:83 [0:0] Act : widgetappapaccuweatherdaemonactionCHANGE_ICON_OF_DAEMON

D/comsamsunglog( 9256): [MSC_Cmaweather_Daemon]>>> ====================================================================================================================

D/comsamsunglog( 9256): [MSC_Cmaweather_Daemon]>>> daemonapp [Version : 14070101 ] [ 1 ] 

D/comsamsunglog( 9256): [MSC_Cmaweather_Daemon]>>> Header set to : ===> "daemonapp" <===

D/comsamsunglog( 9256): [MSC_Cmaweather_Daemon]>>> ====================================================================================================================

D/daemonapp( 9256): [MSC_Cmaweather_Daemon]>>> CCP:387 [0:0] Provider query : content://cmaweatherprovider/packagename

D/daemonapp( 9256): [MSC_Cmaweather_Daemon]>>> CWDS:1112 [0:0] PakNme size = 1

D/daemonapp( 9256): [MSC_Cmaweather_Daemon]>>> CCP:387 [0:0] Provider query : content://cmaweatherprovider/current_weatherinfo

D/daemonapp( 9256): [MSC_Cmaweather_Daemon]>>> CCP:387 [0:0] Provider query : content://cmaweatherprovider/current_weatherinfo

D/daemonapp( 9256): [MSC_Cmaweather_Daemon]>>> CCP:387 [0:0] Provider query : content://cmaweatherprovider/current_weatherinfo

D/daemonapp( 9256): [MSC_Cmaweather_Daemon]>>> CWDS:127 [0:0] SerStus:true,TmpS:1,AtRfr:0

D/daemonapp( 9256): [MSC_Cmaweather_Daemon]>>> CWDS:682 [0:0] ====ACTION_SEC_CHANGE_ICON_OF_DAEMON===

D/daemonapp( 9256): [MSC_Cmaweather_Daemon]>>> U:1341 [0:0] cDayONight() ::: sunrise is null 

D/daemonapp( 9256): [MSC_Cmaweather_Daemon]>>> U:1357 [0:0] cDayONight() ::: sunset is null 

D/daemonapp( 9256): [MSC_Cmaweather_Daemon]>>> CWDS:685 [0:0] checkDay:true, UtilgetIsDay():false

D/daemonapp( 9256): [MSC_Cmaweather_Daemon]>>> CCP:387 [0:0] Provider query : content://cmaweatherprovider/weatherinfo

D/dalvikvm( 7827): GC_CONCURRENT freed 1919K, 22% free 21132K/26876K, paused 3ms+1ms, total 57ms

D/dalvikvm( 2057): GC_CONCURRENT freed 1708K, 34% free 17842K/26876K, paused 7ms+2ms, total 38ms

D/dalvikvm( 2057): WAIT_FOR_CONCURRENT_GC blocked 24ms

E/JavaBinder(  910): !!! FAILED BINDER TRANSACTION !!!

E/JavaBinder(  910): !!! FAILED BINDER TRANSACTION !!!

D/dalvikvm(  910): GC_CONCURRENT freed 8197K, 49% free 90028K/176128K, paused 19ms+20ms, total 262ms

D/dalvikvm(  910): WAIT_FOR_CONCURRENT_GC blocked 144ms

D/dalvikvm(  910): WAIT_FOR_CONCURRENT_GC blocked 93ms

D/cell strength( 1228): ===== cell singal strength changed : 99

D/KeyguardUpdateMonitor( 1110): received broadcast android.intent.action.BATTERY_CHANGED

D/KeyguardUpdateMonitor( 1110): handleBatteryUpdate

D/Brightness(24535): mIntentReceiver.onReceive: action=android.intent.action.BATTERY_CHANGED, intent=Intent { act=android.intent.action.BATTERY_CHANGED flg=0x60000010 (has extras) }

D/MainActivityBaseUi.java(24535): in brightness disabled on critical battery low

I/Monitor ( 5056): [main]onReceive at: com.aps.a$a, Intent: Intent { act=android.intent.action.BATTERY_CHANGED flg=0x60000010 (has extras) }, cost:0 ms.

D/cell strength( 1228): ===== cell singal strength changed : 99

E/JavaBinder(  910): !!! FAILED BINDER TRANSACTION !!!

E/JavaBinder(  910): !!! FAILED BINDER TRANSACTION !!!

D/cell strength( 1228): ===== cell singal strength changed : 99

D/cell strength( 1228): ===== cell singal strength changed : 99

D/dalvikvm(  910): GC_CONCURRENT freed 8192K, 49% free 90034K/176128K, paused 22ms+20ms, total 264ms

D/dalvikvm(  910): WAIT_FOR_CONCURRENT_GC blocked 139ms

D/cell strength( 1228): ===== cell singal strength changed : 99

D/dalvikvm( 2057): GC_CONCURRENT freed 2267K, 35% free 17495K/26876K, paused 7ms+1ms, total 43ms

E/JavaBinder(  910): !!! FAILED BINDER TRANSACTION !!!

I/chromium(24535): [INFO:top_sites_impl.cc(926)]  VLOG NotifyTopSitesChanged

D/cell strength( 1228): ===== cell singal strength changed : 99

E/JavaBinder(  910): !!! FAILED BINDER TRANSACTION !!!

D/dalvikvm(  910): GC_CONCURRENT freed 8200K, 49% free 90026K/176128K, paused 23ms+21ms, total 276ms

D/dalvikvm(  910): WAIT_FOR_CONCURRENT_GC blocked 118ms

D/dalvikvm(  910): WAIT_FOR_CONCURRENT_GC blocked 104ms

D/cell strength( 1228): ===== cell singal strength changed : 99

E/JavaBinder(  910): !!! FAILED BINDER TRANSACTION !!!

D/Brightness(24535): mIntentReceiver.onReceive: action=android.intent.action.BATTERY_CHANGED, intent=Intent { act=android.intent.action.BATTERY_CHANGED flg=0x60000010 (has extras) }

D/MainActivityBaseUi.java(24535): in brightness disabled on critical battery low

D/KeyguardUpdateMonitor( 1110): received broadcast android.intent.action.BATTERY_CHANGED

I/Monitor ( 5056): [main]onReceive at: com.aps.a$a, Intent: Intent { act=android.intent.action.BATTERY_CHANGED flg=0x60000010 (has extras) }, cost:0 ms.

D/KeyguardUpdateMonitor( 1110): handleBatteryUpdate

E/JavaBinder(  910): !!! FAILED BINDER TRANSACTION !!!

D/cell strength( 1228): ===== cell singal strength changed : 99

E/JavaBinder(  910): !!! FAILED BINDER TRANSACTION !!!

D/cell strength( 1228): ===== cell singal strength changed : 99

E/JavaBinder(  910): !!! FAILED BINDER TRANSACTION !!!

D/cell strength( 1228): ===== cell singal strength changed : 99

D/dalvikvm(  910): GC_CONCURRENT freed 8178K, 49% free 90039K/176128K, paused 19ms+19ms, total 257ms

D/dalvikvm(  910): WAIT_FOR_CONCURRENT_GC blocked 58ms

D/dalvikvm(  910): WAIT_FOR_CONCURRENT_GC blocked 99ms

D/dalvikvm(  910): WAIT_FOR_CONCURRENT_GC blocked 56ms

D/dalvikvm( 2199): GC_CONCURRENT freed 1994K, 27% free 19727K/26880K, paused 7ms+2ms, total 50ms

D/KeyguardUpdateMonitor( 1110): received broadcast android.intent.action.BATTERY_CHANGED

D/KeyguardUpdateMonitor( 1110): handleBatteryUpdate

D/Brightness(24535): mIntentReceiver.onReceive: action=android.intent.action.BATTERY_CHANGED, intent=Intent { act=android.intent.action.BATTERY_CHANGED flg=0x60000010 (has extras) }

D/MainActivityBaseUi.java(24535): in brightness disabled on critical battery low

I/Monitor ( 5056): [main]onReceive at: com.aps.a$a, Intent: Intent { act=android.intent.action.BATTERY_CHANGED flg=0x60000010 (has extras) }, cost:0 ms.

D/pushtrack_TrackWorker_queue_51( 5189): level:Normal user:2088812469041456 tag:PacketReader_push_heart_beat content:start:1435634618112

I/AlipayPush_b( 5189): processPacket() got one HeartBeatPacket from Server!

I/AlipayPush_k( 5189): sendPacket()... packet.id=3

I/AlipayPush_l( 5189): getPushKeepAliveInterval() keepAliveTime=300

E/JavaBinder(  910): !!! FAILED BINDER TRANSACTION !!!

D/cell strength( 1228): ===== cell singal strength changed : 99

E/JavaBinder(  910): !!! FAILED BINDER TRANSACTION !!!

D/cell strength( 1228): ===== cell singal strength changed : 99

E/JavaBinder(  910): !!! FAILED BINDER TRANSACTION !!!

E/JavaBinder(  910): !!! FAILED BINDER TRANSACTION !!!

D/cell strength( 1228): ===== cell singal strength changed : 99

D/dalvikvm(  910): GC_CONCURRENT freed 8191K, 49% free 90040K/176128K, paused 17ms+20ms, total 267ms

D/dalvikvm(  910): WAIT_FOR_CONCURRENT_GC blocked 147ms

D/KeyguardUpdateMonitor( 1110): received broadcast android.intent.action.BATTERY_CHANGED

D/KeyguardUpdateMonitor( 1110): handleBatteryUpdate

D/Brightness(24535): mIntentReceiver.onReceive: action=android.intent.action.BATTERY_CHANGED, intent=Intent { act=android.intent.action.BATTERY_CHANGED flg=0x60000010 (has extras) }

D/MainActivityBaseUi.java(24535): in brightness disabled on critical battery low

I/Monitor ( 5056): [main]onReceive at: com.aps.a$a, Intent: Intent { act=android.intent.action.BATTERY_CHANGED flg=0x60000010 (has extras) }, cost:0 ms.

D/cell strength( 1228): ===== cell singal strength changed : 99

D/cell strength( 1228): ===== cell singal strength changed : 99

E/JavaBinder(  910): !!! FAILED BINDER TRANSACTION !!!

I/chromium(24535): [INFO:top_sites_impl.cc(926)]  VLOG NotifyTopSitesChanged

E/JavaBinder(  910): !!! FAILED BINDER TRANSACTION !!!

D/cell strength( 1228): ===== cell singal strength changed : 99

D/dalvikvm(  910): GC_CONCURRENT freed 8202K, 49% free 90029K/176128K, paused 19ms+20ms, total 265ms

D/dalvikvm(  910): WAIT_FOR_CONCURRENT_GC blocked 98ms

D/dalvikvm(  910): WAIT_FOR_CONCURRENT_GC blocked 31ms

D/dalvikvm(  910): WAIT_FOR_CONCURRENT_GC blocked 69ms

D/dalvikvm(  910): WAIT_FOR_CONCURRENT_GC blocked 110ms

D/KeyguardUpdateMonitor( 1110): received broadcast android.intent.action.BATTERY_CHANGED

D/KeyguardUpdateMonitor( 1110): handleBatteryUpdate

D/Brightness(24535): mIntentReceiver.onReceive: action=android.intent.action.BATTERY_CHANGED, intent=Intent { act=android.intent.action.BATTERY_CHANGED flg=0x60000010 (has extras) }

D/MainActivityBaseUi.java(24535): in brightness disabled on critical battery low

I/Monitor ( 5056): [main]onReceive at: com.aps.a$a, Intent: Intent { act=android.intent.action.BATTERY_CHANGED flg=0x60000010 (has extras) }, cost:1 ms.

D/cell strength( 1228): ===== cell singal strength changed : 99

D/KeyguardUpdateMonitor( 1110): received broadcast android.intent.action.TIME_TICK

D/KeyguardUpdateMonitor( 1110): handleTimeUpdate

D/daemonapp( 9256): [MSC_Cmaweather_Daemon]>>> U:1341 [0:0] cDayONight() ::: sunrise is null 

D/daemonapp( 9256): [MSC_Cmaweather_Daemon]>>> U:1357 [0:0] cDayONight() ::: sunset is null 

D/daemonapp( 9256): [MSC_Cmaweather_Daemon]>>> WCS:90 [0:0] action:androidintentactionTIME_TICK

D/daemonapp( 9256): [MSC_Cmaweather_Daemon]>>> CWDS:83 [0:0] Act : widgetappapaccuweatherdaemonactionCHANGE_ICON_OF_DAEMON

D/comsamsunglog( 9256): [MSC_Cmaweather_Daemon]>>> ====================================================================================================================

D/comsamsunglog( 9256): [MSC_Cmaweather_Daemon]>>> daemonapp [Version : 14070101 ] [ 1 ] 

D/comsamsunglog( 9256): [MSC_Cmaweather_Daemon]>>> Header set to : ===> "daemonapp" <===

D/comsamsunglog( 9256): [MSC_Cmaweather_Daemon]>>> ====================================================================================================================

D/daemonapp( 9256): [MSC_Cmaweather_Daemon]>>> CCP:387 [0:0] Provider query : content://cmaweatherprovider/packagename

D/daemonapp( 9256): [MSC_Cmaweather_Daemon]>>> CWDS:1112 [0:0] PakNme size = 1

D/daemonapp( 9256): [MSC_Cmaweather_Daemon]>>> CCP:387 [0:0] Provider query : content://cmaweatherprovider/current_weatherinfo

D/daemonapp( 9256): [MSC_Cmaweather_Daemon]>>> CCP:387 [0:0] Provider query : content://cmaweatherprovider/current_weatherinfo

D/daemonapp( 9256): [MSC_Cmaweather_Daemon]>>> CCP:387 [0:0] Provider query : content://cmaweatherprovider/current_weatherinfo

D/daemonapp( 9256): [MSC_Cmaweather_Daemon]>>> CWDS:127 [0:0] SerStus:true,TmpS:1,AtRfr:0

D/daemonapp( 9256): [MSC_Cmaweather_Daemon]>>> CWDS:682 [0:0] ====ACTION_SEC_CHANGE_ICON_OF_DAEMON===

D/daemonapp( 9256): [MSC_Cmaweather_Daemon]>>> U:1341 [0:0] cDayONight() ::: sunrise is null 

D/daemonapp( 9256): [MSC_Cmaweather_Daemon]>>> U:1357 [0:0] cDayONight() ::: sunset is null 

D/daemonapp( 9256): [MSC_Cmaweather_Daemon]>>> CWDS:685 [0:0] checkDay:true, UtilgetIsDay():false

D/daemonapp( 9256): [MSC_Cmaweather_Daemon]>>> CCP:387 [0:0] Provider query : content://cmaweatherprovider/weatherinfo

D/cell strength( 1228): ===== cell singal strength changed : 99

E/JavaBinder(  910): !!! FAILED BINDER TRANSACTION !!!

E/JavaBinder(  910): !!! FAILED BINDER TRANSACTION !!!

D/cell strength( 1228): ===== cell singal strength changed : 99

D/dalvikvm(  910): GC_CONCURRENT freed 8186K, 49% free 90035K/176128K, paused 27ms+21ms, total 273ms

D/dalvikvm(  910): WAIT_FOR_CONCURRENT_GC blocked 140ms

D/KeyguardUpdateMonitor( 1110): received broadcast android.intent.action.BATTERY_CHANGED

D/KeyguardUpdateMonitor( 1110): handleBatteryUpdate

D/Brightness(24535): mIntentReceiver.onReceive: action=android.intent.action.BATTERY_CHANGED, intent=Intent { act=android.intent.action.BATTERY_CHANGED flg=0x60000010 (has extras) }

D/MainActivityBaseUi.java(24535): in brightness disabled on critical battery low

I/Monitor ( 5056): [main]onReceive at: com.aps.a$a, Intent: Intent { act=android.intent.action.BATTERY_CHANGED flg=0x60000010 (has extras) }, cost:1 ms.

D/cell strength( 1228): ===== cell singal strength changed : 99

D/cell strength( 1228): ===== cell singal strength changed : 99

E/JavaBinder(  910): !!! FAILED BINDER TRANSACTION !!!

E/JavaBinder(  910): !!! FAILED BINDER TRANSACTION !!!

D/dalvikvm(  910): GC_CONCURRENT freed 8198K, 49% free 90029K/176128K, paused 30ms+18ms, total 293ms

D/dalvikvm(  910): WAIT_FOR_CONCURRENT_GC blocked 162ms

D/dalvikvm( 2199): GC_CONCURRENT freed 1943K, 27% free 19723K/26880K, paused 8ms+3ms, total 52ms

D/KeyguardUpdateMonitor( 1110): received broadcast android.intent.action.BATTERY_CHANGED

D/KeyguardUpdateMonitor( 1110): handleBatteryUpdate

I/Monitor ( 5056): [main]onReceive at: com.aps.a$a, Intent: Intent { act=android.intent.action.BATTERY_CHANGED flg=0x60000010 (has extras) }, cost:0 ms.

D/Brightness(24535): mIntentReceiver.onReceive: action=android.intent.action.BATTERY_CHANGED, intent=Intent { act=android.intent.action.BATTERY_CHANGED flg=0x60000010 (has extras) }

D/MainActivityBaseUi.java(24535): in brightness disabled on critical battery low

D/cell strength( 1228): ===== cell singal strength changed : 99

I/chromium(24535): [INFO:top_sites_impl.cc(926)]  VLOG NotifyTopSitesChanged

E/JavaBinder(  910): !!! FAILED BINDER TRANSACTION !!!

D/cell strength( 1228): ===== cell singal strength changed : 99

E/JavaBinder(  910): !!! FAILED BINDER TRANSACTION !!!

D/dalvikvm(  910): GC_CONCURRENT freed 8185K, 49% free 90035K/176128K, paused 27ms+18ms, total 295ms

D/dalvikvm(  910): WAIT_FOR_CONCURRENT_GC blocked 180ms

D/dalvikvm(  910): WAIT_FOR_CONCURRENT_GC blocked 127ms

D/cell strength( 1228): ===== cell singal strength changed : 99

D/KeyguardUpdateMonitor( 1110): received broadcast android.intent.action.BATTERY_CHANGED

D/KeyguardUpdateMonitor( 1110): handleBatteryUpdate

D/Brightness(24535): mIntentReceiver.onReceive: action=android.intent.action.BATTERY_CHANGED, intent=Intent { act=android.intent.action.BATTERY_CHANGED flg=0x60000010 (has extras) }

D/MainActivityBaseUi.java(24535): in brightness disabled on critical battery low

I/Monitor ( 5056): [main]onReceive at: com.aps.a$a, Intent: Intent { act=android.intent.action.BATTERY_CHANGED flg=0x60000010 (has extras) }, cost:0 ms.

D/cell strength( 1228): ===== cell singal strength changed : 99

D/        (  910): TIMA: tima-pkm-check event req_len=8272,resp_len=4104!

D/        (  910): TIMA: tima-pkm-check event call to open backend shared_mem_len=8272!

D/        (  910): TAL: TIMA_backend_open--int8_t TIMA_backend_open(void**, appID, uint32_t, uint32_t)

D/        (  910): TIMA: QCOM_backend_open--int8_t QCOM_backend_open(void**, appID, uint32_t, uint32_t)

D/QSEECOMAPI: (  910): App is already loaded QSEE and app id = 5

D/        (  910): TIMA: tima-pkm--TZAPPS is already loaded!

D/        (  910): TAL: TIMA_PKM_measure_kernel--int8_t TIMA_PKM_measure_kernel(TIMA_handle_t, void*, uint32_t, void*, uint32_t, uint32_t)

D/        (  910): TIMA: QCOM_send_command--int8_t QCOM_send_command(TIMA_handle_t, void*, uint32_t, void*, uint32_t, uint32_t)

D/        (  910): rsp_len = 1008 rcvd_data_len = 1040, self_calculate_len=1040

D/        (  910): TIMA: QCOM_send_command result--0

D/        (  910): TIMA_PKM_measure_kernel returns with resp..ret=512!

D/        (  910): TAL: TIMA_PKM_measure_kernel--int8_t TIMA_PKM_measure_kernel(TIMA_handle_t, void*, uint32_t, void*, uint32_t, uint32_t)

D/        (  910): TIMA: QCOM_send_command--int8_t QCOM_send_command(TIMA_handle_t, void*, uint32_t, void*, uint32_t, uint32_t)

D/        (  910): rsp_len = 1008 rcvd_data_len = 1040, self_calculate_len=1040

D/        (  910): TIMA: QCOM_send_command result--0

D/        (  910): TIMA_PKM_measure_kernel returns with resp..ret=512!

D/        (  910): TAL: TIMA_PKM_measure_kernel--int8_t TIMA_PKM_measure_kernel(TIMA_handle_t, void*, uint32_t, void*, uint32_t, uint32_t)

D/        (  910): TIMA: QCOM_send_command--int8_t QCOM_send_command(TIMA_handle_t, void*, uint32_t, void*, uint32_t, uint32_t)

D/        (  910): rsp_len = 1008 rcvd_data_len = 1040, self_calculate_len=1040

D/        (  910): TIMA: QCOM_send_command result--0

D/        (  910): TIMA_PKM_measure_kernel returns with resp..ret=512!

D/        (  910): TAL: TIMA_PKM_measure_kernel--int8_t TIMA_PKM_measure_kernel(TIMA_handle_t, void*, uint32_t, void*, uint32_t, uint32_t)

D/        (  910): TIMA: QCOM_send_command--int8_t QCOM_send_command(TIMA_handle_t, void*, uint32_t, void*, uint32_t, uint32_t)

D/        (  910): rsp_len = 1008 rcvd_data_len = 1040, self_calculate_len=1040

D/        (  910): TIMA: QCOM_send_command result--0

D/        (  910): TIMA_PKM_measure_kernel returns with resp..ret=512!

D/        (  910): TAL: TIMA_PKM_measure_kernel--int8_t TIMA_PKM_measure_kernel(TIMA_handle_t, void*, uint32_t, void*, uint32_t, uint32_t)

D/        (  910): TIMA: QCOM_send_command--int8_t QCOM_send_command(TIMA_handle_t, void*, uint32_t, void*, uint32_t, uint32_t)

D/        (  910): rsp_len = 1008 rcvd_data_len = 1040, self_calculate_len=1040

D/        (  910): TIMA: QCOM_send_command result--0

D/        (  910): TIMA_PKM_measure_kernel returns with resp..ret=512!

D/        (  910): TAL: TIMA_PKM_measure_kernel--int8_t TIMA_PKM_measure_kernel(TIMA_handle_t, void*, uint32_t, void*, uint32_t, uint32_t)

D/        (  910): TIMA: QCOM_send_command--int8_t QCOM_send_command(TIMA_handle_t, void*, uint32_t, void*, uint32_t, uint32_t)

D/        (  910): rsp_len = 1008 rcvd_data_len = 1040, self_calculate_len=1040

D/        (  910): TIMA: QCOM_send_command result--0

D/        (  910): TIMA_PKM_measure_kernel returns with resp..ret=512!

D/        (  910): TAL: TIMA_PKM_measure_kernel--int8_t TIMA_PKM_measure_kernel(TIMA_handle_t, void*, uint32_t, void*, uint32_t, uint32_t)

D/        (  910): TIMA: QCOM_send_command--int8_t QCOM_send_command(TIMA_handle_t, void*, uint32_t, void*, uint32_t, uint32_t)

D/        (  910): rsp_len = 1008 rcvd_data_len = 1040, self_calculate_len=1040

D/        (  910): TIMA: QCOM_send_command result--0

D/        (  910): TIMA_PKM_measure_kernel returns with resp..ret=512!

D/        (  910): TAL: TIMA_PKM_measure_kernel--int8_t TIMA_PKM_measure_kernel(TIMA_handle_t, void*, uint32_t, void*, uint32_t, uint32_t)

D/        (  910): TIMA: QCOM_send_command--int8_t QCOM_send_command(TIMA_handle_t, void*, uint32_t, void*, uint32_t, uint32_t)

D/        (  910): rsp_len = 1008 rcvd_data_len = 1040, self_calculate_len=1040

D/        (  910): TIMA: QCOM_send_command result--0

D/        (  910): TIMA_PKM_measure_kernel returns with resp..ret=512!

D/        (  910): TAL: TIMA_PKM_measure_kernel--int8_t TIMA_PKM_measure_kernel(TIMA_handle_t, void*, uint32_t, void*, uint32_t, uint32_t)

D/        (  910): TIMA: QCOM_send_command--int8_t QCOM_send_command(TIMA_handle_t, void*, uint32_t, void*, uint32_t, uint32_t)

D/        (  910): rsp_len = 1008 rcvd_data_len = 1040, self_calculate_len=1040

D/        (  910): TIMA: QCOM_send_command result--0

D/        (  910): TIMA_PKM_measure_kernel returns with resp..ret=512!

D/        (  910): TAL: TIMA_PKM_measure_kernel--int8_t TIMA_PKM_measure_kernel(TIMA_handle_t, void*, uint32_t, void*, uint32_t, uint32_t)

D/        (  910): TIMA: QCOM_send_command--int8_t QCOM_send_command(TIMA_handle_t, void*, uint32_t, void*, uint32_t, uint32_t)

D/        (  910): rsp_len = 1008 rcvd_data_len = 1040, self_calculate_len=1040

D/        (  910): TIMA: QCOM_send_command result--0

D/        (  910): TIMA_PKM_measure_kernel returns with resp..ret=512!

D/        (  910): TAL: TIMA_PKM_measure_kernel--int8_t TIMA_PKM_measure_kernel(TIMA_handle_t, void*, uint32_t, void*, uint32_t, uint32_t)

D/        (  910): TIMA: QCOM_send_command--int8_t QCOM_send_command(TIMA_handle_t, void*, uint32_t, void*, uint32_t, uint32_t)

D/        (  910): rsp_len = 1008 rcvd_data_len = 1040, self_calculate_len=1040

D/        (  910): TIMA: QCOM_send_command result--0

D/        (  910): TIMA_PKM_measure_kernel returns with resp..ret=512!

