D/        (  910): TIMA: QCOM_send_command result--0

D/        (  910): TIMA_PKM_measure_kernel returns with resp..ret=512!

D/        (  910): TAL: TIMA_PKM_measure_kernel--int8_t TIMA_PKM_measure_kernel(TIMA_handle_t, void*, uint32_t, void*, uint32_t, uint32_t)

D/        (  910): TIMA: QCOM_send_command--int8_t QCOM_send_command(TIMA_handle_t, void*, uint32_t, void*, uint32_t, uint32_t)

D/        (  910): rsp_len = 1008 rcvd_data_len = 1040, self_calculate_len=1040

D/        (  910): TIMA: QCOM_send_command result--0

D/        (  910): TIMA_PKM_measure_kernel returns with resp..ret=512!

D/        (  910): TAL: TIMA_PKM_measure_kernel--int8_t TIMA_PKM_measure_kernel(TIMA_handle_t, void*, uint32_t, void*, uint32_t, uint32_t)

D/        (  910): TIMA: QCOM_send_command--int8_t QCOM_send_command(TIMA_handle_t, void*, uint32_t, void*, uint32_t, uint32_t)

D/        (  910): rsp_len = 1008 rcvd_data_len = 1040, self_calculate_len=1040

D/        (  910): TIMA: QCOM_send_command result--0

D/        (  910): TIMA_PKM_measure_kernel returns with resp..ret=512!

D/        (  910): TAL: TIMA_PKM_measure_kernel--int8_t TIMA_PKM_measure_kernel(TIMA_handle_t, void*, uint32_t, void*, uint32_t, uint32_t)

D/        (  910): TIMA: QCOM_send_command--int8_t QCOM_send_command(TIMA_handle_t, void*, uint32_t, void*, uint32_t, uint32_t)

D/        (  910): rsp_len = 1008 rcvd_data_len = 1040, self_calculate_len=1040

D/        (  910): TIMA: QCOM_send_command result--0

D/        (  910): TIMA_PKM_measure_kernel returns with resp..ret=512!

D/        (  910): TAL: TIMA_PKM_measure_kernel--int8_t TIMA_PKM_measure_kernel(TIMA_handle_t, void*, uint32_t, void*, uint32_t, uint32_t)

D/        (  910): TIMA: QCOM_send_command--int8_t QCOM_send_command(TIMA_handle_t, void*, uint32_t, void*, uint32_t, uint32_t)

D/        (  910): rsp_len = 1008 rcvd_data_len = 1040, self_calculate_len=1040

E/JavaBinder(  910): !!! FAILED BINDER TRANSACTION !!!

D/        (  910): TIMA: QCOM_send_command result--0

D/        (  910): TIMA_PKM_measure_kernel returns with resp..ret=512!

D/        (  910): TAL: TIMA_PKM_measure_kernel--int8_t TIMA_PKM_measure_kernel(TIMA_handle_t, void*, uint32_t, void*, uint32_t, uint32_t)

D/        (  910): TIMA: QCOM_send_command--int8_t QCOM_send_command(TIMA_handle_t, void*, uint32_t, void*, uint32_t, uint32_t)

D/        (  910): rsp_len = 1008 rcvd_data_len = 1040, self_calculate_len=1040

D/        (  910): TIMA: QCOM_send_command result--0

D/        (  910): TIMA_PKM_measure_kernel returns with resp..ret=512!

D/        (  910): TAL: TIMA_PKM_measure_kernel--int8_t TIMA_PKM_measure_kernel(TIMA_handle_t, void*, uint32_t, void*, uint32_t, uint32_t)

D/        (  910): TIMA: QCOM_send_command--int8_t QCOM_send_command(TIMA_handle_t, void*, uint32_t, void*, uint32_t, uint32_t)

D/        (  910): rsp_len = 1008 rcvd_data_len = 1040, self_calculate_len=1040

D/        (  910): TIMA: QCOM_send_command result--0

D/        (  910): TIMA_PKM_measure_kernel returns with resp..ret=512!

D/        (  910): TAL: TIMA_PKM_measure_kernel--int8_t TIMA_PKM_measure_kernel(TIMA_handle_t, void*, uint32_t, void*, uint32_t, uint32_t)

D/        (  910): TIMA: QCOM_send_command--int8_t QCOM_send_command(TIMA_handle_t, void*, uint32_t, void*, uint32_t, uint32_t)

D/        (  910): rsp_len = 1008 rcvd_data_len = 1040, self_calculate_len=1040

D/        (  910): TIMA: QCOM_send_command result--0

D/        (  910): TIMA_PKM_measure_kernel returns with resp..ret=512!

D/        (  910): TAL: TIMA_PKM_measure_kernel--int8_t TIMA_PKM_measure_kernel(TIMA_handle_t, void*, uint32_t, void*, uint32_t, uint32_t)

D/        (  910): TIMA: QCOM_send_command--int8_t QCOM_send_command(TIMA_handle_t, void*, uint32_t, void*, uint32_t, uint32_t)

D/        (  910): rsp_len = 1008 rcvd_data_len = 1040, self_calculate_len=1040

D/dalvikvm(  910): GC_CONCURRENT freed 8188K, 49% free 90029K/176128K, paused 28ms+23ms, total 341ms

D/dalvikvm(  910): WAIT_FOR_CONCURRENT_GC blocked 202ms

D/dalvikvm(  910): WAIT_FOR_CONCURRENT_GC blocked 139ms

D/        (  910): TIMA: QCOM_send_command result--0

D/        (  910): TIMA_PKM_measure_kernel returns with resp..ret=512!

D/        (  910): TAL: TIMA_PKM_measure_kernel--int8_t TIMA_PKM_measure_kernel(TIMA_handle_t, void*, uint32_t, void*, uint32_t, uint32_t)

D/        (  910): TIMA: QCOM_send_command--int8_t QCOM_send_command(TIMA_handle_t, void*, uint32_t, void*, uint32_t, uint32_t)

D/        (  910): rsp_len = 1008 rcvd_data_len = 1040, self_calculate_len=1040

D/        (  910): TIMA: QCOM_send_command result--0

D/        (  910): TIMA_PKM_measure_kernel returns with resp..ret=512!

D/        (  910): TAL: TIMA_PKM_measure_kernel--int8_t TIMA_PKM_measure_kernel(TIMA_handle_t, void*, uint32_t, void*, uint32_t, uint32_t)

D/        (  910): TIMA: QCOM_send_command--int8_t QCOM_send_command(TIMA_handle_t, void*, uint32_t, void*, uint32_t, uint32_t)

D/        (  910): rsp_len = 1008 rcvd_data_len = 1040, self_calculate_len=1040

D/        (  910): TIMA: QCOM_send_command result--0

D/        (  910): TIMA_PKM_measure_kernel returns with resp..ret=512!

D/        (  910): TAL: TIMA_PKM_measure_kernel--int8_t TIMA_PKM_measure_kernel(TIMA_handle_t, void*, uint32_t, void*, uint32_t, uint32_t)

D/        (  910): TIMA: QCOM_send_command--int8_t QCOM_send_command(TIMA_handle_t, void*, uint32_t, void*, uint32_t, uint32_t)

D/        (  910): rsp_len = 1008 rcvd_data_len = 1040, self_calculate_len=1040

D/        (  910): TIMA: QCOM_send_command result--0

D/        (  910): TIMA_PKM_measure_kernel returns with resp..ret=512!

D/        (  910): TAL: TIMA_PKM_measure_kernel--int8_t TIMA_PKM_measure_kernel(TIMA_handle_t, void*, uint32_t, void*, uint32_t, uint32_t)

D/        (  910): TIMA: QCOM_send_command--int8_t QCOM_send_command(TIMA_handle_t, void*, uint32_t, void*, uint32_t, uint32_t)

D/        (  910): rsp_len = 1008 rcvd_data_len = 1040, self_calculate_len=1040

D/        (  910): TIMA: QCOM_send_command result--0

D/        (  910): TIMA_PKM_measure_kernel returns with resp..ret=512!

D/        (  910): TAL: TIMA_PKM_measure_kernel--int8_t TIMA_PKM_measure_kernel(TIMA_handle_t, void*, uint32_t, void*, uint32_t, uint32_t)

D/        (  910): TIMA: QCOM_send_command--int8_t QCOM_send_command(TIMA_handle_t, void*, uint32_t, void*, uint32_t, uint32_t)

D/        (  910): rsp_len = 1008 rcvd_data_len = 1040, self_calculate_len=1040

D/        (  910): TIMA: QCOM_send_command result--0

D/        (  910): TIMA_PKM_measure_kernel returns with resp..ret=0!

D/        (  910): TIMA: final string =TIMA_STATUS=0;MSG=Kernel Verification Success;!

E/JavaBinder(  910): !!! FAILED BINDER TRANSACTION !!!

D/cell strength( 1228): ===== cell singal strength changed : 99

I/UiAutomatorHarbour( 7536): receiced:null

I/UiAutomatorHarbour( 7536): UiAutomatorHarbour is listening:port=5048

D/cell strength( 1228): ===== cell singal strength changed : 99

D/KeyguardUpdateMonitor( 1110): received broadcast android.intent.action.BATTERY_CHANGED

D/KeyguardUpdateMonitor( 1110): handleBatteryUpdate

D/Brightness(24535): mIntentReceiver.onReceive: action=android.intent.action.BATTERY_CHANGED, intent=Intent { act=android.intent.action.BATTERY_CHANGED flg=0x60000010 (has extras) }

D/MainActivityBaseUi.java(24535): in brightness disabled on critical battery low

I/Monitor ( 5056): [main]onReceive at: com.aps.a$a, Intent: Intent { act=android.intent.action.BATTERY_CHANGED flg=0x60000010 (has extras) }, cost:0 ms.

E/JavaBinder(  910): !!! FAILED BINDER TRANSACTION !!!

D/cell strength( 1228): ===== cell singal strength changed : 99

E/JavaBinder(  910): !!! FAILED BINDER TRANSACTION !!!

D/dalvikvm(  910): GC_CONCURRENT freed 8194K, 49% free 90029K/176128K, paused 21ms+21ms, total 270ms

D/dalvikvm(  910): WAIT_FOR_CONCURRENT_GC blocked 108ms

E/JavaBinder(  910): !!! FAILED BINDER TRANSACTION !!!

E/JavaBinder(  910): !!! FAILED BINDER TRANSACTION !!!

D/cell strength( 1228): ===== cell singal strength changed : 99

D/cell strength( 1228): ===== cell singal strength changed : 99

E/JavaBinder(  910): !!! FAILED BINDER TRANSACTION !!!

E/JavaBinder(  910): !!! FAILED BINDER TRANSACTION !!!

D/dalvikvm( 2199): GC_CONCURRENT freed 1944K, 27% free 19786K/26880K, paused 8ms+4ms, total 55ms

D/dalvikvm(  910): GC_CONCURRENT freed 8194K, 49% free 90027K/176128K, paused 30ms+18ms, total 290ms

D/dalvikvm(  910): WAIT_FOR_CONCURRENT_GC blocked 156ms

E/JavaBinder(  910): !!! FAILED BINDER TRANSACTION !!!

I/chromium(24535): [INFO:top_sites_impl.cc(926)]  VLOG NotifyTopSitesChanged

D/cell strength( 1228): ===== cell singal strength changed : 99

E/JavaBinder(  910): !!! FAILED BINDER TRANSACTION !!!

D/cell strength( 1228): ===== cell singal strength changed : 99

D/NetEasePushService_PushServiceNews_V1(  767): onStartCommand()...

D/NetEasePushService_PushServiceNews_V1(  767): prepareStart()...

D/NetEasePushService_PushServiceNews_V1(  767): Heartbeat receiver is running...

D/NetEasePushService_PushServiceNews_V1(  767): sendHeartBeat()...

D/NetEasePushService_PushServiceNews_V1(  767): send heat beat message to server.

D/NetEasePushService_PushServiceNews_V1(  767): setAlarm()...

D/KeyguardUpdateMonitor( 1110): received broadcast android.intent.action.BATTERY_CHANGED

D/KeyguardUpdateMonitor( 1110): handleBatteryUpdate

D/NetEasePushService_PushServiceNews_V1(  767): send()...

D/NetEasePushService_PushServiceNews_V1(  767): send topic: ping domain: null message : {}

D/NetEasePushService_PushServiceNews_V1(  767): acquireWakeLock()...

D/NetEasePushService_PushServiceNews_V1(  767): Acquiring wake lock

I/Monitor ( 5056): [main]onReceive at: com.aps.a$a, Intent: Intent { act=android.intent.action.BATTERY_CHANGED flg=0x60000010 (has extras) }, cost:0 ms.

D/NetEasePushService_PushServiceNews_V1(  767): releaseWakeLock()...

D/Brightness(24535): mIntentReceiver.onReceive: action=android.intent.action.BATTERY_CHANGED, intent=Intent { act=android.intent.action.BATTERY_CHANGED flg=0x60000010 (has extras) }

D/MainActivityBaseUi.java(24535): in brightness disabled on critical battery low

I/NetEasePushService_PushServiceNews_V1(  767): heart beat interval is now: 600000ms

D/NetEasePushService_PushServiceNews_V1(  767): setAlarm()...

D/NetEasePushService_PushServiceNews_V1(  767): heat beat has sent 0 round normally, heartbeat interval is now: 600000ms

D/NetEasePushService_PushServiceNews_V1(  767): publishArrived()...

D/NetEasePushService_PushServiceNews_V1(  767): topic : pong message: 

D/NetEasePushService_PushServiceNews_V1(  767): it is a heartbeat ack message

D/NetEasePushService_PushServiceNews_V1(  767): cancelAlarm()...

E/JavaBinder(  910): !!! FAILED BINDER TRANSACTION !!!

D/KeyguardUpdateMonitor( 1110): received broadcast android.intent.action.TIME_TICK

D/KeyguardUpdateMonitor( 1110): handleTimeUpdate

D/daemonapp( 9256): [MSC_Cmaweather_Daemon]>>> U:1341 [0:0] cDayONight() ::: sunrise is null 

D/daemonapp( 9256): [MSC_Cmaweather_Daemon]>>> U:1357 [0:0] cDayONight() ::: sunset is null 

D/daemonapp( 9256): [MSC_Cmaweather_Daemon]>>> WCS:90 [0:0] action:androidintentactionTIME_TICK

D/daemonapp( 9256): [MSC_Cmaweather_Daemon]>>> CWDS:83 [0:0] Act : widgetappapaccuweatherdaemonactionCHANGE_ICON_OF_DAEMON

D/comsamsunglog( 9256): [MSC_Cmaweather_Daemon]>>> ====================================================================================================================

D/comsamsunglog( 9256): [MSC_Cmaweather_Daemon]>>> daemonapp [Version : 14070101 ] [ 1 ] 

D/comsamsunglog( 9256): [MSC_Cmaweather_Daemon]>>> Header set to : ===> "daemonapp" <===

D/comsamsunglog( 9256): [MSC_Cmaweather_Daemon]>>> ====================================================================================================================

D/daemonapp( 9256): [MSC_Cmaweather_Daemon]>>> CCP:387 [0:0] Provider query : content://cmaweatherprovider/packagename

D/daemonapp( 9256): [MSC_Cmaweather_Daemon]>>> CWDS:1112 [0:0] PakNme size = 1

D/daemonapp( 9256): [MSC_Cmaweather_Daemon]>>> CCP:387 [0:0] Provider query : content://cmaweatherprovider/current_weatherinfo

D/daemonapp( 9256): [MSC_Cmaweather_Daemon]>>> CCP:387 [0:0] Provider query : content://cmaweatherprovider/current_weatherinfo

D/daemonapp( 9256): [MSC_Cmaweather_Daemon]>>> CCP:387 [0:0] Provider query : content://cmaweatherprovider/current_weatherinfo

D/daemonapp( 9256): [MSC_Cmaweather_Daemon]>>> CWDS:127 [0:0] SerStus:true,TmpS:1,AtRfr:0

D/daemonapp( 9256): [MSC_Cmaweather_Daemon]>>> CWDS:682 [0:0] ====ACTION_SEC_CHANGE_ICON_OF_DAEMON===

D/daemonapp( 9256): [MSC_Cmaweather_Daemon]>>> U:1341 [0:0] cDayONight() ::: sunrise is null 

D/daemonapp( 9256): [MSC_Cmaweather_Daemon]>>> U:1357 [0:0] cDayONight() ::: sunset is null 

D/daemonapp( 9256): [MSC_Cmaweather_Daemon]>>> CWDS:685 [0:0] checkDay:true, UtilgetIsDay():false

D/daemonapp( 9256): [MSC_Cmaweather_Daemon]>>> CCP:387 [0:0] Provider query : content://cmaweatherprovider/weatherinfo

E/JavaBinder(  910): !!! FAILED BINDER TRANSACTION !!!

D/dalvikvm(  910): GC_CONCURRENT freed 8189K, 49% free 90029K/176128K, paused 27ms+23ms, total 304ms

D/dalvikvm(  910): WAIT_FOR_CONCURRENT_GC blocked 92ms

D/dalvikvm(  910): WAIT_FOR_CONCURRENT_GC blocked 96ms

E/JavaBinder(  910): !!! FAILED BINDER TRANSACTION !!!

E/JavaBinder(  910): !!! FAILED BINDER TRANSACTION !!!

D/cell strength( 1228): ===== cell singal strength changed : 99

D/KeyguardUpdateMonitor( 1110): received broadcast android.intent.action.BATTERY_CHANGED

D/KeyguardUpdateMonitor( 1110): handleBatteryUpdate

D/Brightness(24535): mIntentReceiver.onReceive: action=android.intent.action.BATTERY_CHANGED, intent=Intent { act=android.intent.action.BATTERY_CHANGED flg=0x60000010 (has extras) }

D/MainActivityBaseUi.java(24535): in brightness disabled on critical battery low

I/Monitor ( 5056): [main]onReceive at: com.aps.a$a, Intent: Intent { act=android.intent.action.BATTERY_CHANGED flg=0x60000010 (has extras) }, cost:0 ms.

I/UiAutomatorHarbour( 7536): /127.0.0.1:45493 is connected

D/cell strength( 1228): ===== cell singal strength changed : 99

D/dalvikvm(  910): GC_CONCURRENT freed 8200K, 49% free 90020K/176128K, paused 21ms+19ms, total 309ms

D/dalvikvm(  910): WAIT_FOR_CONCURRENT_GC blocked 114ms

D/dalvikvm(  910): WAIT_FOR_CONCURRENT_GC blocked 145ms

D/cell strength( 1228): ===== cell singal strength changed : 99

E/JavaBinder(  910): !!! FAILED BINDER TRANSACTION !!!

I/UiAutomatorHarbour( 7536): receiced:{"params":{"key":"no"},"command":"getDisplayWidth"}

I/UiAutomatorHarbour( 7536): response:1080

I/UiAutomatorHarbour( 7536): receiced:{"params":{"key":"no"},"command":"getDisplayHeight"}

I/UiAutomatorHarbour( 7536): response:1920

E/JavaBinder(  910): !!! FAILED BINDER TRANSACTION !!!

D/KeyguardUpdateMonitor( 1110): received broadcast android.intent.action.BATTERY_CHANGED

D/KeyguardUpdateMonitor( 1110): handleBatteryUpdate

D/Brightness(24535): mIntentReceiver.onReceive: action=android.intent.action.BATTERY_CHANGED, intent=Intent { act=android.intent.action.BATTERY_CHANGED flg=0x60000010 (has extras) }

D/MainActivityBaseUi.java(24535): in brightness disabled on critical battery low

I/Monitor ( 5056): [main]onReceive at: com.aps.a$a, Intent: Intent { act=android.intent.action.BATTERY_CHANGED flg=0x60000010 (has extras) }, cost:1 ms.

D/cell strength( 1228): ===== cell singal strength changed : 99

D/dalvikvm(  910): GC_CONCURRENT freed 8187K, 49% free 90025K/176128K, paused 18ms+19ms, total 258ms

D/dalvikvm(  910): WAIT_FOR_CONCURRENT_GC blocked 53ms

D/cell strength( 1228): ===== cell singal strength changed : 99

I/UiAutomatorHarbour( 7536): receiced:{"params":{"keyCode":8},"command":"pressKeyCode"}

I/InputDispatcher(  910): Delivering key to (9490): action: 0x0 (0)

E/JavaBinder(  910): !!! FAILED BINDER TRANSACTION !!!

I/InputDispatcher(  910): Delivering key to (9490): action: 0x1 (0)

D/lights  (  910): lcd : 45 +

I/UiAutomatorHarbour( 7536): response:true

I/UiAutomatorHarbour( 7536): receiced:{"params":{"keyCode":9},"command":"pressKeyCode"}

I/InputDispatcher(  910): Delivering key to (9490): action: 0x0 (0)

D/lights  (  910): lcd : 45 -

I/InputDispatcher(  910): Delivering key to (9490): action: 0x1 (0)

D/lights  (  910): lcd : 78 +

I/UiAutomatorHarbour( 7536): response:true

I/UiAutomatorHarbour( 7536): receiced:{"params":{"keyCode":10},"command":"pressKeyCode"}

I/InputDispatcher(  910): Delivering key to (9490): action: 0x0 (0)

I/InputDispatcher(  910): Delivering key to (9490): action: 0x1 (0)

I/UiAutomatorHarbour( 7536): response:true

D/lights  (  910): lcd : 78 -

I/UiAutomatorHarbour( 7536): receiced:{"params":{"keyCode":11},"command":"pressKeyCode"}

D/lights  (  910): lcd : 112 +

I/InputDispatcher(  910): Delivering key to (9490): action: 0x0 (0)

D/lights  (  910): lcd : 112 -

D/lights  (  910): lcd : 145 +

D/lights  (  910): lcd : 145 -

D/lights  (  910): lcd : 178 +

I/InputDispatcher(  910): Delivering key to (9490): action: 0x1 (0)

I/UiAutomatorHarbour( 7536): response:true

D/lights  (  910): lcd : 178 -

D/lights  (  910): lcd : 212 +

I/UiAutomatorHarbour( 7536): receiced:{"params":{"keyCode":12},"command":"pressKeyCode"}

I/InputDispatcher(  910): Delivering key to (9490): action: 0x0 (0)

D/lights  (  910): lcd : 212 -

D/lights  (  910): lcd : 245 +

D/lights  (  910): lcd : 245 -

D/lights  (  910): lcd : 255 +

I/InputDispatcher(  910): Delivering key to (9490): action: 0x1 (0)

I/UiAutomatorHarbour( 7536): response:true

D/lights  (  910): lcd : 255 -

I/UiAutomatorHarbour( 7536): receiced:{"params":{"keyCode":13},"command":"pressKeyCode"}

I/InputDispatcher(  910): Delivering key to (9490): action: 0x0 (0)

I/InputDispatcher(  910): Delivering key to (9490): action: 0x1 (0)

I/UiAutomatorHarbour( 7536): response:true

I/chromium(24535): [INFO:top_sites_impl.cc(926)]  VLOG NotifyTopSitesChanged

I/UiAutomatorHarbour( 7536): receiced:null

I/UiAutomatorHarbour( 7536): UiAutomatorHarbour is listening:port=5048

E/JavaBinder(  910): !!! FAILED BINDER TRANSACTION !!!

D/cell strength( 1228): ===== cell singal strength changed : 99

D/cell strength( 1228): ===== cell singal strength changed : 99

D/dalvikvm( 2199): GC_CONCURRENT freed 1942K, 27% free 19786K/26880K, paused 7ms+3ms, total 49ms

D/dalvikvm(  910): GC_CONCURRENT freed 8193K, 49% free 90024K/176128K, paused 26ms+20ms, total 284ms

D/dalvikvm(  910): WAIT_FOR_CONCURRENT_GC blocked 72ms

D/cell strength( 1228): ===== cell singal strength changed : 99

E/JavaBinder(  910): !!! FAILED BINDER TRANSACTION !!!

E/JavaBinder(  910): !!! FAILED BINDER TRANSACTION !!!

D/cell strength( 1228): ===== cell singal strength changed : 99

D/KeyguardUpdateMonitor( 1110): received broadcast android.intent.action.BATTERY_CHANGED

D/Brightness(24535): mIntentReceiver.onReceive: action=android.intent.action.BATTERY_CHANGED, intent=Intent { act=android.intent.action.BATTERY_CHANGED flg=0x60000010 (has extras) }

D/MainActivityBaseUi.java(24535): in brightness disabled on critical battery low

I/Monitor ( 5056): [main]onReceive at: com.aps.a$a, Intent: Intent { act=android.intent.action.BATTERY_CHANGED flg=0x60000010 (has extras) }, cost:2 ms.

D/KeyguardUpdateMonitor( 1110): handleBatteryUpdate

V/xiaomi  ( 5471): Service called on timer

W/eChannelUpstreamHandler( 8646): EXCEPTION, please implement com.alibaba.device.tcpclient.handler.XProtocolHandler.exceptionCaught() for proper handling.

W/eChannelUpstreamHandler( 8646): java.net.SocketException: recvfrom failed: ECONNRESET (Connection reset by peer)

W/eChannelUpstreamHandler( 8646): 	at libcore.io.IoBridge.maybeThrowAfterRecvfrom(IoBridge.java:545)

W/eChannelUpstreamHandler( 8646): 	at libcore.io.IoBridge.recvfrom(IoBridge.java:521)

W/eChannelUpstreamHandler( 8646): 	at java.nio.SocketChannelImpl.readImpl(SocketChannelImpl.java:327)

W/eChannelUpstreamHandler( 8646): 	at java.nio.SocketChannelImpl.read(SocketChannelImpl.java:289)

W/eChannelUpstreamHandler( 8646): 	at org.jboss.netty.channel.socket.nio.NioWorker.read(NioWorker.java:64)

W/eChannelUpstreamHandler( 8646): 	at org.jboss.netty.channel.socket.nio.AbstractNioWorker.process(AbstractNioWorker.java:108)

W/eChannelUpstreamHandler( 8646): 	at org.jboss.netty.channel.socket.nio.AbstractNioSelector.run(AbstractNioSelector.java:337)

W/eChannelUpstreamHandler( 8646): 	at org.jboss.netty.channel.socket.nio.AbstractNioWorker.run(AbstractNioWorker.java:89)

W/eChannelUpstreamHandler( 8646): 	at org.jboss.netty.channel.socket.nio.NioWorker.run(NioWorker.java:178)

W/eChannelUpstreamHandler( 8646): 	at org.jboss.netty.util.ThreadRenamingRunnable.run(ThreadRenamingRunnable.java:108)

W/eChannelUpstreamHandler( 8646): 	at org.jboss.netty.util.internal.DeadLockProofWorker$1.run(DeadLockProofWorker.java:42)

W/eChannelUpstreamHandler( 8646): 	at java.util.concurrent.ThreadPoolExecutor.runWorker(ThreadPoolExecutor.java:1112)

W/eChannelUpstreamHandler( 8646): 	at java.util.concurrent.ThreadPoolExecutor$Worker.run(ThreadPoolExecutor.java:587)

W/eChannelUpstreamHandler( 8646): 	at java.lang.Thread.run(Thread.java:841)

W/eChannelUpstreamHandler( 8646): Caused by: libcore.io.ErrnoException: recvfrom failed: ECONNRESET (Connection reset by peer)

W/eChannelUpstreamHandler( 8646): 	at libcore.io.Posix.recvfromBytes(Native Method)

W/eChannelUpstreamHandler( 8646): 	at libcore.io.Posix.recvfrom(Posix.java:134)

W/eChannelUpstreamHandler( 8646): 	at libcore.io.BlockGuardOs.recvfrom(BlockGuardOs.java:159)

W/eChannelUpstreamHandler( 8646): 	at libcore.io.IoBridge.recvfrom(IoBridge.java:518)

W/eChannelUpstreamHandler( 8646): 	... 12 more

D/PushService(32287): -- onStartCommand -- Intent { flg=0x4 cmp=com.baidu.shucheng/com.baidu.android.pushservice.PushService (has extras) }

D/PushSDK (32287): handleOnStart intent action = null

I/PushSDK (32287): -- handleOnStart -- Intent { flg=0x4 cmp=com.baidu.shucheng/com.baidu.android.pushservice.PushService (has extras) }

D/PushSDK (32287): heartbeat networkConnected :true

I/MessageHandler(32287): sendHeartbeatMessage 

D/PushConnection(32287): SendThread send msg :id : 0, version: 0, needReply: true

I/PushConnection(32287): sendHeartbeatMessage

D/RegistrationService(32287): RegistrationSerice handleIntent : Intent { act=com.baidu.android.pushservice.action.METHOD cmp=com.baidu.shucheng/com.baidu.android.pushservice.PushService (has extras) }

I/Monitor ( 5056): [main]onStartCommand at: com.alipay.mobile.command.engine.TaskExeService, Intent: Intent { flg=0x4 cmp=com.eg.android.AlipayGphoneRC/com.alipay.mobile.command.engine.TaskExeService (has extras) }

D/Alipay_cmdcentertrigger( 5056): [main][1]triger action_type:TIME

D/SensorMonitorReceiver( 5056): [main]doCheckTask, startTime=1435629982369,flag=null,pid=5056

D/Alipay_cmdcenterutil( 5056): [CmdCenter-service_triger-pool-4][19821]网络状况:1#0

D/Alipay_cmdcentertrigger( 5056): [CmdCenter-service_triger-pool-4][19821]startTime:23925940,spendTime:1320,i each:TaskMeta [uuid=334d1b2cd379426795a38e39ffdf7c62, name=PollPopTask, cronExpress=[1#10I], scriptName=PollPopTask.js, commandDependency=[dedb59ab5b9147cfa85060f259e6ebe9], md5=e66f30026b757bd8e4c9cb4c8f8d957f, signature=]

D/Alipay_cmdcentermanager( 5056): [CmdCenter-service_triger-pool-4][19821]Task--334d1b2cd379426795a38e39ffdf7c62,taskName--PollPopTask,进入队列

D/Alipay_cmdcentermanager( 5056): [CmdCenter-service_triger-pool-4][19821]do TIMEtrigger  finish!

D/NetEasePushService_PushServiceNews_V1(  767): onStartCommand()...

D/NetEasePushService_PushServiceNews_V1(  767): prepareStart()...

D/NetEasePushService_PushServiceNews_V1(  767): Heartbeat receiver is running...

D/NetEasePushService_PushServiceNews_V1(  767): sendHeartBeat()...

D/NetEasePushService_PushServiceNews_V1(  767): send heat beat message to server.

D/NetEasePushService_PushServiceNews_V1(  767): setAlarm()...

I/Monitor ( 5056): [main]onReceive at: com.alipay.mobile.base.receiver.SensorMonitorReceiver, Intent: Intent { act=com.alipay.mobile.TIMER_AUTO_WAKEUP }, cost:20 ms.

D/Alipay_cmdcenterscript( 5056): [main][1]开始执行任务:PollPopTask:334d1b2cd379426795a38e39ffdf7c62

W/chromium( 5056): [WARNING:resource_bundle.cc(368)] Unable to load image with id 5746

I/AlipayPush_ClientActionReceiver( 5189): onReceive() action=com.eg.android.AlipayGphoneRC.push.action.KEEPLIVE

D/alilang_tcpClientService( 8646): TcpClientService receive: com.alibaba.device.tcp.disconnected

I/AlipayPush_ClientActionReceiver( 5189): onReceive() networkInfo.isConnected()=true

D/Alipay_cmdcentercommand( 5056): [JavaBridge][19817]Method---->TASKUUID:334d1b2cd379426795a38e39ffdf7c62,commandName:PollPopCommand,commandId:dedb59ab5b9147cfa85060f259e6ebe9,开始时间:1435635038154

D/AlipayDataTunnel/PopNotification( 5056): +++++execute PopNotificationCommand @ com.eg.android.AlipayGphoneRC

D/AlipayDataTunnel/PopNotification( 5056): +++++taskUUID=334d1b2cd379426795a38e39ffdf7c62,args=[Ljava.lang.String;@449011e8

D/pushtrack_TrackWorker_queue_51( 5189): level:Normal user:2088812469041456 tag:ClientActionReceiver_onReceive content:action=com.eg.android.AlipayGphoneRC.push.action.KEEPLIVE

D/AlipayDataTunnel/PopNotification( 5056): current package: com.eg.android.AlipayGphoneRC

D/Alipay_cmdcentercommand( 5056): [JavaBridge][19817]Method---->TASKUUID:334d1b2cd379426795a38e39ffdf7c62,commandName:PollPopCommand,commandId:dedb59ab5b9147cfa85060f259e6ebe9,执行结果:false,结束时间:1435635038161

I/AlipayPush_k( 5189): sendPacket()... packet.id=3

I/Monitor ( 5189): [main]onReceive at: com.alipay.pushsdk.push.ClientActionReceiver, Intent: Intent { act=com.eg.android.AlipayGphoneRC.push.action.KEEPLIVE flg=0x14 pkg=com.eg.android.AlipayGphoneRC (has extras) }, cost:13 ms.

D/Alipay_cmdcenterscript( 5056): [main][1]脚本执行完毕。message:334d1b2cd379426795a38e39ffdf7c62|js-ext-command-finish|false

D/NetEasePushService_PushServiceNews_V1(  767): send()...

D/NetEasePushService_PushServiceNews_V1(  767): send topic: ping domain: null message : {}

D/NetEasePushService_PushServiceNews_V1(  767): acquireWakeLock()...

D/NetEasePushService_PushServiceNews_V1(  767): Acquiring wake lock

D/NetEasePushService_PushServiceNews_V1(  767): releaseWakeLock()...

D/pushtrack_TrackWorker_queue_51( 5189): level:Normal user:2088812469041456 tag:PacketReader_push_heart_beat content:start:1435635038169

D/NetEasePushService_PushServiceNews_V1(  767): setAlarm()...

E/cutils  (  324): Failed to mkdirat(/storage/extSdCard/Android): Read-only file system

W/ContextImpl( 5189): Failed to ensure directory: /storage/extSdCard/Android/data/com.eg.android.AlipayGphoneRC/files/com.alipay.android.phone.nfd

I/Monitor ( 5189): [main]onReceive at: com.alipay.android.phone.nfd.nfdservice.ui.app.NfdReceiver, Intent: Intent { act=com.eg.android.AlipayGphoneRC.push.action.CHECK flg=0x14 pkg=com.eg.android.AlipayGphoneRC cmp=com.eg.android.AlipayGphoneRC/com.alipay.android.phone.nfd.nfdservice.ui.app.NfdReceiver (has extras) }, cost:10 ms.

I/Monitor ( 5189): [main]onStartCommand at: com.alipay.android.phone.nfd.nfdservice.ui.app.NfdService, Intent: Intent { act=com.eg.android.AlipayGphone.nfd.action.NfdService cmp=com.eg.android.AlipayGphoneRC/com.alipay.android.phone.nfd.nfdservice.ui.app.NfdService }

E/cutils  (  324): Failed to mkdirat(/storage/extSdCard/Android): Read-only file system

W/ContextImpl( 5189): Failed to ensure directory: /storage/extSdCard/Android/data/com.eg.android.AlipayGphoneRC/files/com.alipay.android.phone.nfd

I/AlipayPush_ClientActionReceiver( 5189): onReceive() action=com.eg.android.AlipayGphoneRC.push.action.CHECK

D/Alipay_cmdcentermanager( 5056): [main][1]task:334d1b2cd379426795a38e39ffdf7c62执行完毕,状态变迁:I----->F(false)

D/Alipay_cmdcentermanager( 5056): [main][1]task:334d1b2cd379426795a38e39ffdf7c62本次任务放弃汇报

I/AlipayPush_b( 5189): processPacket() got one HeartBeatPacket from Server!

I/AlipayPush_ClientActionReceiver( 5189): onReceive() networkInfo.isConnected()=true

I/AlipayPush_l( 5189): getPushKeepAliveInterval() keepAliveTime=300

E/cutils  (  324): Failed to mkdirat(/storage/extSdCard/Android): Read-only file system

D/pushtrack_TrackWorker_queue_51( 5189): level:Normal user:2088812469041456 tag:ClientActionReceiver_onReceive content:action=com.eg.android.AlipayGphoneRC.push.action.CHECK

W/ContextImpl( 5189): Failed to ensure directory: /storage/extSdCard/Android/data/com.eg.android.AlipayGphoneRC/files/com.alipay.android.phone.nfd

I/AlipayPush_NotificationService( 5189): startAlarmTimer ELAPSED_REALTIME_WAKEUP! nextTime=300000

E/cutils  (  324): Failed to mkdirat(/storage/extSdCard/Android): Read-only file system

W/ContextImpl( 5189): Failed to ensure directory: /storage/extSdCard/Android/data/com.eg.android.AlipayGphoneRC/files/com.alipay.android.phone.nfd

W/SharedPreferencesManager( 5189): putInt() : name = nfdwifi_wifi_update_key : key = wifiCount : value = 0

W/SharedPreferencesManager( 5189): putInt() : name = nfdwifi_wifi_update_key : key = mobileCount : value = 0

W/SharedPreferencesManager( 5189): putInt() : name = nfdwifi_wifi_update_key : key = syncLevel : value = 0

W/SharedPreferencesManager( 5189): getInt() : name = nfdwifi_wifi_update_key : key = lastTime : defValue = 0

E/cutils  (  324): Failed to mkdirat(/storage/extSdCard/Android): Read-only file system

W/ContextImpl( 5189): Failed to ensure directory: /storage/extSdCard/Android/data/com.eg.android.AlipayGphoneRC/files/com.alipay.android.phone.nfd

W/SharedPreferencesManager( 5189): getInt() : name = nfdwifi_wifi_lbs_key : key = lbs_last_time : defValue = 1435633838314

E/cutils  (  324): Failed to mkdirat(/storage/extSdCard/Android): Read-only file system

W/ContextImpl( 5189): Failed to ensure directory: /storage/extSdCard/Android/data/com.eg.android.AlipayGphoneRC/files/com.alipay.android.phone.nfd

E/cutils  (  324): Failed to mkdirat(/storage/extSdCard/Android): Read-only file system

W/ContextImpl( 5189): Failed to ensure directory: /storage/extSdCard/Android/data/com.eg.android.AlipayGphoneRC/files/com.alipay.android.phone.nfd

E/cutils  (  324): Failed to mkdirat(/storage/extSdCard/Android): Read-only file system

W/ContextImpl( 5189): Failed to ensure directory: /storage/extSdCard/Android/data/com.eg.android.AlipayGphoneRC/files/com.alipay.android.phone.nfd

E/cutils  (  324): Failed to mkdirat(/storage/extSdCard/Android): Read-only file system

W/ContextImpl( 5189): Failed to ensure directory: /storage/extSdCard/Android/data/com.eg.android.AlipayGphoneRC/files/com.alipay.android.phone.nfd

E/cutils  (  324): Failed to mkdirat(/storage/extSdCard/Android): Read-only file system

W/ContextImpl( 5189): Failed to ensure directory: /storage/extSdCard/Android/data/com.eg.android.AlipayGphoneRC/files/com.alipay.android.phone.nfd

E/cutils  (  324): Failed to mkdirat(/storage/extSdCard/Android): Read-only file system

W/ContextImpl( 5189): Failed to ensure directory: /storage/extSdCard/Android/data/com.eg.android.AlipayGphoneRC/files/com.alipay.android.phone.nfd

D/NetEasePushService_PushServiceNews_V1(  767): publishArrived()...

D/NetEasePushService_PushServiceNews_V1(  767): topic : pong message: 

D/NetEasePushService_PushServiceNews_V1(  767): it is a heartbeat ack message

D/NetEasePushService_PushServiceNews_V1(  767): cancelAlarm()...

D/NetEasePushService_PushServiceNews_V1(  767): heat beat has sent 1 round normally, heartbeat interval is now: 600000ms

I/socket  (32287): msgid:5

D/PushConnection(32287): RTC stat update from 600 to 600

I/MessageHandler(32287): readMessage tiny heart beat from server, msgId:5

D/PushConnection(32287): ReadThread receive msg :id : 5, version: 0, needReply: false

I/MessageHandler(32287): handleMessage MSG_ID_TIMY_HEARTBEAT_CLIENT

I/AlipayPush_ClientActionReceiver( 5189): checkPushStatus linkStatus=true, settingStatus=true

D/pushtrack_TrackWorker_queue_51( 5189): level:Normal user:2088812469041456 tag:ClientActionReceiver_checkTimer content:curStatus=0

I/AlipayPush_l( 5189): getPushKeepAliveInterval() keepAliveTime=300

I/Monitor ( 5189): [main]onReceive at: com.alipay.pushsdk.push.ClientActionReceiver, Intent: Intent { act=com.eg.android.AlipayGphoneRC.push.action.CHECK flg=0x14 pkg=com.eg.android.AlipayGphoneRC (has extras) }, cost:150 ms.

I/AlipayPush_k( 5189): sendPacket()... packet.id=3

D/ClientMonitorWakeupReceiver( 5189): [main]ClientMonitorWakeupReceiver.onReceiveIntent { act=com.eg.android.AlipayGphoneRC.push.action.CHECK flg=0x14 pkg=com.eg.android.AlipayGphoneRC cmp=com.eg.android.AlipayGphoneRC/com.alipay.mobile.logmonitor.ClientMonitorWakeupReceiver (has extras) }

D/pushtrack_TrackWorker_queue_51( 5189): level:Normal user:2088812469041456 tag:PacketReader_push_heart_beat content:start:1435635038353

I/AlipayPush_b( 5189): processPacket() got one HeartBeatPacket from Server!

I/AlipayPush_l( 5189): getPushKeepAliveInterval() keepAliveTime=300

W/ClientMonitorService( 5189): [IntentService[ClientMonitorService]]syncInterval=1435635038386,lastSyncTime=0

E/JavaBinder(  910): !!! FAILED BINDER TRANSACTION !!!

D/dalvikvm(  910): GC_CONCURRENT freed 8160K, 49% free 90056K/176128K, paused 23ms+20ms, total 304ms

D/dalvikvm(  910): WAIT_FOR_CONCURRENT_GC blocked 110ms

D/dalvikvm(  910): WAIT_FOR_CONCURRENT_GC blocked 192ms

E/JavaBinder(  910): !!! FAILED BINDER TRANSACTION !!!

D/cell strength( 1228): ===== cell singal strength changed : 99

E/JavaBinder(  910): !!! FAILED BINDER TRANSACTION !!!

E/JavaBinder(  910): !!! FAILED BINDER TRANSACTION !!!

D/dalvikvm( 8646): GC_CONCURRENT freed 2037K, 32% free 18378K/26876K, paused 8ms+2ms, total 42ms

D/dalvikvm( 8646): WAIT_FOR_CONCURRENT_GC blocked 17ms

I/System.out( 8646): Thread-20136 calls detatch()

E/JavaBinder(  910): !!! FAILED BINDER TRANSACTION !!!

E/JavaBinder(  910): !!! FAILED BINDER TRANSACTION !!!

D/lights  (  910): lcd : 237 +

D/lights  (  910): lcd : 237 -

D/lights  (  910): lcd : 204 +

D/lights  (  910): lcd : 204 -

D/lights  (  910): lcd : 170 +

D/lights  (  910): lcd : 170 -

D/lights  (  910): lcd : 137 +

D/lights  (  910): lcd : 137 -

D/lights  (  910): lcd : 104 +

D/lights  (  910): lcd : 104 -

D/lights  (  910): lcd : 70 +

D/lights  (  910): lcd : 70 -

D/lights  (  910): lcd : 37 +

D/lights  (  910): lcd : 37 -

D/lights  (  910): lcd : 20 +

D/lights  (  910): lcd : 20 -

E/JavaBinder(  910): !!! FAILED BINDER TRANSACTION !!!

D/cell strength( 1228): ===== cell singal strength changed : 99

E/JavaBinder(  910): !!! FAILED BINDER TRANSACTION !!!

D/KeyguardUpdateMonitor( 1110): received broadcast android.intent.action.BATTERY_CHANGED

D/KeyguardUpdateMonitor( 1110): handleBatteryUpdate

D/Brightness(24535): mIntentReceiver.onReceive: action=android.intent.action.BATTERY_CHANGED, intent=Intent { act=android.intent.action.BATTERY_CHANGED flg=0x60000010 (has extras) }

D/MainActivityBaseUi.java(24535): in brightness disabled on critical battery low

I/Monitor ( 5056): [main]onReceive at: com.aps.a$a, Intent: Intent { act=android.intent.action.BATTERY_CHANGED flg=0x60000010 (has extras) }, cost:0 ms.

D/dalvikvm(  910): GC_CONCURRENT freed 8219K, 49% free 90028K/176128K, paused 23ms+24ms, total 287ms

D/dalvikvm(  910): WAIT_FOR_CONCURRENT_GC blocked 149ms

D/dalvikvm(  910): WAIT_FOR_CONCURRENT_GC blocked 120ms

D/dalvikvm(  910): WAIT_FOR_CONCURRENT_GC blocked 118ms

E/JavaBinder(  910): !!! FAILED BINDER TRANSACTION !!!

D/cell strength( 1228): ===== cell singal strength changed : 99

E/JavaBinder(  910): !!! FAILED BINDER TRANSACTION !!!

E/JavaBinder(  910): !!! FAILED BINDER TRANSACTION !!!

I/chromium(24535): [INFO:top_sites_impl.cc(926)]  VLOG NotifyTopSitesChanged

E/JavaBinder(  910): !!! FAILED BINDER TRANSACTION !!!

E/JavaBinder(  910): !!! FAILED BINDER TRANSACTION !!!

D/cell strength( 1228): ===== cell singal strength changed : 99

E/JavaBinder(  910): !!! FAILED BINDER TRANSACTION !!!

D/KeyguardUpdateMonitor( 1110): received broadcast android.intent.action.BATTERY_CHANGED

D/KeyguardUpdateMonitor( 1110): handleBatteryUpdate

D/Brightness(24535): mIntentReceiver.onReceive: action=android.intent.action.BATTERY_CHANGED, intent=Intent { act=android.intent.action.BATTERY_CHANGED flg=0x60000010 (has extras) }

D/MainActivityBaseUi.java(24535): in brightness disabled on critical battery low

I/Monitor ( 5056): [main]onReceive at: com.aps.a$a, Intent: Intent { act=android.intent.action.BATTERY_CHANGED flg=0x60000010 (has extras) }, cost:1 ms.

D/dalvikvm(  910): GC_CONCURRENT freed 8191K, 49% free 90029K/176128K, paused 22ms+21ms, total 299ms

D/dalvikvm(  910): WAIT_FOR_CONCURRENT_GC blocked 138ms

D/dalvikvm(  910): WAIT_FOR_CONCURRENT_GC blocked 55ms

D/dalvikvm(  910): WAIT_FOR_CONCURRENT_GC blocked 125ms

D/KeyguardUpdateMonitor( 1110): received broadcast android.intent.action.TIME_TICK

D/KeyguardUpdateMonitor( 1110): handleTimeUpdate

D/daemonapp( 9256): [MSC_Cmaweather_Daemon]>>> U:1341 [0:0] cDayONight() ::: sunrise is null 

D/daemonapp( 9256): [MSC_Cmaweather_Daemon]>>> U:1357 [0:0] cDayONight() ::: sunset is null 

D/daemonapp( 9256): [MSC_Cmaweather_Daemon]>>> WCS:90 [0:0] action:androidintentactionTIME_TICK

D/daemonapp( 9256): [MSC_Cmaweather_Daemon]>>> CWDS:83 [0:0] Act : widgetappapaccuweatherdaemonactionCHANGE_ICON_OF_DAEMON

D/comsamsunglog( 9256): [MSC_Cmaweather_Daemon]>>> ====================================================================================================================

D/comsamsunglog( 9256): [MSC_Cmaweather_Daemon]>>> daemonapp [Version : 14070101 ] [ 1 ] 

D/comsamsunglog( 9256): [MSC_Cmaweather_Daemon]>>> Header set to : ===> "daemonapp" <===

D/comsamsunglog( 9256): [MSC_Cmaweather_Daemon]>>> ====================================================================================================================

D/daemonapp( 9256): [MSC_Cmaweather_Daemon]>>> CCP:387 [0:0] Provider query : content://cmaweatherprovider/packagename

D/daemonapp( 9256): [MSC_Cmaweather_Daemon]>>> CWDS:1112 [0:0] PakNme size = 1

D/daemonapp( 9256): [MSC_Cmaweather_Daemon]>>> CCP:387 [0:0] Provider query : content://cmaweatherprovider/current_weatherinfo

D/daemonapp( 9256): [MSC_Cmaweather_Daemon]>>> CCP:387 [0:0] Provider query : content://cmaweatherprovider/current_weatherinfo

D/daemonapp( 9256): [MSC_Cmaweather_Daemon]>>> CCP:387 [0:0] Provider query : content://cmaweatherprovider/current_weatherinfo

D/daemonapp( 9256): [MSC_Cmaweather_Daemon]>>> CWDS:127 [0:0] SerStus:true,TmpS:1,AtRfr:0

D/daemonapp( 9256): [MSC_Cmaweather_Daemon]>>> CWDS:682 [0:0] ====ACTION_SEC_CHANGE_ICON_OF_DAEMON===

D/daemonapp( 9256): [MSC_Cmaweather_Daemon]>>> U:1341 [0:0] cDayONight() ::: sunrise is null 

D/daemonapp( 9256): [MSC_Cmaweather_Daemon]>>> U:1357 [0:0] cDayONight() ::: sunset is null 

D/daemonapp( 9256): [MSC_Cmaweather_Daemon]>>> CWDS:685 [0:0] checkDay:true, UtilgetIsDay():false

D/daemonapp( 9256): [MSC_Cmaweather_Daemon]>>> CCP:387 [0:0] Provider query : content://cmaweatherprovider/weatherinfo

D/dalvikvm( 2057): GC_CONCURRENT freed 1894K, 35% free 17648K/26876K, paused 10ms+2ms, total 61ms

D/dalvikvm( 2057): WAIT_FOR_CONCURRENT_GC blocked 30ms

D/dalvikvm( 2057): WAIT_FOR_CONCURRENT_GC blocked 29ms

D/dalvikvm( 2057): GC_CONCURRENT freed 1887K, 34% free 17808K/26876K, paused 7ms+2ms, total 51ms

D/dalvikvm( 2057): WAIT_FOR_CONCURRENT_GC blocked 37ms

E/JavaBinder(  910): !!! FAILED BINDER TRANSACTION !!!

E/JavaBinder(  910): !!! FAILED BINDER TRANSACTION !!!

D/cell strength( 1228): ===== cell singal strength changed : 99

D/cell strength( 1228): ===== cell singal strength changed : 99

D/dalvikvm(  910): GC_CONCURRENT freed 8190K, 49% free 90079K/176128K, paused 8ms+19ms, total 252ms

D/KeyguardUpdateMonitor( 1110): received broadcast android.intent.action.BATTERY_CHANGED

D/KeyguardUpdateMonitor( 1110): handleBatteryUpdate

I/Monitor ( 5056): [main]onReceive at: com.aps.a$a, Intent: Intent { act=android.intent.action.BATTERY_CHANGED flg=0x60000010 (has extras) }, cost:0 ms.

D/Brightness(24535): mIntentReceiver.onReceive: action=android.intent.action.BATTERY_CHANGED, intent=Intent { act=android.intent.action.BATTERY_CHANGED flg=0x60000010 (has extras) }

D/MainActivityBaseUi.java(24535): in brightness disabled on critical battery low

D/cell strength( 1228): ===== cell singal strength changed : 99

E/JavaBinder(  910): !!! FAILED BINDER TRANSACTION !!!

D/dalvikvm( 2199): GC_CONCURRENT freed 1927K, 27% free 19779K/26880K, paused 2ms+2ms, total 37ms

E/JavaBinder(  910): !!! FAILED BINDER TRANSACTION !!!

E/JavaBinder(  910): !!! FAILED BINDER TRANSACTION !!!

D/cell strength( 1228): ===== cell singal strength changed : 99

D/dalvikvm( 7827): GC_CONCURRENT freed 1921K, 22% free 21132K/26876K, paused 8ms+1ms, total 62ms

D/cell strength( 1228): ===== cell singal strength changed : 99

D/dalvikvm(  910): GC_CONCURRENT freed 8234K, 49% free 90055K/176128K, paused 15ms+23ms, total 280ms

W/System.err( 1727): java.lang.IllegalArgumentException: Unknown URL content://com.tencent.server.fore.ForePluginContentProvider/SpProvider/actionStats/String

W/System.err( 1727): 	at android.content.ContentResolver.insert(ContentResolver.java:1197)

W/System.err( 1727): 	at com.tmsdk.common.storage.a.mw(SourceFile:258)

W/System.err( 1727): 	at com.tmsdk.common.storage.a.V(SourceFile:275)

W/System.err( 1727): 	at tcs.aij.F(SourceFile:146)

W/System.err( 1727): 	at tcs.aij.u(SourceFile:105)

W/System.err( 1727): 	at com.tencent.qqpimsecure.storage.b.a(SourceFile:394)

W/System.err( 1727): 	at com.tencent.qqpimsecure.storage.b.a(SourceFile:87)

W/System.err( 1727): 	at tcs.ahr.a(SourceFile:44)

W/System.err( 1727): 	at tcs.ahr.b(SourceFile:75)

W/System.err( 1727): 	at tcs.ahj.T(SourceFile:96)

W/System.err( 1727): 	at tcs.ahj.a(SourceFile:20)

W/System.err( 1727): 	at tcs.ahj$1.run(SourceFile:69)

W/System.err( 1727): 	at tcs.np$a.run(SourceFile:846)

W/System.err( 1727): 	at java.util.concurrent.ThreadPoolExecutor.runWorker(ThreadPoolExecutor.java:1112)

W/System.err( 1727): 	at java.util.concurrent.ThreadPoolExecutor$Worker.run(ThreadPoolExecutor.java:587)

W/System.err( 1727): 	at java.lang.Thread.run(Thread.java:841)

W/System.err( 1727): java.lang.IllegalArgumentException: Unknown URL content://com.tencent.server.fore.ForePluginContentProvider/SpProvider/actionStats/String

W/System.err( 1727): 	at android.content.ContentResolver.insert(ContentResolver.java:1197)

W/System.err( 1727): 	at com.tmsdk.common.storage.a.mw(SourceFile:258)

W/System.err( 1727): 	at com.tmsdk.common.storage.a.V(SourceFile:275)

W/System.err( 1727): 	at tcs.aij.F(SourceFile:146)

W/System.err( 1727): 	at tcs.aij.u(SourceFile:105)

W/System.err( 1727): 	at com.tencent.qqpimsecure.storage.b.a(SourceFile:394)

W/System.err( 1727): 	at com.tencent.qqpimsecure.storage.b.a(SourceFile:87)

W/System.err( 1727): 	at tcs.ahr.a(SourceFile:44)

W/System.err( 1727): 	at tcs.ahr.b(SourceFile:75)

W/System.err( 1727): 	at tcs.ahj.T(SourceFile:96)

W/System.err( 1727): 	at tcs.ahj.a(SourceFile:20)

W/System.err( 1727): 	at tcs.ahj$1.run(SourceFile:69)

W/System.err( 1727): 	at tcs.np$a.run(SourceFile:846)

W/System.err( 1727): 	at java.util.concurrent.ThreadPoolExecutor.runWorker(ThreadPoolExecutor.java:1112)

W/System.err( 1727): 	at java.util.concurrent.ThreadPoolExecutor$Worker.run(ThreadPoolExecutor.java:587)

W/System.err( 1727): 	at java.lang.Thread.run(Thread.java:841)

D/cell strength( 1228): ===== cell singal strength changed : 99

W/System.err( 1727): java.lang.IllegalArgumentException: Unknown URL content://com.tencent.server.fore.ForePluginContentProvider/SpProvider/actionStats/String

W/System.err( 1727): 	at android.content.ContentResolver.insert(ContentResolver.java:1197)

W/System.err( 1727): 	at com.tmsdk.common.storage.a.mw(SourceFile:258)

W/System.err( 1727): 	at com.tmsdk.common.storage.a.V(SourceFile:275)

W/System.err( 1727): 	at tcs.aij.F(SourceFile:146)

W/System.err( 1727): 	at tcs.aij.u(SourceFile:105)

W/System.err( 1727): 	at com.tencent.qqpimsecure.storage.b.a(SourceFile:394)

W/System.err( 1727): 	at com.tencent.qqpimsecure.storage.b.a(SourceFile:87)

W/System.err( 1727): 	at tcs.ahr.a(SourceFile:44)

W/System.err( 1727): 	at tcs.ahr.b(SourceFile:75)

W/System.err( 1727): 	at tcs.ahj.T(SourceFile:96)

W/System.err( 1727): 	at tcs.ahj.a(SourceFile:20)

W/System.err( 1727): 	at tcs.ahj$1.run(SourceFile:69)

W/System.err( 1727): 	at tcs.np$a.run(SourceFile:846)

W/System.err( 1727): 	at java.util.concurrent.ThreadPoolExecutor.runWorker(ThreadPoolExecutor.java:1112)

W/System.err( 1727): 	at java.util.concurrent.ThreadPoolExecutor$Worker.run(ThreadPoolExecutor.java:587)

W/System.err( 1727): 	at java.lang.Thread.run(Thread.java:841)

D/KeyguardUpdateMonitor( 1110): received broadcast android.intent.action.BATTERY_CHANGED

D/KeyguardUpdateMonitor( 1110): handleBatteryUpdate

D/Brightness(24535): mIntentReceiver.onReceive: action=android.intent.action.BATTERY_CHANGED, intent=Intent { act=android.intent.action.BATTERY_CHANGED flg=0x60000010 (has extras) }

D/MainActivityBaseUi.java(24535): in brightness disabled on critical battery low

I/Monitor ( 5056): [main]onReceive at: com.aps.a$a, Intent: Intent { act=android.intent.action.BATTERY_CHANGED flg=0x60000010 (has extras) }, cost:0 ms.

E/JavaBinder(  910): !!! FAILED BINDER TRANSACTION !!!

E/JavaBinder(  910): !!! FAILED BINDER TRANSACTION !!!

E/JavaBinder(  910): !!! FAILED BINDER TRANSACTION !!!

I/chromium(24535): [INFO:top_sites_impl.cc(926)]  VLOG NotifyTopSitesChanged

D/cell strength( 1228): ===== cell singal strength changed : 99

E/JavaBinder(  910): !!! FAILED BINDER TRANSACTION !!!

D/cell strength( 1228): ===== cell singal strength changed : 99

D/dalvikvm(  910): GC_CONCURRENT freed 8215K, 49% free 90031K/176128K, paused 28ms+19ms, total 269ms

D/dalvikvm(  910): WAIT_FOR_CONCURRENT_GC blocked 99ms

E/JavaBinder(  910): !!! FAILED BINDER TRANSACTION !!!

E/JavaBinder(  910): !!! FAILED BINDER TRANSACTION !!!

D/KeyguardUpdateMonitor( 1110): received broadcast android.intent.action.BATTERY_CHANGED

D/KeyguardUpdateMonitor( 1110): handleBatteryUpdate

D/Brightness(24535): mIntentReceiver.onReceive: action=android.intent.action.BATTERY_CHANGED, intent=Intent { act=android.intent.action.BATTERY_CHANGED flg=0x60000010 (has extras) }

D/MainActivityBaseUi.java(24535): in brightness disabled on critical battery low

I/Monitor ( 5056): [main]onReceive at: com.aps.a$a, Intent: Intent { act=android.intent.action.BATTERY_CHANGED flg=0x60000010 (has extras) }, cost:1 ms.

E/JavaBinder(  910): !!! FAILED BINDER TRANSACTION !!!

D/cell strength( 1228): ===== cell singal strength changed : 99

E/JavaBinder(  910): !!! FAILED BINDER TRANSACTION !!!

D/cell strength( 1228): ===== cell singal strength changed : 99

D/dalvikvm(  910): GC_CONCURRENT freed 8198K, 49% free 90025K/176128K, paused 27ms+19ms, total 290ms

D/dalvikvm(  910): WAIT_FOR_CONCURRENT_GC blocked 153ms

D/dalvikvm(  910): WAIT_FOR_CONCURRENT_GC blocked 122ms

E/JavaBinder(  910): !!! FAILED BINDER TRANSACTION !!!

E/JavaBinder(  910): !!! FAILED BINDER TRANSACTION !!!

D/KeyguardUpdateMonitor( 1110): received broadcast android.intent.action.BATTERY_CHANGED

D/KeyguardUpdateMonitor( 1110): handleBatteryUpdate

D/Brightness(24535): mIntentReceiver.onReceive: action=android.intent.action.BATTERY_CHANGED, intent=Intent { act=android.intent.action.BATTERY_CHANGED flg=0x60000010 (has extras) }

D/MainActivityBaseUi.java(24535): in brightness disabled on critical battery low

I/Monitor ( 5056): [main]onReceive at: com.aps.a$a, Intent: Intent { act=android.intent.action.BATTERY_CHANGED flg=0x60000010 (has extras) }, cost:3 ms.

E/JavaBinder(  910): !!! FAILED BINDER TRANSACTION !!!

E/JavaBinder(  910): !!! FAILED BINDER TRANSACTION !!!

D/cell strength( 1228): ===== cell singal strength changed : 99

E/JavaBinder(  910): !!! FAILED BINDER TRANSACTION !!!

E/JavaBinder(  910): !!! FAILED BINDER TRANSACTION !!!

E/JavaBinder(  910): !!! FAILED BINDER TRANSACTION !!!

D/cell strength( 1228): ===== cell singal strength changed : 99

E/JavaBinder(  910): !!! FAILED BINDER TRANSACTION !!!

D/dalvikvm(  910): GC_CONCURRENT freed 8190K, 49% free 90027K/176128K, paused 27ms+19ms, total 283ms

D/dalvikvm(  910): WAIT_FOR_CONCURRENT_GC blocked 151ms

D/dalvikvm(  910): WAIT_FOR_CONCURRENT_GC blocked 96ms

D/cell strength( 1228): ===== cell singal strength changed : 99

D/KeyguardUpdateMonitor( 1110): received broadcast android.intent.action.BATTERY_CHANGED

D/KeyguardUpdateMonitor( 1110): handleBatteryUpdate

I/Monitor ( 5056): [main]onReceive at: com.aps.a$a, Intent: Intent { act=android.intent.action.BATTERY_CHANGED flg=0x60000010 (has extras) }, cost:1 ms.

D/Brightness(24535): mIntentReceiver.onReceive: action=android.intent.action.BATTERY_CHANGED, intent=Intent { act=android.intent.action.BATTERY_CHANGED flg=0x60000010 (has extras) }

D/MainActivityBaseUi.java(24535): in brightness disabled on critical battery low

E/JavaBinder(  910): !!! FAILED BINDER TRANSACTION !!!

D/dalvikvm( 2199): GC_CONCURRENT freed 1914K, 27% free 19795K/26880K, paused 3ms+3ms, total 39ms

I/chromium(24535): [INFO:top_sites_impl.cc(926)]  VLOG NotifyTopSitesChanged

E/JavaBinder(  910): !!! FAILED BINDER TRANSACTION !!!

D/cell strength( 1228): ===== cell singal strength changed : 99

D/dalvikvm(  910): GC_CONCURRENT freed 8167K, 49% free 90039K/176128K, paused 21ms+19ms, total 266ms

D/cell strength( 1228): ===== cell singal strength changed : 99

D/InputReader(  910): Input event: value=1

I/InputReader(  910): Touch event's action is 0x0 (deviceType=0) [pCnt=1, s=0.1908 ] when=2773624243042000

I/InputDispatcher(  910): Delivering touch to (1110): action: 0x4, toolType: 1

I/InputDispatcher(  910): Delivering touch to (6051): action: 0x0, toolType: 1

D/lights  (  910): lcd : 24 +

D/lights  (  910): lcd : 24 -

D/lights  (  910): lcd : 57 +

D/lights  (  910): lcd : 57 -

D/lights  (  910): lcd : 90 +

D/lights  (  910): lcd : 90 -

