E/StatusBar.NetworkController( 1110): refreshSignalCluster: roam

E/StatusBar.NetworkController( 1110): refreshSignalCluster: set mShowPhoneRSSIForData = false

D/STATUSBAR-IconMerger( 1110): checkOverflow(504), More:true, Req:true Child:24

E/JavaBinder(  910): !!! FAILED BINDER TRANSACTION !!!

D/STATUSBAR-NetworkController( 1110): refreshSignalCluster - setNWBoosterIndicators(false)

D/StatusBar.NetworkController( 1110): refreshSignalCluster: else : 

D/STATUSBAR-SignalClusterView( 1110): setDataSignalIcon mMobileDataGroup GONE

E/StatusBar.NetworkController( 1110): refreshSignalCluster: roam

E/StatusBar.NetworkController( 1110): refreshSignalCluster: set mShowPhoneRSSIForData = false

D/STATUSBAR-IconMerger( 1110): checkOverflow(504), More:true, Req:true Child:24

D/cell strength( 1228): ===== cell singal strength changed : 99

D/STATUSBAR-NetworkController( 1110): onSignalStrengthsChanged signalStrength=SignalStrength: 99 -1 16384 -160 -120 -1 -1 99 2147483647 2147483647 2147483647 -1 -77 gsm|lte 0x0 level=4

D/BatteryService(  910): level:49, scale:100, status:2, health:2, present:true, voltage: 3898, temperature: 292, technology: Li-ion, AC powered:false, USB powered:true, Wireless powered:false, icon:17303609, invalid charger:0, online:4, current avg:450, charge type:1, power sharing:false, high voltage charger:false

D/BatteryService(  910): Sending ACTION_BATTERY_CHANGED.

D/KeyguardUpdateMonitor( 1110): received broadcast android.intent.action.BATTERY_CHANGED

D/KeyguardUpdateMonitor( 1110): handleBatteryUpdate

D/UiModeManager(  910): mCoverManager.getCoverState() : true

D/SViewCoverView( 1659): BroadcastReceiver onReceive() : action : android.intent.action.BATTERY_CHANGED

D/SViewCoverView( 1659): level :49 plugged : 2

D/Brightness(24535): mIntentReceiver.onReceive: action=android.intent.action.BATTERY_CHANGED, intent=Intent { act=android.intent.action.BATTERY_CHANGED flg=0x60000010 (has extras) }

I/Monitor ( 5056): [main]onReceive at: com.aps.a$a, Intent: Intent { act=android.intent.action.BATTERY_CHANGED flg=0x60000010 (has extras) }, cost:2 ms.

D/MainActivityBaseUi.java(24535): in brightness disabled on critical battery low

D/STATUSBAR-PhoneStatusBar( 1110):  mBrightnessEnablebySettings = true mBrightnessEnablebyBattery = true mBrightnessEnablebyDisableFlag = true mPmsBrightnessEnablebySettings = true

D/BatteryMeterView( 1110): ACTION_BATTERY_CHANGED : level:49 status:2 health:2

D/STATUSBAR-IconMerger( 1110): checkOverflow(504), More:true, Req:true Child:24

D/cell strength( 1228): ===== cell singal strength changed : 99

D/STATUSBAR-NetworkController( 1110): onSignalStrengthsChanged signalStrength=SignalStrength: 99 -1 16384 -160 -120 -1 -1 99 2147483647 2147483647 2147483647 -1 -77 gsm|lte 0x0 level=4

D/SSRMv2:SIOP(  910): SIOP:: AP = 360 (0), Delta = 0

D/dalvikvm(  910): GC_CONCURRENT freed 8198K, 49% free 90032K/176128K, paused 8ms+20ms, total 247ms

E/JavaBinder(  910): !!! FAILED BINDER TRANSACTION !!!

D/STATUSBAR-NetworkController( 1110): refreshSignalCluster - setNWBoosterIndicators(false)

D/StatusBar.NetworkController( 1110): refreshSignalCluster: else : 

D/STATUSBAR-SignalClusterView( 1110): setDataSignalIcon mMobileDataGroup GONE

E/StatusBar.NetworkController( 1110): refreshSignalCluster: roam

E/StatusBar.NetworkController( 1110): refreshSignalCluster: set mShowPhoneRSSIForData = false

D/STATUSBAR-IconMerger( 1110): checkOverflow(504), More:true, Req:true Child:24

D/STATUSBAR-NetworkController( 1110): onReceive() - RSSI_CHANGED_ACTION, WIFI_STATE, NETWORK_STATE

D/STATUSBAR-NetworkController( 1110): refreshSignalCluster - setNWBoosterIndicators(false)

D/StatusBar.NetworkController( 1110): refreshSignalCluster: else : 

D/STATUSBAR-SignalClusterView( 1110): setDataSignalIcon mMobileDataGroup GONE

E/StatusBar.NetworkController( 1110): refreshSignalCluster: roam

E/StatusBar.NetworkController( 1110): refreshSignalCluster: set mShowPhoneRSSIForData = false

D/STATUSBAR-IconMerger( 1110): checkOverflow(504), More:true, Req:true Child:24

E/JavaBinder(  910): !!! FAILED BINDER TRANSACTION !!!

D/STATUSBAR-NetworkController( 1110): refreshSignalCluster - setNWBoosterIndicators(false)

D/StatusBar.NetworkController( 1110): refreshSignalCluster: else : 

D/STATUSBAR-SignalClusterView( 1110): setDataSignalIcon mMobileDataGroup GONE

E/StatusBar.NetworkController( 1110): refreshSignalCluster: roam

E/StatusBar.NetworkController( 1110): refreshSignalCluster: set mShowPhoneRSSIForData = false

D/STATUSBAR-IconMerger( 1110): checkOverflow(504), More:true, Req:true Child:24

D/cell strength( 1228): ===== cell singal strength changed : 99

D/STATUSBAR-NetworkController( 1110): onSignalStrengthsChanged signalStrength=SignalStrength: 99 -1 16384 -160 -120 -1 -1 99 2147483647 2147483647 2147483647 -1 -76 gsm|lte 0x0 level=4

E/JavaBinder(  910): !!! FAILED BINDER TRANSACTION !!!

D/STATUSBAR-NetworkController( 1110): refreshSignalCluster - setNWBoosterIndicators(false)

D/StatusBar.NetworkController( 1110): refreshSignalCluster: else : 

D/STATUSBAR-SignalClusterView( 1110): setDataSignalIcon mMobileDataGroup GONE

E/StatusBar.NetworkController( 1110): refreshSignalCluster: roam

E/StatusBar.NetworkController( 1110): refreshSignalCluster: set mShowPhoneRSSIForData = false

D/STATUSBAR-IconMerger( 1110): checkOverflow(504), More:true, Req:true Child:24

E/JavaBinder(  910): !!! FAILED BINDER TRANSACTION !!!

D/STATUSBAR-NetworkController( 1110): refreshSignalCluster - setNWBoosterIndicators(false)

D/StatusBar.NetworkController( 1110): refreshSignalCluster: else : 

D/STATUSBAR-SignalClusterView( 1110): setDataSignalIcon mMobileDataGroup GONE

E/StatusBar.NetworkController( 1110): refreshSignalCluster: roam

E/StatusBar.NetworkController( 1110): refreshSignalCluster: set mShowPhoneRSSIForData = false

D/STATUSBAR-IconMerger( 1110): checkOverflow(504), More:true, Req:true Child:24

D/STATUSBAR-NetworkController( 1110): onReceive() - RSSI_CHANGED_ACTION, WIFI_STATE, NETWORK_STATE

D/STATUSBAR-NetworkController( 1110): refreshSignalCluster - setNWBoosterIndicators(false)

D/StatusBar.NetworkController( 1110): refreshSignalCluster: else : 

D/STATUSBAR-SignalClusterView( 1110): setDataSignalIcon mMobileDataGroup GONE

E/StatusBar.NetworkController( 1110): refreshSignalCluster: roam

E/StatusBar.NetworkController( 1110): refreshSignalCluster: set mShowPhoneRSSIForData = false

D/STATUSBAR-IconMerger( 1110): checkOverflow(504), More:true, Req:true Child:24

D/SSRMv2:SIOP(  910): SIOP:: AP = 360 (0), Delta = 0

E/Watchdog(  910): !@Sync 92432

D/dalvikvm(  910): GC_CONCURRENT freed 8196K, 49% free 90027K/176128K, paused 28ms+19ms, total 278ms

D/dalvikvm(  910): WAIT_FOR_CONCURRENT_GC blocked 192ms

D/dalvikvm(  910): WAIT_FOR_CONCURRENT_GC blocked 61ms

D/dalvikvm(  910): WAIT_FOR_CONCURRENT_GC blocked 161ms

V/AlarmManager(  910): waitForAlarm result :4

V/AlarmManager(  910): trigger ELAPSED_REALTIME_WAKEUP or RTC_WAKEUP

W/System.err( 1727): java.lang.IllegalArgumentException: Unknown URL content://com.tencent.server.fore.ForePluginContentProvider/SpProvider/actionStats/String

W/System.err( 1727): 	at android.content.ContentResolver.insert(ContentResolver.java:1197)

W/System.err( 1727): 	at com.tmsdk.common.storage.a.mw(SourceFile:258)

W/System.err( 1727): 	at com.tmsdk.common.storage.a.V(SourceFile:275)

W/System.err( 1727): 	at tcs.aij.F(SourceFile:146)

W/System.err( 1727): 	at tcs.aij.u(SourceFile:105)

W/System.err( 1727): 	at com.tencent.qqpimsecure.storage.b.a(SourceFile:394)

W/System.err( 1727): 	at com.tencent.qqpimsecure.storage.b.a(SourceFile:87)

E/ActivityThread( 1727): Failed to find provider info for com.tencent.server.fore.ForePluginContentProvider

E/ActivityThread( 1727): Failed to find provider info for com.tencent.server.fore.ForePluginContentProvider

E/ActivityThread( 1727): Failed to find provider info for com.tencent.server.fore.ForePluginContentProvider

E/ActivityThread( 1727): Failed to find provider info for com.tencent.server.fore.ForePluginContentProvider

E/ActivityThread( 1727): Failed to find provider info for com.tencent.server.fore.ForePluginContentProvider

W/System.err( 1727): 	at tcs.ahr.a(SourceFile:44)

W/System.err( 1727): 	at tcs.ahr.b(SourceFile:75)

W/System.err( 1727): 	at tcs.ahj.T(SourceFile:96)

W/System.err( 1727): 	at tcs.ahj.a(SourceFile:20)

W/System.err( 1727): 	at tcs.ahj$1.run(SourceFile:69)

W/System.err( 1727): 	at tcs.np$a.run(SourceFile:846)

W/System.err( 1727): 	at java.util.concurrent.ThreadPoolExecutor.runWorker(ThreadPoolExecutor.java:1112)

W/System.err( 1727): 	at java.util.concurrent.ThreadPoolExecutor$Worker.run(ThreadPoolExecutor.java:587)

W/System.err( 1727): 	at java.lang.Thread.run(Thread.java:841)

D/KeyguardUpdateMonitor( 1110): received broadcast android.intent.action.BATTERY_CHANGED

D/KeyguardUpdateMonitor( 1110): handleBatteryUpdate

D/Brightness(24535): mIntentReceiver.onReceive: action=android.intent.action.BATTERY_CHANGED, intent=Intent { act=android.intent.action.BATTERY_CHANGED flg=0x60000010 (has extras) }

D/MainActivityBaseUi.java(24535): in brightness disabled on critical battery low

D/BatteryService(  910): level:49, scale:100, status:2, health:2, present:true, voltage: 3885, temperature: 292, technology: Li-ion, AC powered:false, USB powered:true, Wireless powered:false, icon:17303609, invalid charger:0, online:4, current avg:450, charge type:1, power sharing:false, high voltage charger:false

D/BatteryService(  910): Sending ACTION_BATTERY_CHANGED.

D/UiModeManager(  910): mCoverManager.getCoverState() : true

D/SViewCoverView( 1659): BroadcastReceiver onReceive() : action : android.intent.action.BATTERY_CHANGED

D/SViewCoverView( 1659): level :49 plugged : 2

I/Monitor ( 5056): [main]onReceive at: com.aps.a$a, Intent: Intent { act=android.intent.action.BATTERY_CHANGED flg=0x60000010 (has extras) }, cost:0 ms.

D/STATUSBAR-PhoneStatusBar( 1110):  mBrightnessEnablebySettings = true mBrightnessEnablebyBattery = true mBrightnessEnablebyDisableFlag = true mPmsBrightnessEnablebySettings = true

E/ActivityThread( 1727): Failed to find provider info for com.tencent.server.fore.ForePluginContentProvider

D/STATUSBAR-IconMerger( 1110): checkOverflow(504), More:true, Req:true Child:24

W/System.err( 1727): java.lang.IllegalArgumentException: Unknown URL content://com.tencent.server.fore.ForePluginContentProvider/SpProvider/actionStats/String

W/System.err( 1727): 	at android.content.ContentResolver.insert(ContentResolver.java:1197)

W/System.err( 1727): 	at com.tmsdk.common.storage.a.mw(SourceFile:258)

W/System.err( 1727): 	at com.tmsdk.common.storage.a.V(SourceFile:275)

W/System.err( 1727): 	at tcs.aij.F(SourceFile:146)

W/System.err( 1727): 	at tcs.aij.u(SourceFile:105)

W/System.err( 1727): 	at com.tencent.qqpimsecure.storage.b.a(SourceFile:394)

W/System.err( 1727): 	at com.tencent.qqpimsecure.storage.b.a(SourceFile:87)

W/System.err( 1727): 	at tcs.ahr.a(SourceFile:44)

W/System.err( 1727): 	at tcs.ahr.b(SourceFile:75)

W/System.err( 1727): 	at tcs.ahj.T(SourceFile:96)

W/System.err( 1727): 	at tcs.ahj.a(SourceFile:20)

W/System.err( 1727): 	at tcs.ahj$1.run(SourceFile:69)

W/System.err( 1727): 	at tcs.np$a.run(SourceFile:846)

W/System.err( 1727): 	at java.util.concurrent.ThreadPoolExecutor.runWorker(ThreadPoolExecutor.java:1112)

W/System.err( 1727): 	at java.util.concurrent.ThreadPoolExecutor$Worker.run(ThreadPoolExecutor.java:587)

W/System.err( 1727): 	at java.lang.Thread.run(Thread.java:841)

E/ActivityThread( 1727): Failed to find provider info for com.tencent.server.fore.ForePluginContentProvider

E/ActivityThread( 1727): Failed to find provider info for com.tencent.server.fore.ForePluginContentProvider

E/ActivityThread( 1727): Failed to find provider info for com.tencent.server.fore.ForePluginContentProvider

E/ActivityThread( 1727): Failed to find provider info for com.tencent.server.fore.ForePluginContentProvider

D/BatteryMeterView( 1110): ACTION_BATTERY_CHANGED : level:49 status:2 health:2

E/ActivityThread( 1727): Failed to find provider info for com.tencent.server.fore.ForePluginContentProvider

E/ActivityThread( 1727): Failed to find provider info for com.tencent.server.fore.ForePluginContentProvider

E/ActivityThread( 1727): Failed to find provider info for com.tencent.server.fore.ForePluginContentProvider

W/System.err( 1727): java.lang.IllegalArgumentException: Unknown URL content://com.tencent.server.fore.ForePluginContentProvider/SpProvider/actionStats/String

W/System.err( 1727): 	at android.content.ContentResolver.insert(ContentResolver.java:1197)

W/System.err( 1727): 	at com.tmsdk.common.storage.a.mw(SourceFile:258)

W/System.err( 1727): 	at com.tmsdk.common.storage.a.V(SourceFile:275)

W/System.err( 1727): 	at tcs.aij.F(SourceFile:146)

W/System.err( 1727): 	at tcs.aij.u(SourceFile:105)

W/System.err( 1727): 	at com.tencent.qqpimsecure.storage.b.a(SourceFile:394)

W/System.err( 1727): 	at com.tencent.qqpimsecure.storage.b.a(SourceFile:87)

W/System.err( 1727): 	at tcs.ahr.a(SourceFile:44)

W/System.err( 1727): 	at tcs.ahr.b(SourceFile:75)

W/System.err( 1727): 	at tcs.ahj.T(SourceFile:96)

W/System.err( 1727): 	at tcs.ahj.a(SourceFile:20)

W/System.err( 1727): 	at tcs.ahj$1.run(SourceFile:69)

W/System.err( 1727): 	at tcs.np$a.run(SourceFile:846)

W/System.err( 1727): 	at java.util.concurrent.ThreadPoolExecutor.runWorker(ThreadPoolExecutor.java:1112)

W/System.err( 1727): 	at java.util.concurrent.ThreadPoolExecutor$Worker.run(ThreadPoolExecutor.java:587)

W/System.err( 1727): 	at java.lang.Thread.run(Thread.java:841)

E/ActivityThread( 1727): Failed to find provider info for com.tencent.server.fore.ForePluginContentProvider

E/ActivityThread( 1727): Failed to find provider info for com.tencent.server.fore.ForePluginContentProvider

E/JavaBinder(  910): !!! FAILED BINDER TRANSACTION !!!

D/STATUSBAR-NetworkController( 1110): refreshSignalCluster - setNWBoosterIndicators(false)

D/StatusBar.NetworkController( 1110): refreshSignalCluster: else : 

D/STATUSBAR-SignalClusterView( 1110): setDataSignalIcon mMobileDataGroup GONE

E/StatusBar.NetworkController( 1110): refreshSignalCluster: roam

E/StatusBar.NetworkController( 1110): refreshSignalCluster: set mShowPhoneRSSIForData = false

D/STATUSBAR-IconMerger( 1110): checkOverflow(504), More:true, Req:true Child:24

D/cell strength( 1228): ===== cell singal strength changed : 99

D/STATUSBAR-NetworkController( 1110): onSignalStrengthsChanged signalStrength=SignalStrength: 99 -1 16384 -160 -120 -1 -1 99 2147483647 2147483647 2147483647 -1 -75 gsm|lte 0x0 level=4

E/JavaBinder(  910): !!! FAILED BINDER TRANSACTION !!!

D/STATUSBAR-NetworkController( 1110): refreshSignalCluster - setNWBoosterIndicators(false)

D/StatusBar.NetworkController( 1110): refreshSignalCluster: else : 

D/STATUSBAR-SignalClusterView( 1110): setDataSignalIcon mMobileDataGroup GONE

E/StatusBar.NetworkController( 1110): refreshSignalCluster: roam

E/StatusBar.NetworkController( 1110): refreshSignalCluster: set mShowPhoneRSSIForData = false

D/STATUSBAR-IconMerger( 1110): checkOverflow(504), More:true, Req:true Child:24

E/JavaBinder(  910): !!! FAILED BINDER TRANSACTION !!!

D/STATUSBAR-NetworkController( 1110): refreshSignalCluster - setNWBoosterIndicators(false)

D/StatusBar.NetworkController( 1110): refreshSignalCluster: else : 

D/STATUSBAR-SignalClusterView( 1110): setDataSignalIcon mMobileDataGroup GONE

E/StatusBar.NetworkController( 1110): refreshSignalCluster: roam

E/StatusBar.NetworkController( 1110): refreshSignalCluster: set mShowPhoneRSSIForData = false

D/STATUSBAR-IconMerger( 1110): checkOverflow(504), More:true, Req:true Child:24

I/chromium(24535): [INFO:top_sites_impl.cc(926)]  VLOG NotifyTopSitesChanged

E/JavaBinder(  910): !!! FAILED BINDER TRANSACTION !!!

D/STATUSBAR-NetworkController( 1110): refreshSignalCluster - setNWBoosterIndicators(false)

D/StatusBar.NetworkController( 1110): refreshSignalCluster: else : 

D/STATUSBAR-SignalClusterView( 1110): setDataSignalIcon mMobileDataGroup GONE

E/StatusBar.NetworkController( 1110): refreshSignalCluster: roam

E/StatusBar.NetworkController( 1110): refreshSignalCluster: set mShowPhoneRSSIForData = false

D/STATUSBAR-IconMerger( 1110): checkOverflow(504), More:true, Req:true Child:24

D/cell strength( 1228): ===== cell singal strength changed : 99

D/STATUSBAR-NetworkController( 1110): onSignalStrengthsChanged signalStrength=SignalStrength: 99 -1 16384 -160 -120 -1 -1 99 2147483647 2147483647 2147483647 -1 -76 gsm|lte 0x0 level=4

D/STATUSBAR-NetworkController( 1110): onReceive() - RSSI_CHANGED_ACTION, WIFI_STATE, NETWORK_STATE

D/STATUSBAR-NetworkController( 1110): refreshSignalCluster - setNWBoosterIndicators(false)

D/StatusBar.NetworkController( 1110): refreshSignalCluster: else : 

D/STATUSBAR-SignalClusterView( 1110): setDataSignalIcon mMobileDataGroup GONE

E/StatusBar.NetworkController( 1110): refreshSignalCluster: roam

E/StatusBar.NetworkController( 1110): refreshSignalCluster: set mShowPhoneRSSIForData = false

D/STATUSBAR-IconMerger( 1110): checkOverflow(504), More:true, Req:true Child:24

D/cell strength( 1228): ===== cell singal strength changed : 99

D/STATUSBAR-NetworkController( 1110): onSignalStrengthsChanged signalStrength=SignalStrength: 99 -1 16384 -160 -120 -1 -1 99 2147483647 2147483647 2147483647 -1 -75 gsm|lte 0x0 level=4

D/SSRMv2:SIOP(  910): SIOP:: AP = 360 (0), Delta = 0

D/dalvikvm(  910): GC_CONCURRENT freed 8186K, 49% free 90033K/176128K, paused 31ms+19ms, total 310ms

D/dalvikvm(  910): WAIT_FOR_CONCURRENT_GC blocked 175ms

D/dalvikvm(  910): WAIT_FOR_CONCURRENT_GC blocked 173ms

D/STATUSBAR-NetworkController( 1110): onReceive() - RSSI_CHANGED_ACTION, WIFI_STATE, NETWORK_STATE

D/STATUSBAR-NetworkController( 1110): refreshSignalCluster - setNWBoosterIndicators(false)

D/StatusBar.NetworkController( 1110): refreshSignalCluster: else : 

D/STATUSBAR-SignalClusterView( 1110): setDataSignalIcon mMobileDataGroup GONE

E/StatusBar.NetworkController( 1110): refreshSignalCluster: roam

E/StatusBar.NetworkController( 1110): refreshSignalCluster: set mShowPhoneRSSIForData = false

D/STATUSBAR-IconMerger( 1110): checkOverflow(504), More:true, Req:true Child:24

V/AlarmManager(  910): waitForAlarm result :8

D/KeyguardClockWidgetService(17854): onReceive action=android.intent.action.TIME_TICK

V/AlarmManager(  910): ClockReceiver onReceive() ACTION_TIME_TICK

D/KeyguardUpdateMonitor( 1110): received broadcast android.intent.action.TIME_TICK

D/KeyguardUpdateMonitor( 1110): handleTimeUpdate

D/BatteryService(  910): level:49, scale:100, status:2, health:2, present:true, voltage: 3892, temperature: 292, technology: Li-ion, AC powered:false, USB powered:true, Wireless powered:false, icon:17303609, invalid charger:0, online:4, current avg:450, charge type:1, power sharing:false, high voltage charger:false

D/STATUSBAR-IconMerger( 1110): checkOverflow(504), More:true, Req:true Child:24

D/BatteryService(  910): Sending ACTION_BATTERY_CHANGED.

D/KeyguardUpdateMonitor( 1110): received broadcast android.intent.action.BATTERY_CHANGED

D/UiModeManager(  910): mCoverManager.getCoverState() : true

D/SViewCoverView( 1659): BroadcastReceiver onReceive() : action : android.intent.action.BATTERY_CHANGED

D/SViewCoverView( 1659): level :49 plugged : 2

D/Brightness(24535): mIntentReceiver.onReceive: action=android.intent.action.BATTERY_CHANGED, intent=Intent { act=android.intent.action.BATTERY_CHANGED flg=0x60000010 (has extras) }

D/MainActivityBaseUi.java(24535): in brightness disabled on critical battery low

I/Monitor ( 5056): [main]onReceive at: com.aps.a$a, Intent: Intent { act=android.intent.action.BATTERY_CHANGED flg=0x60000010 (has extras) }, cost:0 ms.

D/KeyguardUpdateMonitor( 1110): handleBatteryUpdate

D/STATUSBAR-PhoneStatusBar( 1110):  mBrightnessEnablebySettings = true mBrightnessEnablebyBattery = true mBrightnessEnablebyDisableFlag = true mPmsBrightnessEnablebySettings = true

D/BatteryMeterView( 1110): ACTION_BATTERY_CHANGED : level:49 status:2 health:2

D/SViewCoverWidget( 1659): initClock() : TimeZone =libcore.util.ZoneInfo[id="Asia/Shanghai",mRawOffset=28800000,mEarliestRawOffset=28800000,mUseDst=false,mDstSavings=3600000,transitions=16]

D/STATUSBAR-IconMerger( 1110): checkOverflow(504), More:true, Req:true Child:24

D/daemonapp( 9256): [MSC_Cmaweather_Daemon]>>> U:1341 [0:0] cDayONight() ::: sunrise is null 

D/daemonapp( 9256): [MSC_Cmaweather_Daemon]>>> U:1357 [0:0] cDayONight() ::: sunset is null 

D/daemonapp( 9256): [MSC_Cmaweather_Daemon]>>> WCS:90 [0:0] action:androidintentactionTIME_TICK

D/daemonapp( 9256): [MSC_Cmaweather_Daemon]>>> CWDS:83 [0:0] Act : widgetappapaccuweatherdaemonactionCHANGE_ICON_OF_DAEMON

D/comsamsunglog( 9256): [MSC_Cmaweather_Daemon]>>> ====================================================================================================================

D/comsamsunglog( 9256): [MSC_Cmaweather_Daemon]>>> daemonapp [Version : 14070101 ] [ 1 ] 

D/comsamsunglog( 9256): [MSC_Cmaweather_Daemon]>>> Header set to : ===> "daemonapp" <===

D/comsamsunglog( 9256): [MSC_Cmaweather_Daemon]>>> ====================================================================================================================

D/daemonapp( 9256): [MSC_Cmaweather_Daemon]>>> CCP:387 [0:0] Provider query : content://cmaweatherprovider/packagename

D/daemonapp( 9256): [MSC_Cmaweather_Daemon]>>> CWDS:1112 [0:0] PakNme size = 1

D/daemonapp( 9256): [MSC_Cmaweather_Daemon]>>> CCP:387 [0:0] Provider query : content://cmaweatherprovider/current_weatherinfo

D/daemonapp( 9256): [MSC_Cmaweather_Daemon]>>> CCP:387 [0:0] Provider query : content://cmaweatherprovider/current_weatherinfo

D/daemonapp( 9256): [MSC_Cmaweather_Daemon]>>> CCP:387 [0:0] Provider query : content://cmaweatherprovider/current_weatherinfo

D/daemonapp( 9256): [MSC_Cmaweather_Daemon]>>> CWDS:127 [0:0] SerStus:true,TmpS:1,AtRfr:0

D/daemonapp( 9256): [MSC_Cmaweather_Daemon]>>> CWDS:682 [0:0] ====ACTION_SEC_CHANGE_ICON_OF_DAEMON===

D/daemonapp( 9256): [MSC_Cmaweather_Daemon]>>> U:1341 [0:0] cDayONight() ::: sunrise is null 

D/daemonapp( 9256): [MSC_Cmaweather_Daemon]>>> U:1357 [0:0] cDayONight() ::: sunset is null 

D/daemonapp( 9256): [MSC_Cmaweather_Daemon]>>> CWDS:685 [0:0] checkDay:true, UtilgetIsDay():false

D/daemonapp( 9256): [MSC_Cmaweather_Daemon]>>> CCP:387 [0:0] Provider query : content://cmaweatherprovider/weatherinfo

D/cell strength( 1228): ===== cell singal strength changed : 99

D/STATUSBAR-NetworkController( 1110): onSignalStrengthsChanged signalStrength=SignalStrength: 99 -1 16384 -160 -120 -1 -1 99 2147483647 2147483647 2147483647 -1 -74 gsm|lte 0x0 level=4

E/JavaBinder(  910): !!! FAILED BINDER TRANSACTION !!!

D/STATUSBAR-NetworkController( 1110): refreshSignalCluster - setNWBoosterIndicators(false)

D/StatusBar.NetworkController( 1110): refreshSignalCluster: else : 

D/STATUSBAR-SignalClusterView( 1110): setDataSignalIcon mMobileDataGroup GONE

E/StatusBar.NetworkController( 1110): refreshSignalCluster: roam

E/StatusBar.NetworkController( 1110): refreshSignalCluster: set mShowPhoneRSSIForData = false

D/STATUSBAR-IconMerger( 1110): checkOverflow(504), More:true, Req:true Child:24

E/JavaBinder(  910): !!! FAILED BINDER TRANSACTION !!!

D/STATUSBAR-NetworkController( 1110): refreshSignalCluster - setNWBoosterIndicators(false)

D/StatusBar.NetworkController( 1110): refreshSignalCluster: else : 

D/STATUSBAR-SignalClusterView( 1110): setDataSignalIcon mMobileDataGroup GONE

E/StatusBar.NetworkController( 1110): refreshSignalCluster: roam

E/StatusBar.NetworkController( 1110): refreshSignalCluster: set mShowPhoneRSSIForData = false

D/STATUSBAR-IconMerger( 1110): checkOverflow(504), More:true, Req:true Child:24

D/cell strength( 1228): ===== cell singal strength changed : 99

D/STATUSBAR-NetworkController( 1110): onSignalStrengthsChanged signalStrength=SignalStrength: 99 -1 16384 -160 -120 -1 -1 99 2147483647 2147483647 2147483647 -1 -73 gsm|lte 0x0 level=4

D/STATUSBAR-NetworkController( 1110): onReceive() - RSSI_CHANGED_ACTION, WIFI_STATE, NETWORK_STATE

D/STATUSBAR-NetworkController( 1110): refreshSignalCluster - setNWBoosterIndicators(false)

D/StatusBar.NetworkController( 1110): refreshSignalCluster: else : 

D/STATUSBAR-SignalClusterView( 1110): setDataSignalIcon mMobileDataGroup GONE

E/StatusBar.NetworkController( 1110): refreshSignalCluster: roam

E/StatusBar.NetworkController( 1110): refreshSignalCluster: set mShowPhoneRSSIForData = false

D/STATUSBAR-IconMerger( 1110): checkOverflow(504), More:true, Req:true Child:24

D/dalvikvm( 2199): GC_CONCURRENT freed 1948K, 27% free 19755K/26880K, paused 3ms+2ms, total 43ms

D/cell strength( 1228): ===== cell singal strength changed : 99

D/STATUSBAR-NetworkController( 1110): onSignalStrengthsChanged signalStrength=SignalStrength: 99 -1 16384 -160 -120 -1 -1 99 2147483647 2147483647 2147483647 -1 -72 gsm|lte 0x0 level=4

D/dalvikvm( 7827): GC_CONCURRENT freed 1920K, 22% free 21132K/26876K, paused 7ms+1ms, total 73ms

D/STATUSBAR-NetworkController( 1110): onReceive() - RSSI_CHANGED_ACTION, WIFI_STATE, NETWORK_STATE

D/STATUSBAR-NetworkController( 1110): refreshSignalCluster - setNWBoosterIndicators(false)

D/StatusBar.NetworkController( 1110): refreshSignalCluster: else : 

D/STATUSBAR-SignalClusterView( 1110): setDataSignalIcon mMobileDataGroup GONE

E/StatusBar.NetworkController( 1110): refreshSignalCluster: roam

E/StatusBar.NetworkController( 1110): refreshSignalCluster: set mShowPhoneRSSIForData = false

D/STATUSBAR-IconMerger( 1110): checkOverflow(504), More:true, Req:true Child:24

D/dalvikvm(  910): GC_CONCURRENT freed 8187K, 49% free 90038K/176128K, paused 21ms+20ms, total 305ms

D/dalvikvm(  910): WAIT_FOR_CONCURRENT_GC blocked 103ms

D/SSRMv2:SIOP(  910): SIOP:: AP = 360 (0), Delta = 0

D/cell strength( 1228): ===== cell singal strength changed : 99

D/STATUSBAR-NetworkController( 1110): onSignalStrengthsChanged signalStrength=SignalStrength: 99 -1 16384 -160 -120 -1 -1 99 2147483647 2147483647 2147483647 -1 -73 gsm|lte 0x0 level=4

D/STATUSBAR-NetworkController( 1110): onReceive() - RSSI_CHANGED_ACTION, WIFI_STATE, NETWORK_STATE

D/STATUSBAR-NetworkController( 1110): refreshSignalCluster - setNWBoosterIndicators(false)

D/StatusBar.NetworkController( 1110): refreshSignalCluster: else : 

D/STATUSBAR-SignalClusterView( 1110): setDataSignalIcon mMobileDataGroup GONE

E/StatusBar.NetworkController( 1110): refreshSignalCluster: roam

E/StatusBar.NetworkController( 1110): refreshSignalCluster: set mShowPhoneRSSIForData = false

D/STATUSBAR-IconMerger( 1110): checkOverflow(504), More:true, Req:true Child:24

E/JavaBinder(  910): !!! FAILED BINDER TRANSACTION !!!

D/STATUSBAR-NetworkController( 1110): refreshSignalCluster - setNWBoosterIndicators(false)

D/StatusBar.NetworkController( 1110): refreshSignalCluster: else : 

D/STATUSBAR-SignalClusterView( 1110): setDataSignalIcon mMobileDataGroup GONE

E/StatusBar.NetworkController( 1110): refreshSignalCluster: roam

E/StatusBar.NetworkController( 1110): refreshSignalCluster: set mShowPhoneRSSIForData = false

D/STATUSBAR-IconMerger( 1110): checkOverflow(504), More:true, Req:true Child:24

D/cell strength( 1228): ===== cell singal strength changed : 99

D/STATUSBAR-NetworkController( 1110): onSignalStrengthsChanged signalStrength=SignalStrength: 99 -1 16384 -160 -120 -1 -1 99 2147483647 2147483647 2147483647 -1 -74 gsm|lte 0x0 level=4

E/JavaBinder(  910): !!! FAILED BINDER TRANSACTION !!!

D/STATUSBAR-NetworkController( 1110): refreshSignalCluster - setNWBoosterIndicators(false)

D/StatusBar.NetworkController( 1110): refreshSignalCluster: else : 

D/STATUSBAR-SignalClusterView( 1110): setDataSignalIcon mMobileDataGroup GONE

E/StatusBar.NetworkController( 1110): refreshSignalCluster: roam

E/StatusBar.NetworkController( 1110): refreshSignalCluster: set mShowPhoneRSSIForData = false

D/STATUSBAR-IconMerger( 1110): checkOverflow(504), More:true, Req:true Child:24

D/STATUSBAR-NetworkController( 1110): onReceive() - RSSI_CHANGED_ACTION, WIFI_STATE, NETWORK_STATE

D/STATUSBAR-NetworkController( 1110): refreshSignalCluster - setNWBoosterIndicators(false)

D/StatusBar.NetworkController( 1110): refreshSignalCluster: else : 

D/STATUSBAR-SignalClusterView( 1110): setDataSignalIcon mMobileDataGroup GONE

E/StatusBar.NetworkController( 1110): refreshSignalCluster: roam

E/StatusBar.NetworkController( 1110): refreshSignalCluster: set mShowPhoneRSSIForData = false

D/STATUSBAR-IconMerger( 1110): checkOverflow(504), More:true, Req:true Child:24

D/cell strength( 1228): ===== cell singal strength changed : 99

D/STATUSBAR-NetworkController( 1110): onSignalStrengthsChanged signalStrength=SignalStrength: 99 -1 16384 -160 -120 -1 -1 99 2147483647 2147483647 2147483647 -1 -74 gsm|lte 0x0 level=4

D/dalvikvm(  910): GC_CONCURRENT freed 8208K, 49% free 90021K/176128K, paused 10ms+19ms, total 249ms

D/dalvikvm(  910): WAIT_FOR_CONCURRENT_GC blocked 197ms

D/dalvikvm(  910): WAIT_FOR_CONCURRENT_GC blocked 80ms

D/dalvikvm(  910): WAIT_FOR_CONCURRENT_GC blocked 196ms

D/SSRMv2:SIOP(  910): SIOP:: AP = 360 (0), Delta = 0

E/Watchdog(  910): !@Sync 92433

V/AlarmManager(  910): waitForAlarm result :4

W/ActivityManager(  910): Unable to start service Intent { flg=0x4 cmp=com.android.appmarket/.appsstatistics.service.Service1 (has extras) } U=0: not found

V/AlarmManager(  910): trigger ELAPSED_REALTIME_WAKEUP or RTC_WAKEUP

D/BatteryService(  910): level:49, scale:100, status:2, health:2, present:true, voltage: 3895, temperature: 292, technology: Li-ion, AC powered:false, USB powered:true, Wireless powered:false, icon:17303609, invalid charger:0, online:4, current avg:450, charge type:1, power sharing:false, high voltage charger:false

W/ActivityManager(  910): Unable to start service Intent { flg=0x4 cmp=com.android.appmarket/com.android.advsdk.service.AdvService (has extras) } U=0: not found

V/AlarmManager(  910): trigger ELAPSED_REALTIME_WAKEUP or RTC_WAKEUP

V/AlarmManager(  910): trigger ELAPSED_REALTIME_WAKEUP or RTC_WAKEUP

V/AlarmManager(  910): trigger ELAPSED_REALTIME_WAKEUP or RTC_WAKEUP

D/cell strength( 1228): ===== cell singal strength changed : 99

D/STATUSBAR-NetworkController( 1110): onSignalStrengthsChanged signalStrength=SignalStrength: 99 -1 16384 -160 -120 -1 -1 99 2147483647 2147483647 2147483647 -1 -73 gsm|lte 0x0 level=4

D/BatteryService(  910): Sending ACTION_BATTERY_CHANGED.

D/KeyguardUpdateMonitor( 1110): received broadcast android.intent.action.BATTERY_CHANGED

D/KeyguardUpdateMonitor( 1110): handleBatteryUpdate

D/Brightness(24535): mIntentReceiver.onReceive: action=android.intent.action.BATTERY_CHANGED, intent=Intent { act=android.intent.action.BATTERY_CHANGED flg=0x60000010 (has extras) }

D/MainActivityBaseUi.java(24535): in brightness disabled on critical battery low

I/Monitor ( 5056): [main]onReceive at: com.aps.a$a, Intent: Intent { act=android.intent.action.BATTERY_CHANGED flg=0x60000010 (has extras) }, cost:0 ms.

D/SViewCoverView( 1659): BroadcastReceiver onReceive() : action : android.intent.action.BATTERY_CHANGED

D/SViewCoverView( 1659): level :49 plugged : 2

D/STATUSBAR-PhoneStatusBar( 1110):  mBrightnessEnablebySettings = true mBrightnessEnablebyBattery = true mBrightnessEnablebyDisableFlag = true mPmsBrightnessEnablebySettings = true

D/BatteryMeterView( 1110): ACTION_BATTERY_CHANGED : level:49 status:2 health:2

D/STATUSBAR-IconMerger( 1110): checkOverflow(504), More:true, Req:true Child:24

D/UiModeManager(  910): mCoverManager.getCoverState() : true

E/JavaBinder(  910): !!! FAILED BINDER TRANSACTION !!!

D/STATUSBAR-NetworkController( 1110): refreshSignalCluster - setNWBoosterIndicators(false)

D/StatusBar.NetworkController( 1110): refreshSignalCluster: else : 

D/STATUSBAR-SignalClusterView( 1110): setDataSignalIcon mMobileDataGroup GONE

E/StatusBar.NetworkController( 1110): refreshSignalCluster: roam

E/StatusBar.NetworkController( 1110): refreshSignalCluster: set mShowPhoneRSSIForData = false

D/STATUSBAR-IconMerger( 1110): checkOverflow(504), More:true, Req:true Child:24

I/chromium(24535): [INFO:top_sites_impl.cc(926)]  VLOG NotifyTopSitesChanged

D/STATUSBAR-NetworkController( 1110): onReceive() - RSSI_CHANGED_ACTION, WIFI_STATE, NETWORK_STATE

D/STATUSBAR-NetworkController( 1110): refreshSignalCluster - setNWBoosterIndicators(false)

D/StatusBar.NetworkController( 1110): refreshSignalCluster: else : 

D/STATUSBAR-SignalClusterView( 1110): setDataSignalIcon mMobileDataGroup GONE

E/StatusBar.NetworkController( 1110): refreshSignalCluster: roam

E/StatusBar.NetworkController( 1110): refreshSignalCluster: set mShowPhoneRSSIForData = false

D/STATUSBAR-IconMerger( 1110): checkOverflow(504), More:true, Req:true Child:24

E/JavaBinder(  910): !!! FAILED BINDER TRANSACTION !!!

D/STATUSBAR-NetworkController( 1110): refreshSignalCluster - setNWBoosterIndicators(false)

D/StatusBar.NetworkController( 1110): refreshSignalCluster: else : 

D/STATUSBAR-SignalClusterView( 1110): setDataSignalIcon mMobileDataGroup GONE

E/StatusBar.NetworkController( 1110): refreshSignalCluster: roam

E/StatusBar.NetworkController( 1110): refreshSignalCluster: set mShowPhoneRSSIForData = false

D/STATUSBAR-IconMerger( 1110): checkOverflow(504), More:true, Req:true Child:24

D/cell strength( 1228): ===== cell singal strength changed : 99

D/STATUSBAR-NetworkController( 1110): onSignalStrengthsChanged signalStrength=SignalStrength: 99 -1 16384 -160 -120 -1 -1 99 2147483647 2147483647 2147483647 -1 -73 gsm|lte 0x0 level=4

V/AlarmManager(  910): waitForAlarm result :4

V/AlarmManager(  910): trigger ELAPSED_REALTIME_WAKEUP or RTC_WAKEUP

E/JavaBinder(  910): !!! FAILED BINDER TRANSACTION !!!

D/STATUSBAR-NetworkController( 1110): refreshSignalCluster - setNWBoosterIndicators(false)

D/StatusBar.NetworkController( 1110): refreshSignalCluster: else : 

D/STATUSBAR-SignalClusterView( 1110): setDataSignalIcon mMobileDataGroup GONE

E/StatusBar.NetworkController( 1110): refreshSignalCluster: roam

E/StatusBar.NetworkController( 1110): refreshSignalCluster: set mShowPhoneRSSIForData = false

D/STATUSBAR-IconMerger( 1110): checkOverflow(504), More:true, Req:true Child:24

E/JavaBinder(  910): !!! FAILED BINDER TRANSACTION !!!

D/STATUSBAR-NetworkController( 1110): refreshSignalCluster - setNWBoosterIndicators(false)

D/StatusBar.NetworkController( 1110): refreshSignalCluster: else : 

D/STATUSBAR-SignalClusterView( 1110): setDataSignalIcon mMobileDataGroup GONE

E/StatusBar.NetworkController( 1110): refreshSignalCluster: roam

E/StatusBar.NetworkController( 1110): refreshSignalCluster: set mShowPhoneRSSIForData = false

D/STATUSBAR-IconMerger( 1110): checkOverflow(504), More:true, Req:true Child:24

D/dalvikvm(  910): GC_CONCURRENT freed 8187K, 49% free 90026K/176128K, paused 26ms+25ms, total 332ms

D/dalvikvm(  910): WAIT_FOR_CONCURRENT_GC blocked 200ms

D/dalvikvm(  910): WAIT_FOR_CONCURRENT_GC blocked 201ms

D/SSRMv2:SIOP(  910): SIOP:: AP = 360 (0), Delta = 0

D/cell strength( 1228): ===== cell singal strength changed : 99

D/STATUSBAR-NetworkController( 1110): onSignalStrengthsChanged signalStrength=SignalStrength: 99 -1 16384 -160 -120 -1 -1 99 2147483647 2147483647 2147483647 -1 -74 gsm|lte 0x0 level=4

D/BatteryService(  910): level:49, scale:100, status:2, health:2, present:true, voltage: 3897, temperature: 291, technology: Li-ion, AC powered:false, USB powered:true, Wireless powered:false, icon:17303609, invalid charger:0, online:4, current avg:450, charge type:1, power sharing:false, high voltage charger:false

D/BatteryService(  910): Sending ACTION_BATTERY_CHANGED.

D/KeyguardUpdateMonitor( 1110): received broadcast android.intent.action.BATTERY_CHANGED

D/KeyguardUpdateMonitor( 1110): handleBatteryUpdate

D/Brightness(24535): mIntentReceiver.onReceive: action=android.intent.action.BATTERY_CHANGED, intent=Intent { act=android.intent.action.BATTERY_CHANGED flg=0x60000010 (has extras) }

D/MainActivityBaseUi.java(24535): in brightness disabled on critical battery low

D/SViewCoverView( 1659): BroadcastReceiver onReceive() : action : android.intent.action.BATTERY_CHANGED

D/SViewCoverView( 1659): level :49 plugged : 2

D/UiModeManager(  910): mCoverManager.getCoverState() : true

D/STATUSBAR-PhoneStatusBar( 1110):  mBrightnessEnablebySettings = true mBrightnessEnablebyBattery = true mBrightnessEnablebyDisableFlag = true mPmsBrightnessEnablebySettings = true

D/BatteryMeterView( 1110): ACTION_BATTERY_CHANGED : level:49 status:2 health:2

I/Monitor ( 5056): [main]onReceive at: com.aps.a$a, Intent: Intent { act=android.intent.action.BATTERY_CHANGED flg=0x60000010 (has extras) }, cost:0 ms.

D/STATUSBAR-IconMerger( 1110): checkOverflow(504), More:true, Req:true Child:24

D/cell strength( 1228): ===== cell singal strength changed : 99

E/JavaBinder(  910): !!! FAILED BINDER TRANSACTION !!!

D/STATUSBAR-NetworkController( 1110): refreshSignalCluster - setNWBoosterIndicators(false)

D/StatusBar.NetworkController( 1110): refreshSignalCluster: else : 

D/STATUSBAR-SignalClusterView( 1110): setDataSignalIcon mMobileDataGroup GONE

E/StatusBar.NetworkController( 1110): refreshSignalCluster: roam

E/StatusBar.NetworkController( 1110): refreshSignalCluster: set mShowPhoneRSSIForData = false

D/STATUSBAR-NetworkController( 1110): onSignalStrengthsChanged signalStrength=SignalStrength: 99 -1 16384 -160 -120 -1 -1 99 2147483647 2147483647 2147483647 -1 -75 gsm|lte 0x0 level=4

D/STATUSBAR-IconMerger( 1110): checkOverflow(504), More:true, Req:true Child:24

E/JavaBinder(  910): !!! FAILED BINDER TRANSACTION !!!

D/STATUSBAR-NetworkController( 1110): refreshSignalCluster - setNWBoosterIndicators(false)

D/StatusBar.NetworkController( 1110): refreshSignalCluster: else : 

D/STATUSBAR-SignalClusterView( 1110): setDataSignalIcon mMobileDataGroup GONE

E/StatusBar.NetworkController( 1110): refreshSignalCluster: roam

E/StatusBar.NetworkController( 1110): refreshSignalCluster: set mShowPhoneRSSIForData = false

D/STATUSBAR-IconMerger( 1110): checkOverflow(504), More:true, Req:true Child:24

D/cell strength( 1228): ===== cell singal strength changed : 99

D/STATUSBAR-NetworkController( 1110): onSignalStrengthsChanged signalStrength=SignalStrength: 99 -1 16384 -160 -120 -1 -1 99 2147483647 2147483647 2147483647 -1 -77 gsm|lte 0x0 level=4

D/dalvikvm(  910): GC_CONCURRENT freed 8181K, 49% free 90036K/176128K, paused 18ms+19ms, total 274ms

D/SSRMv2:SIOP(  910): SIOP:: AP = 360 (0), Delta = 0

D/cell strength( 1228): ===== cell singal strength changed : 99

D/STATUSBAR-NetworkController( 1110): onSignalStrengthsChanged signalStrength=SignalStrength: 99 -1 16384 -160 -120 -1 -1 99 2147483647 2147483647 2147483647 -1 -78 gsm|lte 0x0 level=4

E/JavaBinder(  910): !!! FAILED BINDER TRANSACTION !!!

D/STATUSBAR-NetworkController( 1110): refreshSignalCluster - setNWBoosterIndicators(false)

D/StatusBar.NetworkController( 1110): refreshSignalCluster: else : 

D/STATUSBAR-SignalClusterView( 1110): setDataSignalIcon mMobileDataGroup GONE

E/StatusBar.NetworkController( 1110): refreshSignalCluster: roam

E/StatusBar.NetworkController( 1110): refreshSignalCluster: set mShowPhoneRSSIForData = false

D/STATUSBAR-IconMerger( 1110): checkOverflow(504), More:true, Req:true Child:24

D/BatteryService(  910): level:49, scale:100, status:2, health:2, present:true, voltage: 3873, temperature: 291, technology: Li-ion, AC powered:false, USB powered:true, Wireless powered:false, icon:17303609, invalid charger:0, online:4, current avg:450, charge type:1, power sharing:false, high voltage charger:false

D/BatteryService(  910): Sending ACTION_BATTERY_CHANGED.

D/KeyguardUpdateMonitor( 1110): received broadcast android.intent.action.BATTERY_CHANGED

D/KeyguardUpdateMonitor( 1110): handleBatteryUpdate

D/UiModeManager(  910): mCoverManager.getCoverState() : true

D/SViewCoverView( 1659): BroadcastReceiver onReceive() : action : android.intent.action.BATTERY_CHANGED

D/SViewCoverView( 1659): level :49 plugged : 2

D/STATUSBAR-PhoneStatusBar( 1110):  mBrightnessEnablebySettings = true mBrightnessEnablebyBattery = true mBrightnessEnablebyDisableFlag = true mPmsBrightnessEnablebySettings = true

D/Brightness(24535): mIntentReceiver.onReceive: action=android.intent.action.BATTERY_CHANGED, intent=Intent { act=android.intent.action.BATTERY_CHANGED flg=0x60000010 (has extras) }

D/MainActivityBaseUi.java(24535): in brightness disabled on critical battery low

I/Monitor ( 5056): [main]onReceive at: com.aps.a$a, Intent: Intent { act=android.intent.action.BATTERY_CHANGED flg=0x60000010 (has extras) }, cost:0 ms.

D/STATUSBAR-IconMerger( 1110): checkOverflow(504), More:true, Req:true Child:24

D/BatteryMeterView( 1110): ACTION_BATTERY_CHANGED : level:49 status:2 health:2

E/JavaBinder(  910): !!! FAILED BINDER TRANSACTION !!!

D/STATUSBAR-NetworkController( 1110): refreshSignalCluster - setNWBoosterIndicators(false)

D/StatusBar.NetworkController( 1110): refreshSignalCluster: else : 

D/STATUSBAR-SignalClusterView( 1110): setDataSignalIcon mMobileDataGroup GONE

E/StatusBar.NetworkController( 1110): refreshSignalCluster: roam

E/StatusBar.NetworkController( 1110): refreshSignalCluster: set mShowPhoneRSSIForData = false

D/STATUSBAR-IconMerger( 1110): checkOverflow(504), More:true, Req:true Child:24

D/STATUSBAR-NetworkController( 1110): onReceive() - RSSI_CHANGED_ACTION, WIFI_STATE, NETWORK_STATE

D/STATUSBAR-NetworkController( 1110): refreshSignalCluster - setNWBoosterIndicators(false)

D/StatusBar.NetworkController( 1110): refreshSignalCluster: else : 

D/STATUSBAR-SignalClusterView( 1110): setDataSignalIcon mMobileDataGroup GONE

E/StatusBar.NetworkController( 1110): refreshSignalCluster: roam

E/StatusBar.NetworkController( 1110): refreshSignalCluster: set mShowPhoneRSSIForData = false

D/STATUSBAR-IconMerger( 1110): checkOverflow(504), More:true, Req:true Child:24

E/JavaBinder(  910): !!! FAILED BINDER TRANSACTION !!!

D/STATUSBAR-NetworkController( 1110): refreshSignalCluster - setNWBoosterIndicators(false)

D/StatusBar.NetworkController( 1110): refreshSignalCluster: else : 

D/STATUSBAR-SignalClusterView( 1110): setDataSignalIcon mMobileDataGroup GONE

E/StatusBar.NetworkController( 1110): refreshSignalCluster: roam

E/StatusBar.NetworkController( 1110): refreshSignalCluster: set mShowPhoneRSSIForData = false

D/STATUSBAR-IconMerger( 1110): checkOverflow(504), More:true, Req:true Child:24

E/JavaBinder(  910): !!! FAILED BINDER TRANSACTION !!!

D/STATUSBAR-NetworkController( 1110): refreshSignalCluster - setNWBoosterIndicators(false)

D/StatusBar.NetworkController( 1110): refreshSignalCluster: else : 

D/STATUSBAR-SignalClusterView( 1110): setDataSignalIcon mMobileDataGroup GONE

E/StatusBar.NetworkController( 1110): refreshSignalCluster: roam

E/StatusBar.NetworkController( 1110): refreshSignalCluster: set mShowPhoneRSSIForData = false

D/STATUSBAR-IconMerger( 1110): checkOverflow(504), More:true, Req:true Child:24

D/dalvikvm( 2199): GC_CONCURRENT freed 1929K, 27% free 19747K/26880K, paused 4ms+2ms, total 36ms

D/dalvikvm(  910): GC_CONCURRENT freed 8200K, 49% free 90028K/176128K, paused 25ms+25ms, total 316ms

D/dalvikvm(  910): WAIT_FOR_CONCURRENT_GC blocked 117ms

D/dalvikvm(  910): WAIT_FOR_CONCURRENT_GC blocked 142ms

D/cell strength( 1228): ===== cell singal strength changed : 99

D/STATUSBAR-NetworkController( 1110): onSignalStrengthsChanged signalStrength=SignalStrength: 99 -1 16384 -160 -120 -1 -1 99 2147483647 2147483647 2147483647 -1 -81 gsm|lte 0x0 level=4

E/Watchdog(  910): !@Sync 92434

D/SSRMv2:SIOP(  910): SIOP:: AP = 360 (0), Delta = 0

D/BatteryService(  910): level:49, scale:100, status:2, health:2, present:true, voltage: 3890, temperature: 292, technology: Li-ion, AC powered:false, USB powered:true, Wireless powered:false, icon:17303609, invalid charger:0, online:4, current avg:450, charge type:1, power sharing:false, high voltage charger:false

D/BatteryService(  910): Sending ACTION_BATTERY_CHANGED.

D/KeyguardUpdateMonitor( 1110): received broadcast android.intent.action.BATTERY_CHANGED

D/KeyguardUpdateMonitor( 1110): handleBatteryUpdate

D/UiModeManager(  910): mCoverManager.getCoverState() : true

D/SViewCoverView( 1659): BroadcastReceiver onReceive() : action : android.intent.action.BATTERY_CHANGED

D/SViewCoverView( 1659): level :49 plugged : 2

I/Monitor ( 5056): [main]onReceive at: com.aps.a$a, Intent: Intent { act=android.intent.action.BATTERY_CHANGED flg=0x60000010 (has extras) }, cost:1 ms.

D/Brightness(24535): mIntentReceiver.onReceive: action=android.intent.action.BATTERY_CHANGED, intent=Intent { act=android.intent.action.BATTERY_CHANGED flg=0x60000010 (has extras) }

D/MainActivityBaseUi.java(24535): in brightness disabled on critical battery low

D/STATUSBAR-PhoneStatusBar( 1110):  mBrightnessEnablebySettings = true mBrightnessEnablebyBattery = true mBrightnessEnablebyDisableFlag = true mPmsBrightnessEnablebySettings = true

D/STATUSBAR-IconMerger( 1110): checkOverflow(504), More:true, Req:true Child:24

D/BatteryMeterView( 1110): ACTION_BATTERY_CHANGED : level:49 status:2 health:2

D/cell strength( 1228): ===== cell singal strength changed : 99

E/JavaBinder(  910): !!! FAILED BINDER TRANSACTION !!!

D/STATUSBAR-NetworkController( 1110): onSignalStrengthsChanged signalStrength=SignalStrength: 99 -1 16384 -160 -120 -1 -1 99 2147483647 2147483647 2147483647 -1 -80 gsm|lte 0x0 level=4

D/STATUSBAR-NetworkController( 1110): refreshSignalCluster - setNWBoosterIndicators(false)

D/StatusBar.NetworkController( 1110): refreshSignalCluster: else : 

D/STATUSBAR-SignalClusterView( 1110): setDataSignalIcon mMobileDataGroup GONE

E/StatusBar.NetworkController( 1110): refreshSignalCluster: roam

E/StatusBar.NetworkController( 1110): refreshSignalCluster: set mShowPhoneRSSIForData = false

D/STATUSBAR-IconMerger( 1110): checkOverflow(504), More:true, Req:true Child:24

E/JavaBinder(  910): !!! FAILED BINDER TRANSACTION !!!

D/STATUSBAR-NetworkController( 1110): refreshSignalCluster - setNWBoosterIndicators(false)

D/StatusBar.NetworkController( 1110): refreshSignalCluster: else : 

D/STATUSBAR-SignalClusterView( 1110): setDataSignalIcon mMobileDataGroup GONE

E/StatusBar.NetworkController( 1110): refreshSignalCluster: roam

E/StatusBar.NetworkController( 1110): refreshSignalCluster: set mShowPhoneRSSIForData = false

D/STATUSBAR-IconMerger( 1110): checkOverflow(504), More:true, Req:true Child:24

I/chromium(24535): [INFO:top_sites_impl.cc(926)]  VLOG NotifyTopSitesChanged

D/dalvikvm(  910): GC_CONCURRENT freed 8192K, 49% free 90015K/176128K, paused 14ms+19ms, total 265ms

D/cell strength( 1228): ===== cell singal strength changed : 99

D/STATUSBAR-NetworkController( 1110): onSignalStrengthsChanged signalStrength=SignalStrength: 99 -1 16384 -160 -120 -1 -1 99 2147483647 2147483647 2147483647 -1 -79 gsm|lte 0x0 level=4

D/SSRMv2:SIOP(  910): SIOP:: AP = 360 (0), Delta = 0

D/STATUSBAR-NetworkController( 1110): onReceive() - RSSI_CHANGED_ACTION, WIFI_STATE, NETWORK_STATE

D/STATUSBAR-NetworkController( 1110): refreshSignalCluster - setNWBoosterIndicators(false)

D/StatusBar.NetworkController( 1110): refreshSignalCluster: else : 

D/STATUSBAR-SignalClusterView( 1110): setDataSignalIcon mMobileDataGroup GONE

E/StatusBar.NetworkController( 1110): refreshSignalCluster: roam

E/StatusBar.NetworkController( 1110): refreshSignalCluster: set mShowPhoneRSSIForData = false

D/STATUSBAR-IconMerger( 1110): checkOverflow(504), More:true, Req:true Child:24

D/BatteryService(  910): level:49, scale:100, status:2, health:2, present:true, voltage: 3887, temperature: 291, technology: Li-ion, AC powered:false, USB powered:true, Wireless powered:false, icon:17303609, invalid charger:0, online:4, current avg:450, charge type:1, power sharing:false, high voltage charger:false

D/BatteryService(  910): Sending ACTION_BATTERY_CHANGED.

D/KeyguardUpdateMonitor( 1110): received broadcast android.intent.action.BATTERY_CHANGED

D/KeyguardUpdateMonitor( 1110): handleBatteryUpdate

D/UiModeManager(  910): mCoverManager.getCoverState() : true

D/SViewCoverView( 1659): BroadcastReceiver onReceive() : action : android.intent.action.BATTERY_CHANGED

D/SViewCoverView( 1659): level :49 plugged : 2

D/Brightness(24535): mIntentReceiver.onReceive: action=android.intent.action.BATTERY_CHANGED, intent=Intent { act=android.intent.action.BATTERY_CHANGED flg=0x60000010 (has extras) }

D/MainActivityBaseUi.java(24535): in brightness disabled on critical battery low

I/Monitor ( 5056): [main]onReceive at: com.aps.a$a, Intent: Intent { act=android.intent.action.BATTERY_CHANGED flg=0x60000010 (has extras) }, cost:1 ms.

D/STATUSBAR-PhoneStatusBar( 1110):  mBrightnessEnablebySettings = true mBrightnessEnablebyBattery = true mBrightnessEnablebyDisableFlag = true mPmsBrightnessEnablebySettings = true

D/STATUSBAR-IconMerger( 1110): checkOverflow(504), More:true, Req:true Child:24

D/BatteryMeterView( 1110): ACTION_BATTERY_CHANGED : level:49 status:2 health:2

V/AlarmManager(  910): waitForAlarm result :8

D/KeyguardClockWidgetService(17854): onReceive action=android.intent.action.TIME_TICK

V/AlarmManager(  910): ClockReceiver onReceive() ACTION_TIME_TICK

D/KeyguardUpdateMonitor( 1110): received broadcast android.intent.action.TIME_TICK

D/KeyguardUpdateMonitor( 1110): handleTimeUpdate

D/STATUSBAR-IconMerger( 1110): checkOverflow(504), More:true, Req:true Child:24

D/SViewCoverWidget( 1659): initClock() : TimeZone =libcore.util.ZoneInfo[id="Asia/Shanghai",mRawOffset=28800000,mEarliestRawOffset=28800000,mUseDst=false,mDstSavings=3600000,transitions=16]

D/daemonapp( 9256): [MSC_Cmaweather_Daemon]>>> U:1341 [0:0] cDayONight() ::: sunrise is null 

D/daemonapp( 9256): [MSC_Cmaweather_Daemon]>>> U:1357 [0:0] cDayONight() ::: sunset is null 

D/daemonapp( 9256): [MSC_Cmaweather_Daemon]>>> WCS:90 [0:0] action:androidintentactionTIME_TICK

