I/Monitor ( 5056): [main]onReceive at: com.aps.a$a, Intent: Intent { act=android.intent.action.BATTERY_CHANGED flg=0x60000010 (has extras) }, cost:3 ms.

D/dalvikvm(  910): GC_CONCURRENT freed 8190K, 49% free 90029K/176128K, paused 26ms+19ms, total 280ms

D/dalvikvm(  910): WAIT_FOR_CONCURRENT_GC blocked 76ms

D/dalvikvm(  910): WAIT_FOR_CONCURRENT_GC blocked 114ms

V/AlarmManager(  910): waitForAlarm result :8

D/KeyguardClockWidgetService(17854): onReceive action=android.intent.action.TIME_TICK

D/KeyguardUpdateMonitor( 1110): received broadcast android.intent.action.TIME_TICK

D/KeyguardUpdateMonitor( 1110): handleTimeUpdate

V/AlarmManager(  910): ClockReceiver onReceive() ACTION_TIME_TICK

D/STATUSBAR-IconMerger( 1110): checkOverflow(504), More:true, Req:true Child:24

D/SViewCoverWidget( 1659): initClock() : TimeZone =libcore.util.ZoneInfo[id="Asia/Shanghai",mRawOffset=28800000,mEarliestRawOffset=28800000,mUseDst=false,mDstSavings=3600000,transitions=16]

D/daemonapp( 9256): [MSC_Cmaweather_Daemon]>>> U:1341 [0:0] cDayONight() ::: sunrise is null 

D/daemonapp( 9256): [MSC_Cmaweather_Daemon]>>> U:1357 [0:0] cDayONight() ::: sunset is null 

D/daemonapp( 9256): [MSC_Cmaweather_Daemon]>>> WCS:90 [0:0] action:androidintentactionTIME_TICK

D/daemonapp( 9256): [MSC_Cmaweather_Daemon]>>> CWDS:83 [0:0] Act : widgetappapaccuweatherdaemonactionCHANGE_ICON_OF_DAEMON

D/comsamsunglog( 9256): [MSC_Cmaweather_Daemon]>>> ====================================================================================================================

D/comsamsunglog( 9256): [MSC_Cmaweather_Daemon]>>> daemonapp [Version : 14070101 ] [ 1 ] 

D/comsamsunglog( 9256): [MSC_Cmaweather_Daemon]>>> Header set to : ===> "daemonapp" <===

D/comsamsunglog( 9256): [MSC_Cmaweather_Daemon]>>> ====================================================================================================================

D/daemonapp( 9256): [MSC_Cmaweather_Daemon]>>> CCP:387 [0:0] Provider query : content://cmaweatherprovider/packagename

D/daemonapp( 9256): [MSC_Cmaweather_Daemon]>>> CWDS:1112 [0:0] PakNme size = 1

D/daemonapp( 9256): [MSC_Cmaweather_Daemon]>>> CCP:387 [0:0] Provider query : content://cmaweatherprovider/current_weatherinfo

D/daemonapp( 9256): [MSC_Cmaweather_Daemon]>>> CCP:387 [0:0] Provider query : content://cmaweatherprovider/current_weatherinfo

D/daemonapp( 9256): [MSC_Cmaweather_Daemon]>>> CCP:387 [0:0] Provider query : content://cmaweatherprovider/current_weatherinfo

D/daemonapp( 9256): [MSC_Cmaweather_Daemon]>>> CWDS:127 [0:0] SerStus:true,TmpS:1,AtRfr:0

D/daemonapp( 9256): [MSC_Cmaweather_Daemon]>>> CWDS:682 [0:0] ====ACTION_SEC_CHANGE_ICON_OF_DAEMON===

D/daemonapp( 9256): [MSC_Cmaweather_Daemon]>>> U:1341 [0:0] cDayONight() ::: sunrise is null 

D/daemonapp( 9256): [MSC_Cmaweather_Daemon]>>> U:1357 [0:0] cDayONight() ::: sunset is null 

D/daemonapp( 9256): [MSC_Cmaweather_Daemon]>>> CWDS:685 [0:0] checkDay:true, UtilgetIsDay():false

D/daemonapp( 9256): [MSC_Cmaweather_Daemon]>>> CCP:387 [0:0] Provider query : content://cmaweatherprovider/weatherinfo

E/JavaBinder(  910): !!! FAILED BINDER TRANSACTION !!!

D/STATUSBAR-NetworkController( 1110): refreshSignalCluster - setNWBoosterIndicators(false)

D/StatusBar.NetworkController( 1110): refreshSignalCluster: else : 

D/STATUSBAR-SignalClusterView( 1110): setDataSignalIcon mMobileDataGroup GONE

E/StatusBar.NetworkController( 1110): refreshSignalCluster: roam

E/StatusBar.NetworkController( 1110): refreshSignalCluster: set mShowPhoneRSSIForData = false

D/STATUSBAR-IconMerger( 1110): checkOverflow(504), More:true, Req:true Child:24

E/JavaBinder(  910): !!! FAILED BINDER TRANSACTION !!!

D/STATUSBAR-NetworkController( 1110): refreshSignalCluster - setNWBoosterIndicators(false)

D/StatusBar.NetworkController( 1110): refreshSignalCluster: else : 

D/STATUSBAR-SignalClusterView( 1110): setDataSignalIcon mMobileDataGroup GONE

E/StatusBar.NetworkController( 1110): refreshSignalCluster: roam

E/StatusBar.NetworkController( 1110): refreshSignalCluster: set mShowPhoneRSSIForData = false

D/STATUSBAR-IconMerger( 1110): checkOverflow(504), More:true, Req:true Child:24

D/dalvikvm( 2199): GC_CONCURRENT freed 1954K, 27% free 19670K/26880K, paused 9ms+2ms, total 51ms

D/dalvikvm( 1727): GC_CONCURRENT freed 2157K, 30% free 19421K/27728K, paused 11ms+3ms, total 100ms

D/SSRMv2:SIOP(  910): SIOP:: AP = 370 (0), Delta = 0

D/dalvikvm(  910): GC_CONCURRENT freed 8185K, 49% free 90063K/176128K, paused 28ms+20ms, total 293ms

D/STATUSBAR-NetworkController( 1110): onSignalStrengthsChanged signalStrength=SignalStrength: 99 -1 16384 -160 -120 -1 -1 99 2147483647 2147483647 2147483647 -1 -75 gsm|lte 0x0 level=4

D/cell strength( 1228): ===== cell singal strength changed : 99

E/JavaBinder(  910): !!! FAILED BINDER TRANSACTION !!!

D/STATUSBAR-NetworkController( 1110): refreshSignalCluster - setNWBoosterIndicators(false)

D/StatusBar.NetworkController( 1110): refreshSignalCluster: else : 

D/STATUSBAR-SignalClusterView( 1110): setDataSignalIcon mMobileDataGroup GONE

E/StatusBar.NetworkController( 1110): refreshSignalCluster: roam

E/StatusBar.NetworkController( 1110): refreshSignalCluster: set mShowPhoneRSSIForData = false

D/STATUSBAR-IconMerger( 1110): checkOverflow(504), More:true, Req:true Child:24

D/cell strength( 1228): ===== cell singal strength changed : 99

D/STATUSBAR-NetworkController( 1110): onSignalStrengthsChanged signalStrength=SignalStrength: 99 -1 16384 -160 -120 -1 -1 99 2147483647 2147483647 2147483647 -1 -75 gsm|lte 0x0 level=4

E/JavaBinder(  910): !!! FAILED BINDER TRANSACTION !!!

D/STATUSBAR-NetworkController( 1110): refreshSignalCluster - setNWBoosterIndicators(false)

D/StatusBar.NetworkController( 1110): refreshSignalCluster: else : 

D/STATUSBAR-SignalClusterView( 1110): setDataSignalIcon mMobileDataGroup GONE

E/StatusBar.NetworkController( 1110): refreshSignalCluster: roam

E/StatusBar.NetworkController( 1110): refreshSignalCluster: set mShowPhoneRSSIForData = false

D/STATUSBAR-IconMerger( 1110): checkOverflow(504), More:true, Req:true Child:24

D/SSRMv2:SIOP(  910): SIOP:: AP = 370 (0), Delta = 0

V/AlarmManager(  910): waitForAlarm result :4

W/ActivityManager(  910): Unable to start service Intent { flg=0x4 cmp=com.android.appmarket/.appsstatistics.service.Service1 (has extras) } U=0: not found

V/AlarmManager(  910): trigger ELAPSED_REALTIME_WAKEUP or RTC_WAKEUP

W/ActivityManager(  910): Unable to start service Intent { flg=0x4 cmp=com.android.appmarket/com.android.advsdk.service.AdvService (has extras) } U=0: not found

V/AlarmManager(  910): trigger ELAPSED_REALTIME_WAKEUP or RTC_WAKEUP

V/AlarmManager(  910): trigger ELAPSED_REALTIME_WAKEUP or RTC_WAKEUP

D/BatteryService(  910): level:48, scale:100, status:2, health:2, present:true, voltage: 3888, temperature: 291, technology: Li-ion, AC powered:false, USB powered:true, Wireless powered:false, icon:17303609, invalid charger:0, online:4, current avg:450, charge type:1, power sharing:false, high voltage charger:false

D/KeyguardUpdateMonitor( 1110): received broadcast android.intent.action.BATTERY_CHANGED

D/KeyguardUpdateMonitor( 1110): handleBatteryUpdate

D/Brightness(24535): mIntentReceiver.onReceive: action=android.intent.action.BATTERY_CHANGED, intent=Intent { act=android.intent.action.BATTERY_CHANGED flg=0x60000010 (has extras) }

D/MainActivityBaseUi.java(24535): in brightness disabled on critical battery low

I/Monitor ( 5056): [main]onReceive at: com.aps.a$a, Intent: Intent { act=android.intent.action.BATTERY_CHANGED flg=0x60000010 (has extras) }, cost:0 ms.

D/BatteryService(  910): Sending ACTION_BATTERY_CHANGED.

D/SViewCoverView( 1659): BroadcastReceiver onReceive() : action : android.intent.action.BATTERY_CHANGED

D/SViewCoverView( 1659): level :48 plugged : 2

D/UiModeManager(  910): mCoverManager.getCoverState() : true

D/STATUSBAR-PhoneStatusBar( 1110):  mBrightnessEnablebySettings = true mBrightnessEnablebyBattery = true mBrightnessEnablebyDisableFlag = true mPmsBrightnessEnablebySettings = true

D/STATUSBAR-IconMerger( 1110): checkOverflow(504), More:true, Req:true Child:24

D/BatteryMeterView( 1110): ACTION_BATTERY_CHANGED : level:48 status:2 health:2

D/dalvikvm(  910): GC_CONCURRENT freed 8226K, 49% free 90025K/176128K, paused 23ms+19ms, total 278ms

E/Watchdog(  910): !@Sync 92415

E/JavaBinder(  910): !!! FAILED BINDER TRANSACTION !!!

D/STATUSBAR-NetworkController( 1110): refreshSignalCluster - setNWBoosterIndicators(false)

D/StatusBar.NetworkController( 1110): refreshSignalCluster: else : 

D/STATUSBAR-SignalClusterView( 1110): setDataSignalIcon mMobileDataGroup GONE

E/StatusBar.NetworkController( 1110): refreshSignalCluster: roam

E/StatusBar.NetworkController( 1110): refreshSignalCluster: set mShowPhoneRSSIForData = false

D/STATUSBAR-IconMerger( 1110): checkOverflow(504), More:true, Req:true Child:24

I/chromium(24535): [INFO:top_sites_impl.cc(926)]  VLOG NotifyTopSitesChanged

E/JavaBinder(  910): !!! FAILED BINDER TRANSACTION !!!

D/STATUSBAR-NetworkController( 1110): refreshSignalCluster - setNWBoosterIndicators(false)

D/StatusBar.NetworkController( 1110): refreshSignalCluster: else : 

D/STATUSBAR-SignalClusterView( 1110): setDataSignalIcon mMobileDataGroup GONE

E/StatusBar.NetworkController( 1110): refreshSignalCluster: roam

E/StatusBar.NetworkController( 1110): refreshSignalCluster: set mShowPhoneRSSIForData = false

D/STATUSBAR-IconMerger( 1110): checkOverflow(504), More:true, Req:true Child:24

D/cell strength( 1228): ===== cell singal strength changed : 99

D/STATUSBAR-NetworkController( 1110): onSignalStrengthsChanged signalStrength=SignalStrength: 99 -1 16384 -160 -120 -1 -1 99 2147483647 2147483647 2147483647 -1 -73 gsm|lte 0x0 level=4

D/SSRMv2:SIOP(  910): SIOP:: AP = 370 (0), Delta = 0

D/BatteryService(  910): level:48, scale:100, status:2, health:2, present:true, voltage: 3882, temperature: 291, technology: Li-ion, AC powered:false, USB powered:true, Wireless powered:false, icon:17303609, invalid charger:0, online:4, current avg:450, charge type:1, power sharing:false, high voltage charger:false

D/BatteryService(  910): Sending ACTION_BATTERY_CHANGED.

D/KeyguardUpdateMonitor( 1110): received broadcast android.intent.action.BATTERY_CHANGED

D/KeyguardUpdateMonitor( 1110): handleBatteryUpdate

D/Brightness(24535): mIntentReceiver.onReceive: action=android.intent.action.BATTERY_CHANGED, intent=Intent { act=android.intent.action.BATTERY_CHANGED flg=0x60000010 (has extras) }

D/MainActivityBaseUi.java(24535): in brightness disabled on critical battery low

I/Monitor ( 5056): [main]onReceive at: com.aps.a$a, Intent: Intent { act=android.intent.action.BATTERY_CHANGED flg=0x60000010 (has extras) }, cost:1 ms.

D/UiModeManager(  910): mCoverManager.getCoverState() : true

D/SViewCoverView( 1659): BroadcastReceiver onReceive() : action : android.intent.action.BATTERY_CHANGED

D/SViewCoverView( 1659): level :48 plugged : 2

D/STATUSBAR-PhoneStatusBar( 1110):  mBrightnessEnablebySettings = true mBrightnessEnablebyBattery = true mBrightnessEnablebyDisableFlag = true mPmsBrightnessEnablebySettings = true

D/BatteryMeterView( 1110): ACTION_BATTERY_CHANGED : level:48 status:2 health:2

D/STATUSBAR-IconMerger( 1110): checkOverflow(504), More:true, Req:true Child:24

D/InputReader(  910): Input event: value=1

I/InputReader(  910): Touch event's action is 0x0 (deviceType=0) [pCnt=1, s=0.1904 ] when=2772812552590000

I/InputDispatcher(  910): Delivering touch to (1110): action: 0x4, toolType: 1

I/InputDispatcher(  910): Delivering touch to (9490): action: 0x0, toolType: 1

D/ldx     ( 9490): hasFocus: true

D/ldx     ( 9490): isFocused: true

D/ldx     ( 9490): -------------- view out: content

D/PowerManagerService(  910): [api] userActivityFromNative : 70 (event: 2 flags: 0) eventTime = 2772812552

D/PowerManagerService(  910): [s] UserActivityState : 0 -> 1

D/DisplayPowerController(  910): animation target = 255 (PSM:false, AB limit:(-1 ~ -1) MB Limit:(-1 ~ -1) MAdj:(0, (0, 255)))

D/PowerManagerService(  910): [s] mDisplayPowerControllerCallbacks : onStateChanged()

D/lights  (  910): lcd : 53 +

D/lights  (  910): lcd : 53 -

D/lights  (  910): lcd : 87 +

D/lights  (  910): lcd : 87 -

D/lights  (  910): lcd : 120 +

I/Keyboard.Facilitator( 6051): onFinishInput()

D/lights  (  910): lcd : 120 -

D/InputReader(  910): Input event: value=0

I/InputReader(  910): Touch event's action is 0x1 (deviceType=0) [pCnt=1, s=] when=2772812623773000

D/lights  (  910): lcd : 153 +

I/InputDispatcher(  910): Delivering touch to (9490): action: 0x1, toolType: 1

D/lights  (  910): lcd : 153 -

I/uexEMM  ( 9490): setEvent

I/emmlog  ( 9490): AnalyticsFrequency High: 200

D/lights  (  910): lcd : 187 +

D/debug   ( 9490): oldData + data == 0;index.html;login_content.html;2015-6-30 11:16:39;2015-6-30 11:16:39;0;0;1
2;LOGIN;2015-6-30 11:18:27;[loginDN:联合办公,pfName:android]


D/lights  (  910): lcd : 187 -

D/lights  (  910): lcd : 220 +

D/dalvikvm( 9490): GC_FOR_ALLOC freed 504K, 42% free 34554K/58644K, paused 16ms, total 16ms

I/dalvikvm-heap( 9490): Grow heap (frag case) to 43.668MB for 6448696-byte allocation

D/lights  (  910): lcd : 220 -

D/lights  (  910): lcd : 253 +

D/lights  (  910): lcd : 253 -

D/lights  (  910): lcd : 255 +

D/dalvikvm( 9490): GC_CONCURRENT freed 46K, 31% free 40809K/58644K, paused 3ms+2ms, total 19ms

D/RampAnimator(  910): Light Animator Finished currentValue=255

D/lights  (  910): lcd : 255 -

D/        ( 9490): DFactory start

D/        ( 9490): isQmage : stream is not a Qmage file

D/ImageCache( 9490): Memory cache hit

D/ImageCache( 9490): Memory cache hit

D/ImageCache( 9490): Memory cache hit

D/ImageCache( 9490): Memory cache hit

D/ImageCache( 9490): Memory cache hit

D/ImageCache( 9490): Memory cache hit

D/ImageCache( 9490): Memory cache hit

D/dalvikvm(  910): GC_CONCURRENT freed 8188K, 49% free 90029K/176128K, paused 21ms+19ms, total 264ms

D/dalvikvm(  910): WAIT_FOR_CONCURRENT_GC blocked 112ms

D/dalvikvm(  910): WAIT_FOR_CONCURRENT_GC blocked 68ms

D/cell strength( 1228): ===== cell singal strength changed : 99

D/STATUSBAR-NetworkController( 1110): onSignalStrengthsChanged signalStrength=SignalStrength: 99 -1 16384 -160 -120 -1 -1 99 2147483647 2147483647 2147483647 -1 -73 gsm|lte 0x0 level=4

D/InputReader(  910): Input event: value=1

V/Vibrator(  910): vibrateImmVibe - PUID: 1000, PackageName: android, type: 14, magType: TouchMagnitude

V/VibratorService(  910): hasVibrator - useVibetonz: true

V/VibratorService(  910): vibrateImmVibeMagnitudeType - magnitudeType: TouchMagnitude

D/VibratorService(  910): ImmVibe vibratorOff()

V/VibratorService(  910): vibrateImmVibe - package: android, type: 14, magnitude: 6000

I/AudioPolicyManagerBase(  349): getSituationVolume: isBTConnected:0 isHeadConnected:0

V/AudioPolicyManagerBase(  349): getParamFromPolicy  deviceInt = 0, situationInt = 1, situationVolume = 0.500000

D/lights  (  910): button : 1 +

V/AudioPolicyManagerBase(  349): getOutput() device 2, stream 1, samplingRate 0, format 0, channelMask 3, flags 0

V/AudioPolicyManagerBase(  349): getOutputsForDevice device 0002 -> 0002

V/AudioPolicyManagerBase(  349): getOutput() returns output 2

V/AudioPolicyManagerBase(  349): getOutput() device 2, stream 1, samplingRate 0, format 0, channelMask 3, flags 0

V/AudioPolicyManagerBase(  349): getOutputsForDevice device 0002 -> 0002

V/AudioPolicyManagerBase(  349): getOutput() returns output 2

V/AudioPolicyManagerBase(  349): getOutput() device 2, stream 1, samplingRate 48000, format 1, channelMask 1, flags 4

V/AudioPolicyManagerBase(  349): getOutputsForDevice device 0002 -> 0002

V/AudioPolicyManagerBase(  349): getOutput() returns output 2

V/AudioPolicyManagerBase(  349): startOutput() output 2, stream 1, session 3200

V/AudioPolicyManagerBase(  349): changeRefCount() stream 1, count 1

V/AudioPolicyManagerBase(  349): getNewDevice() selected device 2

V/AudioPolicyManagerBase(  349): setOutputDevice() output 2 device 0002 force 0 delayMs 0 

V/AudioPolicyManagerBase(  349): setOutputDevice() prevDevice (0002)

V/AudioPolicyManagerBase(  349): setOutputDevice() setting same device 0002 or null device for output 2

V/AudioPolicyManagerBase(  349): releaseOutput() 2

V/audio_hw_primary(  349): start_output_stream: enter: usecase(0: deep-buffer-playback) devices(0x2)

V/audio_hw_primary(  349): select_devices: ENTER

V/audio_hw_primary(  349): select_devices: usecase(normal)

V/audio_hw_primary(  349): select_devices: usecase(PCM_PLAYBACK)

V/msm8974_platform(  349): platform_get_output_snd_device: enter: output devices(0x2)

V/msm8974_platform(  349): get_OUTPUT_snd_device: for Normal Playback

V/msm8974_platform(  349): platform_get_output_snd_device: exit: snd_device(speaker)

D/audio_hw_primary(  349): select_devices: out_snd_device(2: speaker)

D/audio_hw_primary(  349): select_devices: in_snd_device(0: dummy)

D/ACDB-LOADER(  349): ACDB -> send_audio_cal, acdb_id = 15, path =  0

D/ACDB-LOADER(  349): ACDB -> send_adm_topology

D/ACDB-LOADER(  349): ACDB -> ACDB_CMD_GET_AUDPROC_COMMON_TOPOLOGY_ID

D/ACDB-LOADER(  349): ACDB -> send_audtable

D/ACDB-LOADER(  349): ACDB -> ACDB_CMD_GET_AUDPROC_COMMON_TABLE

D/ACDB-LOADER(  349): ACDB -> AUDIO_SET_AUDPROC_CAL

D/ACDB-LOADER(  349): ACDB -> send_audvoltable

D/ACDB-LOADER(  349): ACDB -> ACDB_CMD_GET_AUDPROC_GAIN_DEP_STEP_TABLE

D/ACDB-LOADER(  349): ACDB -> AUDIO_SET_AUDPROC_VOL_CAL

D/ACDB-LOADER(  349): ACDB -> send_afe_cal

D/ACDB-LOADER(  349): ACDB -> ACDB_CMD_GET_AFE_COMMON_TABLE

D/ACDB-LOADER(  349): ACDB -> AUDIO_SET_AFE_CAL

V/audio_hw_primary(  349): enable_snd_device: snd_device(2: speaker, speaker)

D/audio_route(  349): ++++ audio_route_update_mixer ==============

D/audio_route(  349): Setting mixer control: SPK DRV Volume, value: 8

D/audio_route(  349): Setting mixer control: RX7 Digital Volume, value: 81

D/audio_route(  349): Setting mixer control: COMP0 Switch, value: 1

D/audio_route(  349): Setting mixer control: RX7 MIX1 INP1, value: 5

D/audio_route(  349): Setting mixer control: DAC1 Switch, value: 1

D/PersonaManagerService(  910):  handle back called for user 0 back true

D/audio_route(  349): Setting mixer control: SPK Status, value: 1

D/audio_route(  349): ------ audio_route_update_mixer ==============

V/audio_hw_primary(  349): enable_audio_route: enter: usecase(0)

V/audio_hw_primary(  349): enable_audio_route: apply mixer path: deep-buffer-playback

D/audio_route(  349): ++++ audio_route_update_mixer ==============

D/audio_route(  349): Setting mixer control: SLIMBUS_0_RX Audio Mixer MultiMedia1, value: 1

I/InputDispatcher(  910): Delivering key to (9490): action: 0x0 (0)

D/audio_route(  349): ------ audio_route_update_mixer ==============

V/audio_hw_primary(  349): enable_audio_route: exit

V/audio_hw_primary(  349): start_output_stream: Opening PCM device card_id(0) device_id(0)

V/audio_hw_primary(  349): start_output_stream: exit

W/UnimplementedWebViewApi( 9490): Unimplemented WebView method onKeyDown called from: android.webkit.WebView.onKeyDown(WebView.java:2206)

D/InputReader(  910): Input event: value=0

I/InputDispatcher(  910): Delivering key to (9490): action: 0x1 (0)

D/lights  (  910): button : 1 -

D/        ( 9490): DFactory start

D/        ( 9490): isQmage : stream is not a Qmage file

D/        ( 9490): DFactory start

D/        ( 9490): isQmage : stream is not a Qmage file

D/        ( 9490): DFactory start

D/        ( 9490): isQmage : stream is not a Qmage file

D/        ( 9490): DFactory start

D/        ( 9490): isQmage : stream is not a Qmage file

D/        ( 9490): DFactory start

D/        ( 9490): isQmage : stream is not a Qmage file

D/        ( 9490): DFactory start

D/        ( 9490): isQmage : stream is not a Qmage file

D/        ( 9490): DFactory start

D/        ( 9490): isQmage : stream is not a Qmage file

D/        ( 9490): DFactory start

D/        ( 9490): isQmage : stream is not a Qmage file

D/        ( 9490): DFactory start

D/        ( 9490): isQmage : stream is not a Qmage file

D/        ( 9490): DFactory start

D/        ( 9490): isQmage : stream is not a Qmage file

D/        ( 9490): DFactory start

D/        ( 9490): isQmage : stream is not a Qmage file

D/        ( 9490): DFactory start

D/        ( 9490): isQmage : stream is not a Qmage file

D/        ( 9490): DFactory start

D/        ( 9490): isQmage : stream is not a Qmage file

I/SpenGestureManager(  910): setFocusWindow0

D/PointerIcon(  910): setMouseIconStyle1 pointerType: 1001iconType:101 flag:0

D/PointerIcon(  910): setMouseCustomIcon IconType is same.101

D/PointerIcon(  910): setHoveringSpenIconStyle1 pointerType: 10001iconType:1 flag:0

D/PointerIcon(  910): setHoveringSpenCustomIcon IconType is same.1

I/SurfaceFlinger(  345): id=10238 createSurf (1x1),1 flag=4, FBrowserAct

D/KeyguardUpdateMonitor( 1110): sendKeyguardVisibilityChanged(true)

D/KeyguardUpdateMonitor( 1110): handleKeyguardVisibilityChanged(1)

D/KeyguardUpdateMonitor( 1110): sendKeyguardVisibilityChanged(true)

D/KeyguardUpdateMonitor( 1110): handleKeyguardVisibilityChanged(1)

D/KeyguardUpdateMonitor( 1110): sendKeyguardVisibilityChanged(true)

D/KeyguardUpdateMonitor( 1110): handleKeyguardVisibilityChanged(1)

D/KeyguardUpdateMonitor( 1110): sendKeyguardVisibilityChanged(true)

D/KeyguardUpdateMonitor( 1110): handleKeyguardVisibilityChanged(1)

D/KeyguardUpdateMonitor( 1110): sendKeyguardVisibilityChanged(true)

D/KeyguardUpdateMonitor( 1110): handleKeyguardVisibilityChanged(1)

V/AudioPolicyManagerBase(  349): stopOutput() output 2, stream 1, session 3200

V/AudioPolicyManagerBase(  349): changeRefCount() stream 1, count 0

V/AudioPolicyManagerBase(  349): getNewDevice() selected device 0

V/AudioPolicyManagerBase(  349): setOutputDevice() output 2 device 0000 force 0 delayMs 160 

V/AudioPolicyManagerBase(  349): setOutputDevice() prevDevice (0002)

V/AudioPolicyManagerBase(  349): setOutputDevice() setting same device 0000 or null device for output 2

D/cell strength( 1228): ===== cell singal strength changed : 99

D/STATUSBAR-NetworkController( 1110): onSignalStrengthsChanged signalStrength=SignalStrength: 99 -1 16384 -160 -120 -1 -1 99 2147483647 2147483647 2147483647 -1 -74 gsm|lte 0x0 level=4

D/InputReader(  910): Input event: value=1

I/InputReader(  910): Touch event's action is 0x0 (deviceType=0) [pCnt=1, s=0.1905 ] when=2772817201114000

I/InputDispatcher(  910): Delivering touch to (1110): action: 0x4, toolType: 1

I/InputDispatcher(  910): Delivering touch to (9490): action: 0x0, toolType: 1

D/InputReader(  910): Input event: value=0

I/InputReader(  910): Touch event's action is 0x1 (deviceType=0) [pCnt=1, s=] when=2772817261089000

I/InputDispatcher(  910): Delivering touch to (9490): action: 0x1, toolType: 1

I/AudioPolicyManagerBase(  349): getSituationVolume: isBTConnected:0 isHeadConnected:0

V/AudioPolicyManagerBase(  349): getParamFromPolicy  deviceInt = 0, situationInt = 1, situationVolume = 0.500000

V/AudioPolicyManagerBase(  349): getOutput() device 2, stream 1, samplingRate 0, format 0, channelMask 3, flags 0

V/AudioPolicyManagerBase(  349): getOutputsForDevice device 0002 -> 0002

V/AudioPolicyManagerBase(  349): getOutput() returns output 2

V/AudioPolicyManagerBase(  349): getOutput() device 2, stream 1, samplingRate 0, format 0, channelMask 3, flags 0

V/AudioPolicyManagerBase(  349): getOutputsForDevice device 0002 -> 0002

V/AudioPolicyManagerBase(  349): getOutput() returns output 2

V/AudioPolicyManagerBase(  349): getOutput() device 2, stream 1, samplingRate 48000, format 1, channelMask 1, flags 4

V/AudioPolicyManagerBase(  349): getOutputsForDevice device 0002 -> 0002

V/AudioPolicyManagerBase(  349): getOutput() returns output 2

V/AudioPolicyManagerBase(  349): startOutput() output 2, stream 1, session 3201

V/AudioPolicyManagerBase(  349): changeRefCount() stream 1, count 1

V/AudioPolicyManagerBase(  349): getNewDevice() selected device 2

V/AudioPolicyManagerBase(  349): setOutputDevice() output 2 device 0002 force 0 delayMs 0 

V/AudioPolicyManagerBase(  349): setOutputDevice() prevDevice (0002)

V/AudioPolicyManagerBase(  349): setOutputDevice() setting same device 0002 or null device for output 2

V/AudioPolicyManagerBase(  349): releaseOutput() 2

I/SpenGestureManager(  910): setFocusWindow21025

D/KeyguardUpdateMonitor( 1110): sendKeyguardVisibilityChanged(true)

D/KeyguardUpdateMonitor( 1110): handleKeyguardVisibilityChanged(1)

D/PointerIcon(  910): setMouseIconStyle1 pointerType: 1001iconType:101 flag:0

D/PointerIcon(  910): setMouseCustomIcon IconType is same.101

D/PointerIcon(  910): setHoveringSpenIconStyle1 pointerType: 10001iconType:1 flag:0

D/PointerIcon(  910): setHoveringSpenCustomIcon IconType is same.1

E/ViewRootImpl( 9490): sendUserActionEvent() mView == null

W/InputMethodManagerService(  910): Window already focused, ignoring focus gain of: com.android.internal.view.IInputMethodClient$Stub$Proxy@439666b8 attribute=null, token = android.os.BinderProxy@478f5ff0

D/lights  (  910): button : 0 +

D/lights  (  910): button : 0 -

E/JavaBinder(  910): !!! FAILED BINDER TRANSACTION !!!

D/STATUSBAR-NetworkController( 1110): refreshSignalCluster - setNWBoosterIndicators(false)

D/StatusBar.NetworkController( 1110): refreshSignalCluster: else : 

D/STATUSBAR-SignalClusterView( 1110): setDataSignalIcon mMobileDataGroup GONE

E/StatusBar.NetworkController( 1110): refreshSignalCluster: roam

E/StatusBar.NetworkController( 1110): refreshSignalCluster: set mShowPhoneRSSIForData = false

D/STATUSBAR-IconMerger( 1110): checkOverflow(504), More:true, Req:true Child:24

D/KeyguardUpdateMonitor( 1110): sendKeyguardVisibilityChanged(true)

D/KeyguardUpdateMonitor( 1110): handleKeyguardVisibilityChanged(1)

I/SurfaceFlinger(  345): id=10238 Removed FBrowserAct (19/47)

I/SurfaceFlinger(  345): id=10238 Removed FBrowserAct (-2/47)

D/KeyguardUpdateMonitor( 1110): sendKeyguardVisibilityChanged(true)

D/KeyguardUpdateMonitor( 1110): handleKeyguardVisibilityChanged(1)

D/InputReader(  910): Input event: value=1

I/InputReader(  910): Touch event's action is 0x0 (deviceType=0) [pCnt=1, s=0.1906 ] when=2772818027770000

I/InputDispatcher(  910): Delivering touch to (1110): action: 0x4, toolType: 1

I/InputDispatcher(  910): Delivering touch to (9490): action: 0x0, toolType: 1

D/InputReader(  910): Input event: value=0

I/InputReader(  910): Touch event's action is 0x1 (deviceType=0) [pCnt=1, s=] when=2772818087738000

I/InputDispatcher(  910): Delivering touch to (9490): action: 0x1, toolType: 1

I/AudioPolicyManagerBase(  349): getSituationVolume: isBTConnected:0 isHeadConnected:0

V/AudioPolicyManagerBase(  349): getParamFromPolicy  deviceInt = 0, situationInt = 1, situationVolume = 0.500000

V/AudioPolicyManagerBase(  349): getOutput() device 2, stream 1, samplingRate 0, format 0, channelMask 3, flags 0

V/AudioPolicyManagerBase(  349): getOutputsForDevice device 0002 -> 0002

V/AudioPolicyManagerBase(  349): getOutput() returns output 2

V/AudioPolicyManagerBase(  349): getOutput() device 2, stream 1, samplingRate 0, format 0, channelMask 3, flags 0

V/AudioPolicyManagerBase(  349): getOutputsForDevice device 0002 -> 0002

V/AudioPolicyManagerBase(  349): getOutput() returns output 2

V/AudioPolicyManagerBase(  349): getOutput() device 2, stream 1, samplingRate 48000, format 1, channelMask 1, flags 4

V/AudioPolicyManagerBase(  349): getOutputsForDevice device 0002 -> 0002

V/AudioPolicyManagerBase(  349): getOutput() returns output 2

V/AudioPolicyManagerBase(  349): startOutput() output 2, stream 1, session 3202

V/AudioPolicyManagerBase(  349): changeRefCount() stream 1, count 2

V/AudioPolicyManagerBase(  349): releaseOutput() 2

D/ImageCache( 9490): Memory cache hit

D/ImageCache( 9490): Memory cache hit

D/ImageCache( 9490): Memory cache hit

D/ImageCache( 9490): Memory cache hit

D/ImageCache( 9490): Memory cache hit

D/ImageCache( 9490): Memory cache hit

D/ImageCache( 9490): Memory cache hit

E/JavaBinder(  910): !!! FAILED BINDER TRANSACTION !!!

V/AudioPolicyManagerBase(  349): stopOutput() output 2, stream 1, session 3201

V/AudioPolicyManagerBase(  349): changeRefCount() stream 1, count 1

D/STATUSBAR-NetworkController( 1110): refreshSignalCluster - setNWBoosterIndicators(false)

D/StatusBar.NetworkController( 1110): refreshSignalCluster: else : 

D/STATUSBAR-SignalClusterView( 1110): setDataSignalIcon mMobileDataGroup GONE

E/StatusBar.NetworkController( 1110): refreshSignalCluster: roam

E/StatusBar.NetworkController( 1110): refreshSignalCluster: set mShowPhoneRSSIForData = false

D/STATUSBAR-IconMerger( 1110): checkOverflow(504), More:true, Req:true Child:24

V/AudioPolicyManagerBase(  349): stopOutput() output 2, stream 1, session 3202

V/AudioPolicyManagerBase(  349): changeRefCount() stream 1, count 0

V/AudioPolicyManagerBase(  349): getNewDevice() selected device 0

V/AudioPolicyManagerBase(  349): setOutputDevice() output 2 device 0000 force 0 delayMs 160 

V/AudioPolicyManagerBase(  349): setOutputDevice() prevDevice (0002)

V/AudioPolicyManagerBase(  349): setOutputDevice() setting same device 0000 or null device for output 2

D/cell strength( 1228): ===== cell singal strength changed : 99

D/STATUSBAR-NetworkController( 1110): onSignalStrengthsChanged signalStrength=SignalStrength: 99 -1 16384 -160 -120 -1 -1 99 2147483647 2147483647 2147483647 -1 -76 gsm|lte 0x0 level=4

D/SSRMv2:SIOP(  910): SIOP:: AP = 370 (0), Delta = 0

V/audio_hw_primary(  349): out_standby: enter: usecase(0: deep-buffer-playback)

V/audio_hw_primary(  349): stop_output_stream: enter: usecase(0: deep-buffer-playback)

V/audio_hw_primary(  349): disable_audio_route: enter: usecase(0)

V/audio_hw_primary(  349): disable_audio_route: reset mixer path: deep-buffer-playback

D/audio_route(  349): ++++ audio_route_update_mixer ==============

D/audio_route(  349): Setting mixer control: SLIMBUS_0_RX Audio Mixer MultiMedia1, value: 0

D/audio_route(  349): ------ audio_route_update_mixer ==============

V/audio_hw_primary(  349): disable_audio_route: exit

V/audio_hw_primary(  349): disable_snd_device: snd_device(2: speaker)

D/audio_route(  349): ++++ audio_route_update_mixer ==============

D/audio_route(  349): Setting mixer control: SPK DRV Volume, value: 0

D/audio_route(  349): Setting mixer control: RX7 Digital Volume, value: 0

D/audio_route(  349): Setting mixer control: COMP0 Switch, value: 0

D/audio_route(  349): Setting mixer control: RX7 MIX1 INP1, value: 0

D/audio_route(  349): Setting mixer control: DAC1 Switch, value: 0

D/audio_route(  349): Setting mixer control: SPK Status, value: 0

D/audio_route(  349): ------ audio_route_update_mixer ==============

V/audio_hw_primary(  349): stop_output_stream: exit: status(0)

V/audio_hw_primary(  349): out_standby: exit

D/BatteryService(  910): level:48, scale:100, status:2, health:2, present:true, voltage: 3856, temperature: 291, technology: Li-ion, AC powered:false, USB powered:true, Wireless powered:false, icon:17303609, invalid charger:0, online:4, current avg:450, charge type:1, power sharing:false, high voltage charger:false

D/KeyguardUpdateMonitor( 1110): received broadcast android.intent.action.BATTERY_CHANGED

D/KeyguardUpdateMonitor( 1110): handleBatteryUpdate

D/BatteryService(  910): Sending ACTION_BATTERY_CHANGED.

D/UiModeManager(  910): mCoverManager.getCoverState() : true

D/Brightness(24535): mIntentReceiver.onReceive: action=android.intent.action.BATTERY_CHANGED, intent=Intent { act=android.intent.action.BATTERY_CHANGED flg=0x60000010 (has extras) }

D/MainActivityBaseUi.java(24535): in brightness disabled on critical battery low

I/Monitor ( 5056): [main]onReceive at: com.aps.a$a, Intent: Intent { act=android.intent.action.BATTERY_CHANGED flg=0x60000010 (has extras) }, cost:1 ms.

D/SViewCoverView( 1659): BroadcastReceiver onReceive() : action : android.intent.action.BATTERY_CHANGED

D/STATUSBAR-PhoneStatusBar( 1110):  mBrightnessEnablebySettings = true mBrightnessEnablebyBattery = true mBrightnessEnablebyDisableFlag = true mPmsBrightnessEnablebySettings = true

D/SViewCoverView( 1659): level :48 plugged : 2

D/STATUSBAR-IconMerger( 1110): checkOverflow(504), More:true, Req:true Child:24

D/BatteryMeterView( 1110): ACTION_BATTERY_CHANGED : level:48 status:2 health:2

D/dalvikvm(  910): GC_CONCURRENT freed 8161K, 49% free 90082K/176128K, paused 16ms+22ms, total 277ms

D/cell strength( 1228): ===== cell singal strength changed : 99

D/STATUSBAR-NetworkController( 1110): onSignalStrengthsChanged signalStrength=SignalStrength: 99 -1 16384 -160 -120 -1 -1 99 2147483647 2147483647 2147483647 -1 -77 gsm|lte 0x0 level=4

D/pushtrack_TrackWorker_queue_51( 5189): level:Normal user:2088812469041456 tag:PacketReader_push_heart_beat content:start:1435634318280

I/AlipayPush_b( 5189): processPacket() got one HeartBeatPacket from Server!

I/AlipayPush_k( 5189): sendPacket()... packet.id=3

I/AlipayPush_l( 5189): getPushKeepAliveInterval() keepAliveTime=300

E/JavaBinder(  910): !!! FAILED BINDER TRANSACTION !!!

D/STATUSBAR-NetworkController( 1110): refreshSignalCluster - setNWBoosterIndicators(false)

D/StatusBar.NetworkController( 1110): refreshSignalCluster: else : 

D/STATUSBAR-SignalClusterView( 1110): setDataSignalIcon mMobileDataGroup GONE

E/StatusBar.NetworkController( 1110): refreshSignalCluster: roam

E/StatusBar.NetworkController( 1110): refreshSignalCluster: set mShowPhoneRSSIForData = false

D/STATUSBAR-IconMerger( 1110): checkOverflow(504), More:true, Req:true Child:24

E/JavaBinder(  910): !!! FAILED BINDER TRANSACTION !!!

D/STATUSBAR-NetworkController( 1110): refreshSignalCluster - setNWBoosterIndicators(false)

D/StatusBar.NetworkController( 1110): refreshSignalCluster: else : 

D/STATUSBAR-SignalClusterView( 1110): setDataSignalIcon mMobileDataGroup GONE

E/StatusBar.NetworkController( 1110): refreshSignalCluster: roam

E/StatusBar.NetworkController( 1110): refreshSignalCluster: set mShowPhoneRSSIForData = false

D/STATUSBAR-IconMerger( 1110): checkOverflow(504), More:true, Req:true Child:24

D/cell strength( 1228): ===== cell singal strength changed : 99

D/STATUSBAR-NetworkController( 1110): onSignalStrengthsChanged signalStrength=SignalStrength: 99 -1 16384 -160 -120 -1 -1 99 2147483647 2147483647 2147483647 -1 -76 gsm|lte 0x0 level=4

E/JavaBinder(  910): !!! FAILED BINDER TRANSACTION !!!

D/STATUSBAR-NetworkController( 1110): refreshSignalCluster - setNWBoosterIndicators(false)

D/StatusBar.NetworkController( 1110): refreshSignalCluster: else : 

D/STATUSBAR-SignalClusterView( 1110): setDataSignalIcon mMobileDataGroup GONE

E/StatusBar.NetworkController( 1110): refreshSignalCluster: roam

E/StatusBar.NetworkController( 1110): refreshSignalCluster: set mShowPhoneRSSIForData = false

D/STATUSBAR-IconMerger( 1110): checkOverflow(504), More:true, Req:true Child:24

I/emmlog  ( 9490): AnalyticsFrequency Low: 5000

E/JavaBinder(  910): !!! FAILED BINDER TRANSACTION !!!

D/STATUSBAR-NetworkController( 1110): refreshSignalCluster - setNWBoosterIndicators(false)

D/StatusBar.NetworkController( 1110): refreshSignalCluster: else : 

D/STATUSBAR-SignalClusterView( 1110): setDataSignalIcon mMobileDataGroup GONE

E/StatusBar.NetworkController( 1110): refreshSignalCluster: roam

E/StatusBar.NetworkController( 1110): refreshSignalCluster: set mShowPhoneRSSIForData = false

D/STATUSBAR-IconMerger( 1110): checkOverflow(504), More:true, Req:true Child:24

D/dalvikvm( 2199): GC_CONCURRENT freed 1940K, 27% free 19671K/26880K, paused 8ms+3ms, total 59ms

D/cell strength( 1228): ===== cell singal strength changed : 99

D/STATUSBAR-NetworkController( 1110): onSignalStrengthsChanged signalStrength=SignalStrength: 99 -1 16384 -160 -120 -1 -1 99 2147483647 2147483647 2147483647 -1 -74 gsm|lte 0x0 level=4

D/SSRMv2:SIOP(  910): SIOP:: AP = 370 (0), Delta = 0

D/dalvikvm(  910): GC_CONCURRENT freed 8230K, 49% free 90043K/176128K, paused 27ms+20ms, total 280ms

D/dalvikvm(  910): WAIT_FOR_CONCURRENT_GC blocked 108ms

D/dalvikvm(  910): WAIT_FOR_CONCURRENT_GC blocked 85ms

D/dalvikvm(  910): WAIT_FOR_CONCURRENT_GC blocked 161ms

D/BatteryService(  910): level:48, scale:100, status:2, health:2, present:true, voltage: 3825, temperature: 291, technology: Li-ion, AC powered:false, USB powered:true, Wireless powered:false, icon:17303609, invalid charger:0, online:4, current avg:450, charge type:1, power sharing:false, high voltage charger:false

D/BatteryService(  910): Sending ACTION_BATTERY_CHANGED.

D/KeyguardUpdateMonitor( 1110): received broadcast android.intent.action.BATTERY_CHANGED

D/KeyguardUpdateMonitor( 1110): handleBatteryUpdate

I/Monitor ( 5056): [main]onReceive at: com.aps.a$a, Intent: Intent { act=android.intent.action.BATTERY_CHANGED flg=0x60000010 (has extras) }, cost:0 ms.

D/Brightness(24535): mIntentReceiver.onReceive: action=android.intent.action.BATTERY_CHANGED, intent=Intent { act=android.intent.action.BATTERY_CHANGED flg=0x60000010 (has extras) }

D/MainActivityBaseUi.java(24535): in brightness disabled on critical battery low

D/UiModeManager(  910): mCoverManager.getCoverState() : true

D/SViewCoverView( 1659): BroadcastReceiver onReceive() : action : android.intent.action.BATTERY_CHANGED

D/SViewCoverView( 1659): level :48 plugged : 2

D/STATUSBAR-PhoneStatusBar( 1110):  mBrightnessEnablebySettings = true mBrightnessEnablebyBattery = true mBrightnessEnablebyDisableFlag = true mPmsBrightnessEnablebySettings = true

D/BatteryMeterView( 1110): ACTION_BATTERY_CHANGED : level:48 status:2 health:2

D/STATUSBAR-IconMerger( 1110): checkOverflow(504), More:true, Req:true Child:24

D/STATUSBAR-NetworkController( 1110): onSignalStrengthsChanged signalStrength=SignalStrength: 99 -1 16384 -160 -120 -1 -1 99 2147483647 2147483647 2147483647 -1 -72 gsm|lte 0x0 level=4

D/cell strength( 1228): ===== cell singal strength changed : 99

E/Watchdog(  910): !@Sync 92416

D/cell strength( 1228): ===== cell singal strength changed : 99

D/STATUSBAR-NetworkController( 1110): onSignalStrengthsChanged signalStrength=SignalStrength: 99 -1 16384 -160 -120 -1 -1 99 2147483647 2147483647 2147483647 -1 -72 gsm|lte 0x0 level=4

E/JavaBinder(  910): !!! FAILED BINDER TRANSACTION !!!

D/STATUSBAR-NetworkController( 1110): refreshSignalCluster - setNWBoosterIndicators(false)

D/StatusBar.NetworkController( 1110): refreshSignalCluster: else : 

D/STATUSBAR-SignalClusterView( 1110): setDataSignalIcon mMobileDataGroup GONE

E/StatusBar.NetworkController( 1110): refreshSignalCluster: roam

E/StatusBar.NetworkController( 1110): refreshSignalCluster: set mShowPhoneRSSIForData = false

D/STATUSBAR-IconMerger( 1110): checkOverflow(504), More:true, Req:true Child:24

I/chromium(24535): [INFO:top_sites_impl.cc(926)]  VLOG NotifyTopSitesChanged

E/JavaBinder(  910): !!! FAILED BINDER TRANSACTION !!!

D/STATUSBAR-NetworkController( 1110): refreshSignalCluster - setNWBoosterIndicators(false)

D/StatusBar.NetworkController( 1110): refreshSignalCluster: else : 

D/STATUSBAR-SignalClusterView( 1110): setDataSignalIcon mMobileDataGroup GONE

E/StatusBar.NetworkController( 1110): refreshSignalCluster: roam

E/StatusBar.NetworkController( 1110): refreshSignalCluster: set mShowPhoneRSSIForData = false

D/STATUSBAR-IconMerger( 1110): checkOverflow(504), More:true, Req:true Child:24

D/cell strength( 1228): ===== cell singal strength changed : 99

D/STATUSBAR-NetworkController( 1110): onSignalStrengthsChanged signalStrength=SignalStrength: 99 -1 16384 -160 -120 -1 -1 99 2147483647 2147483647 2147483647 -1 -71 gsm|lte 0x0 level=4

D/dalvikvm( 7827): GC_CONCURRENT freed 1932K, 22% free 21134K/26876K, paused 6ms+1ms, total 80ms

D/SSRMv2:SIOP(  910): SIOP:: AP = 370 (0), Delta = 0

D/PowerManagerService(  910): [s] UserActivityState : 1 -> 2

D/DisplayPowerController(  910): animation target = 20 (PSM:false, AB limit:(-1 ~ -1) MB Limit:(-1 ~ -1) MAdj:(0, (0, 255)))

D/PowerManagerService(  910): [s] mDisplayPowerControllerCallbacks : onStateChanged()

D/lights  (  910): lcd : 230 +

D/dalvikvm(  910): GC_CONCURRENT freed 8188K, 49% free 90030K/176128K, paused 24ms+20ms, total 273ms

D/lights  (  910): lcd : 230 -

D/lights  (  910): lcd : 197 +

D/lights  (  910): lcd : 197 -

D/lights  (  910): lcd : 163 +

D/lights  (  910): lcd : 163 -

D/lights  (  910): lcd : 130 +

D/lights  (  910): lcd : 130 -

D/lights  (  910): lcd : 97 +

D/lights  (  910): lcd : 97 -

D/lights  (  910): lcd : 63 +

D/lights  (  910): lcd : 63 -

D/lights  (  910): lcd : 30 +

D/lights  (  910): lcd : 30 -

D/lights  (  910): lcd : 20 +

D/RampAnimator(  910): Light Animator Finished currentValue=20

D/lights  (  910): lcd : 20 -

D/BatteryService(  910): level:48, scale:100, status:2, health:2, present:true, voltage: 3890, temperature: 291, technology: Li-ion, AC powered:false, USB powered:true, Wireless powered:false, icon:17303609, invalid charger:0, online:4, current avg:450, charge type:1, power sharing:false, high voltage charger:false

D/BatteryService(  910): Sending ACTION_BATTERY_CHANGED.

D/KeyguardUpdateMonitor( 1110): received broadcast android.intent.action.BATTERY_CHANGED

D/KeyguardUpdateMonitor( 1110): handleBatteryUpdate

D/UiModeManager(  910): mCoverManager.getCoverState() : true

D/SViewCoverView( 1659): BroadcastReceiver onReceive() : action : android.intent.action.BATTERY_CHANGED

D/SViewCoverView( 1659): level :48 plugged : 2

D/STATUSBAR-PhoneStatusBar( 1110):  mBrightnessEnablebySettings = true mBrightnessEnablebyBattery = true mBrightnessEnablebyDisableFlag = true mPmsBrightnessEnablebySettings = true

D/Brightness(24535): mIntentReceiver.onReceive: action=android.intent.action.BATTERY_CHANGED, intent=Intent { act=android.intent.action.BATTERY_CHANGED flg=0x60000010 (has extras) }

D/MainActivityBaseUi.java(24535): in brightness disabled on critical battery low

I/Monitor ( 5056): [main]onReceive at: com.aps.a$a, Intent: Intent { act=android.intent.action.BATTERY_CHANGED flg=0x60000010 (has extras) }, cost:0 ms.

D/BatteryMeterView( 1110): ACTION_BATTERY_CHANGED : level:48 status:2 health:2

D/STATUSBAR-IconMerger( 1110): checkOverflow(504), More:true, Req:true Child:24

D/cell strength( 1228): ===== cell singal strength changed : 99

D/STATUSBAR-NetworkController( 1110): onSignalStrengthsChanged signalStrength=SignalStrength: 99 -1 16384 -160 -120 -1 -1 99 2147483647 2147483647 2147483647 -1 -72 gsm|lte 0x0 level=4

V/AlarmManager(  910): waitForAlarm result :8

D/KeyguardClockWidgetService(17854): onReceive action=android.intent.action.TIME_TICK

V/AlarmManager(  910): ClockReceiver onReceive() ACTION_TIME_TICK

D/KeyguardUpdateMonitor( 1110): received broadcast android.intent.action.TIME_TICK

D/KeyguardUpdateMonitor( 1110): handleTimeUpdate

D/STATUSBAR-IconMerger( 1110): checkOverflow(504), More:true, Req:true Child:24

D/SViewCoverWidget( 1659): initClock() : TimeZone =libcore.util.ZoneInfo[id="Asia/Shanghai",mRawOffset=28800000,mEarliestRawOffset=28800000,mUseDst=false,mDstSavings=3600000,transitions=16]

D/daemonapp( 9256): [MSC_Cmaweather_Daemon]>>> U:1341 [0:0] cDayONight() ::: sunrise is null 

D/daemonapp( 9256): [MSC_Cmaweather_Daemon]>>> U:1357 [0:0] cDayONight() ::: sunset is null 

D/daemonapp( 9256): [MSC_Cmaweather_Daemon]>>> WCS:90 [0:0] action:androidintentactionTIME_TICK

D/daemonapp( 9256): [MSC_Cmaweather_Daemon]>>> CWDS:83 [0:0] Act : widgetappapaccuweatherdaemonactionCHANGE_ICON_OF_DAEMON

D/comsamsunglog( 9256): [MSC_Cmaweather_Daemon]>>> ====================================================================================================================

D/comsamsunglog( 9256): [MSC_Cmaweather_Daemon]>>> daemonapp [Version : 14070101 ] [ 1 ] 

D/comsamsunglog( 9256): [MSC_Cmaweather_Daemon]>>> Header set to : ===> "daemonapp" <===

D/comsamsunglog( 9256): [MSC_Cmaweather_Daemon]>>> ====================================================================================================================

D/daemonapp( 9256): [MSC_Cmaweather_Daemon]>>> CCP:387 [0:0] Provider query : content://cmaweatherprovider/packagename

D/daemonapp( 9256): [MSC_Cmaweather_Daemon]>>> CWDS:1112 [0:0] PakNme size = 1

D/daemonapp( 9256): [MSC_Cmaweather_Daemon]>>> CCP:387 [0:0] Provider query : content://cmaweatherprovider/current_weatherinfo

D/daemonapp( 9256): [MSC_Cmaweather_Daemon]>>> CCP:387 [0:0] Provider query : content://cmaweatherprovider/current_weatherinfo

D/daemonapp( 9256): [MSC_Cmaweather_Daemon]>>> CCP:387 [0:0] Provider query : content://cmaweatherprovider/current_weatherinfo

D/daemonapp( 9256): [MSC_Cmaweather_Daemon]>>> CWDS:127 [0:0] SerStus:true,TmpS:1,AtRfr:0

D/daemonapp( 9256): [MSC_Cmaweather_Daemon]>>> CWDS:682 [0:0] ====ACTION_SEC_CHANGE_ICON_OF_DAEMON===

D/daemonapp( 9256): [MSC_Cmaweather_Daemon]>>> U:1341 [0:0] cDayONight() ::: sunrise is null 

D/daemonapp( 9256): [MSC_Cmaweather_Daemon]>>> U:1357 [0:0] cDayONight() ::: sunset is null 

D/daemonapp( 9256): [MSC_Cmaweather_Daemon]>>> CWDS:685 [0:0] checkDay:true, UtilgetIsDay():false

D/daemonapp( 9256): [MSC_Cmaweather_Daemon]>>> CCP:387 [0:0] Provider query : content://cmaweatherprovider/weatherinfo

D/cell strength( 1228): ===== cell singal strength changed : 99

D/STATUSBAR-NetworkController( 1110): onSignalStrengthsChanged signalStrength=SignalStrength: 99 -1 16384 -160 -120 -1 -1 99 2147483647 2147483647 2147483647 -1 -73 gsm|lte 0x0 level=4

E/JavaBinder(  910): !!! FAILED BINDER TRANSACTION !!!

D/STATUSBAR-NetworkController( 1110): refreshSignalCluster - setNWBoosterIndicators(false)

D/StatusBar.NetworkController( 1110): refreshSignalCluster: else : 

D/STATUSBAR-SignalClusterView( 1110): setDataSignalIcon mMobileDataGroup GONE

E/StatusBar.NetworkController( 1110): refreshSignalCluster: roam

E/StatusBar.NetworkController( 1110): refreshSignalCluster: set mShowPhoneRSSIForData = false

D/STATUSBAR-IconMerger( 1110): checkOverflow(504), More:true, Req:true Child:24

D/PowerManagerService(  910): [s] UserActivityState : 2 -> 0

I/PowerManagerService(  910): [PWL] On : 2768237134 (4610896 ms ago)

I/PowerManagerService(  910): [PWL]  mStayOn: true  mWakeLockSummary & WAKE_LOCK_STAY_AWAKE: 0  mUserActivitySummary: 0x0

E/JavaBinder(  910): !!! FAILED BINDER TRANSACTION !!!

D/STATUSBAR-NetworkController( 1110): refreshSignalCluster - setNWBoosterIndicators(false)

D/StatusBar.NetworkController( 1110): refreshSignalCluster: else : 

D/STATUSBAR-SignalClusterView( 1110): setDataSignalIcon mMobileDataGroup GONE

E/StatusBar.NetworkController( 1110): refreshSignalCluster: roam

E/StatusBar.NetworkController( 1110): refreshSignalCluster: set mShowPhoneRSSIForData = false

D/STATUSBAR-IconMerger( 1110): checkOverflow(504), More:true, Req:true Child:24

D/cell strength( 1228): ===== cell singal strength changed : 99

D/STATUSBAR-NetworkController( 1110): onSignalStrengthsChanged signalStrength=SignalStrength: 99 -1 16384 -160 -120 -1 -1 99 2147483647 2147483647 2147483647 -1 -74 gsm|lte 0x0 level=4

D/SSRMv2:SIOP(  910): SIOP:: AP = 370 (0), Delta = 0

D/dalvikvm(  910): GC_CONCURRENT freed 8186K, 49% free 90036K/176128K, paused 28ms+20ms, total 281ms

D/dalvikvm(  910): WAIT_FOR_CONCURRENT_GC blocked 151ms

D/cell strength( 1228): ===== cell singal strength changed : 99

D/STATUSBAR-NetworkController( 1110): onSignalStrengthsChanged signalStrength=SignalStrength: 99 -1 16384 -160 -120 -1 -1 99 2147483647 2147483647 2147483647 -1 -76 gsm|lte 0x0 level=4

D/BatteryService(  910): level:48, scale:100, status:2, health:2, present:true, voltage: 3880, temperature: 291, technology: Li-ion, AC powered:false, USB powered:true, Wireless powered:false, icon:17303609, invalid charger:0, online:4, current avg:450, charge type:1, power sharing:false, high voltage charger:false

D/BatteryService(  910): Sending ACTION_BATTERY_CHANGED.

D/KeyguardUpdateMonitor( 1110): received broadcast android.intent.action.BATTERY_CHANGED

D/KeyguardUpdateMonitor( 1110): handleBatteryUpdate

D/UiModeManager(  910): mCoverManager.getCoverState() : true

D/SViewCoverView( 1659): BroadcastReceiver onReceive() : action : android.intent.action.BATTERY_CHANGED

D/SViewCoverView( 1659): level :48 plugged : 2

D/Brightness(24535): mIntentReceiver.onReceive: action=android.intent.action.BATTERY_CHANGED, intent=Intent { act=android.intent.action.BATTERY_CHANGED flg=0x60000010 (has extras) }

D/MainActivityBaseUi.java(24535): in brightness disabled on critical battery low

I/Monitor ( 5056): [main]onReceive at: com.aps.a$a, Intent: Intent { act=android.intent.action.BATTERY_CHANGED flg=0x60000010 (has extras) }, cost:0 ms.

D/STATUSBAR-PhoneStatusBar( 1110):  mBrightnessEnablebySettings = true mBrightnessEnablebyBattery = true mBrightnessEnablebyDisableFlag = true mPmsBrightnessEnablebySettings = true

D/BatteryMeterView( 1110): ACTION_BATTERY_CHANGED : level:48 status:2 health:2

D/STATUSBAR-IconMerger( 1110): checkOverflow(504), More:true, Req:true Child:24

D/cell strength( 1228): ===== cell singal strength changed : 99

D/STATUSBAR-NetworkController( 1110): onSignalStrengthsChanged signalStrength=SignalStrength: 99 -1 16384 -160 -120 -1 -1 99 2147483647 2147483647 2147483647 -1 -77 gsm|lte 0x0 level=4

W/linker  ( 8271): libBdMoplusMD5_V1.so has text relocations. This is wasting memory and is a security risk. Please fix.

D/dalvikvm( 8271): No JNI_OnLoad found in /system/lib/libBdMoplusMD5_V1.so 0x42ec01b0, skipping init

E/JavaBinder(  910): !!! FAILED BINDER TRANSACTION !!!

D/STATUSBAR-NetworkController( 1110): refreshSignalCluster - setNWBoosterIndicators(false)

D/StatusBar.NetworkController( 1110): refreshSignalCluster: else : 

D/STATUSBAR-SignalClusterView( 1110): setDataSignalIcon mMobileDataGroup GONE

E/StatusBar.NetworkController( 1110): refreshSignalCluster: roam

E/StatusBar.NetworkController( 1110): refreshSignalCluster: set mShowPhoneRSSIForData = false

