D/STATUSBAR-NetworkController( 1110): onSignalStrengthsChanged signalStrength=SignalStrength: 99 -1 16384 -160 -120 -1 -1 99 2147483647 2147483647 2147483647 -1 -68 gsm|lte 0x0 level=4

D/dalvikvm(  910): GC_CONCURRENT freed 8191K, 49% free 90020K/176128K, paused 8ms+25ms, total 281ms

D/dalvikvm(  910): WAIT_FOR_CONCURRENT_GC blocked 168ms

D/dalvikvm(  910): WAIT_FOR_CONCURRENT_GC blocked 160ms

D/cell strength( 1228): ===== cell singal strength changed : 99

D/STATUSBAR-NetworkController( 1110): onSignalStrengthsChanged signalStrength=SignalStrength: 99 -1 16384 -160 -120 -1 -1 99 2147483647 2147483647 2147483647 -1 -68 gsm|lte 0x0 level=4

D/dalvikvm( 2199): GC_CONCURRENT freed 1921K, 27% free 19695K/26880K, paused 8ms+2ms, total 43ms

E/JavaBinder(  910): !!! FAILED BINDER TRANSACTION !!!

D/STATUSBAR-NetworkController( 1110): refreshSignalCluster - setNWBoosterIndicators(false)

D/StatusBar.NetworkController( 1110): refreshSignalCluster: else : 

D/STATUSBAR-SignalClusterView( 1110): setDataSignalIcon mMobileDataGroup GONE

E/StatusBar.NetworkController( 1110): refreshSignalCluster: roam

E/StatusBar.NetworkController( 1110): refreshSignalCluster: set mShowPhoneRSSIForData = false

D/STATUSBAR-IconMerger( 1110): checkOverflow(504), More:true, Req:true Child:24

D/dalvikvm( 2057): GC_CONCURRENT freed 2242K, 35% free 17502K/26876K, paused 9ms+2ms, total 49ms

E/JavaBinder(  910): !!! FAILED BINDER TRANSACTION !!!

D/STATUSBAR-NetworkController( 1110): refreshSignalCluster - setNWBoosterIndicators(false)

D/StatusBar.NetworkController( 1110): refreshSignalCluster: else : 

D/STATUSBAR-SignalClusterView( 1110): setDataSignalIcon mMobileDataGroup GONE

E/StatusBar.NetworkController( 1110): refreshSignalCluster: roam

E/StatusBar.NetworkController( 1110): refreshSignalCluster: set mShowPhoneRSSIForData = false

D/STATUSBAR-IconMerger( 1110): checkOverflow(504), More:true, Req:true Child:24

D/SSRMv2:SIOP(  910): SIOP:: AP = 370 (0), Delta = 0

D/BatteryService(  910): level:48, scale:100, status:2, health:2, present:true, voltage: 3875, temperature: 292, technology: Li-ion, AC powered:false, USB powered:true, Wireless powered:false, icon:17303609, invalid charger:0, online:4, current avg:450, charge type:1, power sharing:false, high voltage charger:false

D/BatteryService(  910): Sending ACTION_BATTERY_CHANGED.

D/KeyguardUpdateMonitor( 1110): received broadcast android.intent.action.BATTERY_CHANGED

D/KeyguardUpdateMonitor( 1110): handleBatteryUpdate

D/UiModeManager(  910): mCoverManager.getCoverState() : true

D/SViewCoverView( 1659): BroadcastReceiver onReceive() : action : android.intent.action.BATTERY_CHANGED

D/SViewCoverView( 1659): level :48 plugged : 2

D/Brightness(24535): mIntentReceiver.onReceive: action=android.intent.action.BATTERY_CHANGED, intent=Intent { act=android.intent.action.BATTERY_CHANGED flg=0x60000010 (has extras) }

D/MainActivityBaseUi.java(24535): in brightness disabled on critical battery low

I/Monitor ( 5056): [main]onReceive at: com.aps.a$a, Intent: Intent { act=android.intent.action.BATTERY_CHANGED flg=0x60000010 (has extras) }, cost:0 ms.

D/STATUSBAR-PhoneStatusBar( 1110):  mBrightnessEnablebySettings = true mBrightnessEnablebyBattery = true mBrightnessEnablebyDisableFlag = true mPmsBrightnessEnablebySettings = true

D/BatteryMeterView( 1110): ACTION_BATTERY_CHANGED : level:48 status:2 health:2

D/STATUSBAR-IconMerger( 1110): checkOverflow(504), More:true, Req:true Child:24

D/cell strength( 1228): ===== cell singal strength changed : 99

D/STATUSBAR-NetworkController( 1110): onSignalStrengthsChanged signalStrength=SignalStrength: 99 -1 16384 -160 -120 -1 -1 99 2147483647 2147483647 2147483647 -1 -71 gsm|lte 0x0 level=4

E/JavaBinder(  910): !!! FAILED BINDER TRANSACTION !!!

D/STATUSBAR-NetworkController( 1110): refreshSignalCluster - setNWBoosterIndicators(false)

D/StatusBar.NetworkController( 1110): refreshSignalCluster: else : 

D/STATUSBAR-SignalClusterView( 1110): setDataSignalIcon mMobileDataGroup GONE

E/StatusBar.NetworkController( 1110): refreshSignalCluster: roam

E/StatusBar.NetworkController( 1110): refreshSignalCluster: set mShowPhoneRSSIForData = false

D/STATUSBAR-IconMerger( 1110): checkOverflow(504), More:true, Req:true Child:24

E/JavaBinder(  910): !!! FAILED BINDER TRANSACTION !!!

D/STATUSBAR-NetworkController( 1110): refreshSignalCluster - setNWBoosterIndicators(false)

D/StatusBar.NetworkController( 1110): refreshSignalCluster: else : 

D/STATUSBAR-SignalClusterView( 1110): setDataSignalIcon mMobileDataGroup GONE

E/StatusBar.NetworkController( 1110): refreshSignalCluster: roam

E/StatusBar.NetworkController( 1110): refreshSignalCluster: set mShowPhoneRSSIForData = false

D/STATUSBAR-IconMerger( 1110): checkOverflow(504), More:true, Req:true Child:24

E/JavaBinder(  910): !!! FAILED BINDER TRANSACTION !!!

D/STATUSBAR-NetworkController( 1110): refreshSignalCluster - setNWBoosterIndicators(false)

D/StatusBar.NetworkController( 1110): refreshSignalCluster: else : 

D/STATUSBAR-SignalClusterView( 1110): setDataSignalIcon mMobileDataGroup GONE

E/StatusBar.NetworkController( 1110): refreshSignalCluster: roam

E/StatusBar.NetworkController( 1110): refreshSignalCluster: set mShowPhoneRSSIForData = false

D/STATUSBAR-IconMerger( 1110): checkOverflow(504), More:true, Req:true Child:24

D/dalvikvm(  910): GC_CONCURRENT freed 8188K, 49% free 90026K/176128K, paused 17ms+20ms, total 268ms

D/dalvikvm(  910): WAIT_FOR_CONCURRENT_GC blocked 66ms

D/dalvikvm(  910): WAIT_FOR_CONCURRENT_GC blocked 106ms

E/JavaBinder(  910): !!! FAILED BINDER TRANSACTION !!!

D/STATUSBAR-NetworkController( 1110): refreshSignalCluster - setNWBoosterIndicators(false)

D/StatusBar.NetworkController( 1110): refreshSignalCluster: else : 

D/STATUSBAR-SignalClusterView( 1110): setDataSignalIcon mMobileDataGroup GONE

E/StatusBar.NetworkController( 1110): refreshSignalCluster: roam

E/StatusBar.NetworkController( 1110): refreshSignalCluster: set mShowPhoneRSSIForData = false

D/STATUSBAR-IconMerger( 1110): checkOverflow(504), More:true, Req:true Child:24

E/JavaBinder(  910): !!! FAILED BINDER TRANSACTION !!!

D/STATUSBAR-NetworkController( 1110): refreshSignalCluster - setNWBoosterIndicators(false)

D/StatusBar.NetworkController( 1110): refreshSignalCluster: else : 

D/STATUSBAR-SignalClusterView( 1110): setDataSignalIcon mMobileDataGroup GONE

E/StatusBar.NetworkController( 1110): refreshSignalCluster: roam

E/StatusBar.NetworkController( 1110): refreshSignalCluster: set mShowPhoneRSSIForData = false

D/STATUSBAR-IconMerger( 1110): checkOverflow(504), More:true, Req:true Child:24

E/JavaBinder(  910): !!! FAILED BINDER TRANSACTION !!!

D/STATUSBAR-NetworkController( 1110): refreshSignalCluster - setNWBoosterIndicators(false)

D/StatusBar.NetworkController( 1110): refreshSignalCluster: else : 

D/STATUSBAR-SignalClusterView( 1110): setDataSignalIcon mMobileDataGroup GONE

E/StatusBar.NetworkController( 1110): refreshSignalCluster: roam

E/StatusBar.NetworkController( 1110): refreshSignalCluster: set mShowPhoneRSSIForData = false

D/STATUSBAR-IconMerger( 1110): checkOverflow(504), More:true, Req:true Child:24

E/JavaBinder(  910): !!! FAILED BINDER TRANSACTION !!!

D/STATUSBAR-NetworkController( 1110): refreshSignalCluster - setNWBoosterIndicators(false)

D/StatusBar.NetworkController( 1110): refreshSignalCluster: else : 

D/STATUSBAR-SignalClusterView( 1110): setDataSignalIcon mMobileDataGroup GONE

E/StatusBar.NetworkController( 1110): refreshSignalCluster: roam

E/StatusBar.NetworkController( 1110): refreshSignalCluster: set mShowPhoneRSSIForData = false

D/STATUSBAR-IconMerger( 1110): checkOverflow(504), More:true, Req:true Child:24

D/cell strength( 1228): ===== cell singal strength changed : 99

D/STATUSBAR-NetworkController( 1110): onSignalStrengthsChanged signalStrength=SignalStrength: 99 -1 16384 -160 -120 -1 -1 99 2147483647 2147483647 2147483647 -1 -74 gsm|lte 0x0 level=4

E/JavaBinder(  910): !!! FAILED BINDER TRANSACTION !!!

D/STATUSBAR-NetworkController( 1110): refreshSignalCluster - setNWBoosterIndicators(false)

D/StatusBar.NetworkController( 1110): refreshSignalCluster: else : 

D/STATUSBAR-SignalClusterView( 1110): setDataSignalIcon mMobileDataGroup GONE

E/StatusBar.NetworkController( 1110): refreshSignalCluster: roam

E/StatusBar.NetworkController( 1110): refreshSignalCluster: set mShowPhoneRSSIForData = false

D/STATUSBAR-IconMerger( 1110): checkOverflow(504), More:true, Req:true Child:24

E/JavaBinder(  910): !!! FAILED BINDER TRANSACTION !!!

D/STATUSBAR-NetworkController( 1110): refreshSignalCluster - setNWBoosterIndicators(false)

D/StatusBar.NetworkController( 1110): refreshSignalCluster: else : 

D/STATUSBAR-SignalClusterView( 1110): setDataSignalIcon mMobileDataGroup GONE

E/StatusBar.NetworkController( 1110): refreshSignalCluster: roam

E/StatusBar.NetworkController( 1110): refreshSignalCluster: set mShowPhoneRSSIForData = false

D/STATUSBAR-IconMerger( 1110): checkOverflow(504), More:true, Req:true Child:24

D/SSRMv2:SIOP(  910): SIOP:: AP = 370 (0), Delta = 0

D/BatteryService(  910): level:48, scale:100, status:2, health:2, present:true, voltage: 3891, temperature: 292, technology: Li-ion, AC powered:false, USB powered:true, Wireless powered:false, icon:17303609, invalid charger:0, online:4, current avg:450, charge type:1, power sharing:false, high voltage charger:false

D/BatteryService(  910): Sending ACTION_BATTERY_CHANGED.

D/KeyguardUpdateMonitor( 1110): received broadcast android.intent.action.BATTERY_CHANGED

D/KeyguardUpdateMonitor( 1110): handleBatteryUpdate

D/UiModeManager(  910): mCoverManager.getCoverState() : true

D/SViewCoverView( 1659): BroadcastReceiver onReceive() : action : android.intent.action.BATTERY_CHANGED

D/SViewCoverView( 1659): level :48 plugged : 2

D/Brightness(24535): mIntentReceiver.onReceive: action=android.intent.action.BATTERY_CHANGED, intent=Intent { act=android.intent.action.BATTERY_CHANGED flg=0x60000010 (has extras) }

D/MainActivityBaseUi.java(24535): in brightness disabled on critical battery low

D/STATUSBAR-PhoneStatusBar( 1110):  mBrightnessEnablebySettings = true mBrightnessEnablebyBattery = true mBrightnessEnablebyDisableFlag = true mPmsBrightnessEnablebySettings = true

D/BatteryMeterView( 1110): ACTION_BATTERY_CHANGED : level:48 status:2 health:2

I/Monitor ( 5056): [main]onReceive at: com.aps.a$a, Intent: Intent { act=android.intent.action.BATTERY_CHANGED flg=0x60000010 (has extras) }, cost:0 ms.

D/STATUSBAR-IconMerger( 1110): checkOverflow(504), More:true, Req:true Child:24

E/Watchdog(  910): !@Sync 92422

D/dalvikvm(  910): GC_CONCURRENT freed 8202K, 49% free 90015K/176128K, paused 16ms+20ms, total 255ms

D/dalvikvm(  910): WAIT_FOR_CONCURRENT_GC blocked 66ms

D/cell strength( 1228): ===== cell singal strength changed : 99

D/STATUSBAR-NetworkController( 1110): onSignalStrengthsChanged signalStrength=SignalStrength: 99 -1 16384 -160 -120 -1 -1 99 2147483647 2147483647 2147483647 -1 -72 gsm|lte 0x0 level=4

E/JavaBinder(  910): !!! FAILED BINDER TRANSACTION !!!

D/STATUSBAR-NetworkController( 1110): refreshSignalCluster - setNWBoosterIndicators(false)

D/StatusBar.NetworkController( 1110): refreshSignalCluster: else : 

D/STATUSBAR-SignalClusterView( 1110): setDataSignalIcon mMobileDataGroup GONE

E/StatusBar.NetworkController( 1110): refreshSignalCluster: roam

E/StatusBar.NetworkController( 1110): refreshSignalCluster: set mShowPhoneRSSIForData = false

D/STATUSBAR-IconMerger( 1110): checkOverflow(504), More:true, Req:true Child:24

D/PublicHomeWidgetGroup( 5056): [main]public home widget group receivercom.alipay.mobile.intent.action.UPDATETODOLIST

I/Monitor ( 5056): [main]onReceive at: com.alipay.android.phone.publicplatform.home.n, Intent: Intent { act=com.alipay.mobile.intent.action.UPDATETODOLIST (has extras) }, cost:2 ms.

I/chromium(24535): [INFO:top_sites_impl.cc(926)]  VLOG NotifyTopSitesChanged

E/JavaBinder(  910): !!! FAILED BINDER TRANSACTION !!!

D/STATUSBAR-NetworkController( 1110): refreshSignalCluster - setNWBoosterIndicators(false)

D/StatusBar.NetworkController( 1110): refreshSignalCluster: else : 

D/STATUSBAR-SignalClusterView( 1110): setDataSignalIcon mMobileDataGroup GONE

E/StatusBar.NetworkController( 1110): refreshSignalCluster: roam

E/StatusBar.NetworkController( 1110): refreshSignalCluster: set mShowPhoneRSSIForData = false

D/STATUSBAR-IconMerger( 1110): checkOverflow(504), More:true, Req:true Child:24

D/SSRMv2:SIOP(  910): SIOP:: AP = 370 (0), Delta = 0

D/BatteryService(  910): level:48, scale:100, status:2, health:2, present:true, voltage: 3886, temperature: 292, technology: Li-ion, AC powered:false, USB powered:true, Wireless powered:false, icon:17303609, invalid charger:0, online:4, current avg:450, charge type:1, power sharing:false, high voltage charger:false

D/KeyguardUpdateMonitor( 1110): received broadcast android.intent.action.BATTERY_CHANGED

D/BatteryService(  910): Sending ACTION_BATTERY_CHANGED.

D/UiModeManager(  910): mCoverManager.getCoverState() : true

D/KeyguardUpdateMonitor( 1110): handleBatteryUpdate

D/SViewCoverView( 1659): BroadcastReceiver onReceive() : action : android.intent.action.BATTERY_CHANGED

D/SViewCoverView( 1659): level :48 plugged : 2

D/Brightness(24535): mIntentReceiver.onReceive: action=android.intent.action.BATTERY_CHANGED, intent=Intent { act=android.intent.action.BATTERY_CHANGED flg=0x60000010 (has extras) }

D/MainActivityBaseUi.java(24535): in brightness disabled on critical battery low

I/Monitor ( 5056): [main]onReceive at: com.aps.a$a, Intent: Intent { act=android.intent.action.BATTERY_CHANGED flg=0x60000010 (has extras) }, cost:0 ms.

D/STATUSBAR-PhoneStatusBar( 1110):  mBrightnessEnablebySettings = true mBrightnessEnablebyBattery = true mBrightnessEnablebyDisableFlag = true mPmsBrightnessEnablebySettings = true

D/BatteryMeterView( 1110): ACTION_BATTERY_CHANGED : level:48 status:2 health:2

D/STATUSBAR-IconMerger( 1110): checkOverflow(504), More:true, Req:true Child:24

V/AlarmManager(  910): waitForAlarm result :8

D/NetEasePushService_PushServiceNews_V1(  767): onStartCommand()...

D/NetEasePushService_PushServiceNews_V1(  767): prepareStart()...

D/NetEasePushService_PushServiceNews_V1(  767): Heartbeat receiver is running...

D/NetEasePushService_PushServiceNews_V1(  767): sendHeartBeat()...

D/NetEasePushService_PushServiceNews_V1(  767): send heat beat message to server.

D/NetEasePushService_PushServiceNews_V1(  767): setAlarm()...

D/NetEasePushService_PushServiceNews_V1(  767): send()...

D/NetEasePushService_PushServiceNews_V1(  767): send topic: ping domain: null message : {}

D/NetEasePushService_PushServiceNews_V1(  767): acquireWakeLock()...

D/NetEasePushService_PushServiceNews_V1(  767): Acquiring wake lock

D/NetEasePushService_PushServiceNews_V1(  767): releaseWakeLock()...

D/NetEasePushService_PushServiceNews_V1(  767): setAlarm()...

V/AlarmManager(  910):  next == MAX_VALUE

D/NetEasePushService_PushServiceNews_V1(  767): heat beat has sent 5 round normally, heartbeat interval is now: 480000ms

D/NetEasePushService_PushServiceNews_V1(  767): publishArrived()...

D/NetEasePushService_PushServiceNews_V1(  767): topic : pong message: 

D/NetEasePushService_PushServiceNews_V1(  767): it is a heartbeat ack message

D/NetEasePushService_PushServiceNews_V1(  767): cancelAlarm()...

E/JavaBinder(  910): !!! FAILED BINDER TRANSACTION !!!

D/STATUSBAR-NetworkController( 1110): refreshSignalCluster - setNWBoosterIndicators(false)

D/StatusBar.NetworkController( 1110): refreshSignalCluster: else : 

D/STATUSBAR-SignalClusterView( 1110): setDataSignalIcon mMobileDataGroup GONE

E/StatusBar.NetworkController( 1110): refreshSignalCluster: roam

E/StatusBar.NetworkController( 1110): refreshSignalCluster: set mShowPhoneRSSIForData = false

D/STATUSBAR-IconMerger( 1110): checkOverflow(504), More:true, Req:true Child:24

D/dalvikvm(  910): GC_CONCURRENT freed 8185K, 49% free 90022K/176128K, paused 7ms+21ms, total 332ms

D/dalvikvm(  910): WAIT_FOR_CONCURRENT_GC blocked 183ms

E/JavaBinder(  910): !!! FAILED BINDER TRANSACTION !!!

D/STATUSBAR-NetworkController( 1110): refreshSignalCluster - setNWBoosterIndicators(false)

D/StatusBar.NetworkController( 1110): refreshSignalCluster: else : 

D/STATUSBAR-SignalClusterView( 1110): setDataSignalIcon mMobileDataGroup GONE

E/StatusBar.NetworkController( 1110): refreshSignalCluster: roam

E/StatusBar.NetworkController( 1110): refreshSignalCluster: set mShowPhoneRSSIForData = false

D/STATUSBAR-IconMerger( 1110): checkOverflow(504), More:true, Req:true Child:24

V/AlarmManager(  910): waitForAlarm result :8

D/KeyguardClockWidgetService(17854): onReceive action=android.intent.action.TIME_TICK

V/AlarmManager(  910): ClockReceiver onReceive() ACTION_TIME_TICK

V/AlarmManager(  910): ___SyncScheduler (v3) ACTIVATED___

V/AlarmManager(  910): <AppSync3 Whitelist>

V/AlarmManager(  910): (AppSync) com.netease.newsreader.activity : 600(480)

V/AlarmManager(  910): (AppSync) com.sec.spp.push : 10800(75600)

V/AlarmManager(  910): (AppSync) com.sec.spp.push : 10800(21540)

V/AlarmManager(  910): (AppSync) com.cleanmaster.mguard_cn : 21600(83880)

V/AlarmManager(  910): (AppSync) com.cleanmaster.mguard_cn : 21600(86400)

V/AlarmManager(  910): (AppSync) com.alibaba.android.security.activity : 300(300)

V/AlarmManager(  910): (AppSync) cn.ninegame.gamemanager : 600(580)

V/AlarmManager(  910): (AppSync) com.cleanmaster.mguard_cn : 300(300)

V/AlarmManager(  910): (AppSync) com.eg.android.AlipayGphoneRC : 600(600)

V/AlarmManager(  910): (AppSync) com.eg.android.AlipayGphoneRC : 300(300)

V/AlarmManager(  910): (AppSync) com.baidu.shucheng : 600(600)

V/AlarmManager(  910): (AppSync) ### 11 added ###

D/KeyguardUpdateMonitor( 1110): received broadcast android.intent.action.TIME_TICK

D/KeyguardUpdateMonitor( 1110): handleTimeUpdate

D/STATUSBAR-IconMerger( 1110): checkOverflow(504), More:true, Req:true Child:24

D/SViewCoverWidget( 1659): initClock() : TimeZone =libcore.util.ZoneInfo[id="Asia/Shanghai",mRawOffset=28800000,mEarliestRawOffset=28800000,mUseDst=false,mDstSavings=3600000,transitions=16]

D/daemonapp( 9256): [MSC_Cmaweather_Daemon]>>> U:1341 [0:0] cDayONight() ::: sunrise is null 

D/daemonapp( 9256): [MSC_Cmaweather_Daemon]>>> U:1357 [0:0] cDayONight() ::: sunset is null 

D/daemonapp( 9256): [MSC_Cmaweather_Daemon]>>> WCS:90 [0:0] action:androidintentactionTIME_TICK

D/daemonapp( 9256): [MSC_Cmaweather_Daemon]>>> CWDS:83 [0:0] Act : widgetappapaccuweatherdaemonactionCHANGE_ICON_OF_DAEMON

D/comsamsunglog( 9256): [MSC_Cmaweather_Daemon]>>> ====================================================================================================================

D/comsamsunglog( 9256): [MSC_Cmaweather_Daemon]>>> daemonapp [Version : 14070101 ] [ 1 ] 

D/comsamsunglog( 9256): [MSC_Cmaweather_Daemon]>>> Header set to : ===> "daemonapp" <===

D/comsamsunglog( 9256): [MSC_Cmaweather_Daemon]>>> ====================================================================================================================

D/daemonapp( 9256): [MSC_Cmaweather_Daemon]>>> CCP:387 [0:0] Provider query : content://cmaweatherprovider/packagename

D/daemonapp( 9256): [MSC_Cmaweather_Daemon]>>> CWDS:1112 [0:0] PakNme size = 1

D/daemonapp( 9256): [MSC_Cmaweather_Daemon]>>> CCP:387 [0:0] Provider query : content://cmaweatherprovider/current_weatherinfo

D/daemonapp( 9256): [MSC_Cmaweather_Daemon]>>> CCP:387 [0:0] Provider query : content://cmaweatherprovider/current_weatherinfo

D/daemonapp( 9256): [MSC_Cmaweather_Daemon]>>> CCP:387 [0:0] Provider query : content://cmaweatherprovider/current_weatherinfo

D/daemonapp( 9256): [MSC_Cmaweather_Daemon]>>> CWDS:127 [0:0] SerStus:true,TmpS:1,AtRfr:0

D/daemonapp( 9256): [MSC_Cmaweather_Daemon]>>> CWDS:682 [0:0] ====ACTION_SEC_CHANGE_ICON_OF_DAEMON===

D/daemonapp( 9256): [MSC_Cmaweather_Daemon]>>> U:1341 [0:0] cDayONight() ::: sunrise is null 

D/daemonapp( 9256): [MSC_Cmaweather_Daemon]>>> U:1357 [0:0] cDayONight() ::: sunset is null 

D/daemonapp( 9256): [MSC_Cmaweather_Daemon]>>> CWDS:685 [0:0] checkDay:true, UtilgetIsDay():false

D/daemonapp( 9256): [MSC_Cmaweather_Daemon]>>> CCP:387 [0:0] Provider query : content://cmaweatherprovider/weatherinfo

E/JavaBinder(  910): !!! FAILED BINDER TRANSACTION !!!

D/STATUSBAR-NetworkController( 1110): refreshSignalCluster - setNWBoosterIndicators(false)

D/StatusBar.NetworkController( 1110): refreshSignalCluster: else : 

D/STATUSBAR-SignalClusterView( 1110): setDataSignalIcon mMobileDataGroup GONE

E/StatusBar.NetworkController( 1110): refreshSignalCluster: roam

E/StatusBar.NetworkController( 1110): refreshSignalCluster: set mShowPhoneRSSIForData = false

D/STATUSBAR-IconMerger( 1110): checkOverflow(504), More:true, Req:true Child:24

E/JavaBinder(  910): !!! FAILED BINDER TRANSACTION !!!

D/STATUSBAR-NetworkController( 1110): refreshSignalCluster - setNWBoosterIndicators(false)

D/StatusBar.NetworkController( 1110): refreshSignalCluster: else : 

D/STATUSBAR-SignalClusterView( 1110): setDataSignalIcon mMobileDataGroup GONE

E/StatusBar.NetworkController( 1110): refreshSignalCluster: roam

E/StatusBar.NetworkController( 1110): refreshSignalCluster: set mShowPhoneRSSIForData = false

D/STATUSBAR-IconMerger( 1110): checkOverflow(504), More:true, Req:true Child:24

D/cell strength( 1228): ===== cell singal strength changed : 99

D/STATUSBAR-NetworkController( 1110): onSignalStrengthsChanged signalStrength=SignalStrength: 99 -1 16384 -160 -120 -1 -1 99 2147483647 2147483647 2147483647 -1 -73 gsm|lte 0x0 level=4

D/cell strength( 1228): ===== cell singal strength changed : 99

D/STATUSBAR-NetworkController( 1110): onSignalStrengthsChanged signalStrength=SignalStrength: 99 -1 16384 -160 -120 -1 -1 99 2147483647 2147483647 2147483647 -1 -73 gsm|lte 0x0 level=4

D/SSRMv2:SIOP(  910): SIOP:: AP = 370 (0), Delta = 0

D/KeyguardUpdateMonitor( 1110): received broadcast android.intent.action.BATTERY_CHANGED

D/KeyguardUpdateMonitor( 1110): handleBatteryUpdate

D/Brightness(24535): mIntentReceiver.onReceive: action=android.intent.action.BATTERY_CHANGED, intent=Intent { act=android.intent.action.BATTERY_CHANGED flg=0x60000010 (has extras) }

D/MainActivityBaseUi.java(24535): in brightness disabled on critical battery low

D/BatteryService(  910): level:48, scale:100, status:2, health:2, present:true, voltage: 3883, temperature: 292, technology: Li-ion, AC powered:false, USB powered:true, Wireless powered:false, icon:17303609, invalid charger:0, online:4, current avg:450, charge type:1, power sharing:false, high voltage charger:false

D/BatteryService(  910): Sending ACTION_BATTERY_CHANGED.

D/UiModeManager(  910): mCoverManager.getCoverState() : true

D/SViewCoverView( 1659): BroadcastReceiver onReceive() : action : android.intent.action.BATTERY_CHANGED

D/SViewCoverView( 1659): level :48 plugged : 2

I/Monitor ( 5056): [main]onReceive at: com.aps.a$a, Intent: Intent { act=android.intent.action.BATTERY_CHANGED flg=0x60000010 (has extras) }, cost:0 ms.

D/STATUSBAR-PhoneStatusBar( 1110):  mBrightnessEnablebySettings = true mBrightnessEnablebyBattery = true mBrightnessEnablebyDisableFlag = true mPmsBrightnessEnablebySettings = true

D/BatteryMeterView( 1110): ACTION_BATTERY_CHANGED : level:48 status:2 health:2

D/STATUSBAR-IconMerger( 1110): checkOverflow(504), More:true, Req:true Child:24

D/dalvikvm(  910): GC_CONCURRENT freed 8167K, 49% free 90044K/176128K, paused 18ms+20ms, total 276ms

D/cell strength( 1228): ===== cell singal strength changed : 99

D/STATUSBAR-NetworkController( 1110): onSignalStrengthsChanged signalStrength=SignalStrength: 99 -1 16384 -160 -120 -1 -1 99 2147483647 2147483647 2147483647 -1 -73 gsm|lte 0x0 level=4

E/JavaBinder(  910): !!! FAILED BINDER TRANSACTION !!!

D/STATUSBAR-NetworkController( 1110): refreshSignalCluster - setNWBoosterIndicators(false)

D/StatusBar.NetworkController( 1110): refreshSignalCluster: else : 

D/STATUSBAR-SignalClusterView( 1110): setDataSignalIcon mMobileDataGroup GONE

E/StatusBar.NetworkController( 1110): refreshSignalCluster: roam

E/StatusBar.NetworkController( 1110): refreshSignalCluster: set mShowPhoneRSSIForData = false

D/STATUSBAR-IconMerger( 1110): checkOverflow(504), More:true, Req:true Child:24

D/dalvikvm( 2199): GC_CONCURRENT freed 1932K, 27% free 19697K/26880K, paused 7ms+3ms, total 53ms

D/cell strength( 1228): ===== cell singal strength changed : 99

D/STATUSBAR-NetworkController( 1110): onSignalStrengthsChanged signalStrength=SignalStrength: 99 -1 16384 -160 -120 -1 -1 99 2147483647 2147483647 2147483647 -1 -72 gsm|lte 0x0 level=4

E/JavaBinder(  910): !!! FAILED BINDER TRANSACTION !!!

D/STATUSBAR-NetworkController( 1110): refreshSignalCluster - setNWBoosterIndicators(false)

D/StatusBar.NetworkController( 1110): refreshSignalCluster: else : 

D/STATUSBAR-SignalClusterView( 1110): setDataSignalIcon mMobileDataGroup GONE

E/StatusBar.NetworkController( 1110): refreshSignalCluster: roam

E/StatusBar.NetworkController( 1110): refreshSignalCluster: set mShowPhoneRSSIForData = false

D/STATUSBAR-IconMerger( 1110): checkOverflow(504), More:true, Req:true Child:24

D/cell strength( 1228): ===== cell singal strength changed : 99

D/STATUSBAR-NetworkController( 1110): onSignalStrengthsChanged signalStrength=SignalStrength: 99 -1 16384 -160 -120 -1 -1 99 2147483647 2147483647 2147483647 -1 -71 gsm|lte 0x0 level=4

D/SSRMv2:SIOP(  910): SIOP:: AP = 370 (0), Delta = 0

D/dalvikvm(  910): GC_CONCURRENT freed 8213K, 49% free 90023K/176128K, paused 21ms+19ms, total 261ms

D/dalvikvm(  910): WAIT_FOR_CONCURRENT_GC blocked 107ms

D/dalvikvm(  910): WAIT_FOR_CONCURRENT_GC blocked 100ms

D/dalvikvm(  910): WAIT_FOR_CONCURRENT_GC blocked 92ms

D/dalvikvm(  910): WAIT_FOR_CONCURRENT_GC blocked 63ms

E/Watchdog(  910): !@Sync 92423

V/AlarmManager(  910): waitForAlarm result :4

D/cell strength( 1228): ===== cell singal strength changed : 99

D/STATUSBAR-NetworkController( 1110): onSignalStrengthsChanged signalStrength=SignalStrength: 99 -1 16384 -160 -120 -1 -1 99 2147483647 2147483647 2147483647 -1 -71 gsm|lte 0x0 level=4

W/ActivityManager(  910): Unable to start service Intent { flg=0x4 cmp=com.android.appmarket/com.android.advsdk.service.AdvService (has extras) } U=0: not found

V/AlarmManager(  910): trigger ELAPSED_REALTIME_WAKEUP or RTC_WAKEUP

W/ActivityManager(  910): Unable to start service Intent { flg=0x4 cmp=com.android.appmarket/.appsstatistics.service.Service1 (has extras) } U=0: not found

V/AlarmManager(  910): trigger ELAPSED_REALTIME_WAKEUP or RTC_WAKEUP

D/BatteryService(  910): level:48, scale:100, status:2, health:2, present:true, voltage: 3892, temperature: 292, technology: Li-ion, AC powered:false, USB powered:true, Wireless powered:false, icon:17303609, invalid charger:0, online:4, current avg:450, charge type:1, power sharing:false, high voltage charger:false

V/AlarmManager(  910): trigger ELAPSED_REALTIME_WAKEUP or RTC_WAKEUP

V/AlarmManager(  910): trigger ELAPSED_REALTIME_WAKEUP or RTC_WAKEUP

D/BatteryService(  910): Sending ACTION_BATTERY_CHANGED.

D/KeyguardUpdateMonitor( 1110): received broadcast android.intent.action.BATTERY_CHANGED

D/KeyguardUpdateMonitor( 1110): handleBatteryUpdate

I/Monitor ( 5056): [main]onReceive at: com.aps.a$a, Intent: Intent { act=android.intent.action.BATTERY_CHANGED flg=0x60000010 (has extras) }, cost:0 ms.

D/Brightness(24535): mIntentReceiver.onReceive: action=android.intent.action.BATTERY_CHANGED, intent=Intent { act=android.intent.action.BATTERY_CHANGED flg=0x60000010 (has extras) }

D/MainActivityBaseUi.java(24535): in brightness disabled on critical battery low

D/SViewCoverView( 1659): BroadcastReceiver onReceive() : action : android.intent.action.BATTERY_CHANGED

D/SViewCoverView( 1659): level :48 plugged : 2

D/STATUSBAR-PhoneStatusBar( 1110):  mBrightnessEnablebySettings = true mBrightnessEnablebyBattery = true mBrightnessEnablebyDisableFlag = true mPmsBrightnessEnablebySettings = true

D/STATUSBAR-IconMerger( 1110): checkOverflow(504), More:true, Req:true Child:24

D/BatteryMeterView( 1110): ACTION_BATTERY_CHANGED : level:48 status:2 health:2

D/UiModeManager(  910): mCoverManager.getCoverState() : true

E/ActivityThread( 1727): Failed to find provider info for com.tencent.server.fore.ForePluginContentProvider

E/ActivityThread( 1727): Failed to find provider info for com.tencent.server.fore.ForePluginContentProvider

E/ActivityThread( 1727): Failed to find provider info for com.tencent.server.fore.ForePluginContentProvider

E/ActivityThread( 1727): Failed to find provider info for com.tencent.server.fore.ForePluginContentProvider

W/System.err( 1727): java.lang.IllegalArgumentException: Unknown URL content://com.tencent.server.fore.ForePluginContentProvider/SpProvider/actionStats/String

E/ActivityThread( 1727): Failed to find provider info for com.tencent.server.fore.ForePluginContentProvider

W/System.err( 1727): 	at android.content.ContentResolver.insert(ContentResolver.java:1197)

W/System.err( 1727): 	at com.tmsdk.common.storage.a.mw(SourceFile:258)

W/System.err( 1727): 	at com.tmsdk.common.storage.a.V(SourceFile:275)

W/System.err( 1727): 	at tcs.aij.F(SourceFile:146)

W/System.err( 1727): 	at tcs.aij.u(SourceFile:105)

W/System.err( 1727): 	at com.tencent.qqpimsecure.storage.b.a(SourceFile:394)

W/System.err( 1727): 	at com.tencent.qqpimsecure.storage.b.a(SourceFile:87)

W/System.err( 1727): 	at tcs.ahr.a(SourceFile:44)

W/System.err( 1727): 	at tcs.ahr.b(SourceFile:75)

W/System.err( 1727): 	at tcs.ahj.T(SourceFile:96)

W/System.err( 1727): 	at tcs.ahj.a(SourceFile:20)

W/System.err( 1727): 	at tcs.ahj$1.run(SourceFile:69)

W/System.err( 1727): 	at tcs.np$a.run(SourceFile:846)

W/System.err( 1727): 	at java.util.concurrent.ThreadPoolExecutor.runWorker(ThreadPoolExecutor.java:1112)

W/System.err( 1727): 	at java.util.concurrent.ThreadPoolExecutor$Worker.run(ThreadPoolExecutor.java:587)

W/System.err( 1727): 	at java.lang.Thread.run(Thread.java:841)

E/ActivityThread( 1727): Failed to find provider info for com.tencent.server.fore.ForePluginContentProvider

E/ActivityThread( 1727): Failed to find provider info for com.tencent.server.fore.ForePluginContentProvider

W/System.err( 1727): java.lang.IllegalArgumentException: Unknown URL content://com.tencent.server.fore.ForePluginContentProvider/SpProvider/actionStats/String

W/System.err( 1727): 	at android.content.ContentResolver.insert(ContentResolver.java:1197)

W/System.err( 1727): 	at com.tmsdk.common.storage.a.mw(SourceFile:258)

W/System.err( 1727): 	at com.tmsdk.common.storage.a.V(SourceFile:275)

W/System.err( 1727): 	at tcs.aij.F(SourceFile:146)

W/System.err( 1727): 	at tcs.aij.u(SourceFile:105)

W/System.err( 1727): 	at com.tencent.qqpimsecure.storage.b.a(SourceFile:394)

W/System.err( 1727): 	at com.tencent.qqpimsecure.storage.b.a(SourceFile:87)

W/System.err( 1727): 	at tcs.ahr.a(SourceFile:44)

W/System.err( 1727): 	at tcs.ahr.b(SourceFile:75)

W/System.err( 1727): 	at tcs.ahj.T(SourceFile:96)

W/System.err( 1727): 	at tcs.ahj.a(SourceFile:20)

W/System.err( 1727): 	at tcs.ahj$1.run(SourceFile:69)

W/System.err( 1727): 	at tcs.np$a.run(SourceFile:846)

W/System.err( 1727): 	at java.util.concurrent.ThreadPoolExecutor.runWorker(ThreadPoolExecutor.java:1112)

W/System.err( 1727): 	at java.util.concurrent.ThreadPoolExecutor$Worker.run(ThreadPoolExecutor.java:587)

W/System.err( 1727): 	at java.lang.Thread.run(Thread.java:841)

E/ActivityThread( 1727): Failed to find provider info for com.tencent.server.fore.ForePluginContentProvider

E/ActivityThread( 1727): Failed to find provider info for com.tencent.server.fore.ForePluginContentProvider

E/ActivityThread( 1727): Failed to find provider info for com.tencent.server.fore.ForePluginContentProvider

W/System.err( 1727): java.lang.IllegalArgumentException: Unknown URL content://com.tencent.server.fore.ForePluginContentProvider/SpProvider/actionStats/String

E/ActivityThread( 1727): Failed to find provider info for com.tencent.server.fore.ForePluginContentProvider

E/ActivityThread( 1727): Failed to find provider info for com.tencent.server.fore.ForePluginContentProvider

E/ActivityThread( 1727): Failed to find provider info for com.tencent.server.fore.ForePluginContentProvider

E/ActivityThread( 1727): Failed to find provider info for com.tencent.server.fore.ForePluginContentProvider

E/ActivityThread( 1727): Failed to find provider info for com.tencent.server.fore.ForePluginContentProvider

W/System.err( 1727): 	at android.content.ContentResolver.insert(ContentResolver.java:1197)

W/System.err( 1727): 	at com.tmsdk.common.storage.a.mw(SourceFile:258)

W/System.err( 1727): 	at com.tmsdk.common.storage.a.V(SourceFile:275)

W/System.err( 1727): 	at tcs.aij.F(SourceFile:146)

W/System.err( 1727): 	at tcs.aij.u(SourceFile:105)

W/System.err( 1727): 	at com.tencent.qqpimsecure.storage.b.a(SourceFile:394)

W/System.err( 1727): 	at com.tencent.qqpimsecure.storage.b.a(SourceFile:87)

W/System.err( 1727): 	at tcs.ahr.a(SourceFile:44)

W/System.err( 1727): 	at tcs.ahr.b(SourceFile:75)

W/System.err( 1727): 	at tcs.ahj.T(SourceFile:96)

W/System.err( 1727): 	at tcs.ahj.a(SourceFile:20)

W/System.err( 1727): 	at tcs.ahj$1.run(SourceFile:69)

W/System.err( 1727): 	at tcs.np$a.run(SourceFile:846)

W/System.err( 1727): 	at java.util.concurrent.ThreadPoolExecutor.runWorker(ThreadPoolExecutor.java:1112)

W/System.err( 1727): 	at java.util.concurrent.ThreadPoolExecutor$Worker.run(ThreadPoolExecutor.java:587)

W/System.err( 1727): 	at java.lang.Thread.run(Thread.java:841)

E/ActivityThread( 1727): Failed to find provider info for com.tencent.server.fore.ForePluginContentProvider

E/ActivityThread( 1727): Failed to find provider info for com.tencent.server.fore.ForePluginContentProvider

W/System.err( 1727): java.lang.IllegalArgumentException: Unknown URL content://com.tencent.server.fore.ForePluginContentProvider/SpProvider/actionStats/String

W/System.err( 1727): 	at android.content.ContentResolver.insert(ContentResolver.java:1197)

W/System.err( 1727): 	at com.tmsdk.common.storage.a.mw(SourceFile:258)

W/System.err( 1727): 	at com.tmsdk.common.storage.a.V(SourceFile:275)

W/System.err( 1727): 	at tcs.aij.F(SourceFile:146)

W/System.err( 1727): 	at tcs.aij.u(SourceFile:105)

W/System.err( 1727): 	at com.tencent.qqpimsecure.storage.b.a(SourceFile:394)

W/System.err( 1727): 	at com.tencent.qqpimsecure.storage.b.a(SourceFile:87)

W/System.err( 1727): 	at tcs.ahr.a(SourceFile:44)

W/System.err( 1727): 	at tcs.ahr.b(SourceFile:75)

W/System.err( 1727): 	at tcs.ahj.T(SourceFile:96)

W/System.err( 1727): 	at tcs.ahj.a(SourceFile:20)

W/System.err( 1727): 	at tcs.ahj$1.run(SourceFile:69)

W/System.err( 1727): 	at tcs.np$a.run(SourceFile:846)

W/System.err( 1727): 	at java.util.concurrent.ThreadPoolExecutor.runWorker(ThreadPoolExecutor.java:1112)

W/System.err( 1727): 	at java.util.concurrent.ThreadPoolExecutor$Worker.run(ThreadPoolExecutor.java:587)

W/System.err( 1727): 	at java.lang.Thread.run(Thread.java:841)

E/ActivityThread( 1727): Failed to find provider info for com.tencent.server.fore.ForePluginContentProvider

E/ActivityThread( 1727): Failed to find provider info for com.tencent.server.fore.ForePluginContentProvider

E/ActivityThread( 1727): Failed to find provider info for com.tencent.server.fore.ForePluginContentProvider

E/ActivityThread( 1727): Failed to find provider info for com.tencent.server.fore.ForePluginContentProvider

W/System.err( 1727): java.lang.IllegalArgumentException: Unknown URL content://com.tencent.server.fore.ForePluginContentProvider/SpProvider/sk/String

E/ActivityThread( 1727): Failed to find provider info for com.tencent.server.fore.ForePluginContentProvider

E/ActivityThread( 1727): Failed to find provider info for com.tencent.server.fore.ForePluginContentProvider

W/System.err( 1727): 	at android.content.ContentResolver.insert(ContentResolver.java:1197)

W/System.err( 1727): 	at com.tmsdk.common.storage.a.mw(SourceFile:258)

W/System.err( 1727): 	at com.tmsdk.common.storage.a.V(SourceFile:275)

W/System.err( 1727): 	at com.tencent.qqpimsecure.dao.r.ba(SourceFile:211)

W/System.err( 1727): 	at com.tencent.qqpimsecure.model.w.bU(SourceFile:527)

W/System.err( 1727): 	at tcs.agi.fC(SourceFile:253)

W/System.err( 1727): 	at tcs.agi.fB(SourceFile:212)

W/System.err( 1727): 	at tcs.agp.a(SourceFile:667)

W/System.err( 1727): 	at tcs.agq$e.run(SourceFile:555)

W/System.err( 1727): 	at java.util.concurrent.Executors$RunnableAdapter.call(Executors.java:422)

W/System.err( 1727): 	at java.util.concurrent.FutureTask.run(FutureTask.java:237)

W/System.err( 1727): 	at java.util.concurrent.ThreadPoolExecutor.runWorker(ThreadPoolExecutor.java:1112)

W/System.err( 1727): 	at java.util.concurrent.ThreadPoolExecutor$Worker.run(ThreadPoolExecutor.java:587)

W/System.err( 1727): 	at java.lang.Thread.run(Thread.java:841)

W/System.err( 1727): java.lang.IllegalArgumentException: Unknown URL content://com.tencent.server.fore.ForePluginContentProvider/SpProvider/actionStats/String

W/System.err( 1727): 	at android.content.ContentResolver.insert(ContentResolver.java:1197)

W/System.err( 1727): 	at com.tmsdk.common.storage.a.mw(SourceFile:258)

W/System.err( 1727): 	at com.tmsdk.common.storage.a.V(SourceFile:275)

W/System.err( 1727): 	at tcs.aij.F(SourceFile:146)

W/System.err( 1727): 	at tcs.aij.u(SourceFile:105)

W/System.err( 1727): 	at com.tencent.qqpimsecure.storage.b.a(SourceFile:394)

W/System.err( 1727): 	at com.tencent.qqpimsecure.storage.b.a(SourceFile:87)

W/System.err( 1727): 	at tcs.ahr.a(SourceFile:44)

W/System.err( 1727): 	at tcs.ahr.b(SourceFile:75)

W/System.err( 1727): 	at tcs.ahj.T(SourceFile:96)

W/System.err( 1727): 	at tcs.ahj.a(SourceFile:20)

W/System.err( 1727): 	at tcs.ahj$1.run(SourceFile:69)

W/System.err( 1727): 	at tcs.np$a.run(SourceFile:846)

W/System.err( 1727): 	at java.util.concurrent.ThreadPoolExecutor.runWorker(ThreadPoolExecutor.java:1112)

W/System.err( 1727): 	at java.util.concurrent.ThreadPoolExecutor$Worker.run(ThreadPoolExecutor.java:587)

W/System.err( 1727): 	at java.lang.Thread.run(Thread.java:841)

E/ActivityThread( 1727): Failed to find provider info for com.tencent.server.fore.ForePluginContentProvider

E/ActivityThread( 1727): Failed to find provider info for com.tencent.server.fore.ForePluginContentProvider

E/ActivityThread( 1727): Failed to find provider info for com.tencent.server.fore.ForePluginContentProvider

E/ActivityThread( 1727): Failed to find provider info for com.tencent.server.fore.ForePluginContentProvider

E/ActivityThread( 1727): Failed to find provider info for com.tencent.server.fore.ForePluginContentProvider

W/System.err( 1727): java.lang.IllegalArgumentException: Unknown URL content://com.tencent.server.fore.ForePluginContentProvider/SpProvider/actionStats/String

W/System.err( 1727): 	at android.content.ContentResolver.insert(ContentResolver.java:1197)

W/System.err( 1727): 	at com.tmsdk.common.storage.a.mw(SourceFile:258)

W/System.err( 1727): 	at com.tmsdk.common.storage.a.V(SourceFile:275)

W/System.err( 1727): 	at tcs.aij.F(SourceFile:146)

W/System.err( 1727): 	at tcs.aij.u(SourceFile:105)

W/System.err( 1727): 	at com.tencent.qqpimsecure.storage.b.a(SourceFile:394)

W/System.err( 1727): 	at com.tencent.qqpimsecure.storage.b.a(SourceFile:87)

W/System.err( 1727): 	at tcs.ahr.a(SourceFile:44)

W/System.err( 1727): 	at tcs.ahr.b(SourceFile:75)

W/System.err( 1727): 	at tcs.ahj.T(SourceFile:96)

W/System.err( 1727): 	at tcs.ahj.a(SourceFile:20)

W/System.err( 1727): 	at tcs.ahj$1.run(SourceFile:69)

W/System.err( 1727): 	at tcs.np$a.run(SourceFile:846)

W/System.err( 1727): 	at java.util.concurrent.ThreadPoolExecutor.runWorker(ThreadPoolExecutor.java:1112)

W/System.err( 1727): 	at java.util.concurrent.ThreadPoolExecutor$Worker.run(ThreadPoolExecutor.java:587)

W/System.err( 1727): 	at java.lang.Thread.run(Thread.java:841)

E/ActivityThread( 1727): Failed to find provider info for com.tencent.server.fore.ForePluginContentProvider

E/ActivityThread( 1727): Failed to find provider info for com.tencent.server.fore.ForePluginContentProvider

E/ActivityThread( 1727): Failed to find provider info for com.tencent.server.fore.ForePluginContentProvider

E/ActivityThread( 1727): Failed to find provider info for com.tencent.server.fore.ForePluginContentProvider

E/ActivityThread( 1727): Failed to find provider info for com.tencent.server.fore.ForePluginContentProvider

W/System.err( 1727): java.lang.IllegalArgumentException: Unknown URL content://com.tencent.server.fore.ForePluginContentProvider/SpProvider/actionStats/String

W/System.err( 1727): 	at android.content.ContentResolver.insert(ContentResolver.java:1197)

W/System.err( 1727): 	at com.tmsdk.common.storage.a.mw(SourceFile:258)

W/System.err( 1727): 	at com.tmsdk.common.storage.a.V(SourceFile:275)

W/System.err( 1727): 	at tcs.aij.F(SourceFile:146)

W/System.err( 1727): 	at tcs.aij.u(SourceFile:105)

W/System.err( 1727): 	at com.tencent.qqpimsecure.storage.b.a(SourceFile:394)

W/System.err( 1727): 	at com.tencent.qqpimsecure.storage.b.a(SourceFile:87)

W/System.err( 1727): 	at tcs.ahr.a(SourceFile:44)

W/System.err( 1727): 	at tcs.ahr.b(SourceFile:75)

W/System.err( 1727): 	at tcs.ahj.T(SourceFile:96)

W/System.err( 1727): 	at tcs.ahj.a(SourceFile:20)

W/System.err( 1727): 	at tcs.ahj$1.run(SourceFile:69)

W/System.err( 1727): 	at tcs.np$a.run(SourceFile:846)

W/System.err( 1727): 	at java.util.concurrent.ThreadPoolExecutor.runWorker(ThreadPoolExecutor.java:1112)

W/System.err( 1727): 	at java.util.concurrent.ThreadPoolExecutor$Worker.run(ThreadPoolExecutor.java:587)

W/System.err( 1727): 	at java.lang.Thread.run(Thread.java:841)

E/ActivityThread( 1727): Failed to find provider info for com.tencent.server.fore.ForePluginContentProvider

E/ActivityThread( 1727): Failed to find provider info for com.tencent.server.fore.ForePluginContentProvider

E/ActivityThread( 1727): Failed to find provider info for com.tencent.server.fore.ForePluginContentProvider

E/ActivityThread( 1727): Failed to find provider info for com.tencent.server.fore.ForePluginContentProvider

E/ActivityThread( 1727): Failed to find provider info for com.tencent.server.fore.ForePluginContentProvider

E/ActivityThread( 1727): Failed to find provider info for com.tencent.server.fore.ForePluginContentProvider

E/ActivityThread( 1727): Failed to find provider info for com.tencent.server.fore.ForePluginContentProvider

W/System.err( 1727): java.lang.IllegalArgumentException: Unknown URL content://com.tencent.server.fore.ForePluginContentProvider/SpProvider/actionStats/String

W/System.err( 1727): 	at android.content.ContentResolver.insert(ContentResolver.java:1197)

W/System.err( 1727): 	at com.tmsdk.common.storage.a.mw(SourceFile:258)

W/System.err( 1727): 	at com.tmsdk.common.storage.a.V(SourceFile:275)

W/System.err( 1727): 	at tcs.aij.F(SourceFile:146)

W/System.err( 1727): 	at tcs.aij.u(SourceFile:105)

W/System.err( 1727): 	at com.tencent.qqpimsecure.storage.b.a(SourceFile:394)

W/System.err( 1727): 	at com.tencent.qqpimsecure.storage.b.a(SourceFile:87)

W/System.err( 1727): 	at tcs.ahr.a(SourceFile:44)

W/System.err( 1727): 	at tcs.ahr.b(SourceFile:75)

W/System.err( 1727): 	at tcs.ahj.T(SourceFile:96)

W/System.err( 1727): 	at tcs.ahj.a(SourceFile:20)

W/System.err( 1727): 	at tcs.ahj$1.run(SourceFile:69)

W/System.err( 1727): 	at tcs.np$a.run(SourceFile:846)

W/System.err( 1727): 	at java.util.concurrent.ThreadPoolExecutor.runWorker(ThreadPoolExecutor.java:1112)

W/System.err( 1727): 	at java.util.concurrent.ThreadPoolExecutor$Worker.run(ThreadPoolExecutor.java:587)

W/System.err( 1727): 	at java.lang.Thread.run(Thread.java:841)

E/ActivityThread( 1727): Failed to find provider info for com.tencent.server.fore.ForePluginContentProvider

E/ActivityThread( 1727): Failed to find provider info for com.tencent.server.fore.ForePluginContentProvider

E/ActivityThread( 1727): Failed to find provider info for com.tencent.server.fore.ForePluginContentProvider

E/ActivityThread( 1727): Failed to find provider info for com.tencent.server.fore.ForePluginContentProvider

E/ActivityThread( 1727): Failed to find provider info for com.tencent.server.fore.ForePluginContentProvider

E/ActivityThread( 1727): Failed to find provider info for com.tencent.server.fore.ForePluginContentProvider

E/ActivityThread( 1727): Failed to find provider info for com.tencent.server.fore.ForePluginContentProvider

W/System.err( 1727): java.lang.IllegalArgumentException: Unknown URL content://com.tencent.server.fore.ForePluginContentProvider/SpProvider/actionStats/String

W/System.err( 1727): 	at android.content.ContentResolver.insert(ContentResolver.java:1197)

W/System.err( 1727): 	at com.tmsdk.common.storage.a.mw(SourceFile:258)

W/System.err( 1727): 	at com.tmsdk.common.storage.a.V(SourceFile:275)

W/System.err( 1727): 	at tcs.aij.F(SourceFile:146)

W/System.err( 1727): 	at tcs.aij.u(SourceFile:105)

W/System.err( 1727): 	at com.tencent.qqpimsecure.storage.b.a(SourceFile:394)

W/System.err( 1727): 	at com.tencent.qqpimsecure.storage.b.a(SourceFile:87)

W/System.err( 1727): 	at tcs.ahr.a(SourceFile:44)

W/System.err( 1727): 	at tcs.ahr.b(SourceFile:75)

W/System.err( 1727): 	at tcs.ahj.T(SourceFile:96)

W/System.err( 1727): 	at tcs.ahj.a(SourceFile:20)

W/System.err( 1727): 	at tcs.ahj$1.run(SourceFile:69)

W/System.err( 1727): 	at tcs.np$a.run(SourceFile:846)

W/System.err( 1727): 	at java.util.concurrent.ThreadPoolExecutor.runWorker(ThreadPoolExecutor.java:1112)

W/System.err( 1727): 	at java.util.concurrent.ThreadPoolExecutor$Worker.run(ThreadPoolExecutor.java:587)

W/System.err( 1727): 	at java.lang.Thread.run(Thread.java:841)

E/ActivityThread( 1727): Failed to find provider info for com.tencent.server.fore.ForePluginContentProvider

E/ActivityThread( 1727): Failed to find provider info for com.tencent.server.fore.ForePluginContentProvider

E/ActivityThread( 1727): Failed to find provider info for com.tencent.server.fore.ForePluginContentProvider

E/ActivityThread( 1727): Failed to find provider info for com.tencent.server.fore.ForePluginContentProvider

E/ActivityThread( 1727): Failed to find provider info for com.tencent.server.fore.ForePluginContentProvider

E/ActivityThread( 1727): Failed to find provider info for com.tencent.server.fore.ForePluginContentProvider

W/System.err( 1727): java.lang.IllegalArgumentException: Unknown URL content://com.tencent.server.fore.ForePluginContentProvider/SpProvider/actionStats/String

W/System.err( 1727): 	at android.content.ContentResolver.insert(ContentResolver.java:1197)

W/System.err( 1727): 	at com.tmsdk.common.storage.a.mw(SourceFile:258)

W/System.err( 1727): 	at com.tmsdk.common.storage.a.V(SourceFile:275)

W/System.err( 1727): 	at tcs.aij.F(SourceFile:146)

W/System.err( 1727): 	at tcs.aij.u(SourceFile:105)

W/System.err( 1727): 	at com.tencent.qqpimsecure.storage.b.a(SourceFile:394)

W/System.err( 1727): 	at com.tencent.qqpimsecure.storage.b.a(SourceFile:87)

W/System.err( 1727): 	at tcs.ahr.a(SourceFile:44)

W/System.err( 1727): 	at tcs.ahr.b(SourceFile:75)

W/System.err( 1727): 	at tcs.ahj.T(SourceFile:96)

W/System.err( 1727): 	at tcs.ahj.a(SourceFile:20)

W/System.err( 1727): 	at tcs.ahj$1.run(SourceFile:69)

W/System.err( 1727): 	at tcs.np$a.run(SourceFile:846)

W/System.err( 1727): 	at java.util.concurrent.ThreadPoolExecutor.runWorker(ThreadPoolExecutor.java:1112)

W/System.err( 1727): 	at java.util.concurrent.ThreadPoolExecutor$Worker.run(ThreadPoolExecutor.java:587)

W/System.err( 1727): 	at java.lang.Thread.run(Thread.java:841)

E/JavaBinder(  910): !!! FAILED BINDER TRANSACTION !!!

D/STATUSBAR-NetworkController( 1110): refreshSignalCluster - setNWBoosterIndicators(false)

D/StatusBar.NetworkController( 1110): refreshSignalCluster: else : 

D/STATUSBAR-SignalClusterView( 1110): setDataSignalIcon mMobileDataGroup GONE

E/StatusBar.NetworkController( 1110): refreshSignalCluster: roam

E/StatusBar.NetworkController( 1110): refreshSignalCluster: set mShowPhoneRSSIForData = false

D/STATUSBAR-IconMerger( 1110): checkOverflow(504), More:true, Req:true Child:24

E/JavaBinder(  910): !!! FAILED BINDER TRANSACTION !!!

D/STATUSBAR-NetworkController( 1110): refreshSignalCluster - setNWBoosterIndicators(false)

D/StatusBar.NetworkController( 1110): refreshSignalCluster: else : 

D/STATUSBAR-SignalClusterView( 1110): setDataSignalIcon mMobileDataGroup GONE

E/StatusBar.NetworkController( 1110): refreshSignalCluster: roam

E/StatusBar.NetworkController( 1110): refreshSignalCluster: set mShowPhoneRSSIForData = false

D/STATUSBAR-IconMerger( 1110): checkOverflow(504), More:true, Req:true Child:24

E/JavaBinder(  910): !!! FAILED BINDER TRANSACTION !!!

D/STATUSBAR-NetworkController( 1110): refreshSignalCluster - setNWBoosterIndicators(false)

D/StatusBar.NetworkController( 1110): refreshSignalCluster: else : 

D/STATUSBAR-SignalClusterView( 1110): setDataSignalIcon mMobileDataGroup GONE

E/StatusBar.NetworkController( 1110): refreshSignalCluster: roam

E/StatusBar.NetworkController( 1110): refreshSignalCluster: set mShowPhoneRSSIForData = false

D/STATUSBAR-IconMerger( 1110): checkOverflow(504), More:true, Req:true Child:24

D/cell strength( 1228): ===== cell singal strength changed : 99

D/STATUSBAR-NetworkController( 1110): onSignalStrengthsChanged signalStrength=SignalStrength: 99 -1 16384 -160 -120 -1 -1 99 2147483647 2147483647 2147483647 -1 -70 gsm|lte 0x0 level=4

I/chromium(24535): [INFO:top_sites_impl.cc(926)]  VLOG NotifyTopSitesChanged

E/JavaBinder(  910): !!! FAILED BINDER TRANSACTION !!!

D/STATUSBAR-NetworkController( 1110): refreshSignalCluster - setNWBoosterIndicators(false)

D/StatusBar.NetworkController( 1110): refreshSignalCluster: else : 

D/STATUSBAR-SignalClusterView( 1110): setDataSignalIcon mMobileDataGroup GONE

E/StatusBar.NetworkController( 1110): refreshSignalCluster: roam

