D/STATUSBAR-IconMerger( 1110): checkOverflow(504), More:true, Req:true Child:24

D/cell strength( 1228): ===== cell singal strength changed : 99

D/STATUSBAR-NetworkController( 1110): onSignalStrengthsChanged signalStrength=SignalStrength: 99 -1 16384 -160 -120 -1 -1 99 2147483647 2147483647 2147483647 -1 -70 gsm|lte 0x0 level=4

D/SSRMv2:SIOP(  910): SIOP:: AP = 370 (0), Delta = 0

D/STATUSBAR-NetworkController( 1110): onReceive() - RSSI_CHANGED_ACTION, WIFI_STATE, NETWORK_STATE

D/STATUSBAR-NetworkController( 1110): refreshSignalCluster - setNWBoosterIndicators(false)

D/StatusBar.NetworkController( 1110): refreshSignalCluster: else : 

D/STATUSBAR-SignalClusterView( 1110): setDataSignalIcon mMobileDataGroup GONE

E/StatusBar.NetworkController( 1110): refreshSignalCluster: roam

E/StatusBar.NetworkController( 1110): refreshSignalCluster: set mShowPhoneRSSIForData = false

D/STATUSBAR-IconMerger( 1110): checkOverflow(504), More:true, Req:true Child:24

D/cell strength( 1228): ===== cell singal strength changed : 99

D/STATUSBAR-NetworkController( 1110): onSignalStrengthsChanged signalStrength=SignalStrength: 99 -1 16384 -160 -120 -1 -1 99 2147483647 2147483647 2147483647 -1 -71 gsm|lte 0x0 level=4

D/STATUSBAR-NetworkController( 1110): onReceive() - RSSI_CHANGED_ACTION, WIFI_STATE, NETWORK_STATE

D/STATUSBAR-NetworkController( 1110): refreshSignalCluster - setNWBoosterIndicators(false)

D/StatusBar.NetworkController( 1110): refreshSignalCluster: else : 

D/STATUSBAR-SignalClusterView( 1110): setDataSignalIcon mMobileDataGroup GONE

E/StatusBar.NetworkController( 1110): refreshSignalCluster: roam

E/StatusBar.NetworkController( 1110): refreshSignalCluster: set mShowPhoneRSSIForData = false

D/STATUSBAR-IconMerger( 1110): checkOverflow(504), More:true, Req:true Child:24

V/AlarmManager(  910): waitForAlarm result :4

V/AlarmManager(  910): trigger ELAPSED_REALTIME_WAKEUP or RTC_WAKEUP

D/BatteryService(  910): level:48, scale:100, status:2, health:2, present:true, voltage: 3885, temperature: 292, technology: Li-ion, AC powered:false, USB powered:true, Wireless powered:false, icon:17303609, invalid charger:0, online:4, current avg:450, charge type:1, power sharing:false, high voltage charger:false

W/ActivityManager(  910): Unable to start service Intent { flg=0x4 cmp=com.android.appmarket/.appsstatistics.service.Service1 (has extras) } U=0: not found

V/AlarmManager(  910): trigger ELAPSED_REALTIME_WAKEUP or RTC_WAKEUP

W/ActivityManager(  910): Unable to start service Intent { flg=0x4 cmp=com.android.appmarket/com.android.advsdk.service.AdvService (has extras) } U=0: not found

V/AlarmManager(  910): trigger ELAPSED_REALTIME_WAKEUP or RTC_WAKEUP

W/ActivityManager(  910): Unable to start service Intent { flg=0x4 cmp=com.android.appmarket/.appsstatistics.service.Service2 (has extras) } U=0: not found

V/AlarmManager(  910): trigger ELAPSED_REALTIME_WAKEUP or RTC_WAKEUP

V/AlarmManager(  910): trigger ELAPSED_REALTIME_WAKEUP or RTC_WAKEUP

V/AlarmManager(  910): trigger ELAPSED_REALTIME_WAKEUP or RTC_WAKEUP

D/BatteryService(  910): Sending ACTION_BATTERY_CHANGED.

D/KeyguardUpdateMonitor( 1110): received broadcast android.intent.action.BATTERY_CHANGED

D/KeyguardUpdateMonitor( 1110): handleBatteryUpdate

I/Monitor ( 5056): [main]onReceive at: com.aps.a$a, Intent: Intent { act=android.intent.action.BATTERY_CHANGED flg=0x60000010 (has extras) }, cost:0 ms.

D/Brightness(24535): mIntentReceiver.onReceive: action=android.intent.action.BATTERY_CHANGED, intent=Intent { act=android.intent.action.BATTERY_CHANGED flg=0x60000010 (has extras) }

D/MainActivityBaseUi.java(24535): in brightness disabled on critical battery low

D/SViewCoverView( 1659): BroadcastReceiver onReceive() : action : android.intent.action.BATTERY_CHANGED

D/SViewCoverView( 1659): level :48 plugged : 2

D/STATUSBAR-PhoneStatusBar( 1110):  mBrightnessEnablebySettings = true mBrightnessEnablebyBattery = true mBrightnessEnablebyDisableFlag = true mPmsBrightnessEnablebySettings = true

D/STATUSBAR-IconMerger( 1110): checkOverflow(504), More:true, Req:true Child:24

D/BatteryMeterView( 1110): ACTION_BATTERY_CHANGED : level:48 status:2 health:2

D/dalvikvm(21182): GC_CONCURRENT freed 2046K, 36% free 17273K/26876K, paused 3ms+2ms, total 19ms

E/JavaBinder(  910): !!! FAILED BINDER TRANSACTION !!!

D/cell strength( 1228): ===== cell singal strength changed : 99

D/UiModeManager(  910): mCoverManager.getCoverState() : true

D/STATUSBAR-NetworkController( 1110): refreshSignalCluster - setNWBoosterIndicators(false)

D/StatusBar.NetworkController( 1110): refreshSignalCluster: else : 

D/STATUSBAR-SignalClusterView( 1110): setDataSignalIcon mMobileDataGroup GONE

E/StatusBar.NetworkController( 1110): refreshSignalCluster: roam

E/StatusBar.NetworkController( 1110): refreshSignalCluster: set mShowPhoneRSSIForData = false

D/STATUSBAR-NetworkController( 1110): onSignalStrengthsChanged signalStrength=SignalStrength: 99 -1 16384 -160 -120 -1 -1 99 2147483647 2147483647 2147483647 -1 -70 gsm|lte 0x0 level=4

D/STATUSBAR-IconMerger( 1110): checkOverflow(504), More:true, Req:true Child:24

E/JavaBinder(  910): !!! FAILED BINDER TRANSACTION !!!

D/STATUSBAR-NetworkController( 1110): refreshSignalCluster - setNWBoosterIndicators(false)

D/StatusBar.NetworkController( 1110): refreshSignalCluster: else : 

D/STATUSBAR-SignalClusterView( 1110): setDataSignalIcon mMobileDataGroup GONE

E/StatusBar.NetworkController( 1110): refreshSignalCluster: roam

E/StatusBar.NetworkController( 1110): refreshSignalCluster: set mShowPhoneRSSIForData = false

D/STATUSBAR-IconMerger( 1110): checkOverflow(504), More:true, Req:true Child:24

E/JavaBinder(  910): !!! FAILED BINDER TRANSACTION !!!

D/STATUSBAR-NetworkController( 1110): refreshSignalCluster - setNWBoosterIndicators(false)

D/StatusBar.NetworkController( 1110): refreshSignalCluster: else : 

D/STATUSBAR-SignalClusterView( 1110): setDataSignalIcon mMobileDataGroup GONE

E/StatusBar.NetworkController( 1110): refreshSignalCluster: roam

E/StatusBar.NetworkController( 1110): refreshSignalCluster: set mShowPhoneRSSIForData = false

D/STATUSBAR-IconMerger( 1110): checkOverflow(504), More:true, Req:true Child:24

D/dalvikvm(  910): GC_CONCURRENT freed 8181K, 49% free 90036K/176128K, paused 21ms+20ms, total 267ms

D/dalvikvm(  910): WAIT_FOR_CONCURRENT_GC blocked 66ms

E/JavaBinder(  910): !!! FAILED BINDER TRANSACTION !!!

D/STATUSBAR-NetworkController( 1110): refreshSignalCluster - setNWBoosterIndicators(false)

D/StatusBar.NetworkController( 1110): refreshSignalCluster: else : 

D/STATUSBAR-SignalClusterView( 1110): setDataSignalIcon mMobileDataGroup GONE

E/StatusBar.NetworkController( 1110): refreshSignalCluster: roam

E/StatusBar.NetworkController( 1110): refreshSignalCluster: set mShowPhoneRSSIForData = false

D/STATUSBAR-IconMerger( 1110): checkOverflow(504), More:true, Req:true Child:24

D/cell strength( 1228): ===== cell singal strength changed : 99

D/STATUSBAR-NetworkController( 1110): onSignalStrengthsChanged signalStrength=SignalStrength: 99 -1 16384 -160 -120 -1 -1 99 2147483647 2147483647 2147483647 -1 -70 gsm|lte 0x0 level=4

D/SSRMv2:SIOP(  910): SIOP:: AP = 370 (0), Delta = 0

D/cell strength( 1228): ===== cell singal strength changed : 99

D/STATUSBAR-NetworkController( 1110): onSignalStrengthsChanged signalStrength=SignalStrength: 99 -1 16384 -160 -120 -1 -1 99 2147483647 2147483647 2147483647 -1 -70 gsm|lte 0x0 level=4

V/AlarmManager(  910): waitForAlarm result :4

V/AlarmManager(  910): trigger ELAPSED_REALTIME_WAKEUP or RTC_WAKEUP

V/AlarmManager(  910): trigger ELAPSED_REALTIME_WAKEUP or RTC_WAKEUP

V/AlarmManager(  910): trigger ELAPSED_REALTIME_WAKEUP or RTC_WAKEUP

V/xiaomi  ( 5471): Service called on timer

V/AlarmManager(  910): trigger ELAPSED_REALTIME_WAKEUP or RTC_WAKEUP

I/AlipayPush_ClientActionReceiver( 5189): onReceive() action=com.eg.android.AlipayGphoneRC.push.action.KEEPLIVE

I/AlipayPush_ClientActionReceiver( 5189): onReceive() networkInfo.isConnected()=true

I/Monitor ( 5056): [main]onStartCommand at: com.alipay.mobile.command.engine.TaskExeService, Intent: Intent { flg=0x4 cmp=com.eg.android.AlipayGphoneRC/com.alipay.mobile.command.engine.TaskExeService (has extras) }

D/Alipay_cmdcentertrigger( 5056): [main][1]triger action_type:TIME

D/Alipay_cmdcenterutil( 5056): [CmdCenter-service_triger-pool-6][19843]网络状况:1#0

D/pushtrack_TrackWorker_queue_51( 5189): level:Normal user:2088812469041456 tag:ClientActionReceiver_onReceive content:action=com.eg.android.AlipayGphoneRC.push.action.KEEPLIVE

D/Alipay_cmdcentertrigger( 5056): [CmdCenter-service_triger-pool-6][19843]startTime:23925940,spendTime:1310,i each:TaskMeta [uuid=334d1b2cd379426795a38e39ffdf7c62, name=PollPopTask, cronExpress=[1#10I], scriptName=PollPopTask.js, commandDependency=[dedb59ab5b9147cfa85060f259e6ebe9], md5=e66f30026b757bd8e4c9cb4c8f8d957f, signature=]

V/AlarmManager(  910): trigger ELAPSED_REALTIME_WAKEUP or RTC_WAKEUP

D/Alipay_cmdcentermanager( 5056): [CmdCenter-service_triger-pool-6][19843]Task--334d1b2cd379426795a38e39ffdf7c62,taskName--PollPopTask,进入队列

I/Monitor ( 5189): [main]onReceive at: com.alipay.pushsdk.push.ClientActionReceiver, Intent: Intent { act=com.eg.android.AlipayGphoneRC.push.action.KEEPLIVE flg=0x14 pkg=com.eg.android.AlipayGphoneRC (has extras) }, cost:20 ms.

D/SensorMonitorReceiver( 5056): [main]doCheckTask, startTime=1435629982369,flag=null,pid=5056

D/Alipay_cmdcentermanager( 5056): [CmdCenter-service_triger-pool-6][19843]do TIMEtrigger  finish!

V/AlarmManager(  910): trigger ELAPSED_REALTIME_WAKEUP or RTC_WAKEUP

D/PushService(32287): -- onStartCommand -- Intent { flg=0x4 cmp=com.baidu.shucheng/com.baidu.android.pushservice.PushService (has extras) }

D/PushSDK (32287): handleOnStart intent action = null

I/PushSDK (32287): -- handleOnStart -- Intent { flg=0x4 cmp=com.baidu.shucheng/com.baidu.android.pushservice.PushService (has extras) }

D/PushSDK (32287): heartbeat networkConnected :true

I/MessageHandler(32287): sendHeartbeatMessage 

I/PushConnection(32287): sendHeartbeatMessage

D/RegistrationService(32287): RegistrationSerice handleIntent : Intent { act=com.baidu.android.pushservice.action.METHOD cmp=com.baidu.shucheng/com.baidu.android.pushservice.PushService (has extras) }

D/PushConnection(32287): SendThread send msg :id : 0, version: 0, needReply: true

I/AlipayPush_k( 5189): sendPacket()... packet.id=3

D/pushtrack_TrackWorker_queue_51( 5189): level:Normal user:2088812469041456 tag:PacketReader_push_heart_beat content:start:1435634438024

I/AlipayPush_b( 5189): processPacket() got one HeartBeatPacket from Server!

I/AlipayPush_l( 5189): getPushKeepAliveInterval() keepAliveTime=300

W/eChannelUpstreamHandler( 8646): EXCEPTION, please implement com.alibaba.device.tcpclient.handler.XProtocolHandler.exceptionCaught() for proper handling.

W/eChannelUpstreamHandler( 8646): java.net.SocketException: recvfrom failed: ECONNRESET (Connection reset by peer)

W/eChannelUpstreamHandler( 8646): 	at libcore.io.IoBridge.maybeThrowAfterRecvfrom(IoBridge.java:545)

W/eChannelUpstreamHandler( 8646): 	at libcore.io.IoBridge.recvfrom(IoBridge.java:521)

W/eChannelUpstreamHandler( 8646): 	at java.nio.SocketChannelImpl.readImpl(SocketChannelImpl.java:327)

W/eChannelUpstreamHandler( 8646): 	at java.nio.SocketChannelImpl.read(SocketChannelImpl.java:289)

W/eChannelUpstreamHandler( 8646): 	at org.jboss.netty.channel.socket.nio.NioWorker.read(NioWorker.java:64)

W/eChannelUpstreamHandler( 8646): 	at org.jboss.netty.channel.socket.nio.AbstractNioWorker.process(AbstractNioWorker.java:108)

W/eChannelUpstreamHandler( 8646): 	at org.jboss.netty.channel.socket.nio.AbstractNioSelector.run(AbstractNioSelector.java:337)

W/eChannelUpstreamHandler( 8646): 	at org.jboss.netty.channel.socket.nio.AbstractNioWorker.run(AbstractNioWorker.java:89)

W/eChannelUpstreamHandler( 8646): 	at org.jboss.netty.channel.socket.nio.NioWorker.run(NioWorker.java:178)

W/eChannelUpstreamHandler( 8646): 	at org.jboss.netty.util.ThreadRenamingRunnable.run(ThreadRenamingRunnable.java:108)

W/eChannelUpstreamHandler( 8646): 	at org.jboss.netty.util.internal.DeadLockProofWorker$1.run(DeadLockProofWorker.java:42)

W/eChannelUpstreamHandler( 8646): 	at java.util.concurrent.ThreadPoolExecutor.runWorker(ThreadPoolExecutor.java:1112)

W/eChannelUpstreamHandler( 8646): 	at java.util.concurrent.ThreadPoolExecutor$Worker.run(ThreadPoolExecutor.java:587)

W/eChannelUpstreamHandler( 8646): 	at java.lang.Thread.run(Thread.java:841)

W/eChannelUpstreamHandler( 8646): Caused by: libcore.io.ErrnoException: recvfrom failed: ECONNRESET (Connection reset by peer)

W/eChannelUpstreamHandler( 8646): 	at libcore.io.Posix.recvfromBytes(Native Method)

W/eChannelUpstreamHandler( 8646): 	at libcore.io.Posix.recvfrom(Posix.java:134)

W/eChannelUpstreamHandler( 8646): 	at libcore.io.BlockGuardOs.recvfrom(BlockGuardOs.java:159)

W/eChannelUpstreamHandler( 8646): 	at libcore.io.IoBridge.recvfrom(IoBridge.java:518)

W/eChannelUpstreamHandler( 8646): 	... 12 more

I/socket  (32287): msgid:5

D/PushConnection(32287): RTC stat update from 600 to 600

I/MessageHandler(32287): readMessage tiny heart beat from server, msgId:5

D/PushConnection(32287): ReadThread receive msg :id : 5, version: 0, needReply: false

I/MessageHandler(32287): handleMessage MSG_ID_TIMY_HEARTBEAT_CLIENT

W/FileUtils(32287): Failed to chmod(/storage/emulated/0/baidu/pushservice/database/pushstat_4.1.db): libcore.io.ErrnoException: chmod failed: EPERM (Operation not permitted)

D/alilang_tcpClientService( 8646): TcpClientService receive: com.alibaba.device.tcp.disconnected

I/Monitor ( 5189): [main]onReceive at: com.alipay.android.phone.nfd.nfdservice.ui.app.NfdReceiver, Intent: Intent { act=com.eg.android.AlipayGphoneRC.push.action.CHECK flg=0x14 pkg=com.eg.android.AlipayGphoneRC cmp=com.eg.android.AlipayGphoneRC/com.alipay.android.phone.nfd.nfdservice.ui.app.NfdReceiver (has extras) }, cost:5 ms.

I/Monitor ( 5189): [main]onStartCommand at: com.alipay.android.phone.nfd.nfdservice.ui.app.NfdService, Intent: Intent { act=com.eg.android.AlipayGphone.nfd.action.NfdService cmp=com.eg.android.AlipayGphoneRC/com.alipay.android.phone.nfd.nfdservice.ui.app.NfdService }

E/cutils  (  324): Failed to mkdirat(/storage/extSdCard/Android): Read-only file system

I/AlipayPush_ClientActionReceiver( 5189): onReceive() action=com.eg.android.AlipayGphoneRC.push.action.CHECK

W/ContextImpl( 5189): Failed to ensure directory: /storage/extSdCard/Android/data/com.eg.android.AlipayGphoneRC/files/com.alipay.android.phone.nfd

I/AlipayPush_ClientActionReceiver( 5189): onReceive() networkInfo.isConnected()=true

D/pushtrack_TrackWorker_queue_51( 5189): level:Normal user:2088812469041456 tag:ClientActionReceiver_onReceive content:action=com.eg.android.AlipayGphoneRC.push.action.CHECK

E/cutils  (  324): Failed to mkdirat(/storage/extSdCard/Android): Read-only file system

I/AlipayPush_NotificationService( 5189): startAlarmTimer ELAPSED_REALTIME_WAKEUP! nextTime=300000

W/ContextImpl( 5189): Failed to ensure directory: /storage/extSdCard/Android/data/com.eg.android.AlipayGphoneRC/files/com.alipay.android.phone.nfd

W/Vold    (  324): Returning OperationFailed - no handler for errno 30

W/BackupManagerService(  910): dataChanged but no participant pkg='com.android.providers.settings' uid=10077

W/Vold    (  324): Returning OperationFailed - no handler for errno 30

I/AudioService(  910): getStreamVolume 0 index 40

I/AudioService(  910): getStreamVolume 0 index 40

I/AudioService(  910): getStreamVolume 0 index 40

E/cutils  (  324): Failed to mkdirat(/storage/extSdCard/Android): Read-only file system

W/ContextImpl( 5189): Failed to ensure directory: /storage/extSdCard/Android/data/com.eg.android.AlipayGphoneRC/files/com.alipay.android.phone.nfd

I/AudioService(  910): getStreamVolume 0 index 40

W/SharedPreferencesManager( 5189): putInt() : name = nfdwifi_wifi_update_key : key = wifiCount : value = 0

W/SharedPreferencesManager( 5189): putInt() : name = nfdwifi_wifi_update_key : key = mobileCount : value = 0

E/cutils  (  324): Failed to mkdirat(/storage/extSdCard/Android): Read-only file system

W/SharedPreferencesManager( 5189): putInt() : name = nfdwifi_wifi_update_key : key = syncLevel : value = 0

W/ContextImpl( 5189): Failed to ensure directory: /storage/extSdCard/Android/data/com.eg.android.AlipayGphoneRC/files/com.alipay.android.phone.nfd

W/SharedPreferencesManager( 5189): getInt() : name = nfdwifi_wifi_update_key : key = lastTime : defValue = 0

W/Vold    (  324): Returning OperationFailed - no handler for errno 30

W/Vold    (  324): Returning OperationFailed - no handler for errno 30

E/cutils  (  324): Failed to mkdirat(/storage/extSdCard/Android): Read-only file system

W/ContextImpl( 5189): Failed to ensure directory: /storage/extSdCard/Android/data/com.eg.android.AlipayGphoneRC/files/com.alipay.android.phone.nfd

E/cutils  (  324): Failed to mkdirat(/storage/extSdCard/Android): Read-only file system

W/SharedPreferencesManager( 5189): getInt() : name = nfdwifi_wifi_lbs_key : key = lbs_last_time : defValue = 1435633838314

I/Monitor ( 5056): [main]onReceive at: com.alipay.mobile.base.receiver.SensorMonitorReceiver, Intent: Intent { act=com.alipay.mobile.TIMER_AUTO_WAKEUP }, cost:146 ms.

D/Alipay_cmdcenterscript( 5056): [main][1]开始执行任务:PollPopTask:334d1b2cd379426795a38e39ffdf7c62

W/ContextImpl( 5189): Failed to ensure directory: /storage/extSdCard/Android/data/com.eg.android.AlipayGphoneRC/files/com.alipay.android.phone.nfd

W/Vold    (  324): Returning OperationFailed - no handler for errno 30

W/Vold    (  324): Returning OperationFailed - no handler for errno 30

E/cutils  (  324): Failed to mkdirat(/storage/extSdCard/Android): Read-only file system

W/ContextImpl( 5189): Failed to ensure directory: /storage/extSdCard/Android/data/com.eg.android.AlipayGphoneRC/files/com.alipay.android.phone.nfd

E/cutils  (  324): Failed to mkdirat(/storage/extSdCard/Android): Read-only file system

W/ContextImpl( 5189): Failed to ensure directory: /storage/extSdCard/Android/data/com.eg.android.AlipayGphoneRC/files/com.alipay.android.phone.nfd

E/cutils  (  324): Failed to mkdirat(/storage/extSdCard/Android): Read-only file system

W/ContextImpl( 5189): Failed to ensure directory: /storage/extSdCard/Android/data/com.eg.android.AlipayGphoneRC/files/com.alipay.android.phone.nfd

W/Vold    (  324): Returning OperationFailed - no handler for errno 30

W/Vold    (  324): Returning OperationFailed - no handler for errno 30

W/Vold    (  324): Returning OperationFailed - no handler for errno 30

E/cutils  (  324): Failed to mkdirat(/storage/extSdCard/Android): Read-only file system

W/ContextImpl( 5189): Failed to ensure directory: /storage/extSdCard/Android/data/com.eg.android.AlipayGphoneRC/files/com.alipay.android.phone.nfd

E/cutils  (  324): Failed to mkdirat(/storage/extSdCard/Android): Read-only file system

W/ContextImpl( 5189): Failed to ensure directory: /storage/extSdCard/Android/data/com.eg.android.AlipayGphoneRC/files/com.alipay.android.phone.nfd

W/Vold    (  324): Returning OperationFailed - no handler for errno 30

W/Vold    (  324): Returning OperationFailed - no handler for errno 30

I/AlipayPush_ClientActionReceiver( 5189): checkPushStatus linkStatus=true, settingStatus=true

D/pushtrack_TrackWorker_queue_51( 5189): level:Normal user:2088812469041456 tag:ClientActionReceiver_checkTimer content:curStatus=0

I/AlipayPush_l( 5189): getPushKeepAliveInterval() keepAliveTime=300

I/AlipayPush_k( 5189): sendPacket()... packet.id=3

I/Monitor ( 5189): [main]onReceive at: com.alipay.pushsdk.push.ClientActionReceiver, Intent: Intent { act=com.eg.android.AlipayGphoneRC.push.action.CHECK flg=0x14 pkg=com.eg.android.AlipayGphoneRC (has extras) }, cost:75 ms.

D/ClientMonitorWakeupReceiver( 5189): [main]ClientMonitorWakeupReceiver.onReceiveIntent { act=com.eg.android.AlipayGphoneRC.push.action.CHECK flg=0x14 pkg=com.eg.android.AlipayGphoneRC cmp=com.eg.android.AlipayGphoneRC/com.alipay.mobile.logmonitor.ClientMonitorWakeupReceiver (has extras) }

D/pushtrack_TrackWorker_queue_51( 5189): level:Normal user:2088812469041456 tag:PacketReader_push_heart_beat content:start:1435634438204

I/AlipayPush_b( 5189): processPacket() got one HeartBeatPacket from Server!

I/AlipayPush_l( 5189): getPushKeepAliveInterval() keepAliveTime=300

W/ClientMonitorService( 5189): [IntentService[ClientMonitorService]]syncInterval=1435634438225,lastSyncTime=0

W/chromium( 5056): [WARNING:resource_bundle.cc(368)] Unable to load image with id 5746

D/Alipay_cmdcentercommand( 5056): [JavaBridge][19817]Method---->TASKUUID:334d1b2cd379426795a38e39ffdf7c62,commandName:PollPopCommand,commandId:dedb59ab5b9147cfa85060f259e6ebe9,开始时间:1435634438240

D/AlipayDataTunnel/PopNotification( 5056): +++++execute PopNotificationCommand @ com.eg.android.AlipayGphoneRC

D/AlipayDataTunnel/PopNotification( 5056): +++++taskUUID=334d1b2cd379426795a38e39ffdf7c62,args=[Ljava.lang.String;@433115c8

D/AlipayDataTunnel/PopNotification( 5056): current package: com.eg.android.AlipayGphoneRC

D/Alipay_cmdcentercommand( 5056): [JavaBridge][19817]Method---->TASKUUID:334d1b2cd379426795a38e39ffdf7c62,commandName:PollPopCommand,commandId:dedb59ab5b9147cfa85060f259e6ebe9,执行结果:false,结束时间:1435634438249

D/Alipay_cmdcenterscript( 5056): [main][1]脚本执行完毕。message:334d1b2cd379426795a38e39ffdf7c62|js-ext-command-finish|false

D/Alipay_cmdcentermanager( 5056): [main][1]task:334d1b2cd379426795a38e39ffdf7c62执行完毕,状态变迁:I----->F(false)

D/Alipay_cmdcentermanager( 5056): [main][1]task:334d1b2cd379426795a38e39ffdf7c62本次任务放弃汇报

E/JavaBinder(  910): !!! FAILED BINDER TRANSACTION !!!

D/STATUSBAR-NetworkController( 1110): refreshSignalCluster - setNWBoosterIndicators(false)

D/StatusBar.NetworkController( 1110): refreshSignalCluster: else : 

D/STATUSBAR-SignalClusterView( 1110): setDataSignalIcon mMobileDataGroup GONE

E/StatusBar.NetworkController( 1110): refreshSignalCluster: roam

E/StatusBar.NetworkController( 1110): refreshSignalCluster: set mShowPhoneRSSIForData = false

D/STATUSBAR-IconMerger( 1110): checkOverflow(504), More:true, Req:true Child:24

D/cell strength( 1228): ===== cell singal strength changed : 99

D/STATUSBAR-NetworkController( 1110): onSignalStrengthsChanged signalStrength=SignalStrength: 99 -1 16384 -160 -120 -1 -1 99 2147483647 2147483647 2147483647 -1 -70 gsm|lte 0x0 level=4

D/BatteryService(  910): level:48, scale:100, status:2, health:2, present:true, voltage: 3890, temperature: 292, technology: Li-ion, AC powered:false, USB powered:true, Wireless powered:false, icon:17303609, invalid charger:0, online:4, current avg:450, charge type:1, power sharing:false, high voltage charger:false

D/BatteryService(  910): Sending ACTION_BATTERY_CHANGED.

D/KeyguardUpdateMonitor( 1110): received broadcast android.intent.action.BATTERY_CHANGED

D/KeyguardUpdateMonitor( 1110): handleBatteryUpdate

D/UiModeManager(  910): mCoverManager.getCoverState() : true

D/Brightness(24535): mIntentReceiver.onReceive: action=android.intent.action.BATTERY_CHANGED, intent=Intent { act=android.intent.action.BATTERY_CHANGED flg=0x60000010 (has extras) }

D/MainActivityBaseUi.java(24535): in brightness disabled on critical battery low

I/Monitor ( 5056): [main]onReceive at: com.aps.a$a, Intent: Intent { act=android.intent.action.BATTERY_CHANGED flg=0x60000010 (has extras) }, cost:1 ms.

D/SViewCoverView( 1659): BroadcastReceiver onReceive() : action : android.intent.action.BATTERY_CHANGED

D/SViewCoverView( 1659): level :48 plugged : 2

D/STATUSBAR-PhoneStatusBar( 1110):  mBrightnessEnablebySettings = true mBrightnessEnablebyBattery = true mBrightnessEnablebyDisableFlag = true mPmsBrightnessEnablebySettings = true

D/STATUSBAR-IconMerger( 1110): checkOverflow(504), More:true, Req:true Child:24

D/BatteryMeterView( 1110): ACTION_BATTERY_CHANGED : level:48 status:2 health:2

E/JavaBinder(  910): !!! FAILED BINDER TRANSACTION !!!

D/STATUSBAR-NetworkController( 1110): refreshSignalCluster - setNWBoosterIndicators(false)

D/StatusBar.NetworkController( 1110): refreshSignalCluster: else : 

D/STATUSBAR-SignalClusterView( 1110): setDataSignalIcon mMobileDataGroup GONE

E/StatusBar.NetworkController( 1110): refreshSignalCluster: roam

E/StatusBar.NetworkController( 1110): refreshSignalCluster: set mShowPhoneRSSIForData = false

D/STATUSBAR-IconMerger( 1110): checkOverflow(504), More:true, Req:true Child:24

D/dalvikvm(  910): GC_CONCURRENT freed 8183K, 49% free 90045K/176128K, paused 27ms+20ms, total 289ms

D/dalvikvm(  910): WAIT_FOR_CONCURRENT_GC blocked 30ms

D/dalvikvm(  910): WAIT_FOR_CONCURRENT_GC blocked 77ms

E/JavaBinder(  910): !!! FAILED BINDER TRANSACTION !!!

D/STATUSBAR-NetworkController( 1110): refreshSignalCluster - setNWBoosterIndicators(false)

D/StatusBar.NetworkController( 1110): refreshSignalCluster: else : 

D/STATUSBAR-SignalClusterView( 1110): setDataSignalIcon mMobileDataGroup GONE

E/StatusBar.NetworkController( 1110): refreshSignalCluster: roam

E/StatusBar.NetworkController( 1110): refreshSignalCluster: set mShowPhoneRSSIForData = false

D/STATUSBAR-IconMerger( 1110): checkOverflow(504), More:true, Req:true Child:24

D/cell strength( 1228): ===== cell singal strength changed : 99

D/STATUSBAR-NetworkController( 1110): onSignalStrengthsChanged signalStrength=SignalStrength: 99 -1 16384 -160 -120 -1 -1 99 2147483647 2147483647 2147483647 -1 -70 gsm|lte 0x0 level=4

E/JavaBinder(  910): !!! FAILED BINDER TRANSACTION !!!

D/STATUSBAR-NetworkController( 1110): refreshSignalCluster - setNWBoosterIndicators(false)

D/StatusBar.NetworkController( 1110): refreshSignalCluster: else : 

D/STATUSBAR-SignalClusterView( 1110): setDataSignalIcon mMobileDataGroup GONE

E/StatusBar.NetworkController( 1110): refreshSignalCluster: roam

E/StatusBar.NetworkController( 1110): refreshSignalCluster: set mShowPhoneRSSIForData = false

D/STATUSBAR-IconMerger( 1110): checkOverflow(504), More:true, Req:true Child:24

D/dalvikvm( 8646): GC_CONCURRENT freed 1975K, 32% free 18369K/26876K, paused 4ms+1ms, total 37ms

I/System.out( 8646): FinalizerDaemon calls detatch()

I/System.out( 8646): Thread-20122 calls detatch()

V/AlarmManager(  910): waitForAlarm result :4

V/AlarmManager(  910): trigger ELAPSED_REALTIME_WAKEUP or RTC_WAKEUP

E/JavaBinder(  910): !!! FAILED BINDER TRANSACTION !!!

D/STATUSBAR-NetworkController( 1110): refreshSignalCluster - setNWBoosterIndicators(false)

D/StatusBar.NetworkController( 1110): refreshSignalCluster: else : 

D/STATUSBAR-SignalClusterView( 1110): setDataSignalIcon mMobileDataGroup GONE

E/StatusBar.NetworkController( 1110): refreshSignalCluster: roam

E/StatusBar.NetworkController( 1110): refreshSignalCluster: set mShowPhoneRSSIForData = false

D/STATUSBAR-IconMerger( 1110): checkOverflow(504), More:true, Req:true Child:24

E/JavaBinder(  910): !!! FAILED BINDER TRANSACTION !!!

D/STATUSBAR-NetworkController( 1110): refreshSignalCluster - setNWBoosterIndicators(false)

D/StatusBar.NetworkController( 1110): refreshSignalCluster: else : 

D/STATUSBAR-SignalClusterView( 1110): setDataSignalIcon mMobileDataGroup GONE

E/StatusBar.NetworkController( 1110): refreshSignalCluster: roam

E/StatusBar.NetworkController( 1110): refreshSignalCluster: set mShowPhoneRSSIForData = false

D/STATUSBAR-IconMerger( 1110): checkOverflow(504), More:true, Req:true Child:24

E/JavaBinder(  910): !!! FAILED BINDER TRANSACTION !!!

D/STATUSBAR-NetworkController( 1110): refreshSignalCluster - setNWBoosterIndicators(false)

D/StatusBar.NetworkController( 1110): refreshSignalCluster: else : 

D/STATUSBAR-SignalClusterView( 1110): setDataSignalIcon mMobileDataGroup GONE

E/StatusBar.NetworkController( 1110): refreshSignalCluster: roam

E/StatusBar.NetworkController( 1110): refreshSignalCluster: set mShowPhoneRSSIForData = false

D/STATUSBAR-IconMerger( 1110): checkOverflow(504), More:true, Req:true Child:24

D/SSRMv2:SIOP(  910): SIOP:: AP = 370 (0), Delta = 0

E/JavaBinder(  910): !!! FAILED BINDER TRANSACTION !!!

D/STATUSBAR-NetworkController( 1110): refreshSignalCluster - setNWBoosterIndicators(false)

D/StatusBar.NetworkController( 1110): refreshSignalCluster: else : 

D/STATUSBAR-SignalClusterView( 1110): setDataSignalIcon mMobileDataGroup GONE

E/StatusBar.NetworkController( 1110): refreshSignalCluster: roam

E/StatusBar.NetworkController( 1110): refreshSignalCluster: set mShowPhoneRSSIForData = false

D/STATUSBAR-IconMerger( 1110): checkOverflow(504), More:true, Req:true Child:24

D/dalvikvm( 2199): GC_CONCURRENT freed 1984K, 27% free 19690K/26880K, paused 7ms+3ms, total 49ms

E/JavaBinder(  910): !!! FAILED BINDER TRANSACTION !!!

D/STATUSBAR-NetworkController( 1110): refreshSignalCluster - setNWBoosterIndicators(false)

D/StatusBar.NetworkController( 1110): refreshSignalCluster: else : 

D/STATUSBAR-SignalClusterView( 1110): setDataSignalIcon mMobileDataGroup GONE

E/StatusBar.NetworkController( 1110): refreshSignalCluster: roam

E/StatusBar.NetworkController( 1110): refreshSignalCluster: set mShowPhoneRSSIForData = false

D/STATUSBAR-IconMerger( 1110): checkOverflow(504), More:true, Req:true Child:24

E/Watchdog(  910): !@Sync 92420

D/cell strength( 1228): ===== cell singal strength changed : 99

D/STATUSBAR-NetworkController( 1110): onSignalStrengthsChanged signalStrength=SignalStrength: 99 -1 16384 -160 -120 -1 -1 99 2147483647 2147483647 2147483647 -1 -69 gsm|lte 0x0 level=4

D/KeyguardUpdateMonitor( 1110): received broadcast android.intent.action.BATTERY_CHANGED

D/KeyguardUpdateMonitor( 1110): handleBatteryUpdate

D/BatteryService(  910): level:48, scale:100, status:2, health:2, present:true, voltage: 3893, temperature: 292, technology: Li-ion, AC powered:false, USB powered:true, Wireless powered:false, icon:17303609, invalid charger:0, online:4, current avg:450, charge type:1, power sharing:false, high voltage charger:false

D/BatteryService(  910): Sending ACTION_BATTERY_CHANGED.

D/UiModeManager(  910): mCoverManager.getCoverState() : true

D/Brightness(24535): mIntentReceiver.onReceive: action=android.intent.action.BATTERY_CHANGED, intent=Intent { act=android.intent.action.BATTERY_CHANGED flg=0x60000010 (has extras) }

D/MainActivityBaseUi.java(24535): in brightness disabled on critical battery low

I/Monitor ( 5056): [main]onReceive at: com.aps.a$a, Intent: Intent { act=android.intent.action.BATTERY_CHANGED flg=0x60000010 (has extras) }, cost:0 ms.

D/SViewCoverView( 1659): BroadcastReceiver onReceive() : action : android.intent.action.BATTERY_CHANGED

D/SViewCoverView( 1659): level :48 plugged : 2

D/STATUSBAR-PhoneStatusBar( 1110):  mBrightnessEnablebySettings = true mBrightnessEnablebyBattery = true mBrightnessEnablebyDisableFlag = true mPmsBrightnessEnablebySettings = true

D/BatteryMeterView( 1110): ACTION_BATTERY_CHANGED : level:48 status:2 health:2

D/STATUSBAR-IconMerger( 1110): checkOverflow(504), More:true, Req:true Child:24

E/JavaBinder(  910): !!! FAILED BINDER TRANSACTION !!!

D/STATUSBAR-NetworkController( 1110): refreshSignalCluster - setNWBoosterIndicators(false)

D/StatusBar.NetworkController( 1110): refreshSignalCluster: else : 

D/STATUSBAR-SignalClusterView( 1110): setDataSignalIcon mMobileDataGroup GONE

E/StatusBar.NetworkController( 1110): refreshSignalCluster: roam

E/StatusBar.NetworkController( 1110): refreshSignalCluster: set mShowPhoneRSSIForData = false

D/STATUSBAR-IconMerger( 1110): checkOverflow(504), More:true, Req:true Child:24

D/dalvikvm(  910): GC_CONCURRENT freed 8214K, 49% free 90023K/176128K, paused 9ms+18ms, total 260ms

D/dalvikvm(  910): WAIT_FOR_CONCURRENT_GC blocked 77ms

E/JavaBinder(  910): !!! FAILED BINDER TRANSACTION !!!

D/STATUSBAR-NetworkController( 1110): refreshSignalCluster - setNWBoosterIndicators(false)

D/StatusBar.NetworkController( 1110): refreshSignalCluster: else : 

D/STATUSBAR-SignalClusterView( 1110): setDataSignalIcon mMobileDataGroup GONE

E/StatusBar.NetworkController( 1110): refreshSignalCluster: roam

E/StatusBar.NetworkController( 1110): refreshSignalCluster: set mShowPhoneRSSIForData = false

D/STATUSBAR-IconMerger( 1110): checkOverflow(504), More:true, Req:true Child:24

E/JavaBinder(  910): !!! FAILED BINDER TRANSACTION !!!

D/STATUSBAR-NetworkController( 1110): refreshSignalCluster - setNWBoosterIndicators(false)

D/StatusBar.NetworkController( 1110): refreshSignalCluster: else : 

D/STATUSBAR-SignalClusterView( 1110): setDataSignalIcon mMobileDataGroup GONE

E/StatusBar.NetworkController( 1110): refreshSignalCluster: roam

E/StatusBar.NetworkController( 1110): refreshSignalCluster: set mShowPhoneRSSIForData = false

D/STATUSBAR-IconMerger( 1110): checkOverflow(504), More:true, Req:true Child:24

I/chromium(24535): [INFO:top_sites_impl.cc(926)]  VLOG NotifyTopSitesChanged

E/JavaBinder(  910): !!! FAILED BINDER TRANSACTION !!!

D/STATUSBAR-NetworkController( 1110): refreshSignalCluster - setNWBoosterIndicators(false)

D/StatusBar.NetworkController( 1110): refreshSignalCluster: else : 

D/STATUSBAR-SignalClusterView( 1110): setDataSignalIcon mMobileDataGroup GONE

E/StatusBar.NetworkController( 1110): refreshSignalCluster: roam

E/StatusBar.NetworkController( 1110): refreshSignalCluster: set mShowPhoneRSSIForData = false

D/STATUSBAR-IconMerger( 1110): checkOverflow(504), More:true, Req:true Child:24

D/cell strength( 1228): ===== cell singal strength changed : 99

D/STATUSBAR-NetworkController( 1110): onSignalStrengthsChanged signalStrength=SignalStrength: 99 -1 16384 -160 -120 -1 -1 99 2147483647 2147483647 2147483647 -1 -70 gsm|lte 0x0 level=4

D/SSRMv2:SIOP(  910): SIOP:: AP = 370 (0), Delta = 0

D/dalvikvm( 7827): GC_CONCURRENT freed 1923K, 22% free 21130K/26876K, paused 6ms+1ms, total 55ms

E/JavaBinder(  910): !!! FAILED BINDER TRANSACTION !!!

D/STATUSBAR-NetworkController( 1110): refreshSignalCluster - setNWBoosterIndicators(false)

D/StatusBar.NetworkController( 1110): refreshSignalCluster: else : 

D/STATUSBAR-SignalClusterView( 1110): setDataSignalIcon mMobileDataGroup GONE

E/StatusBar.NetworkController( 1110): refreshSignalCluster: roam

E/StatusBar.NetworkController( 1110): refreshSignalCluster: set mShowPhoneRSSIForData = false

D/STATUSBAR-IconMerger( 1110): checkOverflow(504), More:true, Req:true Child:24

E/JavaBinder(  910): !!! FAILED BINDER TRANSACTION !!!

D/STATUSBAR-NetworkController( 1110): refreshSignalCluster - setNWBoosterIndicators(false)

D/StatusBar.NetworkController( 1110): refreshSignalCluster: else : 

D/STATUSBAR-SignalClusterView( 1110): setDataSignalIcon mMobileDataGroup GONE

E/StatusBar.NetworkController( 1110): refreshSignalCluster: roam

E/StatusBar.NetworkController( 1110): refreshSignalCluster: set mShowPhoneRSSIForData = false

D/STATUSBAR-IconMerger( 1110): checkOverflow(504), More:true, Req:true Child:24

D/cell strength( 1228): ===== cell singal strength changed : 99

D/STATUSBAR-NetworkController( 1110): onSignalStrengthsChanged signalStrength=SignalStrength: 99 -1 16384 -160 -120 -1 -1 99 2147483647 2147483647 2147483647 -1 -70 gsm|lte 0x0 level=4

D/BatteryService(  910): level:48, scale:100, status:2, health:2, present:true, voltage: 3883, temperature: 292, technology: Li-ion, AC powered:false, USB powered:true, Wireless powered:false, icon:17303609, invalid charger:0, online:4, current avg:450, charge type:1, power sharing:false, high voltage charger:false

D/BatteryService(  910): Sending ACTION_BATTERY_CHANGED.

D/KeyguardUpdateMonitor( 1110): received broadcast android.intent.action.BATTERY_CHANGED

D/KeyguardUpdateMonitor( 1110): handleBatteryUpdate

D/SViewCoverView( 1659): BroadcastReceiver onReceive() : action : android.intent.action.BATTERY_CHANGED

D/SViewCoverView( 1659): level :48 plugged : 2

D/Brightness(24535): mIntentReceiver.onReceive: action=android.intent.action.BATTERY_CHANGED, intent=Intent { act=android.intent.action.BATTERY_CHANGED flg=0x60000010 (has extras) }

D/MainActivityBaseUi.java(24535): in brightness disabled on critical battery low

I/Monitor ( 5056): [main]onReceive at: com.aps.a$a, Intent: Intent { act=android.intent.action.BATTERY_CHANGED flg=0x60000010 (has extras) }, cost:0 ms.

D/UiModeManager(  910): mCoverManager.getCoverState() : true

D/STATUSBAR-PhoneStatusBar( 1110):  mBrightnessEnablebySettings = true mBrightnessEnablebyBattery = true mBrightnessEnablebyDisableFlag = true mPmsBrightnessEnablebySettings = true

D/STATUSBAR-IconMerger( 1110): checkOverflow(504), More:true, Req:true Child:24

D/BatteryMeterView( 1110): ACTION_BATTERY_CHANGED : level:48 status:2 health:2

V/AlarmManager(  910): waitForAlarm result :8

D/KeyguardClockWidgetService(17854): onReceive action=android.intent.action.TIME_TICK

V/AlarmManager(  910): ClockReceiver onReceive() ACTION_TIME_TICK

D/KeyguardUpdateMonitor( 1110): received broadcast android.intent.action.TIME_TICK

D/KeyguardUpdateMonitor( 1110): handleTimeUpdate

D/STATUSBAR-IconMerger( 1110): checkOverflow(504), More:true, Req:true Child:24

D/SViewCoverWidget( 1659): initClock() : TimeZone =libcore.util.ZoneInfo[id="Asia/Shanghai",mRawOffset=28800000,mEarliestRawOffset=28800000,mUseDst=false,mDstSavings=3600000,transitions=16]

D/daemonapp( 9256): [MSC_Cmaweather_Daemon]>>> U:1341 [0:0] cDayONight() ::: sunrise is null 

D/daemonapp( 9256): [MSC_Cmaweather_Daemon]>>> U:1357 [0:0] cDayONight() ::: sunset is null 

D/daemonapp( 9256): [MSC_Cmaweather_Daemon]>>> WCS:90 [0:0] action:androidintentactionTIME_TICK

D/daemonapp( 9256): [MSC_Cmaweather_Daemon]>>> CWDS:83 [0:0] Act : widgetappapaccuweatherdaemonactionCHANGE_ICON_OF_DAEMON

D/comsamsunglog( 9256): [MSC_Cmaweather_Daemon]>>> ====================================================================================================================

D/comsamsunglog( 9256): [MSC_Cmaweather_Daemon]>>> daemonapp [Version : 14070101 ] [ 1 ] 

D/comsamsunglog( 9256): [MSC_Cmaweather_Daemon]>>> Header set to : ===> "daemonapp" <===

D/comsamsunglog( 9256): [MSC_Cmaweather_Daemon]>>> ====================================================================================================================

D/daemonapp( 9256): [MSC_Cmaweather_Daemon]>>> CCP:387 [0:0] Provider query : content://cmaweatherprovider/packagename

D/daemonapp( 9256): [MSC_Cmaweather_Daemon]>>> CWDS:1112 [0:0] PakNme size = 1

D/daemonapp( 9256): [MSC_Cmaweather_Daemon]>>> CCP:387 [0:0] Provider query : content://cmaweatherprovider/current_weatherinfo

D/daemonapp( 9256): [MSC_Cmaweather_Daemon]>>> CCP:387 [0:0] Provider query : content://cmaweatherprovider/current_weatherinfo

D/daemonapp( 9256): [MSC_Cmaweather_Daemon]>>> CCP:387 [0:0] Provider query : content://cmaweatherprovider/current_weatherinfo

D/daemonapp( 9256): [MSC_Cmaweather_Daemon]>>> CWDS:127 [0:0] SerStus:true,TmpS:1,AtRfr:0

D/daemonapp( 9256): [MSC_Cmaweather_Daemon]>>> CWDS:682 [0:0] ====ACTION_SEC_CHANGE_ICON_OF_DAEMON===

D/daemonapp( 9256): [MSC_Cmaweather_Daemon]>>> U:1341 [0:0] cDayONight() ::: sunrise is null 

D/daemonapp( 9256): [MSC_Cmaweather_Daemon]>>> U:1357 [0:0] cDayONight() ::: sunset is null 

D/daemonapp( 9256): [MSC_Cmaweather_Daemon]>>> CWDS:685 [0:0] checkDay:true, UtilgetIsDay():false

D/daemonapp( 9256): [MSC_Cmaweather_Daemon]>>> CCP:387 [0:0] Provider query : content://cmaweatherprovider/weatherinfo

D/dalvikvm(  910): GC_CONCURRENT freed 8199K, 49% free 90015K/176128K, paused 8ms+20ms, total 249ms

D/dalvikvm(  910): WAIT_FOR_CONCURRENT_GC blocked 69ms

D/dalvikvm(  910): WAIT_FOR_CONCURRENT_GC blocked 150ms

D/dalvikvm(  910): WAIT_FOR_CONCURRENT_GC blocked 97ms

D/dalvikvm(  910): WAIT_FOR_CONCURRENT_GC blocked 57ms

D/cell strength( 1228): ===== cell singal strength changed : 99

D/STATUSBAR-NetworkController( 1110): onSignalStrengthsChanged signalStrength=SignalStrength: 99 -1 16384 -160 -120 -1 -1 99 2147483647 2147483647 2147483647 -1 -71 gsm|lte 0x0 level=4

E/JavaBinder(  910): !!! FAILED BINDER TRANSACTION !!!

D/STATUSBAR-NetworkController( 1110): refreshSignalCluster - setNWBoosterIndicators(false)

D/StatusBar.NetworkController( 1110): refreshSignalCluster: else : 

D/STATUSBAR-SignalClusterView( 1110): setDataSignalIcon mMobileDataGroup GONE

E/StatusBar.NetworkController( 1110): refreshSignalCluster: roam

E/StatusBar.NetworkController( 1110): refreshSignalCluster: set mShowPhoneRSSIForData = false

D/STATUSBAR-IconMerger( 1110): checkOverflow(504), More:true, Req:true Child:24

E/JavaBinder(  910): !!! FAILED BINDER TRANSACTION !!!

D/STATUSBAR-NetworkController( 1110): refreshSignalCluster - setNWBoosterIndicators(false)

D/StatusBar.NetworkController( 1110): refreshSignalCluster: else : 

D/STATUSBAR-SignalClusterView( 1110): setDataSignalIcon mMobileDataGroup GONE

E/StatusBar.NetworkController( 1110): refreshSignalCluster: roam

E/StatusBar.NetworkController( 1110): refreshSignalCluster: set mShowPhoneRSSIForData = false

D/STATUSBAR-IconMerger( 1110): checkOverflow(504), More:true, Req:true Child:24

D/cell strength( 1228): ===== cell singal strength changed : 99

D/STATUSBAR-NetworkController( 1110): onSignalStrengthsChanged signalStrength=SignalStrength: 99 -1 16384 -160 -120 -1 -1 99 2147483647 2147483647 2147483647 -1 -72 gsm|lte 0x0 level=4

D/SSRMv2:SIOP(  910): SIOP:: AP = 370 (0), Delta = 0

E/JavaBinder(  910): !!! FAILED BINDER TRANSACTION !!!

D/STATUSBAR-NetworkController( 1110): refreshSignalCluster - setNWBoosterIndicators(false)

D/StatusBar.NetworkController( 1110): refreshSignalCluster: else : 

D/STATUSBAR-SignalClusterView( 1110): setDataSignalIcon mMobileDataGroup GONE

E/StatusBar.NetworkController( 1110): refreshSignalCluster: roam

E/StatusBar.NetworkController( 1110): refreshSignalCluster: set mShowPhoneRSSIForData = false

D/STATUSBAR-IconMerger( 1110): checkOverflow(504), More:true, Req:true Child:24

D/dalvikvm(  910): GC_CONCURRENT freed 8193K, 49% free 90014K/176128K, paused 22ms+19ms, total 265ms

D/dalvikvm(  910): WAIT_FOR_CONCURRENT_GC blocked 143ms

D/dalvikvm(  910): WAIT_FOR_CONCURRENT_GC blocked 124ms

E/JavaBinder(  910): !!! FAILED BINDER TRANSACTION !!!

D/STATUSBAR-NetworkController( 1110): refreshSignalCluster - setNWBoosterIndicators(false)

D/StatusBar.NetworkController( 1110): refreshSignalCluster: else : 

D/STATUSBAR-SignalClusterView( 1110): setDataSignalIcon mMobileDataGroup GONE

E/StatusBar.NetworkController( 1110): refreshSignalCluster: roam

E/StatusBar.NetworkController( 1110): refreshSignalCluster: set mShowPhoneRSSIForData = false

D/STATUSBAR-IconMerger( 1110): checkOverflow(504), More:true, Req:true Child:24

E/JavaBinder(  910): !!! FAILED BINDER TRANSACTION !!!

D/STATUSBAR-NetworkController( 1110): refreshSignalCluster - setNWBoosterIndicators(false)

D/StatusBar.NetworkController( 1110): refreshSignalCluster: else : 

D/STATUSBAR-SignalClusterView( 1110): setDataSignalIcon mMobileDataGroup GONE

E/StatusBar.NetworkController( 1110): refreshSignalCluster: roam

E/StatusBar.NetworkController( 1110): refreshSignalCluster: set mShowPhoneRSSIForData = false

D/STATUSBAR-IconMerger( 1110): checkOverflow(504), More:true, Req:true Child:24

E/JavaBinder(  910): !!! FAILED BINDER TRANSACTION !!!

D/STATUSBAR-NetworkController( 1110): refreshSignalCluster - setNWBoosterIndicators(false)

D/StatusBar.NetworkController( 1110): refreshSignalCluster: else : 

D/STATUSBAR-SignalClusterView( 1110): setDataSignalIcon mMobileDataGroup GONE

E/StatusBar.NetworkController( 1110): refreshSignalCluster: roam

E/StatusBar.NetworkController( 1110): refreshSignalCluster: set mShowPhoneRSSIForData = false

D/STATUSBAR-IconMerger( 1110): checkOverflow(504), More:true, Req:true Child:24

D/cell strength( 1228): ===== cell singal strength changed : 99

D/STATUSBAR-NetworkController( 1110): onSignalStrengthsChanged signalStrength=SignalStrength: 99 -1 16384 -160 -120 -1 -1 99 2147483647 2147483647 2147483647 -1 -74 gsm|lte 0x0 level=4

D/SSRMv2:SIOP(  910): SIOP:: AP = 370 (0), Delta = 0

V/AlarmManager(  910): waitForAlarm result :4

W/ActivityManager(  910): Unable to start service Intent { flg=0x4 cmp=com.android.appmarket/com.android.advsdk.service.AdvService (has extras) } U=0: not found

V/AlarmManager(  910): trigger ELAPSED_REALTIME_WAKEUP or RTC_WAKEUP

D/BatteryService(  910): level:48, scale:100, status:2, health:2, present:true, voltage: 3873, temperature: 292, technology: Li-ion, AC powered:false, USB powered:true, Wireless powered:false, icon:17303609, invalid charger:0, online:4, current avg:450, charge type:1, power sharing:false, high voltage charger:false

W/ActivityManager(  910): Unable to start service Intent { flg=0x4 cmp=com.android.appmarket/.appsstatistics.service.Service1 (has extras) } U=0: not found

V/AlarmManager(  910): trigger ELAPSED_REALTIME_WAKEUP or RTC_WAKEUP

V/AlarmManager(  910): trigger ELAPSED_REALTIME_WAKEUP or RTC_WAKEUP

V/AlarmManager(  910): trigger ELAPSED_REALTIME_WAKEUP or RTC_WAKEUP

V/AlarmManager(  910): trigger ELAPSED_REALTIME_WAKEUP or RTC_WAKEUP

D/BatteryService(  910): Sending ACTION_BATTERY_CHANGED.

D/KeyguardUpdateMonitor( 1110): received broadcast android.intent.action.BATTERY_CHANGED

D/KeyguardUpdateMonitor( 1110): handleBatteryUpdate

D/SViewCoverView( 1659): BroadcastReceiver onReceive() : action : android.intent.action.BATTERY_CHANGED

D/SViewCoverView( 1659): level :48 plugged : 2

D/Brightness(24535): mIntentReceiver.onReceive: action=android.intent.action.BATTERY_CHANGED, intent=Intent { act=android.intent.action.BATTERY_CHANGED flg=0x60000010 (has extras) }

D/MainActivityBaseUi.java(24535): in brightness disabled on critical battery low

D/STATUSBAR-PhoneStatusBar( 1110):  mBrightnessEnablebySettings = true mBrightnessEnablebyBattery = true mBrightnessEnablebyDisableFlag = true mPmsBrightnessEnablebySettings = true

I/Monitor ( 5056): [main]onReceive at: com.aps.a$a, Intent: Intent { act=android.intent.action.BATTERY_CHANGED flg=0x60000010 (has extras) }, cost:1 ms.

D/STATUSBAR-IconMerger( 1110): checkOverflow(504), More:true, Req:true Child:24

D/BatteryMeterView( 1110): ACTION_BATTERY_CHANGED : level:48 status:2 health:2

D/UiModeManager(  910): mCoverManager.getCoverState() : true

D/cell strength( 1228): ===== cell singal strength changed : 99

D/STATUSBAR-NetworkController( 1110): onSignalStrengthsChanged signalStrength=SignalStrength: 99 -1 16384 -160 -120 -1 -1 99 2147483647 2147483647 2147483647 -1 -73 gsm|lte 0x0 level=4

E/Watchdog(  910): !@Sync 92421

D/dalvikvm(  910): GC_CONCURRENT freed 8186K, 49% free 90020K/176128K, paused 23ms+20ms, total 263ms

D/dalvikvm(  910): WAIT_FOR_CONCURRENT_GC blocked 200ms

D/dalvikvm(  910): WAIT_FOR_CONCURRENT_GC blocked 162ms

D/dalvikvm(  910): WAIT_FOR_CONCURRENT_GC blocked 148ms

D/cell strength( 1228): ===== cell singal strength changed : 99

D/STATUSBAR-NetworkController( 1110): onSignalStrengthsChanged signalStrength=SignalStrength: 99 -1 16384 -160 -120 -1 -1 99 2147483647 2147483647 2147483647 -1 -71 gsm|lte 0x0 level=4

E/JavaBinder(  910): !!! FAILED BINDER TRANSACTION !!!

D/STATUSBAR-NetworkController( 1110): refreshSignalCluster - setNWBoosterIndicators(false)

D/StatusBar.NetworkController( 1110): refreshSignalCluster: else : 

D/STATUSBAR-SignalClusterView( 1110): setDataSignalIcon mMobileDataGroup GONE

E/StatusBar.NetworkController( 1110): refreshSignalCluster: roam

E/StatusBar.NetworkController( 1110): refreshSignalCluster: set mShowPhoneRSSIForData = false

D/STATUSBAR-IconMerger( 1110): checkOverflow(504), More:true, Req:true Child:24

I/chromium(24535): [INFO:top_sites_impl.cc(926)]  VLOG NotifyTopSitesChanged

E/JavaBinder(  910): !!! FAILED BINDER TRANSACTION !!!

D/STATUSBAR-NetworkController( 1110): refreshSignalCluster - setNWBoosterIndicators(false)

D/StatusBar.NetworkController( 1110): refreshSignalCluster: else : 

D/STATUSBAR-SignalClusterView( 1110): setDataSignalIcon mMobileDataGroup GONE

E/StatusBar.NetworkController( 1110): refreshSignalCluster: roam

E/StatusBar.NetworkController( 1110): refreshSignalCluster: set mShowPhoneRSSIForData = false

D/STATUSBAR-IconMerger( 1110): checkOverflow(504), More:true, Req:true Child:24

D/cell strength( 1228): ===== cell singal strength changed : 99

D/STATUSBAR-NetworkController( 1110): onSignalStrengthsChanged signalStrength=SignalStrength: 99 -1 16384 -160 -120 -1 -1 99 2147483647 2147483647 2147483647 -1 -70 gsm|lte 0x0 level=4

D/SSRMv2:SIOP(  910): SIOP:: AP = 370 (0), Delta = 0

D/BatteryService(  910): level:48, scale:100, status:2, health:2, present:true, voltage: 3890, temperature: 292, technology: Li-ion, AC powered:false, USB powered:true, Wireless powered:false, icon:17303609, invalid charger:0, online:4, current avg:450, charge type:1, power sharing:false, high voltage charger:false

D/KeyguardUpdateMonitor( 1110): received broadcast android.intent.action.BATTERY_CHANGED

D/KeyguardUpdateMonitor( 1110): handleBatteryUpdate

D/BatteryService(  910): Sending ACTION_BATTERY_CHANGED.

D/UiModeManager(  910): mCoverManager.getCoverState() : true

D/SViewCoverView( 1659): BroadcastReceiver onReceive() : action : android.intent.action.BATTERY_CHANGED

D/SViewCoverView( 1659): level :48 plugged : 2

D/Brightness(24535): mIntentReceiver.onReceive: action=android.intent.action.BATTERY_CHANGED, intent=Intent { act=android.intent.action.BATTERY_CHANGED flg=0x60000010 (has extras) }

D/MainActivityBaseUi.java(24535): in brightness disabled on critical battery low

I/Monitor ( 5056): [main]onReceive at: com.aps.a$a, Intent: Intent { act=android.intent.action.BATTERY_CHANGED flg=0x60000010 (has extras) }, cost:3 ms.

D/STATUSBAR-PhoneStatusBar( 1110):  mBrightnessEnablebySettings = true mBrightnessEnablebyBattery = true mBrightnessEnablebyDisableFlag = true mPmsBrightnessEnablebySettings = true

D/STATUSBAR-IconMerger( 1110): checkOverflow(504), More:true, Req:true Child:24

D/BatteryMeterView( 1110): ACTION_BATTERY_CHANGED : level:48 status:2 health:2

D/cell strength( 1228): ===== cell singal strength changed : 99

