D/ACDB-LOADER(  249): ACDB -> ACDB_CMD_GET_AUDPROC_STREAM_TOPOLOGY_ID

D/ACDB-LOADER(  249): ACDB -> send_audtable

D/ACDB-LOADER(  249): ACDB -> ACDB_CMD_GET_AUDPROC_COMMON_TABLE

D/ACDB-LOADER(  249): ACDB -> AUDIO_SET_AUDPROC_CAL

D/ACDB-LOADER(  249): ACDB -> send_audvoltable

D/ACDB-LOADER(  249): ACDB -> ACDB_CMD_GET_AUDPROC_GAIN_DEP_STEP_TABLE

D/        (  249): Failed to fetch the lookup information of the device 00000066 

E/ACDB-LOADER(  249): Error: ACDB AudProc vol returned = -19

D/ACDB-LOADER(  249): ACDB -> AUDIO_SET_AUDPROC_VOL_CAL

D/ACDB-LOADER(  249): ACDB -> send_afe_cal

D/ACDB-LOADER(  249): ACDB -> ACDB_CMD_GET_AFE_COMMON_TABLE

D/ACDB-LOADER(  249): ACDB -> AUDIO_SET_AFE_CAL

V/audio_hw_primary(  249): enable_audio_route: enter: usecase(26)

V/audio_hw_primary(  249): enable_audio_route: apply mixer and update path: spkr-vi-record

V/audio_hw_primary(  249): enable_audio_route: exit

D/PowerConnectionReceiver(27981): Intent { act=android.intent.action.ACTION_POWER_DISCONNECTED flg=0x4000010 cmp=com.miui.video/com.video.ui.PowerConnectionReceiver } isCharging: false usbCharge:false acCharge:false

W/BroadcastQueue( 1191): Unable to launch app com.UCMobile/10089 for broadcast Intent { act=android.intent.action.ACTION_POWER_DISCONNECTED flg=0x4000010 }: process is not permitted to autostart

D/ACDB-LOADER(  249): ACDB -> send_audio_cal, acdb_id = 4, path =  1

D/ACDB-LOADER(  249): ACDB -> send_adm_topology

D/ACDB-LOADER(  249): ACDB -> ACDB_CMD_GET_AUDPROC_COMMON_TOPOLOGY_ID

D/ACDB-LOADER(  249): ACDB -> send_asm_topology

D/ACDB-LOADER(  249): ACDB -> ACDB_CMD_GET_AUDPROC_STREAM_TOPOLOGY_ID

D/ACDB-LOADER(  249): ACDB -> send_audtable

D/ACDB-LOADER(  249): ACDB -> ACDB_CMD_GET_AUDPROC_COMMON_TABLE

D/ACDB-LOADER(  249): ACDB -> AUDIO_SET_AUDPROC_CAL

D/ACDB-LOADER(  249): ACDB -> send_audvoltable

D/ACDB-LOADER(  249): ACDB -> ACDB_CMD_GET_AUDPROC_GAIN_DEP_STEP_TABLE

D/        (  249): Failed to fetch the lookup information of the device 00000004 

E/ACDB-LOADER(  249): Error: ACDB AudProc vol returned = -19

D/ACDB-LOADER(  249): ACDB -> AUDIO_SET_AUDPROC_VOL_CAL

D/ACDB-LOADER(  249): ACDB -> AUDIO_SET_AFE_CAL

V/audio_hw_spkr_prot(  249): audio_extn_spkr_prot_start_processing: Exit

V/audio_hw_primary(  249): enable_audio_route: enter: usecase(0)

V/audio_hw_primary(  249): enable_audio_route: apply mixer and update path: deep-buffer-playback speaker

D/wpa_supplicant(19642): RX ctrl_iface - hexdump(len=11): 53 49 47 4e 41 4c 5f 50 4f 4c 4c

D/wpa_supplicant(19642): wlan0: Control interface command 'SIGNAL_POLL'

V/audio_hw_primary(  249): enable_audio_route: exit

V/audio_hw_primary(  249): start_output_stream: Opening PCM device card_id(0) device_id(0)

D/wpa_supplicant(19642): nl80211: survey data missing!

V/audio_hw_primary(  249): start_output_stream: exit

E/AudioSink(  249): received unknown event type: 1 inside CallbackWrapper !

D/LoginManager(27981): fail to get account info

I/ThermalEngine(  372): Sensor:batt_temp:330 mC

D/OMXCodec(  249): OMXCodec::on_message EOS received!!!!

D/bc      (22876): onChange id 121

D/bc      (22876): 121 download status: RUNNING reason: 0

D/bc      (22876): status RUNNING reason 0

W/ContextImpl( 1347): Calling a method in the system process without a qualified user: android.app.ContextImpl.startService:1521 android.content.ContextWrapper.startService:494 android.content.ContextWrapper.startService:494 com.android.settings.AnalyticsReceiver.onReceive:24 android.app.ActivityThread.handleReceiver:2415 

I/Analytics( 1347): start session(com.android.settings)

I/Analytics( 1347): end session(com.android.settings)

D/bc      (22876): DownloadProgressReceiver action: android.intent.action.DOWNLOAD_UPDATED

D/Updater2(22876): onDownloadPregress 178928554/466668828

I/Updater2(22876): showProgressBarNotification:  progress:38

D/PhoneStatusBar( 1265): removeNotification key=android.os.BinderProxy@43254030 old=StatusBarNotification(pkg=android user=UserHandle{-1} id=17040503 tag=null score=-20: Notification(pri=-2 contentView=android/0x1090064 vibrate=null sound=null defaults=0x0 flags=0x2 kind=[null]))

W/ContextImpl( 1347): Calling a method in the system process without a qualified user: android.app.ContextImpl.bindService:1585 android.content.ContextWrapper.bindService:517 miui.analytics.Analytics.endSession:120 com.android.settings.analytics.AnalyticService.onHandleIntent:93 android.app.IntentService$ServiceHandler.handleMessage:65 

D/MainActivity(22876): onDownloadProgress 178928554/466668828

D/PhoneStatusBar( 1265): removeNotification key=android.os.BinderProxy@42f76750 old=StatusBarNotification(pkg=android user=UserHandle{-1} id=17040511 tag=null score=-10: Notification(pri=-1 contentView=android/0x1090064 vibrate=null sound=null defaults=0x0 flags=0x2 kind=[null]))

D/PhoneStatusBar( 1265): updateNotification pkg=com.android.updater;id=1

D/SizeAdaptiveLayout( 1265): com.android.internal.widget.SizeAdaptiveLayout{4324d350 V.E..... ......ID 0,0-930,189 #7f0800b8 app:id/adaptive}child view android.widget.FrameLayout{4410c458 V.E..... ......ID 0,0-930,188 #10202d6 android:id/status_bar_latest_event_content} measured out of bounds at 188px clamped to 189px

I/AudioFlinger(  249): setAppName(), name=[/system/bin/mediaserver], active=[0]

V/EffectDiracSound(  249): DiracSound_command() start, cmdCode=23

V/EffectDiracSound(  249): DiracSound_Command EFFECT_CMD_SET_APP_NAME: stream=1, name=-/system/bin/mediaserver

I/ThermalEngine(  372): Sensor:batt_temp:330 mC

I/KLO_Power(30147): battery status event:[status,health,present,plugged,technology]:[5,2,1,0,Li-poly]

D/PowerKeeperEventLogManager( 1763): battery_status: 5, mChargingState: 3

I/PowerCalculator( 1763): pausePowerCalculator

D/bc      (22876): onChange id 121

D/bc      (22876): 121 download status: RUNNING reason: 0

D/bc      (22876): status RUNNING reason 0

D/bc      (22876): DownloadProgressReceiver action: android.intent.action.DOWNLOAD_UPDATED

D/Updater2(22876): onDownloadPregress 179205370/466668828

I/Updater2(22876): showProgressBarNotification:  progress:38

D/PhoneStatusBar( 1265): updateNotification pkg=com.android.updater;id=1

D/MainActivity(22876): onDownloadProgress 179205370/466668828

D/SizeAdaptiveLayout( 1265): com.android.internal.widget.SizeAdaptiveLayout{4324d350 V.E..... ......ID 0,0-930,189 #7f0800b8 app:id/adaptive}child view android.widget.FrameLayout{4410c458 V.E..... ......ID 0,0-930,188 #10202d6 android:id/status_bar_latest_event_content} measured out of bounds at 188px clamped to 189px

E/QCALOG  (  319): [MessageQ] ProcessNewMessage: [XT-CS] unknown deliver target [OS-Agent]

I/TrafficManageService( 6194): mina mTrafficStatsReceiver onReceive

W/ContextImpl( 6194): Calling a method in the system process without a qualified user: android.app.ContextImpl.sendBroadcast:1165 android.content.ContextWrapper.sendBroadcast:365 com.miui.networkassistant.service.tm.TrafficManageService.broadCastDataUsageUpdated:896 com.miui.networkassistant.service.tm.TrafficManageService$7.onReceive:1104 android.app.LoadedApk$ReceiverDispatcher$Args.run:761 

I/BroadcastBinder( 1347): onNotify: miui.maml.data.BroadcastBinder@42d84c60

D/BroadcastBinder( 1347): updateVariables: Intent { act=com.android.action.NETWORK_POLICY_UPDATE flg=0x10 }

E/QCALOG  (  319): [MessageQ] ProcessNewMessage: [XTWiFi-PE] unknown deliver target [OS-Agent]

I/ThermalEngine(  372): Sensor:batt_temp:330 mC

D/PhoneStatusBar( 1265): addNotification pkg=android;basepkg=android;id=17040503

W/ContextImpl( 1347): Calling a method in the system process without a qualified user: android.app.ContextImpl.startService:1521 android.content.ContextWrapper.startService:494 android.content.ContextWrapper.startService:494 com.android.settings.AnalyticsReceiver.onReceive:24 android.app.ActivityThread.handleReceiver:2415 

I/Analytics( 1347): start session(com.android.settings)

I/Analytics( 1347): end session(com.android.settings)

W/ContextImpl( 1347): Calling a method in the system process without a qualified user: android.app.ContextImpl.bindService:1585 android.content.ContextWrapper.bindService:517 miui.analytics.Analytics.endSession:120 com.android.settings.analytics.AnalyticService.onHandleIntent:93 android.app.IntentService$ServiceHandler.handleMessage:65 

D/PhoneStatusBar( 1265): addNotification pkg=android;basepkg=android;id=17040511

D/SizeAdaptiveLayout( 1265): com.android.internal.widget.SizeAdaptiveLayout{4625a330 V.E..... ......I. 0,0-0,0 #7f0800b8 app:id/adaptive}child view android.widget.FrameLayout{445493f8 G.E..... ......I. 0,0-0,0 #10202d6 android:id/status_bar_latest_event_content} measured out of bounds at 188px clamped to 189px

D/SizeAdaptiveLayout( 1265): com.android.internal.widget.SizeAdaptiveLayout{4438a2d8 V.E..... ......I. 0,0-0,0 #7f0800b8 app:id/adaptive}child view android.widget.FrameLayout{43223888 G.E..... ......I. 0,0-0,0 #10202d6 android:id/status_bar_latest_event_content} measured out of bounds at 188px clamped to 189px

W/ContextImpl( 1347): Calling a method in the system process without a qualified user: android.app.ContextImpl.startService:1521 android.content.ContextWrapper.startService:494 android.content.ContextWrapper.startService:494 com.android.settings.AnalyticsReceiver.onReceive:24 android.app.ActivityThread.handleReceiver:2415 

I/Analytics( 1347): start session(com.android.settings)

I/Analytics( 1347): end session(com.android.settings)

W/ContextImpl( 1347): Calling a method in the system process without a qualified user: android.app.ContextImpl.bindService:1585 android.content.ContextWrapper.bindService:517 miui.analytics.Analytics.endSession:120 com.android.settings.analytics.AnalyticService.onHandleIntent:93 android.app.IntentService$ServiceHandler.handleMessage:65 

I/KLO_Power(30147): battery status event:[status,health,present,plugged,technology]:[5,2,1,2,Li-poly]

I/KLO_Power(30147): [1448591511]:Charger connected

I/EntropyMixer( 1191): Writing entropy...

I/pushlog9.3 (25954): [main]pushlog9.3 BroadcastActionReceiver>onReceive>1: onReceive() getAction=android.intent.action.ACTION_POWER_CONNECTED

D/pushlog9.3 (25954): [main]pushlog9.3 d>a>51: startService triger code=12 and 12=POWER

I/Monitor (25954): [main]onReceive at: com.alipay.pushsdk.BroadcastActionReceiver, Intent: Intent { act=android.intent.action.ACTION_POWER_CONNECTED flg=0x4000010 cmp=com.eg.android.AlipayGphoneRC/com.alipay.pushsdk.BroadcastActionReceiver }, cost:1 ms.

W/BroadcastQueue( 1191): Unable to launch app com.alipay.m.portal/10344 for broadcast Intent { act=android.intent.action.ACTION_POWER_CONNECTED flg=0x4000010 }: process is not permitted to autostart

I/Monitor (25954): [IntentService[AppInfoRecvIntentService]]onHandleIntent at: com.alipay.pushsdk.push.AppInfoRecvIntentService, Intent: Intent { pkg=com.eg.android.AlipayGphoneRC cmp=com.eg.android.AlipayGphoneRC/com.alipay.pushsdk.push.AppInfoRecvIntentService (has extras) }

D/PowerConnectionReceiver(27981): Intent { act=android.intent.action.ACTION_POWER_CONNECTED flg=0x4000010 cmp=com.miui.video/com.video.ui.PowerConnectionReceiver } isCharging: false usbCharge:false acCharge:false

I/PowerConnectionBroadcastReceiver( 1479): onReceive() : Device plugged in. 

I/StatsUtilsManager( 1479): startPeriodStatsRecorder() : Success

W/GooglePlayServicesUtil( 1479): Google Play services is missing.

I/PeriodicStatsRecorder( 1479): shouldRecordStats() = Disabled

D/LBSSystemMonitorService( 1191): handleMessage what - 14

D/DeviceContext( 1191): handleMessage what - 1

E/LocSvc_utils_q( 1191): D/msg_q_snd: Sending message with handle = 0x76E49568

E/LocSvc_utils_ll( 1191): D/linked_list_add: Adding to list data_obj = 0x76E49568

E/LocSvc_utils_q( 1191): D/msg_q_snd: Finished Sending message with handle = 0x76E49568

E/LocSvc_utils_ll( 1191): D/linked_list_remove: Removing from list

E/LocSvc_utils_q( 1191): D/msg_q_rcv: Received message 0x76E49568 rv = 0

E/LocSvc_api_v02( 1191): I/---> locClientSendReq line 2360 QMI_LOC_SET_EXTERNAL_POWER_CONFIG_REQ_V02

D/Ulp_jni ( 1191): JNI:system_update. Event-2

E/LocSvc_utils_q( 1191): D/msg_q_snd: Sending message with handle = 0x768331F0

E/LocSvc_utils_ll( 1191): D/linked_list_add: Adding to list data_obj = 0x768331F0

E/LocSvc_utils_q( 1191): D/msg_q_snd: Finished Sending message with handle = 0x768331F0

E/LocSvc_utils_ll( 1191): D/linked_list_remove: Removing from list

E/LocSvc_utils_q( 1191): D/msg_q_rcv: Received message 0x768331F0 rv = 0

E/LocSvc_libulp( 1191): D/void ulp_msg_main(void*) received msg of type: 0x60e

E/LocSvc_libulp( 1191): I/===> int ulp_msg_process_system_update(UlpSystemEvent) line 1429 

E/LocSvc_libulp( 1191): I/int ulp_msg_process_system_update(UlpSystemEvent): systemEvent:2 

E/LocSvc_libulp( 1191): I/===> int ulp_brain_process_system_update(UlpSystemEvent) line 2316 

E/LocSvc_libulp( 1191): D/int ulp_brain_process_system_update(UlpSystemEvent): ulp_started = 1, phone context type = 0x77systemEvent = 2 threshold = 10000

E/LocSvc_libulp( 1191): D/int ulp_brain_process_system_update(UlpSystemEvent): suppress_nonpwr_events = 0

E/LocSvc_libulp( 1191): D/int ulp_brain_process_system_update(UlpSystemEvent): system_event_arrival_time:84595261 current_time_msec: 84598181  time elapsed :2920 threshold :10000

E/LocSvc_libulp( 1191): I/===> int ulp_brain_select_providers() line 333 

E/LocSvc_libulp( 1191): I/===> int ulp_brain_turn_onoff_quipc_provider() line 700 

E/LocSvc_libulp( 1191): D/int ulp_brain_turn_onoff_quipc_provider(), quipc enabled = 0, selected to run 0, onoff cnt = 5

E/LocSvc_libulp( 1191): I/===> int ulp_quipc_stop_engine() line 238 

E/LocSvc_libulp( 1191): D/int ulp_quipc_stop_engine(): ulp_quipc_inf is NULL 

E/LocSvc_libulp( 1191): I/===> bool ulp_quipc_engine_running() line 63 

E/LocSvc_libulp( 1191): D/bool ulp_quipc_engine_running(), quipc state = 0

E/LocSvc_libulp( 1191): I/===> int ulp_brain_turn_onoff_gnss_provider() line 595 

E/LocSvc_libulp( 1191): D/int ulp_brain_turn_onoff_gnss_provider(), gnss enabled = 1, gnss selected to run = 0, onoff cnt = 5, new request active = 0

E/LocSvc_libulp( 1191): I/===> int ulp_gnss_stop_engine() line 262 

E/LocSvc_libulp( 1191): D/int ulp_gnss_stop_engine(), gnss state = 0

E/LocSvc_libulp( 1191): D/bool ulp_gnss_engine_running(), gnss state = 0

E/LocSvc_libulp( 1191): D/bool ulp_gnss_engine_running(), gnss state = 0

E/LocSvc_libulp( 1191): D/bool ulp_gnss_engine_running(), gnss state = 0

E/LocSvc_libulp( 1191): I/===> bool ulp_quipc_engine_running() line 63 

E/LocSvc_libulp( 1191): D/bool ulp_quipc_engine_running(), quipc state = 0

E/LocSvc_libulp( 1191): I/===> int ulp_brain_turn_onoff_gnp_provider() line 496 

E/LocSvc_libulp( 1191): D/bool ulp_gnss_engine_running(), gnss state = 0

E/LocSvc_libulp( 1191): I/===> bool ulp_quipc_engine_running() line 63 

E/LocSvc_libulp( 1191): D/bool ulp_quipc_engine_running(), quipc state = 0

E/LocSvc_libulp( 1191): D/int ulp_brain_turn_onoff_gnp_provider(), gnp enabled = 1, gnp selected to run = 0, onoff cnt = 1, request active = 0,gnss running 0, gnss state 0 quipc running 0

E/LocSvc_libulp( 1191): I/===> bool ulp_gnp_engine_running() line 59 

E/LocSvc_libulp( 1191): I/===> int ulp_gnp_stop_engine() line 195 

E/LocSvc_libulp( 1191): I/===> bool ulp_gnp_engine_running() line 59 

E/LocSvc_libulp( 1191): D/int ulp_gnp_stop_engine(), gnp state = 0, ulp_gnp_engine_running () = 0

E/LocSvc_libulp( 1191): I/===> bool ulp_gnp_engine_running() line 59 

E/LocSvc_libulp( 1191): I/===> bool ulp_gnp_engine_running() line 59 

E/LocSvc_libulp( 1191): I/===> int ulp_brain_turn_onoff_zpp_provider() line 437 

E/LocSvc_libulp( 1191): D/int ulp_brain_turn_onoff_zpp_provider(), zpp enabled = 1, zpp selected to run = 1, onoff cnt = 1

E/LocSvc_libulp( 1191): I/===> int ulp_zpp_start_engine() line 98 

E/LocSvc_libulp( 1191): I/===> bool ulp_zpp_engine_running() line 62 

E/LocSvc_libulp( 1191): D/int ulp_zpp_start_engine(), zpp state = 0, ulp_zpp_engine_running () = 0

E/LocSvc_libulp( 1191): I/===> bool ulp_zpp_engine_running() line 62 

E/LocSvc_utils_q( 1191): D/msg_q_snd: Sending message with handle = 0x76B28C10

E/LocSvc_utils_ll( 1191): D/linked_list_add: Adding to list data_obj = 0x76B28C10

E/LocSvc_utils_q( 1191): D/msg_q_snd: Finished Sending message with handle = 0x76B28C10

E/LocSvc_libulp( 1191): I/===> int ulp_msg_process_start_req() line 421 

E/LocSvc_libulp( 1191): I/int ulp_msg_process_start_req(), at ulp state = 1

E/LocSvc_utils_q( 1191): D/msg_q_rcv: Waiting on message

D/pushlog9.3 (25954): [IntentService[AppInfoRecvIntentService]]pushlog9.3 AppInfoRecvIntentService>onHandleIntent>1: handleInfofromApp trigerStr code=12 and 12=POWER, userId=2088812469041456, clientId=151127102822582|865291027042422, utdId=VWbh9RFMbM0DAOC4FagB65rA, msptId=1e65b8434494f5531060c2d49d43932526c2716bb1a358d8bcec16fb8b0bf8e8, channel=alipay, version=9.4.0.112602, state=true

D/pushlog9.3 (25954): [IntentService[AppInfoRecvIntentService]]pushlog9.3 AppInfoRecvIntentService>onHandleIntent>1: onHandleIntentWrap  trigerStrcode=12 and 12=POWER

D/pushlog9.3 (25954): [IntentService[AppInfoRecvIntentService]]pushlog9.3 AppInfoRecvIntentService>onHandleIntent>1: com.eg.android.AlipayGphoneRC.push.action.START_PUSHSERVICE

E/LocSvc_ApiV02( 1191): I/<--- void globalRespCb(locClientHandleType, uint32_t, locClientRespIndUnionType, void*) line 106 QMI_LOC_SET_EXTERNAL_POWER_CONFIG_REQ_V02

E/LocSvc_api_v02( 1191): D/loc_free_slot:299]: freeing slot 0

E/LocSvc_MsgTask( 1191): D/MsgTask::loop() 5484 listening ...

E/LocSvc_utils_q( 1191): D/msg_q_rcv: Waiting on message

E/LocSvc_utils_ll( 1191): D/linked_list_remove: Removing from list

E/LocSvc_utils_q( 1191): D/msg_q_rcv: Received message 0x76B28C10 rv = 0

E/LocSvc_ApiV02( 1191): D/virtual loc_api_adapter_err LocApiV02::getZppFix(GpsLocation&, LocPosTechMask&):2630]: Get ZPP Fix

E/LocSvc_api_v02( 1191): I/---> locClientSendReq line 2360 QMI_LOC_GET_BEST_AVAILABLE_POSITION_REQ_V02

E/LocSvc_ApiV02( 1191): I/<--- void globalRespCb(locClientHandleType, uint32_t, locClientRespIndUnionType, void*) line 106 QMI_LOC_GET_BEST_AVAILABLE_POSITION_REQ_V02

E/LocSvc_api_v02( 1191): D/loc_free_slot:299]: freeing slot 0

E/LocSvc_ApiV02( 1191): D/Got Zpp fix location validity (lat:1, lon:1, timestamp:1 accuracy:1)

E/LocSvc_ApiV02( 1191): D/(31.2287460, 121.5456040), timestamp 1448591513100, accuracy 5631.979980

E/LocSvc_utils_q( 1191): D/msg_q_snd: Sending message with handle = 0x76BD2018

E/LocSvc_utils_ll( 1191): D/linked_list_add: Adding to list data_obj = 0x76BD2018

E/LocSvc_utils_q( 1191): D/msg_q_snd: Finished Sending message with handle = 0x76BD2018

E/LocSvc_MsgTask( 1191): D/MsgTask::loop() 5485 listening ...

E/LocSvc_utils_q( 1191): D/msg_q_rcv: Waiting on message

E/LocSvc_utils_ll( 1191): D/linked_list_remove: Removing from list

E/LocSvc_utils_q( 1191): D/msg_q_rcv: Received message 0x76BD2018 rv = 0

E/LocSvc_libulp( 1191): D/void ulp_msg_main(void*) received msg of type: 0x60b

E/LocSvc_libulp( 1191): I/===> int ulp_brain_process_zpp_position_report(loc_sess_status, LocPosTechMask, const UlpLocation*) line 1429 

E/LocSvc_libulp( 1191): I/===> int ulp_msg_send_generic_position_report(loc_sess_status, LocPosTechMask, const UlpLocation*, const GpsLocationExtended*, const void*) line 985 

D/Ulp_jni ( 1191): Location CB invoked

E/LocSvc_libulp( 1191): I/int ulp_brain_process_zpp_position_report(loc_sess_status, LocPosTechMask, const UlpLocation*), report ZPP position to providers,report_position = 1

E/LocSvc_libulp( 1191): I/===> int ulp_brain_select_providers() line 333 

E/LocSvc_libulp( 1191): I/===> int ulp_brain_turn_onoff_quipc_provider() line 700 

E/LocSvc_libulp( 1191): D/int ulp_brain_turn_onoff_quipc_provider(), quipc enabled = 0, selected to run 0, onoff cnt = 5

E/LocSvc_libulp( 1191): I/===> int ulp_quipc_stop_engine() line 238 

E/LocSvc_libulp( 1191): D/int ulp_quipc_stop_engine(): ulp_quipc_inf is NULL 

E/LocSvc_libulp( 1191): I/===> bool ulp_quipc_engine_running() line 63 

E/LocSvc_libulp( 1191): D/bool ulp_quipc_engine_running(), quipc state = 0

E/LocSvc_libulp( 1191): I/===> int ulp_brain_turn_onoff_gnss_provider() line 595 

E/LocSvc_libulp( 1191): D/int ulp_brain_turn_onoff_gnss_provider(), gnss enabled = 1, gnss selected to run = 0, onoff cnt = 5, new request active = 0

E/LocSvc_libulp( 1191): I/===> int ulp_gnss_stop_engine() line 262 

E/LocSvc_libulp( 1191): D/int ulp_gnss_stop_engine(), gnss state = 0

E/LocSvc_libulp( 1191): D/bool ulp_gnss_engine_running(), gnss state = 0

E/LocSvc_libulp( 1191): D/bool ulp_gnss_engine_running(), gnss state = 0

E/LocSvc_libulp( 1191): D/bool ulp_gnss_engine_running(), gnss state = 0

E/LocSvc_libulp( 1191): I/===> bool ulp_quipc_engine_running() line 63 

E/LocSvc_libulp( 1191): D/bool ulp_quipc_engine_running(), quipc state = 0

E/LocSvc_libulp( 1191): I/===> int ulp_brain_turn_onoff_gnp_provider() line 496 

E/LocSvc_libulp( 1191): D/bool ulp_gnss_engine_running(), gnss state = 0

E/LocSvc_libulp( 1191): I/===> bool ulp_quipc_engine_running() line 63 

E/LocSvc_libulp( 1191): D/bool ulp_quipc_engine_running(), quipc state = 0

E/LocSvc_libulp( 1191): D/int ulp_brain_turn_onoff_gnp_provider(), gnp enabled = 1, gnp selected to run = 0, onoff cnt = 1, request active = 0,gnss running 0, gnss state 0 quipc running 0

E/LocSvc_libulp( 1191): I/===> bool ulp_gnp_engine_running() line 59 

E/LocSvc_libulp( 1191): I/===> int ulp_gnp_stop_engine() line 195 

E/LocSvc_libulp( 1191): I/===> bool ulp_gnp_engine_running() line 59 

E/LocSvc_libulp( 1191): D/int ulp_gnp_stop_engine(), gnp state = 0, ulp_gnp_engine_running () = 0

E/LocSvc_libulp( 1191): I/===> bool ulp_gnp_engine_running() line 59 

E/LocSvc_libulp( 1191): I/===> bool ulp_gnp_engine_running() line 59 

E/LocSvc_libulp( 1191): I/===> int ulp_brain_turn_onoff_zpp_provider() line 437 

E/LocSvc_libulp( 1191): D/int ulp_brain_turn_onoff_zpp_provider(), zpp enabled = 1, zpp selected to run = 0, onoff cnt = 1

E/LocSvc_libulp( 1191): I/===> int ulp_zpp_stop_engine() line 174 

E/LocSvc_libulp( 1191): I/===> bool ulp_zpp_engine_running() line 62 

E/LocSvc_libulp( 1191): D/int ulp_zpp_stop_engine(), zpp state = 1, ulp_zpp_engine_running () = 1

E/LocSvc_libulp( 1191): I/===> bool ulp_zpp_engine_running() line 62 

E/LocSvc_utils_q( 1191): D/msg_q_rcv: Waiting on message

W/BroadcastQueue( 1191): Unable to launch app com.UCMobile/10089 for broadcast Intent { act=android.intent.action.ACTION_POWER_CONNECTED flg=0x4000010 }: process is not permitted to autostart

E/LocSvc_libulp( 1191): D/Starting ulp_zpp thread...

E/LocSvc_libulp( 1191): D/void* ulp_zpp_thread_proc(void*),ulp_zpp_thread_proc-Present time 1448591511, Time out set for abs time 1448591521 with delay 10000 msec

W/Settings( 1265): Setting power_sounds_enabled has moved from android.provider.Settings.System to android.provider.Settings.Global, returning read-only value.

E/MediaPlayer-JNI( 1265): QCMediaPlayer mediaplayer NOT present

I/ExtendedUtils(  249): AV Sync late margin : Intended=40ms Using=0ms

I/FFmpegExtractor(  249): android-source:0xb86b8ea8

E/FFmpegExtractor(  249): android-source:0xb86b8ea8: avformat_open_input failed, err:Invalid data found when processing input

W/FFmpegExtractor(  249): sniff through BetterSniffFFMPEG failed, try LegacySniffFFMPEG

E/FFmpegExtractor(  249): android-source:0xb86b8ea8|file:: avformat_open_input failed, err:Invalid data found when processing input

D/FFmpegExtractor(  249): SniffFFMPEG failed to sniff this source

D/ExtendedUtils(  249): extended extractor not needed, return default

I/AwesomePlayer(  249): AwesomePlayer::setParameters ()

I/Utils   (  249): track of type 'audio/vorbis' does not publish 24bits or not

I/AudioPolicyManager(  249):  isOffloadSupported: SR=44100, CM=0x3, Format=0x7000000, StreamType=2, BitRate=4294967295, duration=519251 us, has_video=0, force_offload=0

I/AwesomePlayer(  249): Not OffloadPlayer, can't use Offload mode, force to turn off the offload mode

I/AwesomePlayer(  249): isOffloadPlayer=0, mOffloadAudio=0, isForceOffload=0

I/AwesomePlayer(  249): Could not offload audio decode, try pcm offload

I/Utils   (  249): track of type 'audio/raw' does not publish 24bits or not

I/AudioPolicyManager(  249):  isOffloadSupported: SR=44100, CM=0x1, Format=0x17000001, StreamType=2, BitRate=4294967295, duration=519251 us, has_video=0, force_offload=0

I/AwesomePlayer(  249): Not OffloadPlayer, can't use Offload mode, force to turn off the offload mode

I/AwesomePlayer(  249): isOffloadPlayer=0, mOffloadAudio=0, isForceOffload=0

D/Ringtone( 1265): Successfully created local player

E/MediaPlayer-JNI( 1265): QCMediaPlayer mediaplayer NOT present

D/dalvikvm( 1191): JIT code cache reset in 1 ms (1535972 bytes 8/0)

I/ExtendedUtils(  249): AV Sync late margin : Intended=40ms Using=0ms

D/dalvikvm( 1191): GC_EXPLICIT freed 1607K, 24% free 32240K/42120K, paused 3ms+9ms, total 83ms

W/ContextImpl( 1347): Calling a method in the system process without a qualified user: android.app.ContextImpl.startService:1521 android.content.ContextWrapper.startService:494 android.content.ContextWrapper.startService:494 com.android.settings.AnalyticsReceiver.onReceive:24 android.app.ActivityThread.handleReceiver:2415 

I/Monitor (25954): [main]onStartCommand at: com.alipay.pushsdk.push.NotificationService, Intent: Intent { act=com.eg.android.AlipayGphoneRC.push.action.START_PUSHSERVICE pkg=com.eg.android.AlipayGphoneRC (has extras) }

D/pushlog9.3 (25954): [main]pushlog9.3 NotificationService>onStartCommand>1: onStartCommand action:com.eg.android.AlipayGphoneRC.push.action.START_PUSHSERVICE

D/pushlog9.3 (25954): [main]pushlog9.3 NotificationService>onStartCommand>1: onStartCommand Received start id 11 , flags=0 , intent: Intent { act=com.eg.android.AlipayGphoneRC.push.action.START_PUSHSERVICE pkg=com.eg.android.AlipayGphoneRC (has extras) }trigerEvent code=12 and 12=POWER

D/pushlog9.3 (25954): [main]pushlog9.3 NotificationService>onStartCommand>1: refreshUserId mUserId=2088812469041456, mUtdId=VWbh9RFMbM0DAOC4FagB65rA

D/pushlog9.3 (25954): [main]pushlog9.3 NotificationService>onStartCommand>1: onStartCommand  userId=2088812469041456, utdId=VWbh9RFMbM0DAOC4FagB65rA

I/Analytics( 1347): start session(com.android.settings)

I/Analytics( 1347): end session(com.android.settings)

W/ContextImpl( 1347): Calling a method in the system process without a qualified user: android.app.ContextImpl.bindService:1585 android.content.ContextWrapper.bindService:517 miui.analytics.Analytics.endSession:120 com.android.settings.analytics.AnalyticService.onHandleIntent:93 android.app.IntentService$ServiceHandler.handleMessage:65 

D/pushlog9.3 (25954): [pTrigercode=12 and 12=POWER]pushlog9.3 d>e>116: Network_Type=WIFI, Network_State = CONNECTED, net=true, isconnected=true

I/FFmpegExtractor(  249): android-source:0xb86b4af8

D/pushlog9.3 (25954): [pTrigercode=12 and 12=POWER]pushlog9.3 s>e>141: isNotificationTime() settingStart=8, settingEnd=22, curHour=10

I/pushlog9.3 (25954): [pTrigercode=12 and 12=POWER]pushlog9.3 d>d>99: checkState is true

D/pushlog9.3 (25954): [pTrigercode=12 and 12=POWER]pushlog9.3 i>d>85: PushConnections isConnected()...called=true, connection=1127342304

D/pushlog9.3 (25954): [pTrigercode=12 and 12=POWER]pushlog9.3 m>o>538: PushManager isConnected() lastTime=2015-11-27 10:31:25.116, duration=26 limit:900

I/pushlog9.3 (25954): [pTrigercode=12 and 12=POWER]pushlog9.3 a>a>28: osTriggerEvent_onExecute isConnected=true, lostedTime=26856, lastConnectedTime=2015-11-27 10:31:25.116, lastCreateConnectTime=2015-11-27 10:28:47.933

D/pushlog9.3 (25954): [pTrigercode=12 and 12=POWER]pushlog9.3 i>d>85: PushConnections isConnected()...called=true, connection=1127342304

D/pushlog9.3 (25954): [pTrigercode=12 and 12=POWER]pushlog9.3 m>o>538: PushManager isConnected() lastTime=2015-11-27 10:31:25.116, duration=26 limit:900

D/pushlog9.3 (25954): [pool-2-thread-1]pushlog9.3 b>run>33: HeartBeatTask heartBeat will be sent! length=0

D/pushlog9.3 (25954): [pool-2-thread-1]pushlog9.3 i>d>85: PushConnections isConnected()...called=true, connection=1127342304

E/FFmpegExtractor(  249): android-source:0xb86b4af8: avformat_open_input failed, err:Invalid data found when processing input

W/FFmpegExtractor(  249): sniff through BetterSniffFFMPEG failed, try LegacySniffFFMPEG

D/pushlog9.3 (25954): [main]pushlog9.3 NotificationService>e>262: 60s50, isUseSticky totalCount:3 interval:32335 isSticky:true

E/FFmpegExtractor(  249): android-source:0xb86b4af8|file:: avformat_open_input failed, err:Invalid data found when processing input

D/FFmpegExtractor(  249): SniffFFMPEG failed to sniff this source

D/MtpService(32647): updating state; isCurrentUser=true, mMtpLocked=false

D/bc      (22876): onChange id 121

D/pushlog9.3 (25954): [push longlink packet dispatcher]pushlog9.3 g>run>178: dis packet--> mVer:3 mId:3 mHdrLen:2 mType:1 mEncy:0 mZip:0 mServerHeart:1 mLen:0 mExtField: mData:

D/bc      (22876): 121 download status: RUNNING reason: 0

D/bc      (22876): status RUNNING reason 0

D/bc      (22876): DownloadProgressReceiver action: android.intent.action.DOWNLOAD_UPDATED

D/Updater2(22876): onDownloadPregress 179625538/466668828

I/Updater2(22876): showProgressBarNotification:  progress:38

I/pushlog9.3 (25954): [push longlink packet dispatcher]pushlog9.3 b>a>36: processPacket() got one HeartBeatPacket from Server!

D/pushlog9.3 (25954): [push longlink packet dispatcher]pushlog9.3 m>e>688: wait long 0

D/pushlog9.3 (25954): [push longlink packet dispatcher]pushlog9.3 m>t>802: isFrontPolicy ret=true

D/pushlog9.3 (25954): [push longlink packet dispatcher]pushlog9.3 m>s>781: isInBack:false isIngoreFrontWhenInBackground:true isUseFront:true keepAliveTime:45

D/MainActivity(22876): onDownloadProgress 179625538/466668828

D/ExtendedUtils(  249): extended extractor not needed, return default

I/AwesomePlayer(  249): AwesomePlayer::setParameters ()

I/Utils   (  249): track of type 'audio/vorbis' does not publish 24bits or not

I/AudioPolicyManager(  249):  isOffloadSupported: SR=44100, CM=0x3, Format=0x7000000, StreamType=1, BitRate=4294967295, duration=519251 us, has_video=0, force_offload=0

I/AwesomePlayer(  249): Not OffloadPlayer, can't use Offload mode, force to turn off the offload mode

I/AwesomePlayer(  249): isOffloadPlayer=0, mOffloadAudio=0, isForceOffload=0

I/AwesomePlayer(  249): Could not offload audio decode, try pcm offload

I/Utils   (  249): track of type 'audio/raw' does not publish 24bits or not

I/AudioPolicyManager(  249):  isOffloadSupported: SR=44100, CM=0x1, Format=0x17000001, StreamType=1, BitRate=4294967295, duration=519251 us, has_video=0, force_offload=0

I/AwesomePlayer(  249): Not OffloadPlayer, can't use Offload mode, force to turn off the offload mode

I/AwesomePlayer(  249): isOffloadPlayer=0, mOffloadAudio=0, isForceOffload=0

D/Ringtone( 1265): Successfully created local player

E/AwesomePlayer(  249): play_l, check if currnetly can be the offload

I/Utils   (  249): track of type 'audio/raw' does not publish 24bits or not

I/AudioPolicyManager(  249):  isOffloadSupported: SR=44100, CM=0x1, Format=0x17000001, StreamType=1, BitRate=4294967295, duration=519251 us, has_video=0, force_offload=0

I/AwesomePlayer(  249): Not OffloadPlayer, can't use Offload mode, force to turn off the offload mode

I/AudioFlinger(  249): setAppName(), name=[com.android.systemui], active=[1]

V/EffectDiracSound(  249): DiracSound_command() start, cmdCode=23

V/EffectDiracSound(  249): DiracSound_Command EFFECT_CMD_SET_APP_NAME: stream=1, name=+com.android.systemui

D/PhoneStatusBar( 1265): updateNotification pkg=com.android.updater;id=1

W/PowerUI ( 1265): unknown intent: Intent { act=android.intent.action.ACTION_POWER_CONNECTED flg=0x4000010 }

E/MediaPlayer( 1265): Should have subtitle controller already set

D/dalvikvm(32647): GC_EXPLICIT freed 3107K, 24% free 23378K/30660K, paused 2ms+6ms, total 61ms

D/SizeAdaptiveLayout( 1265): com.android.internal.widget.SizeAdaptiveLayout{4324d350 V.E..... ......ID 0,0-930,189 #7f0800b8 app:id/adaptive}child view android.widget.FrameLayout{4410c458 V.E..... ......ID 0,0-930,188 #10202d6 android:id/status_bar_latest_event_content} measured out of bounds at 188px clamped to 189px

D/MtpService(32647): addStorageLocked 65537 /storage/emulated/0

D/MtpService(32647): updating state; isCurrentUser=true, mMtpLocked=false

D/MtpService(32647): starting MTP server in MTP mode

D/MtpService(32647): addStorageLocked 65537 /storage/emulated/0

D/wpa_supplicant(19642): RX ctrl_iface - hexdump(len=11): 53 49 47 4e 41 4c 5f 50 4f 4c 4c

D/wpa_supplicant(19642): wlan0: Control interface command 'SIGNAL_POLL'

D/wpa_supplicant(19642): nl80211: survey data missing!

I/KLO_Power(30147): battery status event:[status,health,present,plugged,technology]:[2,2,1,2,Li-poly]

I/KLO_Power(30147): [1448591512]:USB charging start...

D/PowerKeeperEventLogManager( 1763): battery_status: 2, mChargingState: 5

D/OMXCodec(  249): OMXCodec::on_message EOS received!!!!

I/ThermalEngine(  372): Sensor:batt_temp:326 mC

I/AudioFlinger(  249): setAppName(), name=[/system/bin/mediaserver], active=[0]

V/EffectDiracSound(  249): DiracSound_command() start, cmdCode=23

V/EffectDiracSound(  249): DiracSound_Command EFFECT_CMD_SET_APP_NAME: stream=1, name=-/system/bin/mediaserver

E/QCALOG  (  319): [MessageQ] ProcessNewMessage: [XTWWAN-PE] unknown deliver target [OS-Agent]

D/bc      (22876): onChange id 121

D/bc      (22876): 121 download status: RUNNING reason: 0

D/bc      (22876): status RUNNING reason 0

D/bc      (22876): DownloadProgressReceiver action: android.intent.action.DOWNLOAD_UPDATED

D/Updater2(22876): onDownloadPregress 179987538/466668828

I/Updater2(22876): showProgressBarNotification:  progress:38

D/PhoneStatusBar( 1265): updateNotification pkg=com.android.updater;id=1

D/MainActivity(22876): onDownloadProgress 179987538/466668828

D/SizeAdaptiveLayout( 1265): com.android.internal.widget.SizeAdaptiveLayout{4324d350 V.E..... ......ID 0,0-930,189 #7f0800b8 app:id/adaptive}child view android.widget.FrameLayout{4410c458 V.E..... ......ID 0,0-930,188 #10202d6 android:id/status_bar_latest_event_content} measured out of bounds at 188px clamped to 189px

I/ThermalEngine(  372): Sensor:batt_temp:326 mC

D/SpdyLongLinkConnManager(25907): [spdy_ping_schedule_thread#1]PingTask#run start

D/SpdyLongLinkConnManager(25907): [spdy_ping_schedule_thread#1]cancelPingTask start

D/SpdyLongLinkConnManager(25907): [spdy_ping_schedule_thread#1]pingping

D/SpdyLongLinkConnManager(25907): [spdy_ping_schedule_thread#1]startPing start.  

D/SpdyLongLinkConnManager(25907): [spdy_ping_schedule_thread#1]SubmitPingTask#run. start

D/SpdyLongLinkConnManager(25907): [spdy_ping_schedule_thread#1]pingping

D/ExtTransportStrategy(25907): [spdy_ping_schedule_thread#1]getPingInterval networkType=3

D/SpdyLongLinkConnManager(25907): [spdy_ping_schedule_thread#1]SubmitPingTask#run. submit schedule, interval:30000

D/SpdyLongLinkConnManager(25907): [spdy_ping_schedule_thread#1]SubmitPingTask#run.  scheduling  heartbeat task ,  interval=30000, startTime=1448591513866

D/bc      (22876): onChange id 121

D/bc      (22876): 121 download status: RUNNING reason: 0

D/bc      (22876): status RUNNING reason 0

D/bc      (22876): DownloadProgressReceiver action: android.intent.action.DOWNLOAD_UPDATED

D/Updater2(22876): onDownloadPregress 180281482/466668828

I/Updater2(22876): showProgressBarNotification:  progress:38

D/MainActivity(22876): onDownloadProgress 180281482/466668828

D/PhoneStatusBar( 1265): updateNotification pkg=com.android.updater;id=1

D/SizeAdaptiveLayout( 1265): com.android.internal.widget.SizeAdaptiveLayout{4324d350 V.E..... ......ID 0,0-930,189 #7f0800b8 app:id/adaptive}child view android.widget.FrameLayout{4410c458 V.E..... ......ID 0,0-930,188 #10202d6 android:id/status_bar_latest_event_content} measured out of bounds at 188px clamped to 189px

I/ThermalEngine(  372): Sensor:batt_temp:327 mC

D/bc      (22876): onChange id 121

D/bc      (22876): 121 download status: RUNNING reason: 0

D/bc      (22876): status RUNNING reason 0

D/bc      (22876): DownloadProgressReceiver action: android.intent.action.DOWNLOAD_UPDATED

D/Updater2(22876): onDownloadPregress 180511466/466668828

I/Updater2(22876): showProgressBarNotification:  progress:38

D/MainActivity(22876): onDownloadProgress 180511466/466668828

D/wpa_supplicant(19642): RX ctrl_iface - hexdump(len=11): 53 49 47 4e 41 4c 5f 50 4f 4c 4c

D/wpa_supplicant(19642): wlan0: Control interface command 'SIGNAL_POLL'

D/wpa_supplicant(19642): nl80211: survey data missing!

D/PhoneStatusBar( 1265): updateNotification pkg=com.android.updater;id=1

D/SizeAdaptiveLayout( 1265): com.android.internal.widget.SizeAdaptiveLayout{4324d350 V.E..... ......ID 0,0-930,189 #7f0800b8 app:id/adaptive}child view android.widget.FrameLayout{4410c458 V.E..... ......ID 0,0-930,188 #10202d6 android:id/status_bar_latest_event_content} measured out of bounds at 188px clamped to 189px

D/dalvikvm(24814): GC_EXPLICIT freed 780K, 26% free 23506K/31744K, paused 2ms+4ms, total 40ms

I/ThermalEngine(  372): Sensor:batt_temp:330 mC

D/AndroidRuntime(28144): 

D/AndroidRuntime(28144): >>>>>> AndroidRuntime START com.android.internal.os.RuntimeInit <<<<<<

D/AndroidRuntime(28144): CheckJNI is OFF

D/dalvikvm(28144): Unable to stat classpath element '/data/app/com.miui.core-1.apk'

D/dalvikvm(28144): Unable to stat classpath element '/data/app/com.miui.core-2.apk'

D/dalvikvm(28144): Unable to stat classpath element '/data/app/com.miui.system-1.apk'

D/dalvikvm(28144): Unable to stat classpath element '/data/app/com.miui.system-2.apk'

D/dalvikvm(28144): Trying to load lib libjavacore.so 0x0

D/dalvikvm(28144): Added shared lib libjavacore.so 0x0

D/dalvikvm(28144): Trying to load lib libnativehelper.so 0x0

D/dalvikvm(28144): Added shared lib libnativehelper.so 0x0

D/dalvikvm(28144): No JNI_OnLoad found in libnativehelper.so 0x0, skipping init

D/dalvikvm(28144): Note: class Landroid/app/ActivityManagerNative; has 179 unimplemented (abstract) methods

D/AndroidRuntime(28148): 

D/AndroidRuntime(28148): >>>>>> AndroidRuntime START com.android.internal.os.RuntimeInit <<<<<<

D/AndroidRuntime(28148): CheckJNI is OFF

V/audio_hw_primary(  249): out_standby: enter: usecase(0: deep-buffer-playback)

D/dalvikvm(28148): Unable to stat classpath element '/data/app/com.miui.core-1.apk'

D/dalvikvm(28148): Unable to stat classpath element '/data/app/com.miui.core-2.apk'

D/dalvikvm(28148): Unable to stat classpath element '/data/app/com.miui.system-1.apk'

D/dalvikvm(28148): Unable to stat classpath element '/data/app/com.miui.system-2.apk'

D/dalvikvm(28148): Trying to load lib libjavacore.so 0x0

D/dalvikvm(28148): Added shared lib libjavacore.so 0x0

D/dalvikvm(28148): Trying to load lib libnativehelper.so 0x0

D/dalvikvm(28148): Added shared lib libnativehelper.so 0x0

D/dalvikvm(28148): No JNI_OnLoad found in libnativehelper.so 0x0, skipping init

D/dalvikvm(28148): Note: class Landroid/app/ActivityManagerNative; has 179 unimplemented (abstract) methods

D/AndroidRuntime(28144): Calling main entry com.android.commands.pm.Pm

D/AndroidRuntime(28144): Shutting down VM

D/dalvikvm(28144): GC_CONCURRENT freed 103K, 16% free 580K/688K, paused 1ms+1ms, total 8ms

D/AndroidRuntime(28148): Calling main entry com.android.commands.pm.Pm

E/QCALOG  (  319): [MessageQ] ProcessNewMessage: [XT-CS] unknown deliver target [OS-Agent]

D/AndroidRuntime(28148): Shutting down VM

D/dalvikvm(28148): GC_CONCURRENT freed 103K, 16% free 580K/688K, paused 0ms+0ms, total 1ms

V/audio_hw_primary(  249): stop_output_stream: enter: usecase(0: deep-buffer-playback)

V/audio_hw_primary(  249): disable_audio_route: enter: usecase(0)

V/audio_hw_primary(  249): disable_audio_route: reset and update mixer path: deep-buffer-playback speaker

V/audio_hw_primary(  249): disable_audio_route: exit

D/hardware_info(  249): hw_info_append_hw_type : device_name = speaker

V/audio_hw_primary(  249): disable_snd_device: snd_device(2: speaker)

V/audio_hw_spkr_prot(  249): audio_extn_spkr_prot_stop_processing: Entry

D/hardware_info(  249): hw_info_append_hw_type : device_name = vi-feedback

V/audio_hw_primary(  249): disable_snd_device: snd_device(75: vi-feedback)

V/audio_hw_primary(  249): disable_audio_route: enter: usecase(26)

V/audio_hw_primary(  249): disable_audio_route: reset and update mixer path: spkr-vi-record

V/audio_hw_primary(  249): disable_audio_route: exit

V/audio_hw_spkr_prot(  249): audio_extn_spkr_prot_stop_processing: Exit

D/aud_dev_arbi(  249): releaseOneDevice: not sending command, device argument (2) does not match any registered device

D/aud_dev_arbi(  249): releaseOneDevice: device 2 owner is 0

V/audio_hw_primary(  249): stop_output_stream: exit: status(0)

V/audio_hw_primary(  249): out_standby: exit

V/EffectDiracSound(  249): DiracSound_command() start, cmdCode=22

V/EffectDiracSound(  249): DiracSound_Command EFFECT_CMD_SET_AUDIO_STANDBY, current mode = 0

D/bc      (22876): onChange id 121

D/bc      (22876): 121 download status: RUNNING reason: 0

D/bc      (22876): status RUNNING reason 0

D/bc      (22876): DownloadProgressReceiver action: android.intent.action.DOWNLOAD_UPDATED

D/Updater2(22876): onDownloadPregress 180756426/466668828

I/Updater2(22876): showProgressBarNotification:  progress:38

D/MainActivity(22876): onDownloadProgress 180756426/466668828

D/PhoneStatusBar( 1265): updateNotification pkg=com.android.updater;id=1

D/SizeAdaptiveLayout( 1265): com.android.internal.widget.SizeAdaptiveLayout{4324d350 V.E..... ......ID 0,0-930,189 #7f0800b8 app:id/adaptive}child view android.widget.FrameLayout{4410c458 V.E..... ......ID 0,0-930,188 #10202d6 android:id/status_bar_latest_event_content} measured out of bounds at 188px clamped to 189px

E/QCALOG  (  319): [MessageQ] ProcessNewMessage: [XTWiFi-PE] unknown deliver target [OS-Agent]

W/System.err( 2702): org.json.JSONException: Value [{"type":11,"state":1,"intervalTime":3600}] of type org.json.JSONArray cannot be converted to JSONObject

W/System.err( 2702): 	at org.json.JSON.typeMismatch(JSON.java:111)

W/System.err( 2702): 	at org.json.JSONObject.<init>(JSONObject.java:159)

W/System.err( 2702): 	at org.json.JSONObject.<init>(JSONObject.java:172)

W/System.err( 2702): 	at com.sina.weibo.models.JsonDataObject.initFromJsonString(JsonDataObject.java:34)

W/System.err( 2702): 	at com.sina.weibo.models.JsonDataObject.<init>(JsonDataObject.java:24)

W/System.err( 2702): 	at com.sina.weibo.syncinterface.guard.model.GuardPropertyList.<init>(GuardPropertyList.java:28)

W/System.err( 2702): 	at com.sina.weibo.syncinterface.guard.a.a.d(GuardPropertyManager.java:75)

W/System.err( 2702): 	at com.sina.weibo.syncinterface.guard.a.a.a(GuardPropertyManager.java:88)

W/System.err( 2702): 	at com.sina.weibo.syncinterface.guard.a.a.e(GuardPropertyManager.java:83)

W/System.err( 2702): 	at com.sina.weibo.sync.guard.a.a(GuardSyncAdapter.java:74)

W/System.err( 2702): 	at com.sina.weibo.sync.c.onPerformSync(BaseSyncAdapter.java:65)

W/System.err( 2702): 	at android.content.AbstractThreadedSyncAdapter$SyncThread.run(AbstractThreadedSyncAdapter.java:259)

W/System.err( 2702): org.json.JSONException: Value [{"service":"com.igexin.sdk.PushService","type":"String","value":"weibo","key":"from"},{"service":"com.sina.news.push.GuardPushService","type":"String","value":"com.sina.weibo","key":"intent_come_from"},{"service":"com.yx.service.ConnectionService","type":"","value":"","key":""}] of type org.json.JSONArray cannot be converted to JSONObject

W/System.err( 2702): 	at org.json.JSON.typeMismatch(JSON.java:111)

W/System.err( 2702): 	at org.json.JSONObject.<init>(JSONObject.java:159)

I/ThermalEngine(  372): Sensor:batt_temp:328 mC

W/System.err( 2702): 	at org.json.JSONObject.<init>(JSONObject.java:172)

W/System.err( 2702): 	at com.sina.weibo.models.JsonDataObject.initFromJsonString(JsonDataObject.java:34)

W/System.err( 2702): 	at com.sina.weibo.models.JsonDataObject.<init>(JsonDataObject.java:24)

W/System.err( 2702): 	at com.sina.weibo.guardunion.e.<init>(JsonGuardUnionMap.java:34)

W/System.err( 2702): 	at com.sina.weibo.guardunion.c.a(GuardUtils.java:59)

W/System.err( 2702): 	at com.sina.weibo.guardunion.a.b(GuardAlipayManager.java:168)

W/System.err( 2702): 	at com.sina.weibo.guardunion.a$a.a(GuardAlipayManager.java:80)

W/System.err( 2702): 	at com.sina.weibo.guardunion.a$a.doInBackground(GuardAlipayManager.java:53)

W/System.err( 2702): 	at com.sina.weibo.u.f.call(ExtendedAsyncTask.java:88)

W/System.err( 2702): 	at java.util.concurrent.FutureTask.run(FutureTask.java:237)

W/System.err( 2702): 	at java.util.concurrent.ThreadPoolExecutor.runWorker(ThreadPoolExecutor.java:1112)

W/System.err( 2702): 	at java.util.concurrent.ThreadPoolExecutor$Worker.run(ThreadPoolExecutor.java:587)

W/System.err( 2702): 	at java.lang.Thread.run(Thread.java:841)

I/ThermalEngine(  372): Sensor:tsens_tz_sensor5:55000 mC

I/ThermalEngine(  372): Sensor:tsens_tz_sensor5:55000 mC

I/ThermalEngine(  372): TM Id 'CPU0_MONITOR' Sensor 'cpu0' - alarm raised 1 at 55.0 degC

I/ThermalEngine(  372): ACTION: CPU - Setting CPU[0] to 1728000

I/ThermalEngine(  372): Mitigation:CPU[0]:1728000 Khz

I/ThermalEngine(  372): ACTION: CPU - Setting CPU[1] to 1728000

I/ThermalEngine(  372): ACTION: CPU - Setting CPU[2] to 1728000

I/ThermalEngine(  372): ACTION: CPU - Setting CPU[3] to 1728000

I/ThermalEngine(  372): Mitigation:CPU[3]:1728000 Khz

D/bc      (22876): onChange id 121

D/bc      (22876): 121 download status: RUNNING reason: 0

D/bc      (22876): status RUNNING reason 0

D/bc      (22876): DownloadProgressReceiver action: android.intent.action.DOWNLOAD_UPDATED

D/Updater2(22876): onDownloadPregress 181022610/466668828

I/Updater2(22876): showProgressBarNotification:  progress:38

D/MainActivity(22876): onDownloadProgress 181022610/466668828

D/AndroidRuntime(28212): 

D/AndroidRuntime(28212): >>>>>> AndroidRuntime START com.android.internal.os.RuntimeInit <<<<<<

D/PhoneStatusBar( 1265): updateNotification pkg=com.android.updater;id=1

D/AndroidRuntime(28212): CheckJNI is OFF

D/dalvikvm(28212): Unable to stat classpath element '/data/app/com.miui.core-1.apk'

D/dalvikvm(28212): Unable to stat classpath element '/data/app/com.miui.core-2.apk'

D/SizeAdaptiveLayout( 1265): com.android.internal.widget.SizeAdaptiveLayout{4324d350 V.E..... ......ID 0,0-930,189 #7f0800b8 app:id/adaptive}child view android.widget.FrameLayout{4410c458 V.E..... ......ID 0,0-930,188 #10202d6 android:id/status_bar_latest_event_content} measured out of bounds at 188px clamped to 189px

D/dalvikvm(28212): Unable to stat classpath element '/data/app/com.miui.system-1.apk'

D/dalvikvm(28212): Unable to stat classpath element '/data/app/com.miui.system-2.apk'

D/dalvikvm(28212): Trying to load lib libjavacore.so 0x0

D/dalvikvm(28212): Added shared lib libjavacore.so 0x0

D/dalvikvm(28212): Trying to load lib libnativehelper.so 0x0

D/dalvikvm(28212): Added shared lib libnativehelper.so 0x0

D/dalvikvm(28212): No JNI_OnLoad found in libnativehelper.so 0x0, skipping init

D/dalvikvm(28212): Note: class Landroid/app/ActivityManagerNative; has 179 unimplemented (abstract) methods

D/AndroidRuntime(28216): 

D/AndroidRuntime(28216): >>>>>> AndroidRuntime START com.android.internal.os.RuntimeInit <<<<<<

D/AndroidRuntime(28216): CheckJNI is OFF

D/dalvikvm(28216): Unable to stat classpath element '/data/app/com.miui.core-1.apk'

D/dalvikvm(28216): Unable to stat classpath element '/data/app/com.miui.core-2.apk'

D/dalvikvm(28216): Unable to stat classpath element '/data/app/com.miui.system-1.apk'

D/dalvikvm(28216): Unable to stat classpath element '/data/app/com.miui.system-2.apk'

D/dalvikvm(28216): Trying to load lib libjavacore.so 0x0

D/dalvikvm(28216): Added shared lib libjavacore.so 0x0

D/dalvikvm(28216): Trying to load lib libnativehelper.so 0x0

D/dalvikvm(28216): Added shared lib libnativehelper.so 0x0

D/dalvikvm(28216): No JNI_OnLoad found in libnativehelper.so 0x0, skipping init

D/dalvikvm(28216): Note: class Landroid/app/ActivityManagerNative; has 179 unimplemented (abstract) methods

D/AndroidRuntime(28212): Calling main entry com.android.commands.pm.Pm

D/AndroidRuntime(28212): Shutting down VM

D/dalvikvm(28212): GC_CONCURRENT freed 94K, 15% free 566K/664K, paused 0ms+0ms, total 2ms

D/AndroidRuntime(28216): Calling main entry com.android.commands.pm.Pm

D/AndroidRuntime(28216): Shutting down VM

D/dalvikvm(28216): GC_CONCURRENT freed 94K, 15% free 566K/664K, paused 0ms+1ms, total 4ms

I/ThermalEngine(  372): Sensor:batt_temp:327 mC

E/QCALOG  (  319): [MessageQ] ProcessNewMessage: [XTWWAN-PE] unknown deliver target [OS-Agent]

I/ThermalEngine(  372): Sensor:tsens_tz_sensor5:50000 mC

I/ThermalEngine(  372): Sensor:tsens_tz_sensor5:50000 mC

I/ThermalEngine(  372): TM Id 'CPU0_MONITOR' Sensor 'cpu0' - alarm cleared 1 at 50.0 degC

I/ThermalEngine(  372): ACTION: CPU - Setting CPU[0] to 2457600

I/ThermalEngine(  372): Mitigation:CPU[0]:2457600 Khz

I/ThermalEngine(  372): ACTION: CPU - Setting CPU[1] to 2457600

I/ThermalEngine(  372): ACTION: CPU - Setting CPU[2] to 2457600

I/ThermalEngine(  372): ACTION: CPU - Setting CPU[3] to 2457600

I/ThermalEngine(  372): Mitigation:CPU[3]:2457600 Khz

D/wpa_supplicant(19642): RX ctrl_iface - hexdump(len=11): 53 49 47 4e 41 4c 5f 50 4f 4c 4c

D/wpa_supplicant(19642): wlan0: Control interface command 'SIGNAL_POLL'

D/wpa_supplicant(19642): nl80211: survey data missing!

D/bc      (22876): onChange id 121

D/bc      (22876): 121 download status: RUNNING reason: 0

D/bc      (22876): status RUNNING reason 0

D/bc      (22876): DownloadProgressReceiver action: android.intent.action.DOWNLOAD_UPDATED

D/Updater2(22876): onDownloadPregress 181329586/466668828

