E/LocSvc_utils_ll( 1191): D/linked_list_add: Adding to list data_obj = 0x782F21A8

E/LocSvc_utils_q( 1191): D/msg_q_snd: Finished Sending message with handle = 0x782F21A8

E/LocSvc_MsgTask( 1191): D/MsgTask::loop() 5488 listening ...

E/LocSvc_utils_q( 1191): D/msg_q_rcv: Waiting on message

E/LocSvc_utils_ll( 1191): D/linked_list_remove: Removing from list

E/LocSvc_utils_q( 1191): D/msg_q_rcv: Received message 0x782F21A8 rv = 0

E/LocSvc_libulp( 1191): D/void ulp_msg_main(void*) received msg of type: 0x60b

E/LocSvc_libulp( 1191): I/===> int ulp_brain_process_zpp_position_report(loc_sess_status, LocPosTechMask, const UlpLocation*) line 1429 

E/LocSvc_libulp( 1191): I/===> int ulp_msg_send_generic_position_report(loc_sess_status, LocPosTechMask, const UlpLocation*, const GpsLocationExtended*, const void*) line 985 

D/Ulp_jni ( 1191): Location CB invoked

E/LocSvc_libulp( 1191): I/int ulp_brain_process_zpp_position_report(loc_sess_status, LocPosTechMask, const UlpLocation*), report ZPP position to providers,report_position = 1

E/LocSvc_libulp( 1191): I/===> int ulp_brain_select_providers() line 333 

E/LocSvc_libulp( 1191): I/===> int ulp_brain_turn_onoff_quipc_provider() line 700 

E/LocSvc_libulp( 1191): D/int ulp_brain_turn_onoff_quipc_provider(), quipc enabled = 0, selected to run 0, onoff cnt = 5

E/LocSvc_libulp( 1191): I/===> int ulp_quipc_stop_engine() line 238 

E/LocSvc_libulp( 1191): D/int ulp_quipc_stop_engine(): ulp_quipc_inf is NULL 

E/LocSvc_libulp( 1191): I/===> bool ulp_quipc_engine_running() line 63 

E/LocSvc_libulp( 1191): D/bool ulp_quipc_engine_running(), quipc state = 0

E/LocSvc_libulp( 1191): I/===> int ulp_brain_turn_onoff_gnss_provider() line 595 

E/LocSvc_libulp( 1191): D/int ulp_brain_turn_onoff_gnss_provider(), gnss enabled = 1, gnss selected to run = 0, onoff cnt = 5, new request active = 0

E/LocSvc_libulp( 1191): I/===> int ulp_gnss_stop_engine() line 262 

E/LocSvc_libulp( 1191): D/int ulp_gnss_stop_engine(), gnss state = 0

E/LocSvc_libulp( 1191): D/bool ulp_gnss_engine_running(), gnss state = 0

E/LocSvc_libulp( 1191): D/bool ulp_gnss_engine_running(), gnss state = 0

E/LocSvc_libulp( 1191): D/bool ulp_gnss_engine_running(), gnss state = 0

E/LocSvc_libulp( 1191): I/===> bool ulp_quipc_engine_running() line 63 

E/LocSvc_libulp( 1191): D/bool ulp_quipc_engine_running(), quipc state = 0

E/LocSvc_libulp( 1191): I/===> int ulp_brain_turn_onoff_gnp_provider() line 496 

E/LocSvc_libulp( 1191): D/bool ulp_gnss_engine_running(), gnss state = 0

E/LocSvc_libulp( 1191): I/===> bool ulp_quipc_engine_running() line 63 

E/LocSvc_libulp( 1191): D/bool ulp_quipc_engine_running(), quipc state = 0

E/LocSvc_libulp( 1191): D/int ulp_brain_turn_onoff_gnp_provider(), gnp enabled = 1, gnp selected to run = 0, onoff cnt = 1, request active = 0,gnss running 0, gnss state 0 quipc running 0

E/LocSvc_libulp( 1191): I/===> bool ulp_gnp_engine_running() line 59 

E/LocSvc_libulp( 1191): I/===> int ulp_gnp_stop_engine() line 195 

E/LocSvc_libulp( 1191): I/===> bool ulp_gnp_engine_running() line 59 

E/LocSvc_libulp( 1191): D/int ulp_gnp_stop_engine(), gnp state = 0, ulp_gnp_engine_running () = 0

E/LocSvc_libulp( 1191): I/===> bool ulp_gnp_engine_running() line 59 

E/LocSvc_libulp( 1191): I/===> bool ulp_gnp_engine_running() line 59 

E/LocSvc_libulp( 1191): I/===> int ulp_brain_turn_onoff_zpp_provider() line 437 

E/LocSvc_libulp( 1191): D/int ulp_brain_turn_onoff_zpp_provider(), zpp enabled = 1, zpp selected to run = 0, onoff cnt = 1

E/LocSvc_libulp( 1191): I/===> int ulp_zpp_stop_engine() line 174 

E/LocSvc_libulp( 1191): I/===> bool ulp_zpp_engine_running() line 62 

E/LocSvc_libulp( 1191): D/int ulp_zpp_stop_engine(), zpp state = 1, ulp_zpp_engine_running () = 1

E/LocSvc_libulp( 1191): I/===> bool ulp_zpp_engine_running() line 62 

E/LocSvc_utils_q( 1191): D/msg_q_rcv: Waiting on message

D/pushlog9.3 (25954): [push longlink packet dispatcher]pushlog9.3 g>run>178: dis packet--> mVer:3 mId:3 mHdrLen:2 mType:0 mEncy:0 mZip:0 mServerHeart:1 mLen:0 mExtField: mData:

I/pushlog9.3 (25954): [push longlink packet dispatcher]pushlog9.3 b>a>36: processPacket() got one HeartBeatPacket from Server!

D/pushlog9.3 (25954): [push longlink packet dispatcher]pushlog9.3 i>d>85: PushConnections isConnected()...called=true, connection=1127342304

D/pushlog9.3 (25954): [push longlink packet dispatcher]pushlog9.3 m>e>688: wait long 0

D/pushlog9.3 (25954): [push longlink packet dispatcher]pushlog9.3 m>t>802: isFrontPolicy ret=true

D/pushlog9.3 (25954): [push longlink packet dispatcher]pushlog9.3 m>s>781: isInBack:false isIngoreFrontWhenInBackground:true isUseFront:true keepAliveTime:45

D/wpa_supplicant(19642): RX ctrl_iface - hexdump(len=11): 53 49 47 4e 41 4c 5f 50 4f 4c 4c

D/wpa_supplicant(19642): wlan0: Control interface command 'SIGNAL_POLL'

D/wpa_supplicant(19642): nl80211: survey data missing!

D/bc      (22876): onChange id 121

D/bc      (22876): 121 download status: RUNNING reason: 0

D/bc      (22876): status RUNNING reason 0

D/bc      (22876): DownloadProgressReceiver action: android.intent.action.DOWNLOAD_UPDATED

D/Updater2(22876): onDownloadPregress 187858866/466668828

I/Updater2(22876): showProgressBarNotification:  progress:40

D/PhoneStatusBar( 1265): updateNotification pkg=com.android.updater;id=1

D/MainActivity(22876): onDownloadProgress 187858866/466668828

D/SizeAdaptiveLayout( 1265): com.android.internal.widget.SizeAdaptiveLayout{4324d350 V.E..... ......ID 0,0-930,189 #7f0800b8 app:id/adaptive}child view android.widget.FrameLayout{4410c458 V.E..... ......ID 0,0-930,188 #10202d6 android:id/status_bar_latest_event_content} measured out of bounds at 188px clamped to 189px

I/ThermalEngine(  372): Sensor:batt_temp:326 mC

E/QCALOG  (  319): [MessageQ] ProcessNewMessage: [XTWWAN-PE] unknown deliver target [OS-Agent]

D/bc      (22876): onChange id 121

D/bc      (22876): 121 download status: RUNNING reason: 0

D/bc      (22876): status RUNNING reason 0

D/bc      (22876): DownloadProgressReceiver action: android.intent.action.DOWNLOAD_UPDATED

D/Updater2(22876): onDownloadPregress 188122402/466668828

I/Updater2(22876): showProgressBarNotification:  progress:40

D/MainActivity(22876): onDownloadProgress 188122402/466668828

D/PhoneStatusBar( 1265): updateNotification pkg=com.android.updater;id=1

I/ThermalEngine(  372): Sensor:batt_temp:327 mC

D/SizeAdaptiveLayout( 1265): com.android.internal.widget.SizeAdaptiveLayout{4324d350 V.E..... ......ID 0,0-930,189 #7f0800b8 app:id/adaptive}child view android.widget.FrameLayout{4410c458 V.E..... ......ID 0,0-930,188 #10202d6 android:id/status_bar_latest_event_content} measured out of bounds at 188px clamped to 189px

D/SpdyLongLinkConnManager(25907): [spdy_ping_schedule_thread#1]PingTask#run start

D/SpdyLongLinkConnManager(25907): [spdy_ping_schedule_thread#1]pingping

D/SpdyLongLinkConnManager(25907): [spdy_ping_send_thread]PingTask#run. ping send finished.  send finish time = 1448591543880

D/SpdyLongLinkConnManager(25907): [Spdy Reader mobilegw.alipay.com]notifyPingResponse start.

D/SpdyLongLinkConnManager(25907): [Spdy Reader mobilegw.alipay.com]notifyPingResponse finish.

D/SpdyLongLinkConnManager(25907): [Spdy Reader mobilegw.alipay.com]pingping

D/SpdyLongLinkConnManager(25907): [Spdy Reader mobilegw.alipay.com]startPing start.  

D/SpdyLongLinkConnManager(25907): [spdy_ping_schedule_thread#1]SubmitPingTask#run. start

D/SpdyLongLinkConnManager(25907): [spdy_ping_schedule_thread#1]pingping

D/ExtTransportStrategy(25907): [spdy_ping_schedule_thread#1]getPingInterval networkType=3

D/SpdyLongLinkConnManager(25907): [spdy_ping_schedule_thread#1]SubmitPingTask#run. submit schedule, interval:30000

D/SpdyLongLinkConnManager(25907): [spdy_ping_schedule_thread#1]SubmitPingTask#run.  scheduling  heartbeat task ,  interval=30000, startTime=1448591543907

I/ChoreographerProcessor(25907): [main]lastMinute smoothness score:100.0

D/ChoreographerProcessor(25907): [main]Device total smoothness score: 92

I/ThermalEngine(  372): Sensor:batt_temp:326 mC

D/bc      (22876): onChange id 121

D/bc      (22876): 121 download status: RUNNING reason: 0

D/bc      (22876): status RUNNING reason 0

D/bc      (22876): DownloadProgressReceiver action: android.intent.action.DOWNLOAD_UPDATED

D/Updater2(22876): onDownloadPregress 188351186/466668828

I/Updater2(22876): showProgressBarNotification:  progress:40

D/MainActivity(22876): onDownloadProgress 188351186/466668828

D/PhoneStatusBar( 1265): updateNotification pkg=com.android.updater;id=1

D/SizeAdaptiveLayout( 1265): com.android.internal.widget.SizeAdaptiveLayout{4324d350 V.E..... ......ID 0,0-930,189 #7f0800b8 app:id/adaptive}child view android.widget.FrameLayout{4410c458 V.E..... ......ID 0,0-930,188 #10202d6 android:id/status_bar_latest_event_content} measured out of bounds at 188px clamped to 189px

D/wpa_supplicant(19642): RX ctrl_iface - hexdump(len=20): 44 52 49 56 45 52 20 52 58 46 49 4c 54 45 52 2d 53 54 4f 50

D/wpa_supplicant(19642): wlan0: Control interface command 'DRIVER RXFILTER-STOP'

D/wpa_supplicant(19642): wpa_driver_nl80211_driver_cmd RXFILTER-STOP len = 0, 4096

D/wpa_supplicant(19642): RX ctrl_iface - hexdump(len=24): 44 52 49 56 45 52 20 52 58 46 49 4c 54 45 52 2d 52 45 4d 4f 56 45 20 32

D/wpa_supplicant(19642): wlan0: Control interface command 'DRIVER RXFILTER-REMOVE 2'

D/wpa_supplicant(19642): wpa_driver_nl80211_driver_cmd RXFILTER-REMOVE 2 len = 0, 4096

D/wpa_supplicant(19642): RX ctrl_iface - hexdump(len=21): 44 52 49 56 45 52 20 52 58 46 49 4c 54 45 52 2d 53 54 41 52 54

D/wpa_supplicant(19642): wlan0: Control interface command 'DRIVER RXFILTER-START'

D/wpa_supplicant(19642): wpa_driver_nl80211_driver_cmd RXFILTER-START len = 0, 4096

D/wpa_supplicant(19642): RX ctrl_iface - hexdump(len=20): 44 52 49 56 45 52 20 52 58 46 49 4c 54 45 52 2d 53 54 4f 50

D/wpa_supplicant(19642): wlan0: Control interface command 'DRIVER RXFILTER-STOP'

D/wpa_supplicant(19642): wpa_driver_nl80211_driver_cmd RXFILTER-STOP len = 0, 4096

D/wpa_supplicant(19642): RX ctrl_iface - hexdump(len=21): 44 52 49 56 45 52 20 52 58 46 49 4c 54 45 52 2d 41 44 44 20 32

D/wpa_supplicant(19642): wlan0: Control interface command 'DRIVER RXFILTER-ADD 2'

D/wpa_supplicant(19642): wpa_driver_nl80211_driver_cmd RXFILTER-ADD 2 len = 0, 4096

D/wpa_supplicant(19642): RX ctrl_iface - hexdump(len=21): 44 52 49 56 45 52 20 52 58 46 49 4c 54 45 52 2d 53 54 41 52 54

D/wpa_supplicant(19642): wlan0: Control interface command 'DRIVER RXFILTER-START'

D/wpa_supplicant(19642): wpa_driver_nl80211_driver_cmd RXFILTER-START len = 0, 4096

I/Keyboard.Facilitator.LanguageModelFlusher( 1479): run()

I/Keyboard.Facilitator( 1479): flushDynamicLanguageModels()

W/GooglePlayServicesUtil( 1479): Google Play services is missing.

W/DecoderFlagGetter( 1479): Cannot get gconfig value, GMS not available

I/TrafficManageService( 6194): mina mTrafficStatsReceiver onReceive

I/BroadcastBinder( 1347): onNotify: miui.maml.data.BroadcastBinder@42d84c60

D/BroadcastBinder( 1347): updateVariables: Intent { act=com.android.action.NETWORK_POLICY_UPDATE flg=0x10 }

W/ContextImpl( 6194): Calling a method in the system process without a qualified user: android.app.ContextImpl.sendBroadcast:1165 android.content.ContextWrapper.sendBroadcast:365 com.miui.networkassistant.service.tm.TrafficManageService.broadCastDataUsageUpdated:896 com.miui.networkassistant.service.tm.TrafficManageService$7.onReceive:1104 android.app.LoadedApk$ReceiverDispatcher$Args.run:761 

D/wpa_supplicant(19642): RX ctrl_iface - hexdump(len=11): 53 49 47 4e 41 4c 5f 50 4f 4c 4c

D/wpa_supplicant(19642): wlan0: Control interface command 'SIGNAL_POLL'

D/wpa_supplicant(19642): nl80211: survey data missing!

I/ThermalEngine(  372): Sensor:batt_temp:326 mC

D/bc      (22876): onChange id 121

D/bc      (22876): 121 download status: RUNNING reason: 0

D/bc      (22876): status RUNNING reason 0

D/bc      (22876): DownloadProgressReceiver action: android.intent.action.DOWNLOAD_UPDATED

D/Updater2(22876): onDownloadPregress 188624858/466668828

I/Updater2(22876): showProgressBarNotification:  progress:40

D/PhoneStatusBar( 1265): updateNotification pkg=com.android.updater;id=1

D/MainActivity(22876): onDownloadProgress 188624858/466668828

D/SizeAdaptiveLayout( 1265): com.android.internal.widget.SizeAdaptiveLayout{4324d350 V.E..... ......ID 0,0-930,189 #7f0800b8 app:id/adaptive}child view android.widget.FrameLayout{4410c458 V.E..... ......ID 0,0-930,188 #10202d6 android:id/status_bar_latest_event_content} measured out of bounds at 188px clamped to 189px

D/dalvikvm(32647): GC_EXPLICIT freed 2823K, 24% free 23320K/30660K, paused 2ms+5ms, total 38ms

E/QCALOG  (  319): [MessageQ] ProcessNewMessage: [XT-CS] unknown deliver target [OS-Agent]

E/QCALOG  (  319): [MessageQ] ProcessNewMessage: [XTWiFi-PE] unknown deliver target [OS-Agent]

I/PowerKeeperBackgroundService( 1763): onStartCommand()

I/PowerKeeperService( 1763): onAlarm

D/PowerCalculator( 1763): getResult

D/PowerCalculator( 1763): key = IDLE value = 332095 time = 18463948

D/PowerCalculator( 1763): key = com.eg.android.AlipayGphone value = 48060 time = 360131

D/PowerCalculator( 1763): key = com.android.browser value = 20280 time = 165619

D/PowerCalculator( 1763): key = com.miui.home value = 13677 time = 140336

D/PowerCalculator( 1763): key = com.uucun51008669.android.cms value = 4673 time = 50437

D/PowerCalculator( 1763): key = com.android.packageinstaller value = 4570 time = 28999

D/PowerCalculator( 1763): key = com.youba.barcode value = 1930 time = 8650

D/PowerCalculator( 1763): key = com.eg.android.AlipayGphoneRC value = 267 time = 2059

I/ThermalEngine(  372): Sensor:batt_temp:326 mC

D/bc      (22876): onChange id 121

D/bc      (22876): 121 download status: RUNNING reason: 0

D/bc      (22876): status RUNNING reason 0

D/bc      (22876): DownloadProgressReceiver action: android.intent.action.DOWNLOAD_UPDATED

D/Updater2(22876): onDownloadPregress 188934730/466668828

I/Updater2(22876): showProgressBarNotification:  progress:40

D/PhoneStatusBar( 1265): updateNotification pkg=com.android.updater;id=1

D/MainActivity(22876): onDownloadProgress 188934730/466668828

D/SizeAdaptiveLayout( 1265): com.android.internal.widget.SizeAdaptiveLayout{4324d350 V.E..... ......ID 0,0-930,189 #7f0800b8 app:id/adaptive}child view android.widget.FrameLayout{4410c458 V.E..... ......ID 0,0-930,188 #10202d6 android:id/status_bar_latest_event_content} measured out of bounds at 188px clamped to 189px

I/ThermalEngine(  372): Sensor:batt_temp:326 mC

E/QCALOG  (  319): [MessageQ] ProcessNewMessage: [XTWWAN-PE] unknown deliver target [OS-Agent]

D/bc      (22876): onChange id 121

D/bc      (22876): 121 download status: RUNNING reason: 0

D/bc      (22876): status RUNNING reason 0

D/bc      (22876): DownloadProgressReceiver action: android.intent.action.DOWNLOAD_UPDATED

D/Updater2(22876): onDownloadPregress 189180890/466668828

I/Updater2(22876): showProgressBarNotification:  progress:40

D/PhoneStatusBar( 1265): updateNotification pkg=com.android.updater;id=1

D/MainActivity(22876): onDownloadProgress 189180890/466668828

D/SizeAdaptiveLayout( 1265): com.android.internal.widget.SizeAdaptiveLayout{4324d350 V.E..... ......ID 0,0-930,189 #7f0800b8 app:id/adaptive}child view android.widget.FrameLayout{4410c458 V.E..... ......ID 0,0-930,188 #10202d6 android:id/status_bar_latest_event_content} measured out of bounds at 188px clamped to 189px

D/wpa_supplicant(19642): RX ctrl_iface - hexdump(len=11): 53 49 47 4e 41 4c 5f 50 4f 4c 4c

D/wpa_supplicant(19642): wlan0: Control interface command 'SIGNAL_POLL'

D/wpa_supplicant(19642): nl80211: survey data missing!

I/ThermalEngine(  372): Sensor:batt_temp:326 mC

D/WifiService( 1191): uid=10093 wifi scan blocked

D/bc      (22876): onChange id 121

D/bc      (22876): 121 download status: RUNNING reason: 0

D/bc      (22876): status RUNNING reason 0

D/bc      (22876): DownloadProgressReceiver action: android.intent.action.DOWNLOAD_UPDATED

D/Updater2(22876): onDownloadPregress 189421010/466668828

I/Updater2(22876): showProgressBarNotification:  progress:40

D/PhoneStatusBar( 1265): updateNotification pkg=com.android.updater;id=1

D/MainActivity(22876): onDownloadProgress 189421010/466668828

D/SizeAdaptiveLayout( 1265): com.android.internal.widget.SizeAdaptiveLayout{4324d350 V.E..... ......ID 0,0-930,189 #7f0800b8 app:id/adaptive}child view android.widget.FrameLayout{4410c458 V.E..... ......ID 0,0-930,188 #10202d6 android:id/status_bar_latest_event_content} measured out of bounds at 188px clamped to 189px

I/ThermalEngine(  372): Sensor:batt_temp:326 mC

D/bc      (22876): onChange id 121

D/bc      (22876): 121 download status: RUNNING reason: 0

D/bc      (22876): status RUNNING reason 0

D/bc      (22876): DownloadProgressReceiver action: android.intent.action.DOWNLOAD_UPDATED

D/Updater2(22876): onDownloadPregress 189706514/466668828

I/Updater2(22876): showProgressBarNotification:  progress:40

D/MainActivity(22876): onDownloadProgress 189706514/466668828

D/PhoneStatusBar( 1265): updateNotification pkg=com.android.updater;id=1

D/SizeAdaptiveLayout( 1265): com.android.internal.widget.SizeAdaptiveLayout{4324d350 V.E..... ......ID 0,0-930,189 #7f0800b8 app:id/adaptive}child view android.widget.FrameLayout{4410c458 V.E..... ......ID 0,0-930,188 #10202d6 android:id/status_bar_latest_event_content} measured out of bounds at 188px clamped to 189px

I/ThermalEngine(  372): Sensor:batt_temp:326 mC

E/QCALOG  (  319): [MessageQ] ProcessNewMessage: [XT-CS] unknown deliver target [OS-Agent]

D/bc      (22876): onChange id 121

D/wpa_supplicant(19642): RX ctrl_iface - hexdump(len=11): 53 49 47 4e 41 4c 5f 50 4f 4c 4c

D/wpa_supplicant(19642): wlan0: Control interface command 'SIGNAL_POLL'

D/wpa_supplicant(19642): nl80211: survey data missing!

D/bc      (22876): 121 download status: RUNNING reason: 0

D/bc      (22876): status RUNNING reason 0

D/bc      (22876): DownloadProgressReceiver action: android.intent.action.DOWNLOAD_UPDATED

D/Updater2(22876): onDownloadPregress 189988874/466668828

I/Updater2(22876): showProgressBarNotification:  progress:40

D/PhoneStatusBar( 1265): updateNotification pkg=com.android.updater;id=1

D/MainActivity(22876): onDownloadProgress 189988874/466668828

D/SizeAdaptiveLayout( 1265): com.android.internal.widget.SizeAdaptiveLayout{4324d350 V.E..... ......ID 0,0-930,189 #7f0800b8 app:id/adaptive}child view android.widget.FrameLayout{4410c458 V.E..... ......ID 0,0-930,188 #10202d6 android:id/status_bar_latest_event_content} measured out of bounds at 188px clamped to 189px

E/QCALOG  (  319): [MessageQ] ProcessNewMessage: [XTWiFi-PE] unknown deliver target [OS-Agent]

I/ThermalEngine(  372): Sensor:batt_temp:326 mC

E/LocSvc_libulp( 1191): D/void* ulp_zpp_thread_proc(void*),ulp_zpp_thread_proc-Thread waking up. Ret Val 110

E/LocSvc_utils_q( 1191): D/msg_q_snd: Sending message with handle = 0x76B25B78

E/LocSvc_utils_ll( 1191): D/linked_list_add: Adding to list data_obj = 0x76B25B78

E/LocSvc_utils_q( 1191): D/msg_q_snd: Finished Sending message with handle = 0x76B25B78

E/LocSvc_libulp( 1191): D/void* ulp_zpp_thread_proc(void*),ulp_zpp_thread_proc-Present time 1448591551, Time out set for abs time 1448591561 with delay 10000 msec

E/LocSvc_utils_ll( 1191): D/linked_list_remove: Removing from list

E/LocSvc_utils_q( 1191): D/msg_q_rcv: Received message 0x76B25B78 rv = 0

E/LocSvc_libulp( 1191): D/void ulp_msg_main(void*) received msg of type: 0x60e

E/LocSvc_libulp( 1191): I/===> int ulp_msg_process_system_update(UlpSystemEvent) line 1429 

E/LocSvc_libulp( 1191): I/int ulp_msg_process_system_update(UlpSystemEvent): systemEvent:5 

E/LocSvc_libulp( 1191): I/===> int ulp_brain_process_system_update(UlpSystemEvent) line 2316 

E/LocSvc_libulp( 1191): D/int ulp_brain_process_system_update(UlpSystemEvent): ulp_started = 1, phone context type = 0x77systemEvent = 5 threshold = 10000

E/LocSvc_libulp( 1191): D/int ulp_brain_process_system_update(UlpSystemEvent): system_event_arrival_time:84628192 current_time_msec: 84638193  time elapsed :10001 threshold :10000

E/LocSvc_libulp( 1191): I/===> int ulp_brain_select_providers() line 333 

E/LocSvc_libulp( 1191): I/===> int ulp_brain_turn_onoff_quipc_provider() line 700 

E/LocSvc_libulp( 1191): D/int ulp_brain_turn_onoff_quipc_provider(), quipc enabled = 0, selected to run 0, onoff cnt = 5

E/LocSvc_libulp( 1191): I/===> int ulp_quipc_stop_engine() line 238 

E/LocSvc_libulp( 1191): D/int ulp_quipc_stop_engine(): ulp_quipc_inf is NULL 

E/LocSvc_libulp( 1191): I/===> bool ulp_quipc_engine_running() line 63 

E/LocSvc_libulp( 1191): D/bool ulp_quipc_engine_running(), quipc state = 0

E/LocSvc_libulp( 1191): I/===> int ulp_brain_turn_onoff_gnss_provider() line 595 

E/LocSvc_libulp( 1191): D/int ulp_brain_turn_onoff_gnss_provider(), gnss enabled = 1, gnss selected to run = 0, onoff cnt = 5, new request active = 0

E/LocSvc_libulp( 1191): I/===> int ulp_gnss_stop_engine() line 262 

E/LocSvc_libulp( 1191): D/int ulp_gnss_stop_engine(), gnss state = 0

E/LocSvc_libulp( 1191): D/bool ulp_gnss_engine_running(), gnss state = 0

E/LocSvc_libulp( 1191): D/bool ulp_gnss_engine_running(), gnss state = 0

E/LocSvc_libulp( 1191): D/bool ulp_gnss_engine_running(), gnss state = 0

E/LocSvc_libulp( 1191): I/===> bool ulp_quipc_engine_running() line 63 

E/LocSvc_libulp( 1191): D/bool ulp_quipc_engine_running(), quipc state = 0

E/LocSvc_libulp( 1191): I/===> int ulp_brain_turn_onoff_gnp_provider() line 496 

E/LocSvc_libulp( 1191): D/bool ulp_gnss_engine_running(), gnss state = 0

E/LocSvc_libulp( 1191): I/===> bool ulp_quipc_engine_running() line 63 

E/LocSvc_libulp( 1191): D/bool ulp_quipc_engine_running(), quipc state = 0

E/LocSvc_libulp( 1191): D/int ulp_brain_turn_onoff_gnp_provider(), gnp enabled = 1, gnp selected to run = 0, onoff cnt = 1, request active = 0,gnss running 0, gnss state 0 quipc running 0

E/LocSvc_libulp( 1191): I/===> bool ulp_gnp_engine_running() line 59 

E/LocSvc_libulp( 1191): I/===> int ulp_gnp_stop_engine() line 195 

E/LocSvc_libulp( 1191): I/===> bool ulp_gnp_engine_running() line 59 

E/LocSvc_libulp( 1191): D/int ulp_gnp_stop_engine(), gnp state = 0, ulp_gnp_engine_running () = 0

E/LocSvc_libulp( 1191): I/===> bool ulp_gnp_engine_running() line 59 

E/LocSvc_libulp( 1191): I/===> bool ulp_gnp_engine_running() line 59 

E/LocSvc_libulp( 1191): I/===> int ulp_brain_turn_onoff_zpp_provider() line 437 

E/LocSvc_libulp( 1191): D/int ulp_brain_turn_onoff_zpp_provider(), zpp enabled = 1, zpp selected to run = 1, onoff cnt = 1

E/LocSvc_libulp( 1191): I/===> int ulp_zpp_start_engine() line 98 

E/LocSvc_libulp( 1191): I/===> bool ulp_zpp_engine_running() line 62 

E/LocSvc_libulp( 1191): D/int ulp_zpp_start_engine(), zpp state = 0, ulp_zpp_engine_running () = 0

E/LocSvc_libulp( 1191): I/===> bool ulp_zpp_engine_running() line 62 

E/LocSvc_utils_q( 1191): D/msg_q_snd: Sending message with handle = 0x71B99758

E/LocSvc_utils_ll( 1191): D/linked_list_add: Adding to list data_obj = 0x71B99758

E/LocSvc_utils_q( 1191): D/msg_q_snd: Finished Sending message with handle = 0x71B99758

E/LocSvc_libulp( 1191): I/===> int ulp_msg_process_start_req() line 421 

E/LocSvc_libulp( 1191): I/int ulp_msg_process_start_req(), at ulp state = 1

E/LocSvc_utils_q( 1191): D/msg_q_rcv: Waiting on message

E/LocSvc_utils_ll( 1191): D/linked_list_remove: Removing from list

E/LocSvc_utils_q( 1191): D/msg_q_rcv: Received message 0x71B99758 rv = 0

E/LocSvc_ApiV02( 1191): D/virtual loc_api_adapter_err LocApiV02::getZppFix(GpsLocation&, LocPosTechMask&):2630]: Get ZPP Fix

E/LocSvc_api_v02( 1191): I/---> locClientSendReq line 2360 QMI_LOC_GET_BEST_AVAILABLE_POSITION_REQ_V02

E/LocSvc_ApiV02( 1191): I/<--- void globalRespCb(locClientHandleType, uint32_t, locClientRespIndUnionType, void*) line 106 QMI_LOC_GET_BEST_AVAILABLE_POSITION_REQ_V02

E/LocSvc_api_v02( 1191): D/loc_free_slot:299]: freeing slot 0

E/LocSvc_ApiV02( 1191): D/Got Zpp fix location validity (lat:1, lon:1, timestamp:1 accuracy:1)

E/LocSvc_ApiV02( 1191): D/(31.2287460, 121.5456040), timestamp 1448591553100, accuracy 6491.893555

E/LocSvc_utils_q( 1191): D/msg_q_snd: Sending message with handle = 0x76BD19E0

E/LocSvc_utils_ll( 1191): D/linked_list_add: Adding to list data_obj = 0x76BD19E0

E/LocSvc_utils_q( 1191): D/msg_q_snd: Finished Sending message with handle = 0x76BD19E0

E/LocSvc_MsgTask( 1191): D/MsgTask::loop() 5489 listening ...

E/LocSvc_utils_q( 1191): D/msg_q_rcv: Waiting on message

E/LocSvc_utils_ll( 1191): D/linked_list_remove: Removing from list

E/LocSvc_utils_q( 1191): D/msg_q_rcv: Received message 0x76BD19E0 rv = 0

E/LocSvc_libulp( 1191): D/void ulp_msg_main(void*) received msg of type: 0x60b

E/LocSvc_libulp( 1191): I/===> int ulp_brain_process_zpp_position_report(loc_sess_status, LocPosTechMask, const UlpLocation*) line 1429 

E/LocSvc_libulp( 1191): I/===> int ulp_msg_send_generic_position_report(loc_sess_status, LocPosTechMask, const UlpLocation*, const GpsLocationExtended*, const void*) line 985 

D/Ulp_jni ( 1191): Location CB invoked

E/LocSvc_libulp( 1191): I/int ulp_brain_process_zpp_position_report(loc_sess_status, LocPosTechMask, const UlpLocation*), report ZPP position to providers,report_position = 1

E/LocSvc_libulp( 1191): I/===> int ulp_brain_select_providers() line 333 

E/LocSvc_libulp( 1191): I/===> int ulp_brain_turn_onoff_quipc_provider() line 700 

E/LocSvc_libulp( 1191): D/int ulp_brain_turn_onoff_quipc_provider(), quipc enabled = 0, selected to run 0, onoff cnt = 5

E/LocSvc_libulp( 1191): I/===> int ulp_quipc_stop_engine() line 238 

E/LocSvc_libulp( 1191): D/int ulp_quipc_stop_engine(): ulp_quipc_inf is NULL 

E/LocSvc_libulp( 1191): I/===> bool ulp_quipc_engine_running() line 63 

E/LocSvc_libulp( 1191): D/bool ulp_quipc_engine_running(), quipc state = 0

E/LocSvc_libulp( 1191): I/===> int ulp_brain_turn_onoff_gnss_provider() line 595 

E/LocSvc_libulp( 1191): D/int ulp_brain_turn_onoff_gnss_provider(), gnss enabled = 1, gnss selected to run = 0, onoff cnt = 5, new request active = 0

E/LocSvc_libulp( 1191): I/===> int ulp_gnss_stop_engine() line 262 

E/LocSvc_libulp( 1191): D/int ulp_gnss_stop_engine(), gnss state = 0

E/LocSvc_libulp( 1191): D/bool ulp_gnss_engine_running(), gnss state = 0

E/LocSvc_libulp( 1191): D/bool ulp_gnss_engine_running(), gnss state = 0

E/LocSvc_libulp( 1191): D/bool ulp_gnss_engine_running(), gnss state = 0

E/LocSvc_libulp( 1191): I/===> bool ulp_quipc_engine_running() line 63 

E/LocSvc_libulp( 1191): D/bool ulp_quipc_engine_running(), quipc state = 0

E/LocSvc_libulp( 1191): I/===> int ulp_brain_turn_onoff_gnp_provider() line 496 

E/LocSvc_libulp( 1191): D/bool ulp_gnss_engine_running(), gnss state = 0

E/LocSvc_libulp( 1191): I/===> bool ulp_quipc_engine_running() line 63 

E/LocSvc_libulp( 1191): D/bool ulp_quipc_engine_running(), quipc state = 0

E/LocSvc_libulp( 1191): D/int ulp_brain_turn_onoff_gnp_provider(), gnp enabled = 1, gnp selected to run = 0, onoff cnt = 1, request active = 0,gnss running 0, gnss state 0 quipc running 0

E/LocSvc_libulp( 1191): I/===> bool ulp_gnp_engine_running() line 59 

E/LocSvc_libulp( 1191): I/===> int ulp_gnp_stop_engine() line 195 

E/LocSvc_libulp( 1191): I/===> bool ulp_gnp_engine_running() line 59 

E/LocSvc_libulp( 1191): D/int ulp_gnp_stop_engine(), gnp state = 0, ulp_gnp_engine_running () = 0

E/LocSvc_libulp( 1191): I/===> bool ulp_gnp_engine_running() line 59 

E/LocSvc_libulp( 1191): I/===> bool ulp_gnp_engine_running() line 59 

E/LocSvc_libulp( 1191): I/===> int ulp_brain_turn_onoff_zpp_provider() line 437 

E/LocSvc_libulp( 1191): D/int ulp_brain_turn_onoff_zpp_provider(), zpp enabled = 1, zpp selected to run = 0, onoff cnt = 1

E/LocSvc_libulp( 1191): I/===> int ulp_zpp_stop_engine() line 174 

E/LocSvc_libulp( 1191): I/===> bool ulp_zpp_engine_running() line 62 

E/LocSvc_libulp( 1191): D/int ulp_zpp_stop_engine(), zpp state = 1, ulp_zpp_engine_running () = 1

E/LocSvc_libulp( 1191): I/===> bool ulp_zpp_engine_running() line 62 

E/LocSvc_utils_q( 1191): D/msg_q_rcv: Waiting on message

W/PushService( 1585): 2015-11-27 10:32:32,170 - [WARN::PushService] - [Thread:68] JOB: check the ping-pong.

D/bc      (22876): onChange id 121

D/bc      (22876): 121 download status: RUNNING reason: 0

D/bc      (22876): status RUNNING reason 0

D/bc      (22876): DownloadProgressReceiver action: android.intent.action.DOWNLOAD_UPDATED

D/Updater2(22876): onDownloadPregress 190284266/466668828

I/Updater2(22876): showProgressBarNotification:  progress:40

D/PhoneStatusBar( 1265): updateNotification pkg=com.android.updater;id=1

D/MainActivity(22876): onDownloadProgress 190284266/466668828

D/SizeAdaptiveLayout( 1265): com.android.internal.widget.SizeAdaptiveLayout{4324d350 V.E..... ......ID 0,0-930,189 #7f0800b8 app:id/adaptive}child view android.widget.FrameLayout{4410c458 V.E..... ......ID 0,0-930,188 #10202d6 android:id/status_bar_latest_event_content} measured out of bounds at 188px clamped to 189px

I/TrafficManageService( 6194): mina mTrafficStatsReceiver onReceive

I/BroadcastBinder( 1347): onNotify: miui.maml.data.BroadcastBinder@42d84c60

D/BroadcastBinder( 1347): updateVariables: Intent { act=com.android.action.NETWORK_POLICY_UPDATE flg=0x10 }

W/ContextImpl( 6194): Calling a method in the system process without a qualified user: android.app.ContextImpl.sendBroadcast:1165 android.content.ContextWrapper.sendBroadcast:365 com.miui.networkassistant.service.tm.TrafficManageService.broadCastDataUsageUpdated:896 com.miui.networkassistant.service.tm.TrafficManageService$7.onReceive:1104 android.app.LoadedApk$ReceiverDispatcher$Args.run:761 

I/ThermalEngine(  372): Sensor:batt_temp:327 mC

E/QCALOG  (  319): [MessageQ] ProcessNewMessage: [XTWWAN-PE] unknown deliver target [OS-Agent]

D/bc      (22876): onChange id 121

D/bc      (22876): 121 download status: RUNNING reason: 0

D/bc      (22876): status RUNNING reason 0

D/bc      (22876): DownloadProgressReceiver action: android.intent.action.DOWNLOAD_UPDATED

D/Updater2(22876): onDownloadPregress 190736042/466668828

I/Updater2(22876): showProgressBarNotification:  progress:40

D/MainActivity(22876): onDownloadProgress 190736042/466668828

D/PhoneStatusBar( 1265): updateNotification pkg=com.android.updater;id=1

D/SizeAdaptiveLayout( 1265): com.android.internal.widget.SizeAdaptiveLayout{4324d350 V.E..... ......ID 0,0-930,189 #7f0800b8 app:id/adaptive}child view android.widget.FrameLayout{4410c458 V.E..... ......ID 0,0-930,188 #10202d6 android:id/status_bar_latest_event_content} measured out of bounds at 188px clamped to 189px

D/dalvikvm( 1191): GC_EXPLICIT freed 2768K, 24% free 32240K/42120K, paused 9ms+7ms, total 104ms

I/ThermalEngine(  372): Sensor:batt_temp:327 mC

D/wpa_supplicant(19642): RX ctrl_iface - hexdump(len=11): 53 49 47 4e 41 4c 5f 50 4f 4c 4c

D/wpa_supplicant(19642): wlan0: Control interface command 'SIGNAL_POLL'

D/wpa_supplicant(19642): nl80211: survey data missing!

D/bc      (22876): onChange id 121

D/bc      (22876): 121 download status: RUNNING reason: 0

D/bc      (22876): status RUNNING reason 0

D/bc      (22876): DownloadProgressReceiver action: android.intent.action.DOWNLOAD_UPDATED

D/Updater2(22876): onDownloadPregress 190974962/466668828

I/Updater2(22876): showProgressBarNotification:  progress:40

D/PhoneStatusBar( 1265): updateNotification pkg=com.android.updater;id=1

D/MainActivity(22876): onDownloadProgress 190974962/466668828

D/SizeAdaptiveLayout( 1265): com.android.internal.widget.SizeAdaptiveLayout{4324d350 V.E..... ......ID 0,0-930,189 #7f0800b8 app:id/adaptive}child view android.widget.FrameLayout{4410c458 V.E..... ......ID 0,0-930,188 #10202d6 android:id/status_bar_latest_event_content} measured out of bounds at 188px clamped to 189px

I/ThermalEngine(  372): Sensor:batt_temp:327 mC

D/bc      (22876): onChange id 121

D/bc      (22876): 121 download status: RUNNING reason: 0

D/bc      (22876): status RUNNING reason 0

D/bc      (22876): DownloadProgressReceiver action: android.intent.action.DOWNLOAD_UPDATED

D/Updater2(22876): onDownloadPregress 191204946/466668828

I/Updater2(22876): showProgressBarNotification:  progress:40

D/PhoneStatusBar( 1265): updateNotification pkg=com.android.updater;id=1

I/ThermalEngine(  372): Sensor:batt_temp:328 mC

D/MainActivity(22876): onDownloadProgress 191204946/466668828

D/SizeAdaptiveLayout( 1265): com.android.internal.widget.SizeAdaptiveLayout{4324d350 V.E..... ......ID 0,0-930,189 #7f0800b8 app:id/adaptive}child view android.widget.FrameLayout{4410c458 V.E..... ......ID 0,0-930,188 #10202d6 android:id/status_bar_latest_event_content} measured out of bounds at 188px clamped to 189px

E/QCALOG  (  319): [MessageQ] ProcessNewMessage: [XT-CS] unknown deliver target [OS-Agent]

E/QCALOG  (  319): [MessageQ] ProcessNewMessage: [XTWiFi-PE] unknown deliver target [OS-Agent]

I/ThermalEngine(  372): Sensor:batt_temp:327 mC

D/bc      (22876): onChange id 121

D/bc      (22876): 121 download status: RUNNING reason: 0

D/bc      (22876): status RUNNING reason 0

D/bc      (22876): DownloadProgressReceiver action: android.intent.action.DOWNLOAD_UPDATED

D/Updater2(22876): onDownloadPregress 191516514/466668828

I/Updater2(22876): showProgressBarNotification:  progress:41

D/PhoneStatusBar( 1265): updateNotification pkg=com.android.updater;id=1

D/MainActivity(22876): onDownloadProgress 191516514/466668828

D/SizeAdaptiveLayout( 1265): com.android.internal.widget.SizeAdaptiveLayout{4324d350 V.E..... ......ID 0,0-930,189 #7f0800b8 app:id/adaptive}child view android.widget.FrameLayout{4410c458 V.E..... ......ID 0,0-930,188 #10202d6 android:id/status_bar_latest_event_content} measured out of bounds at 188px clamped to 189px

D/wpa_supplicant(19642): RX ctrl_iface - hexdump(len=11): 53 49 47 4e 41 4c 5f 50 4f 4c 4c

D/wpa_supplicant(19642): wlan0: Control interface command 'SIGNAL_POLL'

D/wpa_supplicant(19642): nl80211: survey data missing!

I/ThermalEngine(  372): Sensor:batt_temp:326 mC

E/QCALOG  (  319): [MessageQ] ProcessNewMessage: [XTWWAN-PE] unknown deliver target [OS-Agent]

D/bc      (22876): onChange id 121

D/bc      (22876): 121 download status: RUNNING reason: 0

D/bc      (22876): status RUNNING reason 0

D/bc      (22876): DownloadProgressReceiver action: android.intent.action.DOWNLOAD_UPDATED

D/Updater2(22876): onDownloadPregress 191908922/466668828

I/Updater2(22876): showProgressBarNotification:  progress:41

D/PhoneStatusBar( 1265): updateNotification pkg=com.android.updater;id=1

D/MainActivity(22876): onDownloadProgress 191908922/466668828

D/SizeAdaptiveLayout( 1265): com.android.internal.widget.SizeAdaptiveLayout{4324d350 V.E..... ......ID 0,0-930,189 #7f0800b8 app:id/adaptive}child view android.widget.FrameLayout{4410c458 V.E..... ......ID 0,0-930,188 #10202d6 android:id/status_bar_latest_event_content} measured out of bounds at 188px clamped to 189px

I/ThermalEngine(  372): Sensor:batt_temp:326 mC

D/bc      (22876): onChange id 121

D/bc      (22876): 121 download status: RUNNING reason: 0

D/bc      (22876): status RUNNING reason 0

D/bc      (22876): DownloadProgressReceiver action: android.intent.action.DOWNLOAD_UPDATED

D/Updater2(22876): onDownloadPregress 192281058/466668828

I/Updater2(22876): showProgressBarNotification:  progress:41

D/PhoneStatusBar( 1265): updateNotification pkg=com.android.updater;id=1

D/MainActivity(22876): onDownloadProgress 192281058/466668828

D/SizeAdaptiveLayout( 1265): com.android.internal.widget.SizeAdaptiveLayout{4324d350 V.E..... ......ID 0,0-930,189 #7f0800b8 app:id/adaptive}child view android.widget.FrameLayout{4410c458 V.E..... ......ID 0,0-930,188 #10202d6 android:id/status_bar_latest_event_content} measured out of bounds at 188px clamped to 189px

I/TrafficManageService( 6194): mina mTrafficStatsReceiver onReceive

I/BroadcastBinder( 1347): onNotify: miui.maml.data.BroadcastBinder@42d84c60

D/BroadcastBinder( 1347): updateVariables: Intent { act=com.android.action.NETWORK_POLICY_UPDATE flg=0x10 }

W/ContextImpl( 6194): Calling a method in the system process without a qualified user: android.app.ContextImpl.sendBroadcast:1165 android.content.ContextWrapper.sendBroadcast:365 com.miui.networkassistant.service.tm.TrafficManageService.broadCastDataUsageUpdated:896 com.miui.networkassistant.service.tm.TrafficManageService$7.onReceive:1104 android.app.LoadedApk$ReceiverDispatcher$Args.run:761 

D/b       ( 2702): initGoWidget2 Widget = -1, new Widget = -1

D/b       ( 2702): uploadListView, widget id = -1

I/ThermalEngine(  372): Sensor:batt_temp:326 mC

D/bc      (22876): onChange id 121

D/bc      (22876): 121 download status: RUNNING reason: 0

D/bc      (22876): status RUNNING reason 0

D/bc      (22876): DownloadProgressReceiver action: android.intent.action.DOWNLOAD_UPDATED

D/Updater2(22876): onDownloadPregress 192677810/466668828

I/Updater2(22876): showProgressBarNotification:  progress:41

D/MainActivity(22876): onDownloadProgress 192677810/466668828

D/PhoneStatusBar( 1265): updateNotification pkg=com.android.updater;id=1

D/SizeAdaptiveLayout( 1265): com.android.internal.widget.SizeAdaptiveLayout{4324d350 V.E..... ......ID 0,0-930,189 #7f0800b8 app:id/adaptive}child view android.widget.FrameLayout{4410c458 V.E..... ......ID 0,0-930,188 #10202d6 android:id/status_bar_latest_event_content} measured out of bounds at 188px clamped to 189px

D/wpa_supplicant(19642): RX ctrl_iface - hexdump(len=11): 53 49 47 4e 41 4c 5f 50 4f 4c 4c

D/wpa_supplicant(19642): wlan0: Control interface command 'SIGNAL_POLL'

D/wpa_supplicant(19642): nl80211: survey data missing!

I/ThermalEngine(  372): Sensor:batt_temp:327 mC

E/QCALOG  (  319): [MessageQ] ProcessNewMessage: [XT-CS] unknown deliver target [OS-Agent]

D/bc      (22876): onChange id 121

D/bc      (22876): 121 download status: RUNNING reason: 0

D/bc      (22876): status RUNNING reason 0

D/bc      (22876): DownloadProgressReceiver action: android.intent.action.DOWNLOAD_UPDATED

D/Updater2(22876): onDownloadPregress 192971506/466668828

I/Updater2(22876): showProgressBarNotification:  progress:41

D/MainActivity(22876): onDownloadProgress 192971506/466668828

D/PhoneStatusBar( 1265): updateNotification pkg=com.android.updater;id=1

D/SizeAdaptiveLayout( 1265): com.android.internal.widget.SizeAdaptiveLayout{4324d350 V.E..... ......ID 0,0-930,189 #7f0800b8 app:id/adaptive}child view android.widget.FrameLayout{4410c458 V.E..... ......ID 0,0-930,188 #10202d6 android:id/status_bar_latest_event_content} measured out of bounds at 188px clamped to 189px

E/QCALOG  (  319): [MessageQ] ProcessNewMessage: [XTWiFi-PE] unknown deliver target [OS-Agent]

I/ThermalEngine(  372): Sensor:batt_temp:327 mC

E/LocSvc_libulp( 1191): D/void* ulp_zpp_thread_proc(void*),ulp_zpp_thread_proc-Thread waking up. Ret Val 110

E/LocSvc_utils_q( 1191): D/msg_q_snd: Sending message with handle = 0x7DFEAF88

E/LocSvc_utils_ll( 1191): D/linked_list_add: Adding to list data_obj = 0x7DFEAF88

E/LocSvc_utils_q( 1191): D/msg_q_snd: Finished Sending message with handle = 0x7DFEAF88

E/LocSvc_libulp( 1191): D/void* ulp_zpp_thread_proc(void*),ulp_zpp_thread_proc-Present time 1448591561, Time out set for abs time 1448591571 with delay 10000 msec

E/LocSvc_utils_ll( 1191): D/linked_list_remove: Removing from list

E/LocSvc_utils_q( 1191): D/msg_q_rcv: Received message 0x7DFEAF88 rv = 0

E/LocSvc_libulp( 1191): D/void ulp_msg_main(void*) received msg of type: 0x60e

E/LocSvc_libulp( 1191): I/===> int ulp_msg_process_system_update(UlpSystemEvent) line 1429 

E/LocSvc_libulp( 1191): I/int ulp_msg_process_system_update(UlpSystemEvent): systemEvent:5 

E/LocSvc_libulp( 1191): I/===> int ulp_brain_process_system_update(UlpSystemEvent) line 2316 

E/LocSvc_libulp( 1191): D/int ulp_brain_process_system_update(UlpSystemEvent): ulp_started = 1, phone context type = 0x77systemEvent = 5 threshold = 10000

E/LocSvc_libulp( 1191): D/int ulp_brain_process_system_update(UlpSystemEvent): system_event_arrival_time:84638193 current_time_msec: 84648197  time elapsed :10004 threshold :10000

E/LocSvc_libulp( 1191): I/===> int ulp_brain_select_providers() line 333 

E/LocSvc_libulp( 1191): I/===> int ulp_brain_turn_onoff_quipc_provider() line 700 

E/LocSvc_libulp( 1191): D/int ulp_brain_turn_onoff_quipc_provider(), quipc enabled = 0, selected to run 0, onoff cnt = 5

E/LocSvc_libulp( 1191): I/===> int ulp_quipc_stop_engine() line 238 

E/LocSvc_libulp( 1191): D/int ulp_quipc_stop_engine(): ulp_quipc_inf is NULL 

E/LocSvc_libulp( 1191): I/===> bool ulp_quipc_engine_running() line 63 

E/LocSvc_libulp( 1191): D/bool ulp_quipc_engine_running(), quipc state = 0

E/LocSvc_libulp( 1191): I/===> int ulp_brain_turn_onoff_gnss_provider() line 595 

E/LocSvc_libulp( 1191): D/int ulp_brain_turn_onoff_gnss_provider(), gnss enabled = 1, gnss selected to run = 0, onoff cnt = 5, new request active = 0

E/LocSvc_libulp( 1191): I/===> int ulp_gnss_stop_engine() line 262 

E/LocSvc_libulp( 1191): D/int ulp_gnss_stop_engine(), gnss state = 0

E/LocSvc_libulp( 1191): D/bool ulp_gnss_engine_running(), gnss state = 0

E/LocSvc_libulp( 1191): D/bool ulp_gnss_engine_running(), gnss state = 0

E/LocSvc_libulp( 1191): D/bool ulp_gnss_engine_running(), gnss state = 0

E/LocSvc_libulp( 1191): I/===> bool ulp_quipc_engine_running() line 63 

E/LocSvc_libulp( 1191): D/bool ulp_quipc_engine_running(), quipc state = 0

E/LocSvc_libulp( 1191): I/===> int ulp_brain_turn_onoff_gnp_provider() line 496 

E/LocSvc_libulp( 1191): D/bool ulp_gnss_engine_running(), gnss state = 0

E/LocSvc_libulp( 1191): I/===> bool ulp_quipc_engine_running() line 63 

E/LocSvc_libulp( 1191): D/bool ulp_quipc_engine_running(), quipc state = 0

E/LocSvc_libulp( 1191): D/int ulp_brain_turn_onoff_gnp_provider(), gnp enabled = 1, gnp selected to run = 0, onoff cnt = 1, request active = 0,gnss running 0, gnss state 0 quipc running 0

E/LocSvc_libulp( 1191): I/===> bool ulp_gnp_engine_running() line 59 

E/LocSvc_libulp( 1191): I/===> int ulp_gnp_stop_engine() line 195 

E/LocSvc_libulp( 1191): I/===> bool ulp_gnp_engine_running() line 59 

E/LocSvc_libulp( 1191): D/int ulp_gnp_stop_engine(), gnp state = 0, ulp_gnp_engine_running () = 0

E/LocSvc_libulp( 1191): I/===> bool ulp_gnp_engine_running() line 59 

E/LocSvc_libulp( 1191): I/===> bool ulp_gnp_engine_running() line 59 

E/LocSvc_libulp( 1191): I/===> int ulp_brain_turn_onoff_zpp_provider() line 437 

E/LocSvc_libulp( 1191): D/int ulp_brain_turn_onoff_zpp_provider(), zpp enabled = 1, zpp selected to run = 1, onoff cnt = 1

E/LocSvc_libulp( 1191): I/===> int ulp_zpp_start_engine() line 98 

E/LocSvc_libulp( 1191): I/===> bool ulp_zpp_engine_running() line 62 

E/LocSvc_libulp( 1191): D/int ulp_zpp_start_engine(), zpp state = 0, ulp_zpp_engine_running () = 0

E/LocSvc_libulp( 1191): I/===> bool ulp_zpp_engine_running() line 62 

E/LocSvc_utils_q( 1191): D/msg_q_snd: Sending message with handle = 0x76E826C0

E/LocSvc_utils_ll( 1191): D/linked_list_add: Adding to list data_obj = 0x76E826C0

E/LocSvc_utils_q( 1191): D/msg_q_snd: Finished Sending message with handle = 0x76E826C0

E/LocSvc_utils_ll( 1191): D/linked_list_remove: Removing from list

E/LocSvc_utils_q( 1191): D/msg_q_rcv: Received message 0x76E826C0 rv = 0

E/LocSvc_ApiV02( 1191): D/virtual loc_api_adapter_err LocApiV02::getZppFix(GpsLocation&, LocPosTechMask&):2630]: Get ZPP Fix

E/LocSvc_api_v02( 1191): I/---> locClientSendReq line 2360 QMI_LOC_GET_BEST_AVAILABLE_POSITION_REQ_V02

E/LocSvc_libulp( 1191): I/===> int ulp_msg_process_start_req() line 421 

E/LocSvc_libulp( 1191): I/int ulp_msg_process_start_req(), at ulp state = 1

E/LocSvc_utils_q( 1191): D/msg_q_rcv: Waiting on message

E/LocSvc_ApiV02( 1191): I/<--- void globalRespCb(locClientHandleType, uint32_t, locClientRespIndUnionType, void*) line 106 QMI_LOC_GET_BEST_AVAILABLE_POSITION_REQ_V02

E/LocSvc_api_v02( 1191): D/loc_free_slot:299]: freeing slot 0

E/LocSvc_ApiV02( 1191): D/Got Zpp fix location validity (lat:1, lon:1, timestamp:1 accuracy:1)

E/LocSvc_ApiV02( 1191): D/(31.2287460, 121.5456040), timestamp 1448591563100, accuracy 6707.217285

E/LocSvc_utils_q( 1191): D/msg_q_snd: Sending message with handle = 0x7DA69980

E/LocSvc_utils_ll( 1191): D/linked_list_add: Adding to list data_obj = 0x7DA69980

E/LocSvc_utils_q( 1191): D/msg_q_snd: Finished Sending message with handle = 0x7DA69980

E/LocSvc_MsgTask( 1191): D/MsgTask::loop() 5490 listening ...

E/LocSvc_utils_q( 1191): D/msg_q_rcv: Waiting on message

E/LocSvc_utils_ll( 1191): D/linked_list_remove: Removing from list

E/LocSvc_utils_q( 1191): D/msg_q_rcv: Received message 0x7DA69980 rv = 0

E/LocSvc_libulp( 1191): D/void ulp_msg_main(void*) received msg of type: 0x60b

E/LocSvc_libulp( 1191): I/===> int ulp_brain_process_zpp_position_report(loc_sess_status, LocPosTechMask, const UlpLocation*) line 1429 

E/LocSvc_libulp( 1191): I/===> int ulp_msg_send_generic_position_report(loc_sess_status, LocPosTechMask, const UlpLocation*, const GpsLocationExtended*, const void*) line 985 

D/Ulp_jni ( 1191): Location CB invoked

E/LocSvc_libulp( 1191): I/int ulp_brain_process_zpp_position_report(loc_sess_status, LocPosTechMask, const UlpLocation*), report ZPP position to providers,report_position = 1

E/LocSvc_libulp( 1191): I/===> int ulp_brain_select_providers() line 333 

E/LocSvc_libulp( 1191): I/===> int ulp_brain_turn_onoff_quipc_provider() line 700 

E/LocSvc_libulp( 1191): D/int ulp_brain_turn_onoff_quipc_provider(), quipc enabled = 0, selected to run 0, onoff cnt = 5

E/LocSvc_libulp( 1191): I/===> int ulp_quipc_stop_engine() line 238 

E/LocSvc_libulp( 1191): D/int ulp_quipc_stop_engine(): ulp_quipc_inf is NULL 

E/LocSvc_libulp( 1191): I/===> bool ulp_quipc_engine_running() line 63 

E/LocSvc_libulp( 1191): D/bool ulp_quipc_engine_running(), quipc state = 0

E/LocSvc_libulp( 1191): I/===> int ulp_brain_turn_onoff_gnss_provider() line 595 

E/LocSvc_libulp( 1191): D/int ulp_brain_turn_onoff_gnss_provider(), gnss enabled = 1, gnss selected to run = 0, onoff cnt = 5, new request active = 0

E/LocSvc_libulp( 1191): I/===> int ulp_gnss_stop_engine() line 262 

E/LocSvc_libulp( 1191): D/int ulp_gnss_stop_engine(), gnss state = 0

E/LocSvc_libulp( 1191): D/bool ulp_gnss_engine_running(), gnss state = 0

E/LocSvc_libulp( 1191): D/bool ulp_gnss_engine_running(), gnss state = 0

E/LocSvc_libulp( 1191): D/bool ulp_gnss_engine_running(), gnss state = 0

E/LocSvc_libulp( 1191): I/===> bool ulp_quipc_engine_running() line 63 

E/LocSvc_libulp( 1191): D/bool ulp_quipc_engine_running(), quipc state = 0

E/LocSvc_libulp( 1191): I/===> int ulp_brain_turn_onoff_gnp_provider() line 496 

E/LocSvc_libulp( 1191): D/bool ulp_gnss_engine_running(), gnss state = 0

E/LocSvc_libulp( 1191): I/===> bool ulp_quipc_engine_running() line 63 

E/LocSvc_libulp( 1191): D/bool ulp_quipc_engine_running(), quipc state = 0

E/LocSvc_libulp( 1191): D/int ulp_brain_turn_onoff_gnp_provider(), gnp enabled = 1, gnp selected to run = 0, onoff cnt = 1, request active = 0,gnss running 0, gnss state 0 quipc running 0

E/LocSvc_libulp( 1191): I/===> bool ulp_gnp_engine_running() line 59 

E/LocSvc_libulp( 1191): I/===> int ulp_gnp_stop_engine() line 195 

E/LocSvc_libulp( 1191): I/===> bool ulp_gnp_engine_running() line 59 

E/LocSvc_libulp( 1191): D/int ulp_gnp_stop_engine(), gnp state = 0, ulp_gnp_engine_running () = 0

E/LocSvc_libulp( 1191): I/===> bool ulp_gnp_engine_running() line 59 

E/LocSvc_libulp( 1191): I/===> bool ulp_gnp_engine_running() line 59 

E/LocSvc_libulp( 1191): I/===> int ulp_brain_turn_onoff_zpp_provider() line 437 

E/LocSvc_libulp( 1191): D/int ulp_brain_turn_onoff_zpp_provider(), zpp enabled = 1, zpp selected to run = 0, onoff cnt = 1

E/LocSvc_libulp( 1191): I/===> int ulp_zpp_stop_engine() line 174 

E/LocSvc_libulp( 1191): I/===> bool ulp_zpp_engine_running() line 62 

E/LocSvc_libulp( 1191): D/int ulp_zpp_stop_engine(), zpp state = 1, ulp_zpp_engine_running () = 1

E/LocSvc_libulp( 1191): I/===> bool ulp_zpp_engine_running() line 62 

E/LocSvc_utils_q( 1191): D/msg_q_rcv: Waiting on message

D/bc      (22876): onChange id 121

D/bc      (22876): 121 download status: RUNNING reason: 0

D/bc      (22876): status RUNNING reason 0

D/bc      (22876): DownloadProgressReceiver action: android.intent.action.DOWNLOAD_UPDATED

D/Updater2(22876): onDownloadPregress 193223706/466668828

I/Updater2(22876): showProgressBarNotification:  progress:41

D/MainActivity(22876): onDownloadProgress 193223706/466668828

D/PhoneStatusBar( 1265): updateNotification pkg=com.android.updater;id=1

D/SizeAdaptiveLayout( 1265): com.android.internal.widget.SizeAdaptiveLayout{4324d350 V.E..... ......ID 0,0-930,189 #7f0800b8 app:id/adaptive}child view android.widget.FrameLayout{4410c458 V.E..... ......ID 0,0-930,188 #10202d6 android:id/status_bar_latest_event_content} measured out of bounds at 188px clamped to 189px

I/ThermalEngine(  372): Sensor:batt_temp:328 mC

E/QCALOG  (  319): [MessageQ] ProcessNewMessage: [XTWWAN-PE] unknown deliver target [OS-Agent]

D/wpa_supplicant(19642): RX ctrl_iface - hexdump(len=11): 53 49 47 4e 41 4c 5f 50 4f 4c 4c

D/wpa_supplicant(19642): wlan0: Control interface command 'SIGNAL_POLL'

D/wpa_supplicant(19642): nl80211: survey data missing!

D/bc      (22876): onChange id 121

D/bc      (22876): 121 download status: RUNNING reason: 0

D/bc      (22876): status RUNNING reason 0

D/bc      (22876): DownloadProgressReceiver action: android.intent.action.DOWNLOAD_UPDATED

D/Updater2(22876): onDownloadPregress 193537922/466668828

I/Updater2(22876): showProgressBarNotification:  progress:41

D/MainActivity(22876): onDownloadProgress 193537922/466668828

D/PhoneStatusBar( 1265): updateNotification pkg=com.android.updater;id=1

