--------- beginning of /dev/log/system

W/PackageManager( 1191): Unknown permission miui.permission.SHELL in package com.miui.backup

W/PackageManager( 1191): Unknown permission android.permission.ACCESS_COARSE_UPDATES in package com.miui.cloudservice

W/PackageManager( 1191): Unknown permission miui.permission.SHELL in package com.miui.cloudservice

W/PackageManager( 1191): Unknown permission android.permission.READ_SECURE_SETTINGS in package com.miui.notes

I/PackageManager( 1191): Un-granting permission android.permission.MODIFY_NETWORK_ACCOUNTING from package com.android.providers.downloads.ui (protectionLevel=18 flags=0x88be45)

I/PackageManager( 1191): Un-granting permission android.permission.INSTALL_PACKAGES from package com.android.providers.downloads.ui (protectionLevel=18 flags=0x88be45)

W/PackageManager( 1191): Unknown permission android.permission.INSTALL_DRM in package com.android.mms

W/PackageManager( 1191): Unknown permission com.xiaomi.permission.QUERY_MX_STAUTS in package com.android.mms

W/PackageManager( 1191): Unknown permission miui.permission.SHELL in package com.android.mms

W/PackageManager( 1191): Not granting permission android.permission.READ_LOGS to package com.cleanmaster.sdk (protectionLevel=50 flags=0x88be45)

W/PackageManager( 1191): Unknown permission android.permission.ACCESS_FM_RECEIVER in package com.miui.cit

W/PackageManager( 1191): Unknown permission com.xiaomi.channel.GAME_SERVICE_PERMISSION in package com.android.thememanager

W/PackageManager( 1191): Unknown permission miui.permission.SHELL in package com.miui.compass

W/PackageManager( 1191): Unknown permission com.google.android.gallery3d.permission.PICASA_STORE in package com.android.dreams.phototable

W/PackageManager( 1191): Unknown permission android.permission.WRITE_INTERNAL_STORAGE in package com.android.updater

W/PackageManager( 1191): Unknown permission miui.permission.SHELL in package com.android.updater

W/PackageManager( 1191): Unknown permission android.permission.RECOVERY in package com.android.updater

W/PackageManager( 1191): Unknown permission com.google.android.googleapps.permission.GOOGLE_AUTH in package com.android.settings

W/PackageManager( 1191): Unknown permission com.xiaomi.permission.RECEIVE_BROADCAST_REPORT in package com.android.settings

W/PackageManager( 1191): Unknown permission com.xiaomi.permission.WIFI_SHARE in package com.android.settings

W/PackageManager( 1191): Unknown permission com.android.launcher2.permission.READ_SETTINGS in package com.alibaba.android.security.activity

W/PackageManager( 1191): Unknown permission android.permission.WRITE_SDCARD in package com.alibaba.android.security.activity

W/PackageManager( 1191): Unknown permission com.xiaomi.market.sdk.UPDATE in package com.xiaomi.o2o

W/PackageManager( 1191): Unknown permission android.permission.READ_SETTINGS in package com.xiaomi.o2o

W/PackageManager( 1191): Unknown permission com.xiaomi.miui.share.permission.MMOAUTH_CALLBACK in package com.xiaomi.o2o

W/PackageManager( 1191): Unknown permission com.xiaomi.miui.share.permission.MM_MESSAGE in package com.xiaomi.o2o

W/PackageManager( 1191): Unknown permission android.permission.READ_SECURE_SETTINGS in package com.miui.networkassistant

W/PackageManager( 1191): Unknown permission android.permission.READ_SETTINGS in package com.miui.networkassistant

W/PackageManager( 1191): Unknown permission miui.permission.READ_AND_WIRTE_SU_MANAGER in package com.android.packageinstaller

W/PackageManager( 1191): Unknown permission miui.permission.SHELL in package com.miui.home

W/PackageManager( 1191): Not granting permission android.permission.DELETE_PACKAGES to package com.svox.pico (protectionLevel=18 flags=0x88be45)

W/PackageManager( 1191): Unknown permission miui.permission.SHELL in package com.android.email

W/PackageManager( 1191): Not granting permission android.permission.MOUNT_UNMOUNT_FILESYSTEMS to package com.uucun51008669.android.cms (protectionLevel=18 flags=0x80be44)

W/PackageManager( 1191): Not granting permission android.permission.READ_LOGS to package com.uucun51008669.android.cms (protectionLevel=50 flags=0x80be44)

W/PackageManager( 1191): Not granting permission android.permission.INSTALL_PACKAGES to package com.uucun51008669.android.cms (protectionLevel=18 flags=0x80be44)

W/PackageManager( 1191): Not granting permission android.permission.WRITE_APN_SETTINGS to package com.uucun51008669.android.cms (protectionLevel=18 flags=0x80be44)

W/PackageManager( 1191): Not granting permission android.permission.MOVE_PACKAGE to package com.uucun51008669.android.cms (protectionLevel=18 flags=0x80be44)

W/PackageManager( 1191): Unknown permission com.xiaomi.market.sdk.UPDATE in package com.xiaomi.jr

W/PackageManager( 1191): Not granting permission android.permission.CHANGE_CONFIGURATION to package com.duokan.phone.remotecontroller (protectionLevel=50 flags=0x18be44)

W/PackageManager( 1191): Unknown permission android.permission.ACTION_HEADSET_PLUG in package com.android.soundrecorder

W/PackageManager( 1191): Unknown permission com.miui.securitycenter.permission.NOTIFICATION_SERVICE in package com.miui.cleanmaster

W/PackageManager( 1191): Unknown permission com.xiaomi.market.sdk.UPDATE in package com.xiaomi.pass

W/PackageManager( 1191): Unknown permission miui.permission.SHELL in package com.miui.bugreport

W/PackageManager( 1191): Unknown permission android.permission.ACCESS_MTK_MMHW in package com.miui.fm

W/PackageManager( 1191): Unknown permission com.ut.permission.DEVICE_STATE in package com.alipay.m.portal

W/PackageManager( 1191): Not granting permission android.permission.READ_LOGS to package com.alipay.m.portal (protectionLevel=50 flags=0x883e46)

W/PackageManager( 1191): Not granting permission android.permission.BATTERY_STATS to package com.alipay.m.portal (protectionLevel=18 flags=0x883e46)

W/PackageManager( 1191): Unknown permission android.permission.RECEIVE_USER_PRESENT in package com.alipay.m.portal

W/PackageManager( 1191): Not granting permission android.permission.MOUNT_UNMOUNT_FILESYSTEMS to package com.alipay.m.portal (protectionLevel=18 flags=0x883e46)

W/PackageManager( 1191): Unknown permission com.htc.launcher.permission.READ_SETTINGS in package com.alipay.m.portal

W/PackageManager( 1191): Unknown permission com.htc.launcher.permission.UPDATE_SHORTCUT in package com.alipay.m.portal

W/PackageManager( 1191): Unknown permission com.sonyericsson.home.permission.BROADCAST_BADGE in package com.alipay.m.portal

W/PackageManager( 1191): Unknown permission com.anddoes.launcher.permission.UPDATE_COUNT in package com.alipay.m.portal

W/PackageManager( 1191): Unknown permission com.majeur.launcher.permission.UPDATE_BADGE in package com.alipay.m.portal

W/PackageManager( 1191): Unknown permission com.samsung.android.providers.context.permission.WRITE_USE_APP_FEATURE_SURVEY in package com.dianping.v1

W/PackageManager( 1191): Not granting permission android.permission.CHANGE_CONFIGURATION to package com.dianping.v1 (protectionLevel=50 flags=0x58be44)

W/PackageManager( 1191): Not granting permission android.permission.MOUNT_UNMOUNT_FILESYSTEMS to package com.dianping.v1 (protectionLevel=18 flags=0x58be44)

W/PackageManager( 1191): Not granting permission android.permission.READ_LOGS to package com.chaozh.iReaderxda (protectionLevel=50 flags=0x90be44)

W/PackageManager( 1191): Unknown permission android.permission.RECEIVE_USER_PRESENT in package com.chaozh.iReaderxda

W/PackageManager( 1191): Not granting permission android.permission.CHANGE_CONFIGURATION to package com.netease.newsreader.activity (protectionLevel=50 flags=0x88be44)

W/PackageManager( 1191): Not granting permission android.permission.READ_LOGS to package com.netease.newsreader.activity (protectionLevel=50 flags=0x88be44)

W/PackageManager( 1191): Not granting permission android.permission.MOUNT_UNMOUNT_FILESYSTEMS to package com.netease.newsreader.activity (protectionLevel=18 flags=0x88be44)

W/PackageManager( 1191): Unknown permission android.permission.REAL_GET_TASKS in package com.xiaomi.market

W/PackageManager( 1191): Not granting permission android.permission.READ_LOGS to package com.netease.cloudmusic (protectionLevel=50 flags=0x98be44)

W/PackageManager( 1191): Not granting permission android.permission.MOUNT_UNMOUNT_FILESYSTEMS to package com.netease.cloudmusic (protectionLevel=18 flags=0x98be44)

W/PackageManager( 1191): Unknown permission com.qualcomm.permission.ACCESS_LOCATION_API in package com.qualcomm.location

W/PackageManager( 1191): Unknown permission miui.permission.SHELL in package com.miui.securitycenter

W/PackageManager( 1191): Not granting permission android.permission.INTERACT_ACROSS_USERS to package com.baidu.map.location (protectionLevel=50 flags=0x88be05)

W/PackageManager( 1191): Not granting permission android.permission.INTERACT_ACROSS_USERS_FULL to package com.baidu.map.location (protectionLevel=2 flags=0x88be05)

W/PackageManager( 1191): Not granting permission android.permission.WRITE_SECURE_SETTINGS to package com.baidu.map.location (protectionLevel=50 flags=0x88be05)

W/PackageManager( 1191): Not granting permission android.permission.INSTALL_LOCATION_PROVIDER to package com.baidu.map.location (protectionLevel=18 flags=0x88be05)

W/PackageManager( 1191): Not granting permission android.permission.MOUNT_UNMOUNT_FILESYSTEMS to package com.baidu.map.location (protectionLevel=18 flags=0x88be05)

W/PackageManager( 1191): Not granting permission android.permission.READ_LOGS to package com.baidu.map.location (protectionLevel=50 flags=0x88be05)

W/PackageManager( 1191): Not granting permission android.permission.WRITE_APN_SETTINGS to package com.baidu.map.location (protectionLevel=18 flags=0x88be05)

W/PackageManager( 1191): Not granting permission android.permission.UPDATE_DEVICE_STATS to package com.baidu.map.location (protectionLevel=18 flags=0x88be05)

W/PackageManager( 1191): Unknown permission com.google.android.providers.settings.permission.READ_GSETTINGS in package com.baidu.map.location

W/PackageManager( 1191): Unknown permission com.google.android.providers.settings.permission.WRITE_GSETTINGS in package com.baidu.map.location

W/PackageManager( 1191): Unknown permission com.google.android.providers.gsf.permission.READ_GSERVICES in package com.baidu.map.location

W/PackageManager( 1191): Not granting permission android.permission.READ_LOGS to package com.cootek.smartdialer (protectionLevel=50 flags=0x18be04)

W/PackageManager( 1191): Unknown permission android.permission.BAIDU_LOCATION_SERVICE in package com.cootek.smartdialer

W/PackageManager( 1191): Not granting permission android.permission.MOUNT_UNMOUNT_FILESYSTEMS to package com.cootek.smartdialer (protectionLevel=18 flags=0x18be04)

W/PackageManager( 1191): Unknown permission com.sonyericsson.home.permission.BROADCAST_BADGE in package com.cootek.smartdialer

W/PackageManager( 1191): Not granting permission com.miui.yellowpage.permission.ACCESS_YELLOWPAGE to package com.cootek.smartdialer (protectionLevel=18 flags=0x18be04)

W/PackageManager( 1191): Unknown permission android.permission.RECEIVE_USER_PRESENT in package com.cootek.smartdialer

W/PackageManager( 1191): Unknown permission android.permission.READ_SETTINGS in package com.cootek.smartdialer

W/PackageManager( 1191): Not granting permission android.permission.PACKAGE_USAGE_STATS to package com.android.providers.applications (protectionLevel=18 flags=0x88be45)

W/PackageManager( 1191): Not granting permission android.permission.READ_LOGS to package com.wandoujia.phoenix2.usbproxy (protectionLevel=50 flags=0x88be44)

W/PackageManager( 1191): Not granting permission android.permission.MOUNT_UNMOUNT_FILESYSTEMS to package com.wandoujia.phoenix2.usbproxy (protectionLevel=18 flags=0x88be44)

W/PackageManager( 1191): Not granting permission android.permission.BATTERY_STATS to package com.dragon.android.pandaspace (protectionLevel=18 flags=0x8be44)

W/PackageManager( 1191): Not granting permission android.permission.INSTALL_PACKAGES to package com.dragon.android.pandaspace (protectionLevel=18 flags=0x8be44)

W/PackageManager( 1191): Not granting permission android.permission.DELETE_PACKAGES to package com.dragon.android.pandaspace (protectionLevel=18 flags=0x8be44)

W/PackageManager( 1191): Not granting permission android.permission.CHANGE_COMPONENT_ENABLED_STATE to package com.dragon.android.pandaspace (protectionLevel=18 flags=0x8be44)

W/PackageManager( 1191): Not granting permission android.permission.MOUNT_UNMOUNT_FILESYSTEMS to package com.dragon.android.pandaspace (protectionLevel=18 flags=0x8be44)

W/PackageManager( 1191): Not granting permission android.permission.READ_LOGS to package com.dragon.android.pandaspace (protectionLevel=50 flags=0x8be44)

W/PackageManager( 1191): Unknown permission com.htc.launcher.permission.READ_SETTINGS in package com.dragon.android.pandaspace

W/PackageManager( 1191): Unknown permission com.htc.launcher.permission.WRITE_SETTINGS in package com.dragon.android.pandaspace

W/PackageManager( 1191): Unknown permission org.adw.launcher.permission.READ_SETTINGS in package com.dragon.android.pandaspace

W/PackageManager( 1191): Unknown permission org.adw.launcher.permission.WRITE_SETTINGS in package com.dragon.android.pandaspace

W/PackageManager( 1191): Unknown permission com.fede.launcher.permission.READ_SETTINGS in package com.dragon.android.pandaspace

W/PackageManager( 1191): Unknown permission com.fede.launcher.permission.WRITE_SETTINGS in package com.dragon.android.pandaspace

W/PackageManager( 1191): Unknown permission com.qihoo360.launcher.permission.READ_SETTINGS in package com.dragon.android.pandaspace

W/PackageManager( 1191): Unknown permission com.qihoo360.launcher.permission.WRITE_SETTINGS in package com.dragon.android.pandaspace

W/PackageManager( 1191): Unknown permission net.qihoo.launcher.permission.READ_SETTINGS in package com.dragon.android.pandaspace

W/PackageManager( 1191): Unknown permission net.qihoo.launcher.permission.WRITE_SETTINGS in package com.dragon.android.pandaspace

W/PackageManager( 1191): Unknown permission com.lge.launcher.permission.READ_SETTINGS in package com.dragon.android.pandaspace

W/PackageManager( 1191): Unknown permission com.lge.launcher.permission.WRITE_SETTINGS in package com.dragon.android.pandaspace

W/PackageManager( 1191): Unknown permission com.sec.android.app.twlauncher.settings.READ_SETTINGS in package com.dragon.android.pandaspace

W/PackageManager( 1191): Unknown permission com.sec.android.app.twlauncher.settings.WRITE_SETTINGS in package com.dragon.android.pandaspace

W/PackageManager( 1191): Unknown permission org.adwfreak.launcher.permission.READ_SETTINGS in package com.dragon.android.pandaspace

W/PackageManager( 1191): Unknown permission org.adwfreak.launcher.permission.WRITE_SETTINGS in package com.dragon.android.pandaspace

W/PackageManager( 1191): Not granting permission android.permission.INTERACT_ACROSS_USERS_FULL to package com.dragon.android.pandaspace (protectionLevel=2 flags=0x8be44)

W/PackageManager( 1191): Not granting permission android.permission.INTERACT_ACROSS_USERS to package com.dragon.android.pandaspace (protectionLevel=50 flags=0x8be44)

W/PackageManager( 1191): Unknown permission com.android.launcher2.permission.READ_SETTINGS in package com.dragon.android.pandaspace

W/PackageManager( 1191): Unknown permission com.android.launcher2.permission.WRITE_SETTINGS in package com.dragon.android.pandaspace

W/PackageManager( 1191): Unknown permission com.android.launcher3.permission.READ_SETTINGS in package com.dragon.android.pandaspace

W/PackageManager( 1191): Unknown permission com.android.launcher3.permission.WRITE_SETTINGS in package com.dragon.android.pandaspace

W/PackageManager( 1191): Unknown permission org.adw.launcher_donut.permission.READ_SETTINGS in package com.dragon.android.pandaspace

W/PackageManager( 1191): Unknown permission org.adw.launcher_donut.permission.WRITE_SETTINGS in package com.dragon.android.pandaspace

W/PackageManager( 1191): Unknown permission com.huawei.launcher3.permission.READ_SETTINGS in package com.dragon.android.pandaspace

W/PackageManager( 1191): Unknown permission com.huawei.launcher3.permission.WRITE_SETTINGS in package com.dragon.android.pandaspace

W/PackageManager( 1191): Unknown permission com.anddoes.launcher.permission.READ_SETTINGS in package com.dragon.android.pandaspace

W/PackageManager( 1191): Unknown permission com.anddoes.launcher.permission.WRITE_SETTINGS in package com.dragon.android.pandaspace

W/PackageManager( 1191): Unknown permission com.tencent.qqlauncher.permission.READ_SETTINGS in package com.dragon.android.pandaspace

W/PackageManager( 1191): Unknown permission com.tencent.qqlauncher.permission.WRITE_SETTINGS in package com.dragon.android.pandaspace

W/PackageManager( 1191): Unknown permission com.huawei.launcher2.permission.READ_SETTINGS in package com.dragon.android.pandaspace

W/PackageManager( 1191): Unknown permission com.huawei.launcher2.permission.WRITE_SETTINGS in package com.dragon.android.pandaspace

W/PackageManager( 1191): Unknown permission com.android.mylauncher.permission.READ_SETTINGS in package com.dragon.android.pandaspace

W/PackageManager( 1191): Unknown permission com.android.mylauncher.permission.WRITE_SETTINGS in package com.dragon.android.pandaspace

W/PackageManager( 1191): Unknown permission com.ebproductions.android.launcher.permission.READ_SETTINGS in package com.dragon.android.pandaspace

W/PackageManager( 1191): Unknown permission com.ebproductions.android.launcher.permission.WRITE_SETTINGS in package com.dragon.android.pandaspace

W/PackageManager( 1191): Unknown permission com.oppo.launcher.permission.READ_SETTINGS in package com.dragon.android.pandaspace

W/PackageManager( 1191): Unknown permission com.oppo.launcher.permission.WRITE_SETTINGS in package com.dragon.android.pandaspace

W/PackageManager( 1191): Unknown permission com.lenovo.launcher.permission.READ_SETTINGS in package com.dragon.android.pandaspace

W/PackageManager( 1191): Unknown permission com.lenovo.launcher.permission.WRITE_SETTINGS in package com.dragon.android.pandaspace

W/PackageManager( 1191): Unknown permission com.huawei.android.launcher.permission.READ_SETTINGS in package com.dragon.android.pandaspace

W/PackageManager( 1191): Unknown permission com.huawei.android.launcher.permission.WRITE_SETTINGS in package com.dragon.android.pandaspace

W/PackageManager( 1191): Unknown permission telecom.mdesk.permission.READ_SETTINGS in package com.dragon.android.pandaspace

W/PackageManager( 1191): Unknown permission telecom.mdesk.permission.WRITE_SETTINGS in package com.dragon.android.pandaspace

W/PackageManager( 1191): Unknown permission dianxin.permission.ACCESS_LAUNCHER_DATA in package com.dragon.android.pandaspace

W/PackageManager( 1191): Unknown permission com.google.android.launcher.permission.READ_SETTINGS in package com.dragon.android.pandaspace

W/PackageManager( 1191): Unknown permission com.google.android.launcher.permission.WRITE_SETTINGS in package com.dragon.android.pandaspace

W/PackageManager( 1191): Unknown permission com.baidu.permission.SHARE in package com.dragon.android.pandaspace

W/PackageManager( 1191): Not granting permission android.permission.FORCE_STOP_PACKAGES to package com.dragon.android.pandaspace (protectionLevel=18 flags=0x8be44)

W/PackageManager( 1191): Not granting permission android.permission.SET_ACTIVITY_WATCHER to package com.dragon.android.pandaspace (protectionLevel=2 flags=0x8be44)

W/PackageManager( 1191): Unknown permission android.permission.LAUNCH in package com.dragon.android.pandaspace

W/PackageManager( 1191): Not granting permission android.permission.BIND_ACCESSIBILITY_SERVICE to package com.dragon.android.pandaspace (protectionLevel=2 flags=0x8be44)

W/PackageManager( 1191): Not granting permission android.permission.PACKAGE_USAGE_STATS to package com.dragon.android.pandaspace (protectionLevel=18 flags=0x8be44)

W/PackageManager( 1191): Not granting permission android.permission.INJECT_EVENTS to package io.selendroid.com.eg.android.AlipayGphone (protectionLevel=2 flags=0x8be46)

W/PackageManager( 1191): Unknown permission android.permission.READ_SETTINGS in package com.sina.weibo

W/PackageManager( 1191): Unknown permission android.permission.ACCESS_COARSE_UPDATES in package com.sina.weibo

W/PackageManager( 1191): Unknown permission com.android.launcher3.permission.INSTALL_SHORTCUT in package com.sina.weibo

W/PackageManager( 1191): Unknown permission com.android.launcher3.permission.READ_SETTINGS in package com.sina.weibo

W/PackageManager( 1191): Unknown permission com.android.launcher3.permission.WRITE_SETTINGS in package com.sina.weibo

W/PackageManager( 1191): Unknown permission com.oppo.launcher.permission.READ_SETTINGS in package com.sina.weibo

W/PackageManager( 1191): Unknown permission com.oppo.launcher.permission.WRITE_SETTINGS in package com.sina.weibo

W/PackageManager( 1191): Not granting permission android.permission.READ_LOGS to package com.sina.weibo (protectionLevel=50 flags=0x883e44)

W/PackageManager( 1191): Not granting permission android.permission.MOUNT_UNMOUNT_FILESYSTEMS to package com.sina.weibo (protectionLevel=18 flags=0x883e44)

W/PackageManager( 1191): Unknown permission android.permission.RECEIVE_USER_PRESENT in package com.sina.weibo

W/PackageManager( 1191): Not granting permission android.permission.MANAGE_DOCUMENTS to package com.sina.weibo (protectionLevel=2 flags=0x883e44)

W/PackageManager( 1191): Unknown permission com.google.android.launcher.permission.READ_SETTINGS in package com.sina.weibo

W/PackageManager( 1191): Unknown permission com.htc.launcher.settings in package com.sina.weibo

W/PackageManager( 1191): Unknown permission com.htc.launcher.permission.READ_SETTINGS in package com.sina.weibo

W/PackageManager( 1191): Unknown permission com.htc.launcher.permission.WRITE_SETTINGS in package com.sina.weibo

W/PackageManager( 1191): Unknown permission com.huawei.android.launcher.permission.CHANGE_BADGE in package com.sina.weibo

W/PackageManager( 1191): Unknown permission com.huawei.launcher3.permission.READ_SETTINGS in package com.sina.weibo

W/PackageManager( 1191): Unknown permission com.huawei.android.launcher.permission.READ_SETTINGS in package com.sina.weibo

W/PackageManager( 1191): Unknown permission com.huawei.android.launcher.permission.WRITE_SETTINGS in package com.sina.weibo

W/PackageManager( 1191): Unknown permission com.lenovo.launcher.permission.READ_SETTINGS in package com.sina.weibo

W/PackageManager( 1191): Unknown permission com.bbk.launcher2.permission.READ_SETTINGS in package com.sina.weibo

W/PackageManager( 1191): Unknown permission com.huaqin.launcherEx.permission.READ_SETTINGS in package com.sina.weibo

W/PackageManager( 1191): Not granting permission android.permission.REBOOT to package com.example.catcher (protectionLevel=18 flags=0x88be46)

W/PackageManager( 1191): Not granting permission android.permission.DELETE_PACKAGES to package com.example.catcher (protectionLevel=18 flags=0x88be46)

W/PackageManager( 1191): Not granting permission android.permission.INSTALL_PACKAGES to package com.example.catcher (protectionLevel=18 flags=0x88be46)

W/PackageManager( 1191): Not granting permission android.permission.MOUNT_UNMOUNT_FILESYSTEMS to package com.example.catcher (protectionLevel=18 flags=0x88be46)

W/PackageManager( 1191): Not granting permission android.permission.RETRIEVE_WINDOW_CONTENT to package com.example.catcher (protectionLevel=18 flags=0x88be46)

W/PackageManager( 1191): Unknown permission android.permission.READ_SETTINGS in package com.sankuai.meituan

W/PackageManager( 1191): Not granting permission android.permission.READ_LOGS to package com.wandoujia.phoenix2 (protectionLevel=50 flags=0x98be44)

W/PackageManager( 1191): Unknown permission com.android.launcher.permission.CREATE_SHORTCUT in package com.wandoujia.phoenix2

W/PackageManager( 1191): Unknown permission com.android.launcher3.permission.READ_SETTINGS in package com.wandoujia.phoenix2

W/PackageManager( 1191): Unknown permission com.android.launcher3.permission.WRITE_SETTINGS in package com.wandoujia.phoenix2

W/PackageManager( 1191): Unknown permission org.adw.launcher.permission.READ_SETTINGS in package com.wandoujia.phoenix2

W/PackageManager( 1191): Unknown permission org.adw.launcher.permission.WRITE_SETTINGS in package com.wandoujia.phoenix2

W/PackageManager( 1191): Unknown permission com.qihoo360.launcher.permission.READ_SETTINGS in package com.wandoujia.phoenix2

W/PackageManager( 1191): Unknown permission com.qihoo360.launcher.permission.WRITE_SETTINGS in package com.wandoujia.phoenix2

W/PackageManager( 1191): Unknown permission com.lge.launcher.permission.READ_SETTINGS in package com.wandoujia.phoenix2

W/PackageManager( 1191): Unknown permission com.lge.launcher.permission.WRITE_SETTINGS in package com.wandoujia.phoenix2

W/PackageManager( 1191): Unknown permission net.qihoo.launcher.permission.READ_SETTINGS in package com.wandoujia.phoenix2

W/PackageManager( 1191): Unknown permission net.qihoo.launcher.permission.WRITE_SETTINGS in package com.wandoujia.phoenix2

W/PackageManager( 1191): Unknown permission org.adwfreak.launcher.permission.READ_SETTINGS in package com.wandoujia.phoenix2

W/PackageManager( 1191): Unknown permission org.adwfreak.launcher.permission.WRITE_SETTINGS in package com.wandoujia.phoenix2

W/PackageManager( 1191): Unknown permission com.huawei.launcher3.permission.READ_SETTINGS in package com.wandoujia.phoenix2

W/PackageManager( 1191): Unknown permission com.huawei.launcher3.permission.WRITE_SETTINGS in package com.wandoujia.phoenix2

W/PackageManager( 1191): Unknown permission com.fede.launcher.permission.READ_SETTINGS in package com.wandoujia.phoenix2

W/PackageManager( 1191): Unknown permission com.fede.launcher.permission.WRITE_SETTINGS in package com.wandoujia.phoenix2

W/PackageManager( 1191): Unknown permission com.sec.android.app.twlauncher.settings.READ_SETTINGS in package com.wandoujia.phoenix2

W/PackageManager( 1191): Unknown permission com.sec.android.app.twlauncher.settings.WRITE_SETTINGS in package com.wandoujia.phoenix2

W/PackageManager( 1191): Unknown permission com.anddoes.launcher.permission.READ_SETTINGS in package com.wandoujia.phoenix2

W/PackageManager( 1191): Unknown permission com.anddoes.launcher.permission.WRITE_SETTINGS in package com.wandoujia.phoenix2

W/PackageManager( 1191): Unknown permission com.lenovo.launcher.permission.READ_SETTINGS in package com.wandoujia.phoenix2

W/PackageManager( 1191): Unknown permission com.lenovo.launcher.permission.WRITE_SETTINGS in package com.wandoujia.phoenix2

W/PackageManager( 1191): Unknown permission com.google.android.launcher.permission.READ_SETTINGS in package com.wandoujia.phoenix2

W/PackageManager( 1191): Unknown permission com.google.android.launcher.permission.WRITE_SETTINGS in package com.wandoujia.phoenix2

W/PackageManager( 1191): Unknown permission com.oppo.launcher.permission.WRITE_SETTINGS in package com.wandoujia.phoenix2

W/PackageManager( 1191): Unknown permission com.oppo.launcher.permission.READ_SETTINGS in package com.wandoujia.phoenix2

W/PackageManager( 1191): Unknown permission com.yulong.android.launcher3.permission.WRITE_SETTINGS in package com.wandoujia.phoenix2

W/PackageManager( 1191): Unknown permission com.yulong.android.launcher3.permission.READ_SETTINGS in package com.wandoujia.phoenix2

W/PackageManager( 1191): Unknown permission com.huawei.android.launcher.permission.READ_SETTINGS in package com.wandoujia.phoenix2

W/PackageManager( 1191): Unknown permission com.huawei.android.launcher.permission.WRITE_SETTINGS in package com.wandoujia.phoenix2

W/PackageManager( 1191): Unknown permission com.htc.launcher.permission.READ_SETTINGS in package com.wandoujia.phoenix2

W/PackageManager( 1191): Unknown permission com.htc.launcher.permission.WRITE_SETTINGS in package com.wandoujia.phoenix2

W/PackageManager( 1191): Unknown permission com.bbk.launcher2.permission.READ_SETTINGS in package com.wandoujia.phoenix2

W/PackageManager( 1191): Unknown permission com.bbk.launcher2.permission.WRITE_SETTINGS in package com.wandoujia.phoenix2

W/PackageManager( 1191): Not granting permission android.permission.MOUNT_UNMOUNT_FILESYSTEMS to package com.wandoujia.phoenix2 (protectionLevel=18 flags=0x98be44)

W/PackageManager( 1191): Unknown permission android.permission.ACCESS_DRM in package com.wandoujia.phoenix2

W/PackageManager( 1191): Unknown permission android.permission.INSTALL_DRM in package com.wandoujia.phoenix2

W/PackageManager( 1191): Not granting permission android.permission.BIND_ACCESSIBILITY_SERVICE to package com.wandoujia.phoenix2 (protectionLevel=2 flags=0x98be44)

W/PackageManager( 1191): Unknown permission com.google.android.providers.gsf.permission.READ_GSERVICES in package com.wandoujia.phoenix2

W/PackageManager( 1191): Unknown permission rs.permission.MDM_SERVICE in package com.wandoujia.phoenix2

W/PackageManager( 1191): Unknown permission com.ut.permission.DEVICE_STATE in package com.wandoujia.phoenix2

W/PackageManager( 1191): Unknown permission android.permission.READ_SETTINGS in package com.wandoujia.phoenix2

W/PackageManager( 1191): Unknown permission ANDROID.PERMISSION.INTERNET in package com.wandoujia.phoenix2

W/PackageManager( 1191): Unknown permission android.permission.ACCESS_FIND_LOCATION in package com.xiaomi.smarthome

W/PackageManager( 1191): Unknown permission com.xiaomi.channel.GAME_SERVICE_PERMISSION in package com.xiaomi.smarthome

W/PackageManager( 1191): Unknown permission com.xiaomi.market.sdk.UPDATE in package com.xiaomi.smarthome

W/PackageManager( 1191): Unknown permission com.android.launcher.permission.READ_SETTING in package com.xiaomi.smarthome

W/PackageManager( 1191): Unknown permission com.android.launcher.permission.WRITE_SETTING in package com.xiaomi.smarthome

W/PackageManager( 1191): Unknown permission com.xiaomi.channel.GAME_SERVICE_PERMISSION in package com.xiaomi.gamecenter.sdk.service

W/PackageManager( 1191): Unknown permission android.permission.RECEIVE_USER_PRESENT in package com.alipay.android.app

W/PackageManager( 1191): Unknown permission com.alipay.android.app.gphone.SHARE in package com.alipay.android.app

W/PackageManager( 1191): Unknown permission com.xiaomi.permission.MIPAY in package com.xiaomi.payment

W/PackageManager( 1191): Unknown permission com.xiaomi.router.provider.READ_OFFLINE_VIDEO in package com.miui.video

W/PackageManager( 1191): Unknown permission com.xiaomi.router.provider.WRITE_OFFLINE_VIDEO in package com.miui.video

I/ActivityManager( 1191): Force stopping com.eg.android.AlipayGphone appid=10347 user=0: pkg removed

D/WifiService( 1191): uid=10093 wifi scan blocked

W/IntentResolver( 1191): resolveIntent: multiple matches, only some with CATEGORY_DEFAULT

I/PackageManager( 1191): Adding preferred activity ComponentInfo{com.android.mms/com.android.mms.ui.ComposeMessageRouterActivity} for user 0 :

W/IntentResolver( 1191): resolveIntent: multiple matches, only some with CATEGORY_DEFAULT

I/PackageManager( 1191): Adding preferred activity ComponentInfo{com.android.mms/com.android.mms.ui.ComposeMessageRouterActivity} for user 0 :

W/IntentResolver( 1191): resolveIntent: multiple matches, only some with CATEGORY_DEFAULT

I/PackageManager( 1191): Adding preferred activity ComponentInfo{com.android.mms/com.android.mms.ui.ComposeMessageRouterActivity} for user 0 :

W/IntentResolver( 1191): resolveIntent: multiple matches, only some with CATEGORY_DEFAULT

I/PackageManager( 1191): Adding preferred activity ComponentInfo{com.android.mms/com.android.mms.ui.ComposeMessageRouterActivity} for user 0 :

D/BackupManagerService( 1191): Received broadcast Intent { act=android.intent.action.PACKAGE_REMOVED dat=package:com.eg.android.AlipayGphone flg=0x4000010 (has extras) }

V/BackupManagerService( 1191): removePackageParticipantsLocked: uid=10347 #1

W/IntentResolver( 1191): resolveIntent: multiple matches, only some with CATEGORY_DEFAULT

I/PackageManager( 1191): Adding preferred activity ComponentInfo{com.android.mms/com.android.mms.ui.ComposeMessageRouterActivity} for user 0 :

V/LocationPolicy( 1191): ACTION_UID_REMOVED for uid=10347

V/LocationPolicy( 1191): writePolicyLocked()

W/ContextImpl( 6194): Calling a method in the system process without a qualified user: android.app.ContextImpl.sendBroadcast:1165 android.content.ContextWrapper.sendBroadcast:365 com.miui.networkassistant.service.tm.TrafficManageService.broadCastDataUsageUpdated:896 com.miui.networkassistant.service.tm.TrafficManageService$7.onReceive:1104 android.app.LoadedApk$ReceiverDispatcher$Args.run:761 

W/IntentResolver( 1191): resolveIntent: multiple matches, only some with CATEGORY_DEFAULT

I/PackageManager( 1191): Adding preferred activity ComponentInfo{com.android.mms/com.android.mms.ui.ComposeMessageRouterActivity} for user 0 :

W/IntentResolver( 1191): resolveIntent: multiple matches, only some with CATEGORY_DEFAULT

I/PackageManager( 1191): Adding preferred activity ComponentInfo{com.android.mms/com.android.mms.ui.ComposeMessageRouterActivity} for user 0 :

W/IntentResolver( 1191): resolveIntent: multiple matches, only some with CATEGORY_DEFAULT

I/PackageManager( 1191): Adding preferred activity ComponentInfo{com.android.mms/com.android.mms.ui.ComposeMessageRouterActivity} for user 0 :

W/ContextImpl(24797): Calling a method in the system process without a qualified user: android.app.ContextImpl.startService:1521 android.content.ContextWrapper.startService:494 android.content.ContextWrapper.startService:494 com.android.keychain.KeyChainBroadcastReceiver.onReceive:12 android.app.ActivityThread.handleReceiver:2415 

W/BroadcastQueue( 1191): Unable to launch app com.UCMobile/10089 for broadcast Intent { act=android.intent.action.PACKAGE_REMOVED dat=package:com.eg.android.AlipayGphone flg=0x4000010 (has extras) }: process is not permitted to autostart

W/BroadcastQueue( 1191): Unable to launch app com.wandoujia.phoenix2.usbproxy/10286 for broadcast Intent { act=android.intent.action.PACKAGE_REMOVED dat=package:com.eg.android.AlipayGphone flg=0x4000010 (has extras) }: process is not permitted to autostart

W/BroadcastQueue( 1191): Unable to launch app com.wandoujia.phoenix2/10100 for broadcast Intent { act=android.intent.action.PACKAGE_REMOVED dat=package:com.eg.android.AlipayGphone flg=0x4000010 (has extras) }: process is not permitted to autostart

W/BroadcastQueue( 1191): Unable to launch app com.wandoujia.phoenix2/10100 for broadcast Intent { act=android.intent.action.PACKAGE_REMOVED dat=package:com.eg.android.AlipayGphone flg=0x4000010 (has extras) }: process is not permitted to autostart

W/BroadcastQueue( 1191): Unable to launch app com.wandoujia.phoenix2/10100 for broadcast Intent { act=android.intent.action.PACKAGE_REMOVED dat=package:com.eg.android.AlipayGphone flg=0x4000010 (has extras) }: process is not permitted to autostart

W/ContextImpl( 6194): Calling a method in the system process without a qualified user: android.app.ContextImpl.sendBroadcast:1165 android.content.ContextWrapper.sendBroadcast:365 com.miui.networkassistant.service.tm.TrafficManageService.broadCastDataUsageUpdated:896 com.miui.networkassistant.service.tm.TrafficManageService$7.onReceive:1104 android.app.LoadedApk$ReceiverDispatcher$Args.run:761 

I/ActivityManager( 1191): Start proc com.android.quicksearchbox for broadcast com.android.quicksearchbox/.CorporaUpdateReceiver: pid=24958 uid=10078 gids={50078, 1028, 3003}

I/ActivityManager( 1191): Killing 23755:com.alipay.test.sdk.alipaysteward/u0a101 (adj 15): empty #9

W/ContextImpl( 6194): Calling a method in the system process without a qualified user: android.app.ContextImpl.bindService:1585 android.content.ContextWrapper.bindService:517 com.miui.networkassistant.service.tm.AppMonitor.bindResourceHelperService:284 com.miui.networkassistant.service.tm.AppMonitor.fillNetworkAccessedApps:191 com.miui.networkassistant.service.tm.AppMonitor.access$200:33 

I/ActivityManager( 1191): Start proc com.miui.networkassistant:shandow for service com.miui.networkassistant/.service.ResourceHelperService: pid=25002 uid=1000 gids={41000, 3003, 1028, 1015, 3002, 3001, 3005, 1021, 3004, 1000, 3009, 1023, 1010, 1007, 3006, 3007, 2001, 1035}

W/ContextImpl(25002): Calling a method in the system process without a qualified user: android.app.ContextImpl.startService:1521 android.content.ContextWrapper.startService:494 com.xiaomi.accountsdk.activate.ActivateManager$AmTask.bindToCloudService:405 com.xiaomi.accountsdk.activate.ActivateManager$AmTask.bind:390 com.xiaomi.accountsdk.activate.ActivateManager$AmTask.start:385 

W/ContextImpl(25002): Calling a method in the system process without a qualified user: android.app.ContextImpl.bindService:1585 android.content.ContextWrapper.bindService:517 com.xiaomi.accountsdk.activate.ActivateManager$AmTask.bindToCloudService:406 com.xiaomi.accountsdk.activate.ActivateManager$AmTask.bind:390 com.xiaomi.accountsdk.activate.ActivateManager$AmTask.start:385 

W/ContextImpl(25002): Calling a method in the system process without a qualified user: android.app.ContextImpl.startService:1521 android.content.ContextWrapper.startService:494 miui.core.SdkManager$1.run:189 android.os.Handler.handleCallback:733 android.os.Handler.dispatchMessage:95 

I/ActivityManager( 1191): Killing 24849:com.android.externalstorage/u0a9 (adj 15): empty #9

W/ContextImpl( 6194): Calling a method in the system process without a qualified user: android.app.ContextImpl.sendBroadcast:1165 android.content.ContextWrapper.sendBroadcast:365 com.miui.networkassistant.service.tm.TrafficManageService.broadCastDataUsageUpdated:896 com.miui.networkassistant.service.tm.TrafficManageService$7.onReceive:1104 android.app.LoadedApk$ReceiverDispatcher$Args.run:761 

W/ContextImpl( 6194): Calling a method in the system process without a qualified user: android.app.ContextImpl.sendBroadcast:1165 android.content.ContextWrapper.sendBroadcast:365 com.miui.networkassistant.service.tm.TrafficManageService.broadCastDataUsageUpdated:896 com.miui.networkassistant.service.tm.TrafficManageService$7.onReceive:1104 android.app.LoadedApk$ReceiverDispatcher$Args.run:761 

W/ContextImpl( 6194): Calling a method in the system process without a qualified user: android.app.ContextImpl.sendBroadcast:1165 android.content.ContextWrapper.sendBroadcast:365 com.miui.networkassistant.service.tm.TrafficManageService.broadCastDataUsageUpdated:896 com.miui.networkassistant.service.tm.TrafficManageService$7.onReceive:1104 android.app.LoadedApk$ReceiverDispatcher$Args.run:761 

W/ContextImpl( 6194): Calling a method in the system process without a qualified user: android.app.ContextImpl.sendBroadcast:1165 android.content.ContextWrapper.sendBroadcast:365 com.miui.networkassistant.service.tm.TrafficManageService.broadCastDataUsageUpdated:896 com.miui.networkassistant.service.tm.TrafficManageService$7.onReceive:1104 android.app.LoadedApk$ReceiverDispatcher$Args.run:761 

I/ActivityManager( 1191): START u0 {act=android.intent.action.MAIN cat=[android.intent.category.LAUNCHER] flg=0x10200000 cmp=com.alipay.test.sdk.alipaysteward/com.alipay.android.setting.ClientSettingActivity bnds=[571,684][763,876]} from pid 1597

I/ActivityManager( 1191): Start proc com.alipay.test.sdk.alipaysteward for activity com.alipay.test.sdk.alipaysteward/com.alipay.android.setting.ClientSettingActivity: pid=25166 uid=10101 gids={50101, 1028, 1015, 3003, 3002}

V/LocationPolicy( 1191): onForegroundActivitiesChanged

V/LocationPolicy( 1191): onForegroundActivitiesChanged

V/LocationPolicy( 1191): onForegroundActivitiesChanged

I/ActivityManager( 1191): Killing 24742:com.android.musicfx/u0a16 (adj 15): empty #9

V/LocationPolicy( 1191): onForegroundActivitiesChanged

I/ActivityManager( 1191): Killing 25002:com.miui.networkassistant:shandow/1000 (adj 15): kill background

I/ActivityManager( 1191): START u0 {act=android.intent.action.MAIN cat=[android.intent.category.LAUNCHER] flg=0x10200000 cmp=com.alipay.test.sdk.alipaysteward/com.alipay.mobile.android.activity.SplashActivity bnds=[317,684][509,876]} from pid 1597

V/LocationPolicy( 1191): onForegroundActivitiesChanged

V/LocationPolicy( 1191): onForegroundActivitiesChanged

I/ActivityManager( 1191): START u0 {cmp=com.alipay.test.sdk.alipaysteward/com.alibaba.securitysdk.activity.SDKLoginActivity} from pid 25166

I/ActivityManager( 1191): START u0 {flg=0x4000000 cmp=com.alipay.test.sdk.alipaysteward/com.alipay.mobile.android.activity.MainActivity} from pid 25166

W/WindowManager( 1191): Rebuild removed 7 windows but added 6

W/WindowManager( 1191): java.lang.RuntimeException: here

W/WindowManager( 1191): 	at com.android.server.wm.WindowManagerService.rebuildAppWindowListLocked(WindowManagerService.java:8095)

W/WindowManager( 1191): 	at com.android.server.wm.WindowManagerService.rebuildAppWindowListLocked(WindowManagerService.java:8031)

W/WindowManager( 1191): 	at com.android.server.wm.WindowManagerService.handleAnimatingStoppedAndTransitionLocked(WindowManagerService.java:8777)

W/WindowManager( 1191): 	at com.android.server.wm.WindowManagerService.performLayoutAndPlaceSurfacesLockedInner(WindowManagerService.java:9301)

W/WindowManager( 1191): 	at com.android.server.wm.WindowManagerService.performLayoutAndPlaceSurfacesLockedLoop(WindowManagerService.java:8247)

W/WindowManager( 1191): 	at com.android.server.wm.WindowManagerService.performLayoutAndPlaceSurfacesLocked(WindowManagerService.java:8189)

W/WindowManager( 1191): 	at com.android.server.wm.WindowManagerService.access$300(WindowManagerService.java:159)

W/WindowManager( 1191): 	at com.android.server.wm.WindowManagerService$H.handleMessage(WindowManagerService.java:7214)

W/WindowManager( 1191): 	at android.os.Handler.dispatchMessage(Handler.java:102)

W/WindowManager( 1191): 	at android.os.Looper.loop(Looper.java:136)

W/WindowManager( 1191): 	at android.os.HandlerThread.run(HandlerThread.java:61)

W/WindowManager( 1191): This window was lost: Window{433f7cd8 u0 com.alipay.test.sdk.alipaysteward/com.alibaba.securitysdk.activity.SDKLoginActivity}

W/WindowManager( 1191): mDisplayId=0 mSession=Session{4334a9b8 25166:u0a10101} mClient=android.os.BinderProxy@438cf228

W/WindowManager( 1191): mOwnerUid=10101 mShowToOwnerOnly=true package=com.alipay.test.sdk.alipaysteward appop=NONE

W/WindowManager( 1191): mAttrs=WM.LayoutParams{(0,0)(fillxfill) sim=#112 ty=1 fl=#1810100 extfl=#0 pfl=0x8 wanim=0x1030001}

W/WindowManager( 1191): Requested w=1080 h=1920 mLayoutSeq=3233

W/WindowManager( 1191): mBaseLayer=21000 mSubLayer=0 mAnimLayer=21030+0=21030 mLastLayer=21035

W/WindowManager( 1191): mToken=AppWindowToken{43f68220 token=Token{43d35670 ActivityRecord{42dd4c10 u0 com.alipay.test.sdk.alipaysteward/com.alibaba.securitysdk.activity.SDKLoginActivity t45}}}

W/WindowManager( 1191): mRootToken=AppWindowToken{43f68220 token=Token{43d35670 ActivityRecord{42dd4c10 u0 com.alipay.test.sdk.alipaysteward/com.alibaba.securitysdk.activity.SDKLoginActivity t45}}}

W/WindowManager( 1191): mAppToken=AppWindowToken{43f68220 token=Token{43d35670 ActivityRecord{42dd4c10 u0 com.alipay.test.sdk.alipaysteward/com.alibaba.securitysdk.activity.SDKLoginActivity t45}}}

W/WindowManager( 1191): mViewVisibility=0x8 mHaveFrame=true mObscured=true

W/WindowManager( 1191): mSeq=0 mSystemUiVisibility=0x0

W/WindowManager( 1191): mGivenContentInsets=[0,0][0,0] mGivenVisibleInsets=[0,0][0,0]

W/WindowManager( 1191): mConfiguration={1.0 ?mcc?mnc zh_CN ldltr sw360dp w360dp h620dp 480dpi nrml long port finger -keyb/v/h -nav/h s.14 themeChanged=0 themeChangedFlags=0}

W/WindowManager( 1191): mHasSurface=true mShownFrame=[-268.01633,0.0][811.98364,1920.0] isReadyForDisplay()=false

W/WindowManager( 1191): mFrame=[0,0][1080,1920] last=[0,0][1080,1920]

W/WindowManager( 1191): mSystemDecorRect=[0,60][1080,1920] last=[0,60][1080,1920]

W/WindowManager( 1191): Frames: containing=[0,0][1080,1920] parent=[0,0][1080,1920]

W/WindowManager( 1191):     display=[0,0][1080,1920] overscan=[0,0][1080,1920]

W/WindowManager( 1191):     content=[0,60][1080,1920] visible=[0,60][1080,1920]

W/WindowManager( 1191):     decor=[0,60][1080,1920]

W/WindowManager( 1191): Cur insets: overscan=[0,0][0,0] content=[0,60][0,0] visible=[0,60][0,0]

W/WindowManager( 1191): Lst insets: overscan=[0,0][0,0] content=[0,60][0,0] visible=[0,60][0,0]

W/WindowManager( 1191): WindowStateAnimator{43eb88e8 com.alipay.test.sdk.alipaysteward/com.alibaba.securitysdk.activity.SDKLoginActivity}:

W/WindowManager( 1191):   mSurface=Surface(name=com.alipay.test.sdk.alipaysteward/com.alibaba.securitysdk.activity.SDKLoginActivity)

W/WindowManager( 1191):   mDrawState=HAS_DRAWN mLastHidden=true

W/WindowManager( 1191):   Surface: shown=false layer=21035 alpha=0.6029388 rect=(-268.01633,0.0) 1080.0 x 1920.0

W/WindowManager( 1191):   mShownAlpha=0.6029388 mAlpha=1.0 mLastAlpha=0.6029388

W/WindowManager( 1191):   mGlobalScale=1.0 mDsDx=1.0 mDtDx=0.0 mDsDy=0.0 mDtDy=1.0

W/WindowManager( 1191): mExiting=false mRemoveOnExit=false mDestroying=true mRemoved=false

W/WindowManager( 1191): Current app token list:

V/WindowManager( 1191):   Display 0

V/WindowManager( 1191):   #8: Token{43815a90 ActivityRecord{42ddfb48 u0 com.alipay.test.sdk.alipaysteward/com.alipay.mobile.android.activity.MainActivity t45}}

V/WindowManager( 1191):   #7: Token{43869ee0 ActivityRecord{42db96a0 u0 com.alipay.test.sdk.alipaysteward/com.alipay.mobile.android.activity.SplashActivity t45 f}}

V/WindowManager( 1191):   #6: Token{431cf950 ActivityRecord{4302f018 u0 com.miui.home/.launcher.Launcher t1}}

V/WindowManager( 1191):   #5: Token{43ec3650 ActivityRecord{4339e630 u0 com.android.updater/.MainActivity t39}}

V/WindowManager( 1191):   #4: Token{431d10d8 ActivityRecord{431fd1d8 u0 com.sina.weibo/.VisitorMainTabActivity t32}}

V/WindowManager( 1191):   #3: Token{4313d190 ActivityRecord{431f32e0 u0 com.sina.weibo/.MainTabActivity t32}}

V/WindowManager( 1191):   #2: Token{4337dab0 ActivityRecord{42f24ab0 u0 com.mipay.wallet/.ui.MipayEntryActivity t21}}

V/WindowManager( 1191):   #1: Token{437e54f8 ActivityRecord{42f28790 u0 com.android.mms/.ui.MmsTabActivity t22}}

V/WindowManager( 1191):   #0: Token{431f02f8 ActivityRecord{43234800 u0 com.android.contacts/.activities.TwelveKeyDialer t28}}

W/WindowManager( 1191): Final window list:

V/WindowManager( 1191):   #0: Window{436103f8 u0 RecentsPanel}

V/WindowManager( 1191):   #1: Window{43229188 u0 FloatNotificationPanel}

V/WindowManager( 1191):   #2: Window{43297c98 u0 StatusBar}

V/WindowManager( 1191):   #3: Window{43339b78 u0 StatusBarBlur}

V/WindowManager( 1191):   #4: Window{436dd4d8 u0 Keyguard}

V/WindowManager( 1191):   #5: Window{43803bc8 u0 KeyguardScrim}

V/WindowManager( 1191):   #6: Window{43614100 u0 AppNotificationPanel}

V/WindowManager( 1191):   #7: Window{434e5a78 u0 InputMethod}

V/WindowManager( 1191):   #8: Window{433f9f38 u0 com.alipay.test.sdk.alipaysteward/com.alipay.mobile.android.activity.MainActivity}

V/WindowManager( 1191):   #9: Window{435a1058 u0 com.miui.home/com.miui.home.launcher.Launcher}

V/WindowManager( 1191):   #10: Window{438b3f98 u0 com.android.updater/com.android.updater.MainActivity}

V/WindowManager( 1191):   #11: Window{4346d098 u0 com.sina.weibo/com.sina.weibo.VisitorMainTabActivity}

V/WindowManager( 1191):   #12: Window{433b5200 u0 com.android.mms/com.android.mms.ui.MmsTabActivity}

V/WindowManager( 1191):   #13: Window{43617348 u0 com.android.contacts/com.android.contacts.activities.TwelveKeyDialer}

V/WindowManager( 1191):   #14: Window{435ed238 u0 com.android.systemui.ImageWallpaper}

W/ContextImpl( 6194): Calling a method in the system process without a qualified user: android.app.ContextImpl.sendBroadcast:1165 android.content.ContextWrapper.sendBroadcast:365 com.miui.networkassistant.service.tm.TrafficManageService.broadCastDataUsageUpdated:896 com.miui.networkassistant.service.tm.TrafficManageService$7.onReceive:1104 android.app.LoadedApk$ReceiverDispatcher$Args.run:761 

I/ActivityManager( 1191): START u0 {cmp=com.alipay.test.sdk.alipaysteward/com.alipay.mobile.android.activity.ManageBuildActivity} from pid 25166

W/ContextImpl( 6194): Calling a method in the system process without a qualified user: android.app.ContextImpl.sendBroadcast:1165 android.content.ContextWrapper.sendBroadcast:365 com.miui.networkassistant.service.tm.TrafficManageService.broadCastDataUsageUpdated:896 com.miui.networkassistant.service.tm.TrafficManageService$7.onReceive:1104 android.app.LoadedApk$ReceiverDispatcher$Args.run:761 

I/ActivityManager( 1191): START u0 {cmp=com.alipay.test.sdk.alipaysteward/com.alipay.mobile.android.activity.VersionDetailActivity (has extras)} from pid 25166

I/ActivityManager( 1191): START u0 {cmp=com.alipay.test.sdk.alipaysteward/com.alipay.mobile.android.activity.VersionDetailActivity (has extras)} from pid 25166

W/ContextImpl( 6194): Calling a method in the system process without a qualified user: android.app.ContextImpl.sendBroadcast:1165 android.content.ContextWrapper.sendBroadcast:365 com.miui.networkassistant.service.tm.TrafficManageService.broadCastDataUsageUpdated:896 com.miui.networkassistant.service.tm.TrafficManageService$7.onReceive:1104 android.app.LoadedApk$ReceiverDispatcher$Args.run:761 

W/InputMethodManagerService( 1191): Window already focused, ignoring focus gain of: com.android.internal.view.IInputMethodClient$Stub$Proxy@435c0318 attribute=null, token = android.os.BinderProxy@437ba1b0

