W/PackageManager( 1191): Not granting permission android.permission.INSTALL_PACKAGES to package com.example.catcher (protectionLevel=18 flags=0x88be46)

W/PackageManager( 1191): Not granting permission android.permission.MOUNT_UNMOUNT_FILESYSTEMS to package com.example.catcher (protectionLevel=18 flags=0x88be46)

W/PackageManager( 1191): Not granting permission android.permission.RETRIEVE_WINDOW_CONTENT to package com.example.catcher (protectionLevel=18 flags=0x88be46)

W/PackageManager( 1191): Unknown permission android.permission.READ_SETTINGS in package com.sankuai.meituan

W/PackageManager( 1191): Not granting permission android.permission.READ_LOGS to package com.wandoujia.phoenix2 (protectionLevel=50 flags=0x98be44)

W/PackageManager( 1191): Unknown permission com.android.launcher.permission.CREATE_SHORTCUT in package com.wandoujia.phoenix2

W/PackageManager( 1191): Unknown permission com.android.launcher3.permission.READ_SETTINGS in package com.wandoujia.phoenix2

W/PackageManager( 1191): Unknown permission com.android.launcher3.permission.WRITE_SETTINGS in package com.wandoujia.phoenix2

W/PackageManager( 1191): Unknown permission org.adw.launcher.permission.READ_SETTINGS in package com.wandoujia.phoenix2

W/PackageManager( 1191): Unknown permission org.adw.launcher.permission.WRITE_SETTINGS in package com.wandoujia.phoenix2

W/PackageManager( 1191): Unknown permission com.qihoo360.launcher.permission.READ_SETTINGS in package com.wandoujia.phoenix2

W/PackageManager( 1191): Unknown permission com.qihoo360.launcher.permission.WRITE_SETTINGS in package com.wandoujia.phoenix2

W/PackageManager( 1191): Unknown permission com.lge.launcher.permission.READ_SETTINGS in package com.wandoujia.phoenix2

W/PackageManager( 1191): Unknown permission com.lge.launcher.permission.WRITE_SETTINGS in package com.wandoujia.phoenix2

W/PackageManager( 1191): Unknown permission net.qihoo.launcher.permission.READ_SETTINGS in package com.wandoujia.phoenix2

W/PackageManager( 1191): Unknown permission net.qihoo.launcher.permission.WRITE_SETTINGS in package com.wandoujia.phoenix2

W/PackageManager( 1191): Unknown permission org.adwfreak.launcher.permission.READ_SETTINGS in package com.wandoujia.phoenix2

W/PackageManager( 1191): Unknown permission org.adwfreak.launcher.permission.WRITE_SETTINGS in package com.wandoujia.phoenix2

W/PackageManager( 1191): Unknown permission com.huawei.launcher3.permission.READ_SETTINGS in package com.wandoujia.phoenix2

W/PackageManager( 1191): Unknown permission com.huawei.launcher3.permission.WRITE_SETTINGS in package com.wandoujia.phoenix2

W/PackageManager( 1191): Unknown permission com.fede.launcher.permission.READ_SETTINGS in package com.wandoujia.phoenix2

W/PackageManager( 1191): Unknown permission com.fede.launcher.permission.WRITE_SETTINGS in package com.wandoujia.phoenix2

W/PackageManager( 1191): Unknown permission com.sec.android.app.twlauncher.settings.READ_SETTINGS in package com.wandoujia.phoenix2

W/PackageManager( 1191): Unknown permission com.sec.android.app.twlauncher.settings.WRITE_SETTINGS in package com.wandoujia.phoenix2

W/PackageManager( 1191): Unknown permission com.anddoes.launcher.permission.READ_SETTINGS in package com.wandoujia.phoenix2

W/PackageManager( 1191): Unknown permission com.anddoes.launcher.permission.WRITE_SETTINGS in package com.wandoujia.phoenix2

W/PackageManager( 1191): Unknown permission com.lenovo.launcher.permission.READ_SETTINGS in package com.wandoujia.phoenix2

W/PackageManager( 1191): Unknown permission com.lenovo.launcher.permission.WRITE_SETTINGS in package com.wandoujia.phoenix2

W/PackageManager( 1191): Unknown permission com.google.android.launcher.permission.READ_SETTINGS in package com.wandoujia.phoenix2

W/PackageManager( 1191): Unknown permission com.google.android.launcher.permission.WRITE_SETTINGS in package com.wandoujia.phoenix2

W/PackageManager( 1191): Unknown permission com.oppo.launcher.permission.WRITE_SETTINGS in package com.wandoujia.phoenix2

W/PackageManager( 1191): Unknown permission com.oppo.launcher.permission.READ_SETTINGS in package com.wandoujia.phoenix2

W/PackageManager( 1191): Unknown permission com.yulong.android.launcher3.permission.WRITE_SETTINGS in package com.wandoujia.phoenix2

W/PackageManager( 1191): Unknown permission com.yulong.android.launcher3.permission.READ_SETTINGS in package com.wandoujia.phoenix2

W/PackageManager( 1191): Unknown permission com.huawei.android.launcher.permission.READ_SETTINGS in package com.wandoujia.phoenix2

W/PackageManager( 1191): Unknown permission com.huawei.android.launcher.permission.WRITE_SETTINGS in package com.wandoujia.phoenix2

W/PackageManager( 1191): Unknown permission com.htc.launcher.permission.READ_SETTINGS in package com.wandoujia.phoenix2

W/PackageManager( 1191): Unknown permission com.htc.launcher.permission.WRITE_SETTINGS in package com.wandoujia.phoenix2

W/PackageManager( 1191): Unknown permission com.bbk.launcher2.permission.READ_SETTINGS in package com.wandoujia.phoenix2

W/PackageManager( 1191): Unknown permission com.bbk.launcher2.permission.WRITE_SETTINGS in package com.wandoujia.phoenix2

W/PackageManager( 1191): Not granting permission android.permission.MOUNT_UNMOUNT_FILESYSTEMS to package com.wandoujia.phoenix2 (protectionLevel=18 flags=0x98be44)

W/PackageManager( 1191): Unknown permission android.permission.ACCESS_DRM in package com.wandoujia.phoenix2

W/PackageManager( 1191): Unknown permission android.permission.INSTALL_DRM in package com.wandoujia.phoenix2

W/PackageManager( 1191): Not granting permission android.permission.BIND_ACCESSIBILITY_SERVICE to package com.wandoujia.phoenix2 (protectionLevel=2 flags=0x98be44)

W/PackageManager( 1191): Unknown permission com.google.android.providers.gsf.permission.READ_GSERVICES in package com.wandoujia.phoenix2

W/PackageManager( 1191): Unknown permission rs.permission.MDM_SERVICE in package com.wandoujia.phoenix2

W/PackageManager( 1191): Unknown permission com.ut.permission.DEVICE_STATE in package com.wandoujia.phoenix2

W/PackageManager( 1191): Unknown permission android.permission.READ_SETTINGS in package com.wandoujia.phoenix2

W/PackageManager( 1191): Unknown permission ANDROID.PERMISSION.INTERNET in package com.wandoujia.phoenix2

W/PackageManager( 1191): Unknown permission android.permission.ACCESS_FIND_LOCATION in package com.xiaomi.smarthome

W/PackageManager( 1191): Unknown permission com.xiaomi.channel.GAME_SERVICE_PERMISSION in package com.xiaomi.smarthome

W/PackageManager( 1191): Unknown permission com.xiaomi.market.sdk.UPDATE in package com.xiaomi.smarthome

W/PackageManager( 1191): Unknown permission com.android.launcher.permission.READ_SETTING in package com.xiaomi.smarthome

W/PackageManager( 1191): Unknown permission com.android.launcher.permission.WRITE_SETTING in package com.xiaomi.smarthome

W/PackageManager( 1191): Unknown permission com.xiaomi.channel.GAME_SERVICE_PERMISSION in package com.xiaomi.gamecenter.sdk.service

W/PackageManager( 1191): Unknown permission android.permission.RECEIVE_USER_PRESENT in package com.alipay.android.app

W/PackageManager( 1191): Unknown permission com.alipay.android.app.gphone.SHARE in package com.alipay.android.app

W/PackageManager( 1191): Unknown permission com.xiaomi.permission.MIPAY in package com.xiaomi.payment

W/PackageManager( 1191): Unknown permission com.xiaomi.router.provider.READ_OFFLINE_VIDEO in package com.miui.video

W/PackageManager( 1191): Unknown permission com.xiaomi.router.provider.WRITE_OFFLINE_VIDEO in package com.miui.video

W/PackageManager( 1191): Unknown permission com.alipay.permission.ALIPAY_UPDATE_CREDENTIALS in package com.eg.android.AlipayGphoneRC

W/PackageManager( 1191): Unknown permission com.yunos.permission.TYID_MGR_SERVICE in package com.eg.android.AlipayGphoneRC

W/PackageManager( 1191): Unknown permission com.alipay.permission.ALIPAY_USE_CREDENTIALS in package com.eg.android.AlipayGphoneRC

W/PackageManager( 1191): Unknown permission com.aliyun.permission.TYID_MGR_SERVICE in package com.eg.android.AlipayGphoneRC

W/PackageManager( 1191): Not granting permission android.permission.BATTERY_STATS to package com.eg.android.AlipayGphoneRC (protectionLevel=18 flags=0x183e46)

W/PackageManager( 1191): Unknown permission com.taobao.permission.UPDATE_CREDENTIALS in package com.eg.android.AlipayGphoneRC

W/PackageManager( 1191): Unknown permission com.yunos.permission.STORAGE_SERVICE in package com.eg.android.AlipayGphoneRC

W/PackageManager( 1191): Unknown permission com.sonyericsson.home.permission.BROADCAST_BADGE in package com.eg.android.AlipayGphoneRC

W/PackageManager( 1191): Unknown permission com.yunos.permission.TYID_SERVICE in package com.eg.android.AlipayGphoneRC

W/PackageManager( 1191): Unknown permission com.taobao.permission.USE_CREDENTIALS in package com.eg.android.AlipayGphoneRC

W/PackageManager( 1191): Not granting permission android.permission.READ_LOGS to package com.eg.android.AlipayGphoneRC (protectionLevel=50 flags=0x183e46)

W/PackageManager( 1191): Unknown permission com.htc.launcher.permission.READ_SETTINGS in package com.eg.android.AlipayGphoneRC

W/PackageManager( 1191): Unknown permission com.majeur.launcher.permission.UPDATE_BADGE in package com.eg.android.AlipayGphoneRC

W/PackageManager( 1191): Unknown permission com.aliyun.permission.TYID_SERVICE in package com.eg.android.AlipayGphoneRC

W/PackageManager( 1191): Unknown permission com.htc.launcher.permission.UPDATE_SHORTCUT in package com.eg.android.AlipayGphoneRC

W/PackageManager( 1191): Unknown permission com.anddoes.launcher.permission.UPDATE_COUNT in package com.eg.android.AlipayGphoneRC

W/PackageManager( 1191): Unknown permission com.aliyun.permission.STORAGE_SERVICE in package com.eg.android.AlipayGphoneRC

W/PackageManager( 1191): Unknown permission nxp.permission.ACCESS_WALLET_SERVICE in package com.eg.android.AlipayGphoneRC

W/PackageManager( 1191): Not granting permission android.permission.MOUNT_UNMOUNT_FILESYSTEMS to package com.eg.android.AlipayGphoneRC (protectionLevel=18 flags=0x183e46)

V/LocationPolicy( 1191): ACTION_PACKAGE_ADDED for uid=10349

W/IntentResolver( 1191): resolveIntent: multiple matches, only some with CATEGORY_DEFAULT

I/PackageManager( 1191): Adding preferred activity ComponentInfo{com.android.mms/com.android.mms.ui.ComposeMessageRouterActivity} for user 0 :

W/IntentResolver( 1191): resolveIntent: multiple matches, only some with CATEGORY_DEFAULT

I/PackageManager( 1191): Adding preferred activity ComponentInfo{com.android.mms/com.android.mms.ui.ComposeMessageRouterActivity} for user 0 :

W/IntentResolver( 1191): resolveIntent: multiple matches, only some with CATEGORY_DEFAULT

I/PackageManager( 1191): Adding preferred activity ComponentInfo{com.android.mms/com.android.mms.ui.ComposeMessageRouterActivity} for user 0 :

W/IntentResolver( 1191): resolveIntent: multiple matches, only some with CATEGORY_DEFAULT

D/BackupManagerService( 1191): Received broadcast Intent { act=android.intent.action.PACKAGE_ADDED dat=package:com.eg.android.AlipayGphoneRC flg=0x4000010 (has extras) }

I/PackageManager( 1191): Adding preferred activity ComponentInfo{com.android.mms/com.android.mms.ui.ComposeMessageRouterActivity} for user 0 :

V/BackupManagerService( 1191): addPackageParticipantsLocked: #1

W/IntentResolver( 1191): resolveIntent: multiple matches, only some with CATEGORY_DEFAULT

I/PackageManager( 1191): Adding preferred activity ComponentInfo{com.android.mms/com.android.mms.ui.ComposeMessageRouterActivity} for user 0 :

W/IntentResolver( 1191): resolveIntent: multiple matches, only some with CATEGORY_DEFAULT

I/PackageManager( 1191): Adding preferred activity ComponentInfo{com.android.mms/com.android.mms.ui.ComposeMessageRouterActivity} for user 0 :

W/IntentResolver( 1191): resolveIntent: multiple matches, only some with CATEGORY_DEFAULT

I/PackageManager( 1191): Adding preferred activity ComponentInfo{com.android.mms/com.android.mms.ui.ComposeMessageRouterActivity} for user 0 :

W/IntentResolver( 1191): resolveIntent: multiple matches, only some with CATEGORY_DEFAULT

I/PackageManager( 1191): Adding preferred activity ComponentInfo{com.android.mms/com.android.mms.ui.ComposeMessageRouterActivity} for user 0 :

I/ActivityManager( 1191): Start proc com.android.musicfx for broadcast com.android.musicfx/.Compatibility$Receiver: pid=25822 uid=10016 gids={50016, 3003, 3002}

W/ContextImpl( 5655): Calling a method in the system process without a qualified user: android.app.ContextImpl.bindService:1585 android.content.ContextWrapper.bindService:517 miui.analytics.Analytics.endSession:120 com.miui.analytics.c.a:49 com.miui.analytics.SecurityCenterAnalyticsService.onStartCommand:57 

W/RecognitionManagerService( 1191): no available voice recognition services found for user 0

W/BroadcastQueue( 1191): Unable to launch app com.UCMobile/10089 for broadcast Intent { act=android.intent.action.PACKAGE_ADDED dat=package:com.eg.android.AlipayGphoneRC flg=0x4000010 (has extras) }: process is not permitted to autostart

W/BroadcastQueue( 1191): Unable to launch app com.wandoujia.phoenix2.usbproxy/10286 for broadcast Intent { act=android.intent.action.PACKAGE_ADDED dat=package:com.eg.android.AlipayGphoneRC flg=0x4000010 (has extras) }: process is not permitted to autostart

W/BroadcastQueue( 1191): Unable to launch app com.wandoujia.phoenix2/10100 for broadcast Intent { act=android.intent.action.PACKAGE_ADDED dat=package:com.eg.android.AlipayGphoneRC flg=0x4000010 (has extras) }: process is not permitted to autostart

W/BroadcastQueue( 1191): Unable to launch app com.wandoujia.phoenix2/10100 for broadcast Intent { act=android.intent.action.PACKAGE_ADDED dat=package:com.eg.android.AlipayGphoneRC flg=0x4000010 (has extras) }: process is not permitted to autostart

W/BroadcastQueue( 1191): Unable to launch app com.wandoujia.phoenix2/10100 for broadcast Intent { act=android.intent.action.PACKAGE_ADDED dat=package:com.eg.android.AlipayGphoneRC flg=0x4000010 (has extras) }: process is not permitted to autostart

W/ContextImpl( 6194): Calling a method in the system process without a qualified user: android.app.ContextImpl.sendBroadcast:1165 android.content.ContextWrapper.sendBroadcast:365 com.miui.networkassistant.service.tm.TrafficManageService.broadCastDataUsageUpdated:896 com.miui.networkassistant.service.tm.TrafficManageService$7.onReceive:1104 android.app.LoadedApk$ReceiverDispatcher$Args.run:761 

I/ActivityManager( 1191): START u0 {cmp=com.android.packageinstaller/.PackageInstallerPermsEditor (has extras)} from pid 25693

W/WindowManager( 1191): Rebuild removed 10 windows but added 9

W/WindowManager( 1191): java.lang.RuntimeException: here

W/WindowManager( 1191): 	at com.android.server.wm.WindowManagerService.rebuildAppWindowListLocked(WindowManagerService.java:8095)

W/WindowManager( 1191): 	at com.android.server.wm.WindowManagerService.rebuildAppWindowListLocked(WindowManagerService.java:8031)

W/WindowManager( 1191): 	at com.android.server.wm.WindowManagerService.handleAnimatingStoppedAndTransitionLocked(WindowManagerService.java:8777)

W/WindowManager( 1191): 	at com.android.server.wm.WindowManagerService.performLayoutAndPlaceSurfacesLockedInner(WindowManagerService.java:9301)

W/WindowManager( 1191): 	at com.android.server.wm.WindowManagerService.performLayoutAndPlaceSurfacesLockedLoop(WindowManagerService.java:8247)

W/WindowManager( 1191): 	at com.android.server.wm.WindowManagerService.performLayoutAndPlaceSurfacesLocked(WindowManagerService.java:8189)

W/WindowManager( 1191): 	at com.android.server.wm.WindowManagerService.access$300(WindowManagerService.java:159)

W/WindowManager( 1191): 	at com.android.server.wm.WindowManagerService$H.handleMessage(WindowManagerService.java:7214)

W/WindowManager( 1191): 	at android.os.Handler.dispatchMessage(Handler.java:102)

W/WindowManager( 1191): 	at android.os.Looper.loop(Looper.java:136)

W/WindowManager( 1191): 	at android.os.HandlerThread.run(HandlerThread.java:61)

W/WindowManager( 1191): This window was lost: Window{42dd44f0 u0 com.android.packageinstaller/com.android.packageinstaller.InstallAppProgress}

W/WindowManager( 1191): mDisplayId=0 mSession=Session{4304d428 25693:u0a10071} mClient=android.os.BinderProxy@435615d0

W/WindowManager( 1191): mOwnerUid=10071 mShowToOwnerOnly=true package=com.android.packageinstaller appop=NONE

W/WindowManager( 1191): mAttrs=WM.LayoutParams{(0,0)(fillxfill) sim=#120 ty=1 fl=#5810100 extfl=#1 pfl=0x8 wanim=0x10302a1 vsysui=0x500}

W/WindowManager( 1191): Requested w=1080 h=1920 mLayoutSeq=3309

W/WindowManager( 1191): mBaseLayer=21000 mSubLayer=0 mAnimLayer=21045+0=21045 mLastLayer=21045

W/WindowManager( 1191): mToken=AppWindowToken{44023e58 token=Token{437af710 ActivityRecord{42d612d0 u0 com.android.packageinstaller/.InstallAppProgress t46}}}

W/WindowManager( 1191): mRootToken=AppWindowToken{44023e58 token=Token{437af710 ActivityRecord{42d612d0 u0 com.android.packageinstaller/.InstallAppProgress t46}}}

W/WindowManager( 1191): mAppToken=AppWindowToken{44023e58 token=Token{437af710 ActivityRecord{42d612d0 u0 com.android.packageinstaller/.InstallAppProgress t46}}}

W/WindowManager( 1191): mViewVisibility=0x8 mHaveFrame=true mObscured=true

W/WindowManager( 1191): mSeq=0 mSystemUiVisibility=0x500

W/WindowManager( 1191): mGivenContentInsets=[0,0][0,0] mGivenVisibleInsets=[0,0][0,0]

W/WindowManager( 1191): mConfiguration={1.0 ?mcc?mnc zh_CN ldltr sw360dp w360dp h620dp 480dpi nrml long port finger -keyb/v/h -nav/h s.14 themeChanged=0 themeChangedFlags=0}

W/WindowManager( 1191): mHasSurface=true mShownFrame=[-270.0,0.0][810.0,1920.0] isReadyForDisplay()=false

W/WindowManager( 1191): mFrame=[0,0][1080,1920] last=[0,0][1080,1920]

W/WindowManager( 1191): mSystemDecorRect=[0,0][1080,1920] last=[0,0][1080,1920]

W/WindowManager( 1191): Frames: containing=[0,0][1080,1920] parent=[0,0][1080,1920]

W/WindowManager( 1191):     display=[0,0][1080,1920] overscan=[0,0][1080,1920]

W/WindowManager( 1191):     content=[0,60][1080,1920] visible=[0,60][1080,1920]

W/WindowManager( 1191):     decor=[0,0][1080,1920]

W/WindowManager( 1191): Cur insets: overscan=[0,0][0,0] content=[0,60][0,0] visible=[0,60][0,0]

W/WindowManager( 1191): Lst insets: overscan=[0,0][0,0] content=[0,60][0,0] visible=[0,60][0,0]

W/WindowManager( 1191): WindowStateAnimator{43d8b8b0 com.android.packageinstaller/com.android.packageinstaller.InstallAppProgress}:

W/WindowManager( 1191):   mSurface=Surface(name=com.android.packageinstaller/com.android.packageinstaller.InstallAppProgress)

W/WindowManager( 1191):   mDrawState=HAS_DRAWN mLastHidden=true

W/WindowManager( 1191):   Surface: shown=false layer=21045 alpha=0.6 rect=(-270.0,0.0) 1080.0 x 1920.0

W/WindowManager( 1191):   mShownAlpha=0.6 mAlpha=1.0 mLastAlpha=0.6

W/WindowManager( 1191):   mGlobalScale=1.0 mDsDx=1.0 mDtDx=0.0 mDsDy=0.0 mDtDy=1.0

W/WindowManager( 1191): mExiting=false mRemoveOnExit=false mDestroying=true mRemoved=false

W/WindowManager( 1191): Current app token list:

V/WindowManager( 1191):   Display 0

V/WindowManager( 1191):   #10: Token{43683678 ActivityRecord{436d37c0 u0 com.android.packageinstaller/.PackageInstallerPermsEditor t46}}

V/WindowManager( 1191):   #9: Token{42fa48e0 ActivityRecord{43337a98 u0 com.alipay.test.sdk.alipaysteward/com.alipay.mobile.android.activity.VersionDetailActivity t45}}

V/WindowManager( 1191):   #8: Token{42d37418 ActivityRecord{42e712b8 u0 com.alipay.test.sdk.alipaysteward/com.alipay.mobile.android.activity.ManageBuildActivity t45}}

V/WindowManager( 1191):   #7: Token{43815a90 ActivityRecord{42ddfb48 u0 com.alipay.test.sdk.alipaysteward/com.alipay.mobile.android.activity.MainActivity t45}}

V/WindowManager( 1191):   #6: Token{431cf950 ActivityRecord{4302f018 u0 com.miui.home/.launcher.Launcher t1}}

V/WindowManager( 1191):   #5: Token{43ec3650 ActivityRecord{4339e630 u0 com.android.updater/.MainActivity t39}}

V/WindowManager( 1191):   #4: Token{431d10d8 ActivityRecord{431fd1d8 u0 com.sina.weibo/.VisitorMainTabActivity t32}}

V/WindowManager( 1191):   #3: Token{4313d190 ActivityRecord{431f32e0 u0 com.sina.weibo/.MainTabActivity t32}}

V/WindowManager( 1191):   #2: Token{4337dab0 ActivityRecord{42f24ab0 u0 com.mipay.wallet/.ui.MipayEntryActivity t21}}

V/WindowManager( 1191):   #1: Token{437e54f8 ActivityRecord{42f28790 u0 com.android.mms/.ui.MmsTabActivity t22}}

V/WindowManager( 1191):   #0: Token{431f02f8 ActivityRecord{43234800 u0 com.android.contacts/.activities.TwelveKeyDialer t28}}

W/WindowManager( 1191): Final window list:

V/WindowManager( 1191):   #0: Window{436103f8 u0 RecentsPanel}

V/WindowManager( 1191):   #1: Window{43229188 u0 FloatNotificationPanel}

V/WindowManager( 1191):   #2: Window{43297c98 u0 StatusBar}

V/WindowManager( 1191):   #3: Window{43339b78 u0 StatusBarBlur}

V/WindowManager( 1191):   #4: Window{436dd4d8 u0 Keyguard}

V/WindowManager( 1191):   #5: Window{43803bc8 u0 KeyguardScrim}

V/WindowManager( 1191):   #6: Window{43614100 u0 AppNotificationPanel}

V/WindowManager( 1191):   #7: Window{434e5a78 u0 InputMethod}

V/WindowManager( 1191):   #8: Window{42d67ef0 u0 com.android.packageinstaller/com.android.packageinstaller.PackageInstallerPermsEditor}

V/WindowManager( 1191):   #9: Window{434eba50 u0 com.alipay.test.sdk.alipaysteward/com.alipay.mobile.android.activity.VersionDetailActivity}

V/WindowManager( 1191):   #10: Window{434747c8 u0 com.alipay.test.sdk.alipaysteward/com.alipay.mobile.android.activity.ManageBuildActivity}

V/WindowManager( 1191):   #11: Window{433f9f38 u0 com.alipay.test.sdk.alipaysteward/com.alipay.mobile.android.activity.MainActivity}

V/WindowManager( 1191):   #12: Window{435a1058 u0 com.miui.home/com.miui.home.launcher.Launcher}

V/WindowManager( 1191):   #13: Window{438b3f98 u0 com.android.updater/com.android.updater.MainActivity}

V/WindowManager( 1191):   #14: Window{4346d098 u0 com.sina.weibo/com.sina.weibo.VisitorMainTabActivity}

V/WindowManager( 1191):   #15: Window{433b5200 u0 com.android.mms/com.android.mms.ui.MmsTabActivity}

V/WindowManager( 1191):   #16: Window{43617348 u0 com.android.contacts/com.android.contacts.activities.TwelveKeyDialer}

V/WindowManager( 1191):   #17: Window{435ed238 u0 com.android.systemui.ImageWallpaper}

I/ActivityManager( 1191): START u0 {act=android.intent.action.MAIN cat=[android.intent.category.LAUNCHER] flg=0x10000000 pkg=com.eg.android.AlipayGphoneRC cmp=com.eg.android.AlipayGphoneRC/com.eg.android.AlipayGphone.AlipayLogin} from pid 25693

I/ActivityManager( 1191): Start proc com.eg.android.AlipayGphoneRC for activity com.eg.android.AlipayGphoneRC/com.eg.android.AlipayGphone.AlipayLogin: pid=25907 uid=10349 gids={50349, 3002, 1028, 1015, 3001, 3003}

V/LocationPolicy( 1191): onForegroundActivitiesChanged

W/ContextImpl( 6194): Calling a method in the system process without a qualified user: android.app.ContextImpl.bindService:1585 android.content.ContextWrapper.bindService:517 com.miui.networkassistant.service.tm.AppMonitor.bindResourceHelperService:284 com.miui.networkassistant.service.tm.AppMonitor.fillNetworkAccessedApps:191 com.miui.networkassistant.service.tm.AppMonitor.access$200:33 

I/ActivityManager( 1191): Start proc com.miui.networkassistant:shandow for service com.miui.networkassistant/.service.ResourceHelperService: pid=25921 uid=1000 gids={41000, 3003, 1028, 1015, 3002, 3001, 3005, 1021, 3004, 1000, 3009, 1023, 1010, 1007, 3006, 3007, 2001, 1035}

W/ContextImpl(25921): Calling a method in the system process without a qualified user: android.app.ContextImpl.startService:1521 android.content.ContextWrapper.startService:494 com.xiaomi.accountsdk.activate.ActivateManager$AmTask.bindToCloudService:405 com.xiaomi.accountsdk.activate.ActivateManager$AmTask.bind:390 com.xiaomi.accountsdk.activate.ActivateManager$AmTask.start:385 

W/ContextImpl(25921): Calling a method in the system process without a qualified user: android.app.ContextImpl.bindService:1585 android.content.ContextWrapper.bindService:517 com.xiaomi.accountsdk.activate.ActivateManager$AmTask.bindToCloudService:406 com.xiaomi.accountsdk.activate.ActivateManager$AmTask.bind:390 com.xiaomi.accountsdk.activate.ActivateManager$AmTask.start:385 

W/ContextImpl(25921): Calling a method in the system process without a qualified user: android.app.ContextImpl.startService:1521 android.content.ContextWrapper.startService:494 miui.core.SdkManager$1.run:189 android.os.Handler.handleCallback:733 android.os.Handler.dispatchMessage:95 

I/ActivityManager( 1191): Start proc com.eg.android.AlipayGphoneRC:push for broadcast com.eg.android.AlipayGphoneRC/com.alipay.mobile.logmonitor.ClientMonitorWakeupReceiver: pid=25954 uid=10349 gids={50349, 3002, 1028, 1015, 3001, 3003}

I/ActivityManager( 1191): Killing 24797:com.android.keychain/1000 (adj 15): empty #9

V/LocationPolicy( 1191): onForegroundActivitiesChanged

I/ActivityManager( 1191): Killing 24836:com.android.documentsui/u0a49 (adj 15): empty #9

W/BackupManagerService( 1191): dataChanged but no participant pkg='com.android.providers.settings' uid=10349

W/BackupManagerService( 1191): dataChanged but no participant pkg='com.android.providers.settings' uid=10349

I/ActivityManager( 1191): START u0 {flg=0x10000000 cmp=com.eg.android.AlipayGphoneRC/com.alipay.mobile.security.login.ui.AlipayUserLoginActivity (has extras)} from pid 25907

E/ActivityThread(25907): Failed to find provider info for com.alipay.android.app.settings.data.ServerProvider

E/ActivityThread(25907): Failed to find provider info for com.alipay.android.app.settings.data.ServerProvider

W/BackupManagerService( 1191): dataChanged but no participant pkg='com.android.providers.settings' uid=10349

W/ActivityManager( 1191): Unable to start service Intent { cmp=com.eg.android.AlipayGphoneRC/com.amap.api.location.core.SocketService } U=0: not found

W/ContextImpl( 6194): Calling a method in the system process without a qualified user: android.app.ContextImpl.sendBroadcast:1165 android.content.ContextWrapper.sendBroadcast:365 com.miui.networkassistant.service.tm.TrafficManageService.broadCastDataUsageUpdated:896 com.miui.networkassistant.service.tm.TrafficManageService$7.onReceive:1104 android.app.LoadedApk$ReceiverDispatcher$Args.run:761 

I/ActivityManager( 1191): Start proc com.qualcomm.services.location for broadcast com.qualcomm.msapm/.MSAPMReceiver: pid=26259 uid=1000 gids={41000, 3003, 1028, 1015, 3002, 3001, 3005, 1021, 3004, 1000, 3009, 1023, 1010, 1007, 3006, 3007, 2001, 1035}

D/WifiService( 1191): uid=10109 wifi scan blocked

I/ActivityManager( 1191): Start proc com.miui.virtualsim for broadcast com.miui.virtualsim/.receiver.WifiReceiver: pid=26280 uid=1001 gids={41001, 3004, 3009, 3005, 1006, 3002, 3001, 3003, 1028, 1015, 1007}

I/ActivityManager( 1191): Killing 25822:com.android.musicfx/u0a16 (adj 15): empty #9

D/WifiService( 1191): uid=10093 wifi scan blocked

W/ActivityManager( 1191): Unable to start service Intent { act=org.agoo.android.intent.action.PING_V4 cat=[taobao] (has extras) } U=0: not found

W/ActivityManager( 1191): Unable to start service Intent { act=org.agoo.android.intent.action.PING_V4 cat=[taobao] } U=0: not found

W/BroadcastQueue( 1191): Unable to launch app com.wandoujia.phoenix2.usbproxy/10286 for broadcast Intent { act=android.intent.action.PACKAGE_CHANGED dat=package:com.eg.android.AlipayGphoneRC flg=0x4000010 (has extras) }: process is not permitted to autostart

W/BroadcastQueue( 1191): Unable to launch app com.wandoujia.phoenix2/10100 for broadcast Intent { act=android.intent.action.PACKAGE_CHANGED dat=package:com.eg.android.AlipayGphoneRC flg=0x4000010 (has extras) }: process is not permitted to autostart

W/BroadcastQueue( 1191): Unable to launch app com.wandoujia.phoenix2/10100 for broadcast Intent { act=android.intent.action.PACKAGE_CHANGED dat=package:com.eg.android.AlipayGphoneRC flg=0x4000010 (has extras) }: process is not permitted to autostart

W/IntentResolver( 1191): resolveIntent: multiple matches, only some with CATEGORY_DEFAULT

I/PackageManager( 1191): Adding preferred activity ComponentInfo{com.android.mms/com.android.mms.ui.ComposeMessageRouterActivity} for user 0 :

W/IntentResolver( 1191): resolveIntent: multiple matches, only some with CATEGORY_DEFAULT

I/PackageManager( 1191): Adding preferred activity ComponentInfo{com.android.mms/com.android.mms.ui.ComposeMessageRouterActivity} for user 0 :

W/IntentResolver( 1191): resolveIntent: multiple matches, only some with CATEGORY_DEFAULT

I/PackageManager( 1191): Adding preferred activity ComponentInfo{com.android.mms/com.android.mms.ui.ComposeMessageRouterActivity} for user 0 :

W/IntentResolver( 1191): resolveIntent: multiple matches, only some with CATEGORY_DEFAULT

I/PackageManager( 1191): Adding preferred activity ComponentInfo{com.android.mms/com.android.mms.ui.ComposeMessageRouterActivity} for user 0 :

W/IntentResolver( 1191): resolveIntent: multiple matches, only some with CATEGORY_DEFAULT

I/PackageManager( 1191): Adding preferred activity ComponentInfo{com.android.mms/com.android.mms.ui.ComposeMessageRouterActivity} for user 0 :

W/IntentResolver( 1191): resolveIntent: multiple matches, only some with CATEGORY_DEFAULT

I/PackageManager( 1191): Adding preferred activity ComponentInfo{com.android.mms/com.android.mms.ui.ComposeMessageRouterActivity} for user 0 :

W/IntentResolver( 1191): resolveIntent: multiple matches, only some with CATEGORY_DEFAULT

I/PackageManager( 1191): Adding preferred activity ComponentInfo{com.android.mms/com.android.mms.ui.ComposeMessageRouterActivity} for user 0 :

W/IntentResolver( 1191): resolveIntent: multiple matches, only some with CATEGORY_DEFAULT

I/PackageManager( 1191): Adding preferred activity ComponentInfo{com.android.mms/com.android.mms.ui.ComposeMessageRouterActivity} for user 0 :

W/ContextImpl( 6194): Calling a method in the system process without a qualified user: android.app.ContextImpl.sendBroadcast:1165 android.content.ContextWrapper.sendBroadcast:365 com.miui.networkassistant.service.tm.TrafficManageService.broadCastDataUsageUpdated:896 com.miui.networkassistant.service.tm.TrafficManageService$7.onReceive:1104 android.app.LoadedApk$ReceiverDispatcher$Args.run:761 

W/ContextImpl( 6194): Calling a method in the system process without a qualified user: android.app.ContextImpl.sendBroadcast:1165 android.content.ContextWrapper.sendBroadcast:365 com.miui.networkassistant.service.tm.TrafficManageService.broadCastDataUsageUpdated:896 com.miui.networkassistant.service.tm.TrafficManageService$7.onReceive:1104 android.app.LoadedApk$ReceiverDispatcher$Args.run:761 

W/ContextImpl( 6194): Calling a method in the system process without a qualified user: android.app.ContextImpl.sendBroadcast:1165 android.content.ContextWrapper.sendBroadcast:365 com.miui.networkassistant.service.tm.TrafficManageService.broadCastDataUsageUpdated:896 com.miui.networkassistant.service.tm.TrafficManageService$7.onReceive:1104 android.app.LoadedApk$ReceiverDispatcher$Args.run:761 

W/BroadcastQueue( 1191): Permission Denial: broadcasting Intent { act=com.android.launcher.action.INSTALL_SHORTCUT flg=0x10 (has extras) } from com.eg.android.AlipayGphoneRC (pid=25907, uid=10349) is not exported from uid 10093 due to receiver com.sina.weibo/.gowidget.GoWidgetProvider

E/ActivityThread(25907): Failed to find provider info for authentication.information

E/ActivityThread(25907): Failed to find provider info for authentication.information

E/ActivityThread(25907): Failed to find provider info for authentication.information

I/ActivityManager( 1191): Killing 25921:com.miui.networkassistant:shandow/1000 (adj 15): kill background

W/ContextImpl( 6194): Calling a method in the system process without a qualified user: android.app.ContextImpl.sendBroadcast:1165 android.content.ContextWrapper.sendBroadcast:365 com.miui.networkassistant.service.tm.TrafficManageService.broadCastDataUsageUpdated:896 com.miui.networkassistant.service.tm.TrafficManageService$7.onReceive:1104 android.app.LoadedApk$ReceiverDispatcher$Args.run:761 

W/InputMethodManagerService( 1191): Starting input on non-focused client com.android.internal.view.IInputMethodClient$Stub$Proxy@43296378 (uid=10349 pid=25907)

W/ContextImpl( 6194): Calling a method in the system process without a qualified user: android.app.ContextImpl.sendBroadcast:1165 android.content.ContextWrapper.sendBroadcast:365 com.miui.networkassistant.service.tm.TrafficManageService.broadCastDataUsageUpdated:896 com.miui.networkassistant.service.tm.TrafficManageService$7.onReceive:1104 android.app.LoadedApk$ReceiverDispatcher$Args.run:761 

I/ActivityManager( 1191): START u0 {flg=0x40000 cmp=com.eg.android.AlipayGphoneRC/com.alipay.android.phone.home.ui.AppsCenterActivity (has extras)} from pid 25907

I/ActivityManager( 1191): START u0 {flg=0x50000 cmp=com.eg.android.AlipayGphoneRC/com.alipay.mobile.nebulacore.ui.H5TransActivity (has extras)} from pid 25907

W/ContextImpl( 6194): Calling a method in the system process without a qualified user: android.app.ContextImpl.sendBroadcast:1165 android.content.ContextWrapper.sendBroadcast:365 com.miui.networkassistant.service.tm.TrafficManageService.broadCastDataUsageUpdated:896 com.miui.networkassistant.service.tm.TrafficManageService$7.onReceive:1104 android.app.LoadedApk$ReceiverDispatcher$Args.run:761 

W/ContextImpl( 6194): Calling a method in the system process without a qualified user: android.app.ContextImpl.sendBroadcast:1165 android.content.ContextWrapper.sendBroadcast:365 com.miui.networkassistant.service.tm.TrafficManageService.broadCastDataUsageUpdated:896 com.miui.networkassistant.service.tm.TrafficManageService$7.onReceive:1104 android.app.LoadedApk$ReceiverDispatcher$Args.run:761 

W/ContextImpl( 6194): Calling a method in the system process without a qualified user: android.app.ContextImpl.sendBroadcast:1165 android.content.ContextWrapper.sendBroadcast:365 com.miui.networkassistant.service.tm.TrafficManageService.broadCastDataUsageUpdated:896 com.miui.networkassistant.service.tm.TrafficManageService$7.onReceive:1104 android.app.LoadedApk$ReceiverDispatcher$Args.run:761 

W/ContextImpl( 6194): Calling a method in the system process without a qualified user: android.app.ContextImpl.sendBroadcast:1165 android.content.ContextWrapper.sendBroadcast:365 com.miui.networkassistant.service.tm.TrafficManageService.broadCastDataUsageUpdated:896 com.miui.networkassistant.service.tm.TrafficManageService$7.onReceive:1104 android.app.LoadedApk$ReceiverDispatcher$Args.run:761 

W/ContextImpl( 6194): Calling a method in the system process without a qualified user: android.app.ContextImpl.sendBroadcast:1165 android.content.ContextWrapper.sendBroadcast:365 com.miui.networkassistant.service.tm.TrafficManageService.broadCastDataUsageUpdated:896 com.miui.networkassistant.service.tm.TrafficManageService$7.onReceive:1104 android.app.LoadedApk$ReceiverDispatcher$Args.run:761 

W/ContextImpl( 6194): Calling a method in the system process without a qualified user: android.app.ContextImpl.sendBroadcast:1165 android.content.ContextWrapper.sendBroadcast:365 com.miui.networkassistant.service.tm.TrafficManageService.broadCastDataUsageUpdated:896 com.miui.networkassistant.service.tm.TrafficManageService$7.onReceive:1104 android.app.LoadedApk$ReceiverDispatcher$Args.run:761 

W/ContextImpl( 6194): Calling a method in the system process without a qualified user: android.app.ContextImpl.sendBroadcast:1165 android.content.ContextWrapper.sendBroadcast:365 com.miui.networkassistant.service.tm.TrafficManageService.broadCastDataUsageUpdated:896 com.miui.networkassistant.service.tm.TrafficManageService$7.onReceive:1104 android.app.LoadedApk$ReceiverDispatcher$Args.run:761 

W/ContextImpl( 6194): Calling a method in the system process without a qualified user: android.app.ContextImpl.sendBroadcast:1165 android.content.ContextWrapper.sendBroadcast:365 com.miui.networkassistant.service.tm.TrafficManageService.broadCastDataUsageUpdated:896 com.miui.networkassistant.service.tm.TrafficManageService$7.onReceive:1104 android.app.LoadedApk$ReceiverDispatcher$Args.run:761 

W/ContextImpl( 6194): Calling a method in the system process without a qualified user: android.app.ContextImpl.sendBroadcast:1165 android.content.ContextWrapper.sendBroadcast:365 com.miui.networkassistant.service.tm.TrafficManageService.broadCastDataUsageUpdated:896 com.miui.networkassistant.service.tm.TrafficManageService$7.onReceive:1104 android.app.LoadedApk$ReceiverDispatcher$Args.run:761 

W/ContextImpl( 6194): Calling a method in the system process without a qualified user: android.app.ContextImpl.sendBroadcast:1165 android.content.ContextWrapper.sendBroadcast:365 com.miui.networkassistant.service.tm.TrafficManageService.broadCastDataUsageUpdated:896 com.miui.networkassistant.service.tm.TrafficManageService$7.onReceive:1104 android.app.LoadedApk$ReceiverDispatcher$Args.run:761 

D/DisplayPowerState( 1191): Screen ready, Screen On:true, Brightness:173ElectronBeamLevel:1.0

D/DisplayPowerState( 1191): Screen ready, Screen On:true, Brightness:170ElectronBeamLevel:1.0

D/DisplayPowerState( 1191): Screen ready, Screen On:true, Brightness:166ElectronBeamLevel:1.0

D/DisplayPowerState( 1191): Screen ready, Screen On:true, Brightness:163ElectronBeamLevel:1.0

D/DisplayPowerState( 1191): Screen ready, Screen On:true, Brightness:160ElectronBeamLevel:1.0

D/DisplayPowerState( 1191): Screen ready, Screen On:true, Brightness:156ElectronBeamLevel:1.0

D/DisplayPowerState( 1191): Screen ready, Screen On:true, Brightness:153ElectronBeamLevel:1.0

D/DisplayPowerState( 1191): Screen ready, Screen On:true, Brightness:150ElectronBeamLevel:1.0

D/DisplayPowerState( 1191): Screen ready, Screen On:true, Brightness:146ElectronBeamLevel:1.0

D/DisplayPowerState( 1191): Screen ready, Screen On:true, Brightness:143ElectronBeamLevel:1.0

D/DisplayPowerState( 1191): Screen ready, Screen On:true, Brightness:140ElectronBeamLevel:1.0

D/DisplayPowerState( 1191): Screen ready, Screen On:true, Brightness:136ElectronBeamLevel:1.0

D/DisplayPowerState( 1191): Screen ready, Screen On:true, Brightness:133ElectronBeamLevel:1.0

D/DisplayPowerState( 1191): Screen ready, Screen On:true, Brightness:130ElectronBeamLevel:1.0

D/DisplayPowerState( 1191): Screen ready, Screen On:true, Brightness:126ElectronBeamLevel:1.0

D/DisplayPowerState( 1191): Screen ready, Screen On:true, Brightness:123ElectronBeamLevel:1.0

D/DisplayPowerState( 1191): Screen ready, Screen On:true, Brightness:119ElectronBeamLevel:1.0

D/DisplayPowerState( 1191): Screen ready, Screen On:true, Brightness:116ElectronBeamLevel:1.0

D/DisplayPowerState( 1191): Screen ready, Screen On:true, Brightness:113ElectronBeamLevel:1.0

D/DisplayPowerState( 1191): Screen ready, Screen On:true, Brightness:109ElectronBeamLevel:1.0

D/DisplayPowerState( 1191): Screen ready, Screen On:true, Brightness:106ElectronBeamLevel:1.0

D/DisplayPowerState( 1191): Screen ready, Screen On:true, Brightness:103ElectronBeamLevel:1.0

D/DisplayPowerState( 1191): Screen ready, Screen On:true, Brightness:99ElectronBeamLevel:1.0

D/DisplayPowerState( 1191): Screen ready, Screen On:true, Brightness:96ElectronBeamLevel:1.0

D/DisplayPowerState( 1191): Screen ready, Screen On:true, Brightness:93ElectronBeamLevel:1.0

D/DisplayPowerState( 1191): Screen ready, Screen On:true, Brightness:89ElectronBeamLevel:1.0

D/DisplayPowerState( 1191): Screen ready, Screen On:true, Brightness:86ElectronBeamLevel:1.0

D/DisplayPowerState( 1191): Screen ready, Screen On:true, Brightness:82ElectronBeamLevel:1.0

D/DisplayPowerState( 1191): Screen ready, Screen On:true, Brightness:79ElectronBeamLevel:1.0

D/DisplayPowerState( 1191): Screen ready, Screen On:true, Brightness:76ElectronBeamLevel:1.0

D/DisplayPowerState( 1191): Screen ready, Screen On:true, Brightness:72ElectronBeamLevel:1.0

D/DisplayPowerState( 1191): Screen ready, Screen On:true, Brightness:69ElectronBeamLevel:1.0

D/DisplayPowerState( 1191): Screen ready, Screen On:true, Brightness:66ElectronBeamLevel:1.0

D/DisplayPowerState( 1191): Screen ready, Screen On:true, Brightness:62ElectronBeamLevel:1.0

D/DisplayPowerState( 1191): Screen ready, Screen On:true, Brightness:59ElectronBeamLevel:1.0

D/DisplayPowerState( 1191): Screen ready, Screen On:true, Brightness:56ElectronBeamLevel:1.0

D/DisplayPowerState( 1191): Screen ready, Screen On:true, Brightness:52ElectronBeamLevel:1.0

D/DisplayPowerState( 1191): Screen ready, Screen On:true, Brightness:49ElectronBeamLevel:1.0

D/DisplayPowerState( 1191): Screen ready, Screen On:true, Brightness:45ElectronBeamLevel:1.0

D/DisplayPowerState( 1191): Screen ready, Screen On:true, Brightness:42ElectronBeamLevel:1.0

D/DisplayPowerState( 1191): Screen ready, Screen On:true, Brightness:39ElectronBeamLevel:1.0

D/DisplayPowerState( 1191): Screen ready, Screen On:true, Brightness:35ElectronBeamLevel:1.0

D/DisplayPowerState( 1191): Screen ready, Screen On:true, Brightness:32ElectronBeamLevel:1.0

D/DisplayPowerState( 1191): Screen ready, Screen On:true, Brightness:29ElectronBeamLevel:1.0

D/DisplayPowerState( 1191): Screen ready, Screen On:true, Brightness:25ElectronBeamLevel:1.0

D/DisplayPowerState( 1191): Screen ready, Screen On:true, Brightness:22ElectronBeamLevel:1.0

D/DisplayPowerState( 1191): Screen ready, Screen On:true, Brightness:19ElectronBeamLevel:1.0

D/DisplayPowerState( 1191): Screen ready, Screen On:true, Brightness:15ElectronBeamLevel:1.0

D/DisplayPowerState( 1191): Screen ready, Screen On:true, Brightness:12ElectronBeamLevel:1.0

D/DisplayPowerState( 1191): Screen ready, Screen On:true, Brightness:9ElectronBeamLevel:1.0

D/DisplayPowerState( 1191): Screen ready, Screen On:true, Brightness:5ElectronBeamLevel:1.0

D/DisplayPowerState( 1191): Screen ready, Screen On:true, Brightness:2ElectronBeamLevel:1.0

W/ContextImpl( 6194): Calling a method in the system process without a qualified user: android.app.ContextImpl.sendBroadcast:1165 android.content.ContextWrapper.sendBroadcast:365 com.miui.networkassistant.service.tm.TrafficManageService.broadCastDataUsageUpdated:896 com.miui.networkassistant.service.tm.TrafficManageService$7.onReceive:1104 android.app.LoadedApk$ReceiverDispatcher$Args.run:761 

W/ContextImpl( 6194): Calling a method in the system process without a qualified user: android.app.ContextImpl.sendBroadcast:1165 android.content.ContextWrapper.sendBroadcast:365 com.miui.networkassistant.service.tm.TrafficManageService.broadCastDataUsageUpdated:896 com.miui.networkassistant.service.tm.TrafficManageService$7.onReceive:1104 android.app.LoadedApk$ReceiverDispatcher$Args.run:761 

W/ContextImpl( 6194): Calling a method in the system process without a qualified user: android.app.ContextImpl.sendBroadcast:1165 android.content.ContextWrapper.sendBroadcast:365 com.miui.networkassistant.service.tm.TrafficManageService.broadCastDataUsageUpdated:896 com.miui.networkassistant.service.tm.TrafficManageService$7.onReceive:1104 android.app.LoadedApk$ReceiverDispatcher$Args.run:761 

W/ContextImpl( 6194): Calling a method in the system process without a qualified user: android.app.ContextImpl.sendBroadcast:1165 android.content.ContextWrapper.sendBroadcast:365 com.miui.networkassistant.service.tm.TrafficManageService.broadCastDataUsageUpdated:896 com.miui.networkassistant.service.tm.TrafficManageService$7.onReceive:1104 android.app.LoadedApk$ReceiverDispatcher$Args.run:761 

D/DisplayPowerState( 1191): Screen ready, Screen On:true, Brightness:4ElectronBeamLevel:1.0

D/DisplayPowerState( 1191): Screen ready, Screen On:true, Brightness:7ElectronBeamLevel:1.0

D/DisplayPowerState( 1191): Screen ready, Screen On:true, Brightness:10ElectronBeamLevel:1.0

D/DisplayPowerState( 1191): Screen ready, Screen On:true, Brightness:14ElectronBeamLevel:1.0

D/DisplayPowerState( 1191): Screen ready, Screen On:true, Brightness:17ElectronBeamLevel:1.0

D/DisplayPowerState( 1191): Screen ready, Screen On:true, Brightness:20ElectronBeamLevel:1.0

D/DisplayPowerState( 1191): Screen ready, Screen On:true, Brightness:24ElectronBeamLevel:1.0

D/DisplayPowerState( 1191): Screen ready, Screen On:true, Brightness:27ElectronBeamLevel:1.0

D/DisplayPowerState( 1191): Screen ready, Screen On:true, Brightness:31ElectronBeamLevel:1.0

D/DisplayPowerState( 1191): Screen ready, Screen On:true, Brightness:34ElectronBeamLevel:1.0

D/DisplayPowerState( 1191): Screen ready, Screen On:true, Brightness:37ElectronBeamLevel:1.0

D/DisplayPowerState( 1191): Screen ready, Screen On:true, Brightness:41ElectronBeamLevel:1.0

D/DisplayPowerState( 1191): Screen ready, Screen On:true, Brightness:44ElectronBeamLevel:1.0

D/DisplayPowerState( 1191): Screen ready, Screen On:true, Brightness:47ElectronBeamLevel:1.0

D/DisplayPowerState( 1191): Screen ready, Screen On:true, Brightness:51ElectronBeamLevel:1.0

D/DisplayPowerState( 1191): Screen ready, Screen On:true, Brightness:54ElectronBeamLevel:1.0

D/DisplayPowerState( 1191): Screen ready, Screen On:true, Brightness:57ElectronBeamLevel:1.0

D/DisplayPowerState( 1191): Screen ready, Screen On:true, Brightness:61ElectronBeamLevel:1.0

D/DisplayPowerState( 1191): Screen ready, Screen On:true, Brightness:64ElectronBeamLevel:1.0

D/DisplayPowerState( 1191): Screen ready, Screen On:true, Brightness:68ElectronBeamLevel:1.0

D/DisplayPowerState( 1191): Screen ready, Screen On:true, Brightness:71ElectronBeamLevel:1.0

D/DisplayPowerState( 1191): Screen ready, Screen On:true, Brightness:74ElectronBeamLevel:1.0

D/DisplayPowerState( 1191): Screen ready, Screen On:true, Brightness:78ElectronBeamLevel:1.0

D/DisplayPowerState( 1191): Screen ready, Screen On:true, Brightness:81ElectronBeamLevel:1.0

D/DisplayPowerState( 1191): Screen ready, Screen On:true, Brightness:84ElectronBeamLevel:1.0

D/DisplayPowerState( 1191): Screen ready, Screen On:true, Brightness:88ElectronBeamLevel:1.0

D/DisplayPowerState( 1191): Screen ready, Screen On:true, Brightness:91ElectronBeamLevel:1.0

D/DisplayPowerState( 1191): Screen ready, Screen On:true, Brightness:94ElectronBeamLevel:1.0

D/DisplayPowerState( 1191): Screen ready, Screen On:true, Brightness:98ElectronBeamLevel:1.0

D/DisplayPowerState( 1191): Screen ready, Screen On:true, Brightness:101ElectronBeamLevel:1.0

D/DisplayPowerState( 1191): Screen ready, Screen On:true, Brightness:105ElectronBeamLevel:1.0

D/DisplayPowerState( 1191): Screen ready, Screen On:true, Brightness:108ElectronBeamLevel:1.0

D/DisplayPowerState( 1191): Screen ready, Screen On:true, Brightness:111ElectronBeamLevel:1.0

D/DisplayPowerState( 1191): Screen ready, Screen On:true, Brightness:115ElectronBeamLevel:1.0

D/DisplayPowerState( 1191): Screen ready, Screen On:true, Brightness:118ElectronBeamLevel:1.0

D/DisplayPowerState( 1191): Screen ready, Screen On:true, Brightness:121ElectronBeamLevel:1.0

D/DisplayPowerState( 1191): Screen ready, Screen On:true, Brightness:125ElectronBeamLevel:1.0

D/DisplayPowerState( 1191): Screen ready, Screen On:true, Brightness:128ElectronBeamLevel:1.0

D/DisplayPowerState( 1191): Screen ready, Screen On:true, Brightness:131ElectronBeamLevel:1.0

D/DisplayPowerState( 1191): Screen ready, Screen On:true, Brightness:135ElectronBeamLevel:1.0

D/DisplayPowerState( 1191): Screen ready, Screen On:true, Brightness:138ElectronBeamLevel:1.0

D/DisplayPowerState( 1191): Screen ready, Screen On:true, Brightness:142ElectronBeamLevel:1.0

D/DisplayPowerState( 1191): Screen ready, Screen On:true, Brightness:145ElectronBeamLevel:1.0

D/DisplayPowerState( 1191): Screen ready, Screen On:true, Brightness:148ElectronBeamLevel:1.0

D/DisplayPowerState( 1191): Screen ready, Screen On:true, Brightness:152ElectronBeamLevel:1.0

D/DisplayPowerState( 1191): Screen ready, Screen On:true, Brightness:155ElectronBeamLevel:1.0

D/DisplayPowerState( 1191): Screen ready, Screen On:true, Brightness:158ElectronBeamLevel:1.0

D/DisplayPowerState( 1191): Screen ready, Screen On:true, Brightness:162ElectronBeamLevel:1.0

D/DisplayPowerState( 1191): Screen ready, Screen On:true, Brightness:165ElectronBeamLevel:1.0

D/DisplayPowerState( 1191): Screen ready, Screen On:true, Brightness:168ElectronBeamLevel:1.0

D/DisplayPowerState( 1191): Screen ready, Screen On:true, Brightness:172ElectronBeamLevel:1.0

D/DisplayPowerState( 1191): Screen ready, Screen On:true, Brightness:175ElectronBeamLevel:1.0

W/ContextImpl( 6194): Calling a method in the system process without a qualified user: android.app.ContextImpl.sendBroadcast:1165 android.content.ContextWrapper.sendBroadcast:365 com.miui.networkassistant.service.tm.TrafficManageService.broadCastDataUsageUpdated:896 com.miui.networkassistant.service.tm.TrafficManageService$7.onReceive:1104 android.app.LoadedApk$ReceiverDispatcher$Args.run:761 

D/WifiService( 1191): uid=10093 wifi scan blocked

W/ContextImpl( 6194): Calling a method in the system process without a qualified user: android.app.ContextImpl.sendBroadcast:1165 android.content.ContextWrapper.sendBroadcast:365 com.miui.networkassistant.service.tm.TrafficManageService.broadCastDataUsageUpdated:896 com.miui.networkassistant.service.tm.TrafficManageService$7.onReceive:1104 android.app.LoadedApk$ReceiverDispatcher$Args.run:761 

W/ContextImpl( 6194): Calling a method in the system process without a qualified user: android.app.ContextImpl.sendBroadcast:1165 android.content.ContextWrapper.sendBroadcast:365 com.miui.networkassistant.service.tm.TrafficManageService.broadCastDataUsageUpdated:896 com.miui.networkassistant.service.tm.TrafficManageService$7.onReceive:1104 android.app.LoadedApk$ReceiverDispatcher$Args.run:761 

W/ContextImpl( 6194): Calling a method in the system process without a qualified user: android.app.ContextImpl.sendBroadcast:1165 android.content.ContextWrapper.sendBroadcast:365 com.miui.networkassistant.service.tm.TrafficManageService.broadCastDataUsageUpdated:896 com.miui.networkassistant.service.tm.TrafficManageService$7.onReceive:1104 android.app.LoadedApk$ReceiverDispatcher$Args.run:761 

