--------- beginning of system

W/ActivityManager(  967): getTasks: caller 10183 does not hold GET_TASKS; limiting output

W/ActivityManager(  967): getTasks: caller 10183 does not hold GET_TASKS; limiting output

W/InputMethodManagerService(  967): Window already focused, ignoring focus gain of: com.android.internal.view.IInputMethodClient$Stub$Proxy@1c4321ae attribute=EditorInfo { packageName=com.android.settings, inputType=0x0, imeOptions=0x0, privateImeOptions=null }, token = android.os.BinderProxy@2731e6b2, client pid=15498, inputType=0x0

D/PMS     (  967): acquireWL(39c392dc): PARTIAL_WAKE_LOCK  NfcService:mRoutingWakeLock 0x1 29999 1027 null

D/PMS     (  967): releaseWL(39c392dc): PARTIAL_WAKE_LOCK  NfcService:mRoutingWakeLock 0x1 null

W/ContextImpl(15498): Calling a method in the system process without a qualified user: android.app.ContextImpl.startService:1824 android.content.ContextWrapper.startService:515 android.content.ContextWrapper.startService:515 com.android.settings.PSReceiver.onReceive:36 android.app.ActivityThread.handleReceiver:2712 

I/ActivityManager(  967): Start proc me.ele for broadcast me.ele/com.igexin.sdk.PushReceiver: pid=19068 uid=10018 gids={50018, 9997, 1028, 1015, 3003} abi=armeabi-v7a

D/ActivityThread(19010): Loading provider com.qiyi.video: org.qiyi.android.corejar.database.QiyiContentProvider

D/ActivityThread(19031): Loading provider com.qiyi.video: org.qiyi.android.corejar.database.QiyiContentProvider

D/WifiService(  967): New client listening to asynchronous messages

D/WifiService(  967): New client listening to asynchronous messages

W/ActivityManager(  967): getTasks: caller 10324 does not hold GET_TASKS; limiting output

D/WifiService(  967): New client listening to asynchronous messages

W/PackageParser(19010): Unknown element under <manifest>: user-permission at /data/data/com.qiyi.video/app_pluginapp/org.qiyi.videotransfer.apk Binary XML file line #35

W/PackageParser(19031): Unknown element under <manifest>: user-permission at /data/data/com.qiyi.video/app_pluginapp/org.qiyi.videotransfer.apk Binary XML file line #35

W/PackageParser(19010): Unknown element under <manifest>: user-permission at /data/data/com.qiyi.video/app_pluginapp/org.qiyi.videotransfer.apk Binary XML file line #35

W/PackageParser(19031): Unknown element under <manifest>: user-permission at /data/data/com.qiyi.video/app_pluginapp/org.qiyi.videotransfer.apk Binary XML file line #35

D/PMS     (  967): acquireWL(6be2bf8): PARTIAL_WAKE_LOCK  GsmConnection 0x1 2934 1001 null

D/PMS     (  967): acquireWL(a2e78d1): PARTIAL_WAKE_LOCK  BatteryServiceUpdateStats_3 0x1 967 1000 null

I/BatteryService(  967): n_update end

D/PMS     (  967): releaseWL(a2e78d1): PARTIAL_WAKE_LOCK  BatteryServiceUpdateStats_3 0x1 null

I/ActivityManager(  967): Start proc com.qiyi.video:plugin2 for service com.qiyi.video/org.qiyi.android.plugin.ipc.IPCService2: pid=19144 uid=10005 gids={50005, 9997, 3003, 1028, 1015, 3002} abi=armeabi

D/HtcPowerSaver(  967): updateBatteryInfo

D/NotificationService(  967): plugged=true pluggin=true

D/PMS     (  967): runPSCheck

D/HtcPowerSaver(  967): Checking...

I/HtcPowerSaver(  967): >> updateStatus

D/PowerUI ( 2788): closing low battery warning: level=80

I/HtcPowerSaver(  967): updateStatus (8000,80,-1,false,false,false,-1)

I/HtcPowerSaver(  967): << updateStatus

D/PowerUI ( 2788): plugged = true, health = 2, mBatteryLevel = 80, mPluggedBatteryLevel = 79, mLowBatteryWarningLevel2 = 25, mshowLowChargingWarning2 = true

D/WifiController(  967): battery changed pluggedType: 2

I/ActivityManager(  967): Start proc com.htc.mobiledata:remote for service com.htc.mobiledata/.MobileDataService: pid=19164 uid=10070 gids={50070, 9997, 3003} abi=armeabi-v7a

I/ActivityManager(  967): Start proc com.qiyi.video:baiduLocation for service com.qiyi.video/com.baidu.location.f: pid=19183 uid=10005 gids={50005, 9997, 3003, 1028, 1015, 3002} abi=armeabi

D/PMS     (  967): acquireWL(3d670e1a): PARTIAL_WAKE_LOCK  *alarm* 0x1 967 1000 WorkSource{10033}

V/AlarmManager(  967): sending alarm PendingIntent{a739ad: PendingIntentRecord{39474e2 cn.goapk.market startService}}, i=null, t=0, cnt=1, w=1450258885347, Int=1200000

V/AlarmManager(  967): sending alarm PendingIntent{d491d4b: PendingIntentRecord{22108328 cn.goapk.market broadcastIntent}}, i=DXCoreAlarmReceiver, t=1, cnt=1, w=1450258890921, Int=1800000

V/AlarmManager(  967): sending alarm PendingIntent{651f657: PendingIntentRecord{14f42491 com.dianping.v1 startService}}, i=com.dianping.push.KEEP_ALIVE, t=0, cnt=1, w=1450258913713, Int=240000

V/AlarmManager(  967): sending alarm PendingIntent{903b2a5: PendingIntentRecord{79f867a android broadcastIntent}}, i=com.android.server.WifiManager.action.START_SCAN, t=1, cnt=1, w=1450258899698, Int=20000

V/AlarmManager(  967): sending alarm PendingIntent{2485fe45: PendingIntentRecord{ee4799a air.fyzb3 broadcastIntent}}, i=fyzb.alam.action, t=3, cnt=1, w=151243300, Int=60000

D/PMS     (  967): acquireWL(21ee3841): PARTIAL_WAKE_LOCK  ON_AFTER_RELEASE PhoneApp_1 0x20000001 2934 1001 null

D/WifiService(  967): New client listening to asynchronous messages

I/ActivityManager(  967): Start proc android.process.acore for content provider com.android.providers.contacts/.HtcContactsProvider2: pid=19242 uid=10029 gids={50029, 9997, 3003, 1028, 1015, 1023, 5011} abi=armeabi-v7a

D/ActivityThread(19144): Loading provider com.qiyi.video: org.qiyi.android.corejar.database.QiyiContentProvider

D/PMS     (  967): acquireWL(4a5177d): FULL_WAKE_LOCK  PhoneApp_0 0x1a 2934 1001 null

D/PMS     (  967): releaseWL(21ee3841): PARTIAL_WAKE_LOCK  ON_AFTER_RELEASE PhoneApp_1 0x20000001 null

D/StatusBarManagerService(  967): swetImeWindowStatus vis=0 backDisposition=0

W/ActivityManager(  967): getTasks: caller 10005 does not hold GET_TASKS; limiting output

D/WifiService(  967): New client listening to asynchronous messages

D/ZenLog  (  967): disable_effects: 0|com.android.phone|2|null|1001,callState

D/NotificationService(  967): disableEffects=callState

W/BroadcastQueue(  967): Permission Denial: broadcasting Intent { act=com.htc.intent.action.CONTACTS_DB_READY flg=0x10 } from null (pid=-1, uid=-1) requires com.htc.permission.APP_SHARED due to registered receiver BroadcastFilter{48a3004 u0 ReceiverList{bf44417 19242 android.process.acore/10029/u0 remote:4f6a096}}

D/PMS     (  967): acquireHCC(3fc59f0f): CPU_MIN_FREQ AbsListViewScroll_5.0 0x2000 15498 1000 null

D/PMS     (  967): acquireHCC(32357b9c): CPU_MIN_NUM AbsListViewScroll_5.0 0x8000 15498 1000 null

I/ActivityManager(  967): START u0 {act=android.intent.action.MAIN flg=0x10840000 cmp=com.android.phone/.InCallScreen (has extras)} from uid 1001 pid 2934 on display 0

D/WifiService(  967): acquireMulticastLock pid=19031, uid=10005

D/PMS     (  967): acquireWL(231759a5): PARTIAL_WAKE_LOCK  ActivityManager-Launch 0x1 967 1000 null

I/ActivityManager(  967): Start proc me.ele:pushservice for service me.ele/com.igexin.sdk.PushService: pid=19314 uid=10018 gids={50018, 9997, 1028, 1015, 3003} abi=armeabi-v7a

I/ActivityManager(  967): START u0 {act=android.intent.action.MAIN flg=0x10840000 cmp=com.android.phone/.InCallScreen} from uid 1001 pid -1 on display 0

I/ActivityManager(  967): Activity reported stop, but no longer stopping: ActivityRecord{81ce65a u0 com.android.settings/.SubSettings t8943}

I/ActivityManager(  967): Start proc com.htc.browser.providerproxy for content provider com.htc.browser.providerproxy/.BrowserProviderProxy: pid=19350 uid=10023 gids={50023, 9997} abi=armeabi-v7a

I/ActivityManager(  967): Start proc com.htc.sense.browser:provider2 for content provider com.htc.sense.browser/.provider.BrowserProvider2: pid=19382 uid=10035 gids={50035, 9997, 5001, 3003, 1028, 1015, 1023} abi=armeabi-v7a

W/PackageParser(19144): Unknown element under <manifest>: user-permission at /data/data/com.qiyi.video/app_pluginapp/org.qiyi.videotransfer.apk Binary XML file line #35

W/PackageParser(19144): Unknown element under <manifest>: user-permission at /data/data/com.qiyi.video/app_pluginapp/org.qiyi.videotransfer.apk Binary XML file line #35

I/ActivityManager(  967): Start proc com.htc.china.calllocation for content provider com.htc.china.calllocation/.CallLocationProvider: pid=19408 uid=10026 gids={50026, 9997} abi=armeabi-v7a

D/PMS     (  967): releaseHCC(3fc59f0f): CPU_MIN_FREQ AbsListViewScroll_5.0 0x2000 null

D/PMS     (  967): releaseHCC(32357b9c): CPU_MIN_NUM AbsListViewScroll_5.0 0x8000 null

I/ActivityManager(  967): Start proc com.yiwang for broadcast com.yiwang/com.igexin.sdk.PushReceiver: pid=19426 uid=10145 gids={50145, 9997, 3003, 1028, 1015} abi=armeabi-v7a

I/ActivityManager(  967): Recipient 18431

D/WifiService(  967): Client connection lost with reason: 4

I/libprocessgroup(  967): Killing pid 18459 in uid 10299 as part of process group 18431

I/libprocessgroup(  967): Killing pid 18459 in uid 10299 as part of process group 18431

E/libprocessgroup(  967): failed to kill 1 processes for processgroup 18431

I/ActivityManager(  967): Process com.netease.newsreader.activity (pid 18431) has died

I/ActivityManager(  967): Start proc com.htc.bgp for content provider com.htc.provider.CustomizationSettings/.CustomizationSettingsProvider: pid=19454 uid=10025 gids={50025, 9997, 1028, 1015, 5001, 5011, 2001, 3003} abi=armeabi-v7a

D/StatusBarManagerService(  967): manageDisableList userId=0 what=0x3600000 pkg=com.android.phone

D/NotificationService(  967): onSetDisabled: 0x3600000

D/StatusBarManagerService(  967): manageDisableList userId=0 what=0x0 pkg=com.android.phone

D/NotificationService(  967): onSetDisabled: 0x0

W/ResourcesManager(19454): Asset path '/system/framework/android.test.runner.jar' does not exist or contains no resources.

D/StatusBarManagerService(  967): manageDisableList userId=0 what=0x3600000 pkg=com.android.phone

D/NotificationService(  967): onSetDisabled: 0x3600000

I/ActivityManager(  967): Start proc com.qiyi.video:bdservice_v1 for service com.qiyi.video/com.baidu.android.pushservice.PushService: pid=19483 uid=10005 gids={50005, 9997, 3003, 1028, 1015, 3002} abi=armeabi

I/ActivityManager(  967): Cannot resolve ContentProvider=com.google.settings

E/ActivityThread(19382): Failed to find provider info for com.google.settings

I/ActivityManager(  967): Cannot resolve ContentProvider=com.google.settings

E/ActivityThread(19382): Failed to find provider info for com.google.settings

D/XAN-DPC (  967): getPSensorActive=-1

D/StatusBarManagerService(  967): manageDisableList userId=0 what=0x3610000 pkg=com.android.phone

D/NotificationService(  967): onSetDisabled: 0x3610000

D/StatusBarManagerService(  967): manageDisableList userId=0 what=0x3650000 pkg=com.android.phone

D/NotificationService(  967): onSetDisabled: 0x3650000

D/StatusBarManagerService(  967): setSystemUiVisibility(0x40000500)

D/StatusBarManagerService(  967): manageDisableList userId=0 what=0x0 pkg=WindowManager.LayoutParams

D/StatusBarManagerService(  967): hiding MENU key

D/ZenLog  (  967): disable_effects: 0|com.android.phone|2|null|1001,booleanState

D/NotificationService(  967): disableEffects=booleanState

D/WifiService(  967): Client connection lost with reason: 4

I/ActivityManager(  967): Recipient 18744

E/libprocessgroup(  967): failed to kill 1 processes for processgroup 18744

I/ActivityManager(  967): Process com.tongbanjie.android (pid 18744) has died

I/ActivityManager(  967): Start proc com.htc.lockscreen for service com.htc.lockscreen/.service.HtcReminderService: pid=19521 uid=10196 gids={50196, 9997, 1028, 1015, 1035, 3002, 3001, 3006, 5001} abi=armeabi-v7a

D/WifiService(  967): Client connection lost with reason: 4

I/ActivityManager(  967): Recipient 18713

I/ActivityManager(  967): Process com.htc.htcpowermanager:remote (pid 18713) has died

D/ZenLog  (  967): disable_effects: 0|com.android.phone|2|null|1001,booleanState

D/NotificationService(  967): disableEffects=booleanState

D/StatusBarManagerService(  967): manageDisableList userId=0 what=0x0 pkg=com.android.systemui

D/ZenLog  (  967): disable_effects: 0|com.android.phone|2|null|1001,booleanState

D/NotificationService(  967): disableEffects=booleanState

D/ZenLog  (  967): disable_effects: 0|com.android.phone|2|null|1001,booleanState

D/NotificationService(  967): disableEffects=booleanState

V/AlarmManager(  967): sending alarm PendingIntent{581adbf: PendingIntentRecord{3be15c8c me.ele broadcastIntent}}, i=AlarmTaskSchedule.me.ele, t=0, cnt=1, w=1450258918647, Int=0

D/ZenLog  (  967): disable_effects: 0|com.android.phone|2|null|1001,booleanState

D/NotificationService(  967): disableEffects=booleanState

D/WifiService(  967): New client listening to asynchronous messages

D/WifiService(  967): New client listening to asynchronous messages

D/ZenLog  (  967): disable_effects: 0|com.android.phone|2|null|1001,booleanState

D/NotificationService(  967): disableEffects=booleanState

D/ZenLog  (  967): disable_effects: 0|com.android.phone|2|null|1001,booleanState

D/NotificationService(  967): disableEffects=booleanState

D/PMS     (  967): acquireWL(96f3fd5): PARTIAL_WAKE_LOCK  encrypted_tag 0x1 19314 10018 null

D/PMS     (  967): releaseWL(96f3fd5): PARTIAL_WAKE_LOCK  encrypted_tag 0x1 null

D/ZenLog  (  967): disable_effects: 0|com.android.phone|2|null|1001,booleanState

D/NotificationService(  967): disableEffects=booleanState

D/PMS     (  967): acquireWL(1d8f43ea): PARTIAL_WAKE_LOCK  AudioMix 0x1 0 1013 null

D/PMS     (  967): acquireWL(2dad66db): PARTIAL_WAKE_LOCK  AudioMix 0x1 0 1013 null

D/PMS     (  967): releaseWL(2dad66db): PARTIAL_WAKE_LOCK  AudioMix 0x1 null

D/PMS     (  967): acquireWL(308db578): PARTIAL_WAKE_LOCK  AudioMix 0x1 0 1013 null

D/PMS     (  967): releaseWL(308db578): PARTIAL_WAKE_LOCK  AudioMix 0x1 null

D/PMS     (  967): acquireWL(2c710451): PARTIAL_WAKE_LOCK  AudioMix 0x1 0 1013 null

D/PMS     (  967): releaseWL(2c710451): PARTIAL_WAKE_LOCK  AudioMix 0x1 null

D/PMS     (  967): acquireWL(315b4b6): PARTIAL_WAKE_LOCK  AudioMix 0x1 0 1013 null

I/ActivityManager(  967): Start proc com.baidu.BaiduMap:bdservice_v1 for service com.baidu.BaiduMap/com.baidu.android.pushservice.PushService: pid=19600 uid=10003 gids={50003, 9997, 1028, 1015, 3003, 3002, 3001} abi=armeabi

D/PMS     (  967): releaseWL(315b4b6): PARTIAL_WAKE_LOCK  AudioMix 0x1 null

E/NotificationService(  967): Not posting notification with icon==0: Notification(pri=0 contentView=null vibrate=null sound=null defaults=0x0 flags=0x21 color=0x00000000 vis=PRIVATE)

E/NotificationService(  967): WARNING: In a future release this will crash the app: com.android.phone

D/ZenLog  (  967): disable_effects: 0|com.android.phone|1001|null|1001,booleanState

D/NotificationService(  967): disableEffects=booleanState

D/ZenLog  (  967): disable_effects: 0|com.android.phone|2|null|1001,booleanState

D/NotificationService(  967): disableEffects=booleanState

I/ActivityManager(  967): Recipient 19483

D/PMS     (  967): acquireWL(281195b7): PARTIAL_WAKE_LOCK  encrypted_tag 0x1 19314 10018 null

D/PMS     (  967): releaseWL(281195b7): PARTIAL_WAKE_LOCK  encrypted_tag 0x1 null

I/ActivityManager(  967): Process com.qiyi.video:bdservice_v1 (pid 19483) has died

D/PMS     (  967): acquireWL(2da4b124): PARTIAL_WAKE_LOCK  encrypted_tag 0x1 19314 10018 null

D/PMS     (  967): releaseWL(2da4b124): PARTIAL_WAKE_LOCK  encrypted_tag 0x1 null

D/PMS     (  967): acquireWL(310dbb90): PARTIAL_WAKE_LOCK  encrypted_tag 0x1 19314 10018 null

D/PMS     (  967): releaseWL(310dbb90): PARTIAL_WAKE_LOCK  encrypted_tag 0x1 null

D/PMS     (  967): acquireWL(335eec89): PARTIAL_WAKE_LOCK  encrypted_tag 0x1 19314 10018 null

D/PMS     (  967): releaseWL(335eec89): PARTIAL_WAKE_LOCK  encrypted_tag 0x1 null

D/PMS     (  967): acquireWL(672a48e): PARTIAL_WAKE_LOCK  encrypted_tag 0x1 19314 10018 null

D/PMS     (  967): releaseWL(672a48e): PARTIAL_WAKE_LOCK  encrypted_tag 0x1 null

D/PMS     (  967): acquireWL(c784af): PARTIAL_WAKE_LOCK  encrypted_tag 0x1 19314 10018 null

W/ActivityManager(  967): getTasks: caller 10183 does not hold GET_TASKS; limiting output

D/PMS     (  967): releaseWL(c784af): PARTIAL_WAKE_LOCK  encrypted_tag 0x1 null

D/ZenLog  (  967): disable_effects: 0|com.android.phone|2|null|1001,booleanState

D/NotificationService(  967): disableEffects=booleanState

I/ActivityManager(  967): Recipient 19350

D/PMS     (  967): acquireWL(2dbb00bc): PARTIAL_WAKE_LOCK  encrypted_tag 0x1 19314 10018 null

D/PMS     (  967): releaseWL(2dbb00bc): PARTIAL_WAKE_LOCK  encrypted_tag 0x1 null

I/InputMethodManagerService(  967): Disable input method client, pid=15498

D/StatusBarManagerService(  967): swetImeWindowStatus vis=0 backDisposition=0

I/InputMethodManagerService(  967): Enable input method client, pid=2934

D/PMS     (  967): acquireWL(40c845): PARTIAL_WAKE_LOCK  encrypted_tag 0x1 19314 10018 null

D/PMS     (  967): releaseWL(40c845): PARTIAL_WAKE_LOCK  encrypted_tag 0x1 null

I/ActivityManager(  967): Process com.htc.browser.providerproxy (pid 19350) has died

D/PMS     (  967): acquireWL(2f87b9a): PARTIAL_WAKE_LOCK  encrypted_tag 0x1 19314 10018 null

D/PMS     (  967): releaseWL(2f87b9a): PARTIAL_WAKE_LOCK  encrypted_tag 0x1 null

I/ActivityManager(  967): Start proc com.yiwang:pushservice for service com.yiwang/com.igexin.sdk.PushService: pid=19658 uid=10145 gids={50145, 9997, 3003, 1028, 1015} abi=armeabi-v7a

V/AlarmManager(  967): sending alarm PendingIntent{2c91bccb: PendingIntentRecord{3be15c8c me.ele broadcastIntent}}, i=AlarmTaskSchedule.me.ele, t=0, cnt=1, w=1450258919526, Int=0

D/PMS     (  967): acquireWL(31956ca8): PARTIAL_WAKE_LOCK  encrypted_tag 0x1 19314 10018 null

D/PMS     (  967): releaseWL(31956ca8): PARTIAL_WAKE_LOCK  encrypted_tag 0x1 null

D/PMS     (  967): acquireWL(15aaa3c1): PARTIAL_WAKE_LOCK  encrypted_tag 0x1 19314 10018 null

D/PMS     (  967): releaseWL(15aaa3c1): PARTIAL_WAKE_LOCK  encrypted_tag 0x1 null

I/ActivityManager(  967): Start proc sogou.mobile.explorer.hotwords for service com.sohu.inputmethod.sogou/sogou.mobile.explorer.hotwords.entrance.SogouInputEntranceService: pid=19679 uid=10172 gids={50172, 9997, 3003, 1028, 1015} abi=armeabi

D/PMS     (  967): acquireWL(1fd2b766): PARTIAL_WAKE_LOCK  encrypted_tag 0x1 19314 10018 null

D/PMS     (  967): releaseWL(1fd2b766): PARTIAL_WAKE_LOCK  encrypted_tag 0x1 null

I/ActivityManager(  967): Recipient 19382

D/PMS     (  967): acquireWL(3e28ab54): PARTIAL_WAKE_LOCK  encrypted_tag 0x1 19314 10018 null

D/PMS     (  967): releaseWL(3e28ab54): PARTIAL_WAKE_LOCK  encrypted_tag 0x1 null

I/ActivityManager(  967): Process com.htc.sense.browser:provider2 (pid 19382) has died

I/ActivityManager(  967): Start proc air.fyzb3:pushservice for service air.fyzb3/com.igexin.sdk.PushService: pid=19700 uid=10157 gids={50157, 9997, 3003, 1028, 1015} abi=armeabi-v7a

V/AlarmManager(  967): sending alarm PendingIntent{284a73eb: PendingIntentRecord{29c72548 android broadcastIntent}}, i=android.intent.action.TIME_TICK, t=3, cnt=1, w=151262805, Int=0

D/TaskPersister(  967): removeObsoleteFile: deleting file=8900_task.xml

I/ActivityManager(  967): Delay finish: air.fyzb3/com.igexin.sdk.PushReceiver

D/WifiService(  967): @onServiceStateChanged: 0 0 home 中国移动 CMCC 46000  GPRS GPRS CSS not supported -1 -1 RoamInd=-1 DefRoamInd=-1EriInd= -1EriMode= -1RadioPowerSv: false EmergOnly=false PhoneType: 1 VoiceRoaming: false DataRoaming: false IMSRegState: -1

D/WifiService(  967): MCC after camp network: 460

D/WifiService(  967): WIFI_COUNTRY_CODE set to cn after camp network

I/WifiService(  967): WifiService trying to set country code to cn with persist set to true

D/PMS     (  967): releaseWL(231759a5): PARTIAL_WAKE_LOCK  ActivityManager-Launch 0x1 null

E/ActivityThread(15498): Performing stop of activity that is not resumed: {com.android.settings/com.android.settings.SubSettings}

E/ActivityThread(15498): java.lang.RuntimeException: Performing stop of activity that is not resumed: {com.android.settings/com.android.settings.SubSettings}

E/ActivityThread(15498): 	at android.app.ActivityThread.performStopActivityInner(ActivityThread.java:3624)

E/ActivityThread(15498): 	at android.app.ActivityThread.handleStopActivity(ActivityThread.java:3712)

E/ActivityThread(15498): 	at android.app.ActivityThread.access$1100(ActivityThread.java:144)

E/ActivityThread(15498): 	at android.app.ActivityThread$H.handleMessage(ActivityThread.java:1388)

E/ActivityThread(15498): 	at android.os.Handler.dispatchMessage(Handler.java:102)

E/ActivityThread(15498): 	at android.os.Looper.loop(Looper.java:155)

E/ActivityThread(15498): 	at android.app.ActivityThread.main(ActivityThread.java:5721)

E/ActivityThread(15498): 	at java.lang.reflect.Method.invoke(Native Method)

E/ActivityThread(15498): 	at java.lang.reflect.Method.invoke(Method.java:372)

E/ActivityThread(15498): 	at com.android.internal.os.ZygoteInit$MethodAndArgsCaller.run(ZygoteInit.java:1029)

E/ActivityThread(15498): 	at com.android.internal.os.ZygoteInit.main(ZygoteInit.java:824)

D/PMS     (  967): acquireWL(3cb6ff4a): PARTIAL_WAKE_LOCK  GpsLocationProvider 0x1 967 1000 null

I/ActivityManager(  967): Start proc com.htc.task for content provider com.htc.task/.TaskSpecificProvider: pid=19735 uid=10117 gids={50117, 9997, 1023, 3003, 1028, 1015} abi=armeabi-v7a

D/WifiDisplayAdapter(  967): getWifiDisplayStatusLocked: result=WifiDisplayStatus{featureState=3, scanState=0, activeDisplayState=0, activeDisplay=null, displays=[], sessionInfo=WifiDisplaySessionInfo:

D/WifiDisplayAdapter(  967):     Client/Owner: Client

D/WifiDisplayAdapter(  967):     GroupId: 

D/WifiDisplayAdapter(  967):     Passphrase: 

D/WifiDisplayAdapter(  967):     SessionId: 0

D/WifiDisplayAdapter(  967):     IP Address: }

D/WifiDisplayAdapter(  967): getWifiDisplayStatusLocked: result=WifiDisplayStatus{featureState=3, scanState=0, activeDisplayState=0, activeDisplay=null, displays=[], sessionInfo=WifiDisplaySessionInfo:

D/WifiDisplayAdapter(  967):     Client/Owner: Client

D/WifiDisplayAdapter(  967):     GroupId: 

D/WifiDisplayAdapter(  967):     Passphrase: 

D/WifiDisplayAdapter(  967):     SessionId: 0

D/WifiDisplayAdapter(  967):     IP Address: }

D/WifiService(  967): New client listening to asynchronous messages

V/AlarmManager(  967): sending alarm PendingIntent{903b2a5: PendingIntentRecord{79f867a android broadcastIntent}}, i=com.android.server.WifiManager.action.START_SCAN, t=1, cnt=1, w=1450258919698, Int=20000

V/AlarmManager(  967): sending alarm PendingIntent{1835d49d: PendingIntentRecord{4218d12 android broadcastIntent}}, i=android.net.ConnectivityService.action.PKT_CNT_SAMPLE_INTERVAL_ELAPSED, t=3, cnt=1, w=151263845, Int=0

W/ActivityManager(  967): getTasks: caller 10157 does not hold GET_TASKS; limiting output

W/ActivityManager(  967): getTasks: caller 10157 does not hold GET_TASKS; limiting output

W/ActivityManager(  967): getTasks: caller 10157 does not hold GET_TASKS; limiting output

W/ActivityManager(  967): getTasks: caller 10157 does not hold GET_TASKS; limiting output

D/WifiService(  967): New client listening to asynchronous messages

I/ActivityManager(  967): Recipient 19426

D/WifiService(  967): Client connection lost with reason: 4

I/ActivityManager(  967): Process com.yiwang (pid 19426) has died

D/WifiDisplayAdapter(  967): getWifiDisplayStatusLocked: result=WifiDisplayStatus{featureState=3, scanState=0, activeDisplayState=0, activeDisplay=null, displays=[], sessionInfo=WifiDisplaySessionInfo:

D/WifiDisplayAdapter(  967):     Client/Owner: Client

D/WifiDisplayAdapter(  967):     GroupId: 

D/WifiDisplayAdapter(  967):     Passphrase: 

D/WifiDisplayAdapter(  967):     SessionId: 0

D/WifiDisplayAdapter(  967):     IP Address: }

D/PMS     (  967): releaseWL(1d8f43ea): PARTIAL_WAKE_LOCK  AudioMix 0x1 null

D/WifiDisplayAdapter(  967): getWifiDisplayStatusLocked: result=WifiDisplayStatus{featureState=3, scanState=0, activeDisplayState=0, activeDisplay=null, displays=[], sessionInfo=WifiDisplaySessionInfo:

D/WifiDisplayAdapter(  967):     Client/Owner: Client

D/WifiDisplayAdapter(  967):     GroupId: 

D/WifiDisplayAdapter(  967):     Passphrase: 

D/WifiDisplayAdapter(  967):     SessionId: 0

D/WifiDisplayAdapter(  967):     IP Address: }

D/WifiService(  967): acquireWifiLockLocked: WifiLock{gt_wifi_lock type=1 binder=android.os.BinderProxy@2198ca49}

I/ActivityManager(  967): Delaying start of: ServiceRecord{ca1747c u0 com.cubic.autohome/com.igexin.sdk.PushService}

I/ActivityManager(  967): Delaying start of: ServiceRecord{8cf5c68 u0 com.hunantv.imgo.activity/com.igexin.sdk.PushService}

I/ActivityManager(  967): Start proc com.cubic.autohome:pushservice for service com.cubic.autohome/com.igexin.sdk.PushService: pid=19841 uid=10156 gids={50156, 9997, 3003, 1028, 1015} abi=armeabi

I/ActivityManager(  967): Delaying start of: ServiceRecord{26249105 u0 cn.amazon.mShop.android/com.igexin.sdk.PushService}

I/ActivityManager(  967): Delaying start of: ServiceRecord{2e29824e u0 com.thestore.main/com.igexin.sdk.PushService}

I/ActivityManager(  967): Recipient 19454

I/ActivityManager(  967): Process com.htc.bgp (pid 19454) has died

W/ActivityManager(  967): Unable to start service Intent { cmp=sogou.mobile.explorer/.ActivateBrowserService } U=0: not found

D/PMS     (  967): acquireWL(3dfb67fe): PARTIAL_WAKE_LOCK  LocationManagerService 0x1 967 1000 WorkSource{10056 com.htc.sense.hsp}

D/PMS     (  967): acquireWL(2a2edb5f): PARTIAL_WAKE_LOCK  LocationManagerService 0x1 967 1000 WorkSource{1000 android}

D/PMS     (  967): acquireWL(74489ac): PARTIAL_WAKE_LOCK  LocationManagerService 0x1 967 1000 WorkSource{10056 com.htc.sense.hsp}

D/PMS     (  967): releaseWL(3dfb67fe): PARTIAL_WAKE_LOCK  LocationManagerService 0x1 WorkSource{10056 com.htc.sense.hsp}

D/QMI_FW  (  967): QCCI: QMI_CCI_TX: cntl_flag - 00, txn_id - 13a0, msg_id - 004a, msg_len - 0007

D/QMI_FW  (  967): QCCI: QMUXD: xport_send[1 -> 16]: 14 bytes on conn_id=9

D/QMI_FW  (  967): QCCI: QMUXD: xport_rx[1 <- 16]: 14 bytes on conn_id: 9

D/QMI_FW  (  967): QCCI: QMI_CCI_RX: cntl_flag - 02, txn_id - 13a0, msg_id - 004a, msg_len - 0007

D/QMI_FW  (  967): QCCI: QMUXD: xport_rx[1 <- 16]: 14 bytes on conn_id: 9

D/QMI_FW  (  967): QCCI: QMI_CCI_RX: cntl_flag - 04, txn_id - 0000, msg_id - 004a, msg_len - 0007

D/QMI_FW  (  967): QCCI: QMI_CCI_TX: cntl_flag - 00, txn_id - 13a1, msg_id - 0022, msg_len - 0019

D/QMI_FW  (  967): QCCI: QMUXD: xport_send[1 -> 16]: 32 bytes on conn_id=9

D/QMI_FW  (  967): QCCI: QMUXD: xport_rx[1 <- 16]: 14 bytes on conn_id: 9

D/QMI_FW  (  967): QCCI: QMI_CCI_RX: cntl_flag - 02, txn_id - 13a1, msg_id - 0022, msg_len - 0007

D/QMI_FW  (  967): QCCI: QMI_CCI_TX: cntl_flag - 00, txn_id - 13a2, msg_id - 0023, msg_len - 0004

D/QMI_FW  (  967): QCCI: QMUXD: xport_send[1 -> 16]: 11 bytes on conn_id=9

D/QMI_FW  (  967): QCCI: QMUXD: xport_rx[1 <- 16]: 14 bytes on conn_id: 9

D/QMI_FW  (  967): QCCI: QMI_CCI_RX: cntl_flag - 02, txn_id - 13a2, msg_id - 0023, msg_len - 0007

D/QMI_FW  (  967): QCCI: QMI_CCI_TX: cntl_flag - 00, txn_id - 13a3, msg_id - 004a, msg_len - 0007

D/QMI_FW  (  967): QCCI: QMUXD: xport_send[1 -> 16]: 14 bytes on conn_id=9

D/QMI_FW  (  967): QCCI: QMUXD: xport_rx[1 <- 16]: 25 bytes on conn_id: 9

D/QMI_FW  (  967): QCCI: QMI_CCI_RX: cntl_flag - 04, txn_id - 0000, msg_id - 0024, msg_len - 0012

D/QMI_FW  (  967): QCCI: QMUXD: xport_rx[1 <- 16]: 14 bytes on conn_id: 9

D/QMI_FW  (  967): QCCI: QMI_CCI_RX: cntl_flag - 02, txn_id - 13a3, msg_id - 004a, msg_len - 0007

D/PMS     (  967): releaseWL(3cb6ff4a): PARTIAL_WAKE_LOCK  GpsLocationProvider 0x1 null

D/PMS     (  967): releaseWL(2a2edb5f): PARTIAL_WAKE_LOCK  LocationManagerService 0x1 WorkSource{1000 android}

D/QMI_FW  (  967): QCCI: QMUXD: xport_rx[1 <- 16]: 14 bytes on conn_id: 9

D/QMI_FW  (  967): QCCI: QMI_CCI_RX: cntl_flag - 04, txn_id - 0000, msg_id - 004a, msg_len - 0007

D/QMI_FW  (  967): QCCI: QMI_CCI_TX: cntl_flag - 00, txn_id - 13a4, msg_id - 0022, msg_len - 0019

D/QMI_FW  (  967): QCCI: QMUXD: xport_send[1 -> 16]: 32 bytes on conn_id=9

D/QMI_FW  (  967): QCCI: QMUXD: xport_rx[1 <- 16]: 14 bytes on conn_id: 9

D/QMI_FW  (  967): QCCI: QMI_CCI_RX: cntl_flag - 02, txn_id - 13a4, msg_id - 0022, msg_len - 0007

D/QMI_FW  (  967): QCCI: QMI_CCI_TX: cntl_flag - 00, txn_id - 13a5, msg_id - 0023, msg_len - 0004

D/QMI_FW  (  967): QCCI: QMUXD: xport_send[1 -> 16]: 11 bytes on conn_id=9

D/PMS     (  967): releaseWL(74489ac): PARTIAL_WAKE_LOCK  LocationManagerService 0x1 WorkSource{10056 com.htc.sense.hsp}

D/QMI_FW  (  967): QCCI: QMUXD: xport_rx[1 <- 16]: 14 bytes on conn_id: 9

D/QMI_FW  (  967): QCCI: QMI_CCI_RX: cntl_flag - 02, txn_id - 13a5, msg_id - 0023, msg_len - 0007

D/QMI_FW  (  967): QCCI: QMI_CCI_TX: cntl_flag - 00, txn_id - 13a6, msg_id - 0039, msg_len - 0021

D/QMI_FW  (  967): QCCI: QMUXD: xport_send[1 -> 16]: 40 bytes on conn_id=9

D/QMI_FW  (  967): QCCI: QMUXD: xport_rx[1 <- 16]: 25 bytes on conn_id: 9

D/QMI_FW  (  967): QCCI: QMI_CCI_RX: cntl_flag - 04, txn_id - 0000, msg_id - 0024, msg_len - 0012

D/QMI_FW  (  967): QCCI: QMUXD: xport_rx[1 <- 16]: 14 bytes on conn_id: 9

D/QMI_FW  (  967): QCCI: QMI_CCI_RX: cntl_flag - 02, txn_id - 13a6, msg_id - 0039, msg_len - 0007

D/QMI_FW  (  967): QCCI: QMUXD: xport_rx[1 <- 16]: 14 bytes on conn_id: 9

D/QMI_FW  (  967): QCCI: QMI_CCI_RX: cntl_flag - 04, txn_id - 0000, msg_id - 0039, msg_len - 0007

D/PMS     (  967): acquireWL(21293675): PARTIAL_WAKE_LOCK  encrypted_tag 0x1 19314 10018 null

D/PMS     (  967): acquireWL(a2060a): PARTIAL_WAKE_LOCK  encrypted_tag 0x1 19314 10018 null

D/PMS     (  967): releaseWL(21293675): PARTIAL_WAKE_LOCK  encrypted_tag 0x1 null

D/PMS     (  967): acquireWL(188fce7b): PARTIAL_WAKE_LOCK  encrypted_tag 0x1 19314 10018 null

D/PMS     (  967): acquireWL(34469498): PARTIAL_WAKE_LOCK  encrypted_tag 0x1 19314 10018 null

D/PMS     (  967): releaseWL(34469498): PARTIAL_WAKE_LOCK  encrypted_tag 0x1 null

D/PMS     (  967): acquireWL(8e3c4f1): PARTIAL_WAKE_LOCK  LocationManagerService 0x1 967 1000 WorkSource{10056 com.htc.sense.hsp}

D/PMS     (  967): releaseWL(8e3c4f1): PARTIAL_WAKE_LOCK  LocationManagerService 0x1 WorkSource{10056 com.htc.sense.hsp}

D/PMS     (  967): acquireWL(326278d6): PARTIAL_WAKE_LOCK  LocationManagerService 0x1 967 1000 WorkSource{1000 android}

D/PMS     (  967): acquireWL(42d757): PARTIAL_WAKE_LOCK  LocationManagerService 0x1 967 1000 WorkSource{10009 android.htc.china.location.service}

D/PMS     (  967): acquireWL(1e5c6244): PARTIAL_WAKE_LOCK  LocationManagerService 0x1 967 1000 WorkSource{10056 com.htc.sense.hsp}

D/PMS     (  967): releaseWL(42d757): PARTIAL_WAKE_LOCK  LocationManagerService 0x1 WorkSource{10009 android.htc.china.location.service}

D/QMI_FW  (  967): QCCI: QMI_CCI_TX: cntl_flag - 00, txn_id - 13a7, msg_id - 0039, msg_len - 0021

D/QMI_FW  (  967): QCCI: QMUXD: xport_send[1 -> 16]: 40 bytes on conn_id=9

D/PMS     (  967): releaseWL(326278d6): PARTIAL_WAKE_LOCK  LocationManagerService 0x1 WorkSource{1000 android}

D/QMI_FW  (  967): QCCI: QMUXD: xport_rx[1 <- 16]: 14 bytes on conn_id: 9

D/QMI_FW  (  967): QCCI: QMI_CCI_RX: cntl_flag - 02, txn_id - 13a7, msg_id - 0039, msg_len - 0007

D/PMS     (  967): releaseWL(1e5c6244): PARTIAL_WAKE_LOCK  LocationManagerService 0x1 WorkSource{10056 com.htc.sense.hsp}

D/QMI_FW  (  967): QCCI: QMUXD: xport_rx[1 <- 16]: 14 bytes on conn_id: 9

D/QMI_FW  (  967): QCCI: QMI_CCI_RX: cntl_flag - 04, txn_id - 0000, msg_id - 0039, msg_len - 0007

D/WifiService(  967): New client listening to asynchronous messages

D/PMS     (  967): releaseWL(a2060a): PARTIAL_WAKE_LOCK  encrypted_tag 0x1 null

D/PMS     (  967): acquireWL(17debf2d): PARTIAL_WAKE_LOCK  encrypted_tag 0x1 19314 10018 null

D/PMS     (  967): releaseWL(188fce7b): PARTIAL_WAKE_LOCK  encrypted_tag 0x1 null

V/UsbDeviceManager(  967): [USBNET] USB UEVENT: {USB_STATE=DISCONNECTED, SUBSYSTEM=android_usb, SEQNUM=55727, ACTION=change, DEVPATH=/devices/virtual/android_usb/android0}

E/NetlinkEvent(  275): NetlinkEvent::FindParam(): Parameter 'CDROM_TYPE' not found

W/Vold    (  275): Ignoring unknown switch 'usb_connect2pc'

V/UsbDeviceManager(  967): [USBNET] USB UEVENT: {SUBSYSTEM=switch, SEQNUM=55728, ACTION=change, SWITCH_STATE=0, SWITCH_NAME=usb_connect2pc, DEVPATH=/devices/virtual/switch/usb_connect2pc}

D/UsbDeviceManager(  967): [USBNET] update2: 105,0

D/UsbDeviceManager(  967): [USBNET] handleMessage: 105; mConnected=true, mConfiguration=true

D/PMS     (  967): releaseWL(17debf2d): PARTIAL_WAKE_LOCK  encrypted_tag 0x1 null

D/PMS     (  967): acquireWL(1b7d9212): PARTIAL_WAKE_LOCK  encrypted_tag 0x1 19314 10018 null

D/PMS     (  967): acquireWL(2e4dde3): PARTIAL_WAKE_LOCK  BatteryServiceUpdateStats_3 0x1 967 1000 null

I/BatteryService(  967): n_update end

I/BatSI   (  967): Resetting battery stats: level=80 status=2 dischargeLevel=80 lowAmount=0 highAmount=1

W/ContextImpl(  967): Calling a method in the system process without a qualified user: android.app.ContextImpl.sendStickyBroadcast:1626 com.android.server.usb.UsbDeviceManager$UsbHandler.handleMessage:1676 android.os.Handler.dispatchMessage:102 android.os.Looper.loop:155 android.os.HandlerThread.run:61 

D/UsbDeviceManager(  967): [USBNET] sendStickyBroadcast ACTION_USB_CONNECT2PC: 0

D/BatSI   (  967): send intent S

D/BatteryService_ULog(  967): ULogForBatteryChargingStateChange(80,0) is called

D/PMS     (  967): releaseWL(2e4dde3): PARTIAL_WAKE_LOCK  BatteryServiceUpdateStats_3 0x1 null

D/PMS     (  967): acquireWL(379fd3e0): PARTIAL_WAKE_LOCK  BatteryServiceUpdateStats_3 0x1 967 1000 null

I/BatteryService(  967): n_update end

D/PMS     (  967): releaseWL(379fd3e0): PARTIAL_WAKE_LOCK  BatteryServiceUpdateStats_3 0x1 null

W/ContextImpl(  967): Calling a method in the system process without a qualified user: android.app.ContextImpl.sendBroadcast:1473 com.android.internal.os.BatteryStatsImpl$6.run:11218 android.os.Handler.handleCallback:739 android.os.Handler.dispatchMessage:95 android.os.Looper.loop:155 

D/BatSI   (  967): send intent E

D/NotificationService(  967): plugged=false pluggin=false

D/PowerUI ( 2788): update low battery warning: level=80

D/HtcPowerSaver(  967): updateBatteryInfo

D/WifiController(  967): battery changed pluggedType: 0

D/PMS     (  967): runPSCheck

D/HtcPowerSaver(  967): Checking...

I/HtcPowerSaver(  967): >> updateStatus

D/PowerUI ( 2788): plugged = false, health = 2, mBatteryLevel = 80, mPluggedBatteryLevel = 79, mLowBatteryWarningLevel2 = 25, mshowLowChargingWarning2 = true

I/HtcPowerSaver(  967): updateStatus (8000,80,-1,false,false,false,-1)

I/HtcPowerSaver(  967): << updateStatus

D/MountService(  967): sharing = 0 

D/MountService(  967): Unmount PCTOOL.ISO

D/VoldConnector(  967): SND -> {35 mountISO unmount /system/etc/PCTOOL.ISO /sys/class/android_usb/f_mass_storage/lun0/file}

D/MountService(  967): unmountISO --

W/ContextImpl(  967): Calling a method in the system process without a qualified user: android.app.ContextImpl.sendBroadcast:1459 com.android.server.wifi.WifiStateMachine.sendDongleScanResultsAvailableBroadcast:14114 com.android.server.wifi.WifiStateMachine.handleMediaLinkEvent:14279 com.android.server.wifi.WifiStateMachine.access$5800:265 com.android.server.wifi.WifiStateMachine$SupplicantStartedState.processMessage:8070 

V/AlarmManager(  967): sending alarm PendingIntent{20dba699: PendingIntentRecord{1d9ebd5e air.fyzb3 broadcastIntent}}, i=AlarmTaskSchedule.air.fyzb3, t=0, cnt=1, w=1450258924443, Int=0

V/AlarmManager(  967): sending alarm PendingIntent{1f6e3b88: PendingIntentRecord{b42f921 com.alibaba.work.android broadcastIntent}}, i=agoo_action_heart, t=1, cnt=1, w=1450258922085, Int=210000

D/WifiService(  967): New client listening to asynchronous messages

D/PMS     (  967): acquireWL(efd753f): PARTIAL_WAKE_LOCK  encrypted_tag 0x1 19700 10157 null

D/PMS     (  967): releaseWL(efd753f): PARTIAL_WAKE_LOCK  encrypted_tag 0x1 null

V/AlarmManager(  967): sending alarm PendingIntent{95e4e0c: PendingIntentRecord{3be15c8c me.ele broadcastIntent}}, i=AlarmTaskSchedule.me.ele, t=0, cnt=1, w=1450258925063, Int=0

D/PMS     (  967): acquireWL(22371355): PARTIAL_WAKE_LOCK  encrypted_tag 0x1 19700 10157 null

D/PMS     (  967): releaseWL(22371355): PARTIAL_WAKE_LOCK  encrypted_tag 0x1 null

D/PMS     (  967): acquireWL(2215516a): PARTIAL_WAKE_LOCK  encrypted_tag 0x1 19700 10157 null

D/PMS     (  967): releaseWL(2215516a): PARTIAL_WAKE_LOCK  encrypted_tag 0x1 null

D/PMS     (  967): acquireWL(23de265b): PARTIAL_WAKE_LOCK  encrypted_tag 0x1 19700 10157 null

D/PMS     (  967): releaseWL(23de265b): PARTIAL_WAKE_LOCK  encrypted_tag 0x1 null

D/PMS     (  967): acquireWL(3aa83ef8): PARTIAL_WAKE_LOCK  encrypted_tag 0x1 19700 10157 null

D/PMS     (  967): acquireWL(28a28fd1): PARTIAL_WAKE_LOCK  encrypted_tag 0x1 19314 10018 null

D/PMS     (  967): releaseWL(28a28fd1): PARTIAL_WAKE_LOCK  encrypted_tag 0x1 null

D/PMS     (  967): releaseWL(3aa83ef8): PARTIAL_WAKE_LOCK  encrypted_tag 0x1 null

D/PMS     (  967): acquireWL(21af1a36): PARTIAL_WAKE_LOCK  encrypted_tag 0x1 19314 10018 null

D/PMS     (  967): releaseWL(21af1a36): PARTIAL_WAKE_LOCK  encrypted_tag 0x1 null

D/PMS     (  967): acquireWL(2d4ecd37): PARTIAL_WAKE_LOCK  encrypted_tag 0x1 19314 10018 null

D/PMS     (  967): releaseWL(2d4ecd37): PARTIAL_WAKE_LOCK  encrypted_tag 0x1 null

D/PMS     (  967): acquireWL(3c9e52a4): PARTIAL_WAKE_LOCK  encrypted_tag 0x1 19700 10157 null

D/PMS     (  967): acquireWL(1b6f580d): PARTIAL_WAKE_LOCK  encrypted_tag 0x1 19314 10018 null

D/PMS     (  967): releaseWL(1b6f580d): PARTIAL_WAKE_LOCK  encrypted_tag 0x1 null

D/PMS     (  967): releaseWL(3c9e52a4): PARTIAL_WAKE_LOCK  encrypted_tag 0x1 null

D/PMS     (  967): acquireWL(24aa3c2): PARTIAL_WAKE_LOCK  encrypted_tag 0x1 19314 10018 null

D/PMS     (  967): releaseWL(24aa3c2): PARTIAL_WAKE_LOCK  encrypted_tag 0x1 null

D/PMS     (  967): acquireWL(21b905d3): PARTIAL_WAKE_LOCK  encrypted_tag 0x1 19700 10157 null

D/PMS     (  967): releaseWL(21b905d3): PARTIAL_WAKE_LOCK  encrypted_tag 0x1 null

D/PMS     (  967): acquireWL(fbff510): PARTIAL_WAKE_LOCK  encrypted_tag 0x1 19314 10018 null

D/PMS     (  967): releaseWL(fbff510): PARTIAL_WAKE_LOCK  encrypted_tag 0x1 null

D/PMS     (  967): acquireWL(bc66809): PARTIAL_WAKE_LOCK  encrypted_tag 0x1 19314 10018 null

D/PMS     (  967): releaseWL(bc66809): PARTIAL_WAKE_LOCK  encrypted_tag 0x1 null

V/AlarmManager(  967): sending alarm PendingIntent{37233a0e: PendingIntentRecord{2a842c2f com.yiwang broadcastIntent}}, i=AlarmTaskSchedule.com.yiwang, t=0, cnt=1, w=1450258925249, Int=0

D/UsbDeviceManager(  967): [USBNET] handleMessage: 0; mConnected=true, mConfiguration=true

D/UsbDeviceManager(  967): [USBNET] gotDisconnected, disable acm function flag

D/UsbDeviceManager(  967): setEnabledFunctions(mtp,mass_storage; false; mAcmEnabled: false)

D/UsbDeviceManager(  967): send Fake intent while setEnabledFunctions

D/UsbDeviceManager(  967): sendStickyBroadcast: broadcasting Intent { act=android.hardware.usb.action.USB_STATE flg=0x20000000 (has extras) } connected: false configured: false; SetCurrentFunctions= mass_storage,adb

D/UsbDeviceManager(  967): [USBNET] check if ACM should be enabled

D/UsbDeviceManager(  967): setUsbConfig(none)

D/UsbDeviceManager(  967): setUsbConfig(mtp,mass_storage,adb)

D/UsbDeviceManager(  967): send Fake intent while setUsbConfig

D/UsbDeviceManager(  967): sendStickyBroadcast: broadcasting Intent { act=android.hardware.usb.action.USB_STATE flg=0x20000000 (has extras) } connected: false configured: false; SetCurrentFunctions= mtp,mass_storage,adb

D/PMS     (  967): acquireWL(3b17523c): PARTIAL_WAKE_LOCK  encrypted_tag 0x1 19658 10145 null

D/PMS     (  967): releaseWL(3b17523c): PARTIAL_WAKE_LOCK  encrypted_tag 0x1 null

V/AlarmManager(  967): sending alarm PendingIntent{1a647bc5: PendingIntentRecord{19dce91a com.cubic.autohome broadcastIntent}}, i=AlarmTaskSchedule.com.cubic.autohome, t=0, cnt=1, w=1450258925522, Int=0

D/PMS     (  967): releaseWL(1b7d9212): PARTIAL_WAKE_LOCK  encrypted_tag 0x1 null

D/PMS     (  967): acquireWL(36315c4b): PARTIAL_WAKE_LOCK  encrypted_tag 0x1 19841 10156 null

D/PMS     (  967): releaseWL(36315c4b): PARTIAL_WAKE_LOCK  encrypted_tag 0x1 null

D/PMS     (  967): acquireWL(a255628): PARTIAL_WAKE_LOCK  encrypted_tag 0x1 19314 10018 null

D/PMS     (  967): releaseWL(a255628): PARTIAL_WAKE_LOCK  encrypted_tag 0x1 null

D/PMS     (  967): acquireWL(3d160f41): PARTIAL_WAKE_LOCK  encrypted_tag 0x1 19314 10018 null

D/PMS     (  967): releaseWL(3d160f41): PARTIAL_WAKE_LOCK  encrypted_tag 0x1 null

D/PMS     (  967): acquireWL(8507ce6): PARTIAL_WAKE_LOCK  encrypted_tag 0x1 19314 10018 null

D/PMS     (  967): releaseWL(8507ce6): PARTIAL_WAKE_LOCK  encrypted_tag 0x1 null

D/PMS     (  967): acquireWL(10377227): PARTIAL_WAKE_LOCK  encrypted_tag 0x1 19314 10018 null

D/PMS     (  967): releaseWL(10377227): PARTIAL_WAKE_LOCK  encrypted_tag 0x1 null

D/PMS     (  967): acquireWL(3d8dacd4): PARTIAL_WAKE_LOCK  encrypted_tag 0x1 19314 10018 null

D/PMS     (  967): releaseWL(3d8dacd4): PARTIAL_WAKE_LOCK  encrypted_tag 0x1 null

D/PMS     (  967): acquireWL(1ff35e7d): PARTIAL_WAKE_LOCK  encrypted_tag 0x1 19314 10018 null

D/PMS     (  967): acquireWL(13178172): PARTIAL_WAKE_LOCK  encrypted_tag 0x1 19314 10018 null

D/PMS     (  967): releaseWL(13178172): PARTIAL_WAKE_LOCK  encrypted_tag 0x1 null

D/PMS     (  967): releaseWL(1ff35e7d): PARTIAL_WAKE_LOCK  encrypted_tag 0x1 null

D/PMS     (  967): acquireWL(1a9f09c3): PARTIAL_WAKE_LOCK  encrypted_tag 0x1 19314 10018 null

D/PMS     (  967): acquireWL(1a82c240): PARTIAL_WAKE_LOCK  encrypted_tag 0x1 19658 10145 null

D/PMS     (  967): releaseWL(1a82c240): PARTIAL_WAKE_LOCK  encrypted_tag 0x1 null

D/PMS     (  967): acquireWL(1e5c6579): PARTIAL_WAKE_LOCK  encrypted_tag 0x1 19658 10145 null

D/PMS     (  967): releaseWL(1e5c6579): PARTIAL_WAKE_LOCK  encrypted_tag 0x1 null

D/PMS     (  967): acquireWL(8d842be): PARTIAL_WAKE_LOCK  encrypted_tag 0x1 19658 10145 null

D/PMS     (  967): releaseWL(8d842be): PARTIAL_WAKE_LOCK  encrypted_tag 0x1 null

D/PMS     (  967): acquireWL(55e7f1f): PARTIAL_WAKE_LOCK  encrypted_tag 0x1 19658 10145 null

D/PMS     (  967): releaseWL(55e7f1f): PARTIAL_WAKE_LOCK  encrypted_tag 0x1 null

D/PMS     (  967): acquireWL(4f1c26c): PARTIAL_WAKE_LOCK  encrypted_tag 0x1 19658 10145 null

D/PMS     (  967): releaseWL(4f1c26c): PARTIAL_WAKE_LOCK  encrypted_tag 0x1 null

D/PMS     (  967): acquireWL(fb4e035): PARTIAL_WAKE_LOCK  encrypted_tag 0x1 19658 10145 null

D/PMS     (  967): releaseWL(fb4e035): PARTIAL_WAKE_LOCK  encrypted_tag 0x1 null

D/PMS     (  967): acquireWL(2a51ccca): PARTIAL_WAKE_LOCK  encrypted_tag 0x1 19658 10145 null

D/PMS     (  967): releaseWL(2a51ccca): PARTIAL_WAKE_LOCK  encrypted_tag 0x1 null

D/PMS     (  967): acquireWL(1f75ee3b): PARTIAL_WAKE_LOCK  encrypted_tag 0x1 19658 10145 null

D/PMS     (  967): releaseWL(1f75ee3b): PARTIAL_WAKE_LOCK  encrypted_tag 0x1 null

D/PMS     (  967): acquireWL(106e9958): PARTIAL_WAKE_LOCK  encrypted_tag 0x1 19658 10145 null

D/PMS     (  967): acquireWL(23e04ab1): PARTIAL_WAKE_LOCK  encrypted_tag 0x1 19841 10156 null

D/PMS     (  967): releaseWL(106e9958): PARTIAL_WAKE_LOCK  encrypted_tag 0x1 null

D/PMS     (  967): acquireWL(1327eb96): PARTIAL_WAKE_LOCK  encrypted_tag 0x1 19658 10145 null

D/PMS     (  967): releaseWL(1327eb96): PARTIAL_WAKE_LOCK  encrypted_tag 0x1 null

D/PMS     (  967): releaseWL(23e04ab1): PARTIAL_WAKE_LOCK  encrypted_tag 0x1 null

D/PMS     (  967): acquireWL(1dcb3317): PARTIAL_WAKE_LOCK  encrypted_tag 0x1 19841 10156 null

D/PMS     (  967): acquireWL(33dff304): PARTIAL_WAKE_LOCK  encrypted_tag 0x1 19658 10145 null

D/PMS     (  967): releaseWL(1dcb3317): PARTIAL_WAKE_LOCK  encrypted_tag 0x1 null

D/PMS     (  967): releaseWL(33dff304): PARTIAL_WAKE_LOCK  encrypted_tag 0x1 null

D/PMS     (  967): acquireWL(b7de0ed): PARTIAL_WAKE_LOCK  encrypted_tag 0x1 19658 10145 null

D/PMS     (  967): releaseWL(b7de0ed): PARTIAL_WAKE_LOCK  encrypted_tag 0x1 null

D/PMS     (  967): acquireWL(236f2b22): PARTIAL_WAKE_LOCK  encrypted_tag 0x1 19841 10156 null

D/PMS     (  967): releaseWL(236f2b22): PARTIAL_WAKE_LOCK  encrypted_tag 0x1 null

D/PMS     (  967): acquireWL(33c5e9b3): PARTIAL_WAKE_LOCK  encrypted_tag 0x1 19841 10156 null

D/PMS     (  967): releaseWL(33c5e9b3): PARTIAL_WAKE_LOCK  encrypted_tag 0x1 null

D/PMS     (  967): acquireWL(beb3b70): PARTIAL_WAKE_LOCK  encrypted_tag 0x1 19841 10156 null

D/PMS     (  967): releaseWL(beb3b70): PARTIAL_WAKE_LOCK  encrypted_tag 0x1 null

D/PMS     (  967): acquireWL(27e49ee9): PARTIAL_WAKE_LOCK  encrypted_tag 0x1 19841 10156 null

D/PMS     (  967): releaseWL(27e49ee9): PARTIAL_WAKE_LOCK  encrypted_tag 0x1 null

I/ActivityManager(  967): Waited long enough for: ServiceRecord{26cfb82d u0 com.qiyi.video/org.qiyi.android.plugin.ipc.IPCService}

I/ActivityManager(  967): Start proc com.hunantv.imgo.activity:pushservice for service com.hunantv.imgo.activity/com.igexin.sdk.PushService: pid=20076 uid=10143 gids={50143, 9997, 1028, 1015, 3003} abi=armeabi-v7a

V/AlarmManager(  967): sending alarm PendingIntent{35f8d76e: PendingIntentRecord{1d9ebd5e air.fyzb3 broadcastIntent}}, i=AlarmTaskSchedule.air.fyzb3, t=0, cnt=1, w=1450258926183, Int=0

I/ActivityManager(  967): Waited long enough for: ServiceRecord{1d9caa29 u0 com.qiyi.video/org.qiyi.android.plugin.ipc.IPCService1}

D/PMS     (  967): releaseWL(1a9f09c3): PARTIAL_WAKE_LOCK  encrypted_tag 0x1 null

I/ActivityManager(  967): Start proc cn.amazon.mShop.android:pushservice for service cn.amazon.mShop.android/com.igexin.sdk.PushService: pid=20095 uid=10135 gids={50135, 9997, 3003, 1028, 1015} abi=armeabi

D/PMS     (  967): acquireWL(19ab6e0f): PARTIAL_WAKE_LOCK  encrypted_tag 0x1 19314 10018 null

D/PMS     (  967): acquireWL(18209e9c): PARTIAL_WAKE_LOCK  encrypted_tag 0x1 19700 10157 null

D/PMS     (  967): releaseWL(18209e9c): PARTIAL_WAKE_LOCK  encrypted_tag 0x1 null

V/AlarmManager(  967): sending alarm PendingIntent{2749f8ff: PendingIntentRecord{2a842c2f com.yiwang broadcastIntent}}, i=AlarmTaskSchedule.com.yiwang, t=0, cnt=1, w=1450258926810, Int=0

D/PMS     (  967): acquireWL(1896e6cc): PARTIAL_WAKE_LOCK  encrypted_tag 0x1 19658 10145 null

D/PMS     (  967): releaseWL(1896e6cc): PARTIAL_WAKE_LOCK  encrypted_tag 0x1 null

D/PMS     (  967): acquireWL(5a9d15): PARTIAL_WAKE_LOCK  encrypted_tag 0x1 19658 10145 null

D/PMS     (  967): releaseWL(5a9d15): PARTIAL_WAKE_LOCK  encrypted_tag 0x1 null

D/PMS     (  967): acquireWL(15af782a): PARTIAL_WAKE_LOCK  encrypted_tag 0x1 19658 10145 null

D/PMS     (  967): releaseWL(15af782a): PARTIAL_WAKE_LOCK  encrypted_tag 0x1 null

D/PMS     (  967): acquireWL(ccf261b): PARTIAL_WAKE_LOCK  encrypted_tag 0x1 19658 10145 null

D/PMS     (  967): releaseWL(ccf261b): PARTIAL_WAKE_LOCK  encrypted_tag 0x1 null

D/PMS     (  967): acquireWL(25b1a3b8): PARTIAL_WAKE_LOCK  encrypted_tag 0x1 19658 10145 null

D/PMS     (  967): releaseWL(25b1a3b8): PARTIAL_WAKE_LOCK  encrypted_tag 0x1 null

D/PMS     (  967): acquireWL(4d4f591): PARTIAL_WAKE_LOCK  encrypted_tag 0x1 19658 10145 null

D/PMS     (  967): releaseWL(4d4f591): PARTIAL_WAKE_LOCK  encrypted_tag 0x1 null

D/PMS     (  967): acquireWL(30a4ecf6): PARTIAL_WAKE_LOCK  encrypted_tag 0x1 19658 10145 null

D/PMS     (  967): releaseWL(30a4ecf6): PARTIAL_WAKE_LOCK  encrypted_tag 0x1 null

D/PMS     (  967): acquireWL(32b008f7): PARTIAL_WAKE_LOCK  encrypted_tag 0x1 19658 10145 null

D/PMS     (  967): releaseWL(32b008f7): PARTIAL_WAKE_LOCK  encrypted_tag 0x1 null

D/PMS     (  967): acquireWL(1db94364): PARTIAL_WAKE_LOCK  encrypted_tag 0x1 19658 10145 null

D/PMS     (  967): releaseWL(1db94364): PARTIAL_WAKE_LOCK  encrypted_tag 0x1 null

D/PMS     (  967): acquireWL(1dc259cd): PARTIAL_WAKE_LOCK  encrypted_tag 0x1 19658 10145 null

D/PMS     (  967): releaseWL(1dc259cd): PARTIAL_WAKE_LOCK  encrypted_tag 0x1 null

D/PMS     (  967): acquireWL(24aae282): PARTIAL_WAKE_LOCK  encrypted_tag 0x1 19658 10145 null

D/PMS     (  967): releaseWL(24aae282): PARTIAL_WAKE_LOCK  encrypted_tag 0x1 null

D/PMS     (  967): acquireWL(20523d93): PARTIAL_WAKE_LOCK  encrypted_tag 0x1 19658 10145 null

D/PMS     (  967): acquireWL(47931d0): PARTIAL_WAKE_LOCK  encrypted_tag 0x1 19658 10145 null

V/AlarmManager(  967): sending alarm PendingIntent{2ba7c5c9: PendingIntentRecord{19dce91a com.cubic.autohome broadcastIntent}}, i=AlarmTaskSchedule.com.cubic.autohome, t=0, cnt=1, w=1450258927062, Int=0

D/PMS     (  967): releaseWL(47931d0): PARTIAL_WAKE_LOCK  encrypted_tag 0x1 null

D/PMS     (  967): acquireWL(3728a4ce): PARTIAL_WAKE_LOCK  encrypted_tag 0x1 19658 10145 null

D/PMS     (  967): releaseWL(3728a4ce): PARTIAL_WAKE_LOCK  encrypted_tag 0x1 null

D/PMS     (  967): acquireWL(23d91fef): PARTIAL_WAKE_LOCK  encrypted_tag 0x1 19841 10156 null

D/PMS     (  967): releaseWL(23d91fef): PARTIAL_WAKE_LOCK  encrypted_tag 0x1 null

D/PMS     (  967): acquireWL(d079afc): PARTIAL_WAKE_LOCK  encrypted_tag 0x1 19841 10156 null

D/PMS     (  967): releaseWL(d079afc): PARTIAL_WAKE_LOCK  encrypted_tag 0x1 null

D/PMS     (  967): acquireWL(385df585): PARTIAL_WAKE_LOCK  encrypted_tag 0x1 19841 10156 null

D/PMS     (  967): releaseWL(385df585): PARTIAL_WAKE_LOCK  encrypted_tag 0x1 null

D/PMS     (  967): acquireWL(aae3fda): PARTIAL_WAKE_LOCK  encrypted_tag 0x1 19841 10156 null

D/PMS     (  967): releaseWL(aae3fda): PARTIAL_WAKE_LOCK  encrypted_tag 0x1 null

D/PMS     (  967): acquireWL(2041cc0b): PARTIAL_WAKE_LOCK  encrypted_tag 0x1 19841 10156 null

D/PMS     (  967): releaseWL(2041cc0b): PARTIAL_WAKE_LOCK  encrypted_tag 0x1 null

D/PMS     (  967): acquireWL(23b16ae8): PARTIAL_WAKE_LOCK  encrypted_tag 0x1 19841 10156 null

