D/libc    (23367): [NET] android_getaddrinfofornet+,hn 11(0x31302e31352e38),sn(),hints(known),family 0,flags 4

D/libc    (23367): [NET] android_getaddrinfofornet-, SUCCESS

D/libc    (23367): [NET] android_getaddrinfofornet+,hn 11(0x31302e31352e38),sn(),hints(known),family 0,flags 4

D/libc    (23367): [NET] android_getaddrinfofornet-, SUCCESS

D/libc    (23367): [NET] android_getaddrinfofornet+,hn 11(0x31302e31352e38),sn(),hints(known),family 0,flags 4

D/libc    (23367): [NET] android_getaddrinfofornet-, SUCCESS

D/ElectionService(23328): getCurrentSudo,getCurrentSudo=com.yunos.tvhelper

D/ElectionService(23328): getAppInfo packFlagValue=9977412

D/agoo.ElectionService(23328): [unRegister] unRegister old appInfo[{"com.yunos.tvhelper":"{\"appInstallTime\":1448027692077,\"appSdkVersion\":20150615,\"appVersionHash\":966315119,\"appKey\":\"21563561\"}","com.alibaba.work.android":"{\"appInstallTime\":1448030318367,\"appSdkVersion\":20150615,\"appVersionHash\":229493875,\"appKey\":\"21574062\"}"}]

D/libc    (23367): [NET] android_getaddrinfofornet+,hn 11(0x31302e31352e38),sn(),hints(known),family 0,flags 4

D/libc    (23367): [NET] android_getaddrinfofornet-, SUCCESS

I/agoo.ElectionService(23328): [getAppInfo]|[seq:checkPackage[pack:com.yunos.tvhelper][enabled]] ElectionService

D/agoo.ElectionService(23328): [getCurrentSudo] getCurrentSudo[currentSudo:com.yunos.tvhelper],tmpCurrentSudo=com.yunos.tvhelper

D/agoo.PushService(23328): [hasComeFromCock] hasComeFromCock[action==null]or[action!=com.yunos.tvhelper.intent.action.COCKROACH]

D/agoo.PushService(23328): [registerNotKill] registerNotKill--->[current-thread-name:se-service][action:com.yunos.tvhelper.intent.action.COCKROACH]

D/agoo.ElectionService(23328): [unRegister] unRegister save[{"com.alibaba.work.android":"{\"appInstallTime\":1448030318367,\"appSdkVersion\":20150615,\"appVersionHash\":229493875,\"appKey\":\"21574062\"}"}]

D/agoo.PushService(23328): [handleStartCommand] action handleStartCommand=[com.yunos.tvhelper.intent.action.START]

D/agoo.PushService(23328): [handleStartCommand] currentPack= [com.yunos.tvhelper]

D/org.android.agoo.proc2.SoManager(23328): stop SoManager

D/libc    (23367): [NET] android_getaddrinfofornet+,hn 11(0x31302e31352e38),sn(),hints(known),family 0,flags 4

D/libc    (23367): [NET] android_getaddrinfofornet-, SUCCESS

D/agoo.PushService(23328): [unregisterNotKill] unregisterNotKill--->[current-thread-name:se-service]

D/libc    (23367): [NET] android_getaddrinfofornet+,hn 11(0x31302e31352e38),sn(),hints(known),family 0,flags 4

D/libc    (23367): [NET] android_getaddrinfofornet-, SUCCESS

D/agoo.PushService(23328): [destroy] PushService destroying

D/libc    (23367): [NET] android_getaddrinfofornet+,hn 11(0x31302e31352e38),sn(),hints(known),family 0,flags 4

D/libc    (23367): [NET] android_getaddrinfofornet-, SUCCESS

D/agoo.NewMessagePush(23328): [destroy] [destroying]

D/libc    (23367): [NET] android_getaddrinfofornet+,hn 11(0x31302e31352e38),sn(),hints(known),family 0,flags 4

D/libc    (23367): [NET] android_getaddrinfofornet-, SUCCESS

D/agoo.NewMessagePush(23328): [destroy] [destroyed]

D/libc    (23367): [NET] android_getaddrinfofornet+,hn 11(0x31302e31352e38),sn(),hints(known),family 0,flags 4

D/libc    (23367): [NET] android_getaddrinfofornet-, SUCCESS

D/libc    (23367): [NET] android_getaddrinfofornet+,hn 11(0x31302e31352e38),sn(),hints(known),family 0,flags 4

D/test    (23328): registrationId=AmxRZ_Afe25622rjOnf1SoaOe18AfCgukcvG3nE8P9kB,oldVersion=-966315119,newVersion=-966315119

D/libc    (23367): [NET] android_getaddrinfofornet-, SUCCESS

D/libc    (23367): [NET] android_getaddrinfofornet+,hn 11(0x31302e31352e38),sn(),hints(known),family 0,flags 4

D/libc    (23367): [NET] android_getaddrinfofornet-, SUCCESS

D/agoo.PushService(23328): [destroy] PushService destroyed

D/agoo.PushService(23328): [destroy] PushService hasNeedNotKill[handleDestroyService]+hasNeedNotKill=false

D/libc    (23367): [NET] android_getaddrinfofornet+,hn 11(0x31302e31352e38),sn(),hints(known),family 0,flags 4

D/libc    (23367): [NET] android_getaddrinfofornet-, SUCCESS

D/libc    (23367): [NET] android_getaddrinfofornet+,hn 11(0x31302e31352e38),sn(),hints(known),family 0,flags 4

D/libc    (23367): [NET] android_getaddrinfofornet-, SUCCESS

D/libc    (23367): [NET] android_getaddrinfofornet+,hn 11(0x31302e31352e38),sn(),hints(known),family 0,flags 4

D/libc    (23367): [NET] android_getaddrinfofornet-, SUCCESS

D/libc    (23367): [NET] android_getaddrinfofornet+,hn 11(0x31302e31352e38),sn(),hints(known),family 0,flags 4

D/libc    (23367): [NET] android_getaddrinfofornet-, SUCCESS

D/libc    (23367): [NET] android_getaddrinfofornet+,hn 11(0x31302e31352e38),sn(),hints(known),family 0,flags 4

D/libc    (23367): [NET] android_getaddrinfofornet-, SUCCESS

D/libc    (23367): [NET] android_getaddrinfofornet+,hn 11(0x31302e31352e38),sn(),hints(known),family 0,flags 4

D/libc    (23367): [NET] android_getaddrinfofornet-, SUCCESS

D/libc    (23367): [NET] android_getaddrinfofornet+,hn 11(0x31302e31352e38),sn(),hints(known),family 0,flags 4

D/libc    (23367): [NET] android_getaddrinfofornet-, SUCCESS

D/libc    (23367): [NET] android_getaddrinfofornet+,hn 11(0x31302e31352e38),sn(),hints(known),family 0,flags 4

D/libc    (23367): [NET] android_getaddrinfofornet-, SUCCESS

D/libc    (23367): [NET] android_getaddrinfofornet+,hn 11(0x31302e31352e38),sn(),hints(known),family 0,flags 4

D/libc    (23367): [NET] android_getaddrinfofornet-, SUCCESS

D/libc    (23367): [NET] android_getaddrinfofornet+,hn 11(0x31302e31352e38),sn(),hints(known),family 0,flags 4

D/libc    (23367): [NET] android_getaddrinfofornet-, SUCCESS

D/libc    (23367): [NET] android_getaddrinfofornet+,hn 11(0x31302e31352e38),sn(),hints(known),family 0,flags 4

D/libc    (23367): [NET] android_getaddrinfofornet-, SUCCESS

D/libc    (23367): [NET] android_getaddrinfofornet+,hn 12(0x31302e31352e38),sn(),hints(known),family 0,flags 4

D/libc    (23367): [NET] android_getaddrinfofornet-, SUCCESS

D/libc    (23367): [NET] android_getaddrinfofornet+,hn 12(0x31302e31352e38),sn(),hints(known),family 0,flags 4

D/libc    (23367): [NET] android_getaddrinfofornet-, SUCCESS

D/libc    (23367): [NET] android_getaddrinfofornet+,hn 12(0x31302e31352e38),sn(),hints(known),family 0,flags 4

D/libc    (23367): [NET] android_getaddrinfofornet-, SUCCESS

D/libc    (23367): [NET] android_getaddrinfofornet+,hn 12(0x31302e31352e38),sn(),hints(known),family 0,flags 4

D/libc    (23367): [NET] android_getaddrinfofornet-, SUCCESS

D/libc    (23367): [NET] android_getaddrinfofornet+,hn 12(0x31302e31352e38),sn(),hints(known),family 0,flags 4

D/libc    (23367): [NET] android_getaddrinfofornet-, SUCCESS

D/libc    (23367): [NET] android_getaddrinfofornet+,hn 12(0x31302e31352e38),sn(),hints(known),family 0,flags 4

D/libc    (23367): [NET] android_getaddrinfofornet-, SUCCESS

D/libc    (23367): [NET] android_getaddrinfofornet+,hn 12(0x31302e31352e38),sn(),hints(known),family 0,flags 4

D/libc    (23367): [NET] android_getaddrinfofornet-, SUCCESS

D/libc    (23367): [NET] android_getaddrinfofornet+,hn 12(0x31302e31352e38),sn(),hints(known),family 0,flags 4

D/libc    (23367): [NET] android_getaddrinfofornet-, SUCCESS

D/libc    (23367): [NET] android_getaddrinfofornet+,hn 12(0x31302e31352e38),sn(),hints(known),family 0,flags 4

D/libc    (23367): [NET] android_getaddrinfofornet-, SUCCESS

D/libc    (23367): [NET] android_getaddrinfofornet+,hn 12(0x31302e31352e38),sn(),hints(known),family 0,flags 4

D/libc    (23367): [NET] android_getaddrinfofornet-, SUCCESS

D/libc    (23367): [NET] android_getaddrinfofornet+,hn 12(0x31302e31352e38),sn(),hints(known),family 0,flags 4

D/libc    (23367): [NET] android_getaddrinfofornet-, SUCCESS

D/libc    (23367): [NET] android_getaddrinfofornet+,hn 12(0x31302e31352e38),sn(),hints(known),family 0,flags 4

D/libc    (23367): [NET] android_getaddrinfofornet-, SUCCESS

D/libc    (23367): [NET] android_getaddrinfofornet+,hn 12(0x31302e31352e38),sn(),hints(known),family 0,flags 4

D/libc    (23367): [NET] android_getaddrinfofornet-, SUCCESS

D/libc    (23367): [NET] android_getaddrinfofornet+,hn 12(0x31302e31352e38),sn(),hints(known),family 0,flags 4

D/libc    (23367): [NET] android_getaddrinfofornet-, SUCCESS

D/libc    (23367): [NET] android_getaddrinfofornet+,hn 12(0x31302e31352e38),sn(),hints(known),family 0,flags 4

D/libc    (23367): [NET] android_getaddrinfofornet-, SUCCESS

D/libc    (23367): [NET] android_getaddrinfofornet+,hn 12(0x31302e31352e38),sn(),hints(known),family 0,flags 4

D/libc    (23367): [NET] android_getaddrinfofornet-, SUCCESS

D/libc    (23367): [NET] android_getaddrinfofornet+,hn 12(0x31302e31352e38),sn(),hints(known),family 0,flags 4

D/libc    (23367): [NET] android_getaddrinfofornet-, SUCCESS

D/libc    (23367): [NET] android_getaddrinfofornet+,hn 12(0x31302e31352e38),sn(),hints(known),family 0,flags 4

D/libc    (23367): [NET] android_getaddrinfofornet-, SUCCESS

D/libc    (23367): [NET] android_getaddrinfofornet+,hn 12(0x31302e31352e38),sn(),hints(known),family 0,flags 4

D/libc    (23367): [NET] android_getaddrinfofornet-, SUCCESS

D/libc    (23367): [NET] android_getaddrinfofornet+,hn 12(0x31302e31352e38),sn(),hints(known),family 0,flags 4

D/libc    (23367): [NET] android_getaddrinfofornet-, SUCCESS

D/libc    (23367): [NET] android_getaddrinfofornet+,hn 12(0x31302e31352e38),sn(),hints(known),family 0,flags 4

D/libc    (23367): [NET] android_getaddrinfofornet-, SUCCESS

D/libc    (23367): [NET] android_getaddrinfofornet+,hn 12(0x31302e31352e38),sn(),hints(known),family 0,flags 4

D/libc    (23367): [NET] android_getaddrinfofornet-, SUCCESS

D/libc    (23367): [NET] android_getaddrinfofornet+,hn 12(0x31302e31352e38),sn(),hints(known),family 0,flags 4

D/libc    (23367): [NET] android_getaddrinfofornet-, SUCCESS

D/libc    (23367): [NET] android_getaddrinfofornet+,hn 12(0x31302e31352e38),sn(),hints(known),family 0,flags 4

D/libc    (23367): [NET] android_getaddrinfofornet-, SUCCESS

D/libc    (23367): [NET] android_getaddrinfofornet+,hn 12(0x31302e31352e38),sn(),hints(known),family 0,flags 4

D/libc    (23367): [NET] android_getaddrinfofornet-, SUCCESS

D/libc    (23367): [NET] android_getaddrinfofornet+,hn 12(0x31302e31352e38),sn(),hints(known),family 0,flags 4

D/libc    (23367): [NET] android_getaddrinfofornet-, SUCCESS

D/libc    (23367): [NET] android_getaddrinfofornet+,hn 12(0x31302e31352e38),sn(),hints(known),family 0,flags 4

D/libc    (23367): [NET] android_getaddrinfofornet-, SUCCESS

D/libc    (23367): [NET] android_getaddrinfofornet+,hn 12(0x31302e31352e38),sn(),hints(known),family 0,flags 4

D/libc    (23367): [NET] android_getaddrinfofornet-, SUCCESS

D/libc    (23367): [NET] android_getaddrinfofornet+,hn 12(0x31302e31352e38),sn(),hints(known),family 0,flags 4

D/libc    (23367): [NET] android_getaddrinfofornet-, SUCCESS

D/libc    (23367): [NET] android_getaddrinfofornet+,hn 12(0x31302e31352e38),sn(),hints(known),family 0,flags 4

D/libc    (23367): [NET] android_getaddrinfofornet-, SUCCESS

D/libc    (23367): [NET] android_getaddrinfofornet+,hn 12(0x31302e31352e38),sn(),hints(known),family 0,flags 4

D/libc    (23367): [NET] android_getaddrinfofornet-, SUCCESS

D/libc    (23367): [NET] android_getaddrinfofornet+,hn 12(0x31302e31352e38),sn(),hints(known),family 0,flags 4

D/libc    (23367): [NET] android_getaddrinfofornet-, SUCCESS

D/libc    (23367): [NET] android_getaddrinfofornet+,hn 12(0x31302e31352e38),sn(),hints(known),family 0,flags 4

D/libc    (23367): [NET] android_getaddrinfofornet-, SUCCESS

D/libc    (23367): [NET] android_getaddrinfofornet+,hn 12(0x31302e31352e38),sn(),hints(known),family 0,flags 4

D/libc    (23367): [NET] android_getaddrinfofornet-, SUCCESS

D/agoo.ElectionService(23328): [unRegisterApp] unRegisterApp[ComponentInfo{com.yunos.tvhelper/com.taobao.agoo.ElectionReceiver}]

D/libc    (23367): [NET] android_getaddrinfofornet+,hn 12(0x31302e31352e38),sn(),hints(known),family 0,flags 4

D/libc    (23367): [NET] android_getaddrinfofornet-, SUCCESS

D/libc    (23367): [NET] android_getaddrinfofornet+,hn 12(0x31302e31352e38),sn(),hints(known),family 0,flags 4

D/libc    (23367): [NET] android_getaddrinfofornet-, SUCCESS

D/libc    (23367): [NET] android_getaddrinfofornet+,hn 12(0x31302e31352e38),sn(),hints(known),family 0,flags 4

D/libc    (23367): [NET] android_getaddrinfofornet-, SUCCESS

D/libc    (23367): [NET] android_getaddrinfofornet+,hn 12(0x31302e31352e38),sn(),hints(known),family 0,flags 4

D/libc    (23367): [NET] android_getaddrinfofornet-, SUCCESS

D/libc    (23367): [NET] android_getaddrinfofornet+,hn 12(0x31302e31352e38),sn(),hints(known),family 0,flags 4

D/libc    (23367): [NET] android_getaddrinfofornet-, SUCCESS

D/libc    (23367): [NET] android_getaddrinfofornet+,hn 12(0x31302e31352e38),sn(),hints(known),family 0,flags 4

D/libc    (23367): [NET] android_getaddrinfofornet-, SUCCESS

D/libc    (23367): [NET] android_getaddrinfofornet+,hn 12(0x31302e31352e38),sn(),hints(known),family 0,flags 4

D/libc    (23367): [NET] android_getaddrinfofornet-, SUCCESS

W/BackupManagerService(  967): dataChanged but no participant pkg='com.android.providers.settings' uid=10158

I/PackageManager(  967):  setEnabledSetting(), pkgName=com.yunos.tvhelper, clsName=com.taobao.agoo.ElectionReceiver, state=2, flag=1, pid=23328, uid=10158, userID:0

D/libc    (23367): [NET] android_getaddrinfofornet+,hn 12(0x31302e31352e38),sn(),hints(known),family 0,flags 4

D/libc    (23367): [NET] android_getaddrinfofornet-, SUCCESS

D/libc    (23367): [NET] android_getaddrinfofornet+,hn 12(0x31302e31352e38),sn(),hints(known),family 0,flags 4

D/libc    (23367): [NET] android_getaddrinfofornet-, SUCCESS

D/libc    (23367): [NET] android_getaddrinfofornet+,hn 12(0x31302e31352e38),sn(),hints(known),family 0,flags 4

D/libc    (23367): [NET] android_getaddrinfofornet-, SUCCESS

D/libc    (23367): [NET] android_getaddrinfofornet+,hn 12(0x31302e31352e38),sn(),hints(known),family 0,flags 4

D/libc    (23367): [NET] android_getaddrinfofornet-, SUCCESS

D/libc    (23367): [NET] android_getaddrinfofornet+,hn 12(0x31302e31352e38),sn(),hints(known),family 0,flags 4

D/libc    (23367): [NET] android_getaddrinfofornet-, SUCCESS

D/libc    (23367): [NET] android_getaddrinfofornet+,hn 12(0x31302e31352e38),sn(),hints(known),family 0,flags 4

D/libc    (23367): [NET] android_getaddrinfofornet-, SUCCESS

D/libc    (23367): [NET] android_getaddrinfofornet+,hn 12(0x31302e31352e38),sn(),hints(known),family 0,flags 4

D/libc    (23367): [NET] android_getaddrinfofornet-, SUCCESS

D/libc    (23367): [NET] android_getaddrinfofornet+,hn 12(0x31302e31352e38),sn(),hints(known),family 0,flags 4

D/libc    (23367): [NET] android_getaddrinfofornet-, SUCCESS

D/libc    (23367): [NET] android_getaddrinfofornet+,hn 12(0x31302e31352e38),sn(),hints(known),family 0,flags 4

D/libc    (23367): [NET] android_getaddrinfofornet-, SUCCESS

D/libc    (23367): [NET] android_getaddrinfofornet+,hn 12(0x31302e31352e38),sn(),hints(known),family 0,flags 4

D/libc    (23367): [NET] android_getaddrinfofornet-, SUCCESS

D/libc    (23367): [NET] android_getaddrinfofornet+,hn 12(0x31302e31352e38),sn(),hints(known),family 0,flags 4

D/libc    (23367): [NET] android_getaddrinfofornet-, SUCCESS

D/libc    (23367): [NET] android_getaddrinfofornet+,hn 12(0x31302e31352e38),sn(),hints(known),family 0,flags 4

D/libc    (23367): [NET] android_getaddrinfofornet-, SUCCESS

D/libc    (23367): [NET] android_getaddrinfofornet+,hn 12(0x31302e31352e38),sn(),hints(known),family 0,flags 4

D/libc    (23367): [NET] android_getaddrinfofornet-, SUCCESS

D/libc    (23367): [NET] android_getaddrinfofornet+,hn 12(0x31302e31352e38),sn(),hints(known),family 0,flags 4

D/libc    (23367): [NET] android_getaddrinfofornet-, SUCCESS

D/libc    (23367): [NET] android_getaddrinfofornet+,hn 12(0x31302e31352e38),sn(),hints(known),family 0,flags 4

D/libc    (23367): [NET] android_getaddrinfofornet-, SUCCESS

D/libc    (23367): [NET] android_getaddrinfofornet+,hn 12(0x31302e31352e38),sn(),hints(known),family 0,flags 4

D/libc    (23367): [NET] android_getaddrinfofornet-, SUCCESS

D/libc    (23367): [NET] android_getaddrinfofornet+,hn 12(0x31302e31352e38),sn(),hints(known),family 0,flags 4

D/libc    (23367): [NET] android_getaddrinfofornet-, SUCCESS

D/libc    (23367): [NET] android_getaddrinfofornet+,hn 12(0x31302e31352e38),sn(),hints(known),family 0,flags 4

D/libc    (23367): [NET] android_getaddrinfofornet-, SUCCESS

D/libc    (23367): [NET] android_getaddrinfofornet+,hn 12(0x31302e31352e38),sn(),hints(known),family 0,flags 4

D/libc    (23367): [NET] android_getaddrinfofornet-, SUCCESS

D/libc    (23367): [NET] android_getaddrinfofornet+,hn 12(0x31302e31352e38),sn(),hints(known),family 0,flags 4

D/libc    (23367): [NET] android_getaddrinfofornet-, SUCCESS

D/libc    (23367): [NET] android_getaddrinfofornet+,hn 12(0x31302e31352e38),sn(),hints(known),family 0,flags 4

D/libc    (23367): [NET] android_getaddrinfofornet-, SUCCESS

D/libc    (23367): [NET] android_getaddrinfofornet+,hn 12(0x31302e31352e38),sn(),hints(known),family 0,flags 4

D/libc    (23367): [NET] android_getaddrinfofornet-, SUCCESS

D/libc    (23367): [NET] android_getaddrinfofornet+,hn 12(0x31302e31352e38),sn(),hints(known),family 0,flags 4

D/libc    (23367): [NET] android_getaddrinfofornet-, SUCCESS

D/libc    (23367): [NET] android_getaddrinfofornet+,hn 12(0x31302e31352e38),sn(),hints(known),family 0,flags 4

D/libc    (23367): [NET] android_getaddrinfofornet-, SUCCESS

D/libc    (23367): [NET] android_getaddrinfofornet+,hn 12(0x31302e31352e38),sn(),hints(known),family 0,flags 4

D/libc    (23367): [NET] android_getaddrinfofornet-, SUCCESS

D/libc    (23367): [NET] android_getaddrinfofornet+,hn 12(0x31302e31352e38),sn(),hints(known),family 0,flags 4

D/libc    (23367): [NET] android_getaddrinfofornet-, SUCCESS

D/libc    (23367): [NET] android_getaddrinfofornet+,hn 12(0x31302e31352e38),sn(),hints(known),family 0,flags 4

D/libc    (23367): [NET] android_getaddrinfofornet-, SUCCESS

D/libc    (23367): [NET] android_getaddrinfofornet+,hn 12(0x31302e31352e38),sn(),hints(known),family 0,flags 4

D/libc    (23367): [NET] android_getaddrinfofornet-, SUCCESS

D/libc    (23367): [NET] android_getaddrinfofornet+,hn 12(0x31302e31352e38),sn(),hints(known),family 0,flags 4

D/libc    (23367): [NET] android_getaddrinfofornet-, SUCCESS

D/libc    (23367): [NET] android_getaddrinfofornet+,hn 12(0x31302e31352e38),sn(),hints(known),family 0,flags 4

D/libc    (23367): [NET] android_getaddrinfofornet-, SUCCESS

D/libc    (23367): [NET] android_getaddrinfofornet+,hn 12(0x31302e31352e38),sn(),hints(known),family 0,flags 4

D/libc    (23367): [NET] android_getaddrinfofornet-, SUCCESS

D/libc    (23367): [NET] android_getaddrinfofornet+,hn 12(0x31302e31352e38),sn(),hints(known),family 0,flags 4

D/libc    (23367): [NET] android_getaddrinfofornet-, SUCCESS

D/libc    (23367): [NET] android_getaddrinfofornet+,hn 12(0x31302e31352e38),sn(),hints(known),family 0,flags 4

D/libc    (23367): [NET] android_getaddrinfofornet-, SUCCESS

D/libc    (23367): [NET] android_getaddrinfofornet+,hn 12(0x31302e31352e38),sn(),hints(known),family 0,flags 4

D/libc    (23367): [NET] android_getaddrinfofornet-, SUCCESS

D/libc    (23367): [NET] android_getaddrinfofornet+,hn 12(0x31302e31352e38),sn(),hints(known),family 0,flags 4

D/libc    (23367): [NET] android_getaddrinfofornet-, SUCCESS

D/libc    (23367): [NET] android_getaddrinfofornet+,hn 12(0x31302e31352e38),sn(),hints(known),family 0,flags 4

D/libc    (23367): [NET] android_getaddrinfofornet-, SUCCESS

D/libc    (23367): [NET] android_getaddrinfofornet+,hn 12(0x31302e31352e38),sn(),hints(known),family 0,flags 4

D/libc    (23367): [NET] android_getaddrinfofornet-, SUCCESS

D/libc    (23367): [NET] android_getaddrinfofornet+,hn 12(0x31302e31352e38),sn(),hints(known),family 0,flags 4

D/libc    (23367): [NET] android_getaddrinfofornet-, SUCCESS

D/libc    (23367): [NET] android_getaddrinfofornet+,hn 12(0x31302e31352e38),sn(),hints(known),family 0,flags 4

D/libc    (23367): [NET] android_getaddrinfofornet-, SUCCESS

D/libc    (23367): [NET] android_getaddrinfofornet+,hn 12(0x31302e31352e38),sn(),hints(known),family 0,flags 4

D/libc    (23367): [NET] android_getaddrinfofornet-, SUCCESS

D/libc    (23367): [NET] android_getaddrinfofornet+,hn 12(0x31302e31352e38),sn(),hints(known),family 0,flags 4

D/libc    (23367): [NET] android_getaddrinfofornet-, SUCCESS

D/libc    (23367): [NET] android_getaddrinfofornet+,hn 12(0x31302e31352e38),sn(),hints(known),family 0,flags 4

D/libc    (23367): [NET] android_getaddrinfofornet-, SUCCESS

D/libc    (23367): [NET] android_getaddrinfofornet+,hn 12(0x31302e31352e38),sn(),hints(known),family 0,flags 4

D/libc    (23367): [NET] android_getaddrinfofornet-, SUCCESS

D/libc    (23367): [NET] android_getaddrinfofornet+,hn 12(0x31302e31352e38),sn(),hints(known),family 0,flags 4

D/libc    (23367): [NET] android_getaddrinfofornet-, SUCCESS

D/libc    (23367): [NET] android_getaddrinfofornet+,hn 12(0x31302e31352e38),sn(),hints(known),family 0,flags 4

D/libc    (23367): [NET] android_getaddrinfofornet-, SUCCESS

D/libc    (23367): [NET] android_getaddrinfofornet+,hn 12(0x31302e31352e38),sn(),hints(known),family 0,flags 4

D/libc    (23367): [NET] android_getaddrinfofornet-, SUCCESS

D/libc    (23367): [NET] android_getaddrinfofornet+,hn 12(0x31302e31352e38),sn(),hints(known),family 0,flags 4

D/libc    (23367): [NET] android_getaddrinfofornet-, SUCCESS

D/libc    (23367): [NET] android_getaddrinfofornet+,hn 12(0x31302e31352e38),sn(),hints(known),family 0,flags 4

D/libc    (23367): [NET] android_getaddrinfofornet-, SUCCESS

D/libc    (23367): [NET] android_getaddrinfofornet+,hn 12(0x31302e31352e38),sn(),hints(known),family 0,flags 4

D/libc    (23367): [NET] android_getaddrinfofornet-, SUCCESS

D/libc    (23367): [NET] android_getaddrinfofornet+,hn 12(0x31302e31352e38),sn(),hints(known),family 0,flags 4

D/libc    (23367): [NET] android_getaddrinfofornet-, SUCCESS

D/libc    (23367): [NET] android_getaddrinfofornet+,hn 12(0x31302e31352e38),sn(),hints(known),family 0,flags 4

D/libc    (23367): [NET] android_getaddrinfofornet-, SUCCESS

D/libc    (23367): [NET] android_getaddrinfofornet+,hn 12(0x31302e31352e38),sn(),hints(known),family 0,flags 4

D/libc    (23367): [NET] android_getaddrinfofornet-, SUCCESS

D/libc    (23367): [NET] android_getaddrinfofornet+,hn 12(0x31302e31352e38),sn(),hints(known),family 0,flags 4

D/libc    (23367): [NET] android_getaddrinfofornet-, SUCCESS

D/libc    (23367): [NET] android_getaddrinfofornet+,hn 12(0x31302e31352e38),sn(),hints(known),family 0,flags 4

D/libc    (23367): [NET] android_getaddrinfofornet-, SUCCESS

D/libc    (23367): [NET] android_getaddrinfofornet+,hn 12(0x31302e31352e38),sn(),hints(known),family 0,flags 4

D/libc    (23367): [NET] android_getaddrinfofornet-, SUCCESS

D/libc    (23367): [NET] android_getaddrinfofornet+,hn 12(0x31302e31352e38),sn(),hints(known),family 0,flags 4

D/libc    (23367): [NET] android_getaddrinfofornet-, SUCCESS

D/libc    (23367): [NET] android_getaddrinfofornet+,hn 12(0x31302e31352e38),sn(),hints(known),family 0,flags 4

D/libc    (23367): [NET] android_getaddrinfofornet-, SUCCESS

D/libc    (23367): [NET] android_getaddrinfofornet+,hn 12(0x31302e31352e38),sn(),hints(known),family 0,flags 4

D/libc    (23367): [NET] android_getaddrinfofornet-, SUCCESS

D/libc    (23367): [NET] android_getaddrinfofornet+,hn 12(0x31302e31352e38),sn(),hints(known),family 0,flags 4

D/libc    (23367): [NET] android_getaddrinfofornet-, SUCCESS

D/libc    (23367): [NET] android_getaddrinfofornet+,hn 12(0x31302e31352e38),sn(),hints(known),family 0,flags 4

D/libc    (23367): [NET] android_getaddrinfofornet-, SUCCESS

D/libc    (23367): [NET] android_getaddrinfofornet+,hn 12(0x31302e31352e38),sn(),hints(known),family 0,flags 4

D/libc    (23367): [NET] android_getaddrinfofornet-, SUCCESS

D/libc    (23367): [NET] android_getaddrinfofornet+,hn 12(0x31302e31352e38),sn(),hints(known),family 0,flags 4

D/libc    (23367): [NET] android_getaddrinfofornet-, SUCCESS

D/libc    (23367): [NET] android_getaddrinfofornet+,hn 12(0x31302e31352e38),sn(),hints(known),family 0,flags 4

D/libc    (23367): [NET] android_getaddrinfofornet-, SUCCESS

D/libc    (23367): [NET] android_getaddrinfofornet+,hn 12(0x31302e31352e38),sn(),hints(known),family 0,flags 4

D/libc    (23367): [NET] android_getaddrinfofornet-, SUCCESS

D/libc    (23367): [NET] android_getaddrinfofornet+,hn 12(0x31302e31352e38),sn(),hints(known),family 0,flags 4

D/libc    (23367): [NET] android_getaddrinfofornet-, SUCCESS

D/libc    (23367): [NET] android_getaddrinfofornet+,hn 12(0x31302e31352e38),sn(),hints(known),family 0,flags 4

D/libc    (23367): [NET] android_getaddrinfofornet-, SUCCESS

D/libc    (23367): [NET] android_getaddrinfofornet+,hn 12(0x31302e31352e38),sn(),hints(known),family 0,flags 4

D/libc    (23367): [NET] android_getaddrinfofornet-, SUCCESS

D/libc    (23367): [NET] android_getaddrinfofornet+,hn 12(0x31302e31352e38),sn(),hints(known),family 0,flags 4

D/libc    (23367): [NET] android_getaddrinfofornet-, SUCCESS

D/libc    (23367): [NET] android_getaddrinfofornet+,hn 12(0x31302e31352e38),sn(),hints(known),family 0,flags 4

D/libc    (23367): [NET] android_getaddrinfofornet-, SUCCESS

D/libc    (23367): [NET] android_getaddrinfofornet+,hn 12(0x31302e31352e38),sn(),hints(known),family 0,flags 4

D/libc    (23367): [NET] android_getaddrinfofornet-, SUCCESS

D/libc    (23367): [NET] android_getaddrinfofornet+,hn 12(0x31302e31352e38),sn(),hints(known),family 0,flags 4

D/libc    (23367): [NET] android_getaddrinfofornet-, SUCCESS

D/libc    (23367): [NET] android_getaddrinfofornet+,hn 12(0x31302e31352e38),sn(),hints(known),family 0,flags 4

D/libc    (23367): [NET] android_getaddrinfofornet-, SUCCESS

D/libc    (23367): [NET] android_getaddrinfofornet+,hn 12(0x31302e31352e38),sn(),hints(known),family 0,flags 4

D/libc    (23367): [NET] android_getaddrinfofornet-, SUCCESS

D/libc    (23367): [NET] android_getaddrinfofornet+,hn 12(0x31302e31352e38),sn(),hints(known),family 0,flags 4

D/libc    (23367): [NET] android_getaddrinfofornet-, SUCCESS

D/ElectionService(23328): getCurrentSudo,getCurrentSudo=com.yunos.tvhelper

D/ElectionService(23328): getAppInfo packFlagValue=9977412

D/libc    (23367): [NET] android_getaddrinfofornet+,hn 12(0x31302e31352e38),sn(),hints(known),family 0,flags 4

D/libc    (23367): [NET] android_getaddrinfofornet-, SUCCESS

D/libc    (23367): [NET] android_getaddrinfofornet+,hn 12(0x31302e31352e38),sn(),hints(known),family 0,flags 4

D/libc    (23367): [NET] android_getaddrinfofornet-, SUCCESS

D/libc    (23367): [NET] android_getaddrinfofornet+,hn 12(0x31302e31352e38),sn(),hints(known),family 0,flags 4

I/agoo.ElectionService(23328): [getAppInfo]|[seq:checkPackage[pack:com.yunos.tvhelper][appInfoStr==null][json parse failed]] ElectionService

D/libc    (23367): [NET] android_getaddrinfofornet-, SUCCESS

D/agoo.ElectionService(23328): [getCurrentSudo] getCurrentSudo[oldSudo:com.yunos.tvhelper][remove]

D/libc    (23367): [NET] android_getaddrinfofornet+,hn 12(0x31302e31352e38),sn(),hints(known),family 0,flags 4

D/libc    (23367): [NET] android_getaddrinfofornet-, SUCCESS

D/libc    (23367): [NET] android_getaddrinfofornet+,hn 12(0x31302e31352e38),sn(),hints(known),family 0,flags 4

D/libc    (23367): [NET] android_getaddrinfofornet-, SUCCESS

D/libc    (23367): [NET] android_getaddrinfofornet+,hn 12(0x31302e31352e38),sn(),hints(known),family 0,flags 4

D/libc    (23367): [NET] android_getaddrinfofornet-, SUCCESS

D/libc    (23367): [NET] android_getaddrinfofornet+,hn 12(0x31302e31352e38),sn(),hints(known),family 0,flags 4

D/libc    (23367): [NET] android_getaddrinfofornet-, SUCCESS

D/libc    (23367): [NET] android_getaddrinfofornet+,hn 12(0x31302e31352e38),sn(),hints(known),family 0,flags 4

D/libc    (23367): [NET] android_getaddrinfofornet-, SUCCESS

D/libc    (23367): [NET] android_getaddrinfofornet+,hn 12(0x31302e31352e38),sn(),hints(known),family 0,flags 4

D/libc    (23367): [NET] android_getaddrinfofornet-, SUCCESS

D/libc    (23367): [NET] android_getaddrinfofornet+,hn 12(0x31302e31352e38),sn(),hints(known),family 0,flags 4

D/test    (23328): registrationId=AmxRZ_Afe25622rjOnf1SoaOe18AfCgukcvG3nE8P9kB,oldVersion=-966315119,newVersion=-966315119

D/agoo.ElectionService(23328): [execute] doElection[targetPackage:com.yunos.tvhelper]

D/libc    (23367): [NET] android_getaddrinfofornet-, SUCCESS

D/libc    (23367): [NET] android_getaddrinfofornet+,hn 12(0x31302e31352e38),sn(),hints(known),family 0,flags 4

D/libc    (23367): [NET] android_getaddrinfofornet-, SUCCESS

D/libc    (23367): [NET] android_getaddrinfofornet+,hn 12(0x31302e31352e38),sn(),hints(known),family 0,flags 4

D/libc    (23367): [NET] android_getaddrinfofornet-, SUCCESS

I/agoo.ElectionService(23328): [execute]|[seq:agoo client packs==>[{"com.alibaba.work.android":"{\"appInstallTime\":1448030318367,\"appSdkVersion\":20150615,\"appVersionHash\":229493875,\"appKey\":\"21574062\"}"}]] ElectionService

D/libc    (23367): [NET] android_getaddrinfofornet+,hn 12(0x31302e31352e38),sn(),hints(known),family 0,flags 4

D/libc    (23367): [NET] android_getaddrinfofornet-, SUCCESS

D/libc    (23367): [NET] android_getaddrinfofornet+,hn 12(0x31302e31352e38),sn(),hints(known),family 0,flags 4

D/libc    (23367): [NET] android_getaddrinfofornet-, SUCCESS

I/agoo.ElectionService(23328): [getAppInfo]|[seq:checkPackage[pack:com.alibaba.work.android][enabled]] ElectionService

E/WifiStateMachine(  967): WiFiStateMachine SCAN ALARM

E/WifiStateMachine(  967): handleMessage: E msg.what=131143

E/WifiStateMachine(  967): processMsg: ConnectedState

E/WifiStateMachine(  967):  ConnectedState !CMD_START_SCAN -2 -2 ic=1002 proc(ms):3 dur:3613 rssi=-54 f=5785 sc=60 link=65 tx=50.0, 0.0, 0.0  rx=107.6 fiv=40000 [on:0 tx:0 rx:0 period:847] from screen [on:0 period:-1439900818]

E/WifiStateMachine(  967): processMsg: L2ConnectedState

E/WifiStateMachine(  967):  L2ConnectedState !CMD_START_SCAN -2 -2 ic=1002 proc(ms):4 dur:3613 rssi=-54 f=5785 sc=60 link=65 tx=50.0, 0.0, 0.0  rx=107.6 fiv=40000 [on:0 tx:0 rx:0 period:0] from screen [on:0 period:-1439900818]

E/WifiStateMachine(  967): WifiStateMachine CMD_START_SCAN source -2 txSuccessRate=50.00 rxSuccessRate=107.63 targetRoamBSSID=1c:aa:07:f5:96:bf RSSI=-54

E/WifiStateMachine(  967): WifiStateMachine CMD_START_SCAN with age=302895 interval=40000 maxinterval=300000

E/WifiStateMachine(  967): WifiStateMachine CMD_START_SCAN try full band scan age=302895 interval=40000 maxinterval=300000

E/WifiStateMachine(  967): WifiStateMachine CMD_START_SCAN prevent full band scan due to pkt rate

E/WifiStateMachine(  967): WifiStateMachine CMD_START_SCAN source -2 ...and ignore scans tx=50.00 rx=107.63

E/WifiStateMachine(  967): handleMessage: X

I/agoo.ElectionService(23328): [execute]|[seq:application[pack:com.alibaba.work.android]--->[agooVersion:20150615][enabled]] ElectionService

I/agoo.ElectionService(23328): [execute]|[seq:application[pack:com.tmall.wireless][settingsString==null][disabled]] ElectionService

I/agoo.ElectionService(23328): [execute]|[seq:resetAgooPacks--->[{"com.alibaba.work.android":"{\"appInstallTime\":1448030318367,\"appSdkVersion\":20150615,\"appVersionHash\":229493875,\"appKey\":\"21574062\"}"}]] ElectionService

D/libc    (23367): [NET] android_getaddrinfofornet+,hn 12(0x31302e31352e38),sn(),hints(known),family 0,flags 4

D/libc    (23367): [NET] android_getaddrinfofornet-, SUCCESS

D/PMS     (  967): acquireWL(383c2fa9): PARTIAL_WAKE_LOCK  *alarm* 0x1 967 1000 WorkSource{1000}

D/WifiDisplayAdapter(  967): getWifiDisplayStatusLocked: result=WifiDisplayStatus{featureState=3, scanState=0, activeDisplayState=0, activeDisplay=null, displays=[], sessionInfo=WifiDisplaySessionInfo:

D/WifiDisplayAdapter(  967):     Client/Owner: Client

D/WifiDisplayAdapter(  967):     GroupId: 

D/WifiDisplayAdapter(  967):     Passphrase: 

D/WifiDisplayAdapter(  967):     SessionId: 0

D/WifiDisplayAdapter(  967):     IP Address: }

V/AlarmManager(  967): sending alarm PendingIntent{903b2a5: PendingIntentRecord{79f867a android broadcastIntent}}, i=com.android.server.WifiManager.action.START_SCAN, t=1, cnt=1, w=1450259039698, Int=20000

V/AlarmManager(  967): sending alarm PendingIntent{ddbf92e: PendingIntentRecord{14294ccf com.yunos.tvhelper broadcastIntent}}, i=agoo_action_re_connect, t=1, cnt=1, w=1450259045226, Int=0

D/PMS     (  967): releaseWL(383c2fa9): PARTIAL_WAKE_LOCK  *alarm* 0x1 WorkSource{10158}

D/test    (23328): registrationId=AmxRZ_Afe25622rjOnf1SoaOe18AfCgukcvG3nE8P9kB,oldVersion=-966315119,newVersion=-966315119

D/libc    (23367): [NET] android_getaddrinfofornet+,hn 12(0x31302e31352e38),sn(),hints(known),family 0,flags 4

D/libc    (23367): [NET] android_getaddrinfofornet-, SUCCESS

D/libc    (23367): [NET] android_getaddrinfofornet+,hn 12(0x31302e31352e38),sn(),hints(known),family 0,flags 4

D/libc    (23367): [NET] android_getaddrinfofornet-, SUCCESS

D/libc    (23367): [NET] android_getaddrinfofornet+,hn 12(0x31302e31352e38),sn(),hints(known),family 0,flags 4

D/libc    (23367): [NET] android_getaddrinfofornet-, SUCCESS

D/libc    (23367): [NET] android_getaddrinfofornet+,hn 12(0x31302e31352e38),sn(),hints(known),family 0,flags 4

D/agoo.ElectionService(23328): [remoteElection] election application packs[{com.alibaba.work.android=20150615}]

D/libc    (23367): [NET] android_getaddrinfofornet-, SUCCESS

D/libc    (23367): [NET] android_getaddrinfofornet+,hn 12(0x31302e31352e38),sn(),hints(known),family 0,flags 4

D/test    (23328): registrationId=AmxRZ_Afe25622rjOnf1SoaOe18AfCgukcvG3nE8P9kB,oldVersion=-966315119,newVersion=-966315119

D/libc    (23367): [NET] android_getaddrinfofornet-, SUCCESS

D/mtopsdk.XStateDelegate(23367): [setValue]set  XstateID succeed,ttid=tvhelper@tvhelper_android_1.0.0

D/libc    (23367): [NET] android_getaddrinfofornet+,hn 12(0x31302e31352e38),sn(),hints(known),family 0,flags 4

D/libc    (23367): [NET] android_getaddrinfofornet-, SUCCESS

D/libc    (23367): [NET] android_getaddrinfofornet+,hn 12(0x31302e31352e38),sn(),hints(known),family 0,flags 4

D/libc    (23367): [NET] android_getaddrinfofornet-, SUCCESS

D/libc    (23367): [NET] android_getaddrinfofornet+,hn 12(0x31302e31352e38),sn(),hints(known),family 0,flags 4

D/libc    (23367): [NET] android_getaddrinfofornet-, SUCCESS

D/libc    (23367): [NET] android_getaddrinfofornet+,hn 12(0x31302e31352e38),sn(),hints(known),family 0,flags 4

D/libc    (23367): [NET] android_getaddrinfofornet-, SUCCESS

D/libc    (23367): [NET] android_getaddrinfofornet+,hn 12(0x31302e31352e38),sn(),hints(known),family 0,flags 4

D/libc    (23367): [NET] android_getaddrinfofornet-, SUCCESS

D/libc    (23367): [NET] android_getaddrinfofornet+,hn 12(0x31302e31352e38),sn(),hints(known),family 0,flags 4

D/libc    (23367): [NET] android_getaddrinfofornet-, SUCCESS

D/libc    (23367): [NET] android_getaddrinfofornet+,hn 12(0x31302e31352e38),sn(),hints(known),family 0,flags 4

D/libc    (23367): [NET] android_getaddrinfofornet-, SUCCESS

D/libc    (23367): [NET] android_getaddrinfofornet+,hn 12(0x31302e31352e38),sn(),hints(known),family 0,flags 4

D/libc    (23367): [NET] android_getaddrinfofornet-, SUCCESS

D/libc    (23367): [NET] android_getaddrinfofornet+,hn 12(0x31302e31352e38),sn(),hints(known),family 0,flags 4

D/libc    (23367): [NET] android_getaddrinfofornet-, SUCCESS

D/libc    (23367): [NET] android_getaddrinfofornet+,hn 12(0x31302e31352e38),sn(),hints(known),family 0,flags 4

D/libc    (23367): [NET] android_getaddrinfofornet-, SUCCESS

D/libc    (23367): [NET] android_getaddrinfofornet+,hn 12(0x31302e31352e38),sn(),hints(known),family 0,flags 4

D/libc    (23367): [NET] android_getaddrinfofornet-, SUCCESS

D/libc    (23367): [NET] android_getaddrinfofornet+,hn 12(0x31302e31352e38),sn(),hints(known),family 0,flags 4

D/libc    (23367): [NET] android_getaddrinfofornet-, SUCCESS

D/libc    (23367): [NET] android_getaddrinfofornet+,hn 12(0x31302e31352e38),sn(),hints(known),family 0,flags 4

D/libc    (23367): [NET] android_getaddrinfofornet-, SUCCESS

D/libc    (23367): [NET] android_getaddrinfofornet+,hn 12(0x31302e31352e38),sn(),hints(known),family 0,flags 4

D/libc    (23367): [NET] android_getaddrinfofornet-, SUCCESS

D/libc    (23367): [NET] android_getaddrinfofornet+,hn 12(0x31302e31352e38),sn(),hints(known),family 0,flags 4

D/libc    (23367): [NET] android_getaddrinfofornet-, SUCCESS

D/mtopsdk.MtopProxyBase(23328): [seq:MTOP1]|[validateBusinessInit]MtopRequest [ apiName=mtop.push.channel.vote, version=7.0, data={"vote_factors":"{\"com.alibaba.work.android\":20150615}","deviceIds":"AmxRZ_Afe25622rjOnf1SoaOe18AfCgukcvG3nE8P9kB"}, needEcode=false, needSession=false]

D/libc    (23367): [NET] android_getaddrinfofornet+,hn 12(0x31302e31352e38),sn(),hints(known),family 0,flags 4

D/libc    (23367): [NET] android_getaddrinfofornet-, SUCCESS

D/libc    (23367): [NET] android_getaddrinfofornet+,hn 12(0x31302e31352e38),sn(),hints(known),family 0,flags 4

D/libc    (23367): [NET] android_getaddrinfofornet-, SUCCESS

D/libc    (23367): [NET] android_getaddrinfofornet+,hn 12(0x31302e31352e38),sn(),hints(known),family 0,flags 4

D/libc    (23367): [NET] android_getaddrinfofornet-, SUCCESS

D/libc    (23367): [NET] android_getaddrinfofornet+,hn 12(0x31302e31352e38),sn(),hints(known),family 0,flags 4

D/libc    (23367): [NET] android_getaddrinfofornet-, SUCCESS

D/libc    (23367): [NET] android_getaddrinfofornet+,hn 12(0x31302e31352e38),sn(),hints(known),family 0,flags 4

D/libc    (23367): [NET] android_getaddrinfofornet-, SUCCESS

I/mtopsdk.MtopFeatureManager(23328): [setMtopFeatureFlag] set feature=SUPPORT_RELATIVE_URL , openFlag=true

I/mtopsdk.MtopFeatureManager(23328): [setMtopFeatureFlag] set feature=UNIT_INFO_FEATURE , openFlag=true

I/mtopsdk.MtopTransformImpl(23328): [seq:MTOP1]|[getApiCacheSwitch] apiKey=mtop.push.channel.vote$7.0 apiCacheSwitchOpen=false

I/mtopsdk.MtopTransformImpl(23328): [seq:MTOP1]|[getNetworkInstance]DegradableNetwork apiKey=mtop.push.channel.vote$7.0

D/ANet.NetworkProxy(23328): [seq:MTOP1]|[asyncSend]

I/ANet.NetworkProxy(23328): [tryGetRemoteNetworkInstance] type=DEGRADE

I/ANet.RemoteGetter(23328): [submitTask]

I/ANet.RemoteGetter(23328): [asyncBindService] mContext:com.yunos.tvhelper.MyApplication@356e7263 bBindFailed:false bBinding:false

I/ANet.RemoteGetter(23328): [asyncBindService] end

I/ANet.NetworkService(23367): onBind:anetwork.channel.aidl.IRemoteNetworkGetter

I/ANet.RemoteGetter(23328): ANet_Service start success.ANet run with service mode

I/ANet.RemoteGetter(23328): [callAll]

I/ANet.RequestTask(23328): [call]

D/ANet.NetworkProxy(23328): [seq:MTOP1]|[call]call request:anetwork.channel.entity.RequestImpl@1e79a27d

I/ANet.NetworkProxy(23328): [tryGetRemoteNetworkInstance] type=DEGRADE

I/ANet.NetworkService(23367): [get]get type:2

D/awcn    (23367):  SessionCenter has init

D/ANet.TrafficStatistics(23367): [recoveryTrafficStatsTask] called

I/awcn    (23367):  host:api.m.taobao.com result:[{106.11.53.98:{80 spdy N}}, {106.11.53.98:{8002 spdy N}}, {106.11.53.98:{8003 spdy-ssl N}}, {106.11.53.98:{443 https N}}, {106.11.53.98:{80 http N}}]

I/ANet.DnsMgr(23367): [getDnsInfo]host=api.m.taobao.com, ip=106.11.53.98, supportSpdy=true, spdyPort=80, spdySslPort=8003, spdyExtPort=8002, httpPort=80, httpSslPort=443

I/ANet.DegradableNetworkDegate(23367): [seq:MTOP1]|send request by SPDY. isSsl=true

I/ANet.RequestConfig(23367): [seq:MTOP1]|[initUrl]origUrl=https://api.m.taobao.com/gw/mtop.push.channel.vote/7.0/?data=%7B%22vote_factors%22%3A%22%7B%5C%22com.alibaba.work.android%5C%22%3A20150615%7D%22%2C%22deviceIds%22%3A%22AmxRZ_Afe25622rjOnf1SoaOe18AfCgukcvG3nE8P9kB%22%7D

I/ANet.AEngine(23367): [seq:MTOP1.ATask1]|[sendSocket]

D/ANet.SessionAliveKeeper(23367): create session task. host=api.m.taobao.com-ssl session=org.android.spdy.SpdySession@349b1f8c keepAliveInterval=45

D/ANet.AEngine(23367): [seq:MTOP1.ATask1]|[sendSocket]**************SPDY-START*******************

D/ANet.AEngine(23367): REQUEST_URL:https://106.11.53.98:8003/gw/mtop.push.channel.vote/7.0/?data=%7B%22vote_factors%22%3A%22%7B%5C%22com.alibaba.work.android%5C%22%3A20150615%7D%22%2C%22deviceIds%22%3A%22AmxRZ_Afe25622rjOnf1SoaOe18AfCgukcvG3nE8P9kB%22%7D

D/ANet.AEngine(23367): REQUEST_CONNECTTIMEOUT:10000

D/ANet.AEngine(23367): REQUEST_READTIMEOUT:12000

D/ANet.AEngine(23367): REQUEST_METHOD:GET

D/ANet.AEngine(23367): REQUEST_HEADER:{m-devid=AmxRZ_Afe25622rjOnf1SoaOe18AfCgukcvG3nE8P9kB, m-nq=WIFI, m-t=1450259045, x-features=3, x-dispatch-version=10.14, User-Agent=MTOPSDK/1.5.1.17 (Android;5.0.2;HTC;HTC 802t), :host=api.m.taobao.com, m-s=460004560687261, Cookie=ALIPAYJSESSIONID=1c6b80d1eb4e075955d02319c17adbee; ucn=unit; WAPFDFDTGFG=%2B4cMKKP%2B8PI%2BNDbwbrHf2lCEI%2FDXfVLA4PHv5DwHw%2FRVzA%3D%3D; uc1=cookie14=UoWzUasvR2tAsQ%3D%3D&cookie21=UtASsssmeW6lpyd%2BB%2B3t&cookie15=URm48syIIVrSKA%3D%3D; uc3=nk2=Cyg8of49f1s%3D&id2=UNaCQRPZt9I%3D&vt3=F8dAScH%2FJ7WdUlOHC80%3D&lg2=UIHiLt3xD8xYTw%3D%3D; skt=fae744afdf206c55; lgc=he_jerry; _cc_=VT5L2FSpdA%3D%3D; t=96a52a2a862fecd93642115acfcc42a3; unb=36528720; _nk_=he_jerry; _l_g_=Ug%3D%3D; cookie1=BvAGdH6WSPPl9bbY7qWveDmK6BO8l2Lzh0tx4K58spU%3D; cookie17=UNaCQRPZt9I%3D; tracknick=he_jerry; sg=y0a; cookie2=1c6b80d1eb4e075955d02319c17adbee; _tb_token_=e5bd3531e7567, m-sid=1c6b80d1eb4e075955d02319c17adbee, cache-control=no-cache, x-utdid=Un2ZrtXBlHIDAIPxYN1Ug5rA, m-ttid=tvhelper%40tvhelper_android_1.0.0, m-e=355867053040021, x-cmd-v=0%7C0, m-appkey=21563561, m-pv=4.1, m-sign=7519b56e9c93af53f849b1e4db573c1cc0d9492e, m-nettype=WIFI}

D/ANet.AEngine(23367): REQUEST_BODY:

D/ANet.AEngine(23367): REQUEST_SSLMODE:true

D/ANet.AEngine(23367): FINISH THREAD NAME: ANet:2 session :org.android.spdy.SpdySession@349b1f8c

D/ANet.AEngine(23367): ****************SPDY-END*****************

D/ANet.ASessionCallbackDispatcher(23367): [spdySessionConnectCB]org.android.spdy.SpdySession@349b1f8c

D/ANet.ASessionCallbackDispatcher(23367): [dispatcherCallBack] cb_size=1

I/ANet.ACallback(23367): [seq:MTOP1.ATask1]|[spdySessionConnectCB]

D/ANet.SessionStatistic(23367): spdy session connect. host=api.m.taobao.com port=8003

D/ANet.ACallback(23367): [seq:MTOP1.ATask1]|[spdySessionConnectCB]-time=17;    doCallbackTime=0;    connect_time=9;session=org.android.spdy.SpdySession@349b1f8c

I/ANet.CertificationValiditor(23367): [getCertifications]

W/ANet.CertificationValiditor(23367): getCertification error certs:null

I/ANet.SslCallbackImpl(23367): certificate=null

I/ANet.SslCallbackImpl(23367): certToPublicKey pubkey:null try to getDefault pubKey

I/ANet.SslCallbackImpl(23367): [getPublicKey]证书提取 pubkey:ParcelableSslPublickey [module=�6yy�G��n�i����`��*���xՊ��
 .[9:�r

I/ANet.SslCallbackImpl(23367): ��M�a��-�H�Ủ�~N�Q�|r��i�Ko������7XSX��VUL����C�&��wq�#�

I/ANet.SslCallbackImpl(23367): pctj���A��	�, exponent=[1, 0, 1], seqnum=1, error=0, dataSize=0]

I/_sendLog(23143): TBSEngine:_sendlog

I/saveToStorage(23143): TBSEngine:commit to storage

I/delay log(23143): TBSEngine:add:[]

I/reqeust[transfer_data](23143): TBSEngine:mCurPackRecordCount=20

I/req[stm=stm_p](23143): TBSEngine:Un2ZrkVH9dF/GMdCflzppQ==||Un2ZrkVbDdi9lvLPvNsVMg==||htc||HTC 802t||1920*1080||中国移动3G||Wi-Fi||Unknown||AliworkAndroidForUT||21574062||3.0.2_20151120||67750||-||-||-||Unknown||a||5.0.2||4.3.12.347575||1450259040513||Un2ZrtXBlHIDAIPxYN1Ug5rA||mini||-||-||-||-||_bv=-,_mac=84:7a:88:7d:8f:a3,_umid=Zp7px61PPY9lpO4YQdtgaYikLg23eYtq,_io=1||1450259040604||Page_UsertrackInit||1009||-||-||-||dep=1

I/req[stm=stm_p](23143): Un2ZrkVH9dF/GMdCflzppQ==||Un2ZrkVbDdi9lvLPvNsVMg==||htc||HTC 802t||1920*1080||中国移动3G||Wi-Fi||Unknown||AliworkAndroidForUT||21574062||3.0.2_20151120||67750||-||-||-||Unknown||a||5.0.2||4.3.12.347575||1450259040513||Un2ZrtXBlHIDAIPxYN1Ug5rA||mini||-||-||-||-||_bv=-,_mac=84:7a:88:7d:8f:a3,_umid=Zp7px61PPY9lpO4YQdtgaYikLg23eYtq,_io=1||1450259040603||Page_UsertrackInit||1002||-||-||-||binTime=1429586248000_1369804944000,serialNo=HC36BW905914,dep=0

D/libc    (23143): [NET] android_getaddrinfofornet+,hn 18(0x61646173682e6d),sn(),hints(known),family 0,flags 4

D/libc    (23143): [NET] android_getaddrinfofornet-, err=8

D/libc    (23143): [NET] android_getaddrinfofornet+,hn 18(0x61646173682e6d),sn(),hints(known),family 0,flags 1024

D/libc    (23143): [NET] android_getaddrinfofornet-, pass to proxy

D/libc    (23143): [NET] android_getaddrinfo_proxy+

D/libc    (23143): [NET] android_getaddrinfo_proxy get netid:0

D/libc    (  291): [NET] android_getaddrinfofornet+,hn 18(0x61646173682e6d),sn(),hints(known),family 0,flags 1024

D/libc    (  291): [NET] _dns_getaddrinfo+, netid:287, mark:917791

D/libc    (  291): [NET] _dns_getaddrinfo-, (NS_SUCCESS)

D/libc    (  291): [NET] android_getaddrinfofornet-, SUCCESS

D/libc    (23143): [NET] android_getaddrinfo_proxy-, success

I/request (23143): TBSEngine:http://adash.m.taobao.com/rest/sur?ak=21574062&av=3.0.2_20151120&c=AliworkAndroidForUT&v=3.0&s=55d4b461e9d218600b5027b4954e0a69&d=Un2ZrtXBlHIDAIPxYN1Ug5rA&sv=4.3.9&p=a&t=1450259045414&u=&is=0

I/result  (23143): TBSEngine:{"t":1450259046295,"ret":"","success":"success"}

I/request[transfer-data](23143): TBSEngine:delay＝22ms

I/saveToStorage(23143): TBSEngine:commit to storage

I/request[transfer_data](23143): TBSEngine:skip[no logs]

I/saveToStorage(23143): TBSEngine:commit to storage

I/ANet.ACallback(23367): [seq:MTOP1.ATask1]|[spdyOnStreamResponse]headers：{s-rt=[20], m-bin-length=[149], m-retcode=[SUCCESS], cache-control=[no-cache], :status=[200], x-n-node=[cfe31de91bdb3cc9a45915971cba5d30], pragma=[no-cache], content-type=[application/json;charset=UTF-8], date=[Wed, 16 Dec 2015 09:44:06 GMT], :version=[HTTP/1.1], server=[nginx], content-length=[149], m-content-md5=[426ee8a3092ccf40c8059e1db4220271]}

I/ANet.Repeater(23367): [seq:MTOP1.ATask1]|[onResponseCode]

D/ANet.Repeater(23367): [seq:MTOP1.ATask1]|[dispatchCallBack] submit ...anetwork.channel.entity.Repeater$1@2b3845db

D/ANet.ACallback(23367): [seq:MTOP1.ATask1]|[spdyDataChunkRecvCB]streamId=1;len=149;fin=false;bGzip=false;index=0;

D/ANet.ACallback(23367): data={"api":"mtop.push.channel.vote","v":"7.0","ret":["SUCCESS::调用成功"],"data":{"sudo_pack":"com.alibaba.work.android","time_out":"1450339095646"}}

D/ANet.ParcelableNetworkListenerWrapper(23328): [onResponseCode]ParcelableResponseHeader [responseCode=200, header={m-bin-length=[149], s-rt=[20], cache-control=[no-cache], m-retcode=[SUCCESS], x-n-node=[cfe31de91bdb3cc9a45915971cba5d30], :status=[200], content-type=[application/json;charset=UTF-8], pragma=[no-cache], server=[nginx], :version=[HTTP/1.1], date=[Wed, 16 Dec 2015 09:44:06 GMT], content-length=[149], m-content-md5=[426ee8a3092ccf40c8059e1db4220271]}]

D/ANet.Repeater(23367): [seq:MTOP1.ATask1]|[dispatchCallBack] submit ...anetwork.channel.entity.Repeater$2@128c7b51

D/ANet.Repeater(23367): [seq:MTOP1.ATask1]|[onDataReceiveSize] index:1

D/ANet.ACallback(23367): [seq:MTOP1.ATask1]|[spdyDataChunkRecvCB]streamId=1;len=0;fin=true;bGzip=false;index=1;

D/ANet.ACallback(23367): data=

D/ANet.Repeater(23367): [seq:MTOP1.ATask1]|[dispatchCallBack] submit ...anetwork.channel.entity.Repeater$2@1ceb64b7

I/ANet.ACallback(23367): [seq:MTOP1.ATask1]|[spdyDataRecvCallback] fin:true

I/ANet.ACallback(23367): [seq:MTOP1.ATask1]|[spdyStreamCloseCallback]streamId=1; session=org.android.spdy.SpdySession@349b1f8c; bFinish=false; spdystatus=0

D/ANet.SessionStatistic(23367): current spdy request. sendSize=968 recSize=355 totalSendSize=968 totalRecSize=355

D/mtopsdk.DefaultMtopCallback(23328): [onHeader]MtopHeaderEvent [code=200, header={m-bin-length=[149], s-rt=[20], cache-control=[no-cache], m-retcode=[SUCCESS], x-n-node=[cfe31de91bdb3cc9a45915971cba5d30], :status=[200], content-type=[application/json;charset=UTF-8], pragma=[no-cache], server=[nginx], :version=[HTTP/1.1], date=[Wed, 16 Dec 2015 09:44:06 GMT], content-length=[149], m-content-md5=[426ee8a3092ccf40c8059e1db4220271]}]

I/ANet.ACallback(23367): [seq:MTOP1.ATask1]|[parseSpdyStatusCode] ret:finsh

I/ANet.ACallback(23367): [seq:MTOP1.ATask1]|[sendOnFinishCallback] bFinish:false

D/ANet.ParcelableNetworkListenerWrapper(23328): [onInputStreamReceived]

D/ANet.Repeater(23367): [seq:MTOP1.ATask1]|[onDataReceiveSize] index:2

I/ANet.Statistics(23367): [seq:MTOP1.ATask1]|[registerNetworkStatsAppMonitor]register NetworkStats AppMonitor executed.

D/mtopsdk.NetworkListenerAdapter(23328): [seq:MTOP1]|[onInputStreamGet]start to read input stream

I/ANet.Repeater(23367): [seq:MTOP1.ATask1]|[onFinish] 

D/ANet.Repeater(23367): [seq:MTOP1.ATask1]|[dispatchCallBack] submit ...anetwork.channel.entity.Repeater$3@7479553

D/ANet.Repeater(23367): on Finish waitTime:0

D/ANet.Repeater(23367): [seq:MTOP1.ATask1]|on Finish callback. Thread id:16010

I/ANet.ACallback(23367): [seq:MTOP1.ATask1]|[sendOnFinishCallback] DefaultFinishEvent [code=200, desc=调用成功, context=null, statisticData=StatisticData [isRequestSuccess=true,host=api.m.taobao.com,api_v=mtop.push.channel.vote$7.0,ip_port=api.m.taobao.com,spdy=true,isSSL=true,dnsTime=0,isDNSTimeout=0,tcpLinkDate=10,oneWayTime_ANet=145,oneWayTime_AEngine=98,oneWayTime_Jni=88,postBodyTime=22,waitTime=1,firstDataTime=85,recDataTime=4,serverRT=20,rtt=60,sendSize968,totalSize=149,dataSpeed=37,retryTime=0,timeoutType=,redirectTime=0]]

