W/ContextImpl(  967): Calling a method in the system process without a qualified user: android.app.ContextImpl.sendBroadcast:1459 com.android.server.wifi.WifiStateMachine.sendDongleScanResultsAvailableBroadcast:14114 com.android.server.wifi.WifiStateMachine.handleMediaLinkEvent:14279 com.android.server.wifi.WifiStateMachine.access$5800:265 com.android.server.wifi.WifiStateMachine$SupplicantStartedState.processMessage:8070 

V/AlarmManager(  967): sending alarm PendingIntent{3e6d233e: PendingIntentRecord{72b221e com.tongbanjie.android broadcastIntent}}, i=AlarmTaskSchedule.com.tongbanjie.android, t=0, cnt=1, w=1450258948247, Int=0

D/WifiService(  967): acquireWifiLockLocked: WifiLock{gt_wifi_lock type=1 binder=android.os.BinderProxy@33936cbb}

D/PMS     (  967): releaseWL(a595dde): PARTIAL_WAKE_LOCK  encrypted_tag 0x1 null

D/PMS     (  967): acquireWL(348875d8): PARTIAL_WAKE_LOCK  encrypted_tag 0x1 20095 10135 null

D/PMS     (  967): releaseWL(3d1a3acb): PARTIAL_WAKE_LOCK  encrypted_tag 0x1 null

D/PMS     (  967): acquireWL(2f122d31): PARTIAL_WAKE_LOCK  encrypted_tag 0x1 20223 10174 null

D/WifiService(  967): New client listening to asynchronous messages

V/AlarmManager(  967): sending alarm PendingIntent{13f96d20: PendingIntentRecord{73366d9 com.tongbanjie.android broadcastIntent}}, i=AlarmTaskScheduleBak.com.tongbanjie.android, t=0, cnt=1, w=1450258950247, Int=0

I/ActivityManager(  967): Recipient 19164

I/ActivityManager(  967): Process com.htc.mobiledata:remote (pid 19164) has died

W/BroadcastQueue(  967): Permission Denial: broadcasting Intent { act=android.intent.action.USER_PRESENT flg=0x24000010 } from com.android.systemui (pid=2788, uid=10196) is not exported from uid 10299 due to receiver com.netease.newsreader.activity/com.netease.nr.biz.push2.PushWakeupReceiver

I/ActivityManager(  967): Start proc com.htc.htcpowermanager:remote for broadcast com.htc.htcpowermanager/.smartsync.SmartSyncDataLinkTurnOffReceiver: pid=20843 uid=1000 gids={41000, 9997, 3002, 3001, 3003, 1028, 1015, 5001, 5011, 3006, 1007, 1023, 5006} abi=armeabi-v7a

D/PMS     (  967): acquireWL(3b21cf7f): PARTIAL_WAKE_LOCK  encrypted_tag 0x1 20223 10174 null

D/PMS     (  967): releaseWL(3b21cf7f): PARTIAL_WAKE_LOCK  encrypted_tag 0x1 null

D/PMS     (  967): acquireWL(35d83b4c): PARTIAL_WAKE_LOCK  encrypted_tag 0x1 20223 10174 null

D/PMS     (  967): releaseWL(35d83b4c): PARTIAL_WAKE_LOCK  encrypted_tag 0x1 null

D/PMS     (  967): acquireWL(37ea9795): PARTIAL_WAKE_LOCK  encrypted_tag 0x1 20223 10174 null

D/PMS     (  967): releaseWL(37ea9795): PARTIAL_WAKE_LOCK  encrypted_tag 0x1 null

D/PMS     (  967): acquireWL(1b5020aa): PARTIAL_WAKE_LOCK  encrypted_tag 0x1 20223 10174 null

D/PMS     (  967): releaseWL(1b5020aa): PARTIAL_WAKE_LOCK  encrypted_tag 0x1 null

D/PMS     (  967): acquireWL(388de49b): PARTIAL_WAKE_LOCK  encrypted_tag 0x1 20223 10174 null

D/PMS     (  967): releaseWL(388de49b): PARTIAL_WAKE_LOCK  encrypted_tag 0x1 null

D/PMS     (  967): acquireWL(3af3c038): PARTIAL_WAKE_LOCK  encrypted_tag 0x1 20223 10174 null

D/PMS     (  967): releaseWL(3af3c038): PARTIAL_WAKE_LOCK  encrypted_tag 0x1 null

W/ContextImpl(20843): Calling a method in the system process without a qualified user: android.app.ContextImpl.startService:1824 android.content.ContextWrapper.startService:515 android.content.ContextWrapper.startService:515 com.htc.htcpowermanager.smartsync.SmartSyncDataLinkTurnOffReceiver.onReceive:22 android.app.ActivityThread.handleReceiver:2712 

W/ContextImpl(  967): Calling a method in the system process without a qualified user: android.app.ContextImpl.stopService:1830 android.content.ContextWrapper.stopService:520 android.content.ContextWrapper.stopService:520 com.htc.smartdim.SystemIntentReceiver.onReceive:91 android.app.ActivityThread.handleReceiver:2712 

W/ContextImpl(20843): Calling a method in the system process without a qualified user: android.app.ContextImpl.startService:1824 android.content.ContextWrapper.startService:515 android.content.ContextWrapper.startService:515 com.htc.htcpowermanager.smartsync.SmartSyncDataLinkTurnOffReceiver.onReceive:22 android.app.ActivityThread.handleReceiver:2712 

W/ContextImpl(  967): Calling a method in the system process without a qualified user: android.app.ContextImpl.stopService:1830 android.content.ContextWrapper.stopService:520 android.content.ContextWrapper.stopService:520 com.htc.smartdim.SystemIntentReceiver.onReceive:91 android.app.ActivityThread.handleReceiver:2712 

D/WifiDisplayAdapter(  967): getWifiDisplayStatusLocked: result=WifiDisplayStatus{featureState=3, scanState=0, activeDisplayState=0, activeDisplay=null, displays=[], sessionInfo=WifiDisplaySessionInfo:

D/WifiDisplayAdapter(  967):     Client/Owner: Client

D/WifiDisplayAdapter(  967):     GroupId: 

D/WifiDisplayAdapter(  967):     Passphrase: 

D/WifiDisplayAdapter(  967):     SessionId: 0

D/WifiDisplayAdapter(  967):     IP Address: }

I/ActivityManager(  967): Recipient 18761

I/ActivityManager(  967): Process com.htc.mobiledata (pid 18761) has died

I/ActivityManager(  967): Start proc com.qiyi.video.htc for broadcast com.qiyi.video.htc/org.qiyi.android.commonphonepad.pushmessage.qiyi.QYPushMessageReceiver: pid=20869 uid=10142 gids={50142, 9997, 1028, 3003, 1015, 3002, 3001} abi=armeabi

I/PackageManager(  967):  setEnabledSetting(), pkgName=cn.amazon.mShop.android, clsName=com.amazon.identity.auth.device.storage.LambortishClock$ChangeTimestampsBroadcastReceiver, state=1, flag=1, pid=20761, uid=10135, userID:0

I/PackageManager(  967):  setEnabledSetting(), pkgName=cn.amazon.mShop.android, clsName=com.amazon.identity.auth.accounts.SessionUserChangedToAccountForPackageChangedAdpater, state=2, flag=1, pid=20761, uid=10135, userID:0

I/ActivityManager(  967): Recipient 20705

D/WifiService(  967): Client connection lost with reason: 4

I/ActivityManager(  967): Start proc com.dianping.v1 for broadcast com.dianping.v1/com.dianping.base.push.pushservice.PushStartReceiver: pid=20919 uid=10092 gids={50092, 9997, 3003, 1028, 1015, 3002, 3001} abi=armeabi-v7a

I/ActivityManager(  967): Process com.hunantv.imgo.activity (pid 20705) has died

I/PackageManager(  967):  setEnabledSetting(), pkgName=com.dianping.v1, clsName=com.dianping.base.push.pushservice.PhoneStatusReceiver, state=1, flag=1, pid=20919, uid=10092, userID:0

D/WifiDisplayAdapter(  967): getWifiDisplayStatusLocked: result=WifiDisplayStatus{featureState=3, scanState=0, activeDisplayState=0, activeDisplay=null, displays=[], sessionInfo=WifiDisplaySessionInfo:

D/WifiDisplayAdapter(  967):     Client/Owner: Client

D/WifiDisplayAdapter(  967):     GroupId: 

D/WifiDisplayAdapter(  967):     Passphrase: 

D/WifiDisplayAdapter(  967):     SessionId: 0

D/WifiDisplayAdapter(  967):     IP Address: }

I/ActivityManager(  967): Start proc com.htc.calendar for broadcast com.htc.calendar/.ProviderChangeReceiver: pid=20985 uid=10020 gids={50020, 9997, 3003, 1028, 1015, 1023} abi=armeabi-v7a

D/PMS     (  967): releaseWL(28c07fa6): PARTIAL_WAKE_LOCK  encrypted_tag 0x1 null

D/PMS     (  967): acquireWL(5f3a768): PARTIAL_WAKE_LOCK  encrypted_tag 0x1 20223 10174 null

D/PMS     (  967): releaseWL(5f3a768): PARTIAL_WAKE_LOCK  encrypted_tag 0x1 null

D/PMS     (  967): acquireWL(28302781): PARTIAL_WAKE_LOCK  encrypted_tag 0x1 20223 10174 null

D/PMS     (  967): releaseWL(28302781): PARTIAL_WAKE_LOCK  encrypted_tag 0x1 null

D/PMS     (  967): acquireWL(17505026): PARTIAL_WAKE_LOCK  encrypted_tag 0x1 20223 10174 null

D/PMS     (  967): releaseWL(17505026): PARTIAL_WAKE_LOCK  encrypted_tag 0x1 null

D/PMS     (  967): acquireWL(901e467): PARTIAL_WAKE_LOCK  encrypted_tag 0x1 20223 10174 null

D/PMS     (  967): releaseWL(901e467): PARTIAL_WAKE_LOCK  encrypted_tag 0x1 null

D/PMS     (  967): acquireWL(3c3e6003): PARTIAL_WAKE_LOCK  encrypted_tag 0x1 20223 10174 null

D/PMS     (  967): releaseWL(3c3e6003): PARTIAL_WAKE_LOCK  encrypted_tag 0x1 null

D/PMS     (  967): acquireWL(2d21fb80): PARTIAL_WAKE_LOCK  encrypted_tag 0x1 20223 10174 null

D/PMS     (  967): releaseWL(2d21fb80): PARTIAL_WAKE_LOCK  encrypted_tag 0x1 null

W/ResourcesManager(20985): Asset path '/system/framework/android.test.runner.jar' does not exist or contains no resources.

D/WifiDisplayAdapter(  967): getWifiDisplayStatusLocked: result=WifiDisplayStatus{featureState=3, scanState=0, activeDisplayState=0, activeDisplay=null, displays=[], sessionInfo=WifiDisplaySessionInfo:

D/WifiDisplayAdapter(  967):     Client/Owner: Client

D/WifiDisplayAdapter(  967):     GroupId: 

D/WifiDisplayAdapter(  967):     Passphrase: 

D/WifiDisplayAdapter(  967):     SessionId: 0

D/WifiDisplayAdapter(  967):     IP Address: }

D/PMS     (  967): acquireWL(166b4fac): PARTIAL_WAKE_LOCK  LocationManagerService 0x1 967 1000 WorkSource{1000 android}

D/PMS     (  967): acquireWL(8ff8475): PARTIAL_WAKE_LOCK  LocationManagerService 0x1 967 1000 WorkSource{10009 android.htc.china.location.service}

D/PMS     (  967): acquireWL(3661cc7b): PARTIAL_WAKE_LOCK  LocationManagerService 0x1 967 1000 WorkSource{10056 com.htc.sense.hsp}

D/PMS     (  967): releaseWL(8ff8475): PARTIAL_WAKE_LOCK  LocationManagerService 0x1 WorkSource{10009 android.htc.china.location.service}

I/ActivityManager(  967): Recipient 20761

D/WifiService(  967): Client connection lost with reason: 4

D/PMS     (  967): releaseWL(166b4fac): PARTIAL_WAKE_LOCK  LocationManagerService 0x1 WorkSource{1000 android}

D/QMI_FW  (  967): QCCI: QMI_CCI_TX: cntl_flag - 00, txn_id - 13a8, msg_id - 0039, msg_len - 0021

D/QMI_FW  (  967): QCCI: QMUXD: xport_send[1 -> 16]: 40 bytes on conn_id=9

D/PMS     (  967): releaseWL(3661cc7b): PARTIAL_WAKE_LOCK  LocationManagerService 0x1 WorkSource{10056 com.htc.sense.hsp}

D/QMI_FW  (  967): QCCI: QMUXD: xport_rx[1 <- 16]: 14 bytes on conn_id: 9

D/QMI_FW  (  967): QCCI: QMI_CCI_RX: cntl_flag - 02, txn_id - 13a8, msg_id - 0039, msg_len - 0007

D/QMI_FW  (  967): QCCI: QMUXD: xport_rx[1 <- 16]: 14 bytes on conn_id: 9

D/QMI_FW  (  967): QCCI: QMI_CCI_RX: cntl_flag - 04, txn_id - 0000, msg_id - 0039, msg_len - 0007

E/libprocessgroup(  967): failed to kill 1 processes for processgroup 20761

I/ActivityManager(  967): Process cn.amazon.mShop.android (pid 20761) has died

I/ActivityManager(  967): Start proc com.htc.bgp for content provider com.android.providers.calendar/com.htc.providers.calendar.HtcCalendarProvider: pid=21008 uid=10025 gids={50025, 9997, 1028, 1015, 5001, 5011, 2001, 3003} abi=armeabi-v7a

D/PMS     (  967): acquireWL(12594262): PARTIAL_WAKE_LOCK  encrypted_tag 0x1 20223 10174 null

D/PMS     (  967): releaseWL(12594262): PARTIAL_WAKE_LOCK  encrypted_tag 0x1 null

D/PMS     (  967): acquireWL(3c074ff3): PARTIAL_WAKE_LOCK  encrypted_tag 0x1 20223 10174 null

D/PMS     (  967): releaseWL(3c074ff3): PARTIAL_WAKE_LOCK  encrypted_tag 0x1 null

D/PMS     (  967): acquireWL(126b44b0): PARTIAL_WAKE_LOCK  encrypted_tag 0x1 20223 10174 null

D/PMS     (  967): releaseWL(126b44b0): PARTIAL_WAKE_LOCK  encrypted_tag 0x1 null

D/PMS     (  967): acquireWL(16ba0f29): PARTIAL_WAKE_LOCK  encrypted_tag 0x1 20223 10174 null

D/PMS     (  967): releaseWL(16ba0f29): PARTIAL_WAKE_LOCK  encrypted_tag 0x1 null

D/PMS     (  967): acquireWL(8d22ae): PARTIAL_WAKE_LOCK  encrypted_tag 0x1 20223 10174 null

D/PMS     (  967): releaseWL(8d22ae): PARTIAL_WAKE_LOCK  encrypted_tag 0x1 null

D/PMS     (  967): acquireWL(3d3cf84f): PARTIAL_WAKE_LOCK  encrypted_tag 0x1 20223 10174 null

I/ActivityManager(  967): Recipient 20869

I/ActivityManager(  967): Process com.qiyi.video.htc (pid 20869) has died

D/WifiService(  967): New client listening to asynchronous messages

D/PMS     (  967): releaseWL(3d3cf84f): PARTIAL_WAKE_LOCK  encrypted_tag 0x1 null

D/PMS     (  967): releaseWL(348875d8): PARTIAL_WAKE_LOCK  encrypted_tag 0x1 null

D/PMS     (  967): releaseWL(1e763f8c): PARTIAL_WAKE_LOCK  encrypted_tag 0x1 null

D/PMS     (  967): acquireWL(1f3b74e5): PARTIAL_WAKE_LOCK  encrypted_tag 0x1 20223 10174 null

D/PMS     (  967): releaseWL(1f3b74e5): PARTIAL_WAKE_LOCK  encrypted_tag 0x1 null

D/PMS     (  967): acquireWL(380cbbba): PARTIAL_WAKE_LOCK  encrypted_tag 0x1 20223 10174 null

D/PMS     (  967): releaseWL(380cbbba): PARTIAL_WAKE_LOCK  encrypted_tag 0x1 null

D/PMS     (  967): acquireWL(2a7aca6b): PARTIAL_WAKE_LOCK  encrypted_tag 0x1 20223 10174 null

D/PMS     (  967): releaseWL(2a7aca6b): PARTIAL_WAKE_LOCK  encrypted_tag 0x1 null

D/PMS     (  967): acquireWL(39b6f9c8): PARTIAL_WAKE_LOCK  encrypted_tag 0x1 20223 10174 null

D/PMS     (  967): releaseWL(39b6f9c8): PARTIAL_WAKE_LOCK  encrypted_tag 0x1 null

W/ResourcesManager(21008): Asset path '/system/framework/android.test.runner.jar' does not exist or contains no resources.

D/PMS     (  967): acquireWL(bb37a61): PARTIAL_WAKE_LOCK  encrypted_tag 0x1 20223 10174 null

D/PMS     (  967): releaseWL(bb37a61): PARTIAL_WAKE_LOCK  encrypted_tag 0x1 null

D/PMS     (  967): acquireWL(32bad986): PARTIAL_WAKE_LOCK  encrypted_tag 0x1 20223 10174 null

D/PMS     (  967): releaseWL(32bad986): PARTIAL_WAKE_LOCK  encrypted_tag 0x1 null

D/PMS     (  967): releaseWL(2187ee8a): PARTIAL_WAKE_LOCK  encrypted_tag 0x1 null

I/ActivityManager(  967): Recipient 20843

D/PMS     (  967): acquireWL(3b981499): PARTIAL_WAKE_LOCK  encrypted_tag 0x1 20223 10174 null

D/PMS     (  967): releaseWL(3b981499): PARTIAL_WAKE_LOCK  encrypted_tag 0x1 null

D/PMS     (  967): acquireWL(3d5d935e): PARTIAL_WAKE_LOCK  encrypted_tag 0x1 20223 10174 null

D/PMS     (  967): releaseWL(3d5d935e): PARTIAL_WAKE_LOCK  encrypted_tag 0x1 null

D/PMS     (  967): acquireWL(3c72933f): PARTIAL_WAKE_LOCK  encrypted_tag 0x1 20223 10174 null

D/PMS     (  967): releaseWL(3c72933f): PARTIAL_WAKE_LOCK  encrypted_tag 0x1 null

D/PMS     (  967): acquireWL(760140c): PARTIAL_WAKE_LOCK  encrypted_tag 0x1 20223 10174 null

D/PMS     (  967): releaseWL(760140c): PARTIAL_WAKE_LOCK  encrypted_tag 0x1 null

D/PMS     (  967): releaseWL(285d0b0b): PARTIAL_WAKE_LOCK  encrypted_tag 0x1 null

D/PMS     (  967): acquireWL(374c6155): PARTIAL_WAKE_LOCK  encrypted_tag 0x1 20076 10143 null

D/PMS     (  967): acquireWL(2deb876a): PARTIAL_WAKE_LOCK  encrypted_tag 0x1 20223 10174 null

D/PMS     (  967): releaseWL(2deb876a): PARTIAL_WAKE_LOCK  encrypted_tag 0x1 null

I/ActivityManager(  967): Process com.htc.htcpowermanager:remote (pid 20843) has died

D/PMS     (  967): acquireWL(3687245b): PARTIAL_WAKE_LOCK  encrypted_tag 0x1 20223 10174 null

D/PMS     (  967): releaseWL(3687245b): PARTIAL_WAKE_LOCK  encrypted_tag 0x1 null

D/WifiDisplayAdapter(  967): getWifiDisplayStatusLocked: result=WifiDisplayStatus{featureState=3, scanState=0, activeDisplayState=0, activeDisplay=null, displays=[], sessionInfo=WifiDisplaySessionInfo:

D/WifiDisplayAdapter(  967):     Client/Owner: Client

D/WifiDisplayAdapter(  967):     GroupId: 

D/WifiDisplayAdapter(  967):     Passphrase: 

D/WifiDisplayAdapter(  967):     SessionId: 0

D/WifiDisplayAdapter(  967):     IP Address: }

D/PMS     (  967): releaseWL(374c6155): PARTIAL_WAKE_LOCK  encrypted_tag 0x1 null

I/ActivityManager(  967): Start proc com.qiyi.video:bdservice_v1 for broadcast com.qiyi.video/com.baidu.android.pushservice.RegistrationReceiver: pid=21035 uid=10005 gids={50005, 9997, 3003, 1028, 1015, 3002} abi=armeabi

D/PMS     (  967): acquireWL(3799bd41): PARTIAL_WAKE_LOCK  encrypted_tag 0x1 20223 10174 null

D/PMS     (  967): releaseWL(3799bd41): PARTIAL_WAKE_LOCK  encrypted_tag 0x1 null

D/PMS     (  967): acquireWL(256592e6): PARTIAL_WAKE_LOCK  encrypted_tag 0x1 20223 10174 null

D/PMS     (  967): releaseWL(256592e6): PARTIAL_WAKE_LOCK  encrypted_tag 0x1 null

D/PMS     (  967): acquireWL(22e5d027): PARTIAL_WAKE_LOCK  encrypted_tag 0x1 20223 10174 null

D/PMS     (  967): releaseWL(22e5d027): PARTIAL_WAKE_LOCK  encrypted_tag 0x1 null

D/PMS     (  967): acquireWL(66fb2d4): PARTIAL_WAKE_LOCK  encrypted_tag 0x1 20223 10174 null

D/PMS     (  967): releaseWL(66fb2d4): PARTIAL_WAKE_LOCK  encrypted_tag 0x1 null

D/PMS     (  967): acquireWL(2a03ec7d): PARTIAL_WAKE_LOCK  encrypted_tag 0x1 20223 10174 null

D/PMS     (  967): releaseWL(2a03ec7d): PARTIAL_WAKE_LOCK  encrypted_tag 0x1 null

D/PMS     (  967): acquireWL(3b67f772): PARTIAL_WAKE_LOCK  encrypted_tag 0x1 20223 10174 null

D/PMS     (  967): releaseWL(3b67f772): PARTIAL_WAKE_LOCK  encrypted_tag 0x1 null

V/AlarmManager(  967): sending alarm PendingIntent{cd547c3: PendingIntentRecord{efa91e com.taobao.taobao broadcastIntent}}, i=anetwork.channel.intent.action.COMMAND, t=3, cnt=1, w=151299088, Int=0

D/PMS     (  967): acquireWL(367f2840): PARTIAL_WAKE_LOCK  encrypted_tag 0x1 20223 10174 null

D/PMS     (  967): releaseWL(367f2840): PARTIAL_WAKE_LOCK  encrypted_tag 0x1 null

D/PMS     (  967): acquireWL(13e7d379): PARTIAL_WAKE_LOCK  encrypted_tag 0x1 20223 10174 null

D/PMS     (  967): releaseWL(13e7d379): PARTIAL_WAKE_LOCK  encrypted_tag 0x1 null

D/PMS     (  967): acquireWL(24ba18be): PARTIAL_WAKE_LOCK  encrypted_tag 0x1 20223 10174 null

D/PMS     (  967): releaseWL(24ba18be): PARTIAL_WAKE_LOCK  encrypted_tag 0x1 null

D/PMS     (  967): acquireWL(37ba9d1f): PARTIAL_WAKE_LOCK  encrypted_tag 0x1 20223 10174 null

D/PMS     (  967): releaseWL(37ba9d1f): PARTIAL_WAKE_LOCK  encrypted_tag 0x1 null

D/PMS     (  967): acquireWL(3b4e886c): PARTIAL_WAKE_LOCK  encrypted_tag 0x1 20223 10174 null

D/PMS     (  967): releaseWL(3b4e886c): PARTIAL_WAKE_LOCK  encrypted_tag 0x1 null

D/PMS     (  967): acquireWL(1d892e35): PARTIAL_WAKE_LOCK  encrypted_tag 0x1 20223 10174 null

D/PMS     (  967): releaseWL(1d892e35): PARTIAL_WAKE_LOCK  encrypted_tag 0x1 null

D/PMS     (  967): releaseWL(2f122d31): PARTIAL_WAKE_LOCK  encrypted_tag 0x1 null

I/ActivityManager(  967): Start proc com.qiyi.video.htc:bdservice_v1 for broadcast com.qiyi.video.htc/com.baidu.android.pushservice.RegistrationReceiver: pid=21061 uid=10142 gids={50142, 9997, 1028, 3003, 1015, 3002, 3001} abi=armeabi

D/PMS     (  967): acquireWL(117b02ca): PARTIAL_WAKE_LOCK  encrypted_tag 0x1 20223 10174 null

D/PMS     (  967): releaseWL(117b02ca): PARTIAL_WAKE_LOCK  encrypted_tag 0x1 null

D/PMS     (  967): acquireWL(1e75ec3b): PARTIAL_WAKE_LOCK  encrypted_tag 0x1 20223 10174 null

D/PMS     (  967): releaseWL(1e75ec3b): PARTIAL_WAKE_LOCK  encrypted_tag 0x1 null

D/PMS     (  967): acquireWL(16d1bf58): PARTIAL_WAKE_LOCK  encrypted_tag 0x1 20223 10174 null

D/PMS     (  967): releaseWL(16d1bf58): PARTIAL_WAKE_LOCK  encrypted_tag 0x1 null

D/PMS     (  967): acquireWL(35ab78b1): PARTIAL_WAKE_LOCK  encrypted_tag 0x1 20223 10174 null

D/PMS     (  967): releaseWL(35ab78b1): PARTIAL_WAKE_LOCK  encrypted_tag 0x1 null

D/PMS     (  967): acquireWL(22ae8196): PARTIAL_WAKE_LOCK  encrypted_tag 0x1 20223 10174 null

D/PMS     (  967): releaseWL(22ae8196): PARTIAL_WAKE_LOCK  encrypted_tag 0x1 null

D/PMS     (  967): acquireWL(3fcd1117): PARTIAL_WAKE_LOCK  encrypted_tag 0x1 20223 10174 null

D/PMS     (  967): releaseWL(3fcd1117): PARTIAL_WAKE_LOCK  encrypted_tag 0x1 null

D/PMS     (  967): acquireWL(19cdeeed): PARTIAL_WAKE_LOCK  encrypted_tag 0x1 20223 10174 null

D/PMS     (  967): releaseWL(19cdeeed): PARTIAL_WAKE_LOCK  encrypted_tag 0x1 null

D/PMS     (  967): acquireWL(33c92122): PARTIAL_WAKE_LOCK  encrypted_tag 0x1 20223 10174 null

D/PMS     (  967): releaseWL(33c92122): PARTIAL_WAKE_LOCK  encrypted_tag 0x1 null

D/PMS     (  967): acquireWL(1707a7b3): PARTIAL_WAKE_LOCK  encrypted_tag 0x1 20223 10174 null

D/PMS     (  967): releaseWL(1707a7b3): PARTIAL_WAKE_LOCK  encrypted_tag 0x1 null

D/PMS     (  967): acquireWL(acd2170): PARTIAL_WAKE_LOCK  encrypted_tag 0x1 20223 10174 null

D/PMS     (  967): releaseWL(acd2170): PARTIAL_WAKE_LOCK  encrypted_tag 0x1 null

D/PMS     (  967): acquireWL(3a3ae49c): PARTIAL_WAKE_LOCK  encrypted_tag 0x1 20223 10174 null

D/PMS     (  967): releaseWL(3a3ae49c): PARTIAL_WAKE_LOCK  encrypted_tag 0x1 null

I/ActivityManager(  967): Recipient 21061

D/PMS     (  967): acquireWL(29630ea5): PARTIAL_WAKE_LOCK  encrypted_tag 0x1 20223 10174 null

D/PMS     (  967): releaseWL(29630ea5): PARTIAL_WAKE_LOCK  encrypted_tag 0x1 null

D/PMS     (  967): acquireWL(641b27a): PARTIAL_WAKE_LOCK  encrypted_tag 0x1 20223 10174 null

D/PMS     (  967): releaseWL(641b27a): PARTIAL_WAKE_LOCK  encrypted_tag 0x1 null

D/PMS     (  967): acquireWL(32b65a2b): PARTIAL_WAKE_LOCK  encrypted_tag 0x1 20223 10174 null

D/PMS     (  967): releaseWL(32b65a2b): PARTIAL_WAKE_LOCK  encrypted_tag 0x1 null

D/PMS     (  967): acquireWL(f5fae88): PARTIAL_WAKE_LOCK  encrypted_tag 0x1 20223 10174 null

D/PMS     (  967): releaseWL(f5fae88): PARTIAL_WAKE_LOCK  encrypted_tag 0x1 null

D/PMS     (  967): acquireWL(381af021): PARTIAL_WAKE_LOCK  encrypted_tag 0x1 20223 10174 null

I/ActivityManager(  967): Process com.qiyi.video.htc:bdservice_v1 (pid 21061) has died

D/PMS     (  967): releaseWL(381af021): PARTIAL_WAKE_LOCK  encrypted_tag 0x1 null

D/PMS     (  967): acquireWL(33287c46): PARTIAL_WAKE_LOCK  encrypted_tag 0x1 20223 10174 null

D/PMS     (  967): releaseWL(33287c46): PARTIAL_WAKE_LOCK  encrypted_tag 0x1 null

D/PMS     (  967): acquireWL(23e6e07): PARTIAL_WAKE_LOCK  encrypted_tag 0x1 20223 10174 null

D/PMS     (  967): releaseWL(23e6e07): PARTIAL_WAKE_LOCK  encrypted_tag 0x1 null

I/ActivityManager(  967): Start proc com.yiwang for broadcast com.yiwang/.receiver.IGeXingPushReceiver: pid=21081 uid=10145 gids={50145, 9997, 3003, 1028, 1015} abi=armeabi-v7a

D/PMS     (  967): acquireWL(1a852b34): PARTIAL_WAKE_LOCK  encrypted_tag 0x1 20223 10174 null

D/PMS     (  967): releaseWL(1a852b34): PARTIAL_WAKE_LOCK  encrypted_tag 0x1 null

D/PMS     (  967): acquireWL(3c156d5d): PARTIAL_WAKE_LOCK  encrypted_tag 0x1 20223 10174 null

D/PMS     (  967): releaseWL(3c156d5d): PARTIAL_WAKE_LOCK  encrypted_tag 0x1 null

D/PMS     (  967): acquireWL(f6016d2): PARTIAL_WAKE_LOCK  encrypted_tag 0x1 20223 10174 null

D/PMS     (  967): releaseWL(f6016d2): PARTIAL_WAKE_LOCK  encrypted_tag 0x1 null

D/PMS     (  967): acquireWL(b49e3a3): PARTIAL_WAKE_LOCK  encrypted_tag 0x1 20223 10174 null

D/PMS     (  967): releaseWL(b49e3a3): PARTIAL_WAKE_LOCK  encrypted_tag 0x1 null

I/ActivityManager(  967): Recipient 20919

D/WifiService(  967): Client connection lost with reason: 4

I/ActivityManager(  967): Process com.dianping.v1 (pid 20919) has died

W/ContextImpl(  967): Calling a method in the system process without a qualified user: android.app.ContextImpl.sendBroadcast:1459 com.android.server.wifi.WifiStateMachine.sendDongleScanResultsAvailableBroadcast:14114 com.android.server.wifi.WifiStateMachine.handleMediaLinkEvent:14279 com.android.server.wifi.WifiStateMachine.access$5800:265 com.android.server.wifi.WifiStateMachine$SupplicantStartedState.processMessage:8070 

I/ActivityManager(  967): Recipient 20985

I/ActivityManager(  967): Process com.htc.calendar (pid 20985) has died

D/WifiService(  967): New client listening to asynchronous messages

D/XAN-DPC (  967): mProximityListener.onSensorChanged: FAR

D/XAN-DPC (  967): debounceProximitySensor Proximity = 0

D/PMS     (  967): acquireWL(4e3c6a0): PARTIAL_WAKE_LOCK  HtcAngleDetector 0x1 967 1000 null

I/ActivityManager(  967): Start proc com.nero.android.htc.sync for broadcast com.nero.android.htc.sync/.CDMountReceiver: pid=21121 uid=10077 gids={50077, 9997, 1024, 1023, 3003, 1007, 1028, 1015, 1018} abi=armeabi-v7a

I/ActivityManager(  967): Recipient 21035

I/ActivityManager(  967): Process com.qiyi.video:bdservice_v1 (pid 21035) has died

D/PMS     (  967): acquireWL(10ceaccc): PARTIAL_WAKE_LOCK  GpsLocationProvider 0x1 967 1000 null

D/WifiDisplayAdapter(  967): getWifiDisplayStatusLocked: result=WifiDisplayStatus{featureState=3, scanState=0, activeDisplayState=0, activeDisplay=null, displays=[], sessionInfo=WifiDisplaySessionInfo:

D/WifiDisplayAdapter(  967):     Client/Owner: Client

D/WifiDisplayAdapter(  967):     GroupId: 

D/WifiDisplayAdapter(  967):     Passphrase: 

D/WifiDisplayAdapter(  967):     SessionId: 0

D/WifiDisplayAdapter(  967):     IP Address: }

D/WifiDisplayAdapter(  967): getWifiDisplayStatusLocked: result=WifiDisplayStatus{featureState=3, scanState=0, activeDisplayState=0, activeDisplay=null, displays=[], sessionInfo=WifiDisplaySessionInfo:

D/WifiDisplayAdapter(  967):     Client/Owner: Client

D/WifiDisplayAdapter(  967):     GroupId: 

D/WifiDisplayAdapter(  967):     Passphrase: 

D/WifiDisplayAdapter(  967):     SessionId: 0

D/WifiDisplayAdapter(  967):     IP Address: }

D/QMI_FW  (  967): QCCI: QMI_CCI_TX: cntl_flag - 00, txn_id - 13a9, msg_id - 004a, msg_len - 0007

D/QMI_FW  (  967): QCCI: QMUXD: xport_send[1 -> 16]: 14 bytes on conn_id=9

D/PMS     (  967): acquireWL(2063c964): PARTIAL_WAKE_LOCK  LocationManagerService 0x1 967 1000 WorkSource{1000 android}

D/PMS     (  967): acquireWL(193167cd): PARTIAL_WAKE_LOCK  LocationManagerService 0x1 967 1000 WorkSource{10056 com.htc.sense.hsp}

D/QMI_FW  (  967): QCCI: QMUXD: xport_rx[1 <- 16]: 14 bytes on conn_id: 9

D/QMI_FW  (  967): QCCI: QMI_CCI_RX: cntl_flag - 02, txn_id - 13a9, msg_id - 004a, msg_len - 0007

D/QMI_FW  (  967): QCCI: QMUXD: xport_rx[1 <- 16]: 14 bytes on conn_id: 9

D/QMI_FW  (  967): QCCI: QMI_CCI_RX: cntl_flag - 04, txn_id - 0000, msg_id - 004a, msg_len - 0007

D/QMI_FW  (  967): QCCI: QMI_CCI_TX: cntl_flag - 00, txn_id - 13aa, msg_id - 0022, msg_len - 0019

D/QMI_FW  (  967): QCCI: QMUXD: xport_send[1 -> 16]: 32 bytes on conn_id=9

D/QMI_FW  (  967): QCCI: QMUXD: xport_rx[1 <- 16]: 14 bytes on conn_id: 9

D/QMI_FW  (  967): QCCI: QMI_CCI_RX: cntl_flag - 02, txn_id - 13aa, msg_id - 0022, msg_len - 0007

D/QMI_FW  (  967): QCCI: QMI_CCI_TX: cntl_flag - 00, txn_id - 13ab, msg_id - 0023, msg_len - 0004

D/QMI_FW  (  967): QCCI: QMUXD: xport_send[1 -> 16]: 11 bytes on conn_id=9

D/PMS     (  967): releaseWL(10ceaccc): PARTIAL_WAKE_LOCK  GpsLocationProvider 0x1 null

D/PMS     (  967): releaseWL(2063c964): PARTIAL_WAKE_LOCK  LocationManagerService 0x1 WorkSource{1000 android}

D/PMS     (  967): releaseWL(193167cd): PARTIAL_WAKE_LOCK  LocationManagerService 0x1 WorkSource{10056 com.htc.sense.hsp}

D/QMI_FW  (  967): QCCI: QMUXD: xport_rx[1 <- 16]: 14 bytes on conn_id: 9

D/QMI_FW  (  967): QCCI: QMI_CCI_RX: cntl_flag - 02, txn_id - 13ab, msg_id - 0023, msg_len - 0007

D/QMI_FW  (  967): QCCI: QMI_CCI_TX: cntl_flag - 00, txn_id - 13ac, msg_id - 0039, msg_len - 0021

D/QMI_FW  (  967): QCCI: QMUXD: xport_send[1 -> 16]: 40 bytes on conn_id=9

D/QMI_FW  (  967): QCCI: QMUXD: xport_rx[1 <- 16]: 25 bytes on conn_id: 9

D/QMI_FW  (  967): QCCI: QMI_CCI_RX: cntl_flag - 04, txn_id - 0000, msg_id - 0024, msg_len - 0012

D/QMI_FW  (  967): QCCI: QMUXD: xport_rx[1 <- 16]: 14 bytes on conn_id: 9

D/QMI_FW  (  967): QCCI: QMI_CCI_RX: cntl_flag - 02, txn_id - 13ac, msg_id - 0039, msg_len - 0007

D/QMI_FW  (  967): QCCI: QMUXD: xport_rx[1 <- 16]: 14 bytes on conn_id: 9

D/QMI_FW  (  967): QCCI: QMI_CCI_RX: cntl_flag - 04, txn_id - 0000, msg_id - 0039, msg_len - 0007

D/HtcAngleDetector(  967): CmpLastAngle: turn screen on. AE:false

D/PMS     (  967): Setting HAL auto-suspend mode to false

D/PMS     (  967): Setting HAL auto-suspend mode done

D/PMS     (  967): Setting HAL interactive mode to true

D/PMS     (  967): Setting HAL interactive mode to true done

I/XAN-DPC (  967): Blocking screen on until initial contents have been drawn.

D/PMS     (  967): OOBE c monitor 11

I/DisplayManagerService(  967): Display device changed: DisplayDeviceInfo{"内置屏幕": 1080 x 1920, 60.0 fps, supportedRefreshRates [60.0], density 480, 472.965 x 473.475 dpi, appVsyncOff 0, presDeadline 17666667, touch INTERNAL, rotation 0, type BUILT_IN, state ON, FLAG_DEFAULT_DISPLAY, FLAG_ROTATES_WITH_CONTENT, FLAG_SECURE, FLAG_SUPPORTS_PROTECTED_BUFFERS}

V/ActivityManager(  967): Display changed displayId=0

I/InputMethodManagerService(  967): screenObserver, isScreenOn=true

D/PMS     (  967): acquireWL(2b4afb93): PARTIAL_WAKE_LOCK  BatteryServiceUpdateStats_3 0x1 967 1000 null

I/BatteryService(  967): n_update end

D/PMS     (  967): releaseWL(2b4afb93): PARTIAL_WAKE_LOCK  BatteryServiceUpdateStats_3 0x1 null

D/StatusBarManagerService(  967): swetImeWindowStatus vis=0 backDisposition=0

I/InputMethodManagerService(  967): Enable input method client, pid=2934

D/PowerUI ( 2788): update low battery warning: level=80

D/PowerUI ( 2788): plugged = false, health = 2, mBatteryLevel = 80, mPluggedBatteryLevel = 79, mLowBatteryWarningLevel2 = 25, mshowLowChargingWarning2 = true

D/NotificationService(  967): plugged=false pluggin=false

D/WifiController(  967): battery changed pluggedType: 0

D/WifiService(  967): New client listening to asynchronous messages

D/HtcPowerSaver(  967): updateBatteryInfo

D/PMS     (  967): runPSCheck

D/HtcPowerSaver(  967): Checking...

I/HtcPowerSaver(  967): >> updateStatus

I/HtcPowerSaver(  967): updateStatus (8000,80,-1,false,false,false,-1)

I/HtcPowerSaver(  967): << updateStatus

D/HABCtrl (  967): lsvalue=320(5th)->10(0th), lValue=142->30

I/PackageManager(  967):  setEnabledSetting(), pkgName=com.nero.android.htc.sync, clsName=com.nero.android.neroconnect.accounts.Calendar2SyncService, state=1, flag=1, pid=21121, uid=10077, userID:0

W/PackageManager(  967): Failed setComponentEnabledSetting: component class com.nero.android.neroconnect.accounts.Calendar2SyncService does not exist in com.nero.android.htc.sync

I/PackageManager(  967):  setEnabledSetting(), pkgName=com.nero.android.htc.sync, clsName=com.nero.android.neroconnect.accounts.CalendarSyncService, state=2, flag=1, pid=21121, uid=10077, userID:0

W/PackageManager(  967): Failed setComponentEnabledSetting: component class com.nero.android.neroconnect.accounts.CalendarSyncService does not exist in com.nero.android.htc.sync

I/XAN-DPC (  967): Unblocked screen on after 393 ms

D/XAN-DPS (  967): setBrightness to 102

I/ActivityManager(  967): Recipient 21008

I/ActivityManager(  967): Process com.htc.bgp (pid 21008) has died

D/PMS     (  967): acquireWL(389fbdef): PARTIAL_WAKE_LOCK  NfcService:mRoutingWakeLock 0x1 29999 1027 null

W/ContextImpl(15498): Calling a method in the system process without a qualified user: android.app.ContextImpl.startService:1824 android.content.ContextWrapper.startService:515 android.content.ContextWrapper.startService:515 com.android.settings.PSReceiver.onReceive:36 android.app.ActivityThread.handleReceiver:2712 

D/PMS     (  967): releaseWL(389fbdef): PARTIAL_WAKE_LOCK  NfcService:mRoutingWakeLock 0x1 null

I/ActivityManager(  967): Start proc com.htc.htcpowermanager:remote for broadcast com.htc.htcpowermanager/.extremepowersaver.ExtremePowerSaverReceiver: pid=21162 uid=1000 gids={41000, 9997, 3002, 3001, 3003, 1028, 1015, 5001, 5011, 3006, 1007, 1023, 5006} abi=armeabi-v7a

D/UsbDeviceManager(  967): [USBNET] bCheckSuppFunc: ipt_disable

D/UsbDeviceManager(  967): [USBNET] isFunctionEnabled: ipt_disable

D/UsbDeviceManager(  967): [USBNET] mUsbnetService.UsbMiscControl_IPT: 0

D/NetworkManagementService(  967): [USBNET] stopIptDhcp

W/ContextImpl(21162): Calling a method in the system process without a qualified user: android.app.ContextImpl.startService:1824 android.content.ContextWrapper.startService:515 android.content.ContextWrapper.startService:515 com.htc.htcpowermanager.extremepowersaver.ExtremePowerSaverReceiver.onReceive:67 android.app.ActivityThread.handleReceiver:2712 

I/ActivityManager(  967): Recipient 18650

W/ContextImpl(15498): Calling a method in the system process without a qualified user: android.app.ContextImpl.stopService:1830 android.content.ContextWrapper.stopService:520 android.content.ContextWrapper.stopService:520 com.android.settings.NSReceiver.onReceive:200 android.app.ActivityThread.handleReceiver:2712 

I/ActivityManager(  967): Process com.android.defcontainer (pid 18650) has died

W/ContextImpl(15498): Calling a method in the system process without a qualified user: android.app.ContextImpl.sendBroadcast:1459 android.content.ContextWrapper.sendBroadcast:376 android.content.ContextWrapper.sendBroadcast:376 com.android.settings.NSReceiver.onReceive:202 android.app.ActivityThread.handleReceiver:2712 

W/ContextImpl(15498): Calling a method in the system process without a qualified user: android.app.ContextImpl.startService:1824 android.content.ContextWrapper.startService:515 android.content.ContextWrapper.startService:515 com.android.settings.ChargeOnlyReceiver.onReceive:24 android.app.ActivityThread.handleReceiver:2712 

I/ActivityManager(  967): Start proc android.process.acore for content provider com.android.providers.contacts/.HtcContactsProvider2: pid=21182 uid=10029 gids={50029, 9997, 3003, 1028, 1015, 1023, 5011} abi=armeabi-v7a

I/ActivityManager(  967): Start proc com.htc.android.mail:sync for broadcast com.htc.android.mail/.mailservice.UsbStateReceiver: pid=21199 uid=10111 gids={50111, 9997, 3003, 1023, 1028, 1015} abi=armeabi-v7a

D/PMS     (  967): acquireWL(3dd44a0b): PARTIAL_WAKE_LOCK  BatteryServiceUpdateStats_3 0x1 967 1000 null

I/BatteryService(  967): n_update end

D/PMS     (  967): releaseWL(3dd44a0b): PARTIAL_WAKE_LOCK  BatteryServiceUpdateStats_3 0x1 null

I/ActivityManager(  967): Start proc com.htc.mobiledata for content provider com.htc.mobiledata/.MobileDataProvider: pid=21217 uid=10070 gids={50070, 9997, 3003} abi=armeabi-v7a

D/QMI_FW  ( 1357): QCCI: QMI_CCI_TX: cntl_flag - 00, txn_id - 0114, msg_id - 00a3, msg_len - 000e

D/QMI_FW  ( 1357): QCCI: QMUXD: xport_send[1 -> 20]: 21 bytes on conn_id=9

D/NotificationService(  967): plugged=false pluggin=false

D/WifiController(  967): battery changed pluggedType: 0

D/QMI_FW  ( 1357): QCCI: QMUXD: xport_rx[1 <- 20]: 28 bytes on conn_id: 9

D/QMI_FW  ( 1357): QCCI: QMI_CCI_RX: cntl_flag - 02, txn_id - 0114, msg_id - 00a3, msg_len - 0015

D/QMI_FW  ( 1357): QCCI: QMI_CCI_TX: cntl_flag - 00, txn_id - 0115, msg_id - 0035, msg_len - 000e

D/QMI_FW  ( 1357): QCCI: QMUXD: xport_send[1 -> 20]: 21 bytes on conn_id=9

D/HtcPowerSaver(  967): updateBatteryInfo

D/PMS     (  967): runPSCheck

D/HtcPowerSaver(  967): Checking...

I/HtcPowerSaver(  967): >> updateStatus

D/PowerUI ( 2788): update low battery warning: level=80

D/PowerUI ( 2788): plugged = false, health = 2, mBatteryLevel = 80, mPluggedBatteryLevel = 79, mLowBatteryWarningLevel2 = 25, mshowLowChargingWarning2 = true

I/HtcPowerSaver(  967): updateStatus (8000,80,-1,false,false,false,-1)

I/HtcPowerSaver(  967): << updateStatus

D/QMI_FW  ( 1357): QCCI: QMUXD: xport_rx[1 <- 20]: 28 bytes on conn_id: 9

D/QMI_FW  ( 1357): QCCI: QMI_CCI_RX: cntl_flag - 02, txn_id - 0115, msg_id - 0035, msg_len - 0015

D/QMI_FW  ( 1357): QCCI: QMI_CCI_TX: cntl_flag - 00, txn_id - 0116, msg_id - 004c, msg_len - 0019

D/QMI_FW  ( 1357): QCCI: QMUXD: xport_send[1 -> 20]: 32 bytes on conn_id=9

D/QMI_FW  ( 1357): QCCI: QMUXD: xport_rx[1 <- 20]: 28 bytes on conn_id: 9

D/QMI_FW  ( 1357): QCCI: QMI_CCI_RX: cntl_flag - 02, txn_id - 0116, msg_id - 004c, msg_len - 0015

D/WifiService(  967): >>>>>>>>ACTION_ANY_DATA_CONNECTION_STATE_CHANGED<<<<<<<<iSlotNum=0 sReason=2GVoiceCallEnded sApnType=httpproxy

D/WifiService(  967): >>>>>>>>ACTION_ANY_DATA_CONNECTION_STATE_CHANGED<<<<<<<<iSlotNum=0 sReason=2GVoiceCallEnded sApnType=callernameid

D/WifiService(  967): >>>>>>>>ACTION_ANY_DATA_CONNECTION_STATE_CHANGED<<<<<<<<iSlotNum=0 sReason=2GVoiceCallEnded sApnType=verizon

D/WifiService(  967): >>>>>>>>ACTION_ANY_DATA_CONNECTION_STATE_CHANGED<<<<<<<<iSlotNum=0 sReason=2GVoiceCallEnded sApnType=fota

D/WifiService(  967): >>>>>>>>ACTION_ANY_DATA_CONNECTION_STATE_CHANGED<<<<<<<<iSlotNum=0 sReason=2GVoiceCallEnded sApnType=supl

D/WifiService(  967): >>>>>>>>ACTION_ANY_DATA_CONNECTION_STATE_CHANGED<<<<<<<<iSlotNum=0 sReason=2GVoiceCallEnded sApnType=emergency

D/WifiService(  967): >>>>>>>>ACTION_ANY_DATA_CONNECTION_STATE_CHANGED<<<<<<<<iSlotNum=0 sReason=2GVoiceCallEnded sApnType=verizon800

D/WifiService(  967): >>>>>>>>ACTION_ANY_DATA_CONNECTION_STATE_CHANGED<<<<<<<<iSlotNum=0 sReason=2GVoiceCallEnded sApnType=hipri

W/BroadcastQueue(  967): Permission Denial: broadcasting Intent { act=com.htc.intent.action.CONTACTS_DB_READY flg=0x10 } from null (pid=-1, uid=-1) requires com.htc.permission.APP_SHARED due to registered receiver BroadcastFilter{2bdb95a6 u0 ReceiverList{156f1301 21182 android.process.acore/10029/u0 remote:117510e8}}

D/WifiService(  967): >>>>>>>>ACTION_ANY_DATA_CONNECTION_STATE_CHANGED<<<<<<<<iSlotNum=0 sReason=2GVoiceCallEnded sApnType=ims

D/WifiService(  967): >>>>>>>>ACTION_ANY_DATA_CONNECTION_STATE_CHANGED<<<<<<<<iSlotNum=0 sReason=2GVoiceCallEnded sApnType=default

D/WifiService(  967): >>>>>>>>ACTION_ANY_DATA_CONNECTION_STATE_CHANGED<<<<<<<<iSlotNum=0 sReason=2GVoiceCallEnded sApnType=mms

D/WifiService(  967): >>>>>>>>ACTION_ANY_DATA_CONNECTION_STATE_CHANGED<<<<<<<<iSlotNum=0 sReason=2GVoiceCallEnded sApnType=cbs

D/WifiService(  967): >>>>>>>>ACTION_ANY_DATA_CONNECTION_STATE_CHANGED<<<<<<<<iSlotNum=0 sReason=2GVoiceCallEnded sApnType=ia

V/AlarmManager(  967): sending alarm PendingIntent{903b2a5: PendingIntentRecord{79f867a android broadcastIntent}}, i=com.android.server.WifiManager.action.START_SCAN, t=1, cnt=1, w=1450258959698, Int=20000

V/AlarmManager(  967): sending alarm PendingIntent{2485fe45: PendingIntentRecord{ee4799a air.fyzb3 broadcastIntent}}, i=fyzb.alam.action, t=3, cnt=1, w=151303300, Int=60000

D/WifiService(  967): >>>>>>>>ACTION_ANY_DATA_CONNECTION_STATE_CHANGED<<<<<<<<iSlotNum=0 sReason=2GVoiceCallEnded sApnType=dun

D/WifiService(  967): >>>>>>>>ACTION_ANY_DATA_CONNECTION_STATE_CHANGED<<<<<<<<iSlotNum=0 sReason=2GVoiceCallEnded sApnType=internet

I/ActivityManager(  967): Start proc com.htc.mobiledata:remote for service com.htc.mobiledata/.MobileDataService: pid=21235 uid=10070 gids={50070, 9997, 3003} abi=armeabi-v7a

D/XAN-DPC (  967): getPSensorActive=0

D/PMS     (  967): acquireWL(256200df): PARTIAL_WAKE_LOCK  AudioMix 0x1 0 1013 null

D/StatusBarManagerService(  967): manageDisableList userId=0 what=0x0 pkg=com.android.phone

D/NotificationService(  967): onSetDisabled: 0x0

D/PMS     (  967): releaseWL(18dded13): PROXIMITY_SCREEN_OFF_WAKE_LOCK  PhoneApp_0 0x20 null

D/XAN-DPC (  967): Unregister Proximity Sensor Listener

D/PMS     (  967): releaseWL(4e3c6a0): PARTIAL_WAKE_LOCK  HtcAngleDetector 0x1 null

I/ActivityManager(  967): Start proc com.htc.launcher:biclient for broadcast com.htc.launcher/com.htc.BiLogClient.BiLogUploadReceiver: pid=21264 uid=10122 gids={50122, 9997, 3003, 1028, 1015, 5001, 1023} abi=armeabi-v7a

I/ActivityManager(  967): Recipient 21081

D/WifiService(  967): Client connection lost with reason: 4

D/QMI_FW  ( 1357): QCCI: QMI_CCI_TX: cntl_flag - 00, txn_id - 0117, msg_id - 0058, msg_len - 000e

D/QMI_FW  ( 1357): QCCI: QMUXD: xport_send[1 -> 20]: 21 bytes on conn_id=9

D/QMI_FW  ( 1357): QCCI: QMUXD: xport_rx[1 <- 20]: 28 bytes on conn_id: 9

D/QMI_FW  ( 1357): QCCI: QMI_CCI_RX: cntl_flag - 02, txn_id - 0117, msg_id - 0058, msg_len - 0015

D/QMI_FW  ( 1357): QCCI: QMI_CCI_TX: cntl_flag - 00, txn_id - 0118, msg_id - 0035, msg_len - 000e

D/QMI_FW  ( 1357): QCCI: QMUXD: xport_send[1 -> 20]: 21 bytes on conn_id=9

D/QMI_FW  ( 1357): QCCI: QMUXD: xport_rx[1 <- 20]: 28 bytes on conn_id: 9

D/QMI_FW  ( 1357): QCCI: QMI_CCI_RX: cntl_flag - 02, txn_id - 0118, msg_id - 0035, msg_len - 0015

D/QMI_FW  ( 1357): QCCI: QMI_CCI_TX: cntl_flag - 00, txn_id - 0119, msg_id - 0056, msg_len - 0012

D/QMI_FW  ( 1357): QCCI: QMUXD: xport_send[1 -> 20]: 25 bytes on conn_id=9

D/QMI_FW  ( 1357): QCCI: QMUXD: xport_rx[1 <- 20]: 28 bytes on conn_id: 9

D/QMI_FW  ( 1357): QCCI: QMI_CCI_RX: cntl_flag - 02, txn_id - 0119, msg_id - 0056, msg_len - 0015

D/QMI_FW  ( 1357): QCCI: QMI_CCI_TX: cntl_flag - 00, txn_id - 011a, msg_id - 002a, msg_len - 000f

D/QMI_FW  ( 1357): QCCI: QMUXD: xport_send[1 -> 20]: 22 bytes on conn_id=9

D/QMI_FW  ( 1357): QCCI: QMUXD: xport_rx[1 <- 20]: 14 bytes on conn_id: 9

D/QMI_FW  ( 1357): QCCI: QMI_CCI_RX: cntl_flag - 02, txn_id - 011a, msg_id - 002a, msg_len - 0007

D/QMI_FW  ( 1357): QCCI: QMI_CCI_TX: cntl_flag - 00, txn_id - 011b, msg_id - 002a, msg_len - 0013

D/QMI_FW  ( 1357): QCCI: QMUXD: xport_send[1 -> 20]: 26 bytes on conn_id=9

D/QMI_FW  ( 1357): QCCI: QMUXD: xport_rx[1 <- 20]: 14 bytes on conn_id: 9

D/QMI_FW  ( 1357): QCCI: QMI_CCI_RX: cntl_flag - 02, txn_id - 011b, msg_id - 002a, msg_len - 0007

I/ActivityManager(  967): Process com.yiwang (pid 21081) has died

D/PMS     (  967): acquireWL(3e27c9c4): PARTIAL_WAKE_LOCK  AudioMix 0x1 0 1013 null

D/PMS     (  967): releaseWL(3e27c9c4): PARTIAL_WAKE_LOCK  AudioMix 0x1 null

D/PMS     (  967): acquireWL(2802d0ad): PARTIAL_WAKE_LOCK  AudioMix 0x1 0 1013 null

D/PMS     (  967): acquireWL(3795bfe2): SCREEN_BRIGHT_WAKE_LOCK  ON_AFTER_RELEASE WindowManager 0x2000000a 967 1000 WorkSource{1001}

D/PMS     (  967): releaseWL(2802d0ad): PARTIAL_WAKE_LOCK  AudioMix 0x1 null

D/PMS     (  967): acquireWL(1605bf73): PARTIAL_WAKE_LOCK  AudioMix 0x1 0 1013 null

D/PMS     (  967): releaseWL(1605bf73): PARTIAL_WAKE_LOCK  AudioMix 0x1 null

D/PMS     (  967): acquireWL(26b9be30): PARTIAL_WAKE_LOCK  AudioMix 0x1 0 1013 null

D/PMS     (  967): releaseWL(26b9be30): PARTIAL_WAKE_LOCK  AudioMix 0x1 null

D/PMS     (  967): acquireWL(1e28caa9): PARTIAL_WAKE_LOCK  AudioMix 0x1 0 1013 null

D/PMS     (  967): releaseWL(1e28caa9): PARTIAL_WAKE_LOCK  AudioMix 0x1 null

D/PMS     (  967): acquireWL(2cd3f82e): PARTIAL_WAKE_LOCK  AudioMix 0x1 0 1013 null

D/PMS     (  967): releaseWL(2cd3f82e): PARTIAL_WAKE_LOCK  AudioMix 0x1 null

D/PMS     (  967): acquireWL(d72dfcf): PARTIAL_WAKE_LOCK  AudioMix 0x1 0 1013 null

D/PMS     (  967): releaseWL(d72dfcf): PARTIAL_WAKE_LOCK  AudioMix 0x1 null

D/PMS     (  967): acquireWL(23348d5c): PARTIAL_WAKE_LOCK  AudioMix 0x1 0 1013 null

D/PMS     (  967): releaseWL(23348d5c): PARTIAL_WAKE_LOCK  AudioMix 0x1 null

D/PMS     (  967): acquireWL(319a6865): PARTIAL_WAKE_LOCK  AudioMix 0x1 0 1013 null

D/PMS     (  967): releaseWL(319a6865): PARTIAL_WAKE_LOCK  AudioMix 0x1 null

D/PMS     (  967): acquireWL(dab693a): PARTIAL_WAKE_LOCK  AudioMix 0x1 0 1013 null

D/PMS     (  967): releaseWL(dab693a): PARTIAL_WAKE_LOCK  AudioMix 0x1 null

D/PMS     (  967): acquireWL(28e7a9eb): PARTIAL_WAKE_LOCK  AudioMix 0x1 0 1013 null

D/PMS     (  967): releaseWL(28e7a9eb): PARTIAL_WAKE_LOCK  AudioMix 0x1 null

D/PMS     (  967): acquireWL(172b2348): PARTIAL_WAKE_LOCK  AudioMix 0x1 0 1013 null

D/PMS     (  967): releaseWL(172b2348): PARTIAL_WAKE_LOCK  AudioMix 0x1 null

D/PMS     (  967): acquireWL(13ce25e1): PARTIAL_WAKE_LOCK  AudioMix 0x1 0 1013 null

D/PMS     (  967): releaseWL(13ce25e1): PARTIAL_WAKE_LOCK  AudioMix 0x1 null

D/PMS     (  967): acquireWL(2b56df06): PARTIAL_WAKE_LOCK  AudioMix 0x1 0 1013 null

D/PMS     (  967): releaseWL(2b56df06): PARTIAL_WAKE_LOCK  AudioMix 0x1 null

D/PMS     (  967): acquireWL(3094f9c7): PARTIAL_WAKE_LOCK  AudioMix 0x1 0 1013 null

D/PMS     (  967): releaseWL(3094f9c7): PARTIAL_WAKE_LOCK  AudioMix 0x1 null

D/PMS     (  967): acquireWL(a732bf4): PARTIAL_WAKE_LOCK  AudioMix 0x1 0 1013 null

D/PMS     (  967): releaseWL(a732bf4): PARTIAL_WAKE_LOCK  AudioMix 0x1 null

D/PMS     (  967): acquireWL(3d263f1d): PARTIAL_WAKE_LOCK  AudioMix 0x1 0 1013 null

D/PMS     (  967): releaseWL(3d263f1d): PARTIAL_WAKE_LOCK  AudioMix 0x1 null

D/PMS     (  967): acquireWL(1df1e592): PARTIAL_WAKE_LOCK  AudioMix 0x1 0 1013 null

D/PMS     (  967): releaseWL(1df1e592): PARTIAL_WAKE_LOCK  AudioMix 0x1 null

D/PMS     (  967): acquireWL(14dd6b63): PARTIAL_WAKE_LOCK  AudioMix 0x1 0 1013 null

D/PMS     (  967): releaseWL(14dd6b63): PARTIAL_WAKE_LOCK  AudioMix 0x1 null

D/PMS     (  967): acquireWL(a911360): PARTIAL_WAKE_LOCK  AudioMix 0x1 0 1013 null

D/PMS     (  967): releaseWL(a911360): PARTIAL_WAKE_LOCK  AudioMix 0x1 null

D/PMS     (  967): acquireWL(fecb019): PARTIAL_WAKE_LOCK  AudioMix 0x1 0 1013 null

D/PMS     (  967): releaseWL(fecb019): PARTIAL_WAKE_LOCK  AudioMix 0x1 null

D/PMS     (  967): acquireWL(31c4c8de): PARTIAL_WAKE_LOCK  AudioMix 0x1 0 1013 null

I/ActivityManager(  967): moveTaskToBack: TaskRecord{2397d295 #8900 A=com.android.phone.InCallScreen U=0 sz=1}

D/PMS     (  967): releaseWL(31c4c8de): PARTIAL_WAKE_LOCK  AudioMix 0x1 null

D/PMS     (  967): acquireWL(1fb15abf): PARTIAL_WAKE_LOCK  ActivityManager-Launch 0x1 967 1000 null

I/ActivityManager(  967): moveTaskToBack: TaskRecord{2397d295 #8900 A=com.android.phone.InCallScreen U=0 sz=1}

W/ContextImpl(21162): Calling a method in the system process without a qualified user: android.app.ContextImpl.startService:1824 android.content.ContextWrapper.startService:515 android.content.ContextWrapper.startService:515 com.htc.htcpowermanager.smartsync.SmartSyncDataLinkTurnOffReceiver.onReceive:22 android.app.ActivityThread.handleReceiver:2712 

I/ActivityManager(  967): Start proc com.htc.mediamanager for broadcast com.htc.album/com.htc.mediamanager.providers.media.MMPReceiver: pid=21298 uid=10102 gids={50102, 9997, 1028, 1015, 3003, 1023, 2001, 3002} abi=armeabi-v7a

D/StatusBarManagerService(  967): manageDisableList userId=0 what=0x0 pkg=com.android.systemui

I/ActivityManager(  967): Recipient 21121

D/WifiService(  967): Client connection lost with reason: 4

I/ActivityManager(  967): Process com.nero.android.htc.sync (pid 21121) has died

D/WifiService(  967): @onServiceStateChanged: 0 0 home 中国移动3G CMCC 46000  UMTS HSDPA CSS not supported -1 -1 RoamInd=-1 DefRoamInd=-1EriInd= -1EriMode= -1RadioPowerSv: false EmergOnly=false PhoneType: 1 VoiceRoaming: false DataRoaming: false IMSRegState: -1

D/WifiService(  967): MCC after camp network: 460

D/WifiService(  967): WIFI_COUNTRY_CODE set to cn after camp network

I/WifiService(  967): WifiService trying to set country code to cn with persist set to true

W/ContextImpl(  967): Calling a method in the system process without a qualified user: android.app.ContextImpl.sendBroadcast:1459 com.android.server.wifi.WifiStateMachine.sendDongleScanResultsAvailableBroadcast:14114 com.android.server.wifi.WifiStateMachine.handleMediaLinkEvent:14279 com.android.server.wifi.WifiStateMachine.access$5800:265 com.android.server.wifi.WifiStateMachine$SupplicantStartedState.processMessage:8070 

D/StatusBarManagerService(  967): setSystemUiVisibility(0x40000500)

D/StatusBarManagerService(  967): manageDisableList userId=0 what=0x0 pkg=WindowManager.LayoutParams

D/StatusBarManagerService(  967): hiding MENU key

I/ActivityManager(  967): Start proc com.htc.task for content provider com.htc.task/.TaskSpecificProvider: pid=21332 uid=10117 gids={50117, 9997, 1023, 3003, 1028, 1015} abi=armeabi-v7a

I/ActivityManager(  967): Start proc com.htc.zero for broadcast com.htc.zero/com.htc.BiLogClient.BiLogUploadReceiver: pid=21353 uid=10053 gids={50053, 9997, 1028, 1015, 3003} abi=armeabi-v7a

I/ActivityManager(  967): Recipient 21199

I/InputMethodManagerService(  967): Disable input method client, pid=2934

D/StatusBarManagerService(  967): swetImeWindowStatus vis=0 backDisposition=0

I/InputMethodManagerService(  967): Enable input method client, pid=15498

I/ActivityManager(  967): Process com.htc.android.mail:sync (pid 21199) has died

D/PMS     (  967): releaseWL(1fb15abf): PARTIAL_WAKE_LOCK  ActivityManager-Launch 0x1 null

I/ActivityManager(  967): Start proc sogou.mobile.explorer.hotwords for service com.sohu.inputmethod.sogou/sogou.mobile.explorer.hotwords.entrance.SogouInputEntranceService: pid=21373 uid=10172 gids={50172, 9997, 3003, 1028, 1015} abi=armeabi

I/ActivityManager(  967): Start proc com.htc.zero:re_proc for broadcast com.htc.zero/.engine.RelevanceEngineReceiver: pid=21396 uid=10053 gids={50053, 9997, 1028, 1015, 3003} abi=armeabi-v7a

I/PackageManager(  967):  setEnabledSetting(), pkgName=com.htc.zero, clsName=com.baidu.android.pushservice.PushService, state=2, flag=1, pid=21353, uid=10053, userID:0

I/PackageManager(  967):  setEnabledSetting(), pkgName=com.htc.zero, clsName=com.baidu.android.pushservice.PushServiceReceiver, state=2, flag=1, pid=21353, uid=10053, userID:0

I/PackageManager(  967):  setEnabledSetting(), pkgName=com.htc.zero, clsName=com.baidu.android.pushservice.RegistrationReceiver, state=2, flag=1, pid=21353, uid=10053, userID:0

I/ActivityManager(  967): Start proc com.htc.cs.identity for service com.htc.cs.identity/.authenticator.IdentityService: pid=21433 uid=10112 gids={50112, 9997, 3003} abi=armeabi-v7a

I/ActivityManager(  967): Recipient 21264

D/PMS     (  967): releaseWL(256200df): PARTIAL_WAKE_LOCK  AudioMix 0x1 null

I/ActivityManager(  967): Process com.htc.launcher:biclient (pid 21264) has died

I/ActivityManager(  967): Start proc com.fd.httpd for broadcast com.fd.httpd/.FDBroadcastReceiver: pid=21452 uid=10177 gids={50177, 9997, 3003, 1028, 1015} abi=armeabi-v7a

I/ActivityManager(  967): Recipient 21162

I/ActivityManager(  967): Process com.htc.htcpowermanager:remote (pid 21162) has died

I/ActivityManager(  967): Start proc com.htc.cs.dm for service com.htc.cs.dm/.config.service.ConfigManagerBoundService: pid=21471 uid=10032 gids={50032, 9997, 3003} abi=armeabi-v7a

I/ActivityManager(  967): Start proc com.qiyi.video:bdservice_v1 for broadcast com.qiyi.video/com.baidu.android.pushservice.PushServiceReceiver: pid=21491 uid=10005 gids={50005, 9997, 3003, 1028, 1015, 3002} abi=armeabi

D/AutomaticBrightnessController(  967): setAmbientLux to brighter = 160.0

D/HABCtrl (  967): lsvalue=10(0th)->160(3th), lValue=30->81

D/PMS     (  967): acquireHCC(2da18225): CPU_MIN_FREQ AbsListViewScroll_5.0 0x2000 15498 1000 null

D/PMS     (  967): acquireHCC(3109dffa): CPU_MIN_NUM AbsListViewScroll_5.0 0x8000 15498 1000 null

I/ActivityManager(  967): Recipient 21332

I/ActivityManager(  967): Recipient 21373

I/ActivityManager(  967): Process com.htc.task (pid 21332) has died

I/ActivityManager(  967): Recipient 21396

I/ActivityManager(  967): Recipient 21452

