D/TVHelper-23367-T1(23367): [LegoBundleMgr.java:loadOneBundle:190][2730e60] load bundle succ: com.yunos.tvhelper.devmgr.biz.DevmgrBizBu

D/TVHelper-23367-T1(23367): [LegoBundleMgr.java:loadOneBundle:190][2730e60] load bundle succ: com.yunos.tvhelper.devmgr.api.DevmgrApiBu

I/TVHelper-23367-T1(23367): [LprojBizBu.java:onBundleCreate:29][2a1d24ed] cdw onBundleCreate

D/TVHelper-23367-T1(23367): [LegoBundleMgr.java:loadOneBundle:190][2730e60] load bundle succ: com.yunos.tvhelper.localprojection.biz.LprojBizBu

D/TVHelper-23367-T1(23367): [LegoBundleMgr.java:loadOneBundle:190][2730e60] load bundle succ: com.yunos.tvhelper.localprojection.api.LprojApiBu

D/TVHelper-23367-T1(23367): [LegoBundleMgr.java:loadOneBundle:190][2730e60] load bundle succ: com.yunos.tvhelper.inputboost.api.IbApiBu

I/TVHelper-23367-T1(23367): [IbBizBu.java:onBundleCreate:26][bf71f22] hit onBundleCreate

I/TVHelper-23367-T1(23367): [IbRc.java:<init>:53][1a00cdb3] hit

E/SensorManager(23367): uid = 10158

E/SensorManager(23367): uid = 10158

I/TVHelper-23367-T1(23367): [IbSensor.java:<init>:62][b3422e9] have g sensor: true, have gyro: true

D/TVHelper-23367-T1(23367): [LegoBundleMgr.java:loadOneBundle:190][2730e60] load bundle succ: com.yunos.tvhelper.inputboost.biz.IbBizBu

D/TVHelper-23367-T1(23367): [LegoBundleMgr.java:loadOneBundle:190][2730e60] load bundle succ: com.yunos.tvhelper.rpm.biz.RpmBizBu

D/TVHelper-23367-T1(23367): [LegoBundleMgr.java:loadOneBundle:190][2730e60] load bundle succ: com.yunos.tvhelper.rpm.api.RpmApiBu

D/TVHelper-23367-T1(23367): [LegoBundleMgr.java:loadOneBundle:190][2730e60] load bundle succ: com.yunos.tvhelper.immersive.biz.ImmersiveBizBu

D/TVHelper-23367-T1(23367): [LegoBundleMgr.java:loadOneBundle:190][2730e60] load bundle succ: com.yunos.tvhelper.immersive.api.ImmersiveApiBu

D/TVHelper-23367-T1(23367): [LegoBundleMgr.java:loadOneBundle:190][2730e60] load bundle succ: com.yunos.tvhelper.asr.biz.AsrBizBu

D/TVHelper-23367-T1(23367): [LegoBundleMgr.java:loadOneBundle:190][2730e60] load bundle succ: com.yunos.tvhelper.asr.api.AsrApiBu

I/awcn    (23367):  restoreStrategyCenter end. cost:269

I/awcn    (23367):  info.isConnected()::true  info.isAvailable()::true

I/awcn    (23367):  StrategyCenter initialize finished.

I/awcn    (23367):  listeners::[anet.channel.strategy.StrategyCenter$1@2848f29c, anet.channel.SessionCenter@21a304a5]

I/awcn    (23367):  network status changed. current:NONE new:WIFI

I/awcn    (23367):  Wifi BSSID: 1c:aa:07:f5:96:bf

D/awcn    (23367):  

D/awcn    (23367): uniqueId: WIFI$1c:aa:07:f5:96:bf

D/awcn    (23367): host: acs.m.taobao.com

D/awcn    (23367): strategy: [140.205.160.82, 140.205.163.80] [{443 spdy-bio N}]

D/awcn    (23367): ttlMap: {acs.m.taobao.com=0}

I/awcn    (23367):  delay:0

I/awcn    (23367):  recreate session failed::0

D/awcn    (23367):  init start

I/mtopsdk.MtopSDK(23367): [executeInitCoreTask]MtopSDK initcore end

D/awcn    (23367):  app is background not need check accs session, retrun bg:true

I/mtopsdk.MtopSDK(23367): [executeInitExtraTask]MtopSDK initextra start

I/ANet.DnsMgr(23367): HttpDns.getInstance().setHosts(hostList)

W/ActivityManager(  967): getTasks: caller 10158 does not hold GET_TASKS; limiting output

W/ActivityManager(  967): getTasks: caller 10158 does not hold GET_TASKS; limiting output

D/wswitch.ConfigContainer(23367): [init]ConfigContainer init invoke start

I/wswitch.ConfigContainer(23367): [initAppKeyAndIsPrd] appkey:21563561,EnvModeEnum:ONLINE,isPrd:true

W/wswitch.ReceiptUtil(23367): [init] open  Receipt file error.---/data/data/com.yunos.tvhelper/app_wswitch3_21563561_0/receipt.d: open failed: ENOENT (No such file or directory)

I/wswitch.ConfigContainer(23367): [initAppVersion] mAppVersion:3.0.24

D/mtopsdk.DeviceIDManager(23367): [getDeviceIdFromStore] appkey=21563561; deviceId=AmxRZ_Afe25622rjOnf1SoaOe18AfCgukcvG3nE8P9kB

I/mtopsdk.XState(23367): [setValue]Attention :User XState Local Mode: key:deviceId value:AmxRZ_Afe25622rjOnf1SoaOe18AfCgukcvG3nE8P9kB

I/mtopsdk.SDKConfig(23367): [setGlobalUtdid] utdid=Un2ZrtXBlHIDAIPxYN1Ug5rA

I/mtopsdk.XState(23367): [setValue]Attention :User XState Local Mode: key:utdid value:Un2ZrtXBlHIDAIPxYN1Ug5rA

I/wswitch.ConfigContainer(23367): [addXcmdListener] add Wswitch Xcmd Listener succeed.

I/wswitch.ConfigContainer(23367): [init]init appKey with:21563561,groupNames:[mtopsdk_android_switch, mtopsdk_apicache_blockinfo], ThreadName:MTOPSDK DefaultPool Thread:1

I/mtopsdk.MtopSDK(23367): [initTaoConfigCenter] initconfigcenter  parameter:[groupNames=[mtopsdk_android_switch,mtopsdk_apicache_blockinfo,]]

I/mtopsdk.MtopSDK(23367): [initTaoConfigCenter] init configcenter end.

E/WifiTrafficPoller(  967): TRAFFIC_STATS_POLL true Token 927 num clients 48

E/WifiTrafficPoller(  967):  packet count Tx=377453 Rx=492111

I/WebViewFactory(23367): Loading com.google.android.webview version 37 (1602158-arm) (code 111201)

W/wswitch.ConfigContainer(23367): [loadLocalConfig] local cache file is blank. prefix=21563561$0

I/wswitch.XcmdUtils(23367): [queryXcmdVersion] queryXcmdVersion called. xcmdVersion=0|0

D/mtopsdk.SDKConfig(23367): [setXcmdVersion] xcmdVersion=0|0

I/wswitch.ConfigContainer(23367): [loadLocalAndRequestConfig]load x-cmd-version=0|0

I/wswitch.ConfigTokenManager(23367): [loadConfigToken] load local configToken from cache. mConfigToken=ConfigToken [ token=144401764, cacheTime=31536000000, lastUpdateTime=1449043630519]

I/LibraryLoader(23367): Loading: webviewchromium

I/LibraryLoader(23367): Time to load native libraries: 13 ms (timestamps 2009-2022)

I/LibraryLoader(23367): Expected native library version number "",actual native library version number ""

D/mtopsdk.DispatchConfigManager(23367): [loadDispatchConfigFromStore] parse dispatchConfig from local Storage succeed.  dispatchConfig=DispatchConfig [ version=10.14, domain=api.m.taobao.com, domainType=WJAS, envMode=ONLINE, degraded=true, failOverStrategy=FailOverStrategy [ isEnableFailOver=false, failed_times=0, failed_period=0]]

D/mtopsdk.SDKConfig(23367): [setGlobalDispatchConfig] dispatchConfig=DispatchConfig [ version=10.14, domain=api.m.taobao.com, domainType=WJAS, envMode=ONLINE, degraded=true, failOverStrategy=FailOverStrategy [ isEnableFailOver=false, failed_times=0, failed_period=0]]

I/wswitch.ConfigContainer(23367): [addIntentActionNameMapping]add action:groupNameKey:21563561$0$mtopsdk_apicache_blockinfo,actionName:com.taobao.taobao.config.update.notify_21563561_0_mtopsdk_apicache_blockinfo

I/mtopsdk.CacheConfigManager(23367): registerCacheConfigReceiver succeed.actionName=com.taobao.taobao.config.update.notify_21563561_0_mtopsdk_apicache_blockinfo

I/wswitch.ConfigContainer(23367): [addIntentActionNameMapping]add action:groupNameKey:21563561$0$mtopsdk_android_switch,actionName:com.taobao.taobao.config.update.notify_21563561_0_mtopsdk_android_switch

W/art     (23367): Attempt to remove local handle scope entry from IRT, ignoring

D/mtopsdk.SwitchConfigManager(23367): registerSwitchConfigReceiver succeed.actionName=com.taobao.taobao.config.update.notify_21563561_0_mtopsdk_android_switch

D/mtopsdk.SwitchConfigManager(23367): registerAntiAttackCheckCodeReceiver succeed.actionName=mtopsdk.mtop.antiattack.checkcode.validate.broadcast_action

I/TVHelper-23367-T1(23367): [TbLogin.java:<init>:59][250949c9] hit

D/mtopsdk.OfflineRequestManager(23367): OfflineRequestManager constructor

W/mtopsdk.XState(23367): [getValue]Attention :User XState Local Mode : key=AppBackground

I/TVHelper-23367-T1(23367): [TbLoginSessionBiz.java:tryLoadSession:122][29050f2c] loaded session: sid: 1c6b80d1eb4e075955d02319c17adbee|ecode: bZLhF|nick: he_jerry|userId: 36528720|loginTime: Sun Nov 22 15:17:27 GMT+08:00 2015|expire: Mon Nov 23 15:07:27 GMT+08:00 2015|autoLoginToken: 1_77e99dba072529b1111d538800361983db5e48672ea89c2772f37be34126dc178f1d274a21d7073ddbb1a08970fe664ffedfd4064ca8db98dc5b0435d1f8ebda|headPicLink: http://wwc.alicdn.com/avatar/getAvatar.do?userId=36528720&width=160&height=160&type=sns

I/TVHelper-23367-T1(23367): [TbLoginSessionBiz.java:processLoginSession:153][29050f2c] hit

E/mtopsdk.CacheStoreInitializer(23367): [init] init CacheStore error.---java.lang.NoClassDefFoundError: Failed resolution of: Lcom/taobao/nbcache/MultiNBCache;

E/mtopsdk.OfflineRequestCache(23367): MultiNBCache setBlockConfig failed.---java.lang.NoClassDefFoundError: Failed resolution of: Lcom/taobao/nbcache/ConfigObject;

W/mtopsdk.XState(23367): [getValue]Attention :User XState Local Mode : key=userId

I/mtopsdk.XState(23367): [setValue]Attention :User XState Local Mode: key:sid value:1c6b80d1eb4e075955d02319c17adbee

I/mtopsdk.XState(23367): [setValue]Attention :User XState Local Mode: key:ecode value:bZLhF

I/mtopsdk.XState(23367): [setValue]Attention :User XState Local Mode: key:userId value:36528720

E/mtopsdk.CacheStoreInitializer(23367): [init] init CacheStore error.---java.lang.NoClassDefFoundError: Failed resolution of: Lcom/taobao/nbcache/MultiNBCache;

E/mtopsdk.OfflineRequestCache(23367): [get] get all keys for blockName=OfflineRequest_ fails.---java.lang.NoClassDefFoundError: Failed resolution of: Lcom/taobao/nbcache/MultiNBCache;

I/mtopsdk.MtopSDK(23367): [executeInitExtraTask]MtopSDK initextra end

I/mtopsdk.SDKUtils(23367): [registerSessionInfo] register sessionInfo succeed.

W/mtopsdk.XState(23367): [removeKey]Attention :User XState Local Mode : key=unittype

W/mtopsdk.XState(23367): [removeKey]Attention :User XState Local Mode : key=unitprefix

I/mtopsdk.SDKConfig(23367): [setGlobalUserUnit] clear userUnit succeed.

I/mtopsdk.UnitConfigManager(23367): [loadUnitInfoFromLocalStore]  userUnit queryed from local storage is null

I/awcn    (23367):  sendHttpDnsRequest hosts::[acs.m.taobao.com, h5.m.taobao.com, unit.api.m.taobao.com, hws.m.taobao.com, g.tbcdn.cn, gw.alicdn.com, api.m.taobao.com]

W/mtopsdk.XState(23367): [getValue]Attention :User XState Local Mode : key=userId

E/mtopsdk.CacheStoreInitializer(23367): [init] init CacheStore error.---java.lang.NoClassDefFoundError: Failed resolution of: Lcom/taobao/nbcache/MultiNBCache;

E/mtopsdk.OfflineRequestCache(23367): [get] get all keys for blockName=OfflineRequest_ fails.---java.lang.NoClassDefFoundError: Failed resolution of: Lcom/taobao/nbcache/MultiNBCache;

D/awcn    (23367):  generate request url url:http://amdc.m.taobao.com:80/amdc/mobileDispatch?sign=b43ff02a847867e5729fc35ffbc267136f1a26e6&t=1450259043843&appkey=21563561&domain=acs.m.taobao.com%20h5.m.taobao.com%20unit.api.m.taobao.com%20hws.m.taobao.com%20g.tbcdn.cn%20gw.alicdn.com%20api.m.taobao.com%20amdc.m.taobao.com

D/libc    (23367): [NET] android_getaddrinfofornet+,hn 17(0x616d64632e6d2e),sn(),hints(known),family 0,flags 4

D/libc    (23367): [NET] android_getaddrinfofornet-, err=8

D/libc    (23367): [NET] android_getaddrinfofornet+,hn 17(0x616d64632e6d2e),sn(),hints(known),family 0,flags 1024

D/libc    (23367): [NET] android_getaddrinfofornet-, pass to proxy

D/libc    (23367): [NET] android_getaddrinfo_proxy+

D/libc    (23367): [NET] android_getaddrinfo_proxy get netid:0

D/libc    (  291): [NET] android_getaddrinfofornet+,hn 17(0x616d64632e6d2e),sn(),hints(known),family 0,flags 1024

D/libc    (  291): [NET] _dns_getaddrinfo+, netid:287, mark:917791

D/libc    (  291): [NET] _dns_getaddrinfo-, (NS_SUCCESS)

D/libc    (  291): [NET] android_getaddrinfofornet-, SUCCESS

D/libc    (23367): [NET] android_getaddrinfo_proxy-, success

D/awcn    (23367):   

D/awcn    (23367): post data:v=2.0&platform=Android&platformVersion=5.0.2&sid=36528720&bssid=1c:aa:07:f5:96:bf&connMsg=[]&netType=WIFI

D/awcn    (23367):  amdc response 

D/awcn    (23367): code:200 

D/awcn    (23367): headers:{null=[HTTP/1.1 200 OK], Cache-Control=[no-cache], Connection=[close], Content-Type=[application/json;charset=UTF-8], Date=[Wed, 16 Dec 2015 09:44:04 GMT], pragma=[no-cache], Server=[Tengine], Transfer-Encoding=[chunked], Vary=[Accept-Encoding], x-am-code=[1000], x-am-id=[amdc010096092192.unit.cm3_1450259044851_554480491], x-am-sign=[f608193a87900455c5ad3bc75f59bdd7cf116717], X-Android-Received-Millis=[1450259043903], X-Android-Response-Source=[NETWORK 200], X-Android-Sent-Millis=[1450259043861]}

D/awcn    (23367):  amdc response body 

D/awcn    (23367): body:{"code":1000,"dns":[{"aisles":[{"cto":15000,"heartbeat":45000,"port":443,"protocol":"spdy-bio","retry":1,"rto":15000,"rtt":"0rtt"},{"cto":15000,"heartbeat":45000,"port":80,"protocol":"spdy-bio","retry":1,"rto":15000,"rtt":"0rtt"}],"host":"acs.m.taobao.com","hrIntervalTime":86400000,"hrNum":2,"hrStrategy":"serialConn","hrUrlPath":"status.taobao","idc":true,"ips":["140.205.138.244"],"parallelConNum":2,"safeAisles":"https","ttl":300},{"aisles":[{"cto":15000,"heartbeat":45000,"port":443,"protocol":"spdy-bio","retry":1,"rto":15000,"rtt":"0rtt"},{"cto":15000,"heartbeat":45000,"port":80,"protocol":"spdy-bio","retry":1,"rto":15000,"rtt":"0rtt"}],"host":"unitacs.m.taobao.com","hrIntervalTime":86400000,"hrNum":2,"hrStrategy":"serialConn","hrUrlPath":"status.taobao","idc":true,"ips":["110.75.84.98"],"parallelConNum":2,"safeAisles":"https","ttl":300},{"aisles":[{"cto":10000,"heartbeat":45000,"port":80,"protocol":"spdy","retry":3,"rto":10000},{"cto":10000,"heartbeat":45000,"port":8002,"protocol":"spdy","retry":3,"rto":10000},{"cto":10000,"heartbeat":45000,"port":8003,"protocol":"spdy-ssl","retry":3,"rto":10000},{"cto":10000,"heartbeat":0,"port":443,"protocol":"https","retry":3,"rto":10000},{"cto":10000,"heartbeat":0,"port":80,"protocol":"http","retry":3,"rto":10000}],"host":"unit.api.m.taobao.com","hrIntervalTime":0,"hrNum":0,"idc":false,"ips":["42.120.176.84"],"parallelConNum":0,"ttl":300},{"aisles":[{"cto":10000,"heartbeat":45000,"port":80,"protocol":"spdy","retry":3,"rto":10000},{"cto":10000,"heartbeat":0,"port":443,"protocol":"https","retry":3,"rto":10000},{"cto":10000,"heartbeat":0,"port":80,"protocol":"http","retry":3,"rto":10000}],"host":"hws.m.taobao.com","hrIntervalTime":0,"hrNum":0,"idc":false,"ips":["140.205.134.199"],"parallelConNum":0,"ttl":300},{"aisles":[{"cto":10000,"heartbeat":45000,"port":80,"protocol":"spdy","retry":3,"rto":10000},{"cto":10000,"heartbeat":45000,"port":8002,"protocol":"spdy","retry":3,"rto":10000},{"cto":10000,"heartbeat":45000,"port":8003,"protocol":"spdy-ssl","retry":3,"rto":10000},{"cto":10000,"heartbeat":0,"port":443,"protocol":"https","retry":3,"rto":10000},{"cto":10000,"heartbeat":0,"port":80,"protocol":"http","retry":3,"rto":10000}],"host":"api.m.taobao.com","hrIntervalTime":0,"hrNum":0,"idc":false,"ips":["106.11.53.98"],"parallelConNum":0,"ttl":300},{"aisles":[{"cto":10000,"heartbeat":0,"port":443,"protocol":"http","retry":3,"rto":10000},{"cto":10000,"heartbeat":0,"port":80,"protocol":"http","retry":3,"rto":10000}],"host":"amdc.m.taobao.com","hrIntervalTime":0,"hrNum":0,"idc":false,"ips":["140.205.252.98"],"parallelConNum":0,"ttl":300},{"aisles":[{"cto":10000,"heartbeat":45000,"port":80,"protocol":"spdy","retry":3,"rto":10000},{"cto":10000,"heartbeat":0,"port":443,"protocol":"https","retry":3,"rto":10000},{"cto":10000,"heartbeat":0,"port":80,"protocol":"http","retry":3,"rto":10000}],"host":"g.tbcdn.cn","hrIntervalTime":0,"hrNum":0,"idc":false,"ips":["115.238.23.240","115.238.23.250"],"parallelConNum":0,"ttl":300},{"aisles":[{"cto":10000,"heartbeat":45000,"port":80,"protocol":"spdy","retry":3,"rto":10000},{"cto":10000,"heartbeat":0,"port":443,"protocol":"https","retry":3,"rto":10000},{"cto":10000,"heartbeat":0,"port":80,"protocol":"http","retry":3,"rto":10000},{"cto":10000,"heartbeat":45000,"port":80,"protocol":"spdy-cdn","retry":3,"rto":10000,"rtt":"0rtt"},{"cto":10000,"heartbeat":45000,"port":443,"protocol":"spdy-cdn","retry":3,"rto":10000,"rtt":"0rtt"}],"host":"h5.m.taobao.com","hrIntervalTime":0,"hrNum":0,"idc":false,"ips":["115.238.23.254"],"parallelConNum":0,"ttl":300},{"aisles":[{"cto":10000,"heartbeat":45000,"port":80,"protocol":"spdy","retry":3,"rto":10000},{"cto":10000,"heartbeat":0,"port":443,"protocol":"https","retry":3,"rto":10000},{"cto":10000,"heartbeat":0,"port":80,"protocol":"http","retry":3,"rto":10000},{"cto":10000,"heartbeat":45000,"port":80,"protocol":"spdy-cdn","retry":3,"rto":10000,"rtt":"0rtt"},{"cto":10000,"heartbeat":45000,"port":443,"protocol":"spdy-cdn","retry":3,"rto":10000,"rtt":"0rtt"}],"host":"gw.alicdn.com",

I/awcn    (23367):  set server domain serverIpList:[140.205.252.98] ttl:1450259343920

D/awcn    (23367):  receive DNS event

I/awcn    (23367):  update strategyTable with httpDns response

D/awcn    (23367):  app is background not need check accs session, retrun bg:true

D/awcn    (23367):  

D/awcn    (23367): uniqueId: WIFI$1c:aa:07:f5:96:bf

D/awcn    (23367): host: acs.m.taobao.com

D/awcn    (23367): strategy: [140.205.138.244] [{443 spdy-bio N}, {80 spdy-bio N}]

D/awcn    (23367): host: unitacs.m.taobao.com

D/awcn    (23367): strategy: [110.75.84.98] [{443 spdy-bio N}, {80 spdy-bio N}]

D/awcn    (23367): host: unit.api.m.taobao.com

D/awcn    (23367): strategy: [42.120.176.84] [{80 spdy N}, {8002 spdy N}, {8003 spdy-ssl N}, {443 https N}, {80 http N}]

D/awcn    (23367): host: hws.m.taobao.com

D/awcn    (23367): strategy: [{140.205.134.199:{80 spdy N}}, {140.205.134.199:{443 https N}}, {140.205.134.199:{80 http N}}]

D/awcn    (23367): host: api.m.taobao.com

D/awcn    (23367): strategy: [106.11.53.98] [{80 spdy N}, {8002 spdy N}, {8003 spdy-ssl N}, {443 https N}, {80 http N}]

D/awcn    (23367): ttlMap: {acs.m.taobao.com=1450259343929, unitacs.m.taobao.com=1450259343929, h5.m.taobao.com=1450259103833, unit.api.m.taobao.com=1450259343930, hws.m.taobao.com=1450259343930, g.tbcdn.cn=1450259103833, gw.alicdn.com=1450259103833, api.m.taobao.com=1450259343931}

I/awcn    (23367):  delay:59901

W/ActivityManager(  967): getTasks: caller 10158 does not hold GET_TASKS; limiting output

E/WifiStateMachine(  967): handleMessage: E msg.what=131155

E/WifiStateMachine(  967): processMsg: ConnectedState

E/WifiStateMachine(  967):  ConnectedState !CMD_RSSI_POLL 226 0 "alibaba-inc" 1c:aa:07:f5:96:bf rssi=-56 f=5785 sc=60 link=65 tx=35.0, 0.0, 0.0  rx=87.3 bcn=0 [on:0 tx:0 rx:0 period:3006] from screen [on:0 period:-1439901683] gl rssi=-56 ag=0 hr ticks 1,2,12 ls-=0 [56,56,60,60,65] brc=0 lrc=0

E/WifiStateMachine(  967): processMsg: L2ConnectedState

E/WifiStateMachine(  967):  L2ConnectedState !CMD_RSSI_POLL 226 0 "alibaba-inc" 1c:aa:07:f5:96:bf rssi=-56 f=5785 sc=60 link=65 tx=35.0, 0.0, 0.0  rx=87.3 bcn=0 [on:0 tx:0 rx:0 period:3] from screen [on:0 period:-1439901680] gl rssi=-56 ag=0 hr ticks 1,2,12 ls-=0 [56,56,60,60,65] brc=0 lrc=0

E/WifiStateMachine(  967):  get link layer stats 0

W/WifiHW  (  967): QCOM Debug wifi_send_command "IFNAME=wlan0 SIGNAL_POLL"

D/wpa_supplicant( 8936): wlan0: Control interface command 'SIGNAL_POLL'

I/wpa_supplicant( 8936): environment dirty rate=7 [64][5][0]

E/WifiStateMachine(  967): fetchRssiLinkSpeedAndFrequencyNative RSSI = -54 abnormalRssiCnt = 0 newLinkSpeed = 65

E/WifiStateMachine(  967): fetchRssiLinkSpeedAndFrequencyNative rssi=-54 linkspeed=65

E/WifiConfigStore(  967): updateConfiguration freq=5785 BSSID=1c:aa:07:f5:96:bf RSSI=-54 "alibaba-inc"WPA_EAP

E/WifiStateMachine(  967): calculateWifiScore freq=5785 speed=65 score=60 highRSSI  -> txbadrate=0.00 txgoodrate=50.00 txretriesrate=0.00 rxrate=107.63 userTriggerdPenalty0

E/WifiStateMachine(  967):  good link -> stuck count =0

E/WifiStateMachine(  967):  badRSSI count0 lowRSSI count0 --> score 60

E/WifiStateMachine(  967):  isHighRSSI       ---> score=65

D/WifiWatchdogStateMachine(  967): RSSI current: 3 new: -54, 3

E/WifiStateMachine(  967): handleMessage: X

D/logger  (23367): com.yunos.tvhelper,HTC 802t

I/TVHelper-23367-T1(23367): [TbLogin.java:autoLogin:209][250949c9] login stat: EXPIRED_LOGIN

W/TVHelper-23367-T1(23367): [TbLogin.java:onTbLoginFailed:272][250949c9] auto login failed: ERR_MTOP_EXPIRED

I/TVHelper-23367-T1(23367): [TbQrcodeLogin.java:<init>:53][2ecf9471] hit

D/TVHelper-23367-T1(23367): [LegoBundleMgr.java:loadOneBundle:190][2730e60] load bundle succ: com.yunos.tvhelper.account.biz.AcctBizBu

D/TVHelper-23367-T1(23367): [LegoBundleMgr.java:loadOneBundle:190][2730e60] load bundle succ: com.yunos.tvhelper.account.api.AcctApiBu

D/logger  (23367): only log of today

D/ProcessThirdParty(23367): getUmidSync result code : 200

D/test    (23367): registrationId=AmxRZ_Afe25622rjOnf1SoaOe18AfCgukcvG3nE8P9kB,oldVersion=-966315119,newVersion=-966315119

D/test    (23367): registrationId=AmxRZ_Afe25622rjOnf1SoaOe18AfCgukcvG3nE8P9kB,oldVersion=-966315119,newVersion=-966315119

D/test    (23367): registrationId=AmxRZ_Afe25622rjOnf1SoaOe18AfCgukcvG3nE8P9kB,oldVersion=-966315119,newVersion=-966315119

D/test    (23367): registrationId=AmxRZ_Afe25622rjOnf1SoaOe18AfCgukcvG3nE8P9kB,oldVersion=-966315119,newVersion=-966315119

D/TVHelper-23367-T1(23367): [LegoBundleMgr.java:loadOneBundle:190][2730e60] load bundle succ: com.yunos.tvhelper.push.biz.PushBizBu

D/TVHelper-23367-T1(23367): [LegoBundleMgr.java:loadOneBundle:190][2730e60] load bundle succ: com.yunos.tvhelper.push.api.PushApiBu

D/TVHelper-23367-T1(23367): [LegoBundleMgr.java:loadOneBundle:190][2730e60] load bundle succ: com.yunos.tvhelper.alipay.biz.AlipayBizBu

D/TVHelper-23367-T1(23367): [LegoBundleMgr.java:loadOneBundle:190][2730e60] load bundle succ: com.yunos.tvhelper.alipay.api.AlipayApiBu

D/TVHelper-23367-T1(23367): [LegoBundleMgr.java:loadOneBundle:190][2730e60] load bundle succ: com.yunos.tvhelper.ui.api.UiApiBu

D/TVHelper-23367-T1(23367): [LegoBundleMgr.java:loadOneBundle:190][2730e60] load bundle succ: com.yunos.tvhelper.ui.app.UiAppBu

W/System.err(  967): java.lang.Throwable: stack dump

D/BluetoothManagerService(  967): Message: MESSAGE_REGISTER_ADAPTER

D/BluetoothManagerService(  967): Added callback: android.bluetooth.IBluetoothManagerCallback$Stub$Proxy@500cf5:true

D/TVHelper-23367-T1(23367): [LegoBundleMgr.java:loadOneBundle:190][2730e60] load bundle succ: com.yunos.tvhelper.ui.appstore.UiAppstoreBu

W/System.err(  967): 	at java.lang.Thread.dumpStack(Thread.java:490)

W/System.err(  967): 	at com.android.server.BluetoothManagerService.registerAdapter(BluetoothManagerService.java:448)

W/System.err(  967): 	at android.bluetooth.IBluetoothManager$Stub.onTransact(IBluetoothManager.java:55)

W/System.err(  967): 	at android.os.Binder.execTransact(Binder.java:454)

D/TVHelper-23367-T1(23367): [LegoBundleMgr.java:loadOneBundle:190][2730e60] load bundle succ: com.yunos.tvhelper.ui.gamestore.UiGamestoreBu

D/TVHelper-23367-T1(23367): [LegoBundleMgr.java:loadOneBundle:190][2730e60] load bundle succ: com.yunos.tvhelper.ui.h5.UiH5Bu

D/1c40ec30(23367): onBundleCreate 

D/NetworkMonitor(23367): NetworkMonitor.Constructor

E/SensorManager(23367): uid = 10158

D/TVHelper-23367-T1(23367): [LegoBundleMgr.java:loadOneBundle:190][2730e60] load bundle succ: com.yunos.tvhelper.ui.homemonitor.UiHomemonBu

E/SensorManager(23367): uid = 10158

D/TVHelper-23367-T1(23367): [LegoBundleMgr.java:loadOneBundle:190][2730e60] load bundle succ: com.yunos.tvhelper.ui.hotmovie.UiHotMovieBu

I/MutilMediaProfile(23367): profile create

I/AdapterMediaBase(23367): action mResetCursorRunnable

I/AdapterMediaBase(23367): action mResetCursorRunnable

I/TVHelper-23367-T1(23367): [ConnectivityMgr.java:getCurrentConnectivity:134][11a5a980] current connectivity: WIFI

I/AdapterMediaBase(23367): action mResetCursorRunnable

I/TVHelper-23367-T1(23367): [UiLocalProjectionBu.java:onConnectivityChanged:73][cdw] onConnectivityChanged:WIFI

I/TVHelper-23367-T1(23367): [MediaServer.java:<init>:22][16c9273a] MediaServer device created port 8192

I/ListenSDCardState(23367): resetCursor name=com.yunos.tvhelper.ui.localprojection.adapter.AdapterMediaBase$2 retry_count=0 cusor_count=null

I/ListenSDCardState(23367): resetCursor name=com.yunos.tvhelper.ui.localprojection.adapter.AdapterMediaBase$2 count=0

D/logger  (23367): current logfile is:/data/data/com.yunos.tvhelper/files/log/ap/20151216.log

D/logger  (23367): logFileSize=3380

D/logger  (23367): sb=20151216174404634,HTC 802t,com.yunos.tvhelper,Un2ZrtXBlHIDAIPxYN1U,GetApDid  deviceID is eYOHkajpbYINN/Jdf9zBfXG1NauW2htEff5Tm6PN

I/TVHelper-23367-T1(23367): [MediaServer.java:<init>:32][16c9273a] MediaServer http port8192

I/TVHelper-23367-T1(23367): [ConnectivityMgr.java:getCurrentConnectivity:134][11a5a980] current connectivity: WIFI

I/TVHelper-23367-T1(23367): [ConnectivityMgr.java:getIPAddress:152][11a5a980] hit, connectivity type: WIFI

I/TVHelper-23367-T1(23367): [ConnectivityMgr.java:getIPAddress:161][11a5a980] param: [sdk val: 1, interface name: wlan]

I/ListenSDCardState(23367): resetCursor name=com.yunos.tvhelper.ui.localprojection.adapter.AdapterMediaBase$2 retry_count=0 cusor_count=null

I/ListenSDCardState(23367): resetCursor name=com.yunos.tvhelper.ui.localprojection.adapter.AdapterMediaBase$2 count=0

I/ListenSDCardState(23367): resetCursor name=com.yunos.tvhelper.ui.localprojection.adapter.AdapterMediaBase$2 retry_count=0 cusor_count=null

I/ListenSDCardState(23367): resetCursor name=com.yunos.tvhelper.ui.localprojection.adapter.AdapterMediaBase$2 count=0

I/TVHelper-23367-T1(23367): [ConnectivityMgr.java:getIPAddress:184][11a5a980] network interface: [wlan0][23][/fe80::867a:88ff:fe7d:8fa3%wlan0%23][/10.15.84.16], found ip: 10.15.84.16

I/TVHelper-23367-T1(23367): [MutilMediaProfile.java:setNetAddress:70][MutilMediaProfile] net address:10.15.84.16:8192

D/TVHelper-23367-T1(23367): [LegoBundleMgr.java:loadOneBundle:190][2730e60] load bundle succ: com.yunos.tvhelper.ui.localprojection.UiLocalProjectionBu

D/TVHelper-23367-T1(23367): [LegoBundleMgr.java:loadOneBundle:190][2730e60] load bundle succ: com.yunos.tvhelper.ui.trunk.UiTrunkBu

D/TVHelper-23367-T1(23367): [LegoBundleMgr.java:loadOneBundle:190][2730e60] load bundle succ: com.yunos.tvhelper.ui.rc.UiRcBu

I/VideoChatApplication(23367): VideoChatApplication onCreate in pid=23367

V/VideoChatApplication(23367): com.yunos.tvhelper vn:3.0.24 vc:2100300024

E/WifiTrafficPoller(  967): TRAFFIC_STATS_POLL true Token 927 num clients 48

E/WifiTrafficPoller(  967):  packet count Tx=377460 Rx=492147

I/TestConfig(23367): initConfig ... 

I/TestConfig(23367): Config init end , time = 1

D/TVHelper-23367-T1(23367): [LegoBundleMgr.java:loadOneBundle:190][2730e60] load bundle succ: com.yunos.tvhelper.ui.videochat.UiVchatBu

I/TVHelper-23367-T1(23367): [LegoBundleMgr.java:load:101][2730e60] process name: com.yunos.tvhelper, bundle count: 34

I/mtopsdk.XStateDelegate(23367): [checkInit] init XState OK,isInit=true

I/mtopsdk.XStateService(23367): [onBind] XStateService  stub= 999456006

D/mtopsdk.AsyncServiceBinder(23328): [onServiceConnected] Service connected for IXState

I/TVHelper-23367-T1(23367): [ConnectivityMgr.java:getCurrentConnectivity:134][11a5a980] current connectivity: WIFI

I/TVHelper-23367-T1(23367): [ConnectivityMgr.java:handleConnectivityChanged:339][11a5a980] previous connectivity type: NONE, current type: WIFI

I/TVHelper-23367-T1(23367): [DevmgrBizBu.java:search:117][1ec17137] search

I/TVHelper-23367-T1(23367): [DevmgrBizBu.java:removeNotConnectDevice:127][cdw] cdw removeNotConnectDevice:null

I/TVHelper-23367-T1(23367): [MDNSManager.java:getInstance:40][MDNSManager] init getInstance is close=false

I/TVHelper-23367-T1(23367): [MDNSManager.java:startDiscover:87][MDNSManager] init startDiscover is close=false

D/mtopsdk.XStateDelegate(23367): [setValue]set  XstateID succeed,utdid=Un2ZrtXBlHIDAIPxYN1Ug5rA

D/mtopsdk.XStateDelegate(23367): [setValue]set  XstateID succeed,deviceId=AmxRZ_Afe25622rjOnf1SoaOe18AfCgukcvG3nE8P9kB

D/mtopsdk.XStateDelegate(23367): [setValue]set  XstateID succeed,appKey=21563561

I/TVHelper-23367-T1(23367): [IdcTraversal.java:reset:123][18f63fc5] remain detector count: 1

I/TVHelper-23367-T16002(23367): [MDNSManager.java:run:107][MDNSManager] SearchThread start

I/TVHelper-23367-T1(23367): [IdcTraversal.java:onDetectResult:174][18f63fc5] traversal done

D/libc    (23367): [NET] android_getaddrinfofornet+,hn 11(0x3232342e302e30),sn(),hints(known),family 0,flags 4

D/libc    (23367): [NET] android_getaddrinfofornet-, SUCCESS

I/TVHelper-23367-T16002(23367): [MDNSManager.java:run:121][MDNSManager] before send request

I/TVHelper-23367-T16002(23367): [MDNSManager.java:run:125][MDNSManager] before while

I/TVHelper-23367-T16002(23367): [MDNSManager.java:run:128][MDNSManager] searchSocket.send(request)

I/TVHelper-23367-T1(23367): [IdcTraversal.java:traverseLan:71][18f63fc5] hit

I/TVHelper-23367-T16002(23367): [MDNSManager.java:run:131][MDNSManager] in while i=0search socket closed =false

I/TVHelper-23367-T1(23367): [ConnectivityMgr.java:getCurrentConnectivity:134][11a5a980] current connectivity: WIFI

I/TVHelper-23367-T1(23367): [ConnectivityMgr.java:getIPAddress:152][11a5a980] hit, connectivity type: WIFI

I/TVHelper-23367-T1(23367): [ConnectivityMgr.java:getIPAddress:161][11a5a980] param: [sdk val: 1, interface name: wlan]

I/TVHelper-23367-T1(23367): [ConnectivityMgr.java:getIPAddress:184][11a5a980] network interface: [wlan0][23][/fe80::867a:88ff:fe7d:8fa3%wlan0%23][/10.15.84.16], found ip: 10.15.84.16

I/TVHelper-23367-T1(23367): [IdcTraversal.java:traverseLan:78][18f63fc5] ip: 10.15.84.16

D/libc    (23367): [NET] android_getaddrinfofornet+,hn 10(0x31302e31352e38),sn(),hints(known),family 0,flags 4

D/libc    (23367): [NET] android_getaddrinfofornet-, SUCCESS

I/TVHelper-23367-T1(23367): [UiLocalProjectionBu.java:onConnectivityChanged:73][cdw] onConnectivityChanged:WIFI

I/TVHelper-23367-T1(23367): [MutilMediaProfile.java:setNetAddress:70][MutilMediaProfile] net address:

I/TVHelper-23367-T1(23367): [MediaServer.java:<init>:22][15821163] MediaServer device created port 8192

I/TVHelper-23367-T1(23367): [MediaServer.java:<init>:32][15821163] MediaServer http port8192

I/TVHelper-23367-T1(23367): [ConnectivityMgr.java:getCurrentConnectivity:134][11a5a980] current connectivity: WIFI

I/TVHelper-23367-T1(23367): [ConnectivityMgr.java:getIPAddress:152][11a5a980] hit, connectivity type: WIFI

I/TVHelper-23367-T1(23367): [ConnectivityMgr.java:getIPAddress:161][11a5a980] param: [sdk val: 1, interface name: wlan]

I/TVHelper-23367-T1(23367): [ConnectivityMgr.java:getIPAddress:184][11a5a980] network interface: [wlan0][23][/fe80::867a:88ff:fe7d:8fa3%wlan0%23][/10.15.84.16], found ip: 10.15.84.16

I/TVHelper-23367-T1(23367): [MutilMediaProfile.java:setNetAddress:70][MutilMediaProfile] net address:10.15.84.16:8192

V/ProxyFactroy(23328): getInstance[base] successfully

D/agoo.ControlService(23328): [onHandleIntent] onHandleIntent [com.yunos.tvhelper][com.yunos.tvhelper.intent.action.COMMAND]

D/agoo.ControlService(23328): [onCommand] command --->[command_restart_sudo]

D/ElectionService(23328): getCurrentSudo,getCurrentSudo=com.yunos.tvhelper

D/ElectionService(23328): getAppInfo packFlagValue=9977412

I/agoo.ElectionService(23328): [getAppInfo]|[seq:checkPackage[pack:com.yunos.tvhelper][enabled]] ElectionService

D/agoo.ElectionService(23328): [getCurrentSudo] getCurrentSudo[currentSudo:com.yunos.tvhelper],tmpCurrentSudo=com.yunos.tvhelper

D/agoo.ControlService(23328): [startSudo] restart---->[currentSudoPack:com.yunos.tvhelper]:[start]

D/ControlService(23328): hasAgooSuperClass,tmpClazz.getName()=org.android.agoo.service.AgooService,AgooService.class.getName()=org.android.agoo.service.AgooService

D/agoo.ControlService(23328): [startSudo] enabledService---->[com.yunos.tvhelper/class com.taobao.agoo.PushService]

D/ElectionService(23328): getCurrentSudo,getCurrentSudo=com.yunos.tvhelper

D/ElectionService(23328): getAppInfo packFlagValue=9977412

I/agoo.ElectionService(23328): [getAppInfo]|[seq:checkPackage[pack:com.yunos.tvhelper][enabled]] ElectionService

D/agoo.ElectionService(23328): [getCurrentSudo] getCurrentSudo[currentSudo:com.yunos.tvhelper],tmpCurrentSudo=com.yunos.tvhelper

D/agoo.PushService(23328): [hasComeFromCock] hasComeFromCock[action==null]or[action!=com.yunos.tvhelper.intent.action.COCKROACH]

D/agoo.PushService(23328): [registerNotKill] registerNotKill--->[current-thread-name:se-service][action:com.yunos.tvhelper.intent.action.COCKROACH]

D/agoo.PushService(23328): [handleStartCommand] action handleStartCommand=[com.yunos.tvhelper.intent.action.START]

D/test    (23328): registrationId=AmxRZ_Afe25622rjOnf1SoaOe18AfCgukcvG3nE8P9kB,oldVersion=-966315119,newVersion=-966315119

I/TVHelper-23367-T1(23367): [UpdateChecker.java:onHttpResp:174][30bf2cd6] update info: status: needUpdate, url: http://tvappstore.aliapp.com/prod/apk/upgrade/tvhelper_3.1.12.apk, ver: 2100300112

I/TVHelper-23367-T1(23367): [UpdateChecker.java:onHttpResp:186][30bf2cd6] check update result: UPDATE_AVAILABLE

D/awcn    (23367):  receiver:android.net.conn.CONNECTIVITY_CHANGE

I/awcn    (23367):  info.isConnected()::true  info.isAvailable()::true

I/awcn    (23367):   Network detail:  status=WIFI type=other BSSID=1c:aa:07:f5:96:bf SSID="alibaba-inc"

D/NetworkMonitor(23367): NetworkMonitor.onReceive

V/NetInfoAdapter(23367): GET ConnectivityManager

V/NetInfoAdapter(23367): check connection states

V/NetInfoAdapter(23367): Network is connected

W/mtopsdk.XState(23367): [getValue]Attention :User XState Local Mode : key=AppBackground

V/NetInfoAdapter(23367): Connection type is WIFI

V/NetInfoAdapter(23367): Wifi connected

V/NetworkMonitor(23367): NetworkMonitor: connected net_type_wifi "alibaba-inc" 65Mbps

V/NetworkMonitor(23367): 16/12/2015,17:44:04,connected,net_type_wifi,"alibaba-inc",65Mbps,,,rmnet_smux0,,n/a,n/a

D/mtopsdk.XStateDelegate(23367): [onReceive]XState networkStateReceiver onReceive

D/mtopsdk.XStateDelegate(23367): [updateNetworkStatus]WIFI network 

D/mtopsdk.XStateDelegate(23367): [setValue]set  XstateID succeed,nq=WIFI

D/mtopsdk.XStateDelegate(23367): [setValue]set  XstateID succeed,netType=WIFI

D/mtopsdk.AsyncServiceBinder(23367): [onServiceConnected] Service connected for IXState

D/mtopsdk.XStateDelegate(23367): [setValue]set  XstateID succeed,utdid=Un2ZrtXBlHIDAIPxYN1Ug5rA

D/mtopsdk.XStateDelegate(23367): [setValue]set  XstateID succeed,deviceId=AmxRZ_Afe25622rjOnf1SoaOe18AfCgukcvG3nE8P9kB

D/mtopsdk.XStateDelegate(23367): [setValue]set  XstateID succeed,appKey=21563561

D/mtopsdk.XStateDelegate(23367): [setValue]set  XstateID succeed,sid=1c6b80d1eb4e075955d02319c17adbee

D/mtopsdk.XStateDelegate(23367): [setValue]set  XstateID succeed,ecode=bZLhF

D/mtopsdk.XStateDelegate(23367): [setValue]set  XstateID succeed,userId=36528720

D/libc    (23367): [NET] android_getaddrinfofornet+,hn 10(0x31302e31352e38),sn(),hints(known),family 0,flags 4

D/libc    (23367): [NET] android_getaddrinfofornet-, SUCCESS

I/PushMsgReceiveProcess(23367): PushMsgReceiveProcess_onReceive:[com.yunos.tvhelper.intent.action.COMMAND]

D/ProcessThirdParty(23367): command()[command_restart_sudo]

D/libc    (23367): [NET] android_getaddrinfofornet+,hn 10(0x31302e31352e38),sn(),hints(known),family 0,flags 4

D/libc    (23367): [NET] android_getaddrinfofornet-, SUCCESS

D/libc    (23367): [NET] android_getaddrinfofornet+,hn 10(0x31302e31352e38),sn(),hints(known),family 0,flags 4

D/libc    (23367): [NET] android_getaddrinfofornet-, SUCCESS

D/libc    (23367): [NET] android_getaddrinfofornet+,hn 10(0x31302e31352e38),sn(),hints(known),family 0,flags 4

D/libc    (23367): [NET] android_getaddrinfofornet-, SUCCESS

I/PushMsgReceiveProcess(23367): PushMsgReceiveProcess_onReceive:[com.yunos.tvhelper.intent.action.COMMAND]

D/ProcessThirdParty(23367): command()[unregister]

D/test    (23367): registrationId=AmxRZ_Afe25622rjOnf1SoaOe18AfCgukcvG3nE8P9kB,oldVersion=-966315119,newVersion=-966315119

E/ProcessThirdParty(23367): TaobaoRegister unregister failed!

V/ProxyFactroy(23328): getInstance[base] successfully

D/libc    (23367): [NET] android_getaddrinfofornet+,hn 10(0x31302e31352e38),sn(),hints(known),family 0,flags 4

D/libc    (23367): [NET] android_getaddrinfofornet-, SUCCESS

D/agoo.ControlService(23328): [onHandleIntent] onHandleIntent [com.yunos.tvhelper][com.yunos.tvhelper.intent.action.COMMAND]

D/agoo.ControlService(23328): [onCommand] command --->[unregister]

D/test    (23328): registrationId=AmxRZ_Afe25622rjOnf1SoaOe18AfCgukcvG3nE8P9kB,oldVersion=-966315119,newVersion=-966315119

D/ElectionService(23328): getCurrentSudo,getCurrentSudo=com.yunos.tvhelper

D/libc    (23367): [NET] android_getaddrinfofornet+,hn 10(0x31302e31352e38),sn(),hints(known),family 0,flags 4

D/libc    (23367): [NET] android_getaddrinfofornet-, SUCCESS

D/libc    (23367): [NET] android_getaddrinfofornet+,hn 10(0x31302e31352e38),sn(),hints(known),family 0,flags 4

D/libc    (23367): [NET] android_getaddrinfofornet-, SUCCESS

I/PushMsgReceiveProcess(23367): PushMsgReceiveProcess_onReceive:[com.yunos.tvhelper.intent.action.COMMAND]

D/ProcessThirdParty(23367): command()[register]

D/test    (23367): registrationId=AmxRZ_Afe25622rjOnf1SoaOe18AfCgukcvG3nE8P9kB,oldVersion=-966315119,newVersion=-966315119

D/ElectionService(23328): getAppInfo packFlagValue=9977412

D/test    (23367): registrationId=AmxRZ_Afe25622rjOnf1SoaOe18AfCgukcvG3nE8P9kB,oldVersion=-966315119,newVersion=-966315119

D/test    (23367): registrationId=AmxRZ_Afe25622rjOnf1SoaOe18AfCgukcvG3nE8P9kB,oldVersion=-966315119,newVersion=-966315119

D/libc    (23367): [NET] android_getaddrinfofornet+,hn 10(0x31302e31352e38),sn(),hints(known),family 0,flags 4

D/libc    (23367): [NET] android_getaddrinfofornet-, SUCCESS

D/libc    (23367): [NET] android_getaddrinfofornet+,hn 11(0x31302e31352e38),sn(),hints(known),family 0,flags 4

I/agoo.ElectionService(23328): [getAppInfo]|[seq:checkPackage[pack:com.yunos.tvhelper][enabled]] ElectionService

D/libc    (23367): [NET] android_getaddrinfofornet-, SUCCESS

D/agoo.ElectionService(23328): [getCurrentSudo] getCurrentSudo[currentSudo:com.yunos.tvhelper],tmpCurrentSudo=com.yunos.tvhelper

D/agoo.ControlService(23328): [handleUnRegister] handleUnRegister---->[currentPack:com.yunos.tvhelper][currentSudoPack:com.yunos.tvhelper]:[retryElection]

D/ControlService(23328): hasAgooSuperClass,tmpClazz.getName()=org.android.agoo.service.AgooService,AgooService.class.getName()=org.android.agoo.service.AgooService

D/agoo.ControlService(23328): [handleUnRegister] disableService---->[class com.taobao.agoo.PushService]

D/libc    (23367): [NET] android_getaddrinfofornet+,hn 11(0x31302e31352e38),sn(),hints(known),family 0,flags 4

D/libc    (23367): [NET] android_getaddrinfofornet-, SUCCESS

D/libc    (23367): [NET] android_getaddrinfofornet+,hn 11(0x31302e31352e38),sn(),hints(known),family 0,flags 4

D/libc    (23367): [NET] android_getaddrinfofornet-, SUCCESS

D/libc    (23367): [NET] android_getaddrinfofornet+,hn 11(0x31302e31352e38),sn(),hints(known),family 0,flags 4

D/libc    (23367): [NET] android_getaddrinfofornet-, SUCCESS

D/libc    (23367): [NET] android_getaddrinfofornet+,hn 11(0x31302e31352e38),sn(),hints(known),family 0,flags 4

D/libc    (23367): [NET] android_getaddrinfofornet-, SUCCESS

D/libc    (23367): [NET] android_getaddrinfofornet+,hn 11(0x31302e31352e38),sn(),hints(known),family 0,flags 4

D/libc    (23367): [NET] android_getaddrinfofornet-, SUCCESS

I/PackageManager(  967):  setEnabledSetting(), pkgName=com.yunos.tvhelper, clsName=com.taobao.agoo.PushService, state=2, flag=1, pid=23328, uid=10158, userID:0

D/libc    (23367): [NET] android_getaddrinfofornet+,hn 11(0x31302e31352e38),sn(),hints(known),family 0,flags 4

D/libc    (23367): [NET] android_getaddrinfofornet-, SUCCESS

D/libc    (23367): [NET] android_getaddrinfofornet+,hn 11(0x31302e31352e38),sn(),hints(known),family 0,flags 4

D/libc    (23367): [NET] android_getaddrinfofornet-, SUCCESS

D/libc    (23367): [NET] android_getaddrinfofornet+,hn 11(0x31302e31352e38),sn(),hints(known),family 0,flags 4

D/libc    (23367): [NET] android_getaddrinfofornet-, SUCCESS

D/libc    (23367): [NET] android_getaddrinfofornet+,hn 11(0x31302e31352e38),sn(),hints(known),family 0,flags 4

D/libc    (23367): [NET] android_getaddrinfofornet-, SUCCESS

D/libc    (23367): [NET] android_getaddrinfofornet+,hn 11(0x31302e31352e38),sn(),hints(known),family 0,flags 4

D/libc    (23367): [NET] android_getaddrinfofornet-, SUCCESS

D/libc    (23367): [NET] android_getaddrinfofornet+,hn 11(0x31302e31352e38),sn(),hints(known),family 0,flags 4

D/libc    (23367): [NET] android_getaddrinfofornet-, SUCCESS

D/libc    (23367): [NET] android_getaddrinfofornet+,hn 11(0x31302e31352e38),sn(),hints(known),family 0,flags 4

D/libc    (23367): [NET] android_getaddrinfofornet-, SUCCESS

D/libc    (23367): [NET] android_getaddrinfofornet+,hn 11(0x31302e31352e38),sn(),hints(known),family 0,flags 4

D/libc    (23367): [NET] android_getaddrinfofornet-, SUCCESS

D/libc    (23367): [NET] android_getaddrinfofornet+,hn 11(0x31302e31352e38),sn(),hints(known),family 0,flags 4

D/libc    (23367): [NET] android_getaddrinfofornet-, SUCCESS

D/libc    (23367): [NET] android_getaddrinfofornet+,hn 11(0x31302e31352e38),sn(),hints(known),family 0,flags 4

D/libc    (23367): [NET] android_getaddrinfofornet-, SUCCESS

D/libc    (23367): [NET] android_getaddrinfofornet+,hn 11(0x31302e31352e38),sn(),hints(known),family 0,flags 4

D/libc    (23367): [NET] android_getaddrinfofornet-, SUCCESS

D/libc    (23367): [NET] android_getaddrinfofornet+,hn 11(0x31302e31352e38),sn(),hints(known),family 0,flags 4

D/libc    (23367): [NET] android_getaddrinfofornet-, SUCCESS

D/libc    (23367): [NET] android_getaddrinfofornet+,hn 11(0x31302e31352e38),sn(),hints(known),family 0,flags 4

D/libc    (23367): [NET] android_getaddrinfofornet-, SUCCESS

D/libc    (23367): [NET] android_getaddrinfofornet+,hn 11(0x31302e31352e38),sn(),hints(known),family 0,flags 4

D/libc    (23367): [NET] android_getaddrinfofornet-, SUCCESS

D/libc    (23367): [NET] android_getaddrinfofornet+,hn 11(0x31302e31352e38),sn(),hints(known),family 0,flags 4

D/libc    (23367): [NET] android_getaddrinfofornet-, SUCCESS

D/libc    (23367): [NET] android_getaddrinfofornet+,hn 11(0x31302e31352e38),sn(),hints(known),family 0,flags 4

D/libc    (23367): [NET] android_getaddrinfofornet-, SUCCESS

D/libc    (23367): [NET] android_getaddrinfofornet+,hn 11(0x31302e31352e38),sn(),hints(known),family 0,flags 4

D/libc    (23367): [NET] android_getaddrinfofornet-, SUCCESS

D/libc    (23367): [NET] android_getaddrinfofornet+,hn 11(0x31302e31352e38),sn(),hints(known),family 0,flags 4

D/libc    (23367): [NET] android_getaddrinfofornet-, SUCCESS

D/libc    (23367): [NET] android_getaddrinfofornet+,hn 11(0x31302e31352e38),sn(),hints(known),family 0,flags 4

D/libc    (23367): [NET] android_getaddrinfofornet-, SUCCESS

D/libc    (23367): [NET] android_getaddrinfofornet+,hn 11(0x31302e31352e38),sn(),hints(known),family 0,flags 4

D/libc    (23367): [NET] android_getaddrinfofornet-, SUCCESS

D/libc    (23367): [NET] android_getaddrinfofornet+,hn 11(0x31302e31352e38),sn(),hints(known),family 0,flags 4

D/libc    (23367): [NET] android_getaddrinfofornet-, SUCCESS

D/libc    (23367): [NET] android_getaddrinfofornet+,hn 11(0x31302e31352e38),sn(),hints(known),family 0,flags 4

D/libc    (23367): [NET] android_getaddrinfofornet-, SUCCESS

D/libc    (23367): [NET] android_getaddrinfofornet+,hn 11(0x31302e31352e38),sn(),hints(known),family 0,flags 4

D/libc    (23367): [NET] android_getaddrinfofornet-, SUCCESS

D/libc    (23367): [NET] android_getaddrinfofornet+,hn 11(0x31302e31352e38),sn(),hints(known),family 0,flags 4

D/libc    (23367): [NET] android_getaddrinfofornet-, SUCCESS

D/libc    (23367): [NET] android_getaddrinfofornet+,hn 11(0x31302e31352e38),sn(),hints(known),family 0,flags 4

D/libc    (23367): [NET] android_getaddrinfofornet-, SUCCESS

D/libc    (23367): [NET] android_getaddrinfofornet+,hn 11(0x31302e31352e38),sn(),hints(known),family 0,flags 4

D/libc    (23367): [NET] android_getaddrinfofornet-, SUCCESS

D/libc    (23367): [NET] android_getaddrinfofornet+,hn 11(0x31302e31352e38),sn(),hints(known),family 0,flags 4

D/libc    (23367): [NET] android_getaddrinfofornet-, SUCCESS

D/libc    (23367): [NET] android_getaddrinfofornet+,hn 11(0x31302e31352e38),sn(),hints(known),family 0,flags 4

D/libc    (23367): [NET] android_getaddrinfofornet-, SUCCESS

D/libc    (23367): [NET] android_getaddrinfofornet+,hn 11(0x31302e31352e38),sn(),hints(known),family 0,flags 4

D/libc    (23367): [NET] android_getaddrinfofornet-, SUCCESS

D/libc    (23367): [NET] android_getaddrinfofornet+,hn 11(0x31302e31352e38),sn(),hints(known),family 0,flags 4

D/libc    (23367): [NET] android_getaddrinfofornet-, SUCCESS

D/libc    (23367): [NET] android_getaddrinfofornet+,hn 11(0x31302e31352e38),sn(),hints(known),family 0,flags 4

D/libc    (23367): [NET] android_getaddrinfofornet-, SUCCESS

D/libc    (23367): [NET] android_getaddrinfofornet+,hn 11(0x31302e31352e38),sn(),hints(known),family 0,flags 4

D/libc    (23367): [NET] android_getaddrinfofornet-, SUCCESS

D/libc    (23367): [NET] android_getaddrinfofornet+,hn 11(0x31302e31352e38),sn(),hints(known),family 0,flags 4

D/libc    (23367): [NET] android_getaddrinfofornet-, SUCCESS

D/libc    (23367): [NET] android_getaddrinfofornet+,hn 11(0x31302e31352e38),sn(),hints(known),family 0,flags 4

D/libc    (23367): [NET] android_getaddrinfofornet-, SUCCESS

D/libc    (23367): [NET] android_getaddrinfofornet+,hn 11(0x31302e31352e38),sn(),hints(known),family 0,flags 4

D/libc    (23367): [NET] android_getaddrinfofornet-, SUCCESS

D/libc    (23367): [NET] android_getaddrinfofornet+,hn 11(0x31302e31352e38),sn(),hints(known),family 0,flags 4

D/libc    (23367): [NET] android_getaddrinfofornet-, SUCCESS

D/libc    (23367): [NET] android_getaddrinfofornet+,hn 11(0x31302e31352e38),sn(),hints(known),family 0,flags 4

D/libc    (23367): [NET] android_getaddrinfofornet-, SUCCESS

D/libc    (23367): [NET] android_getaddrinfofornet+,hn 11(0x31302e31352e38),sn(),hints(known),family 0,flags 4

D/libc    (23367): [NET] android_getaddrinfofornet-, SUCCESS

D/libc    (23367): [NET] android_getaddrinfofornet+,hn 11(0x31302e31352e38),sn(),hints(known),family 0,flags 4

D/libc    (23367): [NET] android_getaddrinfofornet-, SUCCESS

D/libc    (23367): [NET] android_getaddrinfofornet+,hn 11(0x31302e31352e38),sn(),hints(known),family 0,flags 4

D/libc    (23367): [NET] android_getaddrinfofornet-, SUCCESS

D/libc    (23367): [NET] android_getaddrinfofornet+,hn 11(0x31302e31352e38),sn(),hints(known),family 0,flags 4

D/libc    (23367): [NET] android_getaddrinfofornet-, SUCCESS

D/libc    (23367): [NET] android_getaddrinfofornet+,hn 11(0x31302e31352e38),sn(),hints(known),family 0,flags 4

D/libc    (23367): [NET] android_getaddrinfofornet-, SUCCESS

D/libc    (23367): [NET] android_getaddrinfofornet+,hn 11(0x31302e31352e38),sn(),hints(known),family 0,flags 4

D/libc    (23367): [NET] android_getaddrinfofornet-, SUCCESS

D/libc    (23367): [NET] android_getaddrinfofornet+,hn 11(0x31302e31352e38),sn(),hints(known),family 0,flags 4

D/libc    (23367): [NET] android_getaddrinfofornet-, SUCCESS

D/libc    (23367): [NET] android_getaddrinfofornet+,hn 11(0x31302e31352e38),sn(),hints(known),family 0,flags 4

D/libc    (23367): [NET] android_getaddrinfofornet-, SUCCESS

D/libc    (23367): [NET] android_getaddrinfofornet+,hn 11(0x31302e31352e38),sn(),hints(known),family 0,flags 4

D/libc    (23367): [NET] android_getaddrinfofornet-, SUCCESS

D/libc    (23367): [NET] android_getaddrinfofornet+,hn 11(0x31302e31352e38),sn(),hints(known),family 0,flags 4

D/libc    (23367): [NET] android_getaddrinfofornet-, SUCCESS

D/libc    (23367): [NET] android_getaddrinfofornet+,hn 11(0x31302e31352e38),sn(),hints(known),family 0,flags 4

D/libc    (23367): [NET] android_getaddrinfofornet-, SUCCESS

D/libc    (23367): [NET] android_getaddrinfofornet+,hn 11(0x31302e31352e38),sn(),hints(known),family 0,flags 4

D/libc    (23367): [NET] android_getaddrinfofornet-, SUCCESS

D/libc    (23367): [NET] android_getaddrinfofornet+,hn 11(0x31302e31352e38),sn(),hints(known),family 0,flags 4

D/libc    (23367): [NET] android_getaddrinfofornet-, SUCCESS

D/libc    (23367): [NET] android_getaddrinfofornet+,hn 11(0x31302e31352e38),sn(),hints(known),family 0,flags 4

D/libc    (23367): [NET] android_getaddrinfofornet-, SUCCESS

D/libc    (23367): [NET] android_getaddrinfofornet+,hn 11(0x31302e31352e38),sn(),hints(known),family 0,flags 4

D/libc    (23367): [NET] android_getaddrinfofornet-, SUCCESS

D/libc    (23367): [NET] android_getaddrinfofornet+,hn 11(0x31302e31352e38),sn(),hints(known),family 0,flags 4

D/libc    (23367): [NET] android_getaddrinfofornet-, SUCCESS

D/libc    (23367): [NET] android_getaddrinfofornet+,hn 11(0x31302e31352e38),sn(),hints(known),family 0,flags 4

D/libc    (23367): [NET] android_getaddrinfofornet-, SUCCESS

D/libc    (23367): [NET] android_getaddrinfofornet+,hn 11(0x31302e31352e38),sn(),hints(known),family 0,flags 4

D/libc    (23367): [NET] android_getaddrinfofornet-, SUCCESS

D/libc    (23367): [NET] android_getaddrinfofornet+,hn 11(0x31302e31352e38),sn(),hints(known),family 0,flags 4

D/libc    (23367): [NET] android_getaddrinfofornet-, SUCCESS

D/libc    (23367): [NET] android_getaddrinfofornet+,hn 11(0x31302e31352e38),sn(),hints(known),family 0,flags 4

D/libc    (23367): [NET] android_getaddrinfofornet-, SUCCESS

D/libc    (23367): [NET] android_getaddrinfofornet+,hn 11(0x31302e31352e38),sn(),hints(known),family 0,flags 4

D/libc    (23367): [NET] android_getaddrinfofornet-, SUCCESS

D/libc    (23367): [NET] android_getaddrinfofornet+,hn 11(0x31302e31352e38),sn(),hints(known),family 0,flags 4

D/libc    (23367): [NET] android_getaddrinfofornet-, SUCCESS

D/libc    (23367): [NET] android_getaddrinfofornet+,hn 11(0x31302e31352e38),sn(),hints(known),family 0,flags 4

D/libc    (23367): [NET] android_getaddrinfofornet-, SUCCESS

D/libc    (23367): [NET] android_getaddrinfofornet+,hn 11(0x31302e31352e38),sn(),hints(known),family 0,flags 4

D/libc    (23367): [NET] android_getaddrinfofornet-, SUCCESS

